2018-05-11T06:12:44.646+0000: 4.267: [GC 440402K->4512K(13762560K), 0.0143860 secs]
2018-05-11T06:12:44.660+0000: 4.281: [Full GC 4512K->4280K(13762560K), 0.1075070 secs]
2018-05-11T06:13:11.485+0000: 31.106: [GC 5509304K->45427K(13762560K), 0.0565090 secs]
2018-05-11T06:14:02.008+0000: 81.629: [GC 5550451K->145104K(13762560K), 0.2085120 secs]
2018-05-11T06:29:26.858+0000: 1006.479: [GC 5650128K->262239K(13762560K), 0.4522270 secs]
2018-05-11T07:02:20.691+0000: 2980.311: [GC 5767263K->347193K(13762560K), 0.6133780 secs]
2018-05-11T07:12:44.770+0000: 3604.391: [GC 2990342K->357844K(13762560K), 0.5479610 secs]
2018-05-11T07:12:45.318+0000: 3604.939: [Full GC 357844K->354401K(13762560K), 1.9796170 secs]
2018-05-11T07:29:46.396+0000: 4626.016: [GC 5859425K->489178K(13762560K), 0.3981840 secs]
2018-05-11T07:51:03.988+0000: 5903.609: [GC 5994202K->552255K(14250752K), 0.5528170 secs]
2018-05-11T08:12:47.301+0000: 7206.921: [GC 6526066K->636789K(14225216K), 0.6658520 secs]
2018-05-11T08:12:47.967+0000: 7207.587: [Full GC 636789K->592357K(14225216K), 2.4975800 secs]
2018-05-11T08:27:20.256+0000: 8079.877: [GC 7048229K->787743K(14262080K), 0.5643370 secs]
2018-05-11T08:27:42.726+0000: 8102.347: [GC 7267487K->864493K(14237760K), 0.6993160 secs]
2018-05-11T08:27:59.836+0000: 8119.456: [GC 7344237K->863430K(14275008K), 0.6683210 secs]
2018-05-11T08:28:13.620+0000: 8133.241: [GC 7373958K->874856K(14255616K), 0.5470430 secs]
2018-05-11T08:28:27.304+0000: 8146.924: [GC 7385384K->884227K(14292032K), 0.5659440 secs]
2018-05-11T08:28:43.446+0000: 8163.067: [GC 7439555K->901557K(14283392K), 0.5203370 secs]
2018-05-11T08:28:59.970+0000: 8179.591: [GC 7456885K->915957K(14315200K), 0.6120370 secs]
2018-05-11T08:29:15.651+0000: 8195.271: [GC 7514293K->913715K(14303232K), 0.5367270 secs]
2018-05-11T08:29:30.127+0000: 8209.748: [GC 7512051K->929456K(14334976K), 0.5941390 secs]
2018-05-11T08:29:44.890+0000: 8224.510: [GC 7568560K->940734K(14324224K), 0.5741730 secs]
2018-05-11T08:30:03.439+0000: 8243.060: [GC 7579838K->947203K(14356480K), 0.6208530 secs]
2018-05-11T08:30:19.112+0000: 8258.732: [GC 7629507K->958243K(14345920K), 0.5732110 secs]
2018-05-11T08:30:33.955+0000: 8273.576: [GC 7640547K->973080K(14378368K), 0.5739410 secs]
2018-05-11T08:30:51.069+0000: 8290.690: [GC 7698648K->985742K(14367296K), 0.5507650 secs]
2018-05-11T08:31:07.968+0000: 8307.589: [GC 7711310K->983818K(14397952K), 0.5951080 secs]
2018-05-11T08:31:22.656+0000: 8322.276: [GC 7751114K->1004168K(14389440K), 0.5470230 secs]
2018-05-11T08:31:37.669+0000: 8337.289: [GC 7771464K->1005707K(14416832K), 0.5877540 secs]
2018-05-11T08:31:54.677+0000: 8354.298: [GC 7810699K->1021534K(14408256K), 0.5922630 secs]
2018-05-11T08:32:10.571+0000: 8370.192: [GC 7826526K->1025930K(14434816K), 0.4925560 secs]
2018-05-11T08:32:25.578+0000: 8385.199: [GC 7867146K->1037149K(14426496K), 0.5284120 secs]
2018-05-11T08:32:42.781+0000: 8402.402: [GC 7878365K->1045603K(14450816K), 0.5694800 secs]
2018-05-11T08:32:58.012+0000: 8417.632: [GC 7919587K->1056213K(14443264K), 0.5770030 secs]
2018-05-11T08:33:12.725+0000: 8432.345: [GC 7930197K->1075303K(14466944K), 0.6300270 secs]
2018-05-11T08:33:26.859+0000: 8446.480: [GC 7980519K->1075784K(14458368K), 0.5901050 secs]
2018-05-11T08:33:41.645+0000: 8461.266: [GC 7981000K->1098070K(14478848K), 0.6152620 secs]
2018-05-11T08:33:59.068+0000: 8478.689: [GC 8029846K->1104888K(14473024K), 0.5988250 secs]
2018-05-11T08:34:16.497+0000: 8496.117: [GC 8036664K->1122693K(14488832K), 0.6419990 secs]
2018-05-11T08:34:30.590+0000: 8510.211: [GC 8076869K->1129999K(14485440K), 0.5757030 secs]
2018-05-11T08:34:45.461+0000: 8525.082: [GC 8084175K->1134632K(14498112K), 0.5826490 secs]
2018-05-11T08:35:00.894+0000: 8540.515: [GC 8106600K->1145351K(14493952K), 0.5213000 secs]
2018-05-11T08:35:15.337+0000: 8554.957: [GC 8117319K->1154042K(14504704K), 0.5460360 secs]
2018-05-11T08:35:31.099+0000: 8570.720: [GC 8140218K->1158422K(14501568K), 0.5249790 secs]
2018-05-11T08:35:44.416+0000: 8584.037: [GC 8144598K->1175271K(14511104K), 0.5212380 secs]
2018-05-11T08:35:59.281+0000: 8598.901: [GC 8173543K->1186078K(14507264K), 0.5506570 secs]
2018-05-11T08:36:14.959+0000: 8614.580: [GC 8184350K->1191545K(14516672K), 0.5787250 secs]
2018-05-11T08:37:06.053+0000: 8665.673: [GC 8202489K->1200702K(14514368K), 0.5811120 secs]
2018-05-11T08:38:20.005+0000: 8739.626: [GC 8211646K->1194163K(14515264K), 0.5261760 secs]
2018-05-11T08:39:26.203+0000: 8805.823: [GC 8207923K->1200600K(14455424K), 0.4637370 secs]
2018-05-11T08:40:43.919+0000: 8883.540: [GC 8214360K->1213354K(14514752K), 0.4347740 secs]
2018-05-11T08:42:17.622+0000: 8977.242: [GC 8223914K->1234089K(14515328K), 0.5350820 secs]
2018-05-11T08:44:14.558+0000: 9094.178: [GC 8244649K->1250226K(14520000K), 0.5470870 secs]
2018-05-11T08:46:53.399+0000: 9253.019: [GC 8267762K->1264925K(14517632K), 0.5486940 secs]
2018-05-11T08:48:28.615+0000: 9348.236: [GC 8282461K->1310944K(14510464K), 0.7065770 secs]
2018-05-11T08:49:29.241+0000: 9408.861: [GC 8323808K->1358220K(14516480K), 0.7885080 secs]
2018-05-11T08:50:17.351+0000: 9456.972: [GC 8371084K->1389611K(14434816K), 0.8108980 secs]
2018-05-11T08:51:00.956+0000: 9500.576: [GC 8320811K->1416323K(14447744K), 0.8375650 secs]
2018-05-11T08:51:52.586+0000: 9552.206: [GC 8347523K->1426435K(14454848K), 0.7901480 secs]
2018-05-11T08:52:40.431+0000: 9600.052: [GC 8328707K->1427194K(14411200K), 0.8156210 secs]
2018-05-11T08:53:27.636+0000: 9647.256: [GC 8329466K->1437047K(14455424K), 0.8083990 secs]
2018-05-11T08:54:11.406+0000: 9691.026: [GC 8331767K->1446761K(14404928K), 0.8180460 secs]
2018-05-11T08:54:55.355+0000: 9734.975: [GC 8341481K->1455833K(14455680K), 0.7766990 secs]
2018-05-11T08:55:36.210+0000: 9775.831: [GC 8348377K->1455544K(14456320K), 0.6796190 secs]
2018-05-11T08:56:27.283+0000: 9826.904: [GC 8348088K->1471007K(14460800K), 0.8233680 secs]
2018-05-11T08:57:10.632+0000: 9870.253: [GC 8371935K->1470384K(14460224K), 0.7924940 secs]
2018-05-11T08:57:57.529+0000: 9917.150: [GC 8371312K->1474615K(14471424K), 0.7323660 secs]
2018-05-11T08:58:41.619+0000: 9961.239: [GC 8391799K->1487178K(14465856K), 0.7718130 secs]
2018-05-11T08:59:19.527+0000: 9999.148: [GC 8404362K->1483383K(14479232K), 0.7023930 secs]
2018-05-11T08:59:50.398+0000: 10030.019: [GC 8418295K->1486621K(14475776K), 0.6469400 secs]
2018-05-11T09:00:17.281+0000: 10056.902: [GC 8421533K->1487722K(14482048K), 0.5330920 secs]
2018-05-11T09:00:50.609+0000: 10090.229: [GC 8431018K->1500453K(14481344K), 0.5609880 secs]
2018-05-11T09:01:29.906+0000: 10129.527: [GC 8443749K->1519775K(14486976K), 0.6599810 secs]
2018-05-11T09:02:08.334+0000: 10167.955: [GC 8470239K->1531880K(14483584K), 0.6340710 secs]
2018-05-11T09:02:59.202+0000: 10218.822: [GC 8482344K->1556600K(14490944K), 0.6546010 secs]
2018-05-11T09:03:59.878+0000: 10279.499: [GC 8517944K->1584803K(14490496K), 0.6880870 secs]
2018-05-11T09:04:51.544+0000: 10331.164: [GC 8546147K->1598054K(14494848K), 0.7290470 secs]
2018-05-11T09:06:08.351+0000: 10407.971: [GC 8563814K->1630154K(14478144K), 0.7907810 secs]
2018-05-11T09:07:05.520+0000: 10465.140: [GC 8595914K->1665085K(14474240K), 0.9713600 secs]
2018-05-11T09:08:03.284+0000: 10522.905: [GC 8609469K->1671672K(14468160K), 0.9125250 secs]
2018-05-11T09:08:58.391+0000: 10578.011: [GC 8616056K->1674157K(14469376K), 0.8641510 secs]
2018-05-11T09:09:57.129+0000: 10636.750: [GC 8599585K->1687576K(14446912K), 0.8085980 secs]
2018-05-11T09:10:50.397+0000: 10690.018: [GC 8613016K->1699263K(14464640K), 0.8618030 secs]
2018-05-11T09:11:45.460+0000: 10745.081: [GC 8613567K->1707962K(14436224K), 0.9204320 secs]
2018-05-11T09:12:41.673+0000: 10801.293: [GC 8622153K->1715135K(14464000K), 0.8918970 secs]
2018-05-11T09:12:50.467+0000: 10810.087: [GC 2647412K->1568843K(14276288K), 0.1329420 secs]
2018-05-11T09:12:50.600+0000: 10810.221: [Full GC 1568843K->1002074K(14276288K), 4.3260910 secs]
2018-05-11T09:13:51.959+0000: 10871.580: [GC 7911642K->1190683K(14435904K), 0.9106250 secs]
2018-05-11T09:14:47.509+0000: 10927.130: [GC 8051995K->1201665K(14388032K), 0.8966790 secs]
2018-05-11T09:15:55.143+0000: 10994.763: [GC 8062977K->1206736K(14435648K), 0.8911190 secs]
2018-05-11T09:17:01.339+0000: 11060.960: [GC 8060368K->1234211K(14391104K), 0.8888910 secs]
2018-05-11T09:17:53.341+0000: 11112.962: [GC 8087843K->1261129K(14427904K), 0.8943710 secs]
2018-05-11T09:18:45.918+0000: 11165.539: [GC 8101065K->1273640K(14374912K), 0.9047190 secs]
2018-05-11T09:19:51.504+0000: 11231.124: [GC 8113576K->1282001K(14432256K), 0.8558250 secs]
2018-05-11T09:21:39.715+0000: 11339.335: [GC 8122705K->1313044K(14428544K), 0.7952110 secs]
2018-05-11T09:22:52.075+0000: 11411.695: [GC 8153748K->1405878K(14399232K), 0.9049840 secs]
2018-05-11T09:24:00.974+0000: 11480.595: [GC 8217270K->1413655K(14415744K), 0.9146720 secs]
2018-05-11T09:25:27.282+0000: 11566.903: [GC 8225047K->1433883K(14423936K), 0.8316690 secs]
2018-05-11T09:27:13.856+0000: 11673.476: [GC 8259483K->1451705K(14421760K), 0.7893180 secs]
2018-05-11T09:28:30.284+0000: 11749.904: [GC 8277305K->1496231K(14433216K), 0.8165680 secs]
2018-05-11T09:29:22.278+0000: 11801.899: [GC 8338087K->1539329K(14428736K), 0.8071600 secs]
2018-05-11T09:30:14.148+0000: 11853.768: [GC 8381185K->1566416K(14436096K), 0.8145770 secs]
2018-05-11T09:31:02.840+0000: 11902.460: [GC 8417424K->1591246K(14435008K), 0.8889710 secs]
2018-05-11T09:32:05.174+0000: 11964.795: [GC 8442254K->1616211K(14442432K), 0.9254320 secs]
2018-05-11T09:34:34.283+0000: 12113.904: [GC 8477843K->1642904K(14439296K), 0.7847610 secs]
2018-05-11T09:35:36.125+0000: 12175.745: [GC 8504536K->1698977K(14449152K), 0.7705990 secs]
2018-05-11T09:36:28.037+0000: 12227.658: [GC 8573281K->1730868K(14445248K), 0.8328190 secs]
2018-05-11T09:37:17.461+0000: 12277.082: [GC 8605172K->1757417K(14453440K), 0.8633350 secs]
2018-05-11T09:38:04.304+0000: 12323.924: [GC 8642537K->1774445K(14451776K), 0.7435380 secs]
2018-05-11T09:38:53.427+0000: 12373.048: [GC 8659565K->1799713K(14460224K), 0.9241280 secs]
2018-05-11T09:39:44.270+0000: 12423.891: [GC 8696801K->1827814K(14456960K), 0.9006120 secs]
2018-05-11T09:40:33.272+0000: 12472.893: [GC 8724902K->1853868K(14462464K), 0.7795900 secs]
2018-05-11T09:41:20.770+0000: 12520.390: [GC 8758060K->1874616K(14461824K), 0.8467420 secs]
2018-05-11T09:42:07.316+0000: 12566.937: [GC 8778808K->1886675K(14465280K), 0.7809990 secs]
2018-05-11T09:42:55.616+0000: 12615.237: [GC 8796179K->1917863K(14464320K), 0.8982320 secs]
2018-05-11T09:43:43.329+0000: 12662.950: [GC 8827367K->1938054K(14469696K), 0.9033180 secs]
2018-05-11T09:44:30.474+0000: 12710.095: [GC 8855174K->1959889K(14467520K), 0.8858850 secs]
2018-05-11T09:45:17.362+0000: 12756.983: [GC 8877009K->1982574K(14471744K), 0.7808450 secs]
2018-05-11T09:46:03.442+0000: 12803.063: [GC 8905646K->2002932K(14471424K), 0.9213270 secs]
2018-05-11T09:46:48.075+0000: 12847.695: [GC 8926004K->2020032K(14473984K), 0.8693880 secs]
2018-05-11T09:47:36.823+0000: 12896.444: [GC 8946944K->2047512K(14473024K), 0.7929210 secs]
2018-05-11T09:48:24.750+0000: 12944.371: [GC 8974424K->2067363K(14476736K), 0.7744340 secs]
2018-05-11T09:49:20.267+0000: 12999.888: [GC 8999523K->2086502K(14475520K), 0.9127680 secs]
2018-05-11T09:50:21.149+0000: 13060.769: [GC 9018662K->2114378K(14477760K), 0.8019800 secs]
2018-05-11T09:51:22.219+0000: 13121.840: [GC 9049674K->2144351K(14477632K), 0.7884060 secs]
2018-05-11T09:52:12.504+0000: 13172.124: [GC 9079647K->2170129K(14479104K), 0.8676280 secs]
2018-05-11T09:53:03.176+0000: 13222.796: [GC 9107153K->2198979K(14474432K), 0.8487460 secs]
2018-05-11T09:53:56.254+0000: 13275.874: [GC 9136003K->2221821K(14478592K), 0.8883020 secs]
2018-05-11T09:55:03.487+0000: 13343.107: [GC 9158077K->2244670K(14477760K), 0.7878210 secs]
2018-05-11T09:56:07.485+0000: 13407.106: [GC 9180926K->2278069K(14479360K), 0.8690590 secs]
2018-05-11T09:57:05.652+0000: 13465.272: [GC 9216693K->2310708K(14473856K), 0.8935540 secs]
2018-05-11T09:58:15.551+0000: 13535.172: [GC 9249332K->2337987K(14479808K), 0.8652590 secs]
2018-05-11T09:59:14.686+0000: 13594.307: [GC 9276675K->2374992K(14475520K), 0.9023540 secs]
2018-05-11T10:01:19.269+0000: 13718.889: [GC 9313680K->2393342K(14478528K), 0.7529280 secs]
2018-05-11T10:03:03.318+0000: 13822.939: [GC 9330686K->2452701K(14478720K), 0.8641870 secs]
2018-05-11T10:04:10.718+0000: 13890.339: [GC 9390045K->2505784K(14475904K), 0.8117740 secs]
2018-05-11T10:05:05.687+0000: 13945.308: [GC 9441208K->2535937K(14477760K), 0.8548630 secs]
2018-05-11T10:06:04.497+0000: 14004.118: [GC 9471361K->2562169K(14475776K), 0.9066050 secs]
2018-05-11T10:07:23.961+0000: 14083.582: [GC 9495673K->2590869K(14471040K), 0.8770050 secs]
2018-05-11T10:08:17.186+0000: 14136.806: [GC 9524373K->2621936K(14476992K), 0.9395500 secs]
2018-05-11T10:09:20.576+0000: 14200.196: [GC 9555184K->2651185K(14476352K), 0.9087950 secs]
2018-05-11T10:10:19.595+0000: 14259.216: [GC 9584433K->2676925K(14476928K), 0.8745250 secs]
2018-05-11T10:11:11.107+0000: 14310.728: [GC 9610237K->2709115K(14476480K), 0.8538260 secs]
2018-05-11T10:12:19.194+0000: 14378.814: [GC 9642427K->2735859K(14476416K), 0.9038210 secs]
2018-05-11T10:12:54.931+0000: 14414.552: [GC 6549476K->2679784K(14382848K), 0.5177380 secs]
2018-05-11T10:12:55.449+0000: 14415.070: [Full GC 2679784K->1112823K(14382848K), 4.2155030 secs]
2018-05-11T10:14:02.641+0000: 14482.261: [GC 8045687K->1308382K(14462336K), 0.8729960 secs]
2018-05-11T10:14:59.870+0000: 14539.491: [GC 8213470K->1340054K(14442624K), 0.8540120 secs]
2018-05-11T10:15:54.349+0000: 14593.970: [GC 8245142K->1362377K(14462400K), 0.7607830 secs]
2018-05-11T10:16:46.413+0000: 14646.034: [GC 8266569K->1388410K(14461888K), 0.9370010 secs]
2018-05-11T10:17:35.254+0000: 14694.874: [GC 8292602K->1411797K(14464192K), 0.8615800 secs]
2018-05-11T10:18:42.447+0000: 14762.067: [GC 8319253K->1436962K(14463360K), 0.8916930 secs]
2018-05-11T10:19:48.832+0000: 14828.453: [GC 8344418K->1460258K(14466176K), 0.9252340 secs]
2018-05-11T10:20:56.462+0000: 14896.083: [GC 8370146K->1471017K(14463808K), 0.9838900 secs]
2018-05-11T10:21:56.516+0000: 14956.137: [GC 8380905K->1477798K(14469632K), 0.9738330 secs]
2018-05-11T10:22:49.486+0000: 15009.107: [GC 8395302K->1485325K(14467968K), 0.9433630 secs]
2018-05-11T10:23:42.012+0000: 15061.633: [GC 8402829K->1490131K(14472768K), 0.9502590 secs]
2018-05-11T10:24:35.211+0000: 15114.832: [GC 8414099K->1499207K(14471296K), 0.8577560 secs]
2018-05-11T10:25:28.350+0000: 15167.971: [GC 8423175K->1522663K(14460544K), 0.9512240 secs]
2018-05-11T10:30:05.368+0000: 15444.989: [GC 8437479K->1484233K(14399296K), 0.6072970 secs]
2018-05-11T10:30:29.824+0000: 15469.445: [GC 8399049K->1474155K(14437824K), 0.4363500 secs]
2018-05-11T10:30:47.508+0000: 15487.129: [GC 8353259K->1488427K(14324992K), 0.4799960 secs]
2018-05-11T10:31:05.097+0000: 15504.718: [GC 8367531K->1497254K(14433152K), 0.5177890 secs]
2018-05-11T10:31:22.251+0000: 15521.871: [GC 8352678K->1502624K(14299328K), 0.4880510 secs]
2018-05-11T10:31:39.647+0000: 15539.268: [GC 8358048K->1506487K(14433216K), 0.4888890 secs]
2018-05-11T10:31:56.829+0000: 15556.449: [GC 8354743K->1515169K(14434176K), 0.4989590 secs]
2018-05-11T10:32:14.030+0000: 15573.651: [GC 8363425K->1516163K(14437504K), 0.4731310 secs]
2018-05-11T10:32:30.902+0000: 15590.523: [GC 8369347K->1524424K(14435776K), 0.4689320 secs]
2018-05-11T10:32:47.748+0000: 15607.369: [GC 8377608K->1532427K(14444544K), 0.4990850 secs]
2018-05-11T10:33:05.847+0000: 15625.467: [GC 8397515K->1533498K(14440640K), 0.4779740 secs]
2018-05-11T10:33:23.033+0000: 15642.654: [GC 8398586K->1541114K(14453248K), 0.5029790 secs]
2018-05-11T10:33:40.192+0000: 15659.813: [GC 8422586K->1545406K(14448320K), 0.4942080 secs]
2018-05-11T10:33:57.203+0000: 15676.824: [GC 8426878K->1545272K(14463104K), 0.4655540 secs]
2018-05-11T10:34:14.905+0000: 15694.526: [GC 8446648K->1551636K(14458368K), 0.4614990 secs]
2018-05-11T10:34:31.211+0000: 15710.832: [GC 8453012K->1556017K(14473280K), 0.4767740 secs]
2018-05-11T10:34:47.024+0000: 15726.644: [GC 8477489K->1558049K(14468288K), 0.4376960 secs]
2018-05-11T10:35:02.367+0000: 15741.988: [GC 8479521K->1556455K(14481664K), 0.4019400 secs]
2018-05-11T10:35:17.305+0000: 15756.925: [GC 8496039K->1567728K(14478016K), 0.4311530 secs]
2018-05-11T10:35:33.615+0000: 15773.236: [GC 8507312K->1571108K(14491904K), 0.4249110 secs]
2018-05-11T10:35:49.189+0000: 15788.809: [GC 8529828K->1564827K(14486912K), 0.3720810 secs]
2018-05-11T10:36:06.577+0000: 15806.198: [GC 8523547K->1587446K(14500928K), 0.4494930 secs]
2018-05-11T10:36:23.699+0000: 15823.320: [GC 8563126K->1594118K(14494848K), 0.4555910 secs]
2018-05-11T10:36:39.850+0000: 15839.470: [GC 8569798K->1608102K(14513344K), 0.4798610 secs]
2018-05-11T10:36:56.068+0000: 15855.688: [GC 8608102K->1612134K(14506752K), 0.4673090 secs]
2018-05-11T10:37:14.010+0000: 15873.630: [GC 8612134K->1616613K(14523328K), 0.4544940 secs]
2018-05-11T10:37:31.156+0000: 15890.777: [GC 8638629K->1631337K(14518784K), 0.4943500 secs]
2018-05-11T10:37:48.407+0000: 15908.028: [GC 8653353K->1641370K(14528960K), 0.5123350 secs]
2018-05-11T10:38:05.351+0000: 15924.971: [GC 8677274K->1646589K(14527040K), 0.5021510 secs]
2018-05-11T10:38:22.326+0000: 15941.946: [GC 8682493K->1651865K(14535232K), 0.4976610 secs]
2018-05-11T10:38:39.389+0000: 15959.010: [GC 8699097K->1656641K(14532096K), 0.5074600 secs]
2018-05-11T10:38:56.296+0000: 15975.917: [GC 8703873K->1660717K(14541248K), 0.5180330 secs]
2018-05-11T10:39:13.577+0000: 15993.198: [GC 8720109K->1662196K(14538240K), 0.4887650 secs]
2018-05-11T10:39:31.239+0000: 16010.859: [GC 8721588K->1672249K(14545792K), 0.5109400 secs]
2018-05-11T10:39:47.637+0000: 16027.257: [GC 8741943K->1676605K(14544000K), 0.5137550 secs]
2018-05-11T10:40:04.435+0000: 16044.056: [GC 8746301K->1681939K(14550848K), 0.4733810 secs]
2018-05-11T10:40:21.112+0000: 16060.733: [GC 8761107K->1686224K(14548416K), 0.4844540 secs]
2018-05-11T10:40:39.087+0000: 16078.707: [GC 8765392K->1688542K(14554560K), 0.4368100 secs]
2018-05-11T10:40:55.742+0000: 16095.363: [GC 8775966K->1697851K(14552960K), 0.4965050 secs]
2018-05-11T10:41:13.959+0000: 16113.580: [GC 8785275K->1700735K(14556864K), 0.4683130 secs]
2018-05-11T10:41:32.058+0000: 16131.679: [GC 8793471K->1700859K(14555968K), 0.4341710 secs]
2018-05-11T10:41:49.536+0000: 16149.157: [GC 8793595K->1716208K(14558272K), 0.4699990 secs]
2018-05-11T10:42:06.343+0000: 16165.964: [GC 8811184K->1721398K(14556800K), 0.4931330 secs]
2018-05-11T10:42:23.557+0000: 16183.178: [GC 8816374K->1729927K(14559616K), 0.4801920 secs]
2018-05-11T10:42:40.169+0000: 16199.790: [GC 8828807K->1732226K(14559360K), 0.4586100 secs]
2018-05-11T10:42:57.433+0000: 16217.054: [GC 8831106K->1746524K(14559872K), 0.4885590 secs]
2018-05-11T10:43:15.298+0000: 16234.918: [GC 8847196K->1754596K(14553984K), 0.5100930 secs]
2018-05-11T10:43:32.194+0000: 16251.815: [GC 8855268K->1752647K(14559936K), 0.4736900 secs]
2018-05-11T10:43:50.345+0000: 16269.966: [GC 8851783K->1756523K(14559296K), 0.4696110 secs]
2018-05-11T10:44:07.358+0000: 16286.978: [GC 8855659K->1770229K(14560000K), 0.5056960 secs]
2018-05-11T10:44:25.570+0000: 16305.190: [GC 8870517K->1770241K(14560192K), 0.4471340 secs]
2018-05-11T10:44:42.330+0000: 16321.951: [GC 8870529K->1794737K(14557568K), 0.5138630 secs]
2018-05-11T10:45:00.434+0000: 16340.055: [GC 8892721K->1812164K(14555392K), 0.4843750 secs]
2018-05-11T10:45:16.901+0000: 16356.522: [GC 8910148K->1822596K(14556096K), 0.5174650 secs]
2018-05-11T10:47:03.573+0000: 16463.193: [GC 8915204K->1881437K(14556352K), 0.7956790 secs]
2018-05-11T10:48:20.683+0000: 16540.303: [GC 8974045K->1869201K(14510400K), 0.4334760 secs]
2018-05-11T10:48:38.587+0000: 16558.208: [GC 8915857K->1877569K(14475968K), 0.4205800 secs]
2018-05-11T10:48:56.814+0000: 16576.434: [GC 8924225K->1893831K(14535104K), 0.4813460 secs]
2018-05-11T10:49:13.039+0000: 16592.660: [GC 8941703K->1887736K(14532864K), 0.4089690 secs]
2018-05-11T10:49:31.352+0000: 16610.973: [GC 8935608K->1886751K(14535232K), 0.3817340 secs]
2018-05-11T10:49:50.168+0000: 16629.789: [GC 8937375K->1894355K(14535360K), 0.3918420 secs]
2018-05-11T10:50:08.289+0000: 16647.909: [GC 8944979K->1898195K(14537664K), 0.3704660 secs]
2018-05-11T10:50:27.409+0000: 16667.029: [GC 8952211K->1906265K(14536448K), 0.3984900 secs]
2018-05-11T10:50:45.405+0000: 16685.026: [GC 8960281K->1912101K(14541824K), 0.3980750 secs]
2018-05-11T10:51:03.070+0000: 16702.690: [GC 8973669K->1931912K(14539840K), 0.4476090 secs]
2018-05-11T10:51:20.731+0000: 16720.352: [GC 8993480K->1937238K(14548032K), 0.4131300 secs]
2018-05-11T10:51:40.380+0000: 16740.001: [GC 9010454K->1933434K(14545280K), 0.3666840 secs]
2018-05-11T10:51:59.395+0000: 16759.016: [GC 9006650K->1950341K(14550080K), 0.3725500 secs]
2018-05-11T10:52:17.085+0000: 16776.706: [GC 9028549K->1975939K(14548224K), 0.4420580 secs]
2018-05-11T10:52:36.943+0000: 16796.564: [GC 9054147K->1971978K(14552384K), 0.3662230 secs]
2018-05-11T10:52:56.878+0000: 16816.499: [GC 9056522K->1978308K(14499392K), 0.3278290 secs]
2018-05-11T10:53:17.475+0000: 16837.095: [GC 9062852K->1988943K(14552768K), 0.3174910 secs]
2018-05-11T10:53:35.658+0000: 16855.278: [GC 9073807K->2016522K(14552192K), 0.4153750 secs]
2018-05-11T10:53:52.449+0000: 16872.069: [GC 9101386K->2031278K(14557056K), 0.4239670 secs]
2018-05-11T10:54:09.714+0000: 16889.335: [GC 9124142K->2042554K(14555904K), 0.4398310 secs]
2018-05-11T10:54:26.507+0000: 16906.127: [GC 9135418K->2053976K(14559040K), 0.4574300 secs]
2018-05-11T10:54:42.940+0000: 16922.561: [GC 9151128K->2067963K(14558208K), 0.4634380 secs]
2018-05-11T10:55:01.442+0000: 16941.062: [GC 9165115K->2065353K(14560512K), 0.3877600 secs]
2018-05-11T10:55:18.463+0000: 16958.084: [GC 9164297K->2084464K(14558528K), 0.4153950 secs]
2018-05-11T10:55:37.457+0000: 16977.078: [GC 9183408K->2092289K(14563072K), 0.4139540 secs]
2018-05-11T10:55:53.889+0000: 16993.509: [GC 9196929K->2116148K(14551488K), 0.5022130 secs]
2018-05-11T10:56:12.445+0000: 17012.066: [GC 9220788K->2128862K(14556544K), 0.4910110 secs]
2018-05-11T10:56:26.379+0000: 17026.000: [GC 9226078K->2135526K(14558656K), 0.4410390 secs]
2018-05-11T10:56:42.006+0000: 17041.627: [GC 9232742K->2151435K(14558848K), 0.4570800 secs]
2018-05-11T10:56:57.878+0000: 17057.499: [GC 9249547K->2161999K(14542656K), 0.4780760 secs]
2018-05-11T10:57:14.487+0000: 17074.107: [GC 9260111K->2174596K(14556928K), 0.4841640 secs]
2018-05-11T10:57:30.404+0000: 17090.025: [GC 9270404K->2182077K(14557952K), 0.4691820 secs]
2018-05-11T10:57:46.504+0000: 17106.124: [GC 9277885K->2192960K(14560064K), 0.4696210 secs]
2018-05-11T10:58:02.719+0000: 17122.339: [GC 9292032K->2201688K(14559104K), 0.4439540 secs]
2018-05-11T10:58:18.966+0000: 17138.587: [GC 9300760K->2214152K(14560832K), 0.4639110 secs]
2018-05-11T10:58:35.128+0000: 17154.748: [GC 9315656K->2225496K(14560768K), 0.4770420 secs]
2018-05-11T10:58:51.892+0000: 17171.513: [GC 9327000K->2234306K(14562048K), 0.4923210 secs]
2018-05-11T10:59:08.429+0000: 17188.050: [GC 9337282K->2246468K(14561024K), 0.4658230 secs]
2018-05-11T10:59:24.477+0000: 17204.098: [GC 9349444K->2256326K(14563392K), 0.4630460 secs]
2018-05-11T10:59:40.468+0000: 17220.088: [GC 9361926K->2267602K(14562304K), 0.4800630 secs]
2018-05-11T10:59:56.907+0000: 17236.528: [GC 9373202K->2283844K(14561664K), 0.4417100 secs]
2018-05-11T11:00:12.438+0000: 17252.058: [GC 9389380K->2304217K(14558912K), 0.4631690 secs]
2018-05-11T11:00:28.753+0000: 17268.374: [GC 9409753K->2322754K(14556416K), 0.4631270 secs]
2018-05-11T11:00:45.033+0000: 17284.654: [GC 9419458K->2344809K(14553152K), 0.3955210 secs]
2018-05-11T11:00:55.355+0000: 17294.976: [GC 9441513K->2342906K(14556096K), 0.2151880 secs]
2018-05-11T11:01:09.487+0000: 17309.108: [GC 9434746K->2365837K(14555840K), 0.4685540 secs]
2018-05-11T11:01:25.575+0000: 17325.195: [GC 9457677K->2382739K(14558528K), 0.4837970 secs]
2018-05-11T11:01:42.051+0000: 17341.671: [GC 9478995K->2390653K(14557824K), 0.4805390 secs]
2018-05-11T11:01:58.184+0000: 17357.805: [GC 9486909K->2398031K(14560832K), 0.4788930 secs]
2018-05-11T11:02:14.890+0000: 17374.511: [GC 9498703K->2407319K(14559936K), 0.4874840 secs]
2018-05-11T11:02:31.077+0000: 17390.697: [GC 9507991K->2409637K(14562368K), 0.4465460 secs]
2018-05-11T11:02:47.487+0000: 17407.108: [GC 9514085K->2416439K(14562176K), 0.4650120 secs]
2018-05-11T11:03:03.879+0000: 17423.500: [GC 9520887K->2420613K(14563520K), 0.4617560 secs]
2018-05-11T11:03:20.176+0000: 17439.797: [GC 9526917K->2423036K(14562880K), 0.4633590 secs]
2018-05-11T11:03:36.875+0000: 17456.496: [GC 9529340K->2428255K(14563968K), 0.4553290 secs]
2018-05-11T11:03:53.364+0000: 17472.984: [GC 9535839K->2431256K(14563712K), 0.4417230 secs]
2018-05-11T11:04:09.914+0000: 17489.535: [GC 9538840K->2437425K(14564672K), 0.4430060 secs]
2018-05-11T11:04:26.450+0000: 17506.071: [GC 9546161K->2444547K(14564160K), 0.4532230 secs]
2018-05-11T11:04:43.017+0000: 17522.637: [GC 9553283K->2450351K(14566336K), 0.4587850 secs]
2018-05-11T11:04:59.757+0000: 17539.377: [GC 9562095K->2454229K(14565504K), 0.4465820 secs]
2018-05-11T11:05:16.997+0000: 17556.617: [GC 9565973K->2460106K(14567360K), 0.4564130 secs]
2018-05-11T11:05:33.632+0000: 17573.252: [GC 9574026K->2466618K(14566656K), 0.4432660 secs]
2018-05-11T11:05:50.004+0000: 17589.624: [GC 9580538K->2471588K(14568960K), 0.4451600 secs]
2018-05-11T11:06:06.816+0000: 17606.437: [GC 9588580K->2479534K(14568128K), 0.4542130 secs]
2018-05-11T11:06:23.708+0000: 17623.329: [GC 9596526K->2485077K(14570752K), 0.4613840 secs]
2018-05-11T11:06:40.551+0000: 17640.172: [GC 9605781K->2491690K(14570048K), 0.4704370 secs]
2018-05-11T11:06:57.530+0000: 17657.151: [GC 9612394K->2493111K(14571904K), 0.4532250 secs]
2018-05-11T11:07:14.548+0000: 17674.169: [GC 9616695K->2499883K(14571776K), 0.4333110 secs]
2018-05-11T11:07:30.925+0000: 17690.546: [GC 9623467K->2509635K(14573440K), 0.4982710 secs]
2018-05-11T11:07:46.989+0000: 17706.609: [GC 9635523K->2518281K(14572544K), 0.4416520 secs]
2018-05-11T11:08:03.139+0000: 17722.760: [GC 9644169K->2525608K(14573184K), 0.4831680 secs]
2018-05-11T11:08:19.919+0000: 17739.539: [GC 9652264K->2527725K(14573376K), 0.4611310 secs]
2018-05-11T11:08:36.622+0000: 17756.243: [GC 9654381K->2533331K(14574784K), 0.4417430 secs]
2018-05-11T11:08:54.516+0000: 17774.136: [GC 9662035K->2543780K(14570944K), 0.4533370 secs]
2018-05-11T11:09:10.433+0000: 17790.054: [GC 9672484K->2543461K(14573760K), 0.4435740 secs]
2018-05-11T11:09:27.077+0000: 17806.698: [GC 9671013K->2550530K(14573824K), 0.4606170 secs]
2018-05-11T11:09:44.046+0000: 17823.667: [GC 9678082K->2553834K(14574336K), 0.4341120 secs]
2018-05-11T11:10:00.526+0000: 17840.147: [GC 9682346K->2561228K(14574272K), 0.3880350 secs]
2018-05-11T11:10:16.767+0000: 17856.388: [GC 9689740K->2571494K(14574400K), 0.4282280 secs]
2018-05-11T11:10:33.929+0000: 17873.550: [GC 9700710K->2570741K(14574656K), 0.3979640 secs]
2018-05-11T11:10:50.126+0000: 17889.747: [GC 9699957K->2579612K(14575296K), 0.4144850 secs]
2018-05-11T11:11:07.711+0000: 17907.331: [GC 9709724K->2584958K(14574912K), 0.4641610 secs]
2018-05-11T11:11:24.055+0000: 17923.675: [GC 9715070K->2593349K(14575360K), 0.4405420 secs]
2018-05-11T11:11:40.804+0000: 17940.425: [GC 9724613K->2595628K(14575680K), 0.4304280 secs]
2018-05-11T11:11:58.600+0000: 17958.221: [GC 9726892K->2598987K(14574912K), 0.4231850 secs]
2018-05-11T11:12:15.672+0000: 17975.292: [GC 9729483K->2612903K(14571264K), 0.4356320 secs]
2018-05-11T11:12:31.463+0000: 17991.084: [GC 9743399K->2620179K(14572992K), 0.4694990 secs]
2018-05-11T11:12:48.623+0000: 18008.244: [GC 9747603K->2621815K(14573760K), 0.4720100 secs]
2018-05-11T11:12:59.670+0000: 18019.290: [GC 7679573K->2600774K(14567552K), 0.3207590 secs]
2018-05-11T11:12:59.991+0000: 18019.611: [Full GC 2600774K->1284199K(14567552K), 4.6582990 secs]
2018-05-11T11:13:19.126+0000: 18038.747: [GC 8405735K->1378984K(14570816K), 0.4172610 secs]
2018-05-11T11:13:35.301+0000: 18054.922: [GC 8500520K->1389830K(14573248K), 0.4572320 secs]
2018-05-11T11:13:52.490+0000: 18072.110: [GC 8515206K->1389501K(14572224K), 0.4258420 secs]
2018-05-11T11:14:09.684+0000: 18089.305: [GC 8514877K->1398147K(14574784K), 0.4217960 secs]
2018-05-11T11:14:25.841+0000: 18105.462: [GC 8526531K->1408285K(14573696K), 0.4474380 secs]
2018-05-11T11:14:42.088+0000: 18121.709: [GC 8536669K->1414687K(14574272K), 0.4587200 secs]
2018-05-11T11:14:58.389+0000: 18138.010: [GC 8543903K->1418092K(14567296K), 0.4035580 secs]
2018-05-11T11:15:16.196+0000: 18155.817: [GC 8547308K->1418838K(14574976K), 0.3751280 secs]
2018-05-11T11:15:32.773+0000: 18172.394: [GC 8548310K->1436011K(14569664K), 0.4592940 secs]
2018-05-11T11:15:50.073+0000: 18189.693: [GC 8565483K->1437137K(14574656K), 0.4088000 secs]
2018-05-11T11:16:07.026+0000: 18206.647: [GC 8565777K->1451190K(14574080K), 0.4243070 secs]
2018-05-11T11:16:24.552+0000: 18224.173: [GC 8579830K->1463107K(14575552K), 0.4277080 secs]
2018-05-11T11:16:41.012+0000: 18240.632: [GC 8593411K->1483117K(14571904K), 0.4457280 secs]
2018-05-11T11:16:57.050+0000: 18256.670: [GC 8613421K->1506795K(14554688K), 0.4775010 secs]
2018-05-11T11:17:13.811+0000: 18273.431: [GC 8615659K->1521288K(14564480K), 0.4684780 secs]
2018-05-11T11:17:30.619+0000: 18290.239: [GC 8630152K->1549299K(14557312K), 0.5124830 secs]
2018-05-11T11:17:47.428+0000: 18307.049: [GC 8651891K->1546900K(14561344K), 0.4067580 secs]
2018-05-11T11:18:05.640+0000: 18325.261: [GC 8649492K->1557781K(14561344K), 0.4036840 secs]
2018-05-11T11:18:22.688+0000: 18342.308: [GC 8660885K->1571911K(14561600K), 0.3824700 secs]
2018-05-11T11:18:40.078+0000: 18359.699: [GC 8675015K->1584268K(14563072K), 0.4071410 secs]
2018-05-11T11:18:57.490+0000: 18377.111: [GC 8689612K->1604362K(14562368K), 0.4383990 secs]
2018-05-11T11:19:12.464+0000: 18392.085: [GC 8709706K->1613223K(14565312K), 0.4626860 secs]
2018-05-11T11:19:28.140+0000: 18407.761: [GC 8722023K->1625829K(14563584K), 0.4741670 secs]
2018-05-11T11:19:43.904+0000: 18423.524: [GC 8734629K->1633540K(14566272K), 0.4588260 secs]
2018-05-11T11:19:59.828+0000: 18439.449: [GC 8745284K->1642863K(14565568K), 0.4296570 secs]
2018-05-11T11:20:15.578+0000: 18455.198: [GC 8754607K->1656557K(14565248K), 0.4100990 secs]
2018-05-11T11:20:31.063+0000: 18470.684: [GC 8768749K->1661918K(14566144K), 0.3984700 secs]
2018-05-11T11:20:46.903+0000: 18486.524: [GC 8774110K->1680767K(14564544K), 0.3953980 secs]
2018-05-11T11:21:02.844+0000: 18502.464: [GC 8792703K->1692030K(14556480K), 0.4784860 secs]
2018-05-11T11:21:18.162+0000: 18517.783: [GC 8803966K->1700305K(14567104K), 0.4592410 secs]
2018-05-11T11:21:34.116+0000: 18533.736: [GC 8813073K->1712270K(14565760K), 0.4621150 secs]
2018-05-11T11:21:49.749+0000: 18549.370: [GC 8825038K->1731553K(14563776K), 0.4707970 secs]
2018-05-11T11:22:06.367+0000: 18565.988: [GC 8843233K->1751346K(14563968K), 0.5195700 secs]
2018-05-11T11:22:22.155+0000: 18581.775: [GC 8863026K->1768050K(14559488K), 0.5056600 secs]
2018-05-11T11:22:37.788+0000: 18597.408: [GC 8871410K->1783190K(14551104K), 0.4949130 secs]
2018-05-11T11:22:53.666+0000: 18613.286: [GC 8886550K->1798307K(14561088K), 0.4600020 secs]
2018-05-11T11:23:09.339+0000: 18628.960: [GC 8900899K->1811229K(14561344K), 0.5199090 secs]
2018-05-11T11:23:25.244+0000: 18644.865: [GC 8913821K->1822545K(14563072K), 0.4686710 secs]
2018-05-11T11:23:40.890+0000: 18660.511: [GC 8927313K->1836487K(14561792K), 0.4859010 secs]
2018-05-11T11:23:56.778+0000: 18676.398: [GC 8941255K->1849558K(14563520K), 0.5008000 secs]
2018-05-11T11:24:12.350+0000: 18691.970: [GC 8956438K->1855310K(14563456K), 0.4439210 secs]
2018-05-11T11:24:28.332+0000: 18707.953: [GC 8962190K->1861744K(14564864K), 0.4373230 secs]
2018-05-11T11:24:44.265+0000: 18723.886: [GC 8970736K->1866446K(14564224K), 0.4595630 secs]
2018-05-11T11:24:59.864+0000: 18739.485: [GC 8975438K->1870490K(14565440K), 0.4268180 secs]
2018-05-11T11:25:15.402+0000: 18755.023: [GC 8981018K->1877864K(14565184K), 0.4713060 secs]
2018-05-11T11:25:31.977+0000: 18771.598: [GC 8988392K->1883377K(14567232K), 0.4544960 secs]
2018-05-11T11:25:47.928+0000: 18787.549: [GC 8996977K->1886889K(14566464K), 0.4600810 secs]
2018-05-11T11:26:03.647+0000: 18803.268: [GC 9000489K->1892385K(14567808K), 0.4741240 secs]
2018-05-11T11:26:19.673+0000: 18819.293: [GC 9007457K->1894187K(14567360K), 0.4587160 secs]
2018-05-11T11:26:35.595+0000: 18835.216: [GC 9009259K->1901087K(14568064K), 0.4319340 secs]
2018-05-11T11:26:52.119+0000: 18851.740: [GC 9016671K->1905864K(14567616K), 0.4605240 secs]
2018-05-11T11:27:08.432+0000: 18868.052: [GC 9021448K->1911102K(14568384K), 0.4673990 secs]
2018-05-11T11:27:26.122+0000: 18885.743: [GC 9027518K->1915363K(14568128K), 0.4598390 secs]
2018-05-11T11:27:42.507+0000: 18902.127: [GC 9031779K->1922140K(14569216K), 0.4284560 secs]
2018-05-11T11:27:58.756+0000: 18918.377: [GC 9040028K->1926026K(14568768K), 0.4379440 secs]
2018-05-11T11:28:15.092+0000: 18934.713: [GC 9043914K->1933963K(14570176K), 0.4732010 secs]
2018-05-11T11:28:31.659+0000: 18951.280: [GC 9053387K->1938370K(14569344K), 0.4577710 secs]
2018-05-11T11:28:47.586+0000: 18967.207: [GC 9057794K->1940271K(14571520K), 0.4298330 secs]
2018-05-11T11:29:03.506+0000: 18983.126: [GC 9062831K->1945681K(14571136K), 0.4386090 secs]
2018-05-11T11:29:20.298+0000: 18999.918: [GC 9068241K->1946851K(14572544K), 0.4249980 secs]
2018-05-11T11:29:35.893+0000: 19015.513: [GC 9071651K->1956798K(14572352K), 0.4587500 secs]
2018-05-11T11:29:51.928+0000: 19031.549: [GC 9081598K->1955499K(14573184K), 0.4304040 secs]
2018-05-11T11:30:07.712+0000: 19047.333: [GC 9081707K->1965199K(14573120K), 0.4266520 secs]
2018-05-11T11:30:23.240+0000: 19062.861: [GC 9091407K->1967847K(14574336K), 0.4449770 secs]
2018-05-11T11:30:39.742+0000: 19079.363: [GC 9095655K->1973158K(14573568K), 0.4024800 secs]
2018-05-11T11:30:57.256+0000: 19096.877: [GC 9100966K->1985265K(14572352K), 0.4680550 secs]
2018-05-11T11:31:15.074+0000: 19114.695: [GC 9112561K->1981419K(14573696K), 0.4112180 secs]
2018-05-11T11:31:31.076+0000: 19130.696: [GC 9108715K->1994512K(14574528K), 0.4773270 secs]
2018-05-11T11:31:47.840+0000: 19147.461: [GC 9122640K->1999577K(14573696K), 0.4508780 secs]
2018-05-11T11:32:04.028+0000: 19163.649: [GC 9127705K->2001828K(14575168K), 0.4298200 secs]
2018-05-11T11:32:20.130+0000: 19179.751: [GC 9131940K->2006206K(14575040K), 0.4184510 secs]
2018-05-11T11:33:00.625+0000: 19220.246: [GC 9136318K->2061689K(14537856K), 0.7076490 secs]
2018-05-11T11:34:03.254+0000: 19282.874: [GC 9154937K->2162419K(14556672K), 0.9798630 secs]
2018-05-11T11:35:05.752+0000: 19345.373: [GC 9255667K->2246230K(14423552K), 0.8788330 secs]
2018-05-11T11:36:06.426+0000: 19406.046: [GC 9206358K->2324763K(14490112K), 0.8113210 secs]
2018-05-11T11:37:06.253+0000: 19465.874: [GC 9284891K->2333926K(14417152K), 0.8834130 secs]
2018-05-11T11:38:06.724+0000: 19526.344: [GC 9221094K->2340071K(14415552K), 0.9676410 secs]
2018-05-11T11:39:10.039+0000: 19589.660: [GC 9227239K->2351399K(14424128K), 0.9283230 secs]
2018-05-11T11:40:06.312+0000: 19645.933: [GC 9198631K->2356802K(14374976K), 0.8758180 secs]
2018-05-11T11:41:05.733+0000: 19705.354: [GC 9204034K->2365463K(14419520K), 0.9201450 secs]
2018-05-11T11:42:03.277+0000: 19762.898: [GC 9193239K->2372721K(14354176K), 0.9330080 secs]
2018-05-11T11:43:00.344+0000: 19819.965: [GC 9200497K->2382323K(14419328K), 0.9067280 secs]
2018-05-11T11:44:05.203+0000: 19884.824: [GC 9203827K->2390021K(14349120K), 0.9279870 secs]
2018-05-11T11:45:09.432+0000: 19949.052: [GC 9211525K->2401920K(14419392K), 0.7652270 secs]
2018-05-11T11:46:27.367+0000: 20026.988: [GC 9221888K->2420363K(14359744K), 0.8774150 secs]
2018-05-11T11:47:20.285+0000: 20079.905: [GC 9240331K->2450864K(14417088K), 0.9603570 secs]
2018-05-11T11:48:11.534+0000: 20131.155: [GC 9264816K->2471688K(14416960K), 0.9074170 secs]
2018-05-11T11:49:16.400+0000: 20196.021: [GC 9285640K->2493299K(14418944K), 0.7896070 secs]
2018-05-11T11:50:29.868+0000: 20269.489: [GC 9309811K->2524434K(14417664K), 0.8852110 secs]
2018-05-11T11:51:50.443+0000: 20350.063: [GC 9340946K->2555806K(14420672K), 0.8908450 secs]
2018-05-11T11:52:57.150+0000: 20416.770: [GC 9375646K->2591995K(14419264K), 0.9088280 secs]
2018-05-11T11:53:51.481+0000: 20471.102: [GC 9411835K->2622645K(14423488K), 0.8889530 secs]
2018-05-11T11:54:48.373+0000: 20527.994: [GC 9447733K->2649129K(14421696K), 0.9432430 secs]
2018-05-11T11:56:02.260+0000: 20601.880: [GC 9474217K->2668110K(14430336K), 0.8477590 secs]
2018-05-11T11:57:07.204+0000: 20666.824: [GC 9503118K->2693954K(14424768K), 0.9592520 secs]
2018-05-11T11:59:47.065+0000: 20826.685: [GC 9528962K->2697449K(14437952K), 0.9005460 secs]
2018-05-11T12:00:54.261+0000: 20893.882: [GC 9547625K->2724892K(14432320K), 0.9454460 secs]
2018-05-11T12:02:15.288+0000: 20974.909: [GC 9575068K->2741439K(14445312K), 0.9044540 secs]
2018-05-11T12:03:14.454+0000: 21034.074: [GC 9609407K->2764288K(14442752K), 0.9352240 secs]
2018-05-11T12:04:05.140+0000: 21084.761: [GC 9632256K->2781467K(14446912K), 0.9089480 secs]
2018-05-11T12:05:00.135+0000: 21139.755: [GC 9654363K->2786717K(14446080K), 0.8755370 secs]
2018-05-11T12:05:53.012+0000: 21192.632: [GC 9659613K->2795431K(14452672K), 0.9106860 secs]
2018-05-11T12:06:44.649+0000: 21244.270: [GC 9677543K->2808380K(14449536K), 0.9994190 secs]
2018-05-11T12:07:40.807+0000: 21300.428: [GC 9690492K->2809328K(14457408K), 1.0751000 secs]
2018-05-11T12:08:39.497+0000: 21359.118: [GC 9701168K->2820903K(14454528K), 0.9827700 secs]
2018-05-11T12:09:43.274+0000: 21422.895: [GC 9712743K->2830375K(14462784K), 1.0483920 secs]
2018-05-11T12:10:44.626+0000: 21484.247: [GC 9733543K->2845302K(14460480K), 0.9655960 secs]
2018-05-11T12:11:43.635+0000: 21543.256: [GC 9748470K->2854511K(14467328K), 0.9514810 secs]
2018-05-11T12:12:43.512+0000: 21603.132: [GC 9766831K->2866567K(14465088K), 0.8315640 secs]
2018-05-11T12:13:04.655+0000: 21624.275: [GC 5192499K->2752695K(14430592K), 0.3062050 secs]
2018-05-11T12:13:04.961+0000: 21624.582: [Full GC 2752695K->1269179K(14430592K), 4.3066410 secs]
2018-05-11T12:14:07.892+0000: 21687.512: [GC 8149051K->1456289K(14449984K), 0.8029840 secs]
2018-05-11T12:15:08.713+0000: 21748.334: [GC 8336161K->1469416K(14452096K), 0.8667640 secs]
2018-05-11T12:16:10.349+0000: 21809.970: [GC 8353064K->1486389K(14451648K), 0.8272230 secs]
2018-05-11T12:17:07.276+0000: 21866.896: [GC 8370037K->1497418K(14452992K), 0.9310660 secs]
2018-05-11T12:18:08.048+0000: 21927.669: [GC 8381962K->1510669K(14451648K), 0.9484550 secs]
2018-05-11T12:19:05.691+0000: 21985.312: [GC 8395213K->1519299K(14455872K), 0.8612200 secs]
2018-05-11T12:20:03.830+0000: 22043.451: [GC 8409283K->1535193K(14454208K), 0.7935890 secs]
2018-05-11T12:21:02.134+0000: 22101.755: [GC 8425177K->1545649K(14457664K), 0.8665580 secs]
2018-05-11T12:21:57.353+0000: 22156.974: [GC 8439409K->1556062K(14456192K), 0.8644160 secs]
2018-05-11T12:22:53.255+0000: 22212.876: [GC 8449822K->1571589K(14460864K), 0.9498800 secs]
2018-05-11T12:23:53.425+0000: 22273.046: [GC 8472325K->1583157K(14459968K), 0.8126480 secs]
2018-05-11T12:24:43.283+0000: 22322.904: [GC 8483893K->1592665K(14463744K), 0.9837340 secs]
2018-05-11T12:25:43.304+0000: 22382.924: [GC 8497177K->1603182K(14460864K), 0.9666630 secs]
2018-05-11T12:27:00.073+0000: 22459.693: [GC 8507694K->1617414K(14465600K), 0.8993020 secs]
2018-05-11T12:28:10.457+0000: 22530.078: [GC 8527686K->1645979K(14454336K), 0.8693090 secs]
2018-05-11T12:29:10.692+0000: 22590.312: [GC 8556251K->1671725K(14459712K), 0.9480690 secs]
2018-05-11T12:30:30.786+0000: 22670.407: [GC 8573741K->1702493K(14441344K), 0.7553310 secs]
2018-05-11T12:31:41.376+0000: 22740.997: [GC 8604509K->1739448K(14460288K), 0.8388880 secs]
2018-05-11T12:33:21.669+0000: 22841.290: [GC 8640440K->1770829K(14460544K), 0.8581870 secs]
2018-05-11T12:34:26.624+0000: 22906.245: [GC 8671821K->1817574K(14461376K), 0.9052160 secs]
2018-05-11T12:35:21.260+0000: 22960.881: [GC 8719590K->1850767K(14460736K), 0.9228340 secs]
2018-05-11T12:36:30.104+0000: 23029.725: [GC 8752783K->1882134K(14461056K), 0.9034370 secs]
2018-05-11T12:37:28.395+0000: 23088.016: [GC 8786070K->1911628K(14462016K), 0.9129720 secs]
2018-05-11T12:38:25.735+0000: 23145.356: [GC 8815564K->1940745K(14464768K), 0.9266030 secs]
2018-05-11T12:39:38.038+0000: 23217.658: [GC 8849609K->1971595K(14451584K), 0.9068420 secs]
2018-05-11T12:40:35.032+0000: 23274.652: [GC 8880459K->2003740K(14464320K), 0.8987970 secs]
2018-05-11T12:42:03.351+0000: 23362.972: [GC 8912028K->2027720K(14464064K), 0.8970650 secs]
2018-05-11T12:43:39.265+0000: 23458.885: [GC 8936008K->2066829K(14464640K), 0.8662600 secs]
2018-05-11T12:44:51.366+0000: 23530.987: [GC 8976653K->2110459K(14464960K), 0.8341570 secs]
2018-05-11T12:45:52.996+0000: 23592.616: [GC 9020283K->2142458K(14466880K), 0.8893090 secs]
2018-05-11T12:47:19.389+0000: 23679.009: [GC 9054906K->2177079K(14465664K), 0.9195460 secs]
2018-05-11T12:48:09.487+0000: 23729.108: [GC 9089527K->2209909K(14467264K), 0.9529620 secs]
2018-05-11T12:48:59.387+0000: 23779.008: [GC 9122933K->2236563K(14465856K), 0.8248610 secs]
2018-05-11T12:49:52.397+0000: 23832.018: [GC 9149587K->2264300K(14468288K), 0.9840560 secs]
2018-05-11T12:50:42.422+0000: 23882.043: [GC 9180524K->2288868K(14468032K), 0.7883240 secs]
2018-05-11T12:51:34.260+0000: 23933.881: [GC 9205092K->2313205K(14469568K), 0.8652740 secs]
2018-05-11T12:52:26.405+0000: 23986.026: [GC 9231221K->2338280K(14468544K), 0.9291940 secs]
2018-05-11T12:53:21.070+0000: 24040.690: [GC 9256296K->2363915K(14470272K), 0.9265380 secs]
2018-05-11T12:54:15.471+0000: 24095.092: [GC 9284107K->2393784K(14470016K), 0.8055300 secs]
2018-05-11T12:55:14.336+0000: 24153.957: [GC 9313976K->2410300K(14468736K), 0.8081540 secs]
2018-05-11T12:56:13.393+0000: 24213.013: [GC 9328956K->2420275K(14469376K), 0.9527680 secs]
2018-05-11T12:57:10.415+0000: 24270.036: [GC 9338931K->2429129K(14470016K), 0.9670470 secs]
2018-05-11T12:58:12.084+0000: 24331.705: [GC 9348425K->2439896K(14469376K), 0.9544320 secs]
2018-05-11T12:59:37.646+0000: 24417.267: [GC 9359192K->2462357K(14463872K), 0.9771780 secs]
2018-05-11T13:03:05.257+0000: 24624.878: [GC 9376405K->2376793K(14347968K), 0.4678810 secs]
2018-05-11T13:10:36.414+0000: 25076.034: [GC 9290841K->2430939K(14438272K), 0.5211550 secs]
2018-05-11T13:12:53.736+0000: 25213.357: [GC 9299803K->2406800K(14288448K), 0.2082390 secs]
2018-05-11T13:13:09.274+0000: 25228.895: [GC 4381011K->2363437K(14395904K), 0.1065920 secs]
2018-05-11T13:13:09.381+0000: 25229.001: [Full GC 2363437K->1142968K(14395904K), 3.7810510 secs]
2018-05-11T13:18:31.660+0000: 25551.280: [GC 7951160K->1270878K(14414144K), 0.4723250 secs]
2018-05-11T13:22:37.793+0000: 25797.414: [GC 8079070K->1331807K(14428608K), 0.7586340 secs]
2018-05-11T13:23:37.096+0000: 25856.716: [GC 8160543K->1383285K(14420224K), 0.9974720 secs]
2018-05-11T13:24:50.038+0000: 25929.659: [GC 8212021K->1391975K(14420928K), 0.9013280 secs]
2018-05-11T13:25:53.363+0000: 25992.984: [GC 8218215K->1402569K(14358720K), 0.8341790 secs]
2018-05-11T13:26:53.441+0000: 26053.062: [GC 8228809K->1412851K(14418304K), 0.9503830 secs]
2018-05-11T13:28:12.091+0000: 26131.712: [GC 8232179K->1423622K(14355968K), 0.9265080 secs]
2018-05-11T13:29:28.442+0000: 26208.062: [GC 8242950K->1447336K(14415552K), 0.8056280 secs]
2018-05-11T13:30:32.667+0000: 26272.288: [GC 8260904K->1479148K(14353920K), 0.8920850 secs]
2018-05-11T13:31:48.828+0000: 26348.449: [GC 8292716K->1502642K(14416896K), 0.9122520 secs]
2018-05-11T13:33:01.373+0000: 26420.993: [GC 8315186K->1537697K(14415744K), 0.9203980 secs]
2018-05-11T13:34:01.392+0000: 26481.013: [GC 8350241K->1567625K(14418880K), 0.8744000 secs]
2018-05-11T13:35:04.575+0000: 26544.196: [GC 8383433K->1592864K(14417024K), 0.9478270 secs]
2018-05-11T13:35:59.350+0000: 26598.971: [GC 8408672K->1621357K(14422848K), 0.9349080 secs]
2018-05-11T13:36:53.478+0000: 26653.099: [GC 8444909K->1645843K(14420800K), 0.8214330 secs]
2018-05-11T13:37:45.546+0000: 26705.167: [GC 8469395K->1672010K(14426496K), 0.9540390 secs]
2018-05-11T13:38:37.231+0000: 26756.852: [GC 8503498K->1694560K(14425088K), 0.9063610 secs]
2018-05-11T13:39:30.978+0000: 26810.599: [GC 8526048K->1711910K(14430080K), 0.9384090 secs]
2018-05-11T13:40:24.293+0000: 26863.914: [GC 8550630K->1719427K(14428736K), 0.9209410 secs]
2018-05-11T13:41:17.467+0000: 26917.088: [GC 8558147K->1726863K(14436224K), 1.0035780 secs]
2018-05-11T13:42:10.532+0000: 26970.153: [GC 8575823K->1734143K(14432832K), 0.9792190 secs]
2018-05-11T13:43:12.636+0000: 27032.256: [GC 8583103K->1739777K(14444800K), 0.9597340 secs]
2018-05-11T13:44:17.080+0000: 27096.701: [GC 8604865K->1753327K(14440384K), 0.9764820 secs]
2018-05-11T13:45:20.342+0000: 27159.963: [GC 8618415K->1761494K(14452480K), 0.8945270 secs]
2018-05-11T13:46:21.546+0000: 27221.167: [GC 8642710K->1768663K(14448832K), 0.9696490 secs]
2018-05-11T13:47:26.493+0000: 27286.113: [GC 8649879K->1779568K(14458944K), 0.9518350 secs]
2018-05-11T13:48:29.399+0000: 27349.019: [GC 8674480K->1790251K(14456064K), 0.9811640 secs]
2018-05-11T13:49:29.986+0000: 27409.607: [GC 8685163K->1797683K(14463872K), 0.9577540 secs]
2018-05-11T13:50:30.839+0000: 27470.459: [GC 8703027K->1807798K(14461568K), 0.8700030 secs]
2018-05-11T13:51:30.688+0000: 27530.309: [GC 8713142K->1819164K(14467392K), 0.9559360 secs]
2018-05-11T13:52:28.701+0000: 27588.322: [GC 8732700K->1827293K(14466240K), 0.9678860 secs]
2018-05-11T13:53:26.032+0000: 27645.653: [GC 8740829K->1839013K(14470208K), 0.8829760 secs]
2018-05-11T13:54:23.352+0000: 27702.972: [GC 8758117K->1845784K(14468992K), 0.9336270 secs]
2018-05-11T13:57:23.864+0000: 27883.484: [GC 8764888K->1833309K(14467264K), 0.8447990 secs]
2018-05-11T13:59:01.302+0000: 27980.922: [GC 8751965K->1866172K(14469376K), 0.9434860 secs]
2018-05-11T14:00:05.731+0000: 28045.352: [GC 8784828K->1880101K(14472384K), 0.5730820 secs]
2018-05-11T14:00:53.277+0000: 28092.898: [GC 8803173K->1864828K(14428480K), 0.8017380 secs]
2018-05-11T14:01:51.220+0000: 28150.841: [GC 8787900K->1906718K(14467392K), 0.9866410 secs]
2018-05-11T14:02:56.393+0000: 28216.014: [GC 8824094K->1912150K(14468736K), 0.8861600 secs]
2018-05-11T14:03:58.467+0000: 28278.087: [GC 8829526K->1924363K(14466560K), 0.8435640 secs]
2018-05-11T14:04:56.780+0000: 28336.400: [GC 8840075K->1931130K(14467904K), 1.0000380 secs]
2018-05-11T14:05:56.239+0000: 28395.860: [GC 8846842K->1937954K(14468992K), 0.9733540 secs]
2018-05-11T14:07:00.040+0000: 28459.661: [GC 8855010K->1949743K(14468160K), 0.9772070 secs]
2018-05-11T14:08:05.309+0000: 28524.930: [GC 8866799K->1955418K(14470464K), 0.9624680 secs]
2018-05-11T14:09:09.550+0000: 28589.171: [GC 8874906K->1964466K(14469120K), 0.9583610 secs]
2018-05-11T14:10:13.136+0000: 28652.757: [GC 8883954K->1973368K(14471808K), 0.8257960 secs]
2018-05-11T14:11:10.447+0000: 28710.068: [GC 8895992K->1989448K(14464704K), 0.8104710 secs]
2018-05-11T14:12:08.501+0000: 28768.122: [GC 8912072K->1991450K(14471360K), 0.9848720 secs]
2018-05-11T14:13:10.466+0000: 28830.087: [GC 8912410K->2000699K(14469696K), 0.9503650 secs]
2018-05-11T14:13:13.168+0000: 28832.788: [GC 2272100K->1830474K(14412736K), 0.0608170 secs]
2018-05-11T14:13:13.229+0000: 28832.849: [Full GC 1830474K->1139406K(14412736K), 3.8181370 secs]
2018-05-11T14:14:14.375+0000: 28893.996: [GC 8004942K->1331731K(14397952K), 0.9153390 secs]
2018-05-11T14:15:06.403+0000: 28946.024: [GC 8197267K->1322758K(14447744K), 0.7400500 secs]
2018-05-11T14:15:23.323+0000: 28962.943: [GC 8192838K->1272967K(14318016K), 0.4803920 secs]
2018-05-11T14:15:41.671+0000: 28981.292: [GC 8143047K->1284539K(14436736K), 0.5198630 secs]
2018-05-11T14:15:58.258+0000: 28997.879: [GC 8143035K->1283922K(14303808K), 0.5044310 secs]
2018-05-11T14:16:18.199+0000: 29017.820: [GC 8142418K->1292473K(14437568K), 0.5036460 secs]
2018-05-11T14:16:36.802+0000: 29036.422: [GC 8147129K->1287489K(14437184K), 0.4628550 secs]
2018-05-11T14:16:53.577+0000: 29053.197: [GC 8142145K->1296620K(14439488K), 0.4764790 secs]
2018-05-11T14:17:12.007+0000: 29071.627: [GC 8153388K->1303165K(14437376K), 0.4819710 secs]
2018-05-11T14:17:29.055+0000: 29088.676: [GC 8159933K->1308356K(14446528K), 0.4952670 secs]
2018-05-11T14:17:47.350+0000: 29106.970: [GC 8177476K->1316405K(14442688K), 0.4757260 secs]
2018-05-11T14:20:10.340+0000: 29249.960: [GC 8185525K->1332786K(14458624K), 0.4772050 secs]
2018-05-11T14:20:33.309+0000: 29272.929: [GC 8222706K->1330112K(14451392K), 0.4532960 secs]
2018-05-11T14:20:45.741+0000: 29285.362: [GC 8220032K->1322264K(14463872K), 0.3617250 secs]
2018-05-11T14:21:02.525+0000: 29302.145: [GC 8228312K->1346865K(14462272K), 0.4414390 secs]
2018-05-11T14:21:18.211+0000: 29317.832: [GC 8252913K->1347380K(14474624K), 0.4307960 secs]
2018-05-11T14:21:33.768+0000: 29333.388: [GC 8271604K->1348513K(14469696K), 0.4390290 secs]
2018-05-11T14:21:50.098+0000: 29349.718: [GC 8272737K->1355998K(14483776K), 0.4456460 secs]
2018-05-11T14:22:07.511+0000: 29367.132: [GC 8298526K->1358746K(14478848K), 0.4042310 secs]
2018-05-11T14:22:24.558+0000: 29384.179: [GC 8301274K->1366087K(14493312K), 0.4488460 secs]
2018-05-11T14:22:40.983+0000: 29400.604: [GC 8327495K->1369286K(14488192K), 0.4489160 secs]
2018-05-11T14:22:56.429+0000: 29416.049: [GC 8330694K->1376354K(14502848K), 0.4296700 secs]
2018-05-11T14:23:13.158+0000: 29432.779: [GC 8356834K->1378922K(14497728K), 0.4505520 secs]
2018-05-11T14:23:31.414+0000: 29451.034: [GC 8359402K->1384537K(14512000K), 0.4419250 secs]
2018-05-11T14:23:47.325+0000: 29466.946: [GC 8383897K->1388875K(14507456K), 0.4261880 secs]
2018-05-11T14:24:03.643+0000: 29483.264: [GC 8388235K->1399509K(14521088K), 0.4638490 secs]
2018-05-11T14:24:20.251+0000: 29499.872: [GC 8416789K->1400781K(14516288K), 0.4234090 secs]
2018-05-11T14:24:38.901+0000: 29518.522: [GC 8418061K->1407079K(14529088K), 0.4454840 secs]
2018-05-11T14:24:54.464+0000: 29534.085: [GC 8441255K->1411157K(14525184K), 0.4233300 secs]
2018-05-11T14:25:09.827+0000: 29549.448: [GC 8445333K->1420717K(14536640K), 0.4263450 secs]
2018-05-11T14:25:26.742+0000: 29566.363: [GC 8469933K->1421812K(14532672K), 0.4327100 secs]
2018-05-11T14:25:45.502+0000: 29585.122: [GC 8471028K->1432844K(14543936K), 0.4756510 secs]
2018-05-11T14:26:01.184+0000: 29600.805: [GC 8496588K->1434846K(14539904K), 0.4338700 secs]
2018-05-11T14:26:17.279+0000: 29616.900: [GC 8498590K->1444937K(14549632K), 0.4545240 secs]
2018-05-11T14:26:33.772+0000: 29633.393: [GC 8521225K->1450598K(14546752K), 0.4597700 secs]
2018-05-11T14:26:51.401+0000: 29651.022: [GC 8526886K->1454616K(14554688K), 0.4513250 secs]
2018-05-11T14:27:07.799+0000: 29667.420: [GC 8541656K->1466129K(14552448K), 0.4497040 secs]
2018-05-11T14:27:24.903+0000: 29684.524: [GC 8553169K->1467101K(14558976K), 0.4566580 secs]
2018-05-11T14:27:41.478+0000: 29701.099: [GC 8562973K->1471042K(14556992K), 0.4324060 secs]
2018-05-11T14:27:59.820+0000: 29719.440: [GC 8566914K->1483783K(14561600K), 0.4686370 secs]
2018-05-11T14:28:16.454+0000: 29736.075: [GC 8585863K->1486011K(14560576K), 0.4614870 secs]
2018-05-11T14:28:33.435+0000: 29753.055: [GC 8588091K->1483855K(14563072K), 0.3889770 secs]
2018-05-11T14:28:49.454+0000: 29769.075: [GC 8589775K->1503436K(14562944K), 0.4665840 secs]
2018-05-11T14:29:06.286+0000: 29785.907: [GC 8609356K->1509826K(14563840K), 0.4741180 secs]
2018-05-11T14:29:22.664+0000: 29802.285: [GC 8617282K->1514012K(14563712K), 0.4622390 secs]
2018-05-11T14:29:39.384+0000: 29819.004: [GC 8621468K->1515947K(14566848K), 0.4513320 secs]
2018-05-11T14:29:55.913+0000: 29835.533: [GC 8628267K->1520214K(14565568K), 0.3867150 secs]
2018-05-11T14:30:13.610+0000: 29853.231: [GC 8632534K->1537991K(14563904K), 0.4354320 secs]
2018-05-11T14:30:29.779+0000: 29869.400: [GC 8649671K->1538038K(14565888K), 0.4509320 secs]
2018-05-11T14:30:46.367+0000: 29885.988: [GC 8649718K->1545021K(14567936K), 0.4224810 secs]
2018-05-11T14:31:04.601+0000: 29904.222: [GC 8660029K->1548493K(14567168K), 0.4758560 secs]
2018-05-11T14:31:21.329+0000: 29920.950: [GC 8663501K->1545084K(14568896K), 0.4069020 secs]
2018-05-11T14:31:38.625+0000: 29938.245: [GC 8663164K->1556069K(14569088K), 0.4643590 secs]
2018-05-11T14:31:55.497+0000: 29955.118: [GC 8674149K->1558528K(14571136K), 0.4427270 secs]
2018-05-11T14:32:12.799+0000: 29972.420: [GC 8679936K->1566671K(14570368K), 0.4188780 secs]
2018-05-11T14:32:29.504+0000: 29989.125: [GC 8688079K->1573271K(14572928K), 0.4643500 secs]
2018-05-11T14:32:46.664+0000: 30006.285: [GC 8698135K->1580459K(14572032K), 0.4694740 secs]
2018-05-11T14:33:04.893+0000: 30024.514: [GC 8705323K->1584860K(14574336K), 0.4633800 secs]
2018-05-11T14:33:22.209+0000: 30041.830: [GC 8712732K->1576926K(14549760K), 0.3662250 secs]
2018-05-11T14:33:38.922+0000: 30058.543: [GC 8704798K->1598073K(14573248K), 0.4441430 secs]
2018-05-11T14:33:56.684+0000: 30076.305: [GC 8724025K->1595802K(14572800K), 0.3907560 secs]
2018-05-11T14:34:14.310+0000: 30093.931: [GC 8721754K->1613915K(14569856K), 0.4924070 secs]
2018-05-11T14:34:32.812+0000: 30112.432: [GC 8736987K->1617335K(14571584K), 0.4376280 secs]
2018-05-11T14:34:48.475+0000: 30128.096: [GC 8740407K->1627967K(14570304K), 0.4692860 secs]
2018-05-11T14:35:04.519+0000: 30144.139: [GC 8749887K->1632338K(14571008K), 0.4437660 secs]
2018-05-11T14:35:21.970+0000: 30161.591: [GC 8754258K->1638646K(14571648K), 0.4481000 secs]
2018-05-11T14:35:39.043+0000: 30178.664: [GC 8761462K->1643949K(14571264K), 0.4292790 secs]
2018-05-11T14:35:56.008+0000: 30195.628: [GC 8766765K->1659244K(14571072K), 0.4795350 secs]
2018-05-11T14:36:13.192+0000: 30212.812: [GC 8782572K->1669867K(14564288K), 0.4690910 secs]
2018-05-11T14:36:29.368+0000: 30228.989: [GC 8793195K->1685457K(14566272K), 0.4792500 secs]
2018-05-11T14:36:47.868+0000: 30247.489: [GC 8803025K->1684222K(14568832K), 0.4327900 secs]
2018-05-11T14:37:03.707+0000: 30263.327: [GC 8801790K->1705546K(14565760K), 0.4933550 secs]
2018-05-11T14:37:20.305+0000: 30279.926: [GC 8820682K->1710174K(14567616K), 0.4675830 secs]
2018-05-11T14:37:37.720+0000: 30297.341: [GC 8825310K->1719572K(14566272K), 0.4813030 secs]
2018-05-11T14:37:53.633+0000: 30313.254: [GC 8833556K->1725649K(14567040K), 0.4043660 secs]
2018-05-11T14:38:09.805+0000: 30329.426: [GC 8839633K->1732205K(14568448K), 0.4585310 secs]
2018-05-11T14:38:26.431+0000: 30346.052: [GC 8847789K->1736775K(14567232K), 0.4444460 secs]
2018-05-11T14:38:42.894+0000: 30362.515: [GC 8852359K->1744315K(14570304K), 0.4659360 secs]
2018-05-11T14:39:00.826+0000: 30380.447: [GC 8864123K->1752174K(14569600K), 0.4631980 secs]
2018-05-11T14:39:17.209+0000: 30396.830: [GC 8871982K->1756454K(14571584K), 0.4578230 secs]
2018-05-11T14:39:33.877+0000: 30413.498: [GC 8878822K->1757516K(14570880K), 0.4425250 secs]
2018-05-11T14:39:50.604+0000: 30430.225: [GC 8879884K->1763737K(14571712K), 0.4504950 secs]
2018-05-11T14:40:08.715+0000: 30448.336: [GC 8886873K->1764857K(14553984K), 0.3719220 secs]
2018-05-11T14:40:25.609+0000: 30465.230: [GC 8887993K->1774178K(14571456K), 0.3961780 secs]
2018-05-11T14:40:42.385+0000: 30482.006: [GC 8896802K->1779411K(14571264K), 0.4269820 secs]
2018-05-11T14:40:59.281+0000: 30498.902: [GC 8902035K->1785839K(14573056K), 0.4012910 secs]
2018-05-11T14:41:21.719+0000: 30521.339: [GC 8910959K->1812190K(14572160K), 0.5658340 secs]
2018-05-11T14:41:39.036+0000: 30538.657: [GC 8937310K->1810048K(14558976K), 0.4522700 secs]
2018-05-11T14:41:55.499+0000: 30555.119: [GC 8921088K->1812770K(14565568K), 0.4481350 secs]
2018-05-11T14:42:12.196+0000: 30571.817: [GC 8923810K->1815265K(14566400K), 0.4212210 secs]
2018-05-11T14:42:28.543+0000: 30588.164: [GC 8927713K->1831504K(14566144K), 0.5032930 secs]
2018-05-11T14:42:45.509+0000: 30605.129: [GC 8943952K->1827675K(14566976K), 0.4408350 secs]
2018-05-11T14:43:02.324+0000: 30621.945: [GC 8940955K->1838452K(14566400K), 0.4692910 secs]
2018-05-11T14:43:18.803+0000: 30638.424: [GC 8951732K->1840351K(14569344K), 0.4541570 secs]
2018-05-11T14:43:35.758+0000: 30655.379: [GC 8958111K->1845898K(14568512K), 0.4611030 secs]
2018-05-11T14:43:52.496+0000: 30672.117: [GC 8963658K->1850281K(14571328K), 0.4739140 secs]
2018-05-11T14:44:09.165+0000: 30688.786: [GC 8971753K->1856540K(14570240K), 0.4591330 secs]
2018-05-11T14:44:25.557+0000: 30705.177: [GC 8978012K->1860182K(14573120K), 0.4449250 secs]
2018-05-11T14:44:42.610+0000: 30722.231: [GC 8985622K->1863847K(14572416K), 0.4489610 secs]
2018-05-11T14:45:00.083+0000: 30739.703: [GC 8989287K->1873599K(14573632K), 0.4225640 secs]
2018-05-11T14:45:15.581+0000: 30755.202: [GC 9000511K->1880281K(14573376K), 0.4659430 secs]
2018-05-11T14:45:32.339+0000: 30771.959: [GC 9007193K->1884672K(14574912K), 0.4464000 secs]
2018-05-11T14:45:49.955+0000: 30789.575: [GC 9013632K->1893769K(14574144K), 0.4689760 secs]
2018-05-11T14:46:06.796+0000: 30806.417: [GC 9022729K->1893404K(14574848K), 0.4565840 secs]
2018-05-11T14:46:23.566+0000: 30823.186: [GC 9022748K->1901960K(14574592K), 0.4488350 secs]
2018-05-11T14:46:40.738+0000: 30840.359: [GC 9031304K->1904720K(14575744K), 0.4465920 secs]
2018-05-11T14:46:58.615+0000: 30858.235: [GC 9035984K->1913629K(14575616K), 0.4521010 secs]
2018-05-11T14:47:16.114+0000: 30875.735: [GC 9044893K->1918212K(14576320K), 0.4552590 secs]
2018-05-11T14:47:32.357+0000: 30891.978: [GC 9050308K->1926354K(14575872K), 0.4597830 secs]
2018-05-11T14:47:49.307+0000: 30908.928: [GC 9058450K->1927960K(14577024K), 0.4353550 secs]
2018-05-11T14:48:07.915+0000: 30927.536: [GC 9061720K->1935085K(14576832K), 0.4461960 secs]
2018-05-11T14:48:24.823+0000: 30944.444: [GC 9068845K->1944260K(14577920K), 0.4640880 secs]
2018-05-11T14:48:41.296+0000: 30960.917: [GC 9079620K->1946711K(14577536K), 0.4390460 secs]
2018-05-11T14:48:57.832+0000: 30977.453: [GC 9082071K->1953750K(14578624K), 0.4647900 secs]
2018-05-11T14:49:14.945+0000: 30994.566: [GC 9090518K->1955277K(14578240K), 0.4303730 secs]
2018-05-11T14:49:31.581+0000: 31011.201: [GC 9092045K->1958578K(14579008K), 0.4266520 secs]
2018-05-11T14:49:48.256+0000: 31027.877: [GC 9096306K->1965377K(14578816K), 0.4299870 secs]
2018-05-11T14:50:05.973+0000: 31045.594: [GC 9103105K->1973391K(14578240K), 0.4373380 secs]
2018-05-11T14:50:22.642+0000: 31062.262: [GC 9111055K->1972631K(14568448K), 0.3907050 secs]
2018-05-11T14:50:39.381+0000: 31079.002: [GC 9110295K->1982962K(14578752K), 0.3829470 secs]
2018-05-11T14:50:56.020+0000: 31095.640: [GC 9120242K->1987778K(14578624K), 0.4181970 secs]
2018-05-11T14:51:14.101+0000: 31113.721: [GC 9125058K->1992980K(14579648K), 0.3812740 secs]
2018-05-11T14:51:31.431+0000: 31131.051: [GC 9131668K->1994944K(14567360K), 0.3812540 secs]
2018-05-11T14:51:47.237+0000: 31146.858: [GC 9133632K->2008200K(14577152K), 0.4461400 secs]
2018-05-11T14:52:04.458+0000: 31164.079: [GC 9144328K->2006377K(14578112K), 0.4530220 secs]
2018-05-11T14:52:21.401+0000: 31181.021: [GC 9142505K->2012072K(14579008K), 0.4380890 secs]
2018-05-11T14:52:38.409+0000: 31198.030: [GC 9149352K->2023399K(14578176K), 0.3885790 secs]
2018-05-11T14:52:54.620+0000: 31214.241: [GC 9160679K->2038460K(14562688K), 0.4684890 secs]
2018-05-11T14:53:11.028+0000: 31230.648: [GC 9159228K->2044511K(14570432K), 0.4204360 secs]
2018-05-11T14:53:28.336+0000: 31247.957: [GC 9165279K->2057947K(14571584K), 0.4442870 secs]
2018-05-11T14:53:43.879+0000: 31263.500: [GC 9181019K->2057703K(14571584K), 0.4072650 secs]
2018-05-11T14:54:00.200+0000: 31279.821: [GC 9180775K->2066845K(14573056K), 0.4261540 secs]
2018-05-11T14:54:17.397+0000: 31297.017: [GC 9191901K->2072514K(14572096K), 0.4291030 secs]
2018-05-11T14:54:35.466+0000: 31315.086: [GC 9197570K->2077330K(14574272K), 0.4404410 secs]
2018-05-11T14:54:53.137+0000: 31332.758: [GC 9205266K->2084193K(14573760K), 0.4577230 secs]
2018-05-11T14:55:09.600+0000: 31349.220: [GC 9212129K->2091284K(14575552K), 0.4421550 secs]
2018-05-11T14:55:24.800+0000: 31364.420: [GC 9221780K->2095462K(14575040K), 0.3976240 secs]
2018-05-11T14:55:41.084+0000: 31380.705: [GC 9225958K->2099654K(14576256K), 0.4567060 secs]
2018-05-11T14:55:57.726+0000: 31397.347: [GC 9231878K->2107050K(14576064K), 0.4587770 secs]
2018-05-11T14:56:16.106+0000: 31415.727: [GC 9239274K->2113016K(14577024K), 0.4659810 secs]
2018-05-11T14:56:32.167+0000: 31431.788: [GC 9246456K->2116968K(14576512K), 0.4354420 secs]
2018-05-11T14:56:48.576+0000: 31448.197: [GC 9250408K->2122020K(14577536K), 0.4330400 secs]
2018-05-11T14:57:05.619+0000: 31465.240: [GC 9256868K->2127120K(14577408K), 0.4355740 secs]
2018-05-11T14:57:22.997+0000: 31482.618: [GC 9261968K->2133153K(14578240K), 0.4351580 secs]
2018-05-11T14:57:39.482+0000: 31499.103: [GC 9269025K->2140608K(14577728K), 0.4465290 secs]
2018-05-11T14:57:55.582+0000: 31515.203: [GC 9276480K->2146011K(14578688K), 0.4414370 secs]
2018-05-11T14:58:13.096+0000: 31532.717: [GC 9283419K->2152108K(14578752K), 0.4709710 secs]
2018-05-11T14:58:28.862+0000: 31548.483: [GC 9289516K->2158251K(14579392K), 0.4437830 secs]
2018-05-11T14:58:47.615+0000: 31567.236: [GC 9296811K->2162277K(14579264K), 0.4467400 secs]
2018-05-11T14:59:02.591+0000: 31582.212: [GC 9300837K->2172449K(14578752K), 0.4521420 secs]
2018-05-11T14:59:19.164+0000: 31598.784: [GC 9310497K->2177322K(14579072K), 0.4591750 secs]
2018-05-11T14:59:36.452+0000: 31616.073: [GC 9315370K->2187780K(14573056K), 0.4699800 secs]
2018-05-11T14:59:52.865+0000: 31632.486: [GC 9320324K->2189637K(14564608K), 0.3949160 secs]
2018-05-11T15:00:09.436+0000: 31649.057: [GC 9322181K->2202336K(14576704K), 0.4571830 secs]
2018-05-11T15:00:25.248+0000: 31664.869: [GC 9335200K->2204710K(14576256K), 0.4435950 secs]
2018-05-11T15:00:41.795+0000: 31681.416: [GC 9337574K->2215063K(14576384K), 0.4378250 secs]
2018-05-11T15:01:02.532+0000: 31702.153: [GC 9348503K->2221173K(14572416K), 0.4539170 secs]
2018-05-11T15:01:18.996+0000: 31718.616: [GC 9354613K->2231293K(14577152K), 0.4884610 secs]
2018-05-11T15:01:34.207+0000: 31733.827: [GC 9364861K->2232047K(14576512K), 0.4482580 secs]
2018-05-11T15:01:51.188+0000: 31750.808: [GC 9365615K->2239864K(14577664K), 0.4674700 secs]
2018-05-11T15:02:09.555+0000: 31769.176: [GC 9374584K->2251475K(14577152K), 0.5042300 secs]
2018-05-11T15:02:27.672+0000: 31787.293: [GC 9386195K->2246696K(14569600K), 0.4169070 secs]
2018-05-11T15:02:42.346+0000: 31801.966: [GC 9373352K->2255541K(14573376K), 0.4549500 secs]
2018-05-11T15:02:59.035+0000: 31818.656: [GC 9382197K->2270469K(14570560K), 0.4674360 secs]
2018-05-11T15:03:23.485+0000: 31843.106: [GC 9394565K->2294757K(14572096K), 0.5939850 secs]
2018-05-11T15:04:30.556+0000: 31910.177: [GC 9418853K->2399708K(14471744K), 1.0390000 secs]
2018-05-11T15:05:16.568+0000: 31956.188: [GC 9423452K->2472854K(14521920K), 0.7737610 secs]
2018-05-11T15:06:04.064+0000: 32003.685: [GC 9496598K->2490510K(14449216K), 0.8364780 secs]
2018-05-11T15:07:13.419+0000: 32073.040: [GC 9441550K->2534009K(14484160K), 0.9718700 secs]
2018-05-11T15:07:43.448+0000: 32103.069: [GC 9485049K->2476981K(14465216K), 0.6024060 secs]
2018-05-11T15:09:02.677+0000: 32182.298: [GC 9406261K->2554529K(14463680K), 0.9188180 secs]
2018-05-11T15:09:51.888+0000: 32231.509: [GC 9483809K->2527726K(14457280K), 0.3936180 secs]
2018-05-11T15:10:39.316+0000: 32278.937: [GC 9428590K->2571653K(14425664K), 0.9320750 secs]
2018-05-11T15:13:09.906+0000: 32429.526: [GC 9472517K->2494884K(14452928K), 0.4610240 secs]
2018-05-11T15:13:17.055+0000: 32436.675: [GC 3179908K->2431889K(14245760K), 0.1258960 secs]
2018-05-11T15:13:17.181+0000: 32436.802: [Full GC 2431889K->1134748K(14245760K), 3.9996000 secs]
2018-05-11T15:14:21.868+0000: 32501.488: [GC 8019100K->1327633K(14415360K), 0.8030010 secs]
2018-05-11T15:15:00.064+0000: 32539.684: [GC 8164625K->1272826K(14428544K), 0.5564240 secs]
2018-05-11T15:16:14.165+0000: 32613.785: [GC 8109818K->1350938K(14412928K), 0.9148930 secs]
2018-05-11T15:16:54.344+0000: 32653.965: [GC 8182938K->1291025K(14426048K), 0.5876220 secs]
2018-05-11T15:17:52.455+0000: 32712.075: [GC 8123025K->1366098K(14420480K), 0.8802790 secs]
2018-05-11T15:18:12.684+0000: 32732.305: [GC 8200786K->1288519K(14427392K), 0.4544820 secs]
2018-05-11T15:18:26.527+0000: 32746.148: [GC 8123207K->1288906K(14434496K), 0.3211960 secs]
2018-05-11T15:18:42.089+0000: 32761.709: [GC 8134538K->1292665K(14431232K), 0.4063600 secs]
2018-05-11T15:19:04.633+0000: 32784.254: [GC 8138297K->1304092K(14443520K), 0.4262080 secs]
2018-05-11T15:20:07.346+0000: 32846.967: [GC 8165724K->1418906K(14400960K), 0.9032620 secs]
2018-05-11T15:21:10.088+0000: 32909.709: [GC 8280538K->1427860K(14403840K), 0.8895330 secs]
2018-05-11T15:22:12.464+0000: 32972.084: [GC 8238996K->1430750K(14344320K), 0.9695610 secs]
2018-05-11T15:25:05.403+0000: 33145.024: [GC 8241886K->1419299K(14409984K), 0.7909430 secs]
2018-05-11T15:26:10.288+0000: 33209.908: [GC 8217443K->1446404K(14327424K), 0.9535280 secs]
2018-05-11T15:27:11.025+0000: 33270.646: [GC 8244548K->1455383K(14403328K), 0.9266580 secs]
2018-05-11T15:28:17.295+0000: 33336.916: [GC 8245527K->1463138K(14319232K), 0.9336420 secs]
2018-05-11T15:29:15.298+0000: 33394.918: [GC 8253282K->1474983K(14404736K), 0.9512520 secs]
2018-05-11T15:30:16.663+0000: 33456.284: [GC 8264359K->1478616K(14404736K), 0.8471500 secs]
2018-05-11T15:31:19.389+0000: 33519.010: [GC 8267992K->1488460K(14409472K), 0.8794850 secs]
2018-05-11T15:32:24.503+0000: 33584.124: [GC 8285068K->1498845K(14407232K), 0.8444340 secs]
2018-05-11T15:33:27.424+0000: 33647.045: [GC 8295453K->1509713K(14414144K), 0.8970310 secs]
2018-05-11T15:34:28.040+0000: 33707.661: [GC 8315985K->1520020K(14412224K), 0.9076360 secs]
2018-05-11T15:35:24.389+0000: 33764.010: [GC 8326292K->1529882K(14417408K), 0.9089940 secs]
2018-05-11T15:36:25.238+0000: 33824.859: [GC 8343194K->1534622K(14416000K), 0.9358570 secs]
2018-05-11T15:37:32.621+0000: 33892.242: [GC 8347934K->1545483K(14423552K), 0.9726540 secs]
2018-05-11T15:38:28.678+0000: 33948.299: [GC 8369675K->1554251K(14420736K), 0.9790490 secs]
2018-05-11T15:39:32.243+0000: 34011.864: [GC 8378443K->1564114K(14428608K), 0.9473030 secs]
2018-05-11T15:40:38.882+0000: 34078.503: [GC 8398802K->1566641K(14426176K), 0.8692970 secs]
2018-05-11T15:41:51.075+0000: 34150.696: [GC 8401329K->1573378K(14436480K), 0.9813630 secs]
2018-05-11T15:42:55.953+0000: 34215.573: [GC 8422658K->1588060K(14432896K), 0.9890370 secs]
2018-05-11T15:43:54.721+0000: 34274.342: [GC 8437340K->1591975K(14440768K), 0.9689170 secs]
2018-05-11T15:44:59.347+0000: 34338.968: [GC 8450471K->1599533K(14437824K), 0.8897110 secs]
2018-05-11T15:46:00.390+0000: 34400.011: [GC 8458029K->1604666K(14446592K), 0.9688850 secs]
2018-05-11T15:47:02.378+0000: 34461.999: [GC 8474490K->1615922K(14443328K), 1.0031230 secs]
2018-05-11T15:48:04.303+0000: 34523.924: [GC 8485746K->1619763K(14452096K), 0.9734420 secs]
2018-05-11T15:49:13.353+0000: 34592.974: [GC 8500019K->1632210K(14448256K), 0.9635940 secs]
2018-05-11T15:50:15.013+0000: 34654.634: [GC 8512466K->1642925K(14455808K), 0.8148150 secs]
2018-05-11T15:51:21.373+0000: 34720.994: [GC 8532205K->1653905K(14453568K), 0.9078110 secs]
2018-05-11T15:52:21.098+0000: 34780.719: [GC 8543185K->1667150K(14457984K), 0.8560630 secs]
2018-05-11T15:53:39.295+0000: 34858.916: [GC 8561934K->1682706K(14456896K), 0.9709140 secs]
2018-05-11T15:54:40.089+0000: 34919.710: [GC 8577490K->1693607K(14459072K), 0.9006220 secs]
2018-05-11T15:55:43.526+0000: 34983.147: [GC 8590567K->1704113K(14457984K), 0.8770080 secs]
2018-05-11T15:56:41.302+0000: 35040.923: [GC 8601073K->1712308K(14460160K), 0.9795210 secs]
2018-05-11T15:57:39.051+0000: 35098.671: [GC 8611188K->1724281K(14458816K), 0.8547910 secs]
2018-05-11T15:58:35.395+0000: 35155.015: [GC 8623161K->1734586K(14461184K), 0.9008150 secs]
2018-05-11T15:59:42.263+0000: 35221.884: [GC 8636410K->1747358K(14460736K), 0.9816040 secs]
2018-05-11T16:00:37.323+0000: 35276.943: [GC 8649182K->1753119K(14465024K), 0.8878400 secs]
2018-05-11T16:01:41.196+0000: 35340.817: [GC 8660703K->1759711K(14462656K), 0.9773260 secs]
2018-05-11T16:02:41.202+0000: 35400.823: [GC 8667295K->1768450K(14468544K), 0.9629710 secs]
2018-05-11T16:03:47.118+0000: 35466.739: [GC 8683842K->1776606K(14466944K), 0.9732920 secs]
2018-05-11T16:04:51.184+0000: 35530.805: [GC 8691998K->1785822K(14471744K), 0.8836810 secs]
2018-05-11T16:05:57.549+0000: 35597.170: [GC 8707742K->1793973K(14470272K), 0.9434150 secs]
2018-05-11T16:07:05.988+0000: 35665.609: [GC 8715893K->1806048K(14473984K), 0.9005000 secs]
2018-05-11T16:08:56.494+0000: 35776.114: [GC 8732640K->1811476K(14472704K), 0.9021820 secs]
2018-05-11T16:13:21.187+0000: 36040.808: [GC 6385050K->1733373K(14443520K), 0.4109310 secs]
2018-05-11T16:13:21.598+0000: 36041.219: [Full GC 1733373K->952122K(14443520K), 3.4119630 secs]
2018-05-11T16:19:39.222+0000: 36418.842: [GC 7849914K->1087303K(14373056K), 0.5554850 secs]
2018-05-11T16:25:49.421+0000: 36789.042: [GC 7985095K->1129311K(14453312K), 0.6485860 secs]
2018-05-11T16:31:53.121+0000: 37152.742: [GC 8017375K->1166002K(14454080K), 0.6334240 secs]
2018-05-11T16:35:00.352+0000: 37339.973: [GC 8054066K->1230939K(14460416K), 0.8343520 secs]
2018-05-11T16:35:22.710+0000: 37362.331: [GC 8126427K->1175878K(14334848K), 0.4102540 secs]
2018-05-11T16:35:40.623+0000: 37380.243: [GC 8071366K->1187807K(14444800K), 0.5068520 secs]
2018-05-11T16:36:03.389+0000: 37403.010: [GC 8065375K->1205542K(14448832K), 0.3711360 secs]
2018-05-11T16:36:17.282+0000: 37416.903: [GC 8083110K->1186422K(14441664K), 0.4017740 secs]
2018-05-11T16:36:32.447+0000: 37432.068: [GC 8057078K->1201728K(14306048K), 0.4423540 secs]
2018-05-11T16:36:49.651+0000: 37449.272: [GC 8072384K->1209415K(14446848K), 0.5015390 secs]
2018-05-11T16:37:06.694+0000: 37466.315: [GC 8081351K->1205837K(14445184K), 0.4243310 secs]
2018-05-11T16:37:24.317+0000: 37483.938: [GC 8077773K->1224925K(14452672K), 0.4607760 secs]
2018-05-11T16:37:42.301+0000: 37501.922: [GC 8105373K->1225687K(14447872K), 0.4389790 secs]
2018-05-11T16:37:57.442+0000: 37517.062: [GC 8106135K->1230713K(14459840K), 0.4371360 secs]
2018-05-11T16:38:15.910+0000: 37535.531: [GC 8126393K->1238704K(14455936K), 0.4383200 secs]
2018-05-11T16:38:30.377+0000: 37549.998: [GC 8134384K->1239982K(14469376K), 0.4121510 secs]
2018-05-11T16:38:46.863+0000: 37566.484: [GC 8154094K->1251255K(14464832K), 0.4565590 secs]
2018-05-11T16:39:03.389+0000: 37583.010: [GC 8165367K->1253205K(14480448K), 0.4285090 secs]
2018-05-11T16:39:20.162+0000: 37599.783: [GC 8188821K->1258158K(14475264K), 0.4396470 secs]
2018-05-11T16:39:37.180+0000: 37616.800: [GC 8193774K->1261057K(14490432K), 0.4342020 secs]
2018-05-11T16:39:53.597+0000: 37633.218: [GC 8217089K->1272158K(14485696K), 0.4545000 secs]
2018-05-11T16:40:09.406+0000: 37649.027: [GC 8228190K->1279701K(14501888K), 0.4138550 secs]
2018-05-11T16:40:26.366+0000: 37665.986: [GC 8257685K->1284414K(14496192K), 0.4123100 secs]
2018-05-11T16:40:42.046+0000: 37681.667: [GC 8262398K->1287247K(14511488K), 0.4003250 secs]
2018-05-11T16:41:03.234+0000: 37702.855: [GC 8285711K->1297404K(14507072K), 0.4559630 secs]
2018-05-11T16:41:21.982+0000: 37721.602: [GC 8295868K->1298620K(14521024K), 0.4184960 secs]
2018-05-11T16:41:36.280+0000: 37735.900: [GC 8316476K->1303714K(14516928K), 0.4531850 secs]
2018-05-11T16:41:53.964+0000: 37753.584: [GC 8321570K->1314565K(14529920K), 0.4453630 secs]
2018-05-11T16:42:08.435+0000: 37768.055: [GC 8349381K->1311104K(14524992K), 0.3812810 secs]
2018-05-11T16:42:24.285+0000: 37783.905: [GC 8345920K->1321751K(14537152K), 0.4629540 secs]
2018-05-11T16:42:40.676+0000: 37800.297: [GC 8371799K->1325024K(14532992K), 0.4452150 secs]
2018-05-11T16:42:59.132+0000: 37818.753: [GC 8375072K->1327201K(14544000K), 0.3857770 secs]
2018-05-11T16:43:15.565+0000: 37835.186: [GC 8392097K->1339290K(14540992K), 0.4624690 secs]
2018-05-11T16:43:31.569+0000: 37851.189: [GC 8404186K->1340409K(14550464K), 0.4376030 secs]
2018-05-11T16:43:50.069+0000: 37869.690: [GC 8418553K->1351122K(14547776K), 0.4763510 secs]
2018-05-11T16:44:05.591+0000: 37885.212: [GC 8429266K->1343506K(14553600K), 0.3811080 secs]
2018-05-11T16:44:22.138+0000: 37901.759: [GC 8429714K->1356748K(14552704K), 0.4549620 secs]
2018-05-11T16:44:38.066+0000: 37917.687: [GC 8442956K->1368995K(14557120K), 0.4804760 secs]
2018-05-11T16:44:55.374+0000: 37934.995: [GC 8462051K->1369262K(14556032K), 0.4198410 secs]
2018-05-11T16:45:10.788+0000: 37950.409: [GC 8462318K->1369265K(14560640K), 0.3800350 secs]
2018-05-11T16:45:26.751+0000: 37966.372: [GC 8469169K->1387526K(14559360K), 0.4366540 secs]
2018-05-11T16:45:48.166+0000: 37987.787: [GC 8487430K->1392712K(14561280K), 0.4528090 secs]
2018-05-11T16:46:05.640+0000: 38005.261: [GC 8494664K->1399273K(14560768K), 0.4538390 secs]
2018-05-11T16:46:23.162+0000: 38022.782: [GC 8501225K->1403926K(14564800K), 0.3670480 secs]
2018-05-11T16:46:39.634+0000: 38039.255: [GC 8511894K->1406657K(14563264K), 0.4241900 secs]
2018-05-11T16:46:56.068+0000: 38055.689: [GC 8514625K->1421378K(14566144K), 0.4809820 secs]
2018-05-11T16:47:12.114+0000: 38071.734: [GC 8533378K->1423426K(14565952K), 0.4431870 secs]
2018-05-11T16:47:28.932+0000: 38088.552: [GC 8535426K->1429982K(14568448K), 0.4735580 secs]
2018-05-11T16:47:47.353+0000: 38106.974: [GC 8545566K->1438911K(14567232K), 0.4697120 secs]
2018-05-11T16:48:05.096+0000: 38124.716: [GC 8554495K->1434976K(14568896K), 0.3900650 secs]
2018-05-11T16:48:19.893+0000: 38139.514: [GC 8552608K->1445925K(14568832K), 0.4208700 secs]
2018-05-11T16:48:35.655+0000: 38155.275: [GC 8563557K->1451815K(14571520K), 0.4156570 secs]
2018-05-11T16:48:53.370+0000: 38172.991: [GC 8573479K->1461059K(14570240K), 0.4507170 secs]
2018-05-11T16:49:09.775+0000: 38189.396: [GC 8582723K->1465978K(14572544K), 0.4529430 secs]
2018-05-11T16:49:25.272+0000: 38204.893: [GC 8589882K->1472585K(14571456K), 0.4621540 secs]
2018-05-11T16:49:41.465+0000: 38221.086: [GC 8596489K->1479444K(14573952K), 0.4464610 secs]
2018-05-11T16:49:57.641+0000: 38237.261: [GC 8606356K->1486746K(14573056K), 0.4148970 secs]
2018-05-11T16:50:14.091+0000: 38253.711: [GC 8613658K->1496452K(14573248K), 0.4272490 secs]
2018-05-11T16:50:30.700+0000: 38270.321: [GC 8624516K->1500047K(14574080K), 0.4221790 secs]
2018-05-11T16:50:47.006+0000: 38286.626: [GC 8628111K->1503343K(14575168K), 0.4182070 secs]
2018-05-11T16:51:04.394+0000: 38304.015: [GC 8633263K->1519905K(14573568K), 0.4918160 secs]
2018-05-11T16:51:21.079+0000: 38320.699: [GC 8649825K->1516643K(14573824K), 0.3429990 secs]
2018-05-11T16:51:37.178+0000: 38336.798: [GC 8643939K->1525083K(14573568K), 0.4616050 secs]
2018-05-11T16:51:53.764+0000: 38353.384: [GC 8652379K->1530844K(14575488K), 0.4480020 secs]
2018-05-11T16:52:12.259+0000: 38371.879: [GC 8660956K->1539347K(14574720K), 0.4657610 secs]
2018-05-11T16:52:28.038+0000: 38387.658: [GC 8669459K->1541579K(14576128K), 0.4488340 secs]
2018-05-11T16:54:11.913+0000: 38491.533: [GC 8673355K->1562841K(14575744K), 0.4860700 secs]
2018-05-11T16:54:30.183+0000: 38509.804: [GC 8694617K->1571827K(14565120K), 0.4579180 secs]
2018-05-11T16:54:46.206+0000: 38525.826: [GC 8692595K->1578641K(14570432K), 0.4460900 secs]
2018-05-11T16:55:02.306+0000: 38541.927: [GC 8699409K->1583874K(14571520K), 0.3967740 secs]
2018-05-11T16:55:19.817+0000: 38559.438: [GC 8706306K->1594792K(14571008K), 0.4241660 secs]
2018-05-11T16:55:36.490+0000: 38576.111: [GC 8717224K->1599823K(14572736K), 0.4904800 secs]
2018-05-11T16:55:53.165+0000: 38592.786: [GC 8724303K->1602793K(14571840K), 0.4563320 secs]
2018-05-11T16:56:09.792+0000: 38609.413: [GC 8727273K->1609718K(14574080K), 0.4654860 secs]
2018-05-11T16:56:26.393+0000: 38626.013: [GC 8736950K->1613123K(14573248K), 0.4489270 secs]
2018-05-11T16:56:44.625+0000: 38644.246: [GC 8740355K->1623222K(14574400K), 0.4642770 secs]
2018-05-11T16:57:02.356+0000: 38661.977: [GC 8751542K->1626673K(14574016K), 0.4580840 secs]
2018-05-11T16:57:17.929+0000: 38677.550: [GC 8754993K->1630756K(14574784K), 0.3925860 secs]
2018-05-11T16:57:37.307+0000: 38696.928: [GC 8759972K->1639112K(14574528K), 0.4704980 secs]
2018-05-11T16:57:52.117+0000: 38711.738: [GC 8768328K->1643076K(14575808K), 0.4520860 secs]
2018-05-11T16:58:08.861+0000: 38728.482: [GC 8774276K->1650535K(14575488K), 0.4532460 secs]
2018-05-11T16:58:25.353+0000: 38744.974: [GC 8781735K->1653798K(14576832K), 0.4555320 secs]
2018-05-11T16:58:41.796+0000: 38761.417: [GC 8787046K->1658999K(14576512K), 0.4448580 secs]
2018-05-11T16:59:03.293+0000: 38782.913: [GC 8792247K->1668470K(14576768K), 0.4668750 secs]
2018-05-11T16:59:17.453+0000: 38797.073: [GC 8802422K->1674168K(14577024K), 0.4225580 secs]
2018-05-11T16:59:32.740+0000: 38812.360: [GC 8808120K->1685544K(14575808K), 0.4841150 secs]
2018-05-11T16:59:48.178+0000: 38827.799: [GC 8818856K->1687721K(14576704K), 0.4458890 secs]
2018-05-11T17:00:05.250+0000: 38844.871: [GC 8821033K->1702626K(14574272K), 0.3383570 secs]
2018-05-11T17:00:20.261+0000: 38859.882: [GC 8833890K->1696823K(14559616K), 0.3981670 secs]
2018-05-11T17:01:13.076+0000: 38912.696: [GC 8828087K->1800707K(14505728K), 0.9606660 secs]
2018-05-11T17:02:01.574+0000: 38961.195: [GC 8861187K->1822163K(14540288K), 0.5239550 secs]
2018-05-11T17:02:58.931+0000: 39018.551: [GC 8882643K->1879739K(14499328K), 0.7260700 secs]
2018-05-11T17:05:53.430+0000: 39193.051: [GC 8899643K->1933669K(14520000K), 0.8151860 secs]
2018-05-11T17:06:54.202+0000: 39253.823: [GC 8953573K->1990490K(14412096K), 1.0504000 secs]
2018-05-11T17:08:00.299+0000: 39319.920: [GC 8902490K->2033631K(14445632K), 0.9180470 secs]
2018-05-11T17:09:01.688+0000: 39381.308: [GC 8945631K->2040756K(14427456K), 0.8046140 secs]
2018-05-11T17:10:08.552+0000: 39448.173: [GC 8899252K->2049455K(14391936K), 0.8126980 secs]
2018-05-11T17:11:17.430+0000: 39517.050: [GC 8907951K->2059153K(14416384K), 0.8682740 secs]
2018-05-11T17:12:22.568+0000: 39582.189: [GC 8885777K->2069577K(14359424K), 0.9777220 secs]
2018-05-11T17:13:25.018+0000: 39644.639: [GC 8440337K->2065088K(14421824K), 0.9036360 secs]
2018-05-11T17:13:25.922+0000: 39645.543: [Full GC 2065088K->1161539K(14421824K), 4.4382010 secs]
2018-05-11T17:14:33.550+0000: 39713.171: [GC 7982147K->1354183K(14418880K), 0.9570070 secs]
2018-05-11T17:15:33.258+0000: 39772.879: [GC 8174791K->1366653K(14415680K), 0.7966490 secs]
2018-05-11T17:16:32.149+0000: 39831.769: [GC 8181373K->1380660K(14349056K), 0.9950880 secs]
2018-05-11T17:17:31.369+0000: 39890.990: [GC 8195380K->1385314K(14418048K), 0.9436220 secs]
2018-05-11T17:18:40.436+0000: 39960.057: [GC 8199586K->1398364K(14416320K), 0.9490880 secs]
2018-05-11T17:19:34.367+0000: 40013.987: [GC 8212636K->1410719K(14418816K), 0.9968130 secs]
2018-05-11T17:20:29.700+0000: 40069.320: [GC 8227679K->1415038K(14418240K), 0.9505400 secs]
2018-05-11T17:21:32.407+0000: 40132.028: [GC 8231998K->1428526K(14424192K), 0.9460780 secs]
2018-05-11T17:22:33.385+0000: 40193.005: [GC 8255278K->1443245K(14422656K), 0.9042700 secs]
2018-05-11T17:23:34.322+0000: 40253.942: [GC 8269997K->1450487K(14428800K), 0.9640010 secs]
2018-05-11T17:24:34.861+0000: 40314.482: [GC 8285431K->1457509K(14426240K), 0.9375620 secs]
2018-05-11T17:25:36.056+0000: 40375.677: [GC 8292453K->1467853K(14435136K), 0.9786160 secs]
2018-05-11T17:26:36.048+0000: 40435.669: [GC 8315277K->1476083K(14432384K), 0.8930830 secs]
2018-05-11T17:27:37.647+0000: 40497.268: [GC 8323507K->1484083K(14441536K), 0.9770430 secs]
2018-05-11T17:28:41.706+0000: 40561.327: [GC 8343667K->1493278K(14438144K), 0.9669800 secs]
2018-05-11T17:29:43.724+0000: 40623.345: [GC 8352862K->1500888K(14447616K), 0.9947670 secs]
2018-05-11T17:30:13.816+0000: 40653.437: [GC 8372888K->1436693K(14331968K), 0.3402430 secs]
2018-05-11T17:30:53.212+0000: 40692.832: [GC 8308693K->1456776K(14435776K), 0.6464890 secs]
2018-05-11T17:31:59.530+0000: 40759.151: [GC 8313608K->1528705K(14389440K), 0.9073420 secs]
2018-05-11T17:33:04.270+0000: 40823.891: [GC 8385537K->1533764K(14440000K), 0.7874890 secs]
2018-05-11T17:34:06.437+0000: 40886.057: [GC 8392004K->1544906K(14438336K), 0.9725930 secs]
2018-05-11T17:35:10.941+0000: 40950.562: [GC 8403146K->1553223K(14443264K), 0.9356070 secs]
2018-05-11T17:36:17.564+0000: 41017.184: [GC 8417863K->1564325K(14441472K), 0.9639040 secs]
2018-05-11T17:37:23.923+0000: 41083.544: [GC 8428965K->1572685K(14446208K), 0.9220030 secs]
2018-05-11T17:38:30.239+0000: 41149.859: [GC 8442957K->1579085K(14444160K), 0.8048720 secs]
2018-05-11T17:39:36.358+0000: 41215.978: [GC 8449357K->1587761K(14450496K), 0.9871370 secs]
2018-05-11T17:40:38.418+0000: 41278.039: [GC 8466929K->1595684K(14448768K), 0.8945360 secs]
2018-05-11T17:41:44.157+0000: 41343.778: [GC 8474852K->1607264K(14453248K), 1.0011300 secs]
2018-05-11T17:42:49.205+0000: 41408.825: [GC 8493216K->1617326K(14452800K), 0.9852500 secs]
2018-05-11T17:43:53.821+0000: 41473.442: [GC 8503278K->1619973K(14454656K), 0.9921680 secs]
2018-05-11T17:44:59.380+0000: 41539.001: [GC 8507397K->1632146K(14452864K), 0.8307300 secs]
2018-05-11T17:45:57.896+0000: 41597.517: [GC 8519570K->1640950K(14457088K), 0.9525700 secs]
2018-05-11T17:46:59.413+0000: 41659.034: [GC 8533686K->1650591K(14455744K), 0.9801140 secs]
2018-05-11T17:48:03.349+0000: 41722.969: [GC 8543327K->1657146K(14461696K), 0.9747230 secs]
2018-05-11T17:49:09.239+0000: 41788.860: [GC 8557498K->1668372K(14458752K), 0.9917610 secs]
2018-05-11T17:50:13.794+0000: 41853.415: [GC 8568724K->1674563K(14465152K), 0.8136390 secs]
2018-05-11T17:51:19.558+0000: 41919.179: [GC 8582915K->1681767K(14463296K), 0.9297170 secs]
2018-05-11T17:52:25.277+0000: 41984.897: [GC 8590119K->1687922K(14469056K), 0.7924860 secs]
2018-05-11T17:53:30.153+0000: 42049.774: [GC 8604082K->1697898K(14467200K), 0.8587840 secs]
2018-05-11T17:56:50.955+0000: 42250.576: [GC 8614058K->1685682K(14468736K), 0.8464680 secs]
2018-05-11T17:58:01.884+0000: 42321.504: [GC 8605106K->1719446K(14469760K), 0.9655140 secs]
2018-05-11T17:59:08.825+0000: 42388.446: [GC 8638870K->1726368K(14471488K), 0.9484190 secs]
2018-05-11T18:00:17.196+0000: 42456.817: [GC 8648288K->1730711K(14470528K), 0.8479600 secs]
2018-05-11T18:01:22.638+0000: 42522.259: [GC 8652631K->1738761K(14474816K), 0.9877040 secs]
2018-05-11T18:02:28.809+0000: 42588.430: [GC 8666825K->1747256K(14473344K), 0.9630570 secs]
2018-05-11T18:03:31.280+0000: 42650.901: [GC 8675320K->1755353K(14476480K), 0.9396050 secs]
2018-05-11T18:04:39.666+0000: 42719.287: [GC 8687129K->1766585K(14475392K), 0.8613350 secs]
2018-05-11T18:05:42.098+0000: 42781.719: [GC 8698361K->1772162K(14478592K), 0.8696500 secs]
2018-05-11T18:06:44.399+0000: 42844.019: [GC 8708162K->1786046K(14477504K), 0.9649300 secs]
2018-05-11T18:07:49.504+0000: 42909.125: [GC 8722046K->1788875K(14479488K), 0.9818610 secs]
2018-05-11T18:08:53.223+0000: 42972.843: [GC 8726667K->1799407K(14478400K), 0.8624530 secs]
2018-05-11T18:09:58.794+0000: 43038.415: [GC 8737199K->1806058K(14480448K), 0.8729130 secs]
2018-05-11T18:11:09.538+0000: 43109.159: [GC 8745962K->1812222K(14479552K), 0.9282650 secs]
2018-05-11T18:12:11.842+0000: 43171.463: [GC 8752126K->1825102K(14481472K), 0.9837040 secs]
2018-05-11T18:13:16.713+0000: 43236.333: [GC 8767438K->1831165K(14480960K), 0.9477390 secs]
2018-05-11T18:13:30.368+0000: 43249.988: [GC 3260319K->1691111K(14432768K), 0.2004000 secs]
2018-05-11T18:13:30.568+0000: 43250.189: [Full GC 1691111K->1026483K(14432768K), 3.6251170 secs]
2018-05-11T18:14:40.196+0000: 43319.816: [GC 7921459K->1216567K(14425152K), 0.9299200 secs]
2018-05-11T18:15:43.498+0000: 43383.119: [GC 8111543K->1225308K(14456384K), 0.9282100 secs]
2018-05-11T18:16:42.600+0000: 43442.221: [GC 8118236K->1236423K(14424000K), 0.9551620 secs]
2018-05-11T18:17:43.370+0000: 43502.990: [GC 8129351K->1241338K(14458240K), 0.8970140 secs]
2018-05-11T18:18:48.277+0000: 43567.898: [GC 8135610K->1249187K(14456128K), 0.8041520 secs]
2018-05-11T18:19:55.117+0000: 43634.737: [GC 8143459K->1259686K(14460096K), 0.9126360 secs]
2018-05-11T18:20:53.105+0000: 43692.725: [GC 8159270K->1268335K(14459584K), 0.9684370 secs]
2018-05-11T18:21:55.551+0000: 43755.172: [GC 8167919K->1284034K(14460480K), 0.9058340 secs]
2018-05-11T18:22:56.365+0000: 43815.985: [GC 8186306K->1290194K(14461184K), 0.9014880 secs]
2018-05-11T18:23:58.369+0000: 43877.990: [GC 8192466K->1298270K(14463552K), 0.9513920 secs]
2018-05-11T18:24:58.604+0000: 43938.224: [GC 8204062K->1308980K(14462336K), 0.8718560 secs]
2018-05-11T18:25:57.728+0000: 43997.349: [GC 8214772K->1314258K(14467008K), 0.8694390 secs]
2018-05-11T18:27:09.164+0000: 44068.785: [GC 8225618K->1323466K(14464448K), 0.9756960 secs]
2018-05-11T18:27:46.965+0000: 44106.585: [GC 8234826K->1290024K(14460032K), 0.6859360 secs]
2018-05-11T18:28:02.808+0000: 44122.429: [GC 8197928K->1254473K(14347520K), 0.4648030 secs]
2018-05-11T18:28:20.268+0000: 44139.889: [GC 8162377K->1264341K(14440576K), 0.4703610 secs]
2018-05-11T18:28:36.144+0000: 44155.765: [GC 8138325K->1262163K(14307328K), 0.4198250 secs]
2018-05-11T18:28:53.017+0000: 44172.638: [GC 8136147K->1281806K(14439936K), 0.4844930 secs]
2018-05-11T18:29:08.767+0000: 44188.387: [GC 8142862K->1279563K(14299072K), 0.4490580 secs]
2018-05-11T18:29:25.675+0000: 44205.296: [GC 8140619K->1289098K(14440768K), 0.4497600 secs]
2018-05-11T18:29:42.760+0000: 44222.381: [GC 8149322K->1293470K(14439552K), 0.4527710 secs]
2018-05-11T18:29:58.564+0000: 44238.185: [GC 8153694K->1298772K(14445632K), 0.4013260 secs]
2018-05-11T18:30:15.850+0000: 44255.470: [GC 8166996K->1304028K(14442688K), 0.4187560 secs]
2018-05-11T18:30:32.970+0000: 44272.591: [GC 8172252K->1314121K(14454592K), 0.4136670 secs]
2018-05-11T18:30:48.327+0000: 44287.948: [GC 8198025K->1318318K(14449408K), 0.4153490 secs]
2018-05-11T18:31:03.888+0000: 44303.508: [GC 8202222K->1320231K(14463232K), 0.4375850 secs]
2018-05-11T18:31:28.399+0000: 44328.020: [GC 8222503K->1341579K(14459136K), 0.5450870 secs]
2018-05-11T18:32:37.880+0000: 44397.501: [GC 8243851K->1427932K(14437440K), 0.9297770 secs]
2018-05-11T18:33:28.731+0000: 44448.351: [GC 8315868K->1409740K(14389376K), 0.7644030 secs]
2018-05-11T18:33:46.976+0000: 44466.596: [GC 8297676K->1355095K(14455296K), 0.4170240 secs]
2018-05-11T18:34:02.430+0000: 44482.050: [GC 8241815K->1369487K(14451520K), 0.4365680 secs]
2018-05-11T18:34:19.248+0000: 44498.869: [GC 8256207K->1377705K(14465984K), 0.4630270 secs]
2018-05-11T18:34:34.583+0000: 44514.204: [GC 8284393K->1379364K(14460800K), 0.4010450 secs]
2018-05-11T18:34:50.457+0000: 44530.077: [GC 8286052K->1387391K(14475840K), 0.4600570 secs]
2018-05-11T18:35:06.195+0000: 44545.815: [GC 8313791K->1390344K(14470656K), 0.4193600 secs]
2018-05-11T18:35:22.434+0000: 44562.054: [GC 8316744K->1394674K(14485632K), 0.4296870 secs]
2018-05-11T18:35:38.629+0000: 44578.250: [GC 8341106K->1401944K(14480896K), 0.4541860 secs]
2018-05-11T18:35:54.578+0000: 44594.198: [GC 8348376K->1405735K(14495552K), 0.4627740 secs]
2018-05-11T18:36:13.647+0000: 44613.268: [GC 8372135K->1418593K(14490944K), 0.4902450 secs]
2018-05-11T18:36:30.266+0000: 44629.887: [GC 8384993K->1412936K(14504640K), 0.4137950 secs]
2018-05-11T18:36:45.763+0000: 44645.383: [GC 8398856K->1425244K(14501376K), 0.4551580 secs]
2018-05-11T18:37:02.366+0000: 44661.986: [GC 8411164K->1438206K(14514304K), 0.4598720 secs]
2018-05-11T18:37:17.598+0000: 44677.218: [GC 8441470K->1442737K(14509056K), 0.4433540 secs]
2018-05-11T18:37:33.990+0000: 44693.611: [GC 8446001K->1447615K(14522560K), 0.4395500 secs]
2018-05-11T18:37:51.668+0000: 44711.289: [GC 8468863K->1454344K(14518784K), 0.4541400 secs]
2018-05-11T18:38:07.832+0000: 44727.453: [GC 8475592K->1459363K(14530304K), 0.4327570 secs]
2018-05-11T18:38:23.405+0000: 44743.026: [GC 8496163K->1468119K(14526592K), 0.4682520 secs]
2018-05-11T18:38:40.829+0000: 44760.450: [GC 8504919K->1473068K(14537536K), 0.4256590 secs]
2018-05-11T18:38:56.806+0000: 44776.427: [GC 8524780K->1483651K(14534272K), 0.4836040 secs]
2018-05-11T18:39:12.849+0000: 44792.470: [GC 8535363K->1488597K(14544512K), 0.4702790 secs]
2018-05-11T18:39:29.527+0000: 44809.148: [GC 8554197K->1491311K(14541184K), 0.4658540 secs]
2018-05-11T18:39:45.680+0000: 44825.301: [GC 8556911K->1497639K(14549568K), 0.4362040 secs]
2018-05-11T18:40:02.563+0000: 44842.184: [GC 8573927K->1500938K(14546816K), 0.4237810 secs]
2018-05-11T18:40:18.887+0000: 44858.508: [GC 8577226K->1510527K(14554176K), 0.4115650 secs]
2018-05-11T18:40:36.813+0000: 44876.433: [GC 8595967K->1514825K(14551360K), 0.4010410 secs]
2018-05-11T18:40:54.265+0000: 44893.886: [GC 8600265K->1525402K(14558080K), 0.4505370 secs]
2018-05-11T18:41:10.946+0000: 44910.566: [GC 8619674K->1528652K(14556288K), 0.4644660 secs]
2018-05-11T18:41:26.119+0000: 44925.740: [GC 8622924K->1532899K(14561600K), 0.4385710 secs]
2018-05-11T18:41:42.740+0000: 44942.361: [GC 8634339K->1539093K(14559936K), 0.4628880 secs]
2018-05-11T18:41:58.517+0000: 44958.138: [GC 8640533K->1545814K(14565056K), 0.4669620 secs]
2018-05-11T18:42:15.395+0000: 44975.016: [GC 8653910K->1549242K(14563136K), 0.4555120 secs]
2018-05-11T18:42:31.505+0000: 44991.126: [GC 8657338K->1556924K(14567680K), 0.4721490 secs]
2018-05-11T18:42:48.313+0000: 45007.934: [GC 8670844K->1556899K(14566336K), 0.4067670 secs]
2018-05-11T18:43:06.179+0000: 45025.799: [GC 8670819K->1569810K(14568576K), 0.4738490 secs]
2018-05-11T18:43:22.287+0000: 45041.908: [GC 8686738K->1567635K(14568448K), 0.4224740 secs]
2018-05-11T18:43:40.303+0000: 45059.924: [GC 8684563K->1579855K(14569536K), 0.4732410 secs]
2018-05-11T18:43:55.642+0000: 45075.263: [GC 8698383K->1578145K(14569088K), 0.4196520 secs]
2018-05-11T18:44:12.111+0000: 45091.732: [GC 8696673K->1589657K(14571008K), 0.4518640 secs]
2018-05-11T18:44:29.675+0000: 45109.295: [GC 8710425K->1599790K(14563968K), 0.4787830 secs]
2018-05-11T18:44:46.886+0000: 45126.506: [GC 8720558K->1597081K(14570176K), 0.4341900 secs]
2018-05-11T18:45:02.310+0000: 45141.930: [GC 8716889K->1604667K(14569728K), 0.4201970 secs]
2018-05-11T18:45:18.420+0000: 45158.041: [GC 8724475K->1608545K(14571648K), 0.3965690 secs]
2018-05-11T18:45:34.802+0000: 45174.423: [GC 8731297K->1624063K(14566208K), 0.4768680 secs]
2018-05-11T18:45:52.972+0000: 45192.593: [GC 8746815K->1624851K(14571392K), 0.4527260 secs]
2018-05-11T18:46:08.880+0000: 45208.500: [GC 8746323K->1629373K(14570176K), 0.4361640 secs]
2018-05-11T18:46:25.463+0000: 45225.084: [GC 8750845K->1637407K(14573184K), 0.4606230 secs]
2018-05-11T18:46:42.879+0000: 45242.500: [GC 8762783K->1646220K(14572288K), 0.4815550 secs]
2018-05-11T18:46:59.369+0000: 45258.989: [GC 8771596K->1640342K(14571776K), 0.3925170 secs]
2018-05-11T18:47:15.617+0000: 45275.237: [GC 8764694K->1656752K(14572224K), 0.4773170 secs]
2018-05-11T18:47:31.765+0000: 45291.385: [GC 8781104K->1657658K(14573120K), 0.4438530 secs]
2018-05-11T18:47:48.416+0000: 45308.037: [GC 8782970K->1664782K(14572288K), 0.4548860 secs]
2018-05-11T18:48:06.384+0000: 45326.004: [GC 8790094K->1660695K(14573056K), 0.3944480 secs]
2018-05-11T18:48:23.168+0000: 45342.788: [GC 8787735K->1674458K(14573568K), 0.4432590 secs]
2018-05-11T18:48:39.456+0000: 45359.077: [GC 8801498K->1688700K(14569792K), 0.4802920 secs]
2018-05-11T18:48:55.921+0000: 45375.541: [GC 8812796K->1689875K(14572096K), 0.4583620 secs]
2018-05-11T18:49:11.609+0000: 45391.230: [GC 8813971K->1698040K(14570112K), 0.4516270 secs]
2018-05-11T18:49:28.442+0000: 45408.063: [GC 8820216K->1703555K(14571136K), 0.4720550 secs]
2018-05-11T18:49:44.403+0000: 45424.023: [GC 8825731K->1707681K(14572416K), 0.4410540 secs]
2018-05-11T18:50:00.401+0000: 45440.021: [GC 8831457K->1710757K(14571456K), 0.4013980 secs]
2018-05-11T18:50:16.925+0000: 45456.546: [GC 8834533K->1722924K(14571968K), 0.4208740 secs]
2018-05-11T18:50:33.558+0000: 45473.179: [GC 8847660K->1719454K(14555584K), 0.3961530 secs]
2018-05-11T18:50:50.446+0000: 45490.066: [GC 8844190K->1733685K(14571712K), 0.4594150 secs]
2018-05-11T18:51:06.534+0000: 45506.155: [GC 8857653K->1735981K(14572032K), 0.4459830 secs]
2018-05-11T18:51:24.081+0000: 45523.702: [GC 8859949K->1745228K(14572864K), 0.4759820 secs]
2018-05-11T18:51:39.779+0000: 45539.400: [GC 8870860K->1743787K(14557120K), 0.4056170 secs]
2018-05-11T18:51:56.144+0000: 45555.765: [GC 8869419K->1759768K(14572160K), 0.4623280 secs]
2018-05-11T18:52:12.286+0000: 45571.907: [GC 8884632K->1760103K(14572480K), 0.4547910 secs]
2018-05-11T18:52:32.439+0000: 45592.059: [GC 8884967K->1765771K(14573632K), 0.4360460 secs]
2018-05-11T18:52:47.068+0000: 45606.689: [GC 8892427K->1773773K(14573120K), 0.4405480 secs]
2018-05-11T18:53:05.725+0000: 45625.346: [GC 8900429K->1781217K(14575360K), 0.4556000 secs]
2018-05-11T18:53:20.520+0000: 45640.140: [GC 8911073K->1784971K(14574592K), 0.4187960 secs]
2018-05-11T18:53:38.304+0000: 45657.925: [GC 8914827K->1798656K(14574656K), 0.4754280 secs]
2018-05-11T18:53:53.519+0000: 45673.140: [GC 8929280K->1800001K(14575360K), 0.4442610 secs]
2018-05-11T18:54:10.291+0000: 45689.912: [GC 8930625K->1805794K(14576256K), 0.4597990 secs]
2018-05-11T18:54:29.252+0000: 45708.872: [GC 8937826K->1815247K(14572672K), 0.4814020 secs]
2018-05-11T18:54:45.732+0000: 45725.352: [GC 8947279K->1818341K(14576192K), 0.3933420 secs]
2018-05-11T18:55:01.733+0000: 45741.353: [GC 8949925K->1825221K(14575488K), 0.4090170 secs]
2018-05-11T18:55:18.738+0000: 45758.358: [GC 8956805K->1833991K(14576640K), 0.4411160 secs]
2018-05-11T18:55:35.434+0000: 45775.055: [GC 8967111K->1832293K(14564352K), 0.4406410 secs]
2018-05-11T18:55:52.747+0000: 45792.368: [GC 8965413K->1841901K(14576960K), 0.4466180 secs]
2018-05-11T18:56:09.002+0000: 45808.622: [GC 8975085K->1850418K(14576320K), 0.4565200 secs]
2018-05-11T18:56:25.149+0000: 45824.769: [GC 8983602K->1855569K(14577536K), 0.4666900 secs]
2018-05-11T18:56:43.089+0000: 45842.710: [GC 8989905K->1860243K(14576896K), 0.4411140 secs]
2018-05-11T18:56:58.345+0000: 45857.966: [GC 8994579K->1868049K(14578368K), 0.4485380 secs]
2018-05-11T18:57:14.574+0000: 45874.194: [GC 9004177K->1875185K(14577856K), 0.4683580 secs]
2018-05-11T18:57:30.581+0000: 45890.202: [GC 9011313K->1876725K(14578880K), 0.4493230 secs]
2018-05-11T18:57:47.748+0000: 45907.369: [GC 9014389K->1881428K(14569792K), 0.4456240 secs]
2018-05-11T18:58:05.412+0000: 45925.033: [GC 9019092K->1890492K(14578176K), 0.4427320 secs]
2018-05-11T18:58:22.107+0000: 45941.728: [GC 9027260K->1894831K(14578432K), 0.4665500 secs]
2018-05-11T18:58:37.428+0000: 45957.048: [GC 9031599K->1902054K(14578624K), 0.4539330 secs]
2018-05-11T18:58:53.585+0000: 45973.206: [GC 9039334K->1905770K(14578688K), 0.4160140 secs]
2018-05-11T18:59:53.011+0000: 46032.632: [GC 9043050K->1905101K(14578112K), 0.4378920 secs]
2018-05-11T19:05:07.582+0000: 46347.203: [GC 9042125K->1968551K(14578560K), 0.6053450 secs]
2018-05-11T19:10:27.866+0000: 46667.487: [GC 9105575K->2031342K(14494208K), 0.6137550 secs]
2018-05-11T19:13:34.202+0000: 46853.823: [GC 6591236K->2043828K(14536384K), 0.4428430 secs]
2018-05-11T19:13:34.645+0000: 46854.266: [Full GC 2043828K->1133211K(14536384K), 3.7507860 secs]
2018-05-11T19:18:38.592+0000: 47158.212: [GC 8185883K->1271211K(14521088K), 0.6564390 secs]
2018-05-11T19:24:08.154+0000: 47487.775: [GC 8309675K->1281769K(14507712K), 0.6653650 secs]
2018-05-11T19:29:38.634+0000: 47818.254: [GC 8320233K->1297218K(14518208K), 0.6528640 secs]
2018-05-11T19:35:05.713+0000: 48145.334: [GC 8321346K->1304697K(14522112K), 0.6115100 secs]
2018-05-11T19:40:37.417+0000: 48477.038: [GC 8328825K->1324717K(14521088K), 0.5708440 secs]
2018-05-11T19:45:55.921+0000: 48795.541: [GC 8348461K->1343126K(14495808K), 0.6173730 secs]
2018-05-11T19:51:28.778+0000: 49128.399: [GC 8366870K->1361283K(14519104K), 0.6175000 secs]
2018-05-11T19:56:56.079+0000: 49455.700: [GC 8380419K->1374072K(14519616K), 0.6108460 secs]
2018-05-11T20:02:15.947+0000: 49775.568: [GC 8393208K->1389989K(14520704K), 0.6117730 secs]
2018-05-11T20:07:57.560+0000: 50117.181: [GC 8411109K->1404135K(14520512K), 0.6292830 secs]
2018-05-11T20:13:38.404+0000: 50458.025: [GC 8312166K->1413391K(14524160K), 0.6171980 secs]
2018-05-11T20:13:39.022+0000: 50458.642: [Full GC 1413391K->937008K(14524160K), 2.9807310 secs]
2018-05-11T20:19:20.452+0000: 50800.073: [GC 7962736K->1067136K(14521664K), 0.6334020 secs]
2018-05-11T20:25:30.627+0000: 51170.247: [GC 8092864K->1079964K(14526208K), 0.6526280 secs]
2018-05-11T20:31:47.936+0000: 51547.556: [GC 8110556K->1095886K(14524480K), 0.6432810 secs]
2018-05-11T20:38:54.461+0000: 51974.081: [GC 8126478K->1103630K(14529728K), 0.6176640 secs]
2018-05-11T20:45:43.047+0000: 52382.668: [GC 8140366K->1120014K(14527104K), 0.6328510 secs]
2018-05-11T20:52:30.290+0000: 52789.911: [GC 8156750K->1138566K(14531648K), 0.6152390 secs]
2018-05-11T20:59:57.278+0000: 53236.898: [GC 8181446K->1156234K(14531328K), 0.5732550 secs]
2018-05-11T21:08:07.981+0000: 53727.602: [GC 8199114K->1172037K(14533952K), 0.6373610 secs]
2018-05-11T21:13:42.010+0000: 54061.631: [GC 5863293K->1142272K(14469248K), 0.4267870 secs]
2018-05-11T21:13:42.437+0000: 54062.058: [Full GC 1142272K->726153K(14469248K), 2.4012500 secs]
2018-05-11T21:22:12.807+0000: 54572.428: [GC 7772617K->851305K(14530240K), 0.6118120 secs]
2018-05-11T21:31:08.099+0000: 55107.720: [GC 7890345K->866794K(14528896K), 0.6304490 secs]
2018-05-11T21:40:41.531+0000: 55681.151: [GC 7905834K->879110K(14533632K), 0.6083770 secs]
2018-05-11T21:52:03.156+0000: 56362.777: [GC 7924294K->899938K(14531648K), 0.6423570 secs]
2018-05-11T22:04:23.086+0000: 57102.706: [GC 7945122K->918334K(14534336K), 0.6259540 secs]
2018-05-11T22:13:44.846+0000: 57664.467: [GC 5779380K->899407K(14473216K), 0.4189630 secs]
2018-05-11T22:13:45.266+0000: 57664.886: [Full GC 899407K->553574K(14473216K), 2.2564300 secs]
2018-05-11T22:27:47.201+0000: 58506.822: [GC 7601574K->673832K(14532864K), 0.5709640 secs]
2018-05-11T22:47:52.027+0000: 59711.647: [GC 7716840K->686016K(14530240K), 0.5853470 secs]
2018-05-11T23:06:35.203+0000: 60834.824: [GC 7729024K->703179K(14535872K), 0.5455320 secs]
2018-05-11T23:13:47.530+0000: 61267.150: [GC 4111556K->664604K(14441792K), 0.2661250 secs]
2018-05-11T23:13:47.796+0000: 61267.417: [Full GC 664604K->476639K(14441792K), 2.3940430 secs]
2018-05-11T23:34:56.026+0000: 62535.647: [GC 7526687K->581009K(14530304K), 0.5358850 secs]
2018-05-12T00:08:29.214+0000: 64548.835: [GC 7618513K->599344K(14527296K), 0.5623090 secs]
2018-05-12T00:13:50.197+0000: 64869.818: [GC 1379231K->526819K(14507904K), 0.0978730 secs]
2018-05-12T00:13:50.296+0000: 64869.916: [Full GC 526819K->403578K(14507904K), 2.3028790 secs]
2018-05-12T01:09:49.124+0000: 68228.745: [GC 7425274K->507569K(14520896K), 0.5599140 secs]
2018-05-12T01:13:52.606+0000: 68472.227: [GC 1005391K->436512K(14504832K), 0.0827490 secs]
2018-05-12T01:13:52.690+0000: 68472.310: [Full GC 436512K->343037K(14504832K), 2.0926000 secs]
2018-05-12T02:13:54.790+0000: 72074.411: [GC 6766553K->434688K(14515136K), 0.4807750 secs]
2018-05-12T02:13:55.271+0000: 72074.892: [Full GC 434688K->360166K(14515136K), 1.9358190 secs]
2018-05-12T03:13:49.576+0000: 75669.197: [GC 7370342K->463146K(14524800K), 0.5422910 secs]
2018-05-12T03:13:57.214+0000: 75676.835: [GC 509067K->392614K(14367808K), 0.0739040 secs]
2018-05-12T03:13:57.288+0000: 75676.909: [Full GC 392614K->286855K(14367808K), 1.9920570 secs]
2018-05-12T03:56:52.513+0000: 78252.134: [GC 7313991K->385304K(14518016K), 0.4777120 secs]
2018-05-12T04:13:59.288+0000: 79278.909: [GC 4571386K->373162K(14515392K), 0.2752130 secs]
2018-05-12T04:13:59.563+0000: 79279.184: [Full GC 373162K->332535K(14515392K), 1.7408470 secs]
2018-05-12T04:34:47.826+0000: 80527.446: [GC 7345847K->423608K(14525568K), 0.4519150 secs]
2018-05-12T04:49:23.082+0000: 81402.703: [GC 7450232K->450546K(14521152K), 0.4997130 secs]
2018-05-12T05:01:39.308+0000: 82138.929: [GC 7477170K->474188K(14525888K), 0.5462670 secs]
2018-05-12T05:12:52.876+0000: 82812.497: [GC 7506508K->493050K(14482048K), 0.5610380 secs]
2018-05-12T05:14:01.312+0000: 82880.933: [GC 1287831K->410117K(14511680K), 0.0800930 secs]
2018-05-12T05:14:01.392+0000: 82881.013: [Full GC 410117K->316749K(14511680K), 1.9023620 secs]
2018-05-12T05:22:55.275+0000: 83414.896: [GC 7332813K->433421K(14472832K), 0.5519870 secs]
2018-05-12T05:31:53.795+0000: 83953.416: [GC 7449485K->451446K(14506304K), 0.5864740 secs]
2018-05-12T05:40:22.568+0000: 84462.188: [GC 7450742K->463471K(14450944K), 0.5242620 secs]
2018-05-12T05:48:06.161+0000: 84925.782: [GC 7462767K->476281K(14508608K), 0.5455170 secs]
2018-05-12T05:55:35.975+0000: 85375.595: [GC 7474041K->491948K(14452160K), 0.5604880 secs]
2018-05-12T06:02:20.951+0000: 85780.572: [GC 7489708K->509613K(14506304K), 0.5681530 secs]
2018-05-12T06:08:41.912+0000: 86161.533: [GC 7504557K->531560K(14457408K), 0.5758460 secs]
2018-05-12T06:14:03.304+0000: 86482.924: [GC 7087858K->543552K(14507840K), 0.5405090 secs]
2018-05-12T06:14:03.844+0000: 86483.465: [Full GC 543552K->466766K(14507840K), 2.1783730 secs]
2018-05-12T06:20:03.054+0000: 86842.675: [GC 7460238K->588174K(14505728K), 0.5046620 secs]
2018-05-12T06:26:07.246+0000: 87206.867: [GC 7581646K->609685K(14506048K), 0.5899170 secs]
2018-05-12T06:32:01.084+0000: 87560.705: [GC 7603093K->629968K(14506752K), 0.5825120 secs]
2018-05-12T06:39:29.164+0000: 88008.785: [GC 7623376K->642294K(14510912K), 0.5760750 secs]
2018-05-12T06:47:50.052+0000: 88509.673: [GC 7640438K->657941K(14507328K), 0.5563120 secs]
2018-05-12T06:55:51.385+0000: 88991.005: [GC 7656085K->676023K(14519360K), 0.5406040 secs]
2018-05-12T07:03:29.789+0000: 89449.410: [GC 7690383K->709773K(14515136K), 0.5473690 secs]
2018-05-12T07:10:26.884+0000: 89866.505: [GC 7724173K->730432K(14520128K), 0.4960260 secs]
2018-05-12T07:14:06.030+0000: 90085.651: [GC 4200428K->695743K(14415168K), 0.2883570 secs]
2018-05-12T07:14:06.319+0000: 90085.940: [Full GC 695743K->514962K(14415168K), 2.2571230 secs]
2018-05-12T07:21:05.023+0000: 90504.643: [GC 7532754K->637745K(14514944K), 0.4961850 secs]
2018-05-12T07:28:03.168+0000: 90922.789: [GC 7648433K->659718K(14515392K), 0.5507340 secs]
2018-05-12T07:35:16.747+0000: 91356.368: [GC 7670406K->683691K(14521152K), 0.4776050 secs]
2018-05-12T07:42:18.395+0000: 91778.016: [GC 7703339K->708445K(14518592K), 0.5388940 secs]
2018-05-12T07:50:10.708+0000: 92250.329: [GC 7728093K->735504K(14524352K), 0.4952520 secs]
2018-05-12T07:57:51.939+0000: 92711.560: [GC 7762640K->767406K(14522880K), 0.5741010 secs]
2018-05-12T08:01:54.959+0000: 92954.580: [GC 7794542K->836559K(14471296K), 0.7410600 secs]
2018-05-12T08:02:47.948+0000: 93007.568: [GC 7811151K->897368K(14497344K), 0.8190570 secs]
2018-05-12T08:03:40.434+0000: 93060.054: [GC 7871960K->908809K(14416576K), 0.9181070 secs]
2018-05-12T08:04:32.426+0000: 93112.047: [GC 7802633K->908519K(14406720K), 0.8163410 secs]
2018-05-12T08:05:24.231+0000: 93163.852: [GC 7802343K->922821K(14438912K), 0.7911190 secs]
2018-05-12T08:06:25.350+0000: 93224.970: [GC 7793477K->923033K(14382720K), 0.7816520 secs]
2018-05-12T08:07:11.677+0000: 93271.297: [GC 7793689K->933250K(14440256K), 0.8680020 secs]
2018-05-12T08:08:00.517+0000: 93320.138: [GC 7797250K->934016K(14442048K), 0.8509580 secs]
2018-05-12T08:08:48.429+0000: 93368.050: [GC 7798016K->943584K(14443200K), 0.8483490 secs]
2018-05-12T08:09:33.184+0000: 93412.805: [GC 7809824K->933364K(14443136K), 0.7960980 secs]
2018-05-12T08:10:31.938+0000: 93471.559: [GC 7799604K->945350K(14455488K), 0.6778640 secs]
2018-05-12T08:11:40.549+0000: 93540.169: [GC 7831302K->953231K(14450560K), 0.7222020 secs]
2018-05-12T08:12:24.072+0000: 93583.693: [GC 7839183K->949828K(14465728K), 0.6615690 secs]
2018-05-12T08:12:53.391+0000: 93613.011: [GC 7856004K->955497K(14460544K), 0.6349360 secs]
2018-05-12T08:13:20.833+0000: 93640.454: [GC 7861673K->969187K(14472384K), 0.6215260 secs]
2018-05-12T08:13:47.573+0000: 93667.193: [GC 7890787K->982446K(14469312K), 0.6292650 secs]
2018-05-12T08:14:08.584+0000: 93688.204: [GC 6503531K->972377K(14471872K), 0.5006170 secs]
2018-05-12T08:14:09.085+0000: 93688.705: [Full GC 972377K->736168K(14471872K), 2.7753630 secs]
2018-05-12T08:14:42.041+0000: 93721.661: [GC 7663144K->883996K(14473536K), 0.6596070 secs]
2018-05-12T08:15:14.794+0000: 93754.415: [GC 7810972K->907868K(14483712K), 0.5858400 secs]
2018-05-12T08:15:48.672+0000: 93788.293: [GC 7850204K->937715K(14478720K), 0.7063350 secs]
2018-05-12T08:16:21.498+0000: 93821.119: [GC 7880051K->956363K(14489088K), 0.7139890 secs]
2018-05-12T08:16:58.208+0000: 93857.828: [GC 7911627K->965770K(14486272K), 0.7518740 secs]
2018-05-12T08:18:47.367+0000: 93966.988: [GC 7921034K->995435K(14484672K), 0.7969790 secs]
2018-05-12T08:19:38.215+0000: 94017.836: [GC 7953259K->1020853K(14471808K), 0.8900110 secs]
2018-05-12T08:20:30.444+0000: 94070.065: [GC 7978677K->1032443K(14475392K), 0.7485800 secs]
2018-05-12T08:21:31.496+0000: 94131.117: [GC 7971579K->1044119K(14457344K), 0.7583930 secs]
2018-05-12T08:22:28.055+0000: 94187.675: [GC 7983255K->1057109K(14464768K), 0.8582570 secs]
2018-05-12T08:23:28.099+0000: 94247.720: [GC 7977045K->1065536K(14442880K), 0.8841790 secs]
2018-05-12T08:24:26.647+0000: 94306.268: [GC 7985472K->1077018K(14460224K), 0.9231980 secs]
2018-05-12T08:25:24.711+0000: 94364.331: [GC 7983386K->1087122K(14431936K), 0.9492500 secs]
2018-05-12T08:26:23.653+0000: 94423.274: [GC 7993490K->1094184K(14457984K), 0.9163710 secs]
2018-05-12T08:27:21.723+0000: 94481.343: [GC 7992488K->1104738K(14425152K), 0.9416520 secs]
2018-05-12T08:28:22.377+0000: 94541.997: [GC 8003042K->1116043K(14453184K), 0.8456630 secs]
2018-05-12T08:29:19.441+0000: 94599.061: [GC 8006539K->1125496K(14420736K), 0.9570900 secs]
2018-05-12T08:30:16.270+0000: 94655.891: [GC 8015992K->1129532K(14455168K), 0.9305160 secs]
2018-05-12T08:31:17.340+0000: 94716.961: [GC 8018300K->1146443K(14421952K), 0.9432930 secs]
2018-05-12T08:32:14.283+0000: 94773.903: [GC 8035211K->1155792K(14453120K), 0.9910690 secs]
2018-05-12T08:33:20.148+0000: 94839.768: [GC 8042064K->1160848K(14453184K), 0.9051030 secs]
2018-05-12T08:34:24.449+0000: 94904.069: [GC 8047120K->1176518K(14452096K), 0.9393230 secs]
2018-05-12T08:35:29.277+0000: 94968.898: [GC 8063046K->1186409K(14422336K), 0.8269580 secs]
2018-05-12T08:36:35.112+0000: 95034.733: [GC 8072937K->1192984K(14452928K), 0.9502020 secs]
2018-05-12T08:39:37.738+0000: 95217.359: [GC 8077976K->1184764K(14452160K), 0.8609510 secs]
2018-05-12T08:40:37.381+0000: 95277.002: [GC 8069756K->1209881K(14457920K), 0.8848430 secs]
2018-05-12T08:41:30.699+0000: 95330.320: [GC 8104601K->1218438K(14456896K), 0.8676230 secs]
2018-05-12T08:42:33.483+0000: 95393.104: [GC 8113158K->1223723K(14462400K), 0.9356060 secs]
2018-05-12T08:43:36.488+0000: 95456.109: [GC 8125419K->1233689K(14459392K), 0.8035060 secs]
2018-05-12T08:44:39.803+0000: 95519.424: [GC 8135385K->1245835K(14464384K), 0.9509790 secs]
2018-05-12T08:45:44.455+0000: 95584.075: [GC 8154507K->1252246K(14464384K), 0.8227440 secs]
2018-05-12T08:46:38.613+0000: 95638.234: [GC 8160918K->1254201K(14468160K), 0.9354750 secs]
2018-05-12T08:47:44.493+0000: 95704.114: [GC 8167865K->1262652K(14465600K), 0.7931400 secs]
2018-05-12T08:48:50.594+0000: 95770.215: [GC 8176316K->1266122K(14472512K), 0.8839090 secs]
2018-05-12T08:49:52.599+0000: 95832.220: [GC 8189066K->1270986K(14470528K), 0.9039070 secs]
2018-05-12T08:50:54.193+0000: 95893.814: [GC 8193930K->1283659K(14476096K), 0.9128250 secs]
2018-05-12T08:51:54.052+0000: 95953.673: [GC 8213835K->1290491K(14474176K), 0.8933810 secs]
2018-05-12T08:52:56.282+0000: 96015.903: [GC 8220667K->1294087K(14478336K), 0.8566280 secs]
2018-05-12T08:53:53.950+0000: 96073.571: [GC 8230087K->1299139K(14477760K), 0.7936900 secs]
2018-05-12T08:54:53.994+0000: 96133.615: [GC 8235139K->1314570K(14480384K), 0.7820800 secs]
2018-05-12T08:55:54.583+0000: 96194.204: [GC 8253578K->1326190K(14478720K), 0.8652590 secs]
2018-05-12T08:56:56.376+0000: 96255.996: [GC 8265198K->1337723K(14481728K), 0.9380610 secs]
2018-05-12T08:57:58.130+0000: 96317.751: [GC 8281019K->1345724K(14481664K), 0.9411480 secs]
2018-05-12T08:58:58.894+0000: 96378.514: [GC 8289020K->1352845K(14484224K), 0.9325630 secs]
2018-05-12T08:59:59.511+0000: 96439.132: [GC 8300109K->1364079K(14483136K), 0.8347200 secs]
2018-05-12T09:00:52.982+0000: 96492.602: [GC 8311343K->1352223K(14481600K), 0.7446450 secs]
2018-05-12T09:01:52.927+0000: 96552.547: [GC 8299039K->1378692K(14483456K), 0.8180970 secs]
2018-05-12T09:02:53.354+0000: 96612.975: [GC 8325508K->1395217K(14481088K), 0.8271320 secs]
2018-05-12T09:03:54.342+0000: 96673.963: [GC 8341009K->1407280K(14482944K), 0.8558830 secs]
2018-05-12T09:04:55.528+0000: 96735.148: [GC 8353072K->1416616K(14482816K), 0.9449980 secs]
2018-05-12T09:06:06.453+0000: 96806.074: [GC 8362536K->1422178K(14483008K), 0.9489550 secs]
2018-05-12T09:07:04.287+0000: 96863.907: [GC 8368098K->1428289K(14484160K), 0.9327390 secs]
2018-05-12T09:08:06.030+0000: 96925.651: [GC 8375937K->1434839K(14483584K), 0.8164950 secs]
2018-05-12T09:09:07.699+0000: 96987.320: [GC 8382487K->1439987K(14484160K), 0.9511360 secs]
2018-05-12T09:10:06.659+0000: 97046.280: [GC 8387955K->1446957K(14483904K), 0.8227200 secs]
2018-05-12T09:11:09.354+0000: 97108.974: [GC 8394925K->1460823K(14484928K), 0.8647600 secs]
2018-05-12T09:12:10.840+0000: 97170.461: [GC 8410967K->1467167K(14485120K), 0.9124120 secs]
2018-05-12T09:13:11.312+0000: 97230.933: [GC 8417311K->1481811K(14483520K), 0.9216780 secs]
2018-05-12T09:14:11.868+0000: 97291.489: [GC 8405490K->1492822K(14484800K), 0.9523220 secs]
2018-05-12T09:14:12.821+0000: 97292.441: [Full GC 1492822K->980998K(14484800K), 3.1012790 secs]
2018-05-12T09:15:17.575+0000: 97357.196: [GC 7930502K->1169100K(14484992K), 0.8741240 secs]
2018-05-12T09:16:17.294+0000: 97416.915: [GC 8119244K->1179390K(14480256K), 0.8675000 secs]
2018-05-12T09:17:20.019+0000: 97479.640: [GC 8129534K->1189507K(14483584K), 0.9484530 secs]
2018-05-12T09:18:20.880+0000: 97540.500: [GC 8137347K->1195951K(14483968K), 0.9648630 secs]
2018-05-12T09:19:36.537+0000: 97616.158: [GC 8143791K->1208734K(14480960K), 0.8033420 secs]
2018-05-12T09:20:33.327+0000: 97672.948: [GC 8153886K->1211226K(14482624K), 0.8623910 secs]
2018-05-12T09:21:34.380+0000: 97734.000: [GC 8156378K->1226356K(14480064K), 0.9706440 secs]
2018-05-12T09:22:35.794+0000: 97795.414: [GC 8169972K->1229773K(14474752K), 0.9158160 secs]
2018-05-12T09:23:36.231+0000: 97855.852: [GC 8173389K->1237632K(14481728K), 0.9580200 secs]
2018-05-12T09:25:03.384+0000: 97943.005: [GC 8180928K->1249238K(14476480K), 0.8026940 secs]
2018-05-12T09:26:25.021+0000: 98024.641: [GC 8192534K->1266786K(14476992K), 0.9071920 secs]
2018-05-12T09:27:36.268+0000: 98095.889: [GC 8204642K->1301556K(14478976K), 0.9530940 secs]
2018-05-12T09:28:32.516+0000: 98152.137: [GC 8239412K->1333021K(14450176K), 0.9616930 secs]
2018-05-12T09:29:28.197+0000: 98207.818: [GC 8242077K->1361145K(14449408K), 0.9523380 secs]
2018-05-12T09:30:18.349+0000: 98257.970: [GC 8270201K->1390406K(14462080K), 0.8845100 secs]
2018-05-12T09:31:11.403+0000: 98311.023: [GC 8296902K->1416504K(14463296K), 0.9216800 secs]
2018-05-12T09:32:04.384+0000: 98364.005: [GC 8323000K->1447952K(14464064K), 0.9428830 secs]
2018-05-12T09:32:58.542+0000: 98418.163: [GC 8355728K->1470467K(14463808K), 0.9225860 secs]
2018-05-12T09:35:38.221+0000: 98577.842: [GC 8378243K->1464510K(14463168K), 0.9133440 secs]
2018-05-12T09:36:45.405+0000: 98645.026: [GC 8372798K->1486353K(14464192K), 0.9756430 secs]
2018-05-12T09:37:50.718+0000: 98710.338: [GC 8394641K->1497400K(14466496K), 0.9278220 secs]
2018-05-12T09:38:54.739+0000: 98774.360: [GC 8408696K->1503828K(14464896K), 0.9612910 secs]
2018-05-12T09:39:57.629+0000: 98837.250: [GC 8415124K->1511476K(14468480K), 0.8170740 secs]
2018-05-12T09:40:58.115+0000: 98897.736: [GC 8427572K->1519888K(14467712K), 0.9280830 secs]
2018-05-12T09:42:00.457+0000: 98960.078: [GC 8435984K->1533065K(14470528K), 0.8749550 secs]
2018-05-12T09:43:04.788+0000: 99024.409: [GC 8452489K->1542663K(14468992K), 0.9581510 secs]
2018-05-12T09:44:03.190+0000: 99082.811: [GC 8462087K->1554003K(14473280K), 0.9423460 secs]
2018-05-12T09:45:01.191+0000: 99140.811: [GC 8479059K->1562557K(14471872K), 0.8596890 secs]
2018-05-12T09:45:58.569+0000: 99198.189: [GC 8487613K->1572199K(14475008K), 0.9445530 secs]
2018-05-12T09:47:00.490+0000: 99260.111: [GC 8501159K->1584833K(14474048K), 0.8295250 secs]
2018-05-12T09:48:01.434+0000: 99321.055: [GC 8513793K->1596407K(14475456K), 0.9201980 secs]
2018-05-12T09:49:01.699+0000: 99381.320: [GC 8527159K->1599989K(14475392K), 0.9441460 secs]
2018-05-12T09:50:04.473+0000: 99444.094: [GC 8530741K->1610651K(14476736K), 0.9176200 secs]
2018-05-12T09:51:05.364+0000: 99504.985: [GC 8543003K->1619042K(14475712K), 1.0015300 secs]
2018-05-12T09:52:06.544+0000: 99566.164: [GC 8551394K->1628759K(14477696K), 0.9474780 secs]
2018-05-12T09:53:09.210+0000: 99628.831: [GC 8563927K->1641563K(14477568K), 0.9639220 secs]
2018-05-12T09:54:08.450+0000: 99688.070: [GC 8576731K->1649144K(14479296K), 0.8606070 secs]
2018-05-12T09:55:13.437+0000: 99753.058: [GC 8586872K->1656087K(14478528K), 0.9309540 secs]
2018-05-12T09:56:12.420+0000: 99812.040: [GC 8593815K->1662395K(14480704K), 0.8568500 secs]
2018-05-12T09:57:08.417+0000: 99868.038: [GC 8602939K->1673171K(14479936K), 0.9221650 secs]
2018-05-12T10:01:32.516+0000: 100132.136: [GC 8613715K->1651618K(14473728K), 0.7426310 secs]
2018-05-12T10:02:36.557+0000: 100196.178: [GC 8585890K->1703153K(14477184K), 0.9976440 secs]
2018-05-12T10:03:38.494+0000: 100258.115: [GC 8637425K->1710630K(14479424K), 0.9097220 secs]
2018-05-12T10:04:39.288+0000: 100318.908: [GC 8648230K->1723652K(14473152K), 0.9486530 secs]
2018-05-12T10:05:43.427+0000: 100383.048: [GC 8661252K->1733789K(14478976K), 0.9556980 secs]
2018-05-12T10:06:53.523+0000: 100453.144: [GC 8670877K->1746585K(14478208K), 0.9577510 secs]
2018-05-12T10:07:54.411+0000: 100514.032: [GC 8683673K->1756603K(14479104K), 0.9825730 secs]
2018-05-12T10:08:57.435+0000: 100577.056: [GC 8694267K->1764845K(14478656K), 0.9219960 secs]
2018-05-12T10:09:57.697+0000: 100637.318: [GC 8702509K->1773009K(14480320K), 0.9238080 secs]
2018-05-12T10:11:02.010+0000: 100701.630: [GC 8712593K->1785827K(14479360K), 0.9559950 secs]
2018-05-12T10:12:06.224+0000: 100765.845: [GC 8725411K->1788009K(14480128K), 0.9092530 secs]
2018-05-12T10:13:20.591+0000: 100840.211: [GC 8727593K->1798661K(14479552K), 0.8881400 secs]
2018-05-12T10:14:15.930+0000: 100895.551: [GC 7958631K->1796638K(14477184K), 0.8047120 secs]
2018-05-12T10:14:16.735+0000: 100896.355: [Full GC 1796638K->1057111K(14477184K), 3.6241350 secs]
2018-05-12T10:15:14.035+0000: 100953.655: [GC 7995223K->1257184K(14478272K), 0.7801720 secs]
2018-05-12T10:16:09.912+0000: 101009.533: [GC 8195296K->1266134K(14475456K), 0.8707570 secs]
2018-05-12T10:17:12.007+0000: 101071.627: [GC 8199766K->1281474K(14471936K), 0.8047100 secs]
2018-05-12T10:18:13.633+0000: 101133.254: [GC 8215106K->1287286K(14476096K), 0.8810140 secs]
2018-05-12T10:19:16.676+0000: 101196.297: [GC 8218550K->1296551K(14475264K), 0.9118480 secs]
2018-05-12T10:20:21.846+0000: 101261.466: [GC 8227815K->1309181K(14478144K), 0.8551860 secs]
2018-05-12T10:21:22.066+0000: 101321.686: [GC 8244221K->1320020K(14476992K), 0.7679300 secs]
2018-05-12T10:22:24.922+0000: 101384.542: [GC 8255060K->1330735K(14479680K), 0.8470430 secs]
2018-05-12T10:23:22.995+0000: 101442.615: [GC 8269295K->1344197K(14478976K), 0.8497190 secs]
2018-05-12T10:24:24.818+0000: 101504.439: [GC 8282757K->1355837K(14480192K), 0.9058110 secs]
2018-05-12T10:25:26.411+0000: 101566.032: [GC 8296253K->1365821K(14480256K), 0.8708630 secs]
2018-05-12T10:26:29.230+0000: 101628.851: [GC 8306237K->1376321K(14481472K), 0.9433900 secs]
2018-05-12T10:27:28.902+0000: 101688.522: [GC 8318593K->1390244K(14480896K), 0.8592080 secs]
2018-05-12T10:28:27.385+0000: 101747.006: [GC 8332516K->1403100K(14478784K), 0.8183200 secs]
2018-05-12T10:29:25.860+0000: 101805.480: [GC 8342748K->1411261K(14479872K), 0.8783610 secs]
2018-05-12T10:30:27.665+0000: 101867.286: [GC 8350909K->1420905K(14480768K), 0.8442150 secs]
2018-05-12T10:31:26.389+0000: 101926.010: [GC 8361705K->1434964K(14478080K), 0.9465980 secs]
2018-05-12T10:32:26.654+0000: 101986.275: [GC 8375764K->1445313K(14480192K), 0.9634410 secs]
2018-05-12T10:33:29.840+0000: 102049.460: [GC 8385089K->1459671K(14479680K), 0.9791610 secs]
2018-05-12T10:34:33.180+0000: 102112.801: [GC 8399447K->1465666K(14480256K), 0.9011490 secs]
2018-05-12T10:35:32.132+0000: 102171.753: [GC 8405890K->1478512K(14480064K), 0.7968330 secs]
2018-05-12T10:36:32.212+0000: 102231.833: [GC 8418736K->1493083K(14480448K), 0.8660960 secs]
2018-05-12T10:37:32.281+0000: 102291.901: [GC 8434267K->1503161K(14477568K), 0.8565330 secs]
2018-05-12T10:38:30.487+0000: 102350.108: [GC 8444345K->1512355K(14480704K), 0.9753080 secs]
2018-05-12T10:39:33.355+0000: 102412.975: [GC 8453027K->1523154K(14480064K), 0.9867090 secs]
2018-05-12T10:40:35.161+0000: 102474.782: [GC 8463826K->1532615K(14481472K), 0.8476760 secs]
2018-05-12T10:41:38.324+0000: 102537.944: [GC 8475143K->1547492K(14481152K), 0.9221270 secs]
2018-05-12T10:42:51.348+0000: 102610.968: [GC 8490020K->1557092K(14481472K), 0.9416370 secs]
2018-05-12T10:43:47.457+0000: 102667.078: [GC 8499876K->1570110K(14480768K), 0.8903730 secs]
2018-05-12T10:44:40.645+0000: 102720.266: [GC 8512894K->1580506K(14479744K), 0.7885880 secs]
2018-05-12T10:45:35.181+0000: 102774.801: [GC 8520922K->1591581K(14477312K), 0.8380180 secs]
2018-05-12T10:46:31.391+0000: 102831.012: [GC 8531997K->1599861K(14480128K), 0.9968590 secs]
2018-05-12T10:47:43.678+0000: 102903.299: [GC 8539765K->1612086K(14479872K), 0.8851320 secs]
2018-05-12T10:49:00.529+0000: 102980.149: [GC 8551990K->1627180K(14477952K), 0.8312920 secs]
2018-05-12T10:50:10.826+0000: 103050.447: [GC 8565036K->1650666K(14478976K), 0.6108440 secs]
2018-05-12T10:51:26.196+0000: 103125.817: [GC 8588522K->1686721K(14433408K), 0.9237660 secs]
2018-05-12T10:52:40.188+0000: 103199.809: [GC 8579009K->1725749K(14456192K), 0.9320800 secs]
2018-05-12T10:53:40.300+0000: 103259.920: [GC 8618037K->1755444K(14459072K), 0.9252190 secs]
2018-05-12T10:54:48.386+0000: 103328.007: [GC 8651636K->1785669K(14457216K), 0.8819620 secs]
2018-05-12T10:55:39.527+0000: 103379.148: [GC 8681861K->1815284K(14461824K), 0.6980020 secs]
2018-05-12T10:57:02.287+0000: 103461.907: [GC 8717684K->1829259K(14460672K), 0.9723730 secs]
2018-05-12T10:59:37.821+0000: 103617.442: [GC 8731659K->1841702K(14462080K), 0.8892300 secs]
2018-05-12T11:01:01.536+0000: 103701.157: [GC 8745446K->1797507K(14364032K), 0.5708340 secs]
2018-05-12T11:02:11.856+0000: 103771.477: [GC 8701251K->1885171K(14453696K), 0.9415040 secs]
2018-05-12T11:03:02.363+0000: 103821.983: [GC 8769075K->1866723K(14450304K), 0.7465230 secs]
2018-05-12T11:03:45.093+0000: 103864.714: [GC 8750627K->1876998K(14451136K), 0.7706570 secs]
2018-05-12T11:04:57.268+0000: 103936.889: [GC 8760710K->1911477K(14451904K), 0.9105180 secs]
2018-05-12T11:06:27.626+0000: 104027.246: [GC 8795189K->1892953K(14453056K), 0.6076290 secs]
2018-05-12T11:07:34.781+0000: 104094.401: [GC 8780889K->1914999K(14454016K), 0.7706900 secs]
2018-05-12T11:09:04.349+0000: 104183.969: [GC 8802935K->1947447K(14458176K), 0.8760110 secs]
2018-05-12T11:09:53.273+0000: 104232.894: [GC 8840375K->1929916K(14454848K), 0.5792300 secs]
2018-05-12T11:10:57.381+0000: 104297.002: [GC 8822844K->1961153K(14460416K), 0.7959820 secs]
2018-05-12T11:12:09.632+0000: 104369.253: [GC 8858945K->1947570K(14457472K), 0.6844660 secs]
2018-05-12T11:13:21.565+0000: 104441.185: [GC 8845362K->2003043K(14456320K), 0.9461000 secs]
2018-05-12T11:14:20.367+0000: 104499.988: [GC 7029967K->1957956K(14374656K), 0.6679030 secs]
2018-05-12T11:14:21.035+0000: 104500.656: [Full GC 1957956K->1153300K(14374656K), 3.8151860 secs]
2018-05-12T11:15:27.299+0000: 104566.920: [GC 8048916K->1307560K(14457408K), 0.6301380 secs]
2018-05-12T11:17:15.092+0000: 104674.713: [GC 8200616K->1391143K(14438016K), 0.8498530 secs]
2018-05-12T11:18:09.381+0000: 104729.002: [GC 8284199K->1431009K(14444544K), 0.9517770 secs]
2018-05-12T11:18:44.625+0000: 104764.246: [GC 8305761K->1404860K(14447424K), 0.6399680 secs]
2018-05-12T11:19:49.065+0000: 104828.686: [GC 8279612K->1476729K(14438464K), 0.8050450 secs]
2018-05-12T11:20:40.857+0000: 104880.477: [GC 8343417K->1500916K(14404608K), 0.8386520 secs]
2018-05-12T11:21:33.644+0000: 104933.265: [GC 8367604K->1524767K(14439744K), 0.9282530 secs]
2018-05-12T11:22:31.201+0000: 104990.821: [GC 8386207K->1550014K(14400896K), 0.9549520 secs]
2018-05-12T11:23:25.754+0000: 105045.374: [GC 8411454K->1573562K(14439168K), 0.9359660 secs]
2018-05-12T11:24:21.610+0000: 105101.231: [GC 8432570K->1593971K(14439552K), 0.9044500 secs]
2018-05-12T11:25:14.510+0000: 105154.131: [GC 8452979K->1617030K(14441536K), 0.8538360 secs]
2018-05-12T11:26:06.357+0000: 105205.977: [GC 8478790K->1640088K(14440320K), 0.9462630 secs]
2018-05-12T11:26:59.466+0000: 105259.087: [GC 8501848K->1661089K(14443584K), 0.8642840 secs]
2018-05-12T11:27:52.588+0000: 105312.208: [GC 8526561K->1685065K(14441984K), 0.8118760 secs]
2018-05-12T11:28:47.652+0000: 105367.273: [GC 8550537K->1712104K(14444864K), 0.9124150 secs]
2018-05-12T11:29:42.469+0000: 105422.089: [GC 8581544K->1732219K(14444672K), 0.9683040 secs]
2018-05-12T11:30:34.442+0000: 105474.063: [GC 8601659K->1754601K(14447424K), 0.8349680 secs]
2018-05-12T11:31:25.428+0000: 105525.048: [GC 8628521K->1777096K(14446592K), 0.9603640 secs]
2018-05-12T11:32:19.273+0000: 105578.893: [GC 8651016K->1801110K(14451072K), 0.9460410 secs]
2018-05-12T11:33:14.318+0000: 105633.939: [GC 8681046K->1825745K(14448960K), 0.9303670 secs]
2018-05-12T11:34:07.420+0000: 105687.041: [GC 8705681K->1849336K(14454144K), 0.8784470 secs]
2018-05-12T11:35:01.820+0000: 105741.440: [GC 8736376K->1875442K(14452992K), 0.8874910 secs]
2018-05-12T11:35:57.191+0000: 105796.811: [GC 8762482K->1894736K(14456192K), 0.7908820 secs]
2018-05-12T11:36:51.469+0000: 105851.090: [GC 8785488K->1916602K(14454656K), 0.8759650 secs]
2018-05-12T11:37:45.038+0000: 105904.659: [GC 8807354K->1940923K(14458560K), 0.9631360 secs]
2018-05-12T11:38:38.528+0000: 105958.149: [GC 8837179K->1962724K(14457792K), 0.8646830 secs]
2018-05-12T11:39:34.358+0000: 106013.979: [GC 8858980K->1985989K(14460096K), 0.9594420 secs]
2018-05-12T11:40:31.514+0000: 106071.134: [GC 8885637K->2009764K(14459648K), 0.9053560 secs]
2018-05-12T11:41:32.412+0000: 106132.033: [GC 8909412K->2027681K(14462592K), 0.9222420 secs]
2018-05-12T11:42:30.100+0000: 106189.721: [GC 8931041K->2059987K(14460864K), 0.9685340 secs]
2018-05-12T11:43:27.508+0000: 106247.129: [GC 8963347K->2081596K(14464512K), 0.9580150 secs]
2018-05-12T11:44:22.404+0000: 106302.025: [GC 8988988K->2105829K(14462976K), 0.9607700 secs]
2018-05-12T11:45:30.457+0000: 106370.077: [GC 9013221K->2126957K(14466112K), 0.9394720 secs]
2018-05-12T11:46:30.541+0000: 106430.161: [GC 9037933K->2157335K(14464960K), 0.9690200 secs]
2018-05-12T11:47:44.532+0000: 106504.153: [GC 9068311K->2182538K(14465728K), 0.8298520 secs]
2018-05-12T11:48:42.855+0000: 106562.476: [GC 9094666K->2212753K(14466112K), 0.9399890 secs]
2018-05-12T11:49:38.371+0000: 106617.992: [GC 9124881K->2236697K(14467136K), 0.9399830 secs]
2018-05-12T11:50:51.082+0000: 106690.703: [GC 9150361K->2263414K(14466624K), 0.8472200 secs]
2018-05-12T11:51:59.875+0000: 106759.496: [GC 9177078K->2292612K(14468288K), 0.9362590 secs]
2018-05-12T11:53:07.275+0000: 106826.895: [GC 9208004K->2323703K(14467200K), 0.9409630 secs]
2018-05-12T11:54:09.635+0000: 106889.256: [GC 9239095K->2354550K(14469376K), 0.9549490 secs]
2018-05-12T11:55:11.930+0000: 106951.551: [GC 9273142K->2381211K(14463232K), 0.9162940 secs]
2018-05-12T11:56:08.709+0000: 107008.330: [GC 9299803K->2403638K(14469888K), 0.9364000 secs]
2018-05-12T11:57:12.928+0000: 107072.549: [GC 9322422K->2431114K(14468992K), 0.9488120 secs]
2018-05-12T11:58:15.388+0000: 107135.008: [GC 9349898K->2461011K(14469824K), 0.9056460 secs]
2018-05-12T11:59:31.389+0000: 107211.010: [GC 9380371K->2489029K(14469632K), 0.9310620 secs]
2018-05-12T12:00:30.990+0000: 107270.611: [GC 9408389K->2499713K(14464384K), 0.7384650 secs]
2018-05-12T12:01:42.187+0000: 107341.807: [GC 9414529K->2547906K(14467456K), 0.9006880 secs]
2018-05-12T12:02:53.451+0000: 107413.071: [GC 9462722K->2578312K(14468800K), 0.9294850 secs]
2018-05-12T12:04:05.359+0000: 107484.980: [GC 9495304K->2607117K(14468288K), 0.9420650 secs]
2018-05-12T12:05:12.384+0000: 107552.005: [GC 9524109K->2640633K(14468800K), 0.9088920 secs]
2018-05-12T12:06:39.714+0000: 107639.335: [GC 9558137K->2671584K(14468800K), 0.7635810 secs]
2018-05-12T12:08:12.004+0000: 107731.625: [GC 9589088K->2713479K(14466240K), 0.9306670 secs]
2018-05-12T12:09:21.675+0000: 107801.296: [GC 9628551K->2750852K(14467584K), 0.7429700 secs]
2018-05-12T12:10:14.075+0000: 107853.696: [GC 9665924K->2785130K(14467456K), 0.7904870 secs]
2018-05-12T12:11:07.833+0000: 107907.454: [GC 9700074K->2805304K(14467520K), 0.9195840 secs]
2018-05-12T12:12:06.374+0000: 107965.995: [GC 9720248K->2820268K(14465920K), 0.9316960 secs]
2018-05-12T12:13:03.394+0000: 108023.015: [GC 9734188K->2834453K(14467008K), 0.9259490 secs]
2018-05-12T12:13:55.680+0000: 108075.300: [GC 9748373K->2852484K(14467968K), 0.9556910 secs]
2018-05-12T12:14:24.859+0000: 108104.479: [GC 6707314K->2788648K(14367936K), 0.5418730 secs]
2018-05-12T12:14:25.401+0000: 108105.021: [Full GC 2788648K->1166646K(14367936K), 3.8690310 secs]
2018-05-12T12:15:22.140+0000: 108161.761: [GC 8081014K->1369465K(14452928K), 0.7561580 secs]
2018-05-12T12:16:18.458+0000: 108218.078: [GC 8256761K->1393793K(14453696K), 0.9774560 secs]
2018-05-12T12:17:11.711+0000: 108271.332: [GC 8281089K->1415660K(14454912K), 0.8924660 secs]
2018-05-12T12:18:06.470+0000: 108326.090: [GC 8304556K->1436557K(14454080K), 0.9242430 secs]
2018-05-12T12:19:00.730+0000: 108380.350: [GC 8325453K->1458917K(14458304K), 0.9274210 secs]
2018-05-12T12:19:53.244+0000: 108432.865: [GC 8353253K->1490555K(14456128K), 0.9184060 secs]
2018-05-12T12:20:43.587+0000: 108483.208: [GC 8384891K->1513872K(14457984K), 0.7732260 secs]
2018-05-12T12:21:35.427+0000: 108535.048: [GC 8408272K->1532625K(14456512K), 0.9623860 secs]
2018-05-12T12:22:36.206+0000: 108595.826: [GC 8427025K->1545952K(14460736K), 1.0125960 secs]
2018-05-12T12:25:07.957+0000: 108747.577: [GC 8447136K->1546194K(14423680K), 0.8575670 secs]
2018-05-12T12:26:16.332+0000: 108815.952: [GC 8447378K->1570245K(14461952K), 0.9982450 secs]
2018-05-12T12:27:21.916+0000: 108881.537: [GC 8472581K->1578192K(14460480K), 0.9732030 secs]
2018-05-12T12:28:29.143+0000: 108948.764: [GC 8480528K->1585289K(14464896K), 0.8373190 secs]
2018-05-12T12:29:36.127+0000: 109015.748: [GC 8493641K->1595858K(14463552K), 0.8287860 secs]
2018-05-12T12:30:41.344+0000: 109080.965: [GC 8504210K->1605371K(14468608K), 0.8908450 secs]
2018-05-12T12:31:50.392+0000: 109150.013: [GC 8520571K->1612275K(14466688K), 0.9750760 secs]
2018-05-12T12:32:57.824+0000: 109217.445: [GC 8527475K->1618345K(14471296K), 0.9615750 secs]
2018-05-12T12:34:05.255+0000: 109284.875: [GC 8539625K->1630765K(14470080K), 0.9628050 secs]
2018-05-12T12:35:11.699+0000: 109351.320: [GC 8552045K->1638670K(14473792K), 0.8763880 secs]
2018-05-12T12:36:15.389+0000: 109415.010: [GC 8564942K->1648907K(14472576K), 0.9337770 secs]
2018-05-12T12:37:19.552+0000: 109479.173: [GC 8575179K->1653816K(14475456K), 0.9529270 secs]
2018-05-12T12:38:25.866+0000: 109545.486: [GC 8583928K->1662349K(14474752K), 0.9260910 secs]
2018-05-12T12:39:35.597+0000: 109615.217: [GC 8592461K->1672509K(14477248K), 0.9634200 secs]
2018-05-12T12:40:42.546+0000: 109682.167: [GC 8605949K->1683449K(14476288K), 0.9044680 secs]
2018-05-12T12:41:44.772+0000: 109744.393: [GC 8616889K->1686336K(14478272K), 0.9751320 secs]
2018-05-12T12:42:52.696+0000: 109812.316: [GC 8622400K->1697138K(14477888K), 0.9871940 secs]
2018-05-12T12:44:00.112+0000: 109879.733: [GC 8633202K->1702148K(14479488K), 0.9793370 secs]
2018-05-12T12:45:09.449+0000: 109949.070: [GC 8640708K->1712088K(14479168K), 0.8623810 secs]
2018-05-12T12:46:21.295+0000: 110020.915: [GC 8650648K->1721274K(14480960K), 0.9615170 secs]
2018-05-12T12:47:26.599+0000: 110086.220: [GC 8662394K->1731362K(14480256K), 0.9659480 secs]
2018-05-12T12:48:33.140+0000: 110152.760: [GC 8672482K->1742923K(14480768K), 0.9396050 secs]
2018-05-12T12:49:38.074+0000: 110217.695: [GC 8685131K->1743494K(14462080K), 0.7947540 secs]
2018-05-12T12:49:55.226+0000: 110234.847: [GC 8685702K->1668520K(14449792K), 0.4500080 secs]
2018-05-12T12:50:11.770+0000: 110251.391: [GC 8577960K->1679075K(14350144K), 0.4213230 secs]
2018-05-12T12:50:30.962+0000: 110270.582: [GC 8588515K->1676009K(14436608K), 0.3780330 secs]
2018-05-12T12:50:47.628+0000: 110287.249: [GC 8546921K->1691035K(14311488K), 0.4282820 secs]
2018-05-12T12:51:05.740+0000: 110305.361: [GC 8561947K->1693108K(14435840K), 0.4213910 secs]
2018-05-12T12:51:22.255+0000: 110321.876: [GC 8550324K->1710561K(14296512K), 0.4385370 secs]
2018-05-12T12:51:38.767+0000: 110338.388: [GC 8567777K->1728567K(14440832K), 0.4789620 secs]
2018-05-12T12:51:55.470+0000: 110355.091: [GC 8587831K->1735606K(14438528K), 0.4475050 secs]
2018-05-12T12:52:12.635+0000: 110372.255: [GC 8594870K->1747948K(14446592K), 0.4542200 secs]
2018-05-12T12:52:29.382+0000: 110389.002: [GC 8617708K->1758957K(14443264K), 0.4504810 secs]
2018-05-12T12:52:46.745+0000: 110406.365: [GC 8628717K->1770701K(14455488K), 0.4874700 secs]
2018-05-12T12:53:03.383+0000: 110423.004: [GC 8656589K->1776306K(14450496K), 0.4532140 secs]
2018-05-12T12:53:20.661+0000: 110440.281: [GC 8662194K->1777129K(14464512K), 0.4533150 secs]
2018-05-12T12:53:38.243+0000: 110457.864: [GC 8681769K->1780443K(14460224K), 0.4353610 secs]
2018-05-12T12:53:54.563+0000: 110474.184: [GC 8685083K->1786592K(14473984K), 0.4428050 secs]
2018-05-12T12:54:11.239+0000: 110490.860: [GC 8709472K->1788466K(14468992K), 0.4522730 secs]
2018-05-12T12:54:28.080+0000: 110507.701: [GC 8711346K->1790268K(14483456K), 0.4187540 secs]
2018-05-12T12:54:45.437+0000: 110525.057: [GC 8732476K->1792626K(14478848K), 0.4043450 secs]
2018-05-12T12:55:02.024+0000: 110541.645: [GC 8734834K->1796105K(14492160K), 0.3590100 secs]
2018-05-12T12:55:17.829+0000: 110557.450: [GC 8755977K->1807480K(14487808K), 0.4375700 secs]
2018-05-12T12:55:34.024+0000: 110573.645: [GC 8767352K->1810252K(14503232K), 0.4247310 secs]
2018-05-12T12:55:50.144+0000: 110589.765: [GC 8791244K->1815001K(14497856K), 0.4387950 secs]
2018-05-12T12:56:08.645+0000: 110608.266: [GC 8795993K->1806670K(14510720K), 0.3733720 secs]
2018-05-12T12:56:25.512+0000: 110625.132: [GC 8805390K->1822137K(14508096K), 0.4034780 secs]
2018-05-12T12:56:41.823+0000: 110641.444: [GC 8820857K->1832817K(14521536K), 0.4629400 secs]
2018-05-12T12:56:58.082+0000: 110657.702: [GC 8849969K->1834978K(14515712K), 0.4362070 secs]
2018-05-12T12:57:15.448+0000: 110675.069: [GC 8852130K->1838584K(14531136K), 0.4213970 secs]
2018-05-12T12:57:31.572+0000: 110691.192: [GC 8876152K->1848585K(14526528K), 0.4251830 secs]
2018-05-12T12:57:49.492+0000: 110709.112: [GC 8886153K->1844435K(14537600K), 0.3598450 secs]
2018-05-12T12:58:06.253+0000: 110725.874: [GC 8897363K->1862132K(14535424K), 0.4522000 secs]
2018-05-12T12:58:22.627+0000: 110742.247: [GC 8915060K->1871332K(14545536K), 0.4541710 secs]
2018-05-12T12:58:40.382+0000: 110760.003: [GC 8938596K->1881881K(14541824K), 0.4778300 secs]
2018-05-12T12:58:56.349+0000: 110775.969: [GC 8949145K->1870737K(14548352K), 0.3738370 secs]
2018-05-12T12:59:13.151+0000: 110792.771: [GC 8946321K->1890808K(14547328K), 0.4461640 secs]
2018-05-12T12:59:29.258+0000: 110808.878: [GC 8966385K->1901883K(14552896K), 0.4688710 secs]
2018-05-12T12:59:46.247+0000: 110825.868: [GC 8986363K->1899886K(14551680K), 0.4052350 secs]
2018-05-12T13:00:02.364+0000: 110841.985: [GC 8984366K->1916779K(14556992K), 0.3944620 secs]
2018-05-12T13:00:18.345+0000: 110857.965: [GC 9008491K->1929359K(14554816K), 0.4173560 secs]
2018-05-12T13:00:34.664+0000: 110874.285: [GC 9021071K->1937365K(14559232K), 0.4223760 secs]
2018-05-12T13:00:51.414+0000: 110891.034: [GC 9034325K->1947838K(14557824K), 0.4818680 secs]
2018-05-12T13:01:09.725+0000: 110909.346: [GC 9044798K->1937312K(14559296K), 0.3786670 secs]
2018-05-12T13:01:26.339+0000: 110925.960: [GC 9035808K->1961516K(14559296K), 0.4763240 secs]
2018-05-12T13:01:42.668+0000: 110942.288: [GC 9060012K->1967613K(14560896K), 0.4617200 secs]
2018-05-12T13:02:02.854+0000: 110962.475: [GC 9068093K->1966114K(14559680K), 0.3985170 secs]
2018-05-12T13:02:18.562+0000: 110978.183: [GC 9066594K->1993171K(14561216K), 0.4491300 secs]
2018-05-12T13:02:35.606+0000: 110995.226: [GC 9095507K->1996897K(14561216K), 0.4111350 secs]
2018-05-12T13:02:52.394+0000: 111012.014: [GC 9099233K->2024209K(14560256K), 0.4768570 secs]
2018-05-12T13:03:10.691+0000: 111030.311: [GC 9126929K->2034730K(14561408K), 0.4491880 secs]
2018-05-12T13:03:26.265+0000: 111045.886: [GC 9137450K->2055541K(14561088K), 0.4738770 secs]
2018-05-12T13:03:43.230+0000: 111062.850: [GC 9159029K->2064351K(14561792K), 0.4576390 secs]
2018-05-12T13:04:00.661+0000: 111080.281: [GC 9167839K->2070535K(14563904K), 0.4039740 secs]
2018-05-12T13:04:18.671+0000: 111098.292: [GC 9177991K->2082664K(14563648K), 0.3924310 secs]
2018-05-12T13:04:34.999+0000: 111114.619: [GC 9190120K->2100745K(14566528K), 0.4471470 secs]
2018-05-12T13:04:51.784+0000: 111131.405: [GC 9211785K->2110789K(14564608K), 0.4566680 secs]
2018-05-12T13:05:07.187+0000: 111146.807: [GC 9221829K->2115578K(14568896K), 0.3913950 secs]
2018-05-12T13:05:23.350+0000: 111162.971: [GC 9232122K->2124696K(14567744K), 0.4285840 secs]
2018-05-12T13:05:39.387+0000: 111179.008: [GC 9241240K->2133888K(14571328K), 0.4338730 secs]
2018-05-12T13:05:55.866+0000: 111195.486: [GC 9255232K->2149638K(14570112K), 0.4363590 secs]
2018-05-12T13:06:11.135+0000: 111210.756: [GC 9270982K->2159670K(14569984K), 0.4758670 secs]
2018-05-12T13:06:27.345+0000: 111226.966: [GC 9279926K->2173410K(14564288K), 0.4635040 secs]
2018-05-12T13:06:43.318+0000: 111242.938: [GC 9293666K->2191237K(14565248K), 0.5009850 secs]
2018-05-12T13:07:00.581+0000: 111260.201: [GC 9305221K->2210580K(14563136K), 0.4941460 secs]
2018-05-12T13:07:15.216+0000: 111274.837: [GC 9324564K->2217012K(14566016K), 0.4712880 secs]
2018-05-12T13:07:31.380+0000: 111291.001: [GC 9327476K->2231727K(14564544K), 0.4807930 secs]
2018-05-12T13:07:47.610+0000: 111307.230: [GC 9342191K->2243358K(14568192K), 0.4705860 secs]
2018-05-12T13:08:03.619+0000: 111323.240: [GC 9358622K->2254077K(14567168K), 0.4647410 secs]
2018-05-12T13:08:19.482+0000: 111339.103: [GC 9369341K->2267904K(14568064K), 0.4660030 secs]
2018-05-12T13:08:35.549+0000: 111355.170: [GC 9384832K->2274058K(14568512K), 0.4604040 secs]
2018-05-12T13:08:51.482+0000: 111371.103: [GC 9390986K->2282120K(14570432K), 0.4688710 secs]
2018-05-12T13:09:07.364+0000: 111386.985: [GC 9401992K->2288006K(14569536K), 0.4518300 secs]
2018-05-12T13:09:23.632+0000: 111403.253: [GC 9407878K->2293475K(14571712K), 0.4686300 secs]
2018-05-12T13:09:40.012+0000: 111419.633: [GC 9416163K->2296113K(14571072K), 0.4384230 secs]
2018-05-12T13:09:56.646+0000: 111436.266: [GC 9418801K->2302639K(14572864K), 0.4150270 secs]
2018-05-12T13:10:11.378+0000: 111450.999: [GC 9427439K->2307356K(14572032K), 0.4276010 secs]
2018-05-12T13:10:27.772+0000: 111467.393: [GC 9432156K->2307096K(14573248K), 0.3971550 secs]
2018-05-12T13:10:42.866+0000: 111482.487: [GC 9433752K->2310708K(14573376K), 0.4109890 secs]
2018-05-12T13:10:58.425+0000: 111498.045: [GC 9437364K->2315313K(14573760K), 0.3967840 secs]
2018-05-12T13:11:15.065+0000: 111514.685: [GC 9442417K->2321034K(14573440K), 0.4520950 secs]
2018-05-12T13:11:31.142+0000: 111530.762: [GC 9448138K->2323463K(14573888K), 0.4583330 secs]
2018-05-12T13:11:47.606+0000: 111547.227: [GC 9451399K->2324092K(14558080K), 0.4093210 secs]
2018-05-12T13:12:03.515+0000: 111563.136: [GC 9452028K->2330992K(14574144K), 0.4481630 secs]
2018-05-12T13:12:19.914+0000: 111579.534: [GC 9458736K->2335767K(14573696K), 0.4511180 secs]
2018-05-12T13:12:35.743+0000: 111595.364: [GC 9463511K->2342217K(14575360K), 0.4350470 secs]
2018-05-12T13:12:51.864+0000: 111611.485: [GC 9472265K->2343121K(14574784K), 0.4322480 secs]
2018-05-12T13:13:08.105+0000: 111627.726: [GC 9473169K->2348339K(14576000K), 0.4484340 secs]
2018-05-12T13:13:23.887+0000: 111643.508: [GC 9479795K->2355525K(14575552K), 0.4366590 secs]
2018-05-12T13:13:41.492+0000: 111661.112: [GC 9486981K->2361604K(14577344K), 0.4235430 secs]
2018-05-12T13:13:57.560+0000: 111677.181: [GC 9495620K->2366755K(14576768K), 0.4280480 secs]
2018-05-12T13:14:13.151+0000: 111692.772: [GC 9500771K->2370922K(14578304K), 0.4174430 secs]
2018-05-12T13:14:28.886+0000: 111708.506: [GC 9507114K->2375953K(14577984K), 0.4395210 secs]
2018-05-12T13:14:29.332+0000: 111708.953: [GC 2376131K->2376730K(14547968K), 0.2231680 secs]
2018-05-12T13:14:29.555+0000: 111709.176: [Full GC 2376730K->1231004K(14547968K), 3.6872860 secs]
2018-05-12T13:14:48.080+0000: 111727.701: [GC 8337692K->1326781K(14542528K), 0.4153840 secs]
2018-05-12T13:15:02.283+0000: 111741.904: [GC 8433469K->1333354K(14564096K), 0.4282020 secs]
2018-05-12T13:15:17.770+0000: 111757.390: [GC 8440042K->1341076K(14562688K), 0.4961140 secs]
2018-05-12T13:15:33.430+0000: 111773.051: [GC 8447764K->1342904K(14564608K), 0.4326510 secs]
2018-05-12T13:15:49.074+0000: 111788.694: [GC 8451384K->1345608K(14563968K), 0.4353960 secs]
2018-05-12T13:16:06.765+0000: 111806.385: [GC 8454088K->1353069K(14565120K), 0.4655240 secs]
2018-05-12T13:16:21.321+0000: 111820.942: [GC 8463853K->1352514K(14565440K), 0.4151880 secs]
2018-05-12T13:16:36.632+0000: 111836.253: [GC 8463298K->1362499K(14568320K), 0.4458880 secs]
2018-05-12T13:16:52.225+0000: 111851.845: [GC 8478275K->1365291K(14567552K), 0.4360150 secs]
2018-05-12T13:17:07.682+0000: 111867.303: [GC 8481067K->1370843K(14569792K), 0.4377930 secs]
2018-05-12T13:17:23.455+0000: 111883.076: [GC 8489883K->1374124K(14569344K), 0.4335950 secs]
2018-05-12T13:17:40.303+0000: 111899.924: [GC 8493164K->1381862K(14570496K), 0.4534990 secs]
2018-05-12T13:17:56.501+0000: 111916.122: [GC 8503014K->1386042K(14570624K), 0.5033590 secs]
2018-05-12T13:18:14.540+0000: 111934.161: [GC 8507194K->1391385K(14570816K), 0.4842020 secs]
2018-05-12T13:22:09.475+0000: 112169.096: [GC 8513049K->1399316K(14561088K), 0.3716910 secs]
2018-05-12T13:22:25.865+0000: 112185.486: [GC 8520980K->1417846K(14571136K), 0.4472590 secs]
2018-05-12T13:22:42.710+0000: 112202.331: [GC 8538870K->1428313K(14569984K), 0.4439620 secs]
2018-05-12T13:23:00.328+0000: 112219.948: [GC 8549337K->1433179K(14572544K), 0.4052790 secs]
2018-05-12T13:23:17.591+0000: 112237.212: [GC 8557275K->1436437K(14571648K), 0.4045270 secs]
2018-05-12T13:23:34.591+0000: 112254.212: [GC 8560533K->1447913K(14572544K), 0.4616770 secs]
2018-05-12T13:23:51.953+0000: 112271.574: [GC 8574185K->1448767K(14573184K), 0.4368380 secs]
2018-05-12T13:24:08.835+0000: 112288.456: [GC 8575039K->1453354K(14575552K), 0.4462640 secs]
2018-05-12T13:24:26.665+0000: 112306.285: [GC 8583338K->1459088K(14574528K), 0.4323170 secs]
2018-05-12T13:24:43.911+0000: 112323.532: [GC 8589072K->1465808K(14576832K), 0.4379620 secs]
2018-05-12T13:25:01.394+0000: 112341.015: [GC 8599120K->1468677K(14576576K), 0.3928910 secs]
2018-05-12T13:25:18.555+0000: 112358.176: [GC 8601989K->1475994K(14577856K), 0.4636930 secs]
2018-05-12T13:25:37.060+0000: 112376.681: [GC 8611162K->1481367K(14577408K), 0.4556770 secs]
2018-05-12T13:25:53.549+0000: 112393.170: [GC 8616535K->1480701K(14577792K), 0.4089180 secs]
2018-05-12T13:26:10.850+0000: 112410.471: [GC 8615805K->1489783K(14577408K), 0.4510730 secs]
2018-05-12T13:26:28.209+0000: 112427.829: [GC 8624887K->1499532K(14576512K), 0.4429350 secs]
2018-05-12T13:26:45.335+0000: 112444.955: [GC 8634380K->1503569K(14577472K), 0.3983310 secs]
2018-05-12T13:27:02.996+0000: 112462.616: [GC 8638417K->1510481K(14578560K), 0.4390830 secs]
2018-05-12T13:27:20.021+0000: 112479.641: [GC 8647249K->1518261K(14578304K), 0.4567960 secs]
2018-05-12T13:27:37.071+0000: 112496.692: [GC 8655029K->1524619K(14578048K), 0.4483500 secs]
2018-05-12T13:27:54.431+0000: 112514.052: [GC 8661003K->1525336K(14578240K), 0.4429810 secs]
2018-05-12T13:28:13.227+0000: 112532.848: [GC 8661720K->1536218K(14576640K), 0.4498080 secs]
2018-05-12T13:28:30.367+0000: 112549.988: [GC 8671194K->1538536K(14577536K), 0.4269980 secs]
2018-05-12T13:28:47.561+0000: 112567.182: [GC 8673512K->1547736K(14578496K), 0.4430600 secs]
2018-05-12T13:29:06.153+0000: 112585.774: [GC 8684248K->1555706K(14575872K), 0.4751350 secs]
2018-05-12T13:29:23.237+0000: 112602.858: [GC 8692218K->1551197K(14577088K), 0.4249910 secs]
2018-05-12T13:29:40.507+0000: 112620.128: [GC 8685789K->1563489K(14571840K), 0.4758990 secs]
2018-05-12T13:29:57.762+0000: 112637.383: [GC 8698081K->1564889K(14577728K), 0.3928470 secs]
2018-05-12T13:30:16.053+0000: 112655.673: [GC 8699801K->1573074K(14577280K), 0.4126940 secs]
2018-05-12T13:30:32.522+0000: 112672.143: [GC 8707986K->1573047K(14577408K), 0.3930630 secs]
2018-05-12T13:30:51.083+0000: 112690.704: [GC 8708023K->1582605K(14577536K), 0.4559110 secs]
2018-05-12T13:31:08.188+0000: 112707.808: [GC 8717581K->1582092K(14577984K), 0.4327530 secs]
2018-05-12T13:31:27.185+0000: 112726.806: [GC 8717708K->1592127K(14577728K), 0.4402900 secs]
2018-05-12T13:31:44.924+0000: 112744.545: [GC 8727743K->1595841K(14578368K), 0.4377850 secs]
2018-05-12T13:32:02.107+0000: 112761.728: [GC 8732289K->1602549K(14578176K), 0.4536050 secs]
2018-05-12T13:32:19.728+0000: 112779.349: [GC 8738997K->1605526K(14579392K), 0.4401280 secs]
2018-05-12T13:32:37.311+0000: 112796.932: [GC 8743702K->1613522K(14578880K), 0.4614590 secs]
2018-05-12T13:32:56.571+0000: 112816.192: [GC 8751698K->1615852K(14579776K), 0.4404460 secs]
2018-05-12T13:33:16.143+0000: 112835.763: [GC 8754732K->1604123K(14555264K), 0.3255860 secs]
2018-05-12T13:33:33.442+0000: 112853.062: [GC 8743003K->1635298K(14568384K), 0.5098420 secs]
2018-05-12T13:33:50.595+0000: 112870.216: [GC 8760802K->1635827K(14564480K), 0.4599890 secs]
2018-05-12T13:34:08.129+0000: 112887.750: [GC 8761331K->1643591K(14569152K), 0.4090700 secs]
2018-05-12T13:34:24.208+0000: 112903.829: [GC 8764999K->1642767K(14570752K), 0.4645900 secs]
2018-05-12T13:34:41.602+0000: 112921.223: [GC 8764175K->1647125K(14573056K), 0.4375570 secs]
2018-05-12T13:34:58.525+0000: 112938.145: [GC 8772053K->1650579K(14571968K), 0.4024600 secs]
2018-05-12T13:35:16.669+0000: 112956.290: [GC 8775507K->1665309K(14570560K), 0.4594070 secs]
2018-05-12T13:35:33.756+0000: 112973.376: [GC 8789405K->1664309K(14572096K), 0.4425200 secs]
2018-05-12T13:35:51.291+0000: 112990.912: [GC 8788405K->1664828K(14573376K), 0.4156450 secs]
2018-05-12T13:36:08.264+0000: 113007.885: [GC 8791228K->1672108K(14573120K), 0.4687480 secs]
2018-05-12T13:36:26.443+0000: 113026.064: [GC 8798508K->1679072K(14574336K), 0.4582820 secs]
2018-05-12T13:36:43.957+0000: 113043.577: [GC 8807456K->1676947K(14574144K), 0.4207200 secs]
2018-05-12T13:37:01.212+0000: 113060.832: [GC 8805331K->1686482K(14575296K), 0.4430800 secs]
2018-05-12T13:37:18.462+0000: 113078.082: [GC 8816018K->1689703K(14574336K), 0.4442870 secs]
2018-05-12T13:37:37.899+0000: 113097.519: [GC 8819239K->1696441K(14576832K), 0.4289580 secs]
2018-05-12T13:37:54.742+0000: 113114.363: [GC 8829113K->1702545K(14575936K), 0.4278630 secs]
2018-05-12T13:38:11.389+0000: 113131.010: [GC 8835217K->1714560K(14574656K), 0.4538370 secs]
2018-05-12T13:38:28.854+0000: 113148.475: [GC 8846720K->1712557K(14576128K), 0.4080400 secs]
2018-05-12T13:38:46.832+0000: 113166.452: [GC 8844717K->1716767K(14576576K), 0.4509180 secs]
2018-05-12T13:39:04.742+0000: 113184.363: [GC 8849567K->1725350K(14576320K), 0.4349380 secs]
2018-05-12T13:39:22.121+0000: 113201.742: [GC 8858150K->1733116K(14576576K), 0.4384570 secs]
2018-05-12T13:39:39.165+0000: 113218.786: [GC 8866684K->1741547K(14574016K), 0.4659480 secs]
2018-05-12T13:39:55.710+0000: 113235.331: [GC 8875115K->1745574K(14574464K), 0.4216450 secs]
2018-05-12T13:40:14.547+0000: 113254.168: [GC 8875558K->1742407K(14575040K), 0.3763240 secs]
2018-05-12T13:40:32.630+0000: 113272.250: [GC 8872391K->1753927K(14575488K), 0.3901570 secs]
2018-05-12T13:40:49.445+0000: 113289.066: [GC 8884423K->1765012K(14572672K), 0.4550920 secs]
2018-05-12T13:41:07.711+0000: 113307.331: [GC 8895508K->1758233K(14572672K), 0.3858080 secs]
2018-05-12T13:41:24.008+0000: 113323.629: [GC 8884761K->1782838K(14571456K), 0.4806310 secs]
2018-05-12T13:41:40.860+0000: 113340.480: [GC 8909366K->1789499K(14569024K), 0.4429520 secs]
2018-05-12T13:41:59.017+0000: 113358.637: [GC 8909883K->1798904K(14562560K), 0.4647910 secs]
2018-05-12T13:42:16.480+0000: 113376.100: [GC 8919288K->1806079K(14568000K), 0.4899030 secs]
2018-05-12T13:42:32.477+0000: 113392.097: [GC 8923519K->1809071K(14568768K), 0.4533840 secs]
2018-05-12T13:42:50.242+0000: 113409.863: [GC 8926511K->1801954K(14568448K), 0.4001960 secs]
2018-05-12T13:43:08.021+0000: 113427.641: [GC 8919650K->1811491K(14568896K), 0.4121100 secs]
2018-05-12T13:43:24.490+0000: 113444.111: [GC 8929187K->1827530K(14568640K), 0.4641690 secs]
2018-05-12T13:43:41.121+0000: 113460.741: [GC 8945482K->1839067K(14563264K), 0.4984280 secs]
2018-05-12T13:43:59.263+0000: 113478.883: [GC 8957019K->1830391K(14567552K), 0.4199320 secs]
2018-05-12T13:44:15.557+0000: 113495.177: [GC 8945207K->1847761K(14557760K), 0.4798830 secs]
2018-05-12T13:44:33.826+0000: 113513.447: [GC 8962577K->1842910K(14567296K), 0.4135830 secs]
2018-05-12T13:44:51.504+0000: 113531.124: [GC 8957022K->1855199K(14566912K), 0.4261060 secs]
2018-05-12T13:45:07.607+0000: 113547.227: [GC 8969311K->1876745K(14564992K), 0.4616000 secs]
2018-05-12T13:45:23.798+0000: 113563.418: [GC 8990089K->1897834K(14566720K), 0.4593150 secs]
2018-05-12T13:45:41.526+0000: 113581.146: [GC 9011178K->1900259K(14552000K), 0.3882700 secs]
2018-05-12T13:45:59.955+0000: 113599.576: [GC 8998883K->1914574K(14559360K), 0.4178800 secs]
2018-05-12T13:46:17.847+0000: 113617.467: [GC 9013198K->1926949K(14561792K), 0.4146710 secs]
2018-05-12T13:46:35.837+0000: 113635.458: [GC 9029605K->1939792K(14560960K), 0.4283990 secs]
2018-05-12T13:46:52.076+0000: 113651.697: [GC 9042448K->1958160K(14564096K), 0.4404450 secs]
2018-05-12T13:47:11.206+0000: 113670.827: [GC 9064720K->1955411K(14562560K), 0.3507530 secs]
2018-05-12T13:47:28.151+0000: 113687.771: [GC 9061971K->1976254K(14564416K), 0.4096590 secs]
2018-05-12T13:47:45.376+0000: 113704.997: [GC 9084030K->1987381K(14563456K), 0.4131200 secs]
2018-05-12T13:48:01.297+0000: 113720.918: [GC 9095157K->2005311K(14565440K), 0.4772950 secs]
2018-05-12T13:48:17.444+0000: 113737.064: [GC 9116479K->2011883K(14565632K), 0.4614210 secs]
2018-05-12T13:48:34.848+0000: 113754.469: [GC 9123051K->2017855K(14567808K), 0.4524630 secs]
2018-05-12T13:48:52.471+0000: 113772.091: [GC 9131903K->2017001K(14566336K), 0.2665540 secs]
2018-05-12T13:49:10.184+0000: 113789.804: [GC 9131049K->2036552K(14568896K), 0.4340800 secs]
2018-05-12T13:49:28.706+0000: 113808.327: [GC 9152584K->2034492K(14567232K), 0.3719480 secs]
2018-05-12T13:49:45.427+0000: 113825.048: [GC 9150524K->2055915K(14569920K), 0.4359900 secs]
2018-05-12T13:50:03.922+0000: 113843.543: [GC 9174251K->2045581K(14534016K), 0.2217240 secs]
2018-05-12T13:50:23.683+0000: 113863.304: [GC 9163917K->2056394K(14566976K), 0.3240870 secs]
2018-05-12T13:50:41.442+0000: 113881.062: [GC 9171530K->2077200K(14567616K), 0.3581590 secs]
2018-05-12T13:50:57.807+0000: 113897.428: [GC 9192336K->2098441K(14565056K), 0.4656040 secs]
2018-05-12T13:51:15.091+0000: 113914.712: [GC 9212937K->2102434K(14567296K), 0.4311510 secs]
2018-05-12T13:51:31.360+0000: 113930.981: [GC 9216930K->2115359K(14567872K), 0.4619420 secs]
2018-05-12T13:51:49.889+0000: 113949.510: [GC 9231007K->2107257K(14567872K), 0.3756730 secs]
2018-05-12T13:52:08.152+0000: 113967.772: [GC 9222905K->2121073K(14569152K), 0.3926170 secs]
2018-05-12T13:52:25.232+0000: 113984.853: [GC 9238001K->2130081K(14567872K), 0.3998430 secs]
2018-05-12T13:52:44.136+0000: 114003.756: [GC 9247009K->2139711K(14571904K), 0.4015190 secs]
2018-05-12T13:53:01.723+0000: 114021.344: [GC 9261951K->2165050K(14567360K), 0.4941780 secs]
2018-05-12T13:53:17.598+0000: 114037.218: [GC 9287290K->2162806K(14570176K), 0.4236640 secs]
2018-05-12T13:53:33.816+0000: 114053.436: [GC 9281334K->2176392K(14568448K), 0.4223760 secs]
2018-05-12T13:53:50.488+0000: 114070.109: [GC 9294920K->2187236K(14571008K), 0.4276080 secs]
2018-05-12T13:54:07.028+0000: 114086.648: [GC 9308900K->2201311K(14563072K), 0.4390840 secs]
2018-05-12T13:54:25.618+0000: 114105.239: [GC 9322975K->2195630K(14570048K), 0.3943880 secs]
2018-05-12T13:54:44.090+0000: 114123.711: [GC 9315182K->2199527K(14539712K), 0.3512100 secs]
2018-05-12T13:55:00.596+0000: 114140.217: [GC 9319079K->2226102K(14569472K), 0.4027360 secs]
2018-05-12T13:55:16.579+0000: 114156.200: [GC 9344950K->2242289K(14562688K), 0.4580780 secs]
2018-05-12T13:55:32.736+0000: 114172.357: [GC 9361137K->2241142K(14568960K), 0.4110640 secs]
2018-05-12T13:55:51.870+0000: 114191.491: [GC 9357110K->2242470K(14567104K), 0.3751980 secs]
2018-05-12T13:56:10.073+0000: 114209.694: [GC 9358438K->2253191K(14569600K), 0.3572520 secs]
2018-05-12T13:56:28.739+0000: 114228.360: [GC 9371847K->2264255K(14569152K), 0.3693260 secs]
2018-05-12T13:56:47.943+0000: 114247.564: [GC 9382911K->2268449K(14569536K), 0.3361260 secs]
2018-05-12T13:57:05.738+0000: 114265.359: [GC 9388065K->2287891K(14569856K), 0.3888790 secs]
2018-05-12T13:57:23.005+0000: 114282.625: [GC 9407507K->2305242K(14571456K), 0.4231300 secs]
2018-05-12T13:57:39.651+0000: 114299.272: [GC 9428058K->2317054K(14560384K), 0.4260660 secs]
2018-05-12T13:57:55.667+0000: 114315.288: [GC 9439870K->2330485K(14567296K), 0.4503370 secs]
2018-05-12T13:58:12.684+0000: 114332.304: [GC 9448181K->2326945K(14568896K), 0.3932430 secs]
2018-05-12T13:58:30.063+0000: 114349.684: [GC 9444641K->2341450K(14571520K), 0.4219460 secs]
2018-05-12T13:58:48.898+0000: 114368.519: [GC 9462986K->2338481K(14570112K), 0.3565990 secs]
2018-05-12T13:59:06.575+0000: 114386.196: [GC 9460017K->2355639K(14573184K), 0.4101440 secs]
2018-05-12T13:59:22.909+0000: 114402.530: [GC 9480247K->2374425K(14571520K), 0.4403450 secs]
2018-05-12T13:59:39.788+0000: 114419.409: [GC 9499033K->2382548K(14571648K), 0.4268450 secs]
2018-05-12T13:59:58.352+0000: 114437.972: [GC 9506260K->2383050K(14571904K), 0.3527340 secs]
2018-05-12T14:00:16.135+0000: 114455.756: [GC 9506762K->2400802K(14573952K), 0.3920920 secs]
2018-05-12T14:00:33.659+0000: 114473.279: [GC 9527138K->2412027K(14572480K), 0.3941270 secs]
2018-05-12T14:00:49.559+0000: 114489.180: [GC 9538363K->2427717K(14572480K), 0.4640920 secs]
2018-05-12T14:01:08.918+0000: 114508.538: [GC 9555141K->2421275K(14550144K), 0.3803830 secs]
2018-05-12T14:01:28.138+0000: 114527.759: [GC 9548699K->2421867K(14571200K), 0.3111510 secs]
2018-05-12T14:01:46.538+0000: 114546.158: [GC 9546603K->2443626K(14572416K), 0.3823450 secs]
2018-05-12T14:02:03.433+0000: 114563.054: [GC 9568362K->2463055K(14571712K), 0.4306940 secs]
2018-05-12T14:02:21.023+0000: 114580.644: [GC 9588431K->2464210K(14572736K), 0.3889640 secs]
2018-05-12T14:02:38.274+0000: 114597.895: [GC 9589586K->2480489K(14573952K), 0.4211960 secs]
2018-05-12T14:02:57.184+0000: 114616.804: [GC 9608297K->2474150K(14545856K), 0.3438370 secs]
2018-05-12T14:03:14.262+0000: 114633.883: [GC 9601958K->2494003K(14575296K), 0.3954600 secs]
2018-05-12T14:03:32.161+0000: 114651.782: [GC 9622771K->2502427K(14573568K), 0.4056870 secs]
2018-05-12T14:03:52.781+0000: 114672.402: [GC 9631195K->2505524K(14577152K), 0.3484790 secs]
2018-05-12T14:04:09.884+0000: 114689.505: [GC 9639284K->2530566K(14576704K), 0.4336720 secs]
2018-05-12T14:04:29.401+0000: 114709.022: [GC 9664326K->2524438K(14576128K), 0.3346250 secs]
2018-05-12T14:04:47.024+0000: 114726.645: [GC 9657494K->2544849K(14576576K), 0.3680840 secs]
2018-05-12T14:05:04.486+0000: 114744.107: [GC 9677905K->2561750K(14575680K), 0.4298670 secs]
2018-05-12T14:05:23.343+0000: 114762.963: [GC 9695318K->2551629K(14548032K), 0.3186240 secs]
2018-05-12T14:05:40.488+0000: 114780.109: [GC 9685197K->2576859K(14576512K), 0.4194710 secs]
2018-05-12T14:05:58.347+0000: 114797.968: [GC 9709403K->2580081K(14576128K), 0.3866760 secs]
2018-05-12T14:06:16.215+0000: 114815.836: [GC 9712625K->2589887K(14579200K), 0.3811630 secs]
2018-05-12T14:06:34.560+0000: 114834.180: [GC 9726783K->2616729K(14577792K), 0.4813550 secs]
2018-05-12T14:06:58.063+0000: 114857.684: [GC 9753625K->2640924K(14541568K), 0.5482530 secs]
2018-05-12T14:07:26.859+0000: 114886.479: [GC 9740188K->2674434K(14559680K), 0.6262280 secs]
2018-05-12T14:07:58.519+0000: 114918.140: [GC 9773698K->2695011K(14508224K), 0.6322250 secs]
2018-05-12T14:08:24.568+0000: 114944.189: [GC 9742819K->2705587K(14508608K), 0.5909130 secs]
2018-05-12T14:08:58.202+0000: 114977.822: [GC 9753395K->2733741K(14513856K), 0.6524750 secs]
2018-05-12T14:09:23.468+0000: 115003.089: [GC 9758765K->2725192K(14486080K), 0.5771740 secs]
2018-05-12T14:09:58.094+0000: 115037.715: [GC 9750216K->2757836K(14508864K), 0.6762190 secs]
2018-05-12T14:10:23.000+0000: 115062.621: [GC 9769036K->2744353K(14515648K), 0.5630030 secs]
2018-05-12T14:10:52.700+0000: 115092.320: [GC 9755553K->2764985K(14513984K), 0.6376040 secs]
2018-05-12T14:11:22.633+0000: 115122.254: [GC 9776697K->2774733K(14483392K), 0.6327030 secs]
2018-05-12T14:11:47.647+0000: 115147.268: [GC 9786445K->2775431K(14516992K), 0.5576220 secs]
2018-05-12T14:12:22.349+0000: 115181.970: [GC 9786759K->2802985K(14491072K), 0.7119960 secs]
2018-05-12T14:12:47.905+0000: 115207.526: [GC 9814313K->2788250K(14517248K), 0.5797820 secs]
2018-05-12T14:13:20.329+0000: 115239.950: [GC 9798554K->2824963K(14494080K), 0.6909700 secs]
2018-05-12T14:13:47.499+0000: 115267.119: [GC 9835267K->2813220K(14516672K), 0.5976780 secs]
2018-05-12T14:14:19.684+0000: 115299.304: [GC 9822116K->2842770K(14512320K), 0.6675020 secs]
2018-05-12T14:14:33.250+0000: 115312.871: [GC 6852906K->2791237K(14504256K), 0.4923380 secs]
2018-05-12T14:14:33.743+0000: 115313.364: [Full GC 2791237K->1256903K(14504256K), 4.1997900 secs]
2018-05-12T14:15:11.555+0000: 115351.175: [GC 8254279K->1358647K(14508736K), 0.4843880 secs]
2018-05-12T14:15:55.131+0000: 115394.752: [GC 8356023K->1362548K(14513152K), 0.4796330 secs]
2018-05-12T14:16:35.564+0000: 115435.185: [GC 8366964K->1365456K(14511360K), 0.4543680 secs]
2018-05-12T14:17:18.182+0000: 115477.803: [GC 8369872K->1368520K(14516480K), 0.4493310 secs]
2018-05-12T14:19:35.322+0000: 115614.943: [GC 8379528K->1443395K(14512448K), 0.6977620 secs]
2018-05-12T14:22:05.457+0000: 115765.078: [GC 8454403K->1484771K(14440512K), 0.9402150 secs]
2018-05-12T14:24:43.619+0000: 115923.240: [GC 8417635K->1513626K(14456512K), 0.9099580 secs]
2018-05-12T14:25:49.848+0000: 115989.469: [GC 8446490K->1490300K(14464704K), 0.7311280 secs]
2018-05-12T14:27:11.887+0000: 116071.508: [GC 8397180K->1503632K(14462272K), 0.7506160 secs]
2018-05-12T14:29:36.586+0000: 116216.207: [GC 8410512K->1561808K(14439104K), 0.9811500 secs]
2018-05-12T14:32:04.660+0000: 116364.281: [GC 8447312K->1571434K(14412672K), 0.9213200 secs]
2018-05-12T14:36:01.784+0000: 116601.405: [GC 8456938K->1577117K(14437056K), 0.8585240 secs]
2018-05-12T14:39:03.145+0000: 116782.766: [GC 8437917K->1599892K(14383296K), 0.9150130 secs]
2018-05-12T14:41:37.691+0000: 116937.312: [GC 8460692K->1616673K(14431168K), 0.8433340 secs]
2018-05-12T14:43:31.221+0000: 117050.841: [GC 8464417K->1636331K(14378176K), 0.8750700 secs]
2018-05-12T14:45:33.002+0000: 117172.622: [GC 8484075K->1642927K(14428544K), 0.9220750 secs]
2018-05-12T14:48:03.505+0000: 117323.126: [GC 8481071K->1651616K(14429120K), 0.9354260 secs]
2018-05-12T14:50:37.332+0000: 117476.953: [GC 8489760K->1656319K(14432256K), 0.8222720 secs]
2018-05-12T14:53:10.021+0000: 117629.641: [GC 8497727K->1671364K(14429248K), 0.9115590 secs]
2018-05-12T14:55:25.921+0000: 117765.542: [GC 8512772K->1684454K(14435520K), 0.8331140 secs]
2018-05-12T14:57:56.403+0000: 117916.023: [GC 8533926K->1693975K(14434048K), 0.9213530 secs]
2018-05-12T15:00:31.932+0000: 118071.553: [GC 8543447K->1702457K(14441408K), 0.9022390 secs]
2018-05-12T15:03:01.638+0000: 118221.259: [GC 8561657K->1710616K(14437888K), 0.9184860 secs]
2018-05-12T15:05:32.931+0000: 118372.552: [GC 8569816K->1720533K(14448128K), 0.7924270 secs]
2018-05-12T15:06:50.313+0000: 118449.934: [GC 8593877K->1661945K(14325440K), 0.5468420 secs]
2018-05-12T15:08:45.346+0000: 118564.966: [GC 8535289K->1727633K(14449664K), 0.6172040 secs]
2018-05-12T15:10:33.784+0000: 118673.404: [GC 8601105K->1716853K(14443904K), 0.6540090 secs]
2018-05-12T15:12:05.181+0000: 118764.802: [GC 8590325K->1700138K(14448704K), 0.5845790 secs]
2018-05-12T15:13:23.088+0000: 118842.709: [GC 8581290K->1703659K(14335488K), 0.5710870 secs]
2018-05-12T15:14:37.951+0000: 118917.572: [GC 5344984K->1696542K(14446592K), 0.4784270 secs]
2018-05-12T15:14:38.430+0000: 118918.050: [Full GC 1696542K->983378K(14446592K), 3.6833660 secs]
2018-05-12T15:17:31.450+0000: 119091.071: [GC 7859794K->1160515K(14393600K), 0.8954880 secs]
2018-05-12T15:19:17.089+0000: 119196.710: [GC 8036931K->1115974K(14449088K), 0.5838330 secs]
2018-05-12T15:21:11.210+0000: 119310.831: [GC 7991238K->1173750K(14446272K), 0.4627250 secs]
2018-05-12T15:23:36.067+0000: 119455.687: [GC 8049014K->1184738K(14453504K), 0.7575250 secs]
2018-05-12T15:26:34.733+0000: 119634.353: [GC 8068770K->1214160K(14407040K), 0.9245660 secs]
2018-05-12T15:29:18.536+0000: 119798.157: [GC 8098192K->1225115K(14445440K), 0.8032620 secs]
2018-05-12T15:31:50.835+0000: 119950.456: [GC 8099995K->1241904K(14398720K), 0.9146010 secs]
2018-05-12T15:34:54.920+0000: 120134.541: [GC 8116784K->1254612K(14444096K), 0.6065210 secs]
2018-05-12T15:37:24.620+0000: 120284.240: [GC 8123988K->1276449K(14396096K), 0.9159500 secs]
2018-05-12T15:40:44.190+0000: 120483.810: [GC 8145825K->1285833K(14444864K), 0.8188280 secs]
2018-05-12T15:43:38.335+0000: 120657.956: [GC 8153737K->1299809K(14443136K), 0.8834200 secs]
2018-05-12T15:46:11.442+0000: 120811.063: [GC 8167713K->1316203K(14448640K), 0.8894730 secs]
2018-05-12T15:48:48.371+0000: 120967.992: [GC 8191531K->1329648K(14446784K), 0.8894140 secs]
2018-05-12T15:51:13.517+0000: 121113.138: [GC 8204976K->1346975K(14451904K), 0.9168910 secs]
2018-05-12T15:53:39.755+0000: 121259.376: [GC 8229727K->1358424K(14450944K), 0.9218280 secs]
2018-05-12T15:55:41.421+0000: 121381.042: [GC 8241176K->1369386K(14457088K), 0.8749460 secs]
2018-05-12T15:56:44.364+0000: 121443.985: [GC 8260202K->1378817K(14453824K), 0.7636410 secs]
2018-05-12T15:57:52.316+0000: 121511.936: [GC 8269633K->1395908K(14464320K), 0.8011840 secs]
2018-05-12T15:59:41.561+0000: 121621.182: [GC 8301508K->1397161K(14461376K), 0.6738550 secs]
2018-05-12T16:01:12.881+0000: 121712.501: [GC 8302761K->1414382K(14467328K), 0.7343630 secs]
2018-05-12T16:01:43.021+0000: 121742.642: [GC 8326830K->1369913K(14348224K), 0.4259710 secs]
2018-05-12T16:02:20.351+0000: 121779.972: [GC 8282361K->1377522K(14449536K), 0.4316900 secs]
2018-05-12T16:02:45.845+0000: 121805.465: [GC 8266354K->1392674K(14333824K), 0.4274850 secs]
2018-05-12T16:03:18.733+0000: 121838.354: [GC 8281506K->1409635K(14454336K), 0.5499030 secs]
2018-05-12T16:03:45.216+0000: 121864.837: [GC 8296995K->1405425K(14453120K), 0.4846520 secs]
2018-05-12T16:04:18.498+0000: 121898.119: [GC 8292785K->1420189K(14457280K), 0.5200120 secs]
2018-05-12T16:04:45.286+0000: 121924.907: [GC 8311709K->1409888K(14454336K), 0.3486880 secs]
2018-05-12T16:05:09.147+0000: 121948.767: [GC 8301408K->1431770K(14461184K), 0.4606580 secs]
2018-05-12T16:05:48.555+0000: 121988.176: [GC 8330330K->1433148K(14457472K), 0.4275260 secs]
2018-05-12T16:06:30.910+0000: 122030.531: [GC 8331708K->1444410K(14468352K), 0.4384670 secs]
2018-05-12T16:07:15.136+0000: 122074.757: [GC 8356922K->1450436K(14464256K), 0.4813620 secs]
2018-05-12T16:08:08.807+0000: 122128.427: [GC 8362948K->1454385K(14476544K), 0.4545910 secs]
2018-05-12T16:08:52.121+0000: 122171.741: [GC 8383345K->1455826K(14472512K), 0.4203720 secs]
2018-05-12T16:09:34.458+0000: 122214.079: [GC 8384786K->1464001K(14484416K), 0.4319160 secs]
2018-05-12T16:10:16.287+0000: 122255.907: [GC 8408321K->1478246K(14480000K), 0.4311870 secs]
2018-05-12T16:10:57.766+0000: 122297.387: [GC 8422566K->1489459K(14496768K), 0.5029410 secs]
2018-05-12T16:11:39.357+0000: 122338.978: [GC 8456371K->1491706K(14490240K), 0.4807810 secs]
2018-05-12T16:12:20.888+0000: 122380.508: [GC 8458618K->1497551K(14507584K), 0.3497630 secs]
2018-05-12T16:13:02.433+0000: 122422.054: [GC 8487311K->1506336K(14502272K), 0.4944160 secs]
2018-05-12T16:13:44.170+0000: 122463.791: [GC 8496096K->1511484K(14517504K), 0.4827780 secs]
2018-05-12T16:14:26.263+0000: 122505.884: [GC 8521916K->1516686K(14513024K), 0.4680460 secs]
2018-05-12T16:14:42.120+0000: 122521.741: [GC 3882404K->1472419K(14511680K), 0.2116640 secs]
2018-05-12T16:14:42.332+0000: 122521.953: [Full GC 1472419K->907692K(14511680K), 2.9898570 secs]
2018-05-12T16:15:23.479+0000: 122563.100: [GC 7920812K->1005854K(14516608K), 0.5271960 secs]
2018-05-12T16:16:09.664+0000: 122609.284: [GC 8018974K->1008993K(14527296K), 0.4561980 secs]
2018-05-12T16:16:51.351+0000: 122650.971: [GC 8038689K->1014550K(14522496K), 0.4413620 secs]
2018-05-12T16:17:32.940+0000: 122692.561: [GC 8044246K->1025127K(14536192K), 0.4534700 secs]
2018-05-12T16:18:14.394+0000: 122734.015: [GC 8072679K->1031880K(14531456K), 0.4612550 secs]
2018-05-12T16:18:41.164+0000: 122760.785: [GC 8079432K->1042843K(14543360K), 0.4410400 secs]
2018-05-12T16:19:18.707+0000: 122798.328: [GC 8106267K->1059438K(14540160K), 0.5194110 secs]
2018-05-12T16:19:58.377+0000: 122837.998: [GC 8122862K->1061121K(14546752K), 0.4549520 secs]
2018-05-12T16:20:24.457+0000: 122864.078: [GC 8131393K->1073861K(14543616K), 0.4925970 secs]
2018-05-12T16:21:02.089+0000: 122901.710: [GC 8144133K->1088337K(14548160K), 0.5139140 secs]
2018-05-12T16:21:28.801+0000: 122928.422: [GC 8165329K->1093433K(14548544K), 0.4920130 secs]
2018-05-12T16:22:03.526+0000: 122963.147: [GC 8170425K->1106531K(14548800K), 0.5328290 secs]
2018-05-12T16:22:30.981+0000: 122990.601: [GC 8184547K->1110823K(14549056K), 0.4942700 secs]
2018-05-12T16:23:07.449+0000: 123027.070: [GC 8188839K->1118260K(14551168K), 0.4876380 secs]
2018-05-12T16:23:44.401+0000: 123064.021: [GC 8199092K->1136136K(14537920K), 0.5712840 secs]
2018-05-12T16:24:12.507+0000: 123092.128: [GC 8216968K->1124452K(14550144K), 0.4544660 secs]
2018-05-12T16:24:48.778+0000: 123128.399: [GC 8203236K->1150183K(14535872K), 0.5542070 secs]
2018-05-12T16:25:17.663+0000: 123157.283: [GC 8228967K->1149306K(14549632K), 0.5720860 secs]
2018-05-12T16:25:53.986+0000: 123193.607: [GC 8226746K->1146413K(14547904K), 0.4638230 secs]
2018-05-12T16:26:34.577+0000: 123234.197: [GC 8223853K->1154620K(14552640K), 0.4451870 secs]
2018-05-12T16:27:13.382+0000: 123273.002: [GC 8238140K->1176205K(14550976K), 0.5533830 secs]
2018-05-12T16:27:53.390+0000: 123313.011: [GC 8259725K->1184696K(14549632K), 0.5850000 secs]
2018-05-12T16:28:26.460+0000: 123346.081: [GC 8265400K->1185926K(14550400K), 0.5380790 secs]
2018-05-12T16:29:02.190+0000: 123381.811: [GC 8266630K->1188672K(14554048K), 0.5015610 secs]
2018-05-12T16:29:41.775+0000: 123421.396: [GC 8274752K->1203617K(14552128K), 0.5259360 secs]
2018-05-12T16:31:21.570+0000: 123521.191: [GC 8289697K->1249831K(14518464K), 0.7236800 secs]
2018-05-12T16:34:37.869+0000: 123717.490: [GC 8301607K->1318574K(14535936K), 0.8970930 secs]
2018-05-12T16:36:33.812+0000: 123833.433: [GC 8370350K->1332368K(14476672K), 0.6902230 secs]
2018-05-12T16:36:51.286+0000: 123850.907: [GC 8324880K->1301188K(14506304K), 0.4726540 secs]
2018-05-12T16:38:10.752+0000: 123930.372: [GC 8293700K->1371007K(14487488K), 0.7827140 secs]
2018-05-12T16:39:51.111+0000: 124030.731: [GC 8345215K->1407813K(14497152K), 0.9371680 secs]
2018-05-12T16:41:34.630+0000: 124134.250: [GC 8382021K->1427229K(14416640K), 0.9310490 secs]
2018-05-12T16:43:07.862+0000: 124227.482: [GC 8320925K->1446101K(14422208K), 0.9691480 secs]
2018-05-12T16:43:27.873+0000: 124247.494: [GC 8339797K->1355480K(14446016K), 0.4282660 secs]
2018-05-12T16:44:00.316+0000: 124279.937: [GC 8228312K->1379473K(14446464K), 0.5269760 secs]
2018-05-12T16:44:42.917+0000: 124322.537: [GC 8252305K->1401308K(14458624K), 0.5828470 secs]
2018-05-12T16:44:59.076+0000: 124338.696: [GC 8290844K->1386059K(14451008K), 0.4122170 secs]
2018-05-12T16:45:59.346+0000: 124398.967: [GC 8275595K->1421259K(14469504K), 0.6050730 secs]
2018-05-12T16:46:15.498+0000: 124415.118: [GC 8331787K->1400151K(14461120K), 0.4858060 secs]
2018-05-12T16:47:14.297+0000: 124473.918: [GC 8310679K->1433791K(14480064K), 0.6101850 secs]
2018-05-12T16:47:31.292+0000: 124490.912: [GC 8365887K->1412223K(14472128K), 0.4322590 secs]
2018-05-12T16:47:51.680+0000: 124511.300: [GC 8344319K->1431888K(14486144K), 0.5376840 secs]
2018-05-12T16:48:43.569+0000: 124563.189: [GC 8379536K->1449867K(14481600K), 0.5265300 secs]
2018-05-12T16:49:01.163+0000: 124580.784: [GC 8397515K->1432617K(14493440K), 0.4220070 secs]
2018-05-12T16:49:59.059+0000: 124638.679: [GC 8398825K->1473082K(14492864K), 0.4846830 secs]
2018-05-12T16:50:14.877+0000: 124654.498: [GC 8439290K->1465351K(14501120K), 0.4165280 secs]
2018-05-12T16:50:45.649+0000: 124685.270: [GC 8444871K->1482261K(14498496K), 0.5381750 secs]
2018-05-12T16:51:27.389+0000: 124727.010: [GC 8461781K->1479370K(14509504K), 0.4510270 secs]
2018-05-12T16:51:42.871+0000: 124742.492: [GC 8474954K->1487946K(14506176K), 0.4816430 secs]
2018-05-12T16:52:41.793+0000: 124801.414: [GC 8483530K->1512891K(14515840K), 0.5435620 secs]
2018-05-12T16:52:58.350+0000: 124817.971: [GC 8521467K->1506729K(14512832K), 0.4756710 secs]
2018-05-12T16:53:47.522+0000: 124867.143: [GC 8515305K->1519215K(14522752K), 0.5216520 secs]
2018-05-12T16:54:14.100+0000: 124893.721: [GC 8540527K->1519658K(14518656K), 0.4411010 secs]
2018-05-12T16:54:29.611+0000: 124909.231: [GC 8540970K->1534883K(14528832K), 0.5065350 secs]
2018-05-12T16:55:42.134+0000: 124981.754: [GC 8568803K->1585987K(14524800K), 0.7302810 secs]
2018-05-12T16:56:47.860+0000: 125047.480: [GC 8619907K->1587054K(14500864K), 0.6522160 secs]
2018-05-12T16:57:05.197+0000: 125064.818: [GC 8592622K->1560746K(14512832K), 0.4899000 secs]
2018-05-12T16:57:55.772+0000: 125115.393: [GC 8566314K->1586952K(14518272K), 0.5775550 secs]
2018-05-12T16:58:18.866+0000: 125138.487: [GC 8600520K->1571397K(14515392K), 0.4237730 secs]
2018-05-12T16:58:51.744+0000: 125171.365: [GC 8584965K->1595475K(14524032K), 0.5538080 secs]
2018-05-12T16:59:32.757+0000: 125212.378: [GC 8618899K->1603057K(14519488K), 0.5232850 secs]
2018-05-12T16:59:49.593+0000: 125229.214: [GC 8626481K->1596072K(14528128K), 0.4347920 secs]
2018-05-12T17:00:58.794+0000: 125298.415: [GC 8631528K->1639518K(14507712K), 0.6443690 secs]
2018-05-12T17:02:27.387+0000: 125387.008: [GC 8674974K->1684514K(14486080K), 0.8285610 secs]
2018-05-12T17:03:05.080+0000: 125424.701: [GC 8675106K->1665752K(14505344K), 0.5778810 secs]
2018-05-12T17:03:25.015+0000: 125444.635: [GC 8656344K->1635534K(14506944K), 0.3833070 secs]
2018-05-12T17:04:26.321+0000: 125505.942: [GC 8632270K->1704596K(14483328K), 0.7127170 secs]
2018-05-12T17:04:46.426+0000: 125526.046: [GC 8701332K->1654848K(14502528K), 0.3995540 secs]
2018-05-12T17:04:59.513+0000: 125539.134: [GC 8640192K->1665827K(14502720K), 0.3868740 secs]
2018-05-12T17:05:16.517+0000: 125556.138: [GC 8651171K->1684915K(14509312K), 0.4626750 secs]
2018-05-12T17:06:16.066+0000: 125615.686: [GC 8678643K->1712058K(14504512K), 0.5393300 secs]
2018-05-12T17:06:33.710+0000: 125633.331: [GC 8705786K->1699790K(14513920K), 0.5129490 secs]
2018-05-12T17:07:09.134+0000: 125668.755: [GC 8703374K->1712094K(14509760K), 0.5273310 secs]
2018-05-12T17:07:29.009+0000: 125688.630: [GC 8715678K->1690947K(14519168K), 0.4211850 secs]
2018-05-12T17:07:41.254+0000: 125700.875: [GC 8708995K->1701161K(14518976K), 0.4206960 secs]
2018-05-12T17:07:58.187+0000: 125717.807: [GC 8719209K->1707712K(14523712K), 0.4605510 secs]
2018-05-12T17:08:37.494+0000: 125757.114: [GC 8732544K->1698255K(14521216K), 0.3679750 secs]
2018-05-12T17:08:55.042+0000: 125774.662: [GC 8723087K->1707709K(14525760K), 0.3502930 secs]
2018-05-12T17:09:09.229+0000: 125788.850: [GC 8737533K->1736404K(14524160K), 0.5051960 secs]
2018-05-12T17:10:03.929+0000: 125843.549: [GC 8766228K->1740861K(14532800K), 0.4666540 secs]
2018-05-12T17:11:10.897+0000: 125910.517: [GC 8782653K->1806835K(14529088K), 0.7826430 secs]
2018-05-12T17:11:30.823+0000: 125930.444: [GC 8848627K->1753202K(14497088K), 0.3983340 secs]
2018-05-12T17:11:45.996+0000: 125945.617: [GC 8759282K->1765751K(14513088K), 0.4179150 secs]
2018-05-12T17:12:02.476+0000: 125962.097: [GC 8771831K->1780359K(14520704K), 0.4428380 secs]
2018-05-12T17:12:45.441+0000: 126005.062: [GC 8797127K->1812931K(14516160K), 0.5909820 secs]
2018-05-12T17:13:07.255+0000: 126026.875: [GC 8829699K->1803623K(14523456K), 0.4819800 secs]
2018-05-12T17:13:22.645+0000: 126042.266: [GC 8824999K->1811473K(14518016K), 0.4876590 secs]
2018-05-12T17:13:53.431+0000: 126073.052: [GC 8832849K->1825792K(14530688K), 0.5396300 secs]
2018-05-12T17:14:09.566+0000: 126089.187: [GC 8863936K->1811264K(14527552K), 0.4200050 secs]
2018-05-12T17:14:23.162+0000: 126102.782: [GC 8849408K->1812285K(14531968K), 0.3310770 secs]
2018-05-12T17:14:37.317+0000: 126116.938: [GC 8855805K->1837203K(14531648K), 0.4711880 secs]
2018-05-12T17:14:45.329+0000: 126124.950: [GC 5244493K->1799842K(14526528K), 0.2294810 secs]
2018-05-12T17:14:45.559+0000: 126125.180: [Full GC 1799842K->1001694K(14526528K), 3.3846040 secs]
2018-05-12T17:15:36.846+0000: 126176.467: [GC 8043998K->1136523K(14517184K), 0.6264000 secs]
2018-05-12T17:15:55.114+0000: 126194.734: [GC 8178827K->1112434K(14526528K), 0.4253200 secs]
2018-05-12T17:16:11.414+0000: 126211.035: [GC 8141490K->1137726K(14522624K), 0.5373620 secs]
2018-05-12T17:17:21.481+0000: 126281.102: [GC 8166782K->1179440K(14504960K), 0.7026970 secs]
2018-05-12T17:18:34.850+0000: 126354.471: [GC 8192432K->1187218K(14496128K), 0.6947790 secs]
2018-05-12T17:19:35.049+0000: 126414.670: [GC 8200210K->1216965K(14480896K), 0.8327780 secs]
2018-05-12T17:20:27.620+0000: 126467.241: [GC 8186309K->1224269K(14471808K), 0.7314450 secs]
2018-05-12T17:21:34.440+0000: 126534.061: [GC 8193613K->1220908K(14480448K), 0.6589730 secs]
2018-05-12T17:22:35.423+0000: 126595.044: [GC 8165548K->1224665K(14482368K), 0.6544990 secs]
2018-05-12T17:23:55.768+0000: 126675.389: [GC 8169305K->1244713K(14481344K), 0.7125670 secs]
2018-05-12T17:24:57.528+0000: 126737.149: [GC 8189865K->1261651K(14434816K), 0.6705130 secs]
2018-05-12T17:25:41.761+0000: 126781.382: [GC 8206803K->1275726K(14477504K), 0.7796130 secs]
2018-05-12T17:27:30.600+0000: 126890.221: [GC 8214222K->1317835K(14465856K), 0.9140440 secs]
2018-05-12T17:29:16.365+0000: 126995.986: [GC 8256331K->1331152K(14441664K), 0.9579310 secs]
2018-05-12T17:31:13.451+0000: 127113.072: [GC 8218576K->1319215K(14396416K), 0.6914780 secs]
2018-05-12T17:31:51.389+0000: 127151.010: [GC 8206639K->1273654K(14454848K), 0.5619020 secs]
2018-05-12T17:32:39.786+0000: 127199.407: [GC 8160630K->1295910K(14452224K), 0.5965020 secs]
2018-05-12T17:32:57.071+0000: 127216.692: [GC 8182886K->1279097K(14461568K), 0.4692430 secs]
2018-05-12T17:33:57.092+0000: 127276.713: [GC 8181049K->1319001K(14460480K), 0.6322830 secs]
2018-05-12T17:34:14.523+0000: 127294.144: [GC 8220953K->1288707K(14469056K), 0.4206300 secs]
2018-05-12T17:35:33.112+0000: 127372.732: [GC 8207363K->1340675K(14469376K), 0.6654170 secs]
2018-05-12T17:35:49.440+0000: 127389.060: [GC 8259331K->1314878K(14477504K), 0.4344150 secs]
2018-05-12T17:36:04.782+0000: 127404.403: [GC 8247550K->1320176K(14475264K), 0.4644970 secs]
2018-05-12T17:36:56.264+0000: 127455.885: [GC 8252848K->1350772K(14487232K), 0.5938580 secs]
2018-05-12T17:37:12.889+0000: 127472.510: [GC 8298036K->1330525K(14480128K), 0.4493330 secs]
2018-05-12T17:37:28.875+0000: 127488.496: [GC 8277789K->1342419K(14491584K), 0.4676440 secs]
2018-05-12T17:38:18.929+0000: 127538.549: [GC 8302483K->1362312K(14488576K), 0.5278830 secs]
2018-05-12T17:38:35.190+0000: 127554.810: [GC 8322376K->1361130K(14500416K), 0.4519200 secs]
2018-05-12T17:39:37.865+0000: 127617.486: [GC 8338602K->1393885K(14497152K), 0.5976790 secs]
2018-05-12T17:39:54.960+0000: 127634.581: [GC 8371357K->1370330K(14504320K), 0.3888060 secs]
2018-05-12T17:40:19.041+0000: 127658.662: [GC 8357338K->1381810K(14502784K), 0.4732760 secs]
2018-05-12T17:41:05.364+0000: 127704.984: [GC 8368818K->1412274K(14510144K), 0.5369910 secs]
2018-05-12T17:41:23.450+0000: 127723.070: [GC 8409394K->1391205K(14507072K), 0.4434240 secs]
2018-05-12T17:42:14.895+0000: 127774.516: [GC 8388325K->1421690K(14516096K), 0.5327920 secs]
2018-05-12T17:42:33.473+0000: 127793.094: [GC 8429114K->1408625K(14511424K), 0.4097460 secs]
2018-05-12T17:42:53.543+0000: 127813.164: [GC 8416049K->1422014K(14519680K), 0.4447630 secs]
2018-05-12T17:44:02.562+0000: 127882.183: [GC 8438846K->1498450K(14517248K), 0.7784480 secs]
2018-05-12T17:45:21.868+0000: 127961.488: [GC 8515282K->1506569K(14465408K), 0.7491860 secs]
2018-05-12T17:46:32.163+0000: 128031.784: [GC 8469129K->1528538K(14467648K), 0.8116610 secs]
2018-05-12T17:47:21.773+0000: 128081.394: [GC 8491098K->1508175K(14485376K), 0.6488280 secs]
2018-05-12T17:47:38.877+0000: 128098.497: [GC 8454991K->1479592K(14481536K), 0.4444620 secs]
2018-05-12T17:48:04.066+0000: 128123.686: [GC 8426408K->1506133K(14493824K), 0.5595190 secs]
2018-05-12T17:48:48.209+0000: 128167.830: [GC 8467349K->1492472K(14487488K), 0.4546960 secs]
2018-05-12T17:49:41.026+0000: 128220.646: [GC 8453688K->1525345K(14501952K), 0.5469250 secs]
2018-05-12T17:52:05.425+0000: 128365.046: [GC 8503201K->1537165K(14496000K), 0.5867770 secs]
2018-05-12T17:52:24.406+0000: 128384.027: [GC 8515021K->1516156K(14506880K), 0.4055190 secs]
2018-05-12T17:52:41.292+0000: 128400.912: [GC 8510204K->1530679K(14507072K), 0.4658510 secs]
2018-05-12T17:53:17.766+0000: 128437.387: [GC 8524727K->1530534K(14510720K), 0.4281880 secs]
2018-05-12T17:53:36.010+0000: 128455.630: [GC 8530214K->1529788K(14509056K), 0.3725740 secs]
2018-05-12T17:54:57.414+0000: 128537.035: [GC 8529468K->1599850K(14494784K), 0.6698310 secs]
2018-05-12T17:56:21.793+0000: 128621.414: [GC 8585834K->1612690K(14476800K), 0.7507270 secs]
2018-05-12T17:57:38.753+0000: 128698.373: [GC 8598674K->1614776K(14488192K), 0.7248000 secs]
2018-05-12T17:59:00.873+0000: 128780.494: [GC 8578360K->1638008K(14465088K), 0.7123330 secs]
2018-05-12T18:00:18.811+0000: 128858.432: [GC 8601592K->1622779K(14485184K), 0.5983910 secs]
2018-05-12T18:01:26.602+0000: 128926.222: [GC 8571067K->1608741K(14483200K), 0.5649310 secs]
2018-05-12T18:01:50.138+0000: 128949.758: [GC 8557029K->1591417K(14491904K), 0.4339590 secs]
2018-05-12T18:02:05.357+0000: 128964.978: [GC 8553913K->1610723K(14490688K), 0.5119030 secs]
2018-05-12T18:03:22.765+0000: 129042.386: [GC 8573219K->1671701K(14476416K), 0.8039590 secs]
2018-05-12T18:04:54.005+0000: 129133.626: [GC 8624277K->1682268K(14459264K), 0.8213850 secs]
2018-05-12T18:05:46.269+0000: 129185.889: [GC 8634844K->1660968K(14482176K), 0.6236590 secs]
2018-05-12T18:06:00.998+0000: 129200.619: [GC 8600680K->1644711K(14477632K), 0.5172790 secs]
2018-05-12T18:06:43.472+0000: 129243.092: [GC 8584423K->1639985K(14487488K), 0.4408040 secs]
2018-05-12T18:07:01.050+0000: 129260.670: [GC 8592881K->1636393K(14485504K), 0.3693060 secs]
2018-05-12T18:07:12.426+0000: 129272.046: [GC 8589289K->1638290K(14488384K), 0.2470400 secs]
2018-05-12T18:07:26.573+0000: 129286.194: [GC 8594450K->1659234K(14487872K), 0.4561380 secs]
2018-05-12T18:08:08.794+0000: 129328.415: [GC 8615394K->1654641K(14495232K), 0.3971470 secs]
2018-05-12T18:08:27.105+0000: 129346.726: [GC 8622385K->1663343K(14492608K), 0.3872260 secs]
2018-05-12T18:09:28.514+0000: 129408.134: [GC 8631087K->1731769K(14482048K), 0.7446890 secs]
2018-05-12T18:09:56.742+0000: 129436.363: [GC 8692025K->1692490K(14490176K), 0.4472010 secs]
2018-05-12T18:10:12.743+0000: 129452.363: [GC 8652746K->1692782K(14500608K), 0.4446130 secs]
2018-05-12T18:10:58.880+0000: 129498.501: [GC 8669550K->1687467K(14496256K), 0.3962300 secs]
2018-05-12T18:11:16.823+0000: 129516.444: [GC 8664235K->1698745K(14506560K), 0.4112700 secs]
2018-05-12T18:13:25.404+0000: 129645.024: [GC 8688249K->1758188K(14473792K), 0.6927370 secs]
2018-05-12T18:13:45.269+0000: 129664.890: [GC 8747692K->1700533K(14500096K), 0.3366790 secs]
2018-05-12T18:14:08.311+0000: 129687.932: [GC 8679925K->1742471K(14499392K), 0.5368300 secs]
2018-05-12T18:14:48.952+0000: 129728.572: [GC 3574676K->1687230K(14499264K), 0.2347800 secs]
2018-05-12T18:14:49.187+0000: 129728.807: [Full GC 1687230K->988283K(14499264K), 3.5573990 secs]
2018-05-12T18:16:05.119+0000: 129804.740: [GC 7973755K->1156303K(14493568K), 0.8424240 secs]
2018-05-12T18:17:21.365+0000: 129880.986: [GC 8141775K->1161730K(14455552K), 0.8030150 secs]
2018-05-12T18:18:26.406+0000: 129946.026: [GC 8090754K->1168397K(14428736K), 0.7175690 secs]
2018-05-12T18:19:27.855+0000: 130007.475: [GC 8097421K->1173259K(14459200K), 0.7292760 secs]
2018-05-12T18:21:12.731+0000: 130112.352: [GC 8078987K->1191781K(14409024K), 0.7840390 secs]
2018-05-12T18:22:45.441+0000: 130205.062: [GC 8097509K->1233438K(14428224K), 0.8436070 secs]
2018-05-12T18:23:55.563+0000: 130275.184: [GC 8098590K->1246715K(14394560K), 0.7725650 secs]
2018-05-12T18:25:49.616+0000: 130389.236: [GC 8111867K->1249749K(14422144K), 0.8801400 secs]
2018-05-12T18:27:21.599+0000: 130481.220: [GC 8083797K->1263135K(14357184K), 0.9285040 secs]
2018-05-12T18:28:59.752+0000: 130579.372: [GC 8097183K->1273872K(14416640K), 0.8970110 secs]
2018-05-12T18:30:55.824+0000: 130695.445: [GC 8093456K->1282553K(14344064K), 0.8989480 secs]
2018-05-12T18:33:15.668+0000: 130835.289: [GC 8102137K->1288453K(14419776K), 0.8689890 secs]
2018-05-12T18:35:01.497+0000: 130941.117: [GC 8106245K->1301836K(14418112K), 0.8104090 secs]
2018-05-12T18:35:44.302+0000: 130983.923: [GC 8119628K->1248963K(14425216K), 0.5238060 secs]
2018-05-12T18:35:59.783+0000: 130999.403: [GC 8076611K->1244292K(14422528K), 0.4827770 secs]
2018-05-12T18:37:02.921+0000: 131062.542: [GC 8071940K->1267038K(14432064K), 0.5794470 secs]
2018-05-12T18:37:19.774+0000: 131079.395: [GC 8105310K->1265220K(14426304K), 0.5307910 secs]
2018-05-12T18:38:15.512+0000: 131135.132: [GC 8103492K->1267862K(14440192K), 0.5153800 secs]
2018-05-12T18:38:31.709+0000: 131151.330: [GC 8123990K->1270952K(14436032K), 0.4332430 secs]
2018-05-12T18:38:48.800+0000: 131168.421: [GC 8127080K->1289528K(14449344K), 0.5145620 secs]
2018-05-12T18:39:50.208+0000: 131229.829: [GC 8162424K->1292220K(14443648K), 0.4585730 secs]
2018-05-12T18:40:05.905+0000: 131245.526: [GC 8165116K->1297004K(14458816K), 0.4252170 secs]
2018-05-12T18:41:45.129+0000: 131344.750: [GC 8190316K->1387831K(14416768K), 0.9049840 secs]
2018-05-12T18:42:34.544+0000: 131394.164: [GC 8281143K->1324148K(14453184K), 0.5013190 secs]
2018-05-12T18:42:49.893+0000: 131409.514: [GC 8204404K->1329796K(14447168K), 0.5047120 secs]
2018-05-12T18:43:55.026+0000: 131474.647: [GC 8210052K->1346346K(14466624K), 0.5529350 secs]
2018-05-12T18:44:13.949+0000: 131493.569: [GC 8251562K->1334484K(14458688K), 0.4598600 secs]
2018-05-12T18:45:28.140+0000: 131567.760: [GC 8239700K->1370674K(14477440K), 0.6257230 secs]
2018-05-12T18:46:42.853+0000: 131642.474: [GC 8297906K->1360793K(14469888K), 0.4755060 secs]
2018-05-12T18:47:00.015+0000: 131659.636: [GC 8288025K->1369915K(14487040K), 0.4875910 secs]
2018-05-12T18:47:52.517+0000: 131712.137: [GC 8319483K->1395245K(14482624K), 0.5575710 secs]
2018-05-12T18:48:07.337+0000: 131726.958: [GC 8344813K->1399278K(14499008K), 0.5536130 secs]
2018-05-12T18:48:32.933+0000: 131752.554: [GC 8371758K->1414430K(14493568K), 0.6208790 secs]
2018-05-12T18:49:23.891+0000: 131803.512: [GC 8386910K->1399467K(14506816K), 0.4699190 secs]
2018-05-12T18:49:41.373+0000: 131820.993: [GC 8390315K->1402589K(14504128K), 0.4712650 secs]
2018-05-12T18:50:46.591+0000: 131886.212: [GC 8393437K->1442379K(14508928K), 0.6011280 secs]
2018-05-12T18:51:07.327+0000: 131906.948: [GC 8439627K->1423617K(14508416K), 0.4617480 secs]
2018-05-12T18:51:58.561+0000: 131958.182: [GC 8420865K->1451113K(14515328K), 0.5327500 secs]
2018-05-12T18:52:15.962+0000: 131975.583: [GC 8457513K->1441626K(14511168K), 0.4521450 secs]
2018-05-12T18:52:37.435+0000: 131997.056: [GC 8448026K->1459329K(14521088K), 0.5499480 secs]
2018-05-12T18:54:17.389+0000: 132097.010: [GC 8477313K->1515533K(14516416K), 0.7880950 secs]
2018-05-12T18:54:48.438+0000: 132128.059: [GC 8533517K->1459009K(14503488K), 0.4316580 secs]
2018-05-12T18:55:03.042+0000: 132142.663: [GC 8458817K->1486747K(14509952K), 0.4860890 secs]
2018-05-12T18:56:16.209+0000: 132215.830: [GC 8486555K->1517763K(14508032K), 0.6690270 secs]
2018-05-12T18:57:16.775+0000: 132276.396: [GC 8520643K->1535469K(14488384K), 0.7040950 secs]
2018-05-12T18:57:34.278+0000: 132293.899: [GC 8538349K->1491715K(14506368K), 0.4111880 secs]
2018-05-12T18:57:50.254+0000: 132309.875: [GC 8484099K->1516134K(14506112K), 0.5210690 secs]
2018-05-12T18:58:56.633+0000: 132376.254: [GC 8508518K->1533843K(14514240K), 0.5551500 secs]
2018-05-12T19:08:16.932+0000: 132936.553: [GC 8538323K->1562713K(14510336K), 0.5888410 secs]
2018-05-12T19:14:52.752+0000: 133332.373: [GC 6970931K->1568503K(14514944K), 0.5163750 secs]
2018-05-12T19:14:53.269+0000: 133332.890: [Full GC 1568503K->1010598K(14514944K), 3.3829070 secs]
2018-05-12T19:23:20.862+0000: 133840.483: [GC 8016678K->1144462K(14511232K), 0.6092760 secs]
2018-05-12T19:33:05.311+0000: 134424.932: [GC 8150542K->1170785K(14510784K), 0.6222730 secs]
2018-05-12T19:42:17.535+0000: 134977.156: [GC 8175073K->1184358K(14512192K), 0.5997060 secs]
2018-05-12T19:50:59.625+0000: 135499.246: [GC 8188646K->1205523K(14520768K), 0.6045370 secs]
2018-05-12T19:59:40.805+0000: 136020.426: [GC 8223059K->1227132K(14516864K), 0.5717840 secs]
2018-05-12T20:08:04.077+0000: 136523.697: [GC 8244668K->1250302K(14527360K), 0.5446280 secs]
2018-05-12T20:14:56.659+0000: 136936.279: [GC 6445572K->1242039K(14454912K), 0.3698140 secs]
2018-05-12T20:14:57.029+0000: 136936.649: [Full GC 1242039K->859391K(14454912K), 2.6613050 secs]
2018-05-12T20:26:02.274+0000: 137601.894: [GC 7890879K->964752K(14526016K), 0.5224650 secs]
2018-05-12T20:34:20.965+0000: 138100.586: [GC 7994832K->989167K(14524160K), 0.5316860 secs]
2018-05-12T20:44:44.584+0000: 138724.205: [GC 8019247K->1004665K(14531840K), 0.5488170 secs]
2018-05-12T20:57:48.121+0000: 139507.742: [GC 8045689K->1019288K(14529280K), 0.5294400 secs]
2018-05-12T21:09:38.084+0000: 140217.705: [GC 8060312K->1046812K(14536256K), 0.5518900 secs]
2018-05-12T21:14:59.696+0000: 140539.317: [GC 4132975K->1006618K(14438784K), 0.2154730 secs]
2018-05-12T21:14:59.912+0000: 140539.533: [Full GC 1006618K->667816K(14438784K), 2.4505170 secs]
2018-05-12T21:30:05.154+0000: 141444.775: [GC 7718056K->778854K(14531200K), 0.4642750 secs]
2018-05-12T21:44:58.238+0000: 142337.858: [GC 7817830K->800728K(14527872K), 0.4683330 secs]
2018-05-12T22:01:08.315+0000: 143307.936: [GC 7839704K->817989K(14538240K), 0.5172900 secs]
2018-05-12T22:15:02.369+0000: 144141.989: [GC 6035177K->819387K(14534976K), 0.3494530 secs]
2018-05-12T22:15:02.718+0000: 144142.339: [Full GC 819387K->541613K(14534976K), 2.0021750 secs]
2018-05-12T22:38:57.872+0000: 145577.492: [GC 7594733K->652707K(14539456K), 0.5146710 secs]
2018-05-12T23:05:38.610+0000: 147178.231: [GC 7709731K->670943K(14537664K), 0.5103340 secs]
2018-05-12T23:15:04.728+0000: 147744.349: [GC 5908272K->674430K(14539584K), 0.3480210 secs]
2018-05-12T23:15:05.076+0000: 147744.697: [Full GC 674430K->505043K(14539584K), 2.1836770 secs]
2018-05-12T23:40:40.149+0000: 149279.769: [GC 7566931K->606964K(14540992K), 0.5147420 secs]
2018-05-13T00:15:07.268+0000: 151346.889: [GC 6964942K->627906K(14547008K), 0.4856300 secs]
2018-05-13T00:15:07.754+0000: 151347.374: [Full GC 627906K->489216K(14547008K), 1.8888690 secs]
2018-05-13T01:15:09.649+0000: 154949.269: [GC 6964540K->583155K(14544192K), 0.4192590 secs]
2018-05-13T01:15:10.068+0000: 154949.689: [Full GC 583155K->430519K(14544192K), 1.8246920 secs]
2018-05-13T02:15:11.900+0000: 158551.521: [GC 6433090K->514729K(14548160K), 0.4439450 secs]
2018-05-13T02:15:12.345+0000: 158551.965: [Full GC 514729K->373307K(14548160K), 1.5942750 secs]
2018-05-13T03:14:48.870+0000: 162128.491: [GC 7449787K->473287K(14548288K), 0.5116750 secs]
2018-05-13T03:15:13.944+0000: 162153.565: [GC 588186K->405996K(14523392K), 0.0577820 secs]
2018-05-13T03:15:14.002+0000: 162153.623: [Full GC 405996K->294613K(14523392K), 1.9506750 secs]
2018-05-13T03:58:00.598+0000: 164720.219: [GC 7349205K->392230K(14537344K), 0.4740240 secs]
2018-05-13T04:15:15.959+0000: 165755.579: [GC 3775204K->366922K(14534720K), 0.1956380 secs]
2018-05-13T04:15:16.155+0000: 165755.775: [Full GC 366922K->318704K(14534720K), 1.6037070 secs]
2018-05-13T04:39:16.713+0000: 167196.334: [GC 7373296K->413292K(14537344K), 0.4441910 secs]
2018-05-13T04:55:54.078+0000: 168193.699: [GC 7467884K->439702K(14540864K), 0.4743400 secs]
2018-05-13T05:09:18.902+0000: 168998.523: [GC 7500566K->461911K(14540096K), 0.4756260 secs]
2018-05-13T05:15:17.764+0000: 169357.385: [GC 3790044K->429645K(14536960K), 0.2116330 secs]
2018-05-13T05:15:17.976+0000: 169357.597: [Full GC 429645K->355880K(14536960K), 1.9961860 secs]
2018-05-13T05:27:17.261+0000: 170076.882: [GC 7414056K->457146K(14499520K), 0.4732230 secs]
2018-05-13T05:39:12.921+0000: 170792.542: [GC 7515322K->476087K(14537920K), 0.5142190 secs]
2018-05-13T05:49:26.864+0000: 171406.484: [GC 7532855K->498145K(14505600K), 0.5149010 secs]
2018-05-13T05:59:46.392+0000: 172026.013: [GC 7554913K->515619K(14534848K), 0.5114820 secs]
2018-05-13T06:10:13.546+0000: 172653.167: [GC 7566755K->535264K(14499968K), 0.4526180 secs]
2018-05-13T06:15:19.978+0000: 172959.599: [GC 4445471K->510469K(14533824K), 0.2611270 secs]
2018-05-13T06:15:20.240+0000: 172959.860: [Full GC 510469K->411738K(14533824K), 1.8994100 secs]
2018-05-13T06:23:58.530+0000: 173478.151: [GC 7460314K->529748K(14506624K), 0.5144420 secs]
2018-05-13T06:32:14.612+0000: 173974.233: [GC 7578324K->556284K(14524032K), 0.5357840 secs]
2018-05-13T06:42:48.540+0000: 174608.161: [GC 7590012K->572359K(14526912K), 0.5278190 secs]
2018-05-13T06:53:06.341+0000: 175225.962: [GC 7606087K->590118K(14531392K), 0.5129430 secs]
2018-05-13T07:02:54.761+0000: 175814.381: [GC 7630566K->608653K(14529152K), 0.5139160 secs]
2018-05-13T07:11:08.646+0000: 176308.266: [GC 7649101K->631939K(14533504K), 0.5118960 secs]
2018-05-13T07:15:22.145+0000: 176561.765: [GC 4187588K->601354K(14444992K), 0.2406410 secs]
2018-05-13T07:15:22.386+0000: 176562.006: [Full GC 601354K->482521K(14444992K), 2.4487230 secs]
2018-05-13T07:23:29.870+0000: 177049.491: [GC 7529369K->601321K(14524672K), 0.5020320 secs]
2018-05-13T07:32:23.823+0000: 177583.444: [GC 7636969K->637115K(14502272K), 0.5422040 secs]
2018-05-13T07:40:56.290+0000: 178095.910: [GC 7672763K->665064K(14521536K), 0.5528180 secs]
2018-05-13T07:49:50.053+0000: 178629.673: [GC 7689192K->693403K(14485632K), 0.5364450 secs]
2018-05-13T07:59:05.275+0000: 179184.895: [GC 7717531K->718321K(14522240K), 0.5401750 secs]
2018-05-13T08:02:07.912+0000: 179367.532: [GC 7741105K->747487K(14520640K), 0.5579970 secs]
2018-05-13T08:04:35.578+0000: 179515.198: [GC 7770271K->826123K(14468864K), 0.8566450 secs]
2018-05-13T08:06:37.370+0000: 179636.991: [GC 7798667K->859074K(14484416K), 0.8409450 secs]
2018-05-13T08:08:44.863+0000: 179764.484: [GC 7831618K->872950K(14456384K), 0.8615030 secs]
2018-05-13T08:11:06.557+0000: 179906.178: [GC 7793654K->878076K(14426048K), 0.8018280 secs]
2018-05-13T08:13:26.501+0000: 180046.122: [GC 7798780K->887819K(14456192K), 0.8325280 secs]
2018-05-13T08:15:20.320+0000: 180159.941: [GC 7788171K->893780K(14400320K), 0.7815880 secs]
2018-05-13T08:15:24.841+0000: 180164.461: [GC 2201008K->761809K(14434624K), 0.0683890 secs]
2018-05-13T08:15:24.909+0000: 180164.530: [Full GC 761809K->577818K(14434624K), 2.6108570 secs]
2018-05-13T08:16:07.047+0000: 180206.667: [GC 7451418K->684910K(14446848K), 0.4576000 secs]
2018-05-13T08:16:46.983+0000: 180246.604: [GC 7558510K->697531K(14462208K), 0.4754950 secs]
2018-05-13T08:17:26.444+0000: 180286.065: [GC 7594491K->700686K(14454848K), 0.4486450 secs]
2018-05-13T08:18:05.309+0000: 180324.930: [GC 7597646K->704831K(14472768K), 0.4226730 secs]
2018-05-13T08:18:20.185+0000: 180339.805: [GC 7624895K->705195K(14467392K), 0.3581520 secs]
2018-05-13T08:18:34.185+0000: 180353.806: [GC 7625259K->729780K(14483392K), 0.4321800 secs]
2018-05-13T08:18:49.059+0000: 180368.680: [GC 7670068K->735757K(14476992K), 0.3741900 secs]
2018-05-13T08:19:10.553+0000: 180390.174: [GC 7676045K->736972K(14493248K), 0.3798490 secs]
2018-05-13T08:19:48.370+0000: 180427.991: [GC 7699404K->760660K(14489280K), 0.4939130 secs]
2018-05-13T08:20:15.215+0000: 180454.836: [GC 7723092K->767150K(14507392K), 0.4336310 secs]
2018-05-13T08:20:55.887+0000: 180495.508: [GC 7754990K->749178K(14500544K), 0.3532810 secs]
2018-05-13T08:21:31.915+0000: 180531.536: [GC 7737018K->787424K(14513152K), 0.5079450 secs]
2018-05-13T08:21:58.468+0000: 180558.089: [GC 7789408K->791321K(14508928K), 0.4865100 secs]
2018-05-13T08:22:32.336+0000: 180591.957: [GC 7793305K->809139K(14519680K), 0.5137470 secs]
2018-05-13T08:23:05.148+0000: 180624.769: [GC 7827315K->803414K(14518592K), 0.4869820 secs]
2018-05-13T08:23:35.284+0000: 180654.905: [GC 7821590K->822169K(14526656K), 0.4762540 secs]
2018-05-13T08:23:58.574+0000: 180678.195: [GC 7852889K->832669K(14524160K), 0.5098250 secs]
2018-05-13T08:24:33.202+0000: 180712.823: [GC 7863389K->849428K(14527808K), 0.5846140 secs]
2018-05-13T08:25:00.781+0000: 180740.402: [GC 7886740K->833037K(14528704K), 0.4142810 secs]
2018-05-13T08:25:37.494+0000: 180777.114: [GC 7870349K->852899K(14534528K), 0.4912420 secs]
2018-05-13T08:26:18.694+0000: 180818.315: [GC 7898531K->848885K(14531200K), 0.4167700 secs]
2018-05-13T08:26:57.598+0000: 180857.219: [GC 7894517K->865872K(14540416K), 0.4837460 secs]
2018-05-13T08:27:38.381+0000: 180898.001: [GC 7923088K->861798K(14536896K), 0.4479620 secs]
2018-05-13T08:28:02.939+0000: 180922.560: [GC 7919014K->884818K(14542464K), 0.5067670 secs]
2018-05-13T08:28:39.199+0000: 180958.820: [GC 7949074K->896479K(14521856K), 0.5521290 secs]
2018-05-13T08:29:06.653+0000: 180986.274: [GC 7960735K->887643K(14543296K), 0.4685960 secs]
2018-05-13T08:29:40.789+0000: 181020.410: [GC 7951963K->908370K(14541120K), 0.5253640 secs]
2018-05-13T08:30:03.742+0000: 181043.363: [GC 7972690K->917695K(14542912K), 0.4943770 secs]
2018-05-13T08:30:32.123+0000: 181071.744: [GC 7983935K->923396K(14543168K), 0.4935440 secs]
2018-05-13T08:30:55.961+0000: 181095.582: [GC 7989636K->919753K(14545216K), 0.4581500 secs]
2018-05-13T08:31:18.257+0000: 181117.878: [GC 7988297K->950866K(14531392K), 0.5834600 secs]
2018-05-13T08:31:38.428+0000: 181138.049: [GC 8019410K->944141K(14544576K), 0.5183010 secs]
2018-05-13T08:31:56.954+0000: 181156.574: [GC 8010893K->947666K(14542272K), 0.4586760 secs]
2018-05-13T08:32:21.609+0000: 181181.230: [GC 8014418K->962546K(14546880K), 0.5256440 secs]
2018-05-13T08:32:47.935+0000: 181207.556: [GC 8035762K->951126K(14546432K), 0.4292500 secs]
2018-05-13T08:33:07.940+0000: 181227.561: [GC 8024342K->983427K(14542528K), 0.5493340 secs]
2018-05-13T08:33:27.557+0000: 181247.177: [GC 8052355K->984687K(14544512K), 0.5212260 secs]
2018-05-13T08:33:53.224+0000: 181272.845: [GC 8053615K->980920K(14547584K), 0.4777280 secs]
2018-05-13T08:34:22.980+0000: 181302.601: [GC 8054968K->978330K(14546560K), 0.4198850 secs]
2018-05-13T08:34:46.274+0000: 181325.894: [GC 8052378K->992948K(14548416K), 0.4294430 secs]
2018-05-13T08:35:15.741+0000: 181355.362: [GC 8068404K->1012971K(14547136K), 0.5091340 secs]
2018-05-13T08:35:39.647+0000: 181379.268: [GC 8088427K->1020015K(14550720K), 0.5133460 secs]
2018-05-13T08:36:04.554+0000: 181404.175: [GC 8099759K->1042605K(14543168K), 0.5571030 secs]
2018-05-13T08:36:30.189+0000: 181429.810: [GC 8122349K->1031379K(14548032K), 0.4810050 secs]
2018-05-13T08:36:56.676+0000: 181456.297: [GC 8106131K->1047338K(14546816K), 0.5156940 secs]
2018-05-13T08:37:19.186+0000: 181478.806: [GC 8122090K->1059043K(14548544K), 0.5495360 secs]
2018-05-13T08:37:45.811+0000: 181505.431: [GC 8136931K->1053830K(14548992K), 0.5039280 secs]
2018-05-13T08:38:18.733+0000: 181538.354: [GC 8131718K->1061112K(14551232K), 0.4670660 secs]
2018-05-13T08:38:42.460+0000: 181562.080: [GC 8142200K->1063819K(14549952K), 0.4552330 secs]
2018-05-13T08:39:08.142+0000: 181587.763: [GC 8144907K->1084862K(14551936K), 0.5107010 secs]
2018-05-13T08:39:28.272+0000: 181607.893: [GC 8168254K->1085886K(14551552K), 0.4678150 secs]
2018-05-13T08:39:54.318+0000: 181633.939: [GC 8169278K->1101608K(14554432K), 0.5109400 secs]
2018-05-13T08:40:34.486+0000: 181674.107: [GC 8189021K->1108516K(14553088K), 0.4758630 secs]
2018-05-13T08:41:04.689+0000: 181704.310: [GC 8195940K->1091544K(14550848K), 0.3540230 secs]
2018-05-13T08:41:24.856+0000: 181724.477: [GC 8178264K->1099700K(14503680K), 0.3642940 secs]
2018-05-13T08:42:32.674+0000: 181792.294: [GC 8186420K->1154261K(14537792K), 0.5967650 secs]
2018-05-13T08:43:05.202+0000: 181824.823: [GC 8223061K->1139577K(14544448K), 0.4818220 secs]
2018-05-13T08:43:32.781+0000: 181852.402: [GC 8208377K->1151765K(14549504K), 0.4829560 secs]
2018-05-13T08:44:01.450+0000: 181881.071: [GC 8227925K->1168097K(14546752K), 0.5046410 secs]
2018-05-13T08:44:21.780+0000: 181901.400: [GC 8244257K->1176879K(14547968K), 0.5118580 secs]
2018-05-13T08:44:48.104+0000: 181927.725: [GC 8253359K->1180247K(14548288K), 0.5101330 secs]
2018-05-13T08:45:15.313+0000: 181954.934: [GC 8256727K->1199739K(14543808K), 0.5113650 secs]
2018-05-13T08:45:36.831+0000: 181976.451: [GC 8273659K->1204006K(14528320K), 0.5212340 secs]
2018-05-13T08:46:02.954+0000: 182002.575: [GC 8277926K->1218253K(14543616K), 0.5771370 secs]
2018-05-13T08:46:25.317+0000: 182024.938: [GC 8288589K->1218355K(14545216K), 0.4897150 secs]
2018-05-13T08:46:51.735+0000: 182051.356: [GC 8288691K->1228006K(14548672K), 0.4947340 secs]
2018-05-13T08:47:17.268+0000: 182076.889: [GC 8303206K->1242554K(14546624K), 0.5469350 secs]
2018-05-13T08:47:38.276+0000: 182097.897: [GC 8317754K->1245116K(14549376K), 0.5014260 secs]
2018-05-13T08:47:57.021+0000: 182116.642: [GC 8322876K->1262350K(14537216K), 0.5423330 secs]
2018-05-13T08:48:26.049+0000: 182145.670: [GC 8340110K->1255944K(14548864K), 0.4676470 secs]
2018-05-13T08:48:48.124+0000: 182167.745: [GC 8332616K->1280409K(14536896K), 0.6131650 secs]
2018-05-13T08:49:10.139+0000: 182189.759: [GC 8357081K->1275639K(14549184K), 0.4976970 secs]
2018-05-13T08:49:31.062+0000: 182210.683: [GC 8351991K->1289225K(14547264K), 0.5600840 secs]
2018-05-13T08:49:58.734+0000: 182238.355: [GC 8365577K->1283714K(14549888K), 0.4346910 secs]
2018-05-13T08:50:22.126+0000: 182261.746: [GC 8362818K->1304791K(14537856K), 0.4857530 secs]
2018-05-13T08:50:48.606+0000: 182288.226: [GC 8383895K->1308041K(14549376K), 0.5071770 secs]
2018-05-13T08:51:20.101+0000: 182319.722: [GC 8386185K->1322061K(14537984K), 0.5709670 secs]
2018-05-13T08:51:47.221+0000: 182346.842: [GC 8400205K->1310522K(14547968K), 0.4647910 secs]
2018-05-13T08:52:14.017+0000: 182373.637: [GC 8386746K->1323943K(14548160K), 0.4897550 secs]
2018-05-13T08:52:38.035+0000: 182397.656: [GC 8400167K->1335743K(14551360K), 0.4879770 secs]
2018-05-13T08:52:58.700+0000: 182418.320: [GC 8416447K->1346039K(14549440K), 0.5598520 secs]
2018-05-13T08:53:19.683+0000: 182439.304: [GC 8426743K->1347441K(14553216K), 0.4934610 secs]
2018-05-13T08:53:40.975+0000: 182460.595: [GC 8432817K->1361609K(14552256K), 0.5411010 secs]
2018-05-13T08:54:04.938+0000: 182484.559: [GC 8446985K->1365914K(14554688K), 0.5161210 secs]
2018-05-13T08:54:33.162+0000: 182512.783: [GC 8454362K->1370799K(14553856K), 0.4659540 secs]
2018-05-13T08:54:58.037+0000: 182537.658: [GC 8459247K->1387935K(14555840K), 0.4617740 secs]
2018-05-13T08:55:24.032+0000: 182563.652: [GC 8478943K->1404529K(14547776K), 0.5246710 secs]
2018-05-13T08:55:47.920+0000: 182587.541: [GC 8495537K->1402966K(14555456K), 0.4764180 secs]
2018-05-13T08:56:09.524+0000: 182609.145: [GC 8493206K->1420204K(14554880K), 0.5355430 secs]
2018-05-13T08:56:30.360+0000: 182629.981: [GC 8510444K->1416017K(14555456K), 0.4610410 secs]
2018-05-13T08:56:55.748+0000: 182655.368: [GC 8507089K->1427056K(14555584K), 0.4933300 secs]
2018-05-13T08:57:21.700+0000: 182681.321: [GC 8518128K->1424884K(14555456K), 0.4756890 secs]
2018-05-13T08:57:46.585+0000: 182706.206: [GC 8516724K->1442781K(14555968K), 0.5351940 secs]
2018-05-13T08:58:07.360+0000: 182726.981: [GC 8534621K->1446438K(14558080K), 0.5056160 secs]
2018-05-13T08:58:28.245+0000: 182747.866: [GC 8541350K->1460070K(14556928K), 0.5323140 secs]
2018-05-13T08:58:46.185+0000: 182765.806: [GC 8554982K->1469518K(14556032K), 0.5506710 secs]
2018-05-13T08:59:10.163+0000: 182789.784: [GC 8563278K->1468887K(14556928K), 0.4986950 secs]
2018-05-13T08:59:35.457+0000: 182815.078: [GC 8562647K->1468846K(14557696K), 0.4636700 secs]
2018-05-13T09:00:02.573+0000: 182842.193: [GC 8564398K->1478315K(14557824K), 0.4461940 secs]
2018-05-13T09:00:30.323+0000: 182869.943: [GC 8573867K->1480538K(14557376K), 0.4070330 secs]
2018-05-13T09:00:58.183+0000: 182897.804: [GC 8575834K->1494807K(14557696K), 0.5132020 secs]
2018-05-13T09:01:27.631+0000: 182927.252: [GC 8590103K->1500490K(14560000K), 0.5182400 secs]
2018-05-13T09:02:01.532+0000: 182961.153: [GC 8599178K->1495135K(14558784K), 0.4619220 secs]
2018-05-13T09:02:29.825+0000: 182989.446: [GC 8593823K->1503587K(14559360K), 0.4401160 secs]
2018-05-13T09:02:57.401+0000: 183017.022: [GC 8602083K->1511148K(14559232K), 0.4468610 secs]
2018-05-13T09:03:35.059+0000: 183054.680: [GC 8609644K->1528751K(14558720K), 0.5207380 secs]
2018-05-13T09:04:02.394+0000: 183082.015: [GC 8626991K->1524185K(14559168K), 0.4599490 secs]
2018-05-13T09:04:24.001+0000: 183103.622: [GC 8622425K->1541427K(14558656K), 0.5204260 secs]
2018-05-13T09:04:47.645+0000: 183127.266: [GC 8639667K->1551472K(14551872K), 0.5300780 secs]
2018-05-13T09:05:11.560+0000: 183151.181: [GC 8649712K->1570625K(14540288K), 0.6139830 secs]
2018-05-13T09:05:37.956+0000: 183177.576: [GC 8648129K->1570235K(14532864K), 0.5552880 secs]
2018-05-13T09:06:01.925+0000: 183201.546: [GC 8647739K->1587048K(14539392K), 0.6232250 secs]
2018-05-13T09:06:23.950+0000: 183223.571: [GC 8654696K->1569668K(14543872K), 0.5005800 secs]
2018-05-13T09:06:48.669+0000: 183248.290: [GC 8637316K->1579848K(14548032K), 0.5141730 secs]
2018-05-13T09:07:13.116+0000: 183272.737: [GC 8653320K->1586113K(14545536K), 0.5243180 secs]
2018-05-13T09:07:39.413+0000: 183299.033: [GC 8659585K->1589386K(14551552K), 0.4955480 secs]
2018-05-13T09:08:05.933+0000: 183325.554: [GC 8671050K->1598382K(14550208K), 0.5422750 secs]
2018-05-13T09:08:30.788+0000: 183350.408: [GC 8680046K->1601732K(14553664K), 0.5030200 secs]
2018-05-13T09:08:51.374+0000: 183370.995: [GC 8688132K->1612778K(14552832K), 0.5042990 secs]
2018-05-13T09:09:27.569+0000: 183407.190: [GC 8699178K->1630959K(14549056K), 0.5695190 secs]
2018-05-13T09:09:52.335+0000: 183431.955: [GC 8714863K->1643423K(14549120K), 0.6203790 secs]
2018-05-13T09:10:14.936+0000: 183454.556: [GC 8727327K->1637165K(14550144K), 0.4741590 secs]
2018-05-13T09:10:39.149+0000: 183478.770: [GC 8716333K->1654225K(14549120K), 0.5060310 secs]
2018-05-13T09:11:06.791+0000: 183506.412: [GC 8733393K->1659566K(14549440K), 0.5550420 secs]
2018-05-13T09:11:28.046+0000: 183527.666: [GC 8738094K->1663331K(14549184K), 0.5354220 secs]
2018-05-13T09:11:49.348+0000: 183548.969: [GC 8741859K->1672002K(14551424K), 0.5625430 secs]
2018-05-13T09:12:19.457+0000: 183579.078: [GC 8754306K->1671553K(14550976K), 0.5252020 secs]
2018-05-13T09:12:40.170+0000: 183599.791: [GC 8753857K->1677691K(14553856K), 0.5062680 secs]
2018-05-13T09:13:07.597+0000: 183627.218: [GC 8764027K->1678414K(14552576K), 0.5082800 secs]
2018-05-13T09:13:31.960+0000: 183651.581: [GC 8764750K->1687545K(14554304K), 0.5162710 secs]
2018-05-13T09:13:55.655+0000: 183675.276: [GC 8775417K->1706588K(14549376K), 0.5848310 secs]
2018-05-13T09:14:22.346+0000: 183701.966: [GC 8794460K->1703597K(14552896K), 0.5229110 secs]
2018-05-13T09:14:45.582+0000: 183725.202: [GC 8788461K->1713666K(14552064K), 0.5949470 secs]
2018-05-13T09:15:12.312+0000: 183751.933: [GC 8798530K->1694898K(14548672K), 0.4280470 secs]
2018-05-13T09:15:27.528+0000: 183767.148: [GC 5866795K->1668510K(14482752K), 0.2961230 secs]
2018-05-13T09:15:27.824+0000: 183767.445: [Full GC 1668510K->974934K(14482752K), 3.9292430 secs]
2018-05-13T09:15:58.414+0000: 183798.035: [GC 8055766K->1087050K(14544704K), 0.5239960 secs]
2018-05-13T09:18:09.416+0000: 183929.036: [GC 8155466K->1155347K(14543808K), 0.8473830 secs]
2018-05-13T09:19:20.370+0000: 183999.991: [GC 8223763K->1153359K(14499904K), 0.5600500 secs]
2018-05-13T09:19:49.673+0000: 184029.293: [GC 8176975K->1148185K(14521856K), 0.5065980 secs]
2018-05-13T09:20:11.508+0000: 184051.129: [GC 8171801K->1168968K(14527040K), 0.5281020 secs]
2018-05-13T09:20:33.190+0000: 184072.810: [GC 8200712K->1153085K(14524800K), 0.4337880 secs]
2018-05-13T09:20:55.862+0000: 184095.483: [GC 8184829K->1167638K(14531008K), 0.4847130 secs]
2018-05-13T09:21:15.260+0000: 184114.880: [GC 8206742K->1191419K(14528192K), 0.6084330 secs]
2018-05-13T09:21:36.076+0000: 184135.697: [GC 8230523K->1180307K(14532544K), 0.5202270 secs]
2018-05-13T09:21:56.105+0000: 184155.726: [GC 8222611K->1184734K(14529856K), 0.5003530 secs]
2018-05-13T09:22:19.359+0000: 184178.980: [GC 8227038K->1196590K(14538112K), 0.5257570 secs]
2018-05-13T09:22:40.273+0000: 184199.893: [GC 8249582K->1206134K(14534976K), 0.5380500 secs]
2018-05-13T09:23:00.708+0000: 184220.329: [GC 8259126K->1211739K(14542400K), 0.5483800 secs]
2018-05-13T09:23:22.148+0000: 184241.768: [GC 8273883K->1209046K(14539840K), 0.4812930 secs]
2018-05-13T09:23:41.420+0000: 184261.041: [GC 8271190K->1221646K(14545792K), 0.5097750 secs]
2018-05-13T09:24:02.375+0000: 184281.996: [GC 8291022K->1239008K(14543680K), 0.5739740 secs]
2018-05-13T09:24:21.051+0000: 184300.672: [GC 8308384K->1230467K(14545088K), 0.4974150 secs]
2018-05-13T09:25:11.797+0000: 184351.418: [GC 8299523K->1311576K(14544064K), 0.9032720 secs]
2018-05-13T09:25:30.890+0000: 184370.511: [GC 8380632K->1294546K(14498240K), 0.4227990 secs]
2018-05-13T09:25:47.969+0000: 184387.589: [GC 8316754K->1300021K(14521152K), 0.4669980 secs]
2018-05-13T09:26:27.546+0000: 184427.167: [GC 8322229K->1377870K(14483264K), 0.8383010 secs]
2018-05-13T09:27:14.805+0000: 184474.426: [GC 8363598K->1409899K(14502912K), 0.8495130 secs]
2018-05-13T09:28:04.667+0000: 184524.288: [GC 8395627K->1413137K(14447360K), 0.7616900 secs]
2018-05-13T09:28:42.290+0000: 184561.911: [GC 8343313K->1406508K(14423936K), 0.6393130 secs]
2018-05-13T09:29:20.176+0000: 184599.797: [GC 8336684K->1406285K(14479680K), 0.6880990 secs]
2018-05-13T09:29:53.595+0000: 184633.216: [GC 8340877K->1412270K(14475008K), 0.6540210 secs]
2018-05-13T09:30:09.598+0000: 184649.219: [GC 8346862K->1384055K(14485056K), 0.4238620 secs]
2018-05-13T09:30:28.024+0000: 184667.644: [GC 8334967K->1404132K(14485504K), 0.4997500 secs]
2018-05-13T09:31:18.341+0000: 184717.962: [GC 8355044K->1476567K(14465280K), 0.8941640 secs]
2018-05-13T09:31:43.055+0000: 184742.676: [GC 8410327K->1422815K(14476928K), 0.5315820 secs]
2018-05-13T09:31:59.994+0000: 184759.615: [GC 8356575K->1420998K(14481792K), 0.4677580 secs]
2018-05-13T09:32:19.838+0000: 184779.459: [GC 8362630K->1435445K(14479936K), 0.5188440 secs]
2018-05-13T09:32:36.739+0000: 184796.359: [GC 8377077K->1438238K(14488000K), 0.4879550 secs]
2018-05-13T09:32:53.409+0000: 184813.030: [GC 8391518K->1439989K(14485376K), 0.4620040 secs]
2018-05-13T09:33:28.395+0000: 184848.016: [GC 8393269K->1480720K(14492352K), 0.6448840 secs]
2018-05-13T09:34:16.558+0000: 184896.179: [GC 8442832K->1499738K(14489856K), 0.6994790 secs]
2018-05-13T09:35:00.688+0000: 184940.309: [GC 8461850K->1510872K(14488320K), 0.6366240 secs]
2018-05-13T09:35:31.556+0000: 184971.176: [GC 8470232K->1513303K(14489728K), 0.6708150 secs]
2018-05-13T09:36:01.822+0000: 185001.443: [GC 8472663K->1524175K(14493952K), 0.6481990 secs]
2018-05-13T09:36:21.340+0000: 185020.961: [GC 8489679K->1498932K(14491648K), 0.4851020 secs]
2018-05-13T09:36:39.284+0000: 185038.905: [GC 8464436K->1504015K(14496320K), 0.4403530 secs]
2018-05-13T09:36:55.891+0000: 185055.511: [GC 8475471K->1519144K(14495232K), 0.4976560 secs]
2018-05-13T09:37:19.709+0000: 185079.329: [GC 8490600K->1542865K(14504512K), 0.5890730 secs]
2018-05-13T09:38:01.531+0000: 185121.152: [GC 8526417K->1580322K(14499136K), 0.7267130 secs]
2018-05-13T09:38:35.832+0000: 185155.452: [GC 8563874K->1578295K(14501248K), 0.6618770 secs]
2018-05-13T09:39:17.015+0000: 185196.636: [GC 8560055K->1618714K(14492608K), 0.8387300 secs]
2018-05-13T09:39:55.561+0000: 185235.182: [GC 8600474K->1618568K(14478272K), 0.7242240 secs]
2018-05-13T09:40:14.952+0000: 185254.573: [GC 8569352K->1580890K(14485440K), 0.4279950 secs]
2018-05-13T09:40:31.947+0000: 185271.568: [GC 8531674K->1587515K(14489024K), 0.4754740 secs]
2018-05-13T09:40:52.705+0000: 185292.325: [GC 8543675K->1587828K(14487232K), 0.4363170 secs]
2018-05-13T09:41:12.931+0000: 185312.551: [GC 8543988K->1612771K(14494208K), 0.5424770 secs]
2018-05-13T09:41:30.141+0000: 185329.761: [GC 8576995K->1613593K(14490112K), 0.4955460 secs]
2018-05-13T09:41:46.709+0000: 185346.329: [GC 8577817K->1623177K(14499520K), 0.4611510 secs]
2018-05-13T09:42:04.382+0000: 185364.003: [GC 8599177K->1629722K(14496576K), 0.4723000 secs]
2018-05-13T09:42:31.387+0000: 185391.008: [GC 8605722K->1669667K(14501376K), 0.6274000 secs]
2018-05-13T09:43:17.452+0000: 185437.073: [GC 8653091K->1721531K(14501760K), 0.8839660 secs]
2018-05-13T09:44:18.479+0000: 185498.099: [GC 8704955K->1727523K(14442240K), 0.8590310 secs]
2018-05-13T09:45:20.991+0000: 185560.612: [GC 8651427K->1739101K(14441152K), 0.8131500 secs]
2018-05-13T09:46:18.207+0000: 185617.827: [GC 8663005K->1743755K(14453120K), 0.8367150 secs]
2018-05-13T09:47:05.858+0000: 185665.479: [GC 8640139K->1756848K(14412928K), 0.8053000 secs]
2018-05-13T09:47:49.132+0000: 185708.753: [GC 8653232K->1769816K(14443072K), 0.8696980 secs]
2018-05-13T09:48:39.049+0000: 185758.670: [GC 8646104K->1778464K(14394496K), 0.8730760 secs]
2018-05-13T09:49:14.793+0000: 185794.414: [GC 8654752K->1762254K(14453696K), 0.6716410 secs]
2018-05-13T09:49:33.304+0000: 185812.925: [GC 8641422K->1731773K(14445568K), 0.5223010 secs]
2018-05-13T09:50:25.457+0000: 185865.078: [GC 8610941K->1799395K(14450752K), 0.7964730 secs]
2018-05-13T09:51:28.852+0000: 185928.473: [GC 8684515K->1812227K(14401856K), 0.8735280 secs]
2018-05-13T09:52:15.727+0000: 185975.347: [GC 8697347K->1802708K(14456960K), 0.7024410 secs]
2018-05-13T09:52:34.301+0000: 185993.922: [GC 8690068K->1757834K(14450496K), 0.4803040 secs]
2018-05-13T09:52:50.445+0000: 186010.066: [GC 8645194K->1766531K(14456000K), 0.4638400 secs]
2018-05-13T09:53:25.643+0000: 186045.264: [GC 8657987K->1806179K(14455552K), 0.6739740 secs]
2018-05-13T09:54:12.263+0000: 186091.884: [GC 8697635K->1842802K(14459840K), 0.7582970 secs]
2018-05-13T09:54:49.664+0000: 186129.285: [GC 8745842K->1842008K(14461568K), 0.7658700 secs]
2018-05-13T09:55:46.024+0000: 186185.645: [GC 8745048K->1862871K(14462848K), 0.8301690 secs]
2018-05-13T09:56:50.261+0000: 186249.882: [GC 8770391K->1885778K(14426688K), 0.8905410 secs]
2018-05-13T09:57:56.625+0000: 186316.246: [GC 8793298K->1884033K(14460864K), 0.8065960 secs]
2018-05-13T09:58:43.579+0000: 186363.200: [GC 8784257K->1896462K(14459456K), 0.8098720 secs]
2018-05-13T09:59:43.144+0000: 186422.764: [GC 8796686K->1929722K(14449728K), 0.9227230 secs]
2018-05-13T10:00:30.484+0000: 186470.105: [GC 8821498K->1916514K(14455936K), 0.7482100 secs]
2018-05-13T10:00:51.637+0000: 186491.258: [GC 8808290K->1867567K(14454272K), 0.5099060 secs]
2018-05-13T10:01:13.491+0000: 186513.111: [GC 8761903K->1884333K(14457216K), 0.5569320 secs]
2018-05-13T10:02:04.672+0000: 186564.292: [GC 8778669K->1946091K(14455552K), 0.8254210 secs]
2018-05-13T10:02:55.835+0000: 186615.455: [GC 8839275K->1953211K(14456640K), 0.7442060 secs]
2018-05-13T10:03:16.532+0000: 186636.153: [GC 8846395K->1903717K(14454912K), 0.4978990 secs]
2018-05-13T10:03:40.001+0000: 186659.621: [GC 8796389K->1916561K(14456384K), 0.5064660 secs]
2018-05-13T10:03:58.446+0000: 186678.067: [GC 8809233K->1933669K(14460800K), 0.5529240 secs]
2018-05-13T10:04:17.242+0000: 186696.863: [GC 8832037K->1930778K(14457664K), 0.5134710 secs]
2018-05-13T10:05:06.906+0000: 186746.527: [GC 8829146K->2014578K(14442944K), 0.9545970 secs]
2018-05-13T10:05:24.008+0000: 186763.628: [GC 8900210K->1943882K(14452864K), 0.4985160 secs]
2018-05-13T10:05:42.849+0000: 186782.470: [GC 8829514K->1953030K(14458240K), 0.4901990 secs]
2018-05-13T10:06:03.846+0000: 186803.467: [GC 8846086K->1969180K(14454912K), 0.5498330 secs]
2018-05-13T10:06:21.776+0000: 186821.396: [GC 8862236K->1972197K(14468096K), 0.5302690 secs]
2018-05-13T10:06:48.842+0000: 186848.463: [GC 8883621K->2005593K(14463424K), 0.6351010 secs]
2018-05-13T10:07:45.138+0000: 186904.759: [GC 8917017K->2066054K(14443392K), 0.9965710 secs]
2018-05-13T10:08:20.934+0000: 186940.554: [GC 8962438K->2014971K(14458240K), 0.6214880 secs]
2018-05-13T10:08:39.530+0000: 186959.151: [GC 8911355K->2002677K(14468608K), 0.5262650 secs]
2018-05-13T10:09:07.226+0000: 186986.847: [GC 8916725K->2034619K(14465536K), 0.6649400 secs]
2018-05-13T10:09:57.321+0000: 187036.941: [GC 8948667K->2077024K(14458560K), 0.6902280 secs]
2018-05-13T10:10:34.273+0000: 187073.894: [GC 8990176K->2058166K(14466624K), 0.6163290 secs]
2018-05-13T10:10:52.770+0000: 187092.391: [GC 8971318K->2026922K(14472512K), 0.4948470 secs]
2018-05-13T10:11:11.600+0000: 187111.221: [GC 8951146K->2042779K(14471808K), 0.5078470 secs]
2018-05-13T10:11:28.531+0000: 187128.152: [GC 8967003K->2052839K(14477888K), 0.5218870 secs]
2018-05-13T10:11:46.988+0000: 187146.608: [GC 8985767K->2064995K(14475136K), 0.5245010 secs]
2018-05-13T10:12:20.858+0000: 187180.479: [GC 8997923K->2125945K(14472000K), 0.7402760 secs]
2018-05-13T10:13:04.668+0000: 187224.288: [GC 9058937K->2152754K(14446976K), 0.8137300 secs]
2018-05-13T10:13:36.439+0000: 187256.059: [GC 9085746K->2138637K(14473536K), 0.6529190 secs]
2018-05-13T10:13:56.002+0000: 187275.623: [GC 9060877K->2114154K(14468800K), 0.5035900 secs]
2018-05-13T10:14:17.147+0000: 187296.767: [GC 9036394K->2116043K(14476224K), 0.4073160 secs]
2018-05-13T10:14:37.673+0000: 187317.294: [GC 9047371K->2136998K(14475200K), 0.4745340 secs]
2018-05-13T10:14:54.806+0000: 187334.426: [GC 9068326K->2156496K(14481856K), 0.5140410 secs]
2018-05-13T10:15:31.762+0000: 187371.382: [GC 8178921K->2212677K(14478144K), 0.6725730 secs]
2018-05-13T10:15:32.435+0000: 187372.055: [Full GC 2212677K->1092251K(14478144K), 3.8995280 secs]
2018-05-13T10:16:20.763+0000: 187420.384: [GC 8032155K->1275223K(14453952K), 0.8272260 secs]
2018-05-13T10:17:08.774+0000: 187468.395: [GC 8187863K->1293975K(14430976K), 0.8570280 secs]
2018-05-13T10:17:30.508+0000: 187490.129: [GC 8206615K->1245219K(14462336K), 0.5223150 secs]
2018-05-13T10:17:48.003+0000: 187507.624: [GC 8145827K->1252141K(14458368K), 0.5011220 secs]
2018-05-13T10:18:11.355+0000: 187530.976: [GC 8152749K->1265358K(14470080K), 0.5231250 secs]
2018-05-13T10:18:30.538+0000: 187550.158: [GC 8181198K->1276687K(14465856K), 0.5071830 secs]
2018-05-13T10:19:00.112+0000: 187579.733: [GC 8192527K->1304002K(14480704K), 0.5879570 secs]
2018-05-13T10:19:46.387+0000: 187626.007: [GC 8238594K->1385539K(14468160K), 0.8680260 secs]
2018-05-13T10:20:33.752+0000: 187673.372: [GC 8320131K->1399023K(14438848K), 0.7655630 secs]
2018-05-13T10:21:23.008+0000: 187722.629: [GC 8285935K->1403785K(14403968K), 0.8384900 secs]
2018-05-13T10:21:57.456+0000: 187757.076: [GC 8290697K->1387724K(14455360K), 0.7089830 secs]
2018-05-13T10:22:17.224+0000: 187776.844: [GC 8271756K->1353449K(14448768K), 0.4345860 secs]
2018-05-13T10:22:37.057+0000: 187796.678: [GC 8237481K->1381801K(14459968K), 0.5175160 secs]
2018-05-13T10:22:54.142+0000: 187813.763: [GC 8277545K->1399684K(14455872K), 0.5764310 secs]
2018-05-13T10:23:19.643+0000: 187839.263: [GC 8295428K->1420984K(14471488K), 0.6129650 secs]
2018-05-13T10:24:04.448+0000: 187884.069: [GC 8337336K->1488455K(14438784K), 0.8530820 secs]
2018-05-13T10:24:58.425+0000: 187938.045: [GC 8404807K->1503050K(14445056K), 0.7607300 secs]
2018-05-13T10:25:43.027+0000: 187982.648: [GC 8389578K->1509111K(14397312K), 0.7588030 secs]
2018-05-13T10:26:02.701+0000: 188002.321: [GC 8395639K->1452630K(14450240K), 0.4484340 secs]
2018-05-13T10:26:22.606+0000: 188022.226: [GC 8334678K->1480250K(14451072K), 0.5074410 secs]
2018-05-13T10:26:42.752+0000: 188042.372: [GC 8362298K->1482211K(14457536K), 0.4823740 secs]
2018-05-13T10:27:01.921+0000: 188061.542: [GC 8374499K->1484626K(14454848K), 0.4330910 secs]
2018-05-13T10:27:22.089+0000: 188081.709: [GC 8376914K->1496292K(14462336K), 0.4229090 secs]
2018-05-13T10:27:42.810+0000: 188102.430: [GC 8397860K->1513500K(14459328K), 0.4456710 secs]
2018-05-13T10:28:33.954+0000: 188153.575: [GC 8415068K->1586619K(14456256K), 0.7591880 secs]
2018-05-13T10:29:29.605+0000: 188209.226: [GC 8489659K->1599330K(14404096K), 0.6546570 secs]
2018-05-13T10:29:50.006+0000: 188229.627: [GC 8502370K->1557180K(14459264K), 0.3792080 secs]
2018-05-13T10:30:16.021+0000: 188255.642: [GC 8455164K->1596019K(14458816K), 0.4484260 secs]
2018-05-13T10:30:34.814+0000: 188274.435: [GC 8494003K->1619011K(14471808K), 0.4650920 secs]
2018-05-13T10:30:57.292+0000: 188296.913: [GC 8535683K->1635041K(14464960K), 0.5494480 secs]
2018-05-13T10:31:52.818+0000: 188352.438: [GC 8551713K->1711702K(14449664K), 0.8097440 secs]
2018-05-13T10:32:29.465+0000: 188389.086: [GC 8620374K->1711925K(14414912K), 0.7836720 secs]
2018-05-13T10:32:47.823+0000: 188407.444: [GC 8620597K->1656761K(14462592K), 0.4536820 secs]
2018-05-13T10:33:09.822+0000: 188429.443: [GC 8558777K->1670076K(14459520K), 0.4702640 secs]
2018-05-13T10:33:29.700+0000: 188449.320: [GC 8572092K->1681600K(14469888K), 0.4202340 secs]
2018-05-13T10:33:48.561+0000: 188468.182: [GC 8597696K->1710429K(14466304K), 0.5103330 secs]
2018-05-13T10:34:25.690+0000: 188505.311: [GC 8626525K->1775304K(14462336K), 0.7201230 secs]
2018-05-13T10:34:58.484+0000: 188538.104: [GC 8693832K->1819515K(14452672K), 0.8117620 secs]
2018-05-13T10:35:40.555+0000: 188580.176: [GC 8738043K->1839858K(14421824K), 0.8989610 secs]
2018-05-13T10:36:18.777+0000: 188618.398: [GC 8694386K->1821594K(14437312K), 0.7918440 secs]
2018-05-13T10:36:36.529+0000: 188636.149: [GC 8676122K->1787819K(14442944K), 0.5542070 secs]
2018-05-13T10:36:55.555+0000: 188655.176: [GC 8647979K->1788647K(14437312K), 0.5046130 secs]
2018-05-13T10:37:14.403+0000: 188674.023: [GC 8648807K->1799338K(14451456K), 0.5155510 secs]
2018-05-13T10:37:33.666+0000: 188693.286: [GC 8677610K->1811703K(14446912K), 0.5280120 secs]
2018-05-13T10:38:05.777+0000: 188725.398: [GC 8689975K->1882386K(14444992K), 0.8645760 secs]
2018-05-13T10:38:52.516+0000: 188772.137: [GC 8764306K->1923273K(14421632K), 0.9802290 secs]
2018-05-13T10:39:23.059+0000: 188802.680: [GC 8805193K->1890375K(14444544K), 0.7061240 secs]
2018-05-13T10:39:41.029+0000: 188820.650: [GC 8751559K->1863184K(14436736K), 0.5186790 secs]
2018-05-13T10:40:06.503+0000: 188846.123: [GC 8724368K->1898887K(14456384K), 0.5915580 secs]
2018-05-13T10:40:57.990+0000: 188897.611: [GC 8783111K->1975625K(14425536K), 0.9634340 secs]
2018-05-13T10:41:49.512+0000: 188949.133: [GC 8859849K->1995623K(14417536K), 0.9169250 secs]
2018-05-13T10:42:26.538+0000: 188986.158: [GC 8834919K->1956830K(14429696K), 0.6490470 secs]
2018-05-13T10:42:44.805+0000: 189004.426: [GC 8796126K->1938286K(14439936K), 0.5123550 secs]
2018-05-13T10:43:16.061+0000: 189035.682: [GC 8796398K->1980096K(14438272K), 0.6605410 secs]
2018-05-13T10:44:16.494+0000: 189096.115: [GC 8838208K->2055084K(14424064K), 0.9279740 secs]
2018-05-13T10:45:15.515+0000: 189155.135: [GC 8907052K->2073740K(14389568K), 0.8878110 secs]
2018-05-13T10:45:37.095+0000: 189176.715: [GC 8925708K->1981668K(14422272K), 0.3688620 secs]
2018-05-13T10:46:01.874+0000: 189201.495: [GC 8811876K->1998681K(14425152K), 0.3866840 secs]
2018-05-13T10:46:22.000+0000: 189221.620: [GC 8828889K->2002934K(14425920K), 0.3565150 secs]
2018-05-13T10:47:00.881+0000: 189260.502: [GC 8834038K->2030555K(14425280K), 0.4394000 secs]
2018-05-13T10:48:19.852+0000: 189339.473: [GC 8861659K->2106401K(14433152K), 0.7056900 secs]
2018-05-13T10:48:38.172+0000: 189357.792: [GC 8950689K->2077136K(14431232K), 0.4777750 secs]
2018-05-13T10:48:56.107+0000: 189375.728: [GC 8921424K->2090707K(14445760K), 0.5021870 secs]
2018-05-13T10:49:44.053+0000: 189423.674: [GC 8955475K->2170889K(14380544K), 0.8430530 secs]
2018-05-13T10:50:33.316+0000: 189472.936: [GC 9035657K->2194172K(14423744K), 0.7703870 secs]
2018-05-13T10:50:54.655+0000: 189494.276: [GC 9036668K->2144712K(14431296K), 0.5306360 secs]
2018-05-13T10:51:12.067+0000: 189511.687: [GC 8987208K->2155313K(14444224K), 0.5362980 secs]
2018-05-13T10:51:52.834+0000: 189552.455: [GC 9017201K->2204820K(14437760K), 0.6679380 secs]
2018-05-13T10:52:41.834+0000: 189601.455: [GC 9066708K->2254997K(14428928K), 0.8841220 secs]
2018-05-13T10:53:34.436+0000: 189654.056: [GC 9111445K->2277618K(14383808K), 0.8887320 secs]
2018-05-13T10:53:54.940+0000: 189674.561: [GC 9134066K->2224024K(14435776K), 0.5282640 secs]
2018-05-13T10:54:13.090+0000: 189692.710: [GC 9070680K->2226905K(14430976K), 0.4928850 secs]
2018-05-13T10:55:01.042+0000: 189740.663: [GC 9073561K->2314294K(14427264K), 0.8173310 secs]
2018-05-13T10:55:54.869+0000: 189794.489: [GC 9161014K->2350857K(14390720K), 0.8022400 secs]
2018-05-13T10:56:42.285+0000: 189841.906: [GC 9197577K->2338846K(14425536K), 0.7026480 secs]
2018-05-13T10:57:00.643+0000: 189860.263: [GC 9165278K->2297572K(14420992K), 0.5281020 secs]
2018-05-13T10:57:27.398+0000: 189887.019: [GC 9124004K->2321963K(14434880K), 0.5898560 secs]
2018-05-13T10:58:26.640+0000: 189946.260: [GC 9165035K->2409773K(14383360K), 0.8805940 secs]
2018-05-13T10:59:20.449+0000: 190000.069: [GC 9252845K->2432224K(14407424K), 0.9293160 secs]
2018-05-13T11:00:05.964+0000: 190045.584: [GC 9243488K->2428685K(14415680K), 0.7711290 secs]
2018-05-13T11:00:58.837+0000: 190098.458: [GC 9239949K->2467822K(14407232K), 0.9370810 secs]
2018-05-13T11:01:49.748+0000: 190149.369: [GC 9272942K->2486027K(14343232K), 0.9575880 secs]
2018-05-13T11:02:42.264+0000: 190201.885: [GC 9291147K->2502061K(14406272K), 0.9573880 secs]
2018-05-13T11:03:29.443+0000: 190249.064: [GC 9297709K->2512920K(14334464K), 0.9644700 secs]
2018-05-13T11:03:57.379+0000: 190277.000: [GC 9308568K->2467048K(14411456K), 0.6132370 secs]
2018-05-13T11:04:16.323+0000: 190295.944: [GC 9265256K->2455599K(14406848K), 0.4922790 secs]
2018-05-13T11:04:35.248+0000: 190314.869: [GC 9253807K->2474407K(14414528K), 0.5358790 secs]
2018-05-13T11:04:53.481+0000: 190333.101: [GC 9280807K->2469487K(14411968K), 0.4441430 secs]
2018-05-13T11:05:10.016+0000: 190349.637: [GC 9275887K->2479295K(14418176K), 0.4527750 secs]
2018-05-13T11:05:55.950+0000: 190395.571: [GC 9292991K->2575883K(14340416K), 0.9030650 secs]
2018-05-13T11:06:48.219+0000: 190447.840: [GC 9389579K->2599793K(14406848K), 0.9523700 secs]
2018-05-13T11:07:38.734+0000: 190498.354: [GC 9401329K->2606299K(14410816K), 0.8093950 secs]
2018-05-13T11:08:01.650+0000: 190521.271: [GC 9407835K->2543838K(14414784K), 0.4841770 secs]
2018-05-13T11:08:13.496+0000: 190533.117: [GC 9350622K->2535668K(14412096K), 0.4019970 secs]
2018-05-13T11:08:34.965+0000: 190554.586: [GC 9342452K->2575704K(14421120K), 0.5208780 secs]
2018-05-13T11:08:53.081+0000: 190572.702: [GC 9391320K->2581486K(14414592K), 0.4816240 secs]
2018-05-13T11:09:10.659+0000: 190590.279: [GC 9397102K->2594770K(14431936K), 0.4924380 secs]
2018-05-13T11:09:34.718+0000: 190614.339: [GC 9432658K->2620920K(14426048K), 0.5562550 secs]
2018-05-13T11:09:53.987+0000: 190633.607: [GC 9458808K->2616373K(14445440K), 0.4401320 secs]
2018-05-13T11:10:45.312+0000: 190684.932: [GC 9482293K->2690900K(14440576K), 0.7663590 secs]
2018-05-13T11:11:29.348+0000: 190728.969: [GC 9556820K->2730615K(14424640K), 0.9587730 secs]
2018-05-13T11:12:09.512+0000: 190769.132: [GC 9577975K->2697027K(14433728K), 0.6708400 secs]
2018-05-13T11:13:00.632+0000: 190820.253: [GC 9544387K->2745170K(14427712K), 0.8492820 secs]
2018-05-13T11:13:57.739+0000: 190877.360: [GC 9594706K->2752592K(14371264K), 0.9165830 secs]
2018-05-13T11:14:48.037+0000: 190927.658: [GC 9602128K->2760415K(14426176K), 0.9184380 secs]
2018-05-13T11:15:14.165+0000: 190953.786: [GC 9597535K->2710267K(14428608K), 0.5380600 secs]
2018-05-13T11:15:34.570+0000: 190974.191: [GC 9547387K->2693349K(14435392K), 0.4579430 secs]
2018-05-13T11:15:36.342+0000: 190975.963: [GC 3338093K->2625188K(14197632K), 0.0794420 secs]
2018-05-13T11:15:36.422+0000: 190976.042: [Full GC 2625188K->1003341K(14197632K), 3.2441290 secs]
2018-05-13T11:16:12.959+0000: 191012.580: [GC 7845773K->1174592K(14418816K), 0.7455950 secs]
2018-05-13T11:17:11.972+0000: 191071.593: [GC 7996992K->1203351K(14341440K), 0.8707290 secs]
2018-05-13T11:18:03.566+0000: 191123.187: [GC 8025751K->1220898K(14407808K), 0.8762370 secs]
2018-05-13T11:19:05.282+0000: 191184.902: [GC 8025890K->1229779K(14331392K), 0.9445760 secs]
2018-05-13T11:19:51.471+0000: 191231.092: [GC 8034771K->1239617K(14405248K), 0.9709600 secs]
2018-05-13T11:20:39.420+0000: 191279.041: [GC 8033985K->1232732K(14407232K), 0.7547740 secs]
2018-05-13T11:20:57.079+0000: 191296.699: [GC 8027100K->1177077K(14415488K), 0.4996620 secs]
2018-05-13T11:21:15.716+0000: 191315.336: [GC 7984565K->1190083K(14412096K), 0.5165440 secs]
2018-05-13T11:21:36.958+0000: 191336.579: [GC 7997571K->1199795K(14427520K), 0.5521470 secs]
2018-05-13T11:21:55.002+0000: 191354.623: [GC 8028275K->1194702K(14421056K), 0.4453390 secs]
2018-05-13T11:22:49.437+0000: 191409.058: [GC 8023182K->1225568K(14441088K), 0.5840550 secs]
2018-05-13T11:24:31.705+0000: 191511.326: [GC 8078368K->1277216K(14431808K), 0.8487570 secs]
2018-05-13T11:25:28.584+0000: 191568.205: [GC 8130016K->1282889K(14439424K), 0.8082270 secs]
2018-05-13T11:25:45.994+0000: 191585.615: [GC 8140937K->1240204K(14438720K), 0.5373270 secs]
2018-05-13T11:26:03.113+0000: 191602.733: [GC 8098252K->1243945K(14448512K), 0.5239170 secs]
2018-05-13T11:26:24.103+0000: 191623.723: [GC 8116393K->1263390K(14444032K), 0.5131710 secs]
2018-05-13T11:26:42.016+0000: 191641.636: [GC 8135838K->1260987K(14460160K), 0.5112410 secs]
2018-05-13T11:27:12.468+0000: 191672.089: [GC 8156411K->1281492K(14455360K), 0.6040610 secs]
2018-05-13T11:28:17.035+0000: 191736.656: [GC 8176916K->1342630K(14448576K), 0.8905210 secs]
2018-05-13T11:29:46.553+0000: 191826.174: [GC 8238246K->1359228K(14422144K), 0.9710310 secs]
2018-05-13T11:31:10.192+0000: 191909.813: [GC 8254844K->1366197K(14434432K), 0.9394740 secs]
2018-05-13T11:32:19.942+0000: 191979.562: [GC 8228789K->1376074K(14389376K), 0.8675230 secs]
2018-05-13T11:33:32.099+0000: 192051.720: [GC 8238666K->1384670K(14427200K), 0.9411230 secs]
2018-05-13T11:34:01.846+0000: 192081.467: [GC 8227550K->1347400K(14431488K), 0.6714600 secs]
2018-05-13T11:34:19.289+0000: 192098.910: [GC 8190280K->1328931K(14440000K), 0.5306680 secs]
2018-05-13T11:35:15.849+0000: 192155.470: [GC 8186851K->1359615K(14438016K), 0.6589820 secs]
2018-05-13T11:37:09.481+0000: 192269.102: [GC 8217535K->1377809K(14455616K), 0.6955490 secs]
2018-05-13T11:37:29.003+0000: 192288.624: [GC 8260497K->1348407K(14447168K), 0.5011840 secs]
2018-05-13T11:37:51.893+0000: 192311.514: [GC 8231095K->1367610K(14459904K), 0.5467040 secs]
2018-05-13T11:38:09.749+0000: 192329.370: [GC 8263610K->1367743K(14456192K), 0.4748100 secs]
2018-05-13T11:38:29.048+0000: 192348.668: [GC 8263743K->1374706K(14466048K), 0.5102740 secs]
2018-05-13T11:38:49.909+0000: 192369.529: [GC 8283314K->1389558K(14462656K), 0.5854820 secs]
2018-05-13T11:39:08.944+0000: 192388.565: [GC 8298166K->1382817K(14474176K), 0.4826490 secs]
2018-05-13T11:39:55.545+0000: 192435.166: [GC 8308321K->1438763K(14471424K), 0.7163120 secs]
2018-05-13T11:41:08.817+0000: 192508.438: [GC 8364267K->1459990K(14463040K), 0.7796070 secs]
2018-05-13T11:41:27.549+0000: 192527.169: [GC 8376086K->1405824K(14468096K), 0.4671260 secs]
2018-05-13T11:41:46.371+0000: 192545.992: [GC 8321920K->1413569K(14472000K), 0.4737910 secs]
2018-05-13T11:42:08.354+0000: 192567.975: [GC 8334913K->1427572K(14469440K), 0.5101340 secs]
2018-05-13T11:42:26.193+0000: 192585.814: [GC 8348916K->1427608K(14479808K), 0.4852630 secs]
2018-05-13T11:42:45.594+0000: 192605.215: [GC 8363672K->1433917K(14476352K), 0.4993260 secs]
2018-05-13T11:43:03.594+0000: 192623.215: [GC 8369981K->1432075K(14486912K), 0.4761860 secs]
2018-05-13T11:43:24.201+0000: 192643.822: [GC 8382859K->1443611K(14483968K), 0.5123170 secs]
2018-05-13T11:44:23.874+0000: 192703.495: [GC 8394395K->1535943K(14447168K), 0.9576050 secs]
2018-05-13T11:45:27.625+0000: 192767.246: [GC 8454599K->1535313K(14440576K), 0.8805290 secs]
2018-05-13T11:46:01.229+0000: 192800.850: [GC 8453969K->1496115K(14466432K), 0.6193250 secs]
2018-05-13T11:46:19.039+0000: 192818.660: [GC 8399987K->1472638K(14457536K), 0.4622100 secs]
2018-05-13T11:46:40.581+0000: 192840.202: [GC 8376510K->1493347K(14475328K), 0.5334600 secs]
2018-05-13T11:46:58.619+0000: 192858.239: [GC 8417827K->1481585K(14469248K), 0.4646570 secs]
2018-05-13T11:47:18.372+0000: 192877.993: [GC 8406065K->1494260K(14482112K), 0.5013850 secs]
2018-05-13T11:47:39.832+0000: 192899.452: [GC 8434100K->1502516K(14477824K), 0.5131180 secs]
2018-05-13T11:47:58.312+0000: 192917.933: [GC 8442356K->1496953K(14490048K), 0.4447400 secs]
2018-05-13T11:48:32.277+0000: 192951.898: [GC 8454073K->1534548K(14487168K), 0.6237390 secs]
2018-05-13T11:49:40.180+0000: 193019.800: [GC 8491668K->1599223K(14458368K), 0.8759240 secs]
2018-05-13T11:51:20.799+0000: 193120.420: [GC 8530807K->1598272K(14449088K), 0.8682840 secs]
2018-05-13T11:52:20.701+0000: 193180.322: [GC 8529856K->1614904K(14446720K), 0.8873360 secs]
2018-05-13T11:52:43.730+0000: 193203.351: [GC 8506424K->1552845K(14455808K), 0.5035950 secs]
2018-05-13T11:53:03.148+0000: 193222.768: [GC 8444365K->1547554K(14461056K), 0.4313740 secs]
2018-05-13T11:53:54.646+0000: 193274.267: [GC 8447586K->1595836K(14459072K), 0.6471410 secs]
2018-05-13T11:54:16.344+0000: 193295.965: [GC 8495868K->1567349K(14469760K), 0.4597410 secs]
2018-05-13T11:54:34.956+0000: 193314.577: [GC 8484533K->1579818K(14467520K), 0.4739820 secs]
2018-05-13T11:54:52.838+0000: 193332.459: [GC 8497002K->1593387K(14479488K), 0.5297850 secs]
2018-05-13T11:55:11.501+0000: 193351.121: [GC 8526571K->1590424K(14473792K), 0.4471020 secs]
2018-05-13T11:55:43.112+0000: 193382.732: [GC 8523608K->1632048K(14485824K), 0.6405550 secs]
2018-05-13T11:56:42.120+0000: 193441.741: [GC 8580784K->1694989K(14476352K), 0.9160000 secs]
2018-05-13T11:57:33.931+0000: 193493.551: [GC 8643725K->1711543K(14429248K), 0.9720820 secs]
2018-05-13T11:58:03.036+0000: 193522.657: [GC 8597047K->1667831K(14452800K), 0.6678580 secs]
2018-05-13T11:58:22.186+0000: 193541.807: [GC 8553335K->1645711K(14464704K), 0.5259580 secs]
2018-05-13T11:58:42.673+0000: 193562.294: [GC 8551247K->1652789K(14460928K), 0.5235800 secs]
2018-05-13T11:59:01.370+0000: 193580.990: [GC 8558325K->1643416K(14471040K), 0.4250790 secs]
2018-05-13T11:59:19.481+0000: 193599.102: [GC 8563544K->1663352K(14469184K), 0.4906520 secs]
2018-05-13T11:59:42.605+0000: 193622.225: [GC 8583480K->1667102K(14480576K), 0.4705250 secs]
2018-05-13T11:59:59.875+0000: 193639.495: [GC 8603550K->1670050K(14475968K), 0.4398310 secs]
2018-05-13T12:00:24.349+0000: 193663.970: [GC 8606498K->1688675K(14491136K), 0.5408190 secs]
2018-05-13T12:01:21.836+0000: 193721.456: [GC 8644259K->1765657K(14479168K), 0.9030460 secs]
2018-05-13T12:02:04.183+0000: 193763.804: [GC 8721241K->1764152K(14454336K), 0.8405460 secs]
2018-05-13T12:02:48.378+0000: 193807.999: [GC 8677560K->1782108K(14432192K), 0.7679130 secs]
2018-05-13T12:03:47.324+0000: 193866.944: [GC 8695516K->1801362K(14434432K), 0.8281000 secs]
2018-05-13T12:04:24.831+0000: 193904.452: [GC 8672786K->1771991K(14445760K), 0.6725270 secs]
2018-05-13T12:04:42.262+0000: 193921.883: [GC 8643415K->1736902K(14453824K), 0.4759970 secs]
2018-05-13T12:05:02.609+0000: 193942.229: [GC 8622598K->1748752K(14451968K), 0.4755720 secs]
2018-05-13T12:05:21.428+0000: 193961.049: [GC 8634448K->1741341K(14459264K), 0.3836100 secs]
2018-05-13T12:06:31.804+0000: 194031.424: [GC 8638045K->1834193K(14416512K), 0.8151950 secs]
2018-05-13T12:07:47.278+0000: 194106.899: [GC 8730897K->1847751K(14432000K), 0.8949040 secs]
2018-05-13T12:08:49.190+0000: 194168.811: [GC 8709575K->1857704K(14387520K), 0.8511980 secs]
2018-05-13T12:09:19.742+0000: 194199.363: [GC 8719528K->1778736K(14436032K), 0.4372530 secs]
2018-05-13T12:09:37.645+0000: 194217.266: [GC 8628656K->1789535K(14433984K), 0.4441830 secs]
2018-05-13T12:10:05.216+0000: 194244.837: [GC 8639455K->1813419K(14446912K), 0.5089550 secs]
2018-05-13T12:10:25.442+0000: 194265.062: [GC 8679851K->1809763K(14439616K), 0.4659360 secs]
2018-05-13T12:10:52.894+0000: 194292.515: [GC 8676195K->1805215K(14455616K), 0.4464570 secs]
2018-05-13T12:11:17.411+0000: 194317.032: [GC 8692831K->1811850K(14452096K), 0.4527100 secs]
2018-05-13T12:11:39.136+0000: 194338.757: [GC 8699466K->1828645K(14466176K), 0.5127590 secs]
2018-05-13T12:12:00.814+0000: 194360.434: [GC 8734373K->1837704K(14459648K), 0.4687050 secs]
2018-05-13T12:12:22.679+0000: 194382.300: [GC 8743432K->1844140K(14478592K), 0.4887970 secs]
2018-05-13T12:12:45.919+0000: 194405.540: [GC 8775468K->1850723K(14472832K), 0.4819930 secs]
2018-05-13T12:13:12.627+0000: 194432.247: [GC 8782051K->1848469K(14487680K), 0.4428230 secs]
2018-05-13T12:13:41.325+0000: 194460.946: [GC 8800277K->1854073K(14484224K), 0.4638590 secs]
2018-05-13T12:14:07.716+0000: 194487.337: [GC 8805881K->1855976K(14495104K), 0.4038700 secs]
2018-05-13T12:14:35.014+0000: 194514.635: [GC 8822504K->1852325K(14491520K), 0.3361090 secs]
2018-05-13T12:15:03.933+0000: 194543.554: [GC 8818853K->1866019K(14501184K), 0.3671900 secs]
2018-05-13T12:15:29.405+0000: 194569.025: [GC 8844131K->1885698K(14497024K), 0.4552290 secs]
2018-05-13T12:15:39.673+0000: 194579.294: [GC 5274783K->1848693K(14504064K), 0.2333770 secs]
2018-05-13T12:15:39.907+0000: 194579.528: [Full GC 1848693K->1015879K(14504064K), 3.2817800 secs]
2018-05-13T12:16:04.185+0000: 194603.805: [GC 8007623K->1126680K(14505920K), 0.4896600 secs]
2018-05-13T12:16:27.997+0000: 194627.618: [GC 8118424K->1137278K(14513728K), 0.5064360 secs]
2018-05-13T12:16:51.753+0000: 194651.374: [GC 8140158K->1145900K(14509248K), 0.4858090 secs]
2018-05-13T12:17:15.787+0000: 194675.408: [GC 8148780K->1152506K(14521920K), 0.4931750 secs]
2018-05-13T12:17:40.461+0000: 194700.082: [GC 8172026K->1151939K(14517696K), 0.4623180 secs]
2018-05-13T12:18:04.352+0000: 194723.972: [GC 8171459K->1167674K(14528896K), 0.5166520 secs]
2018-05-13T12:18:27.377+0000: 194746.998: [GC 8203642K->1188897K(14502208K), 0.6164820 secs]
2018-05-13T12:18:50.558+0000: 194770.179: [GC 8224865K->1178274K(14529664K), 0.4969130 secs]
2018-05-13T12:19:10.963+0000: 194790.584: [GC 8213090K->1180643K(14525248K), 0.4815570 secs]
2018-05-13T12:19:33.357+0000: 194812.978: [GC 8215459K->1201298K(14532224K), 0.5318280 secs]
2018-05-13T12:19:57.786+0000: 194837.407: [GC 8247186K->1203570K(14532992K), 0.4981590 secs]
2018-05-13T12:20:18.888+0000: 194858.509: [GC 8249458K->1214452K(14535360K), 0.4972870 secs]
2018-05-13T12:20:41.525+0000: 194881.145: [GC 8264244K->1213073K(14534528K), 0.4849550 secs]
2018-05-13T12:21:04.733+0000: 194904.354: [GC 8262865K->1210232K(14540736K), 0.4775720 secs]
2018-05-13T12:21:26.152+0000: 194925.773: [GC 8269688K->1223864K(14538816K), 0.5086370 secs]
2018-05-13T12:21:48.643+0000: 194948.264: [GC 8283320K->1234598K(14544512K), 0.5160320 secs]
2018-05-13T12:22:10.569+0000: 194970.189: [GC 8302950K->1243610K(14543936K), 0.5502630 secs]
2018-05-13T12:22:33.391+0000: 194993.012: [GC 8311962K->1247200K(14544896K), 0.5374100 secs]
2018-05-13T12:22:52.055+0000: 195011.676: [GC 8316128K->1252320K(14544128K), 0.5153300 secs]
2018-05-13T12:23:14.535+0000: 195034.156: [GC 8321248K->1262859K(14546880K), 0.5217660 secs]
2018-05-13T12:23:36.190+0000: 195055.810: [GC 8336651K->1274503K(14534336K), 0.5478660 secs]
2018-05-13T12:23:58.464+0000: 195078.085: [GC 8348295K->1277687K(14547200K), 0.5306650 secs]
2018-05-13T12:24:19.851+0000: 195099.472: [GC 8350199K->1272733K(14545408K), 0.4889780 secs]
2018-05-13T12:24:41.832+0000: 195121.453: [GC 8345245K->1288611K(14548864K), 0.5349130 secs]
2018-05-13T12:25:05.129+0000: 195144.750: [GC 8365027K->1288190K(14547648K), 0.4519260 secs]
2018-05-13T12:25:27.882+0000: 195167.503: [GC 8364606K->1303057K(14550208K), 0.5412660 secs]
2018-05-13T12:25:50.515+0000: 195190.136: [GC 8383377K->1305056K(14550208K), 0.5235270 secs]
2018-05-13T12:26:10.405+0000: 195210.025: [GC 8385376K->1314896K(14551552K), 0.5499860 secs]
2018-05-13T12:26:32.164+0000: 195231.784: [GC 8397776K->1311383K(14551424K), 0.5097630 secs]
2018-05-13T12:26:54.274+0000: 195253.895: [GC 8394263K->1327774K(14550656K), 0.5420280 secs]
2018-05-13T12:27:16.393+0000: 195276.013: [GC 8410782K->1336945K(14541824K), 0.5817090 secs]
2018-05-13T12:27:39.304+0000: 195298.925: [GC 8419953K->1334712K(14552064K), 0.5401860 secs]
2018-05-13T12:28:00.510+0000: 195320.131: [GC 8417272K->1334947K(14550592K), 0.5128870 secs]
2018-05-13T12:28:25.387+0000: 195345.008: [GC 8417507K->1342946K(14553216K), 0.4776690 secs]
2018-05-13T12:28:47.856+0000: 195367.477: [GC 8428386K->1358490K(14552320K), 0.5448100 secs]
2018-05-13T12:29:10.003+0000: 195389.624: [GC 8443930K->1368343K(14550912K), 0.5563200 secs]
2018-05-13T12:29:31.877+0000: 195411.497: [GC 8452759K->1371233K(14552256K), 0.5687210 secs]
2018-05-13T12:29:56.115+0000: 195435.735: [GC 8455649K->1368797K(14553024K), 0.5049770 secs]
2018-05-13T12:30:16.154+0000: 195455.775: [GC 8454109K->1373374K(14552384K), 0.4348900 secs]
2018-05-13T12:30:38.597+0000: 195478.218: [GC 8458686K->1390415K(14551744K), 0.5122260 secs]
2018-05-13T12:31:02.791+0000: 195502.412: [GC 8475471K->1398911K(14544256K), 0.5546580 secs]
2018-05-13T12:31:27.867+0000: 195527.488: [GC 8483967K->1382999K(14549056K), 0.4337570 secs]
2018-05-13T12:31:51.785+0000: 195551.406: [GC 8463447K->1402913K(14550272K), 0.4815900 secs]
2018-05-13T12:32:14.028+0000: 195573.649: [GC 8483361K->1422455K(14548608K), 0.5524180 secs]
2018-05-13T12:32:37.712+0000: 195597.333: [GC 8502775K->1419847K(14550208K), 0.5069460 secs]
2018-05-13T12:32:57.193+0000: 195616.814: [GC 8500167K->1431908K(14552832K), 0.5087850 secs]
2018-05-13T12:33:17.826+0000: 195637.446: [GC 8516132K->1458150K(14551488K), 0.6267760 secs]
2018-05-13T12:33:37.659+0000: 195657.280: [GC 8542374K->1466862K(14533312K), 0.6110610 secs]
2018-05-13T12:33:59.734+0000: 195679.355: [GC 8531566K->1453886K(14542400K), 0.4638680 secs]
2018-05-13T12:34:22.640+0000: 195702.261: [GC 8518590K->1467859K(14544832K), 0.5050800 secs]
2018-05-13T12:34:46.521+0000: 195726.141: [GC 8535507K->1469745K(14542912K), 0.5026530 secs]
2018-05-13T12:35:09.298+0000: 195748.919: [GC 8537393K->1478258K(14547904K), 0.4850520 secs]
2018-05-13T12:35:33.062+0000: 195772.683: [GC 8552114K->1482432K(14546048K), 0.5081030 secs]
2018-05-13T12:35:54.046+0000: 195793.666: [GC 8556288K->1497308K(14549440K), 0.5709780 secs]
2018-05-13T12:36:19.000+0000: 195818.621: [GC 8575900K->1483186K(14516096K), 0.4520840 secs]
2018-05-13T12:36:38.615+0000: 195838.235: [GC 8561778K->1499000K(14549376K), 0.5016770 secs]
2018-05-13T12:37:00.744+0000: 195860.364: [GC 8576696K->1514394K(14548416K), 0.5278810 secs]
2018-05-13T12:37:23.120+0000: 195882.740: [GC 8592090K->1519674K(14550208K), 0.5068640 secs]
2018-05-13T12:37:47.685+0000: 195907.306: [GC 8599482K->1505094K(14513152K), 0.4352840 secs]
2018-05-13T12:38:13.612+0000: 195933.233: [GC 8584902K->1507801K(14546048K), 0.4173330 secs]
2018-05-13T12:38:38.225+0000: 195957.845: [GC 8582489K->1523196K(14547392K), 0.4820850 secs]
2018-05-13T12:39:02.293+0000: 195981.914: [GC 8597884K->1530582K(14550144K), 0.4787290 secs]
2018-05-13T12:39:25.567+0000: 196005.187: [GC 8609046K->1538850K(14548416K), 0.5145570 secs]
2018-05-13T12:39:49.583+0000: 196029.204: [GC 8617314K->1540187K(14553600K), 0.4696590 secs]
2018-05-13T12:40:12.243+0000: 196051.864: [GC 8626011K->1555595K(14552320K), 0.4898780 secs]
2018-05-13T12:40:36.719+0000: 196076.339: [GC 8641419K->1544716K(14553536K), 0.4063550 secs]
2018-05-13T12:40:59.100+0000: 196098.721: [GC 8631436K->1565853K(14539712K), 0.5409720 secs]
2018-05-13T12:41:20.701+0000: 196120.322: [GC 8652573K->1577265K(14548480K), 0.5829450 secs]
2018-05-13T12:41:44.732+0000: 196144.352: [GC 8658737K->1566641K(14550784K), 0.4874340 secs]
2018-05-13T12:42:10.257+0000: 196169.878: [GC 8648113K->1561579K(14549120K), 0.4164390 secs]
2018-05-13T12:42:32.110+0000: 196191.731: [GC 8642411K->1592933K(14535232K), 0.5687200 secs]
2018-05-13T12:42:56.525+0000: 196216.145: [GC 8673765K->1578910K(14550080K), 0.4671130 secs]
2018-05-13T12:43:16.534+0000: 196236.154: [GC 8658526K->1597197K(14549632K), 0.5050390 secs]
2018-05-13T12:43:45.489+0000: 196265.109: [GC 8676813K->1601060K(14553280K), 0.5211130 secs]
2018-05-13T12:44:07.730+0000: 196287.350: [GC 8685668K->1613762K(14551424K), 0.5541090 secs]
2018-05-13T12:44:28.713+0000: 196308.334: [GC 8698370K->1606718K(14553792K), 0.4857580 secs]
2018-05-13T12:44:48.910+0000: 196328.531: [GC 8693054K->1631811K(14547520K), 0.5670650 secs]
2018-05-13T12:45:12.544+0000: 196352.165: [GC 8718147K->1627241K(14550848K), 0.5134160 secs]
2018-05-13T12:45:34.814+0000: 196374.435: [GC 8708201K->1639635K(14539072K), 0.5686970 secs]
2018-05-13T12:45:56.644+0000: 196396.264: [GC 8720595K->1646284K(14547072K), 0.5622350 secs]
2018-05-13T12:46:17.332+0000: 196416.953: [GC 8722508K->1640331K(14548160K), 0.5026840 secs]
2018-05-13T12:46:39.658+0000: 196439.279: [GC 8716555K->1652543K(14551616K), 0.5261510 secs]
2018-05-13T12:47:01.727+0000: 196461.347: [GC 8733695K->1658163K(14549632K), 0.5128310 secs]
2018-05-13T12:47:24.977+0000: 196484.598: [GC 8739315K->1660602K(14554944K), 0.4976340 secs]
2018-05-13T12:47:46.226+0000: 196505.847: [GC 8748922K->1675938K(14546624K), 0.6027430 secs]
2018-05-13T12:48:07.068+0000: 196526.689: [GC 8764258K->1677801K(14553152K), 0.5768750 secs]
2018-05-13T12:48:32.004+0000: 196551.625: [GC 8764009K->1664597K(14523200K), 0.4622410 secs]
2018-05-13T12:48:52.567+0000: 196572.187: [GC 8750805K->1679098K(14553536K), 0.5224840 secs]
2018-05-13T12:49:17.428+0000: 196597.049: [GC 8764986K->1677107K(14552448K), 0.4918320 secs]
2018-05-13T12:49:52.082+0000: 196631.703: [GC 8762995K->1730201K(14525056K), 0.7616920 secs]
2018-05-13T12:50:21.262+0000: 196660.882: [GC 8788633K->1736594K(14523200K), 0.5637750 secs]
2018-05-13T12:50:39.778+0000: 196679.398: [GC 8795026K->1724890K(14538688K), 0.5089010 secs]
2018-05-13T12:51:04.370+0000: 196703.990: [GC 8780890K->1728171K(14537408K), 0.4850730 secs]
2018-05-13T12:51:26.684+0000: 196726.304: [GC 8784171K->1731283K(14540864K), 0.4657050 secs]
2018-05-13T12:51:46.517+0000: 196746.138: [GC 8791955K->1757918K(14521984K), 0.5798680 secs]
2018-05-13T12:52:47.740+0000: 196807.361: [GC 8818590K->1832920K(14482560K), 0.9609050 secs]
2018-05-13T12:53:43.695+0000: 196863.316: [GC 8835032K->1886464K(14511104K), 0.9458950 secs]
2018-05-13T12:54:37.748+0000: 196917.368: [GC 8888576K->1910142K(14430464K), 0.8386490 secs]
2018-05-13T12:55:35.424+0000: 196975.045: [GC 8831614K->1920643K(14431808K), 0.7375500 secs]
2018-05-13T12:56:23.605+0000: 197023.226: [GC 8842115K->1937037K(14451264K), 0.8563370 secs]
2018-05-13T12:56:50.808+0000: 197050.428: [GC 8833037K->1886351K(14458048K), 0.5399930 secs]
2018-05-13T12:57:07.959+0000: 197067.579: [GC 8782351K->1874916K(14462400K), 0.4519590 secs]
2018-05-13T12:57:46.570+0000: 197106.191: [GC 8779236K->1928956K(14462016K), 0.6995230 secs]
2018-05-13T12:58:35.571+0000: 197155.191: [GC 8833276K->1962063K(14458112K), 0.8118360 secs]
2018-05-13T12:59:29.019+0000: 197208.640: [GC 8867663K->1967195K(14408896K), 0.7933780 secs]
2018-05-13T13:00:03.845+0000: 197243.466: [GC 8872795K->1938054K(14466944K), 0.5583890 secs]
2018-05-13T13:00:19.918+0000: 197259.538: [GC 8846534K->1920328K(14461632K), 0.4336560 secs]
2018-05-13T13:00:41.905+0000: 197281.526: [GC 8828808K->1933452K(14470592K), 0.4712700 secs]
2018-05-13T13:01:28.444+0000: 197328.065: [GC 8851596K->1997472K(14425280K), 0.7940960 secs]
2018-05-13T13:01:49.465+0000: 197349.086: [GC 8915616K->1935948K(14466368K), 0.4466160 secs]
2018-05-13T13:02:30.816+0000: 197390.437: [GC 8847884K->1975020K(14465664K), 0.5899870 secs]
2018-05-13T13:02:49.023+0000: 197408.643: [GC 8886956K->1949539K(14475328K), 0.4547370 secs]
2018-05-13T13:03:11.487+0000: 197431.108: [GC 8878755K->1968675K(14473984K), 0.5272490 secs]
2018-05-13T13:03:58.402+0000: 197478.022: [GC 8897891K->1977020K(14485056K), 0.5511290 secs]
2018-05-13T13:05:21.157+0000: 197560.777: [GC 8921916K->2018856K(14479936K), 0.6785060 secs]
2018-05-13T13:07:15.291+0000: 197674.912: [GC 8963752K->2052832K(14461824K), 0.8734690 secs]
2018-05-13T13:07:38.895+0000: 197698.516: [GC 8978144K->1982442K(14472704K), 0.4384390 secs]
2018-05-13T13:07:57.131+0000: 197716.752: [GC 8907754K->1987761K(14476160K), 0.4303450 secs]
2018-05-13T13:08:49.265+0000: 197768.885: [GC 8917873K->2077058K(14450688K), 0.8431560 secs]
2018-05-13T13:09:39.412+0000: 197819.033: [GC 9007170K->2082803K(14449984K), 0.4808970 secs]
2018-05-13T13:10:21.853+0000: 197861.473: [GC 8976371K->2065528K(14456832K), 0.6597050 secs]
2018-05-13T13:10:53.143+0000: 197892.764: [GC 8959096K->2045853K(14466048K), 0.5538160 secs]
2018-05-13T13:11:12.319+0000: 197911.940: [GC 8952541K->2037730K(14460736K), 0.4860670 secs]
2018-05-13T13:11:35.255+0000: 197934.876: [GC 8944418K->2047173K(14472640K), 0.5005710 secs]
2018-05-13T13:11:53.981+0000: 197953.602: [GC 8968261K->2047864K(14468544K), 0.4944990 secs]
2018-05-13T13:12:03.594+0000: 197963.215: [GC 8968952K->2027829K(14475008K), 0.3361650 secs]
2018-05-13T13:12:27.032+0000: 197986.653: [GC 8958773K->2069648K(14475520K), 0.4969310 secs]
2018-05-13T13:12:46.569+0000: 198006.190: [GC 9000592K->2067288K(14486912K), 0.4668500 secs]
2018-05-13T13:13:20.871+0000: 198040.492: [GC 9016344K->2098648K(14482240K), 0.6299750 secs]
2018-05-13T13:14:27.451+0000: 198107.072: [GC 9047704K->2166180K(14453120K), 0.9535500 secs]
2018-05-13T13:14:58.289+0000: 198137.910: [GC 9089700K->2103610K(14471808K), 0.5167220 secs]
2018-05-13T13:15:14.822+0000: 198154.443: [GC 9027130K->2089030K(14481344K), 0.4540000 secs]
2018-05-13T13:15:40.803+0000: 198180.424: [GC 9028742K->2111550K(14478464K), 0.5409610 secs]
2018-05-13T13:15:43.196+0000: 198182.817: [GC 2943472K->2024988K(14465664K), 0.0841500 secs]
2018-05-13T13:15:43.281+0000: 198182.901: [Full GC 2024988K->1031270K(14465664K), 3.5352480 secs]
2018-05-13T13:16:06.046+0000: 198205.667: [GC 7964646K->1140744K(14476736K), 0.4751430 secs]
2018-05-13T13:16:30.372+0000: 198229.993: [GC 8074120K->1163498K(14491456K), 0.4065420 secs]
2018-05-13T13:17:14.177+0000: 198273.798: [GC 8120234K->1182031K(14485376K), 0.6309390 secs]
2018-05-13T13:18:09.538+0000: 198329.159: [GC 8138767K->1252174K(14444416K), 0.9366310 secs]
2018-05-13T13:18:49.600+0000: 198369.220: [GC 8169294K->1223836K(14406912K), 0.3737940 secs]
2018-05-13T13:19:48.719+0000: 198428.340: [GC 8140956K->1220197K(14475264K), 0.5377380 secs]
2018-05-13T13:20:08.644+0000: 198448.264: [GC 8142821K->1192931K(14467456K), 0.3168970 secs]
2018-05-13T13:21:03.971+0000: 198503.591: [GC 8115555K->1265933K(14474112K), 0.6077740 secs]
2018-05-13T13:22:01.052+0000: 198560.673: [GC 8195725K->1293379K(14423104K), 0.7659310 secs]
2018-05-13T13:23:11.134+0000: 198630.755: [GC 8223171K->1350381K(14437120K), 0.9306430 secs]
2018-05-13T13:23:55.403+0000: 198675.024: [GC 8239597K->1319155K(14454656K), 0.6394410 secs]
2018-05-13T13:24:15.579+0000: 198695.199: [GC 8208371K->1285193K(14461120K), 0.4392800 secs]
2018-05-13T13:24:52.361+0000: 198731.981: [GC 8185801K->1339352K(14459584K), 0.6598610 secs]
2018-05-13T13:25:45.476+0000: 198785.096: [GC 8239952K->1412500K(14433408K), 0.8081520 secs]
2018-05-13T13:26:52.305+0000: 198851.926: [GC 8293012K->1425142K(14412608K), 0.8527400 secs]
2018-05-13T13:27:17.157+0000: 198876.778: [GC 8305654K->1345444K(14441152K), 0.4168950 secs]
2018-05-13T13:27:35.448+0000: 198895.068: [GC 8206052K->1353397K(14439552K), 0.3932050 secs]
2018-05-13T13:28:48.909+0000: 198968.530: [GC 8214005K->1445788K(14433984K), 0.7167360 secs]
2018-05-13T13:29:59.922+0000: 199039.542: [GC 8302620K->1475944K(14377984K), 0.7737840 secs]
2018-05-13T13:31:03.457+0000: 199103.078: [GC 8332776K->1498741K(14420288K), 0.8783400 secs]
2018-05-13T13:31:22.851+0000: 199122.471: [GC 8331893K->1421699K(14426624K), 0.4118750 secs]
2018-05-13T13:31:40.542+0000: 199140.163: [GC 8254851K->1444398K(14432192K), 0.4634330 secs]
2018-05-13T13:32:20.893+0000: 199180.513: [GC 8284142K->1509481K(14427648K), 0.7507380 secs]
2018-05-13T13:33:20.642+0000: 199240.263: [GC 8349225K->1551500K(14424960K), 0.8359310 secs]
2018-05-13T13:34:16.713+0000: 199296.333: [GC 8391820K->1575438K(14361280K), 0.8868180 secs]
2018-05-13T13:35:10.192+0000: 199349.813: [GC 8415758K->1595533K(14421952K), 0.8319690 secs]
2018-05-13T13:35:59.595+0000: 199399.216: [GC 8424461K->1606556K(14424512K), 0.7636690 secs]
2018-05-13T13:36:18.825+0000: 199418.446: [GC 8435484K->1566984K(14431104K), 0.5114200 secs]
2018-05-13T13:36:41.526+0000: 199441.146: [GC 8406664K->1580560K(14428672K), 0.4997730 secs]
2018-05-13T13:37:03.443+0000: 199463.064: [GC 8420240K->1594609K(14440128K), 0.5291230 secs]
2018-05-13T13:37:21.999+0000: 199481.620: [GC 8449649K->1602440K(14435008K), 0.5255850 secs]
2018-05-13T13:37:44.101+0000: 199503.722: [GC 8457480K->1614835K(14451072K), 0.5102850 secs]
2018-05-13T13:38:06.596+0000: 199526.217: [GC 8490995K->1616845K(14445184K), 0.4687790 secs]
2018-05-13T13:38:28.912+0000: 199548.533: [GC 8493005K->1636989K(14460928K), 0.5543040 secs]
2018-05-13T13:38:50.040+0000: 199569.661: [GC 8532989K->1644755K(14455168K), 0.5259350 secs]
2018-05-13T13:39:12.531+0000: 199592.151: [GC 8540755K->1646282K(14470272K), 0.4805160 secs]
2018-05-13T13:39:35.379+0000: 199615.000: [GC 8563018K->1666743K(14466560K), 0.5163270 secs]
2018-05-13T13:39:59.317+0000: 199638.938: [GC 8583479K->1680065K(14482112K), 0.4840000 secs]
2018-05-13T13:40:23.323+0000: 199662.944: [GC 8618113K->1679804K(14476032K), 0.4395910 secs]
2018-05-13T13:40:41.975+0000: 199681.596: [GC 8617852K->1702335K(14492416K), 0.5147240 secs]
2018-05-13T13:41:03.040+0000: 199702.661: [GC 8660671K->1708371K(14486016K), 0.5241210 secs]
2018-05-13T13:41:24.062+0000: 199723.683: [GC 8666707K->1732420K(14501888K), 0.5941470 secs]
2018-05-13T13:41:44.823+0000: 199744.444: [GC 8712068K->1733545K(14497856K), 0.5573460 secs]
2018-05-13T13:42:07.078+0000: 199766.699: [GC 8713193K->1732769K(14509184K), 0.4866340 secs]
2018-05-13T13:42:28.635+0000: 199788.256: [GC 8728353K->1742956K(14506496K), 0.4844610 secs]
2018-05-13T13:42:51.320+0000: 199810.941: [GC 8738540K->1762146K(14516736K), 0.5201300 secs]
2018-05-13T13:43:16.192+0000: 199835.812: [GC 8771042K->1773084K(14512256K), 0.5593110 secs]
2018-05-13T13:43:38.857+0000: 199858.477: [GC 8781980K->1779896K(14523904K), 0.5233410 secs]
2018-05-13T13:43:59.025+0000: 199878.646: [GC 8804344K->1780942K(14520640K), 0.4866470 secs]
2018-05-13T13:44:21.616+0000: 199901.237: [GC 8805390K->1792852K(14527296K), 0.5056850 secs]
2018-05-13T13:44:43.343+0000: 199922.964: [GC 8825300K->1812246K(14525248K), 0.5315200 secs]
2018-05-13T13:45:04.561+0000: 199944.182: [GC 8844694K->1825280K(14531072K), 0.4987020 secs]
2018-05-13T13:45:26.846+0000: 199966.467: [GC 8866432K->1829384K(14530176K), 0.5484370 secs]
2018-05-13T13:45:46.185+0000: 199985.806: [GC 8870536K->1833232K(14536000K), 0.4985650 secs]
2018-05-13T13:46:07.950+0000: 200007.571: [GC 8883344K->1854761K(14534208K), 0.5620570 secs]
2018-05-13T13:46:29.573+0000: 200029.194: [GC 8904873K->1867037K(14536512K), 0.5940860 secs]
2018-05-13T13:46:49.941+0000: 200049.562: [GC 8919901K->1866110K(14536448K), 0.5156450 secs]
2018-05-13T13:47:10.373+0000: 200069.994: [GC 8918974K->1880442K(14540480K), 0.5134990 secs]
2018-05-13T13:47:31.928+0000: 200091.549: [GC 8939130K->1893876K(14538304K), 0.5656850 secs]
2018-05-13T13:47:53.560+0000: 200113.181: [GC 8952564K->1902717K(14543616K), 0.5358730 secs]
2018-05-13T13:48:12.880+0000: 200132.501: [GC 8967933K->1901580K(14541696K), 0.4921990 secs]
2018-05-13T13:48:35.166+0000: 200154.786: [GC 8966796K->1917366K(14545088K), 0.5001490 secs]
2018-05-13T13:48:58.106+0000: 200177.727: [GC 8985974K->1927736K(14543616K), 0.4999730 secs]
2018-05-13T13:49:19.232+0000: 200198.853: [GC 8996344K->1945544K(14547008K), 0.5840430 secs]
2018-05-13T13:49:38.946+0000: 200218.567: [GC 9018824K->1937974K(14546368K), 0.4730770 secs]
2018-05-13T13:50:03.031+0000: 200242.651: [GC 9011254K->1960476K(14547008K), 0.4907320 secs]
2018-05-13T13:50:24.233+0000: 200263.853: [GC 9034076K->1955344K(14514496K), 0.4459200 secs]
2018-05-13T13:50:49.719+0000: 200289.340: [GC 9028944K->1972251K(14547840K), 0.4436130 secs]
2018-05-13T13:51:11.855+0000: 200311.476: [GC 9046427K->2000165K(14539136K), 0.5992720 secs]
2018-05-13T13:51:32.958+0000: 200332.579: [GC 9074341K->2000224K(14547072K), 0.5628320 secs]
2018-05-13T13:51:56.981+0000: 200356.602: [GC 9072544K->2005310K(14545344K), 0.4884960 secs]
2018-05-13T13:52:17.491+0000: 200377.111: [GC 9077630K->2023271K(14548928K), 0.5266720 secs]
2018-05-13T13:52:39.475+0000: 200399.096: [GC 9100071K->2039740K(14538432K), 0.5739060 secs]
2018-05-13T13:52:59.531+0000: 200419.152: [GC 9116540K->2044866K(14549440K), 0.5383510 secs]
2018-05-13T13:53:21.247+0000: 200440.868: [GC 9121986K->2043826K(14547776K), 0.4848800 secs]
2018-05-13T13:53:43.157+0000: 200462.778: [GC 9120946K->2061693K(14551360K), 0.5084130 secs]
2018-05-13T13:54:05.999+0000: 200485.620: [GC 9142653K->2076182K(14549696K), 0.5555770 secs]
2018-05-13T13:54:27.435+0000: 200507.056: [GC 9157142K->2085753K(14550528K), 0.5673850 secs]
2018-05-13T13:54:47.143+0000: 200526.764: [GC 9166969K->2088089K(14550656K), 0.5138900 secs]
2018-05-13T13:55:10.585+0000: 200550.206: [GC 9169305K->2116570K(14536384K), 0.5930280 secs]
2018-05-13T13:55:36.093+0000: 200575.714: [GC 9184090K->2114044K(14543808K), 0.5023480 secs]
2018-05-13T13:55:57.857+0000: 200597.477: [GC 9181564K->2119176K(14545408K), 0.4849450 secs]
2018-05-13T13:56:20.097+0000: 200619.717: [GC 9189640K->2142251K(14545152K), 0.5615170 secs]
2018-05-13T13:56:41.696+0000: 200641.316: [GC 9212715K->2154605K(14544704K), 0.5900150 secs]
2018-05-13T13:57:01.937+0000: 200661.558: [GC 9224941K->2147976K(14545216K), 0.5187230 secs]
2018-05-13T13:57:23.613+0000: 200683.234: [GC 9218312K->2166845K(14546624K), 0.5145430 secs]
2018-05-13T13:57:47.436+0000: 200707.057: [GC 9238589K->2185933K(14545216K), 0.5756160 secs]
2018-05-13T13:58:08.618+0000: 200728.238: [GC 9257677K->2203253K(14540096K), 0.5783330 secs]
2018-05-13T13:58:27.866+0000: 200747.486: [GC 9268725K->2207125K(14542784K), 0.5758290 secs]
2018-05-13T13:58:48.827+0000: 200768.447: [GC 9272597K->2213107K(14544640K), 0.5226560 secs]
2018-05-13T13:59:11.445+0000: 200791.066: [GC 9280691K->2226628K(14543040K), 0.5256680 secs]
2018-05-13T13:59:35.130+0000: 200814.751: [GC 9294212K->2232175K(14546240K), 0.5323030 secs]
2018-05-13T13:59:59.799+0000: 200839.420: [GC 9304495K->2230493K(14510080K), 0.4022210 secs]
2018-05-13T14:00:22.559+0000: 200862.179: [GC 9302813K->2254243K(14546624K), 0.4504590 secs]
2018-05-13T14:00:45.395+0000: 200885.015: [GC 9325539K->2268251K(14544768K), 0.5569640 secs]
2018-05-13T14:01:06.473+0000: 200906.094: [GC 9339547K->2280138K(14547008K), 0.5799250 secs]
2018-05-13T14:01:29.809+0000: 200929.430: [GC 9354698K->2272003K(14547328K), 0.4690360 secs]
2018-05-13T14:01:57.970+0000: 200957.591: [GC 9346563K->2301078K(14544000K), 0.5754950 secs]
2018-05-13T14:02:20.297+0000: 200979.918: [GC 9372310K->2302314K(14545664K), 0.5212420 secs]
2018-05-13T14:02:40.829+0000: 201000.449: [GC 9373546K->2313162K(14549056K), 0.5498750 secs]
2018-05-13T14:03:37.650+0000: 201057.271: [GC 9389450K->2409303K(14547328K), 1.0181080 secs]
2018-05-13T14:04:36.786+0000: 201116.407: [GC 9485591K->2492022K(14424960K), 0.9774980 secs]
2018-05-13T14:05:41.503+0000: 201181.124: [GC 9444214K->2561658K(14485056K), 0.9107370 secs]
2018-05-13T14:06:51.244+0000: 201250.864: [GC 9513850K->2574500K(14420800K), 0.9169860 secs]
2018-05-13T14:07:40.321+0000: 201299.941: [GC 9460260K->2556360K(14452928K), 0.7911320 secs]
2018-05-13T14:07:58.942+0000: 201318.563: [GC 9442120K->2503364K(14454400K), 0.4897020 secs]
2018-05-13T14:08:30.507+0000: 201350.128: [GC 9392964K->2534218K(14454848K), 0.5880670 secs]
2018-05-13T14:08:47.576+0000: 201367.197: [GC 9423818K->2516730K(14460928K), 0.4773670 secs]
2018-05-13T14:09:05.320+0000: 201384.941: [GC 9417786K->2515782K(14460224K), 0.4773340 secs]
2018-05-13T14:09:27.766+0000: 201407.387: [GC 9416838K->2536670K(14466880K), 0.5296110 secs]
2018-05-13T14:09:45.303+0000: 201424.924: [GC 9445406K->2528451K(14461952K), 0.4663830 secs]
2018-05-13T14:10:27.070+0000: 201466.691: [GC 9437187K->2582195K(14470400K), 0.6877990 secs]
2018-05-13T14:11:34.462+0000: 201534.083: [GC 9502131K->2629934K(14449536K), 0.8342100 secs]
2018-05-13T14:12:40.834+0000: 201600.455: [GC 9549870K->2637871K(14433856K), 0.9395500 secs]
2018-05-13T14:14:04.295+0000: 201683.916: [GC 9507887K->2644728K(14396992K), 0.9467210 secs]
2018-05-13T14:14:22.460+0000: 201702.081: [GC 9514744K->2568401K(14439488K), 0.4744940 secs]
2018-05-13T14:14:39.953+0000: 201719.573: [GC 9425297K->2572108K(14437504K), 0.4425840 secs]
2018-05-13T14:15:02.883+0000: 201742.504: [GC 9429004K->2594613K(14448000K), 0.4880320 secs]
2018-05-13T14:15:19.592+0000: 201759.212: [GC 9464181K->2589695K(14441664K), 0.4340730 secs]
2018-05-13T14:15:43.522+0000: 201783.143: [GC 9459263K->2616955K(14460736K), 0.6229800 secs]
2018-05-13T14:15:46.825+0000: 201786.446: [GC 3066395K->2516781K(14234432K), 0.0725430 secs]
2018-05-13T14:15:46.898+0000: 201786.519: [Full GC 2516781K->1049098K(14234432K), 3.5682790 secs]
2018-05-13T14:16:37.653+0000: 201837.274: [GC 7929290K->1233357K(14423680K), 0.6871840 secs]
2018-05-13T14:16:45.400+0000: 201845.021: [GC 8086857K->1118741K(14248192K), 0.1143460 secs]
2018-05-13T14:17:50.577+0000: 201910.198: [GC 7972245K->1248799K(14416576K), 0.8962990 secs]
2018-05-13T14:18:59.251+0000: 201978.872: [GC 8081823K->1242306K(14337408K), 0.7866040 secs]
2018-05-13T14:19:16.920+0000: 201996.541: [GC 8075330K->1189608K(14432704K), 0.4717190 secs]
2018-05-13T14:19:45.767+0000: 202025.388: [GC 8026920K->1219216K(14424704K), 0.6149730 secs]
2018-05-13T14:20:02.290+0000: 202041.911: [GC 8056528K->1199993K(14450944K), 0.4282720 secs]
2018-05-13T14:20:18.244+0000: 202057.864: [GC 8075257K->1208260K(14444416K), 0.4536830 secs]
2018-05-13T14:20:42.868+0000: 202082.489: [GC 8083524K->1219705K(14466496K), 0.4623980 secs]
2018-05-13T14:20:59.675+0000: 202099.296: [GC 8124345K->1223025K(14458240K), 0.5017360 secs]
2018-05-13T14:21:29.737+0000: 202129.358: [GC 8127665K->1254985K(14477184K), 0.6459260 secs]
2018-05-13T14:22:15.364+0000: 202174.984: [GC 8185417K->1285771K(14427008K), 0.7697410 secs]
2018-05-13T14:22:35.671+0000: 202195.292: [GC 8216203K->1239133K(14476672K), 0.4731250 secs]
2018-05-13T14:22:57.283+0000: 202216.904: [GC 8167645K->1258376K(14471936K), 0.5540160 secs]
2018-05-13T14:23:15.685+0000: 202235.306: [GC 8186888K->1243114K(14486656K), 0.4099930 secs]
2018-05-13T14:23:33.173+0000: 202252.794: [GC 8193514K->1262935K(14483840K), 0.4869480 secs]
2018-05-13T14:23:57.787+0000: 202277.408: [GC 8213335K->1282226K(14498496K), 0.5828090 secs]
2018-05-13T14:24:15.503+0000: 202295.123: [GC 8252594K->1272933K(14491968K), 0.4995640 secs]
2018-05-13T14:24:49.702+0000: 202329.323: [GC 8243301K->1318305K(14494848K), 0.6803220 secs]
2018-05-13T14:25:30.147+0000: 202369.768: [GC 8295713K->1338493K(14472832K), 0.7247640 secs]
2018-05-13T14:25:49.050+0000: 202388.671: [GC 8315901K->1300286K(14496000K), 0.5008240 secs]
2018-05-13T14:26:08.916+0000: 202408.537: [GC 8267518K->1312273K(14491328K), 0.5459070 secs]
2018-05-13T14:27:01.637+0000: 202461.257: [GC 8279505K->1393328K(14456640K), 0.9613330 secs]
2018-05-13T14:27:53.898+0000: 202513.519: [GC 8331312K->1410277K(14465728K), 0.9440850 secs]
2018-05-13T14:28:47.558+0000: 202567.178: [GC 8348261K->1418253K(14438720K), 0.7973430 secs]
2018-05-13T14:30:01.915+0000: 202641.536: [GC 8302605K->1426293K(14411968K), 0.7910470 secs]
2018-05-13T14:30:29.983+0000: 202669.603: [GC 8310645K->1356087K(14445824K), 0.4116390 secs]
2018-05-13T14:30:47.727+0000: 202687.347: [GC 8225015K->1362069K(14443200K), 0.4880820 secs]
2018-05-13T14:31:38.199+0000: 202737.820: [GC 8230997K->1430940K(14446720K), 0.8203970 secs]
2018-05-13T14:32:06.657+0000: 202766.277: [GC 8305948K->1399946K(14447552K), 0.5901210 secs]
2018-05-13T14:32:24.993+0000: 202784.613: [GC 8274954K->1382276K(14457280K), 0.4640580 secs]
2018-05-13T14:33:15.339+0000: 202834.959: [GC 8274116K->1433320K(14454656K), 0.7250400 secs]
2018-05-13T14:34:17.461+0000: 202897.082: [GC 8325160K->1488489K(14436032K), 0.9694140 secs]
2018-05-13T14:35:19.407+0000: 202959.028: [GC 8366185K->1497106K(14411072K), 0.9517110 secs]
2018-05-13T14:36:03.981+0000: 203003.601: [GC 8374802K->1477369K(14442496K), 0.7950620 secs]
2018-05-13T14:36:21.560+0000: 203021.180: [GC 8338297K->1432259K(14438528K), 0.4884470 secs]
2018-05-13T14:36:44.343+0000: 203043.964: [GC 8293187K->1453924K(14449856K), 0.5872490 secs]
2018-05-13T14:37:02.077+0000: 203061.698: [GC 8328036K->1438215K(14444352K), 0.4636700 secs]
2018-05-13T14:37:25.519+0000: 203085.140: [GC 8312327K->1458437K(14456832K), 0.5624480 secs]
2018-05-13T14:37:48.792+0000: 203108.412: [GC 8346693K->1453333K(14451520K), 0.4805230 secs]
2018-05-13T14:38:06.728+0000: 203126.349: [GC 8341589K->1468958K(14466304K), 0.5405690 secs]
2018-05-13T14:38:59.856+0000: 203179.476: [GC 8375710K->1526953K(14460544K), 0.8659910 secs]
2018-05-13T14:40:13.057+0000: 203252.678: [GC 8433705K->1561278K(14435136K), 0.8818400 secs]
2018-05-13T14:41:32.847+0000: 203332.468: [GC 8438078K->1565637K(14407616K), 0.9607550 secs]
2018-05-13T14:41:51.812+0000: 203351.432: [GC 8442437K->1475406K(14439104K), 0.4275980 secs]
2018-05-13T14:42:09.947+0000: 203369.568: [GC 8333070K->1489846K(14438656K), 0.4855620 secs]
2018-05-13T14:43:17.319+0000: 203436.940: [GC 8347510K->1578172K(14427392K), 0.9149670 secs]
2018-05-13T14:44:38.100+0000: 203517.720: [GC 8428220K->1591954K(14376896K), 0.8753790 secs]
2018-05-13T14:45:52.748+0000: 203592.369: [GC 8442002K->1600505K(14421248K), 0.9095800 secs]
2018-05-13T14:46:53.590+0000: 203653.211: [GC 8429945K->1611104K(14355200K), 0.9062000 secs]
2018-05-13T14:47:55.506+0000: 203715.126: [GC 8440544K->1618209K(14418048K), 0.9157800 secs]
2018-05-13T14:48:52.771+0000: 203772.392: [GC 8437921K->1627699K(14346240K), 0.9342920 secs]
2018-05-13T14:50:03.222+0000: 203842.842: [GC 8447411K->1635524K(14419520K), 0.8727630 secs]
2018-05-13T14:51:05.927+0000: 203905.548: [GC 8453956K->1634258K(14419008K), 0.7947750 secs]
2018-05-13T14:51:26.968+0000: 203926.589: [GC 8452690K->1570168K(14422592K), 0.4826360 secs]
2018-05-13T14:51:44.994+0000: 203944.615: [GC 8397560K->1575993K(14423744K), 0.4800710 secs]
2018-05-13T14:52:08.237+0000: 203967.858: [GC 8403385K->1597997K(14428480K), 0.5222530 secs]
2018-05-13T14:52:25.994+0000: 203985.614: [GC 8430381K->1586463K(14424000K), 0.4621290 secs]
2018-05-13T14:53:14.405+0000: 204034.026: [GC 8418847K->1652694K(14435328K), 0.7669270 secs]
2018-05-13T14:54:25.312+0000: 204104.933: [GC 8498326K->1678923K(14430400K), 0.8543280 secs]
2018-05-13T14:55:16.255+0000: 204155.876: [GC 8524555K->1653096K(14443200K), 0.5735150 secs]
2018-05-13T14:55:33.137+0000: 204172.758: [GC 8511144K->1628913K(14434944K), 0.4976370 secs]
2018-05-13T14:56:07.388+0000: 204207.008: [GC 8486961K->1657366K(14452864K), 0.6265100 secs]
2018-05-13T14:56:24.958+0000: 204224.579: [GC 8535702K->1636475K(14445568K), 0.4891570 secs]
2018-05-13T14:56:47.886+0000: 204247.507: [GC 8514811K->1655019K(14460032K), 0.5530840 secs]
2018-05-13T14:57:05.607+0000: 204265.228: [GC 8549803K->1649825K(14454848K), 0.4921830 secs]
2018-05-13T14:57:22.711+0000: 204282.332: [GC 8544609K->1658284K(14467776K), 0.4678710 secs]
2018-05-13T14:58:26.216+0000: 204345.837: [GC 8569324K->1736852K(14432896K), 0.9226780 secs]
2018-05-13T14:59:37.901+0000: 204417.521: [GC 8647892K->1755694K(14431872K), 0.9658760 secs]
2018-05-13T15:01:23.534+0000: 204523.155: [GC 8624046K->1738617K(14375424K), 0.8069140 secs]
2018-05-13T15:02:58.342+0000: 204617.963: [GC 8606969K->1768573K(14431168K), 0.9291660 secs]
2018-05-13T15:03:24.923+0000: 204644.544: [GC 8623485K->1699332K(14437504K), 0.4901430 secs]
2018-05-13T15:03:43.410+0000: 204663.031: [GC 8554244K->1695254K(14441600K), 0.4248410 secs]
2018-05-13T15:04:10.776+0000: 204690.396: [GC 8556822K->1699671K(14440064K), 0.4177570 secs]
2018-05-13T15:04:30.341+0000: 204709.961: [GC 8561239K->1712314K(14448832K), 0.4576730 secs]
2018-05-13T15:05:27.680+0000: 204767.300: [GC 8585274K->1779597K(14444224K), 0.7146680 secs]
2018-05-13T15:06:09.802+0000: 204809.422: [GC 8652557K->1781846K(14448064K), 0.5350840 secs]
2018-05-13T15:07:13.791+0000: 204873.411: [GC 8656918K->1792310K(14447104K), 0.7965760 secs]
2018-05-13T15:08:25.500+0000: 204945.120: [GC 8667382K->1816125K(14439360K), 0.6859050 secs]
2018-05-13T15:09:40.407+0000: 205020.028: [GC 8684349K->1783539K(14444160K), 0.6615800 secs]
2018-05-13T15:10:43.867+0000: 205083.488: [GC 8651763K->1828062K(14448064K), 0.5810130 secs]
2018-05-13T15:11:27.020+0000: 205126.641: [GC 8708318K->1823136K(14450176K), 0.7864850 secs]
2018-05-13T15:12:30.333+0000: 205189.953: [GC 8703392K->1864352K(14439424K), 0.9310970 secs]
2018-05-13T15:12:49.010+0000: 205208.631: [GC 8738592K->1788985K(14447168K), 0.4848530 secs]
2018-05-13T15:13:03.831+0000: 205223.452: [GC 8663225K->1788373K(14448512K), 0.2666020 secs]
2018-05-13T15:13:19.584+0000: 205239.205: [GC 8664533K->1790585K(14447744K), 0.4219690 secs]
2018-05-13T15:13:38.561+0000: 205258.182: [GC 8666745K->1804362K(14452480K), 0.4487280 secs]
2018-05-13T15:13:55.876+0000: 205275.497: [GC 8685962K->1812020K(14449216K), 0.4621990 secs]
2018-05-13T15:14:16.387+0000: 205296.008: [GC 8693620K->1818578K(14461504K), 0.4898120 secs]
2018-05-13T15:15:05.432+0000: 205345.052: [GC 8716626K->1860346K(14456640K), 0.5815600 secs]
2018-05-13T15:15:21.954+0000: 205361.575: [GC 8758394K->1834054K(14471232K), 0.4789920 secs]
2018-05-13T15:15:50.475+0000: 205390.095: [GC 8339783K->1853312K(14467072K), 0.5498160 secs]
2018-05-13T15:15:51.025+0000: 205390.645: [Full GC 1853312K->1039205K(14467072K), 3.4078430 secs]
2018-05-13T15:17:06.887+0000: 205466.507: [GC 7957413K->1222282K(14449536K), 0.9016410 secs]
2018-05-13T15:18:44.857+0000: 205564.478: [GC 8129802K->1220272K(14419136K), 0.8797830 secs]
2018-05-13T15:19:49.595+0000: 205629.216: [GC 8127792K->1240431K(14439040K), 0.7729350 secs]
2018-05-13T15:20:20.471+0000: 205660.092: [GC 8116207K->1205876K(14447936K), 0.6120540 secs]
2018-05-13T15:20:49.271+0000: 205688.892: [GC 8081652K->1201003K(14463104K), 0.5136030 secs]
2018-05-13T15:21:00.728+0000: 205700.349: [GC 8101163K->1179398K(14457152K), 0.1951840 secs]
2018-05-13T15:21:16.874+0000: 205716.495: [GC 8079558K->1195482K(14467072K), 0.4632950 secs]
2018-05-13T15:21:39.449+0000: 205739.070: [GC 8106394K->1221520K(14463936K), 0.5789730 secs]
2018-05-13T15:21:59.723+0000: 205759.343: [GC 8132432K->1208409K(14477120K), 0.4759690 secs]
2018-05-13T15:22:18.866+0000: 205778.486: [GC 8139737K->1220689K(14474304K), 0.4882370 secs]
2018-05-13T15:22:37.900+0000: 205797.521: [GC 8152017K->1225751K(14485952K), 0.4910460 secs]
2018-05-13T15:22:57.846+0000: 205817.467: [GC 8173271K->1229044K(14481664K), 0.5009770 secs]
2018-05-13T15:23:54.615+0000: 205874.235: [GC 8176564K->1293323K(14472320K), 0.6907520 secs]
2018-05-13T15:24:12.520+0000: 205892.141: [GC 8235403K->1239857K(14481088K), 0.4722410 secs]
2018-05-13T15:24:27.834+0000: 205907.455: [GC 8181937K->1243648K(14487168K), 0.4444140 secs]
2018-05-13T15:26:05.231+0000: 206004.852: [GC 8194688K->1327855K(14465984K), 0.8717710 secs]
2018-05-13T15:27:09.878+0000: 206069.499: [GC 8278895K->1347627K(14445184K), 0.8609910 secs]
2018-05-13T15:28:13.895+0000: 206133.516: [GC 8246699K->1358799K(14427648K), 0.9513410 secs]
2018-05-13T15:29:16.102+0000: 206195.722: [GC 8257871K->1367081K(14427904K), 0.7739470 secs]
2018-05-13T15:29:42.030+0000: 206221.651: [GC 8222121K->1308605K(14437568K), 0.5560850 secs]
2018-05-13T15:29:58.981+0000: 206238.602: [GC 8163645K->1298650K(14447104K), 0.4251740 secs]
2018-05-13T15:30:21.767+0000: 206261.388: [GC 8169690K->1323004K(14444032K), 0.5327750 secs]
2018-05-13T15:30:39.406+0000: 206279.027: [GC 8194044K->1313149K(14457408K), 0.4565060 secs]
2018-05-13T15:30:57.706+0000: 206297.327: [GC 8204413K->1318358K(14453952K), 0.4135530 secs]
2018-05-13T15:32:02.474+0000: 206362.095: [GC 8209622K->1411061K(14436288K), 0.8521920 secs]
2018-05-13T15:33:01.662+0000: 206421.283: [GC 8288757K->1421924K(14408896K), 0.9338000 secs]
2018-05-13T15:34:03.938+0000: 206483.559: [GC 8299620K->1428340K(14423232K), 0.8582610 secs]
2018-05-13T15:35:02.846+0000: 206542.467: [GC 8268916K->1435241K(14365888K), 0.8227930 secs]
2018-05-13T15:35:52.465+0000: 206592.085: [GC 8275817K->1443387K(14418432K), 0.9394420 secs]
2018-05-13T15:36:15.045+0000: 206614.666: [GC 8267451K->1360905K(14422080K), 0.4437710 secs]
2018-05-13T15:36:31.846+0000: 206631.467: [GC 8184969K->1367798K(14425856K), 0.4560240 secs]
2018-05-13T15:36:54.363+0000: 206653.984: [GC 8196854K->1376932K(14423296K), 0.4813180 secs]
2018-05-13T15:37:13.666+0000: 206673.287: [GC 8205988K->1387569K(14436288K), 0.5104580 secs]
2018-05-13T15:37:34.597+0000: 206694.217: [GC 8234161K->1392734K(14430400K), 0.5011470 secs]
2018-05-13T15:37:52.094+0000: 206711.714: [GC 8239326K->1386337K(14446272K), 0.4063940 secs]
2018-05-13T15:38:09.021+0000: 206728.642: [GC 8254817K->1396988K(14442304K), 0.4345340 secs]
2018-05-13T15:38:53.344+0000: 206772.965: [GC 8265468K->1474870K(14439808K), 0.8466510 secs]
2018-05-13T15:40:00.031+0000: 206839.651: [GC 8346038K->1501285K(14395712K), 0.8431520 secs]
2018-05-13T15:40:56.828+0000: 206896.448: [GC 8372453K->1504802K(14423488K), 0.9216620 secs]
2018-05-13T15:41:54.915+0000: 206954.536: [GC 8343842K->1514118K(14360448K), 0.8847540 secs]
2018-05-13T15:42:32.500+0000: 206992.120: [GC 8353158K->1485740K(14435072K), 0.6923650 secs]
2018-05-13T15:42:50.971+0000: 207010.592: [GC 8325868K->1453834K(14425152K), 0.5015360 secs]
2018-05-13T15:43:09.023+0000: 207028.643: [GC 8293962K->1459932K(14443392K), 0.5199470 secs]
2018-05-13T15:43:30.125+0000: 207049.745: [GC 8322268K->1472164K(14439040K), 0.5319510 secs]
2018-05-13T15:43:47.049+0000: 207066.670: [GC 8334500K->1466439K(14453248K), 0.4793510 secs]
2018-05-13T15:44:18.709+0000: 207098.330: [GC 8349127K->1512161K(14449536K), 0.6557430 secs]
2018-05-13T15:45:20.710+0000: 207160.330: [GC 8394849K->1556296K(14443072K), 0.7544060 secs]
2018-05-13T15:46:15.662+0000: 207215.283: [GC 8438728K->1563949K(14400000K), 0.8958710 secs]
2018-05-13T15:47:13.633+0000: 207273.253: [GC 8446381K->1583410K(14428032K), 0.8299470 secs]
2018-05-13T15:47:32.169+0000: 207291.790: [GC 8436658K->1506484K(14436672K), 0.4618280 secs]
2018-05-13T15:47:49.839+0000: 207309.459: [GC 8359732K->1511749K(14441728K), 0.4439260 secs]
2018-05-13T15:48:13.930+0000: 207333.551: [GC 8372101K->1527265K(14438720K), 0.5020320 secs]
2018-05-13T15:48:31.355+0000: 207350.976: [GC 8387617K->1526668K(14451392K), 0.4695230 secs]
2018-05-13T15:48:56.522+0000: 207376.142: [GC 8405132K->1552813K(14447168K), 0.6125120 secs]
2018-05-13T15:50:09.517+0000: 207449.138: [GC 8431277K->1624658K(14435648K), 0.8410510 secs]
2018-05-13T15:51:10.031+0000: 207509.651: [GC 8499666K->1633831K(14401984K), 0.9249230 secs]
2018-05-13T15:51:42.334+0000: 207541.955: [GC 8508839K->1589921K(14447040K), 0.6485540 secs]
2018-05-13T15:52:52.851+0000: 207612.472: [GC 8455073K->1644704K(14438208K), 0.9015570 secs]
2018-05-13T15:54:12.031+0000: 207691.651: [GC 8509856K->1659235K(14429376K), 0.9089390 secs]
2018-05-13T15:54:45.833+0000: 207725.454: [GC 8509923K->1605176K(14435392K), 0.5403510 secs]
2018-05-13T15:55:03.079+0000: 207742.700: [GC 8455864K->1591577K(14441472K), 0.4145120 secs]
2018-05-13T15:55:43.064+0000: 207782.684: [GC 8453017K->1639616K(14440064K), 0.6422950 secs]
2018-05-13T15:56:46.833+0000: 207846.454: [GC 8501056K->1694693K(14434688K), 0.9402530 secs]
2018-05-13T15:57:45.002+0000: 207904.623: [GC 8560357K->1705132K(14393728K), 0.8894460 secs]
2018-05-13T15:58:55.228+0000: 207974.848: [GC 8570796K->1711346K(14426624K), 0.9500620 secs]
2018-05-13T16:00:04.763+0000: 208044.384: [GC 8554098K->1718862K(14368000K), 0.8475510 secs]
2018-05-13T16:00:36.998+0000: 208076.619: [GC 8561614K->1654936K(14430976K), 0.5162460 secs]
2018-05-13T16:01:13.782+0000: 208113.402: [GC 8494936K->1669139K(14429120K), 0.5317130 secs]
2018-05-13T16:01:45.315+0000: 208144.935: [GC 8509139K->1675442K(14439296K), 0.5686720 secs]
2018-05-13T16:02:48.888+0000: 208208.509: [GC 8529714K->1693588K(14435072K), 0.6244690 secs]
2018-05-13T16:03:07.051+0000: 208226.672: [GC 8547860K->1667649K(14446464K), 0.4339940 secs]
2018-05-13T16:04:02.155+0000: 208281.776: [GC 8540033K->1730861K(14446016K), 0.6577730 secs]
2018-05-13T16:04:27.928+0000: 208307.549: [GC 8603245K->1706285K(14456064K), 0.5404640 secs]
2018-05-13T16:05:04.882+0000: 208344.503: [GC 8593645K->1741775K(14451392K), 0.7406550 secs]
2018-05-13T16:05:22.986+0000: 208362.607: [GC 8629135K->1695704K(14461504K), 0.4172010 secs]
2018-05-13T16:06:02.689+0000: 208402.310: [GC 8598744K->1746284K(14461568K), 0.6525640 secs]
2018-05-13T16:07:12.273+0000: 208471.894: [GC 8649324K->1814268K(14439936K), 0.9743830 secs]
2018-05-13T16:08:23.517+0000: 208543.138: [GC 8703356K->1819280K(14420928K), 0.9417360 secs]
2018-05-13T16:09:13.528+0000: 208593.148: [GC 8708368K->1804000K(14445888K), 0.7182860 secs]
2018-05-13T16:09:31.114+0000: 208610.734: [GC 8673696K->1757612K(14443904K), 0.4870210 secs]
2018-05-13T16:09:48.556+0000: 208628.177: [GC 8627308K->1768552K(14449856K), 0.4940940 secs]
2018-05-13T16:10:09.908+0000: 208649.529: [GC 8645544K->1792408K(14447232K), 0.4933840 secs]
2018-05-13T16:10:29.119+0000: 208668.739: [GC 8669400K->1789338K(14457792K), 0.4048060 secs]
2018-05-13T16:11:10.833+0000: 208710.454: [GC 8682458K->1857914K(14455424K), 0.7481610 secs]
2018-05-13T16:11:44.161+0000: 208743.781: [GC 8751034K->1856766K(14465536K), 0.5836710 secs]
2018-05-13T16:12:02.867+0000: 208762.488: [GC 8760446K->1836864K(14458240K), 0.4923340 secs]
2018-05-13T16:12:55.480+0000: 208815.101: [GC 8740544K->1863228K(14473920K), 0.6112710 secs]
2018-05-13T16:14:16.473+0000: 208896.094: [GC 8784764K->1940602K(14453440K), 0.9286370 secs]
2018-05-13T16:15:33.102+0000: 208972.723: [GC 8862138K->1948907K(14440640K), 0.8558530 secs]
2018-05-13T16:15:54.442+0000: 208994.062: [GC 3961761K->1833272K(14278784K), 0.2800430 secs]
2018-05-13T16:15:54.722+0000: 208994.343: [Full GC 1833272K->924164K(14278784K), 3.2731940 secs]
2018-05-13T16:17:08.952+0000: 209068.572: [GC 7803652K->1119670K(14419136K), 0.9488780 secs]
2018-05-13T16:17:29.025+0000: 209088.646: [GC 7963318K->1032684K(14431872K), 0.3983890 secs]
2018-05-13T16:17:48.390+0000: 209108.010: [GC 7876332K->1039524K(14437632K), 0.3889230 secs]
2018-05-13T16:18:14.716+0000: 209134.337: [GC 7891428K->1067135K(14434368K), 0.5090010 secs]
2018-05-13T16:19:00.205+0000: 209179.826: [GC 7919039K->1109341K(14450944K), 0.6385080 secs]
2018-05-13T16:19:17.434+0000: 209197.054: [GC 7985181K->1076704K(14444992K), 0.4499010 secs]
2018-05-13T16:19:47.178+0000: 209226.798: [GC 7952544K->1115866K(14463808K), 0.6077000 secs]
2018-05-13T16:20:54.889+0000: 209294.510: [GC 8014618K->1193281K(14438080K), 0.9614790 secs]
2018-05-13T16:21:26.215+0000: 209325.836: [GC 8092033K->1120412K(14452416K), 0.5272010 secs]
2018-05-13T16:21:45.179+0000: 209344.800: [GC 7998492K->1119031K(14445760K), 0.4398960 secs]
2018-05-13T16:22:09.934+0000: 209369.555: [GC 7997111K->1138601K(14462016K), 0.4643130 secs]
2018-05-13T16:22:27.980+0000: 209387.601: [GC 8036969K->1146932K(14456448K), 0.4573330 secs]
2018-05-13T16:22:55.751+0000: 209415.371: [GC 8045300K->1161977K(14472256K), 0.4527610 secs]
2018-05-13T16:23:13.801+0000: 209433.422: [GC 8080825K->1169007K(14466688K), 0.4489530 secs]
2018-05-13T16:23:31.675+0000: 209451.295: [GC 8087855K->1184726K(14482496K), 0.4893030 secs]
2018-05-13T16:24:26.772+0000: 209506.393: [GC 8123798K->1290915K(14476672K), 0.9176900 secs]
2018-05-13T16:25:27.602+0000: 209567.222: [GC 8229987K->1302904K(14401408K), 0.8233220 secs]
2018-05-13T16:26:11.839+0000: 209611.460: [GC 8160888K->1253001K(14439040K), 0.6842700 secs]
2018-05-13T16:26:30.449+0000: 209630.070: [GC 8110985K->1217712K(14450624K), 0.4446790 secs]
2018-05-13T16:26:54.183+0000: 209653.804: [GC 8095472K->1241145K(14447232K), 0.5180630 secs]
2018-05-13T16:27:11.571+0000: 209671.192: [GC 8118905K->1229585K(14461184K), 0.4436350 secs]
2018-05-13T16:27:29.049+0000: 209688.669: [GC 8128209K->1236051K(14457536K), 0.4442520 secs]
2018-05-13T16:27:52.187+0000: 209711.808: [GC 8134675K->1259571K(14473216K), 0.5290730 secs]
2018-05-13T16:28:10.826+0000: 209730.447: [GC 8178227K->1257073K(14465536K), 0.4846200 secs]
2018-05-13T16:28:51.251+0000: 209770.872: [GC 8175729K->1305637K(14478144K), 0.6840910 secs]
2018-05-13T16:29:59.028+0000: 209838.648: [GC 8242597K->1365665K(14468736K), 0.8508470 secs]
2018-05-13T16:35:10.309+0000: 210149.930: [GC 8302625K->1367548K(14431872K), 0.8090930 secs]
2018-05-13T16:36:43.821+0000: 210243.442: [GC 8248060K->1406347K(14412800K), 1.0108800 secs]
2018-05-13T16:37:35.700+0000: 210295.321: [GC 8286859K->1363110K(14448320K), 0.6940540 secs]
2018-05-13T16:38:16.251+0000: 210335.872: [GC 8229798K->1350757K(14438464K), 0.5419940 secs]
2018-05-13T16:38:32.213+0000: 210351.834: [GC 8217445K->1347483K(14456064K), 0.4796960 secs]
2018-05-13T16:39:22.824+0000: 210402.445: [GC 8236955K->1414390K(14453504K), 0.8096160 secs]
2018-05-13T16:40:21.830+0000: 210461.451: [GC 8303862K->1415864K(14456896K), 0.7157400 secs]
2018-05-13T16:40:41.783+0000: 210481.403: [GC 8307512K->1360318K(14454848K), 0.3770720 secs]
2018-05-13T16:41:01.786+0000: 210501.407: [GC 8251966K->1383213K(14461696K), 0.5305460 secs]
2018-05-13T16:41:21.067+0000: 210520.687: [GC 8281965K->1383189K(14457152K), 0.4887380 secs]
2018-05-13T16:41:38.926+0000: 210538.547: [GC 8281941K->1381380K(14468224K), 0.4398760 secs]
2018-05-13T16:42:35.683+0000: 210595.304: [GC 8294852K->1454551K(14416192K), 0.7127990 secs]
2018-05-13T16:43:35.454+0000: 210655.075: [GC 8368023K->1491870K(14435392K), 0.9652930 secs]
2018-05-13T16:44:34.798+0000: 210714.419: [GC 8370078K->1475188K(14385408K), 0.7771820 secs]
2018-05-13T16:44:50.934+0000: 210730.555: [GC 8353396K->1420524K(14449792K), 0.4687850 secs]
2018-05-13T16:45:25.335+0000: 210764.956: [GC 8297004K->1449584K(14446784K), 0.5673910 secs]
2018-05-13T16:46:43.368+0000: 210842.989: [GC 8326064K->1519384K(14434624K), 0.9444570 secs]
2018-05-13T16:47:08.048+0000: 210867.668: [GC 8391704K->1459828K(14446208K), 0.5494170 secs]
2018-05-13T16:47:53.445+0000: 210913.066: [GC 8332148K->1467667K(14458048K), 0.5504710 secs]
2018-05-13T16:49:14.779+0000: 210994.400: [GC 8357523K->1546121K(14419712K), 0.9460560 secs]
2018-05-13T16:50:28.656+0000: 211068.277: [GC 8435977K->1549296K(14434752K), 0.8803430 secs]
2018-05-13T16:50:53.393+0000: 211093.014: [GC 8410352K->1497544K(14440576K), 0.5567000 secs]
2018-05-13T16:51:13.243+0000: 211112.863: [GC 8358600K->1489407K(14448896K), 0.4687450 secs]
2018-05-13T16:51:36.308+0000: 211135.929: [GC 8364223K->1497564K(14446016K), 0.5104750 secs]
2018-05-13T16:51:55.549+0000: 211155.169: [GC 8372380K->1490218K(14453632K), 0.3974170 secs]
2018-05-13T16:52:29.176+0000: 211188.796: [GC 8376106K->1543865K(14452352K), 0.5960600 secs]
2018-05-13T16:53:24.939+0000: 211244.559: [GC 8429753K->1583534K(14456640K), 0.7266630 secs]
2018-05-13T16:53:41.311+0000: 211260.931: [GC 8482478K->1551913K(14459520K), 0.5594960 secs]
2018-05-13T16:54:13.429+0000: 211293.049: [GC 8450857K->1581144K(14471616K), 0.6253790 secs]
2018-05-13T16:54:57.743+0000: 211337.364: [GC 8497368K->1554878K(14464704K), 0.3682730 secs]
2018-05-13T16:55:14.882+0000: 211354.503: [GC 8471102K->1572247K(14475264K), 0.3485140 secs]
2018-05-13T16:56:16.600+0000: 211416.220: [GC 8500695K->1674900K(14455360K), 0.8501530 secs]
2018-05-13T16:56:42.989+0000: 211442.610: [GC 8603348K->1623275K(14466368K), 0.5388550 secs]
2018-05-13T16:56:58.949+0000: 211458.570: [GC 8529835K->1629410K(14460288K), 0.5293740 secs]
2018-05-13T16:57:48.557+0000: 211508.178: [GC 8535970K->1713170K(14442880K), 0.9184750 secs]
2018-05-13T16:58:10.132+0000: 211529.753: [GC 8607506K->1641141K(14457216K), 0.3984290 secs]
2018-05-13T16:58:26.395+0000: 211546.016: [GC 8535477K->1677250K(14465536K), 0.5261780 secs]
2018-05-13T16:58:48.253+0000: 211567.873: [GC 8582210K->1694900K(14459520K), 0.5372920 secs]
2018-05-13T16:59:08.120+0000: 211587.741: [GC 8599860K->1682457K(14475008K), 0.4237330 secs]
2018-05-13T16:59:31.612+0000: 211611.232: [GC 8609753K->1697808K(14472384K), 0.4633080 secs]
2018-05-13T16:59:48.582+0000: 211628.202: [GC 8625104K->1712887K(14484352K), 0.4903050 secs]
2018-05-13T17:00:07.448+0000: 211647.069: [GC 8656439K->1715466K(14479296K), 0.4111660 secs]
2018-05-13T17:01:05.848+0000: 211705.469: [GC 8659018K->1819978K(14439488K), 0.9431210 secs]
2018-05-13T17:01:30.118+0000: 211729.739: [GC 8727882K->1771040K(14464000K), 0.5627870 secs]
2018-05-13T17:01:46.028+0000: 211745.649: [GC 8678944K->1757883K(14476352K), 0.4694990 secs]
2018-05-13T17:03:17.817+0000: 211837.437: [GC 8686651K->1851448K(14450112K), 0.9213430 secs]
2018-05-13T17:04:54.729+0000: 211934.350: [GC 8780216K->1878233K(14434432K), 0.9928420 secs]
2018-05-13T17:06:10.306+0000: 212009.926: [GC 8755545K->1884922K(14407040K), 0.9571570 secs]
2018-05-13T17:06:47.704+0000: 212047.324: [GC 8762234K->1804493K(14441344K), 0.4637110 secs]
2018-05-13T17:07:07.915+0000: 212067.535: [GC 8664013K->1800328K(14438272K), 0.4078020 secs]
2018-05-13T17:07:31.489+0000: 212091.110: [GC 8659848K->1845014K(14452672K), 0.6172790 secs]
2018-05-13T17:07:49.347+0000: 212108.967: [GC 8720598K->1821405K(14443008K), 0.4492720 secs]
2018-05-13T17:08:02.355+0000: 212121.975: [GC 8696989K->1822210K(14459136K), 0.3741130 secs]
2018-05-13T17:08:16.329+0000: 212135.950: [GC 8717314K->1841904K(14456064K), 0.4007240 secs]
2018-05-13T17:08:27.971+0000: 212147.592: [GC 8737008K->1838529K(14468672K), 0.4171860 secs]
2018-05-13T17:08:42.998+0000: 212162.619: [GC 8751745K->1842607K(14464640K), 0.4208040 secs]
2018-05-13T17:08:54.490+0000: 212174.111: [GC 8755823K->1842000K(14477248K), 0.3415180 secs]
2018-05-13T17:09:08.325+0000: 212187.946: [GC 8772496K->1869521K(14473344K), 0.5029120 secs]
2018-05-13T17:09:54.084+0000: 212233.705: [GC 8800017K->1917935K(14472896K), 0.7073740 secs]
2018-05-13T17:10:43.111+0000: 212282.731: [GC 8855919K->1977774K(14476736K), 0.8226310 secs]
2018-05-13T17:11:36.759+0000: 212336.380: [GC 8915758K->1981219K(14404672K), 0.9540010 secs]
2018-05-13T17:12:23.505+0000: 212383.126: [GC 8842531K->1948812K(14440704K), 0.7509250 secs]
2018-05-13T17:12:42.486+0000: 212402.107: [GC 8810124K->1906444K(14448192K), 0.4918690 secs]
2018-05-13T17:13:09.968+0000: 212429.588: [GC 8777996K->1911609K(14443456K), 0.5036910 secs]
2018-05-13T17:14:31.500+0000: 212511.120: [GC 8783161K->2003527K(14427456K), 0.8701580 secs]
2018-05-13T17:15:32.400+0000: 212572.021: [GC 8864455K->2019800K(14399296K), 0.9888380 secs]
2018-05-13T17:15:58.005+0000: 212597.625: [GC 5302813K->1929829K(14430784K), 0.4712830 secs]
2018-05-13T17:15:58.476+0000: 212598.097: [Full GC 1929829K->1006987K(14430784K), 3.1287900 secs]
2018-05-13T17:16:56.914+0000: 212656.535: [GC 7844747K->1211454K(14382272K), 0.9739680 secs]
2018-05-13T17:17:23.240+0000: 212682.860: [GC 8049214K->1148632K(14425152K), 0.5419340 secs]
2018-05-13T17:17:37.768+0000: 212697.389: [GC 7970264K->1132114K(14416576K), 0.4371210 secs]
2018-05-13T17:17:51.154+0000: 212710.775: [GC 7953746K->1141309K(14433728K), 0.4403720 secs]
2018-05-13T17:18:03.380+0000: 212723.000: [GC 7983741K->1148220K(14428800K), 0.3121910 secs]
2018-05-13T17:18:14.735+0000: 212734.356: [GC 7990652K->1149210K(14443584K), 0.4110720 secs]
2018-05-13T17:18:27.628+0000: 212747.249: [GC 8011802K->1154431K(14439104K), 0.2635690 secs]
2018-05-13T17:18:38.824+0000: 212758.445: [GC 8017023K->1169642K(14455616K), 0.4330060 secs]
2018-05-13T17:18:50.443+0000: 212770.064: [GC 8053738K->1176839K(14448576K), 0.4151270 secs]
2018-05-13T17:19:04.686+0000: 212784.307: [GC 8060935K->1189021K(14470272K), 0.4613160 secs]
2018-05-13T17:19:22.887+0000: 212802.508: [GC 8101917K->1183465K(14462720K), 0.4017970 secs]
2018-05-13T17:20:02.417+0000: 212842.038: [GC 8096361K->1237344K(14475008K), 0.6272230 secs]
2018-05-13T17:21:29.104+0000: 212928.725: [GC 8167520K->1306667K(14467648K), 0.9508190 secs]
2018-05-13T17:23:23.308+0000: 213042.928: [GC 8236843K->1306909K(14413888K), 0.8818760 secs]
2018-05-13T17:24:32.512+0000: 213112.132: [GC 8168349K->1313765K(14380864K), 0.9129470 secs]
2018-05-13T17:24:52.666+0000: 213132.287: [GC 8175205K->1228455K(14436352K), 0.3817500 secs]
2018-05-13T17:25:08.236+0000: 213147.856: [GC 8077863K->1256283K(14433152K), 0.4849130 secs]
2018-05-13T17:25:30.875+0000: 213170.496: [GC 8105691K->1262225K(14452224K), 0.5211610 secs]
2018-05-13T17:25:48.429+0000: 213188.050: [GC 8138513K->1248110K(14444160K), 0.4294230 secs]
2018-05-13T17:26:15.614+0000: 213215.234: [GC 8124398K->1275090K(14465024K), 0.5460560 secs]
2018-05-13T17:26:32.371+0000: 213231.992: [GC 8176466K->1275343K(14456448K), 0.4770970 secs]
2018-05-13T17:26:50.003+0000: 213249.624: [GC 8176719K->1285694K(14478784K), 0.5509440 secs]
2018-05-13T17:28:00.519+0000: 213320.140: [GC 8215934K->1376073K(14464576K), 0.9764530 secs]
2018-05-13T17:28:50.941+0000: 213370.562: [GC 8306313K->1364473K(14436288K), 0.8425280 secs]
2018-05-13T17:29:06.187+0000: 213385.808: [GC 8245241K->1315188K(14450432K), 0.5409140 secs]
2018-05-13T17:29:21.557+0000: 213401.178: [GC 8195956K->1317897K(14463424K), 0.5579030 secs]
2018-05-13T17:29:49.449+0000: 213429.069: [GC 8218441K->1334882K(14457216K), 0.5853690 secs]
2018-05-13T17:30:05.154+0000: 213444.774: [GC 8235426K->1325131K(14476288K), 0.3040960 secs]
2018-05-13T17:30:12.863+0000: 213452.483: [GC 8253067K->1305834K(14471744K), 0.1767640 secs]
2018-05-13T17:31:15.164+0000: 213514.784: [GC 8233770K->1380308K(14473472K), 0.6665500 secs]
2018-05-13T17:32:01.540+0000: 213561.161: [GC 8309972K->1369003K(14474880K), 0.6063380 secs]
2018-05-13T17:32:20.893+0000: 213580.513: [GC 8298667K->1351632K(14485568K), 0.4627170 secs]
2018-05-13T17:32:51.887+0000: 213611.507: [GC 8298704K->1394290K(14481600K), 0.6950070 secs]
2018-05-13T17:33:58.055+0000: 213677.676: [GC 8341362K->1456393K(14442304K), 0.8783610 secs]
2018-05-13T17:34:54.067+0000: 213733.687: [GC 8364809K->1463851K(14441536K), 0.9575840 secs]
2018-05-13T17:35:59.947+0000: 213799.568: [GC 8372267K->1471067K(14427968K), 1.0057690 secs]
2018-05-13T17:36:59.190+0000: 213858.811: [GC 8328539K->1474653K(14386432K), 0.9620790 secs]
2018-05-13T17:37:57.220+0000: 213916.841: [GC 8332125K->1479814K(14421056K), 0.9331440 secs]
2018-05-13T17:38:55.172+0000: 213974.792: [GC 8312198K->1488997K(14362816K), 0.9753110 secs]
2018-05-13T17:39:23.987+0000: 214003.608: [GC 8321381K->1431069K(14426752K), 0.5849060 secs]
2018-05-13T17:39:40.330+0000: 214019.951: [GC 8259677K->1423439K(14421952K), 0.4945300 secs]
2018-05-13T17:40:06.089+0000: 214045.710: [GC 8252047K->1415754K(14430848K), 0.3951550 secs]
2018-05-13T17:40:23.482+0000: 214063.103: [GC 8256010K->1421097K(14429504K), 0.3798570 secs]
2018-05-13T17:40:45.126+0000: 214084.747: [GC 8261353K->1438522K(14438912K), 0.4750230 secs]
2018-05-13T17:41:10.838+0000: 214110.459: [GC 8290618K->1444103K(14433280K), 0.4837550 secs]
2018-05-13T17:41:27.994+0000: 214127.615: [GC 8296199K->1435052K(14448640K), 0.4345040 secs]
2018-05-13T17:42:58.145+0000: 214217.766: [GC 8308780K->1524200K(14389888K), 0.8846960 secs]
2018-05-13T17:43:50.193+0000: 214269.814: [GC 8397928K->1545496K(14421184K), 0.8207300 secs]
2018-05-13T17:44:48.859+0000: 214328.480: [GC 8387608K->1553445K(14371072K), 0.9314120 secs]
2018-05-13T17:45:50.317+0000: 214389.938: [GC 8395557K->1545680K(14422336K), 0.8329710 secs]
2018-05-13T17:46:06.834+0000: 214406.455: [GC 8371280K->1475366K(14422848K), 0.4515650 secs]
2018-05-13T17:46:35.371+0000: 214434.992: [GC 8300966K->1499859K(14432448K), 0.5786540 secs]
2018-05-13T17:47:44.150+0000: 214503.771: [GC 8337683K->1576792K(14425472K), 0.8295260 secs]
2018-05-13T17:48:58.544+0000: 214578.164: [GC 8414616K->1573106K(14425280K), 0.8587140 secs]
2018-05-13T17:49:16.584+0000: 214596.205: [GC 8404082K->1504305K(14425536K), 0.4405090 secs]
2018-05-13T17:49:35.697+0000: 214615.318: [GC 8335281K->1511555K(14431040K), 0.4381340 secs]
2018-05-13T17:49:59.045+0000: 214638.666: [GC 8350211K->1535837K(14427712K), 0.4770010 secs]
2018-05-13T17:50:15.736+0000: 214655.357: [GC 8374493K->1530434K(14442688K), 0.4347010 secs]
2018-05-13T17:50:42.187+0000: 214681.807: [GC 8391042K->1548499K(14438016K), 0.4494800 secs]
2018-05-13T17:51:01.995+0000: 214701.616: [GC 8409107K->1538144K(14453952K), 0.4098220 secs]
2018-05-13T17:51:29.678+0000: 214729.299: [GC 8422176K->1571723K(14450176K), 0.5350100 secs]
2018-05-13T17:51:45.175+0000: 214744.796: [GC 8455755K->1578317K(14470080K), 0.5281780 secs]
2018-05-13T17:52:00.355+0000: 214759.976: [GC 8490957K->1586319K(14462656K), 0.5210280 secs]
2018-05-13T17:53:03.970+0000: 214823.590: [GC 8498959K->1669396K(14443584K), 0.9506420 secs]
2018-05-13T17:53:54.481+0000: 214874.102: [GC 8570004K->1663604K(14414784K), 0.8505540 secs]
2018-05-13T17:54:12.552+0000: 214892.173: [GC 8564212K->1595372K(14455936K), 0.4708890 secs]
2018-05-13T17:54:40.946+0000: 214920.566: [GC 8483884K->1593203K(14452672K), 0.4355720 secs]
2018-05-13T17:54:58.558+0000: 214938.179: [GC 8481715K->1600409K(14462272K), 0.4065830 secs]
2018-05-13T17:55:16.349+0000: 214955.970: [GC 8501081K->1613686K(14458496K), 0.5072650 secs]
2018-05-13T17:55:48.149+0000: 214987.770: [GC 8514358K->1625619K(14475520K), 0.5189800 secs]
2018-05-13T17:56:03.278+0000: 215002.899: [GC 8549139K->1632058K(14468096K), 0.5220980 secs]
2018-05-13T17:56:30.079+0000: 215029.700: [GC 8555578K->1643621K(14489792K), 0.5495290 secs]
2018-05-13T17:56:45.758+0000: 215045.378: [GC 8595557K->1640117K(14482240K), 0.5219760 secs]
2018-05-13T17:57:35.112+0000: 215094.732: [GC 8592053K->1697035K(14477632K), 0.7431120 secs]
2018-05-13T17:58:36.004+0000: 215155.625: [GC 8649611K->1740308K(14486336K), 0.9976480 secs]
2018-05-13T17:59:32.060+0000: 215211.681: [GC 8692884K->1732876K(14420544K), 0.9248540 secs]
2018-05-13T17:59:51.757+0000: 215231.378: [GC 8619660K->1650500K(14453440K), 0.4310470 secs]
2018-05-13T18:00:08.825+0000: 215248.446: [GC 8537284K->1660974K(14459200K), 0.4120910 secs]
2018-05-13T18:00:32.713+0000: 215272.334: [GC 8555566K->1692018K(14455488K), 0.5344660 secs]
2018-05-13T18:00:50.115+0000: 215289.736: [GC 8586610K->1673024K(14471744K), 0.4482360 secs]
2018-05-13T18:01:14.936+0000: 215314.556: [GC 8592768K->1693461K(14468096K), 0.5220840 secs]
2018-05-13T18:01:30.274+0000: 215329.895: [GC 8613205K->1697828K(14484160K), 0.5105520 secs]
2018-05-13T18:02:00.961+0000: 215360.582: [GC 8640356K->1700312K(14478464K), 0.4947870 secs]
2018-05-13T18:02:17.168+0000: 215376.789: [GC 8642840K->1699791K(14492992K), 0.4796830 secs]
2018-05-13T18:02:51.041+0000: 215410.661: [GC 8661967K->1719671K(14489280K), 0.5819980 secs]
2018-05-13T18:03:54.197+0000: 215473.818: [GC 8681847K->1806936K(14448960K), 0.9453370 secs]
2018-05-13T18:04:52.304+0000: 215531.925: [GC 8735448K->1833506K(14467392K), 0.9208410 secs]
2018-05-13T18:06:06.744+0000: 215606.364: [GC 8762018K->1796736K(14447296K), 0.7456110 secs]
2018-05-13T18:06:24.710+0000: 215624.330: [GC 8691328K->1746863K(14457344K), 0.4229900 secs]
2018-05-13T18:06:43.870+0000: 215643.491: [GC 8641455K->1767937K(14464192K), 0.5217010 secs]
2018-05-13T18:07:10.302+0000: 215669.923: [GC 8671169K->1780188K(14459136K), 0.5204000 secs]
2018-05-13T18:07:29.091+0000: 215688.712: [GC 8683420K->1771220K(14473728K), 0.4637160 secs]
2018-05-13T18:07:49.799+0000: 215709.420: [GC 8695508K->1795159K(14470656K), 0.5276720 secs]
2018-05-13T18:08:37.487+0000: 215757.107: [GC 8719447K->1837572K(14475456K), 0.7799600 secs]
2018-05-13T18:10:17.057+0000: 215856.678: [GC 8773508K->1882264K(14465280K), 0.8816260 secs]
2018-05-13T18:11:05.235+0000: 215904.856: [GC 8818200K->1827861K(14469696K), 0.6140650 secs]
2018-05-13T18:11:24.546+0000: 215924.167: [GC 8742741K->1804751K(14465280K), 0.4579370 secs]
2018-05-13T18:11:46.200+0000: 215945.820: [GC 8719631K->1819176K(14475648K), 0.5063010 secs]
2018-05-13T18:12:03.073+0000: 215962.693: [GC 8746216K->1818915K(14471488K), 0.4827630 secs]
2018-05-13T18:12:31.749+0000: 215991.370: [GC 8745955K->1807891K(14480192K), 0.3924060 secs]
2018-05-13T18:12:50.227+0000: 216009.848: [GC 8747027K->1813941K(14479040K), 0.4001320 secs]
2018-05-13T18:13:19.186+0000: 216038.807: [GC 8753077K->1826159K(14486656K), 0.4596180 secs]
2018-05-13T18:13:39.232+0000: 216058.853: [GC 8775087K->1817621K(14482368K), 0.3626260 secs]
2018-05-13T18:14:28.563+0000: 216108.184: [GC 8766549K->1858845K(14494400K), 0.5808550 secs]
2018-05-13T18:16:01.615+0000: 216201.236: [GC 7384805K->1895679K(14452160K), 0.7148250 secs]
2018-05-13T18:16:02.330+0000: 216201.951: [Full GC 1895679K->1063020K(14452160K), 3.7125570 secs]
2018-05-13T18:17:00.242+0000: 216259.863: [GC 8026156K->1262775K(14440448K), 0.9404860 secs]
2018-05-13T18:18:43.190+0000: 216362.811: [GC 8170935K->1267553K(14434816K), 0.9135750 secs]
2018-05-13T18:19:12.669+0000: 216392.290: [GC 8175713K->1195719K(14455488K), 0.4872580 secs]
2018-05-13T18:19:30.319+0000: 216409.939: [GC 8081031K->1194253K(14449920K), 0.4299060 secs]
2018-05-13T18:20:14.307+0000: 216453.928: [GC 8079565K->1266642K(14450816K), 0.6983450 secs]
2018-05-13T18:21:36.720+0000: 216536.340: [GC 8157010K->1305281K(14424576K), 0.8142740 secs]
2018-05-13T18:22:27.516+0000: 216587.136: [GC 8195649K->1316602K(14417344K), 0.9831410 secs]
2018-05-13T18:23:07.726+0000: 216627.346: [GC 8154106K->1286655K(14428800K), 0.6930220 secs]
2018-05-13T18:23:27.035+0000: 216646.655: [GC 8124159K->1217749K(14433728K), 0.3491330 secs]
2018-05-13T18:23:51.721+0000: 216671.341: [GC 8064981K->1233870K(14433600K), 0.4228020 secs]
2018-05-13T18:24:08.963+0000: 216688.583: [GC 8081102K->1245657K(14442816K), 0.4568720 secs]
2018-05-13T18:24:26.107+0000: 216705.728: [GC 8105881K->1252862K(14437504K), 0.4836050 secs]
2018-05-13T18:24:48.277+0000: 216727.898: [GC 8113086K->1272017K(14458112K), 0.5322480 secs]
2018-05-13T18:25:05.204+0000: 216744.824: [GC 8159057K->1262110K(14449024K), 0.4624540 secs]
2018-05-13T18:25:28.705+0000: 216768.326: [GC 8149150K->1283577K(14471616K), 0.5631280 secs]
2018-05-13T18:25:44.718+0000: 216784.339: [GC 8198457K->1273721K(14463360K), 0.4562430 secs]
2018-05-13T18:26:22.876+0000: 216822.497: [GC 8188601K->1307422K(14481664K), 0.5959440 secs]
2018-05-13T18:27:18.603+0000: 216878.224: [GC 8245470K->1380355K(14471424K), 0.9867630 secs]
2018-05-13T18:28:45.546+0000: 216965.167: [GC 8318403K->1377829K(14427392K), 0.9409270 secs]
2018-05-13T18:29:32.526+0000: 217012.147: [GC 8256549K->1352490K(14449408K), 0.7416170 secs]
2018-05-13T18:29:51.344+0000: 217030.965: [GC 8231210K->1303127K(14454592K), 0.4516000 secs]
2018-05-13T18:30:18.085+0000: 217057.705: [GC 8189527K->1324077K(14451904K), 0.5498540 secs]
2018-05-13T18:31:16.296+0000: 217115.917: [GC 8210477K->1411834K(14430784K), 0.7974530 secs]
2018-05-13T18:33:10.370+0000: 217229.990: [GC 8283386K->1410814K(14395712K), 0.9384340 secs]
2018-05-13T18:33:40.399+0000: 217260.020: [GC 8282366K->1341321K(14441920K), 0.4963250 secs]
2018-05-13T18:33:58.358+0000: 217277.979: [GC 8200841K->1331522K(14437696K), 0.4247900 secs]
2018-05-13T18:34:34.646+0000: 217314.266: [GC 8191042K->1349682K(14449344K), 0.4527670 secs]
2018-05-13T18:34:53.425+0000: 217333.046: [GC 8222834K->1335332K(14443904K), 0.3746020 secs]
2018-05-13T18:35:18.917+0000: 217358.538: [GC 8208484K->1364060K(14458496K), 0.4220340 secs]
2018-05-13T18:35:36.160+0000: 217375.781: [GC 8253788K->1366551K(14451328K), 0.4651170 secs]
2018-05-13T18:36:11.684+0000: 217411.305: [GC 8256279K->1411806K(14466944K), 0.6852810 secs]
2018-05-13T18:37:12.509+0000: 217472.129: [GC 8322974K->1471474K(14442688K), 0.9554400 secs]
2018-05-13T18:38:25.901+0000: 217545.522: [GC 8382642K->1476200K(14426112K), 0.9406860 secs]
2018-05-13T18:39:13.757+0000: 217593.377: [GC 8332520K->1428159K(14438208K), 0.5954670 secs]
2018-05-13T18:39:31.914+0000: 217611.534: [GC 8284479K->1397526K(14450816K), 0.4249640 secs]
2018-05-13T18:40:50.261+0000: 217689.881: [GC 8276694K->1431666K(14448448K), 0.5559310 secs]
2018-05-13T18:41:10.142+0000: 217709.763: [GC 8310834K->1408448K(14460736K), 0.3742390 secs]
2018-05-13T18:42:00.286+0000: 217759.907: [GC 8308032K->1440310K(14458944K), 0.4996310 secs]
2018-05-13T18:43:16.418+0000: 217836.038: [GC 8339894K->1480498K(14469888K), 0.6278600 secs]
2018-05-13T18:43:32.711+0000: 217852.332: [GC 8398386K->1460827K(14468096K), 0.5076390 secs]
2018-05-13T18:44:03.784+0000: 217883.405: [GC 8378715K->1483165K(14482048K), 0.5288250 secs]
2018-05-13T18:44:19.382+0000: 217899.002: [GC 8419805K->1496867K(14474688K), 0.5237410 secs]
2018-05-13T18:44:50.988+0000: 217930.609: [GC 8433507K->1526150K(14492416K), 0.6091200 secs]
2018-05-13T18:45:06.719+0000: 217946.340: [GC 8486662K->1532426K(14488192K), 0.4943570 secs]
2018-05-13T18:45:24.645+0000: 217964.266: [GC 8492938K->1526073K(14499904K), 0.4089050 secs]
2018-05-13T18:45:49.561+0000: 217989.182: [GC 8503865K->1552110K(14497984K), 0.5213540 secs]
2018-05-13T18:46:06.248+0000: 218005.868: [GC 8529902K->1556428K(14508416K), 0.4214330 secs]
2018-05-13T18:46:43.700+0000: 218043.321: [GC 8549900K->1595261K(14505152K), 0.6294340 secs]
2018-05-13T18:48:08.484+0000: 218128.104: [GC 8588733K->1677273K(14444992K), 0.9433570 secs]
2018-05-13T18:49:10.826+0000: 218190.446: [GC 8609241K->1729125K(14470848K), 0.8274470 secs]
2018-05-13T18:49:46.871+0000: 218226.492: [GC 8661093K->1695622K(14454336K), 0.6901220 secs]
2018-05-13T18:50:03.722+0000: 218243.343: [GC 8600710K->1674078K(14462592K), 0.4697870 secs]
2018-05-13T18:50:30.861+0000: 218270.482: [GC 8579166K->1693392K(14471424K), 0.5212400 secs]
2018-05-13T18:50:46.928+0000: 218286.549: [GC 8610704K->1695487K(14465984K), 0.4765560 secs]
2018-05-13T18:51:03.427+0000: 218303.048: [GC 8612799K->1707947K(14479872K), 0.5589750 secs]
2018-05-13T18:51:33.489+0000: 218333.109: [GC 8642987K->1729805K(14475264K), 0.5669370 secs]
2018-05-13T18:51:50.952+0000: 218350.573: [GC 8664845K->1723522K(14489152K), 0.5135930 secs]
2018-05-13T18:52:14.406+0000: 218374.027: [GC 8679362K->1730686K(14486784K), 0.4678310 secs]
2018-05-13T18:52:33.723+0000: 218393.344: [GC 8686526K->1759685K(14497536K), 0.5975900 secs]
2018-05-13T18:52:52.149+0000: 218411.769: [GC 8728645K->1742248K(14491520K), 0.4631620 secs]
2018-05-13T18:53:14.775+0000: 218434.396: [GC 8711208K->1767836K(14502720K), 0.5244390 secs]
2018-05-13T18:53:32.285+0000: 218451.906: [GC 8748764K->1771858K(14498304K), 0.5058440 secs]
2018-05-13T18:54:14.887+0000: 218494.507: [GC 8752786K->1824361K(14494080K), 0.7264530 secs]
2018-05-13T18:55:12.680+0000: 218552.301: [GC 8803817K->1887570K(14499776K), 0.9064450 secs]
2018-05-13T18:56:09.540+0000: 218609.161: [GC 8867026K->1915913K(14402496K), 0.9328430 secs]
2018-05-13T18:56:25.892+0000: 218625.513: [GC 8798089K->1859267K(14451136K), 0.4920600 secs]
2018-05-13T18:56:41.844+0000: 218641.464: [GC 8741443K->1871114K(14459072K), 0.5049450 secs]
2018-05-13T18:57:11.966+0000: 218671.587: [GC 8764810K->1911584K(14454720K), 0.6468650 secs]
2018-05-13T18:57:28.254+0000: 218687.874: [GC 8805280K->1913357K(14471616K), 0.5691280 secs]
2018-05-13T18:57:50.279+0000: 218709.900: [GC 8830989K->1910806K(14466112K), 0.4874050 secs]
2018-05-13T18:58:09.259+0000: 218728.879: [GC 8828438K->1944495K(14481152K), 0.5769130 secs]
2018-05-13T18:58:26.241+0000: 218745.861: [GC 8880175K->1955830K(14474624K), 0.5801540 secs]
2018-05-13T18:58:54.362+0000: 218773.983: [GC 8891510K->1967318K(14491648K), 0.5322120 secs]
2018-05-13T19:00:47.099+0000: 218886.720: [GC 8925590K->1993894K(14486720K), 0.5625840 secs]
2018-05-13T19:12:51.672+0000: 219611.293: [GC 8952166K->2019466K(14496704K), 0.6219710 secs]
2018-05-13T19:16:06.051+0000: 219805.672: [GC 3498928K->1951277K(14341952K), 0.1901330 secs]
2018-05-13T19:16:06.242+0000: 219805.862: [Full GC 1951277K->930900K(14341952K), 2.8726820 secs]
2018-05-13T19:26:19.538+0000: 220419.159: [GC 7898388K->1060628K(14489728K), 0.5826990 secs]
2018-05-13T19:37:15.252+0000: 221074.873: [GC 8016404K->1075545K(14486144K), 0.6101640 secs]
2018-05-13T19:48:53.180+0000: 221772.801: [GC 8031321K->1091318K(14502720K), 0.5975910 secs]
2018-05-13T19:58:07.369+0000: 222326.990: [GC 8070454K->1111093K(14496512K), 0.6000550 secs]
2018-05-13T20:10:11.905+0000: 223051.526: [GC 8090229K->1129122K(14513344K), 0.5078380 secs]
2018-05-13T20:16:09.123+0000: 223408.744: [GC 4622859K->1092505K(14399104K), 0.2834040 secs]
2018-05-13T20:16:09.407+0000: 223409.027: [Full GC 1092505K->769368K(14399104K), 2.3374680 secs]
2018-05-13T20:26:44.961+0000: 224044.582: [GC 7770904K->882643K(14513088K), 0.5255840 secs]
2018-05-13T20:37:19.295+0000: 224678.915: [GC 7882963K->901316K(14507328K), 0.5378690 secs]
2018-05-13T20:49:33.925+0000: 225413.545: [GC 7901636K->914943K(14521344K), 0.5318990 secs]
2018-05-13T21:01:02.973+0000: 226102.594: [GC 7933503K->931847K(14517312K), 0.5496340 secs]
2018-05-13T21:10:48.633+0000: 226688.254: [GC 7950407K->949733K(14528448K), 0.5328900 secs]
2018-05-13T21:16:11.753+0000: 227011.373: [GC 4592721K->914483K(14430912K), 0.2730000 secs]
2018-05-13T21:16:12.026+0000: 227011.647: [Full GC 914483K->609666K(14430912K), 2.2491290 secs]
2018-05-13T21:29:15.716+0000: 227795.337: [GC 7642946K->713363K(14527872K), 0.5207210 secs]
2018-05-13T21:44:46.305+0000: 228725.925: [GC 7744403K->724859K(14523264K), 0.4981500 secs]
2018-05-13T22:01:53.872+0000: 229753.493: [GC 7755899K->737922K(14534592K), 0.5086430 secs]
2018-05-13T22:16:14.284+0000: 230613.905: [GC 6071756K->731123K(14531392K), 0.3754270 secs]
2018-05-13T22:16:14.660+0000: 230614.280: [Full GC 731123K->455901K(14531392K), 1.9615660 secs]
2018-05-13T22:39:27.704+0000: 232007.325: [GC 7501789K->564077K(14535936K), 0.5102830 secs]
2018-05-13T23:02:47.555+0000: 233407.176: [GC 7613741K->591061K(14533824K), 0.5007290 secs]
2018-05-13T23:16:16.630+0000: 234216.251: [GC 6979810K->602787K(14539456K), 0.4536170 secs]
2018-05-13T23:16:17.084+0000: 234216.705: [Full GC 602787K->445604K(14539456K), 2.1241230 secs]
2018-05-13T23:42:19.295+0000: 235778.916: [GC 7502756K->545471K(14537792K), 0.5048150 secs]
2018-05-14T00:16:19.218+0000: 237818.839: [GC 5595495K->538269K(14540800K), 0.3863460 secs]
2018-05-14T00:16:19.605+0000: 237819.225: [Full GC 538269K->412864K(14540800K), 1.9567480 secs]
2018-05-14T01:16:21.571+0000: 241421.191: [GC 6185115K->500977K(14541888K), 0.4589310 secs]
2018-05-14T01:16:22.030+0000: 241421.651: [Full GC 500977K->395608K(14541888K), 2.2615530 secs]
2018-05-14T02:16:24.300+0000: 245023.921: [GC 5786923K->473948K(14544512K), 0.4163660 secs]
2018-05-14T02:16:24.717+0000: 245024.337: [Full GC 473948K->348930K(14544512K), 1.6852990 secs]
2018-05-14T03:16:26.411+0000: 248626.032: [GC 6186939K->437467K(14544000K), 0.4155670 secs]
2018-05-14T03:16:26.827+0000: 248626.448: [Full GC 437467K->342433K(14544000K), 1.6999480 secs]
2018-05-14T04:06:33.542+0000: 251633.163: [GC 7410849K->442276K(14549248K), 0.4903170 secs]
2018-05-14T04:16:28.536+0000: 252228.157: [GC 1868633K->390929K(14437568K), 0.1267630 secs]
2018-05-14T04:16:28.663+0000: 252228.284: [Full GC 390929K->292335K(14437568K), 1.5934730 secs]
2018-05-14T04:42:27.104+0000: 253786.725: [GC 7368751K->383055K(14544320K), 0.4223500 secs]
2018-05-14T04:59:52.404+0000: 254832.025: [GC 7447375K->409084K(14540096K), 0.4774540 secs]
2018-05-14T05:13:51.812+0000: 255671.433: [GC 7473404K->434043K(14545664K), 0.5071300 secs]
2018-05-14T05:16:30.266+0000: 255829.886: [GC 1991605K->375801K(14435456K), 0.1258000 secs]
2018-05-14T05:16:30.392+0000: 255830.012: [Full GC 375801K->317648K(14435456K), 1.7527170 secs]
2018-05-14T05:31:04.396+0000: 256704.017: [GC 7389136K->418961K(14537408K), 0.4923070 secs]
2018-05-14T05:41:32.538+0000: 257332.159: [GC 7475089K->441654K(14502080K), 0.5406390 secs]
2018-05-14T05:51:23.699+0000: 257923.320: [GC 7497782K->458127K(14533888K), 0.5415890 secs]
2018-05-14T06:01:37.197+0000: 258536.818: [GC 7508111K->477202K(14500928K), 0.5261150 secs]
2018-05-14T06:11:44.034+0000: 259143.654: [GC 7527186K->497967K(14530240K), 0.5317040 secs]
2018-05-14T06:16:32.154+0000: 259431.774: [GC 4408925K->476488K(14531456K), 0.2992860 secs]
2018-05-14T06:16:32.453+0000: 259432.074: [Full GC 476488K->403572K(14531456K), 1.8682670 secs]
2018-05-14T06:24:58.547+0000: 259938.168: [GC 7446388K->523692K(14522304K), 0.4764410 secs]
2018-05-14T06:34:40.004+0000: 260519.625: [GC 7558572K->533539K(14527488K), 0.5334430 secs]
2018-05-14T06:43:52.222+0000: 261071.842: [GC 7568419K->547283K(14531520K), 0.5145190 secs]
2018-05-14T06:55:22.065+0000: 261761.686: [GC 7587731K->561540K(14529024K), 0.4954660 secs]
2018-05-14T07:04:40.813+0000: 262320.434: [GC 7601988K->580241K(14535872K), 0.5047770 secs]
2018-05-14T07:13:00.017+0000: 262819.637: [GC 7630161K->601643K(14534144K), 0.5437970 secs]
2018-05-14T07:16:34.330+0000: 263033.951: [GC 3642880K->562598K(14528640K), 0.2499660 secs]
2018-05-14T07:16:34.581+0000: 263034.201: [Full GC 562598K->455093K(14528640K), 1.9775410 secs]
2018-05-14T07:25:19.711+0000: 263559.331: [GC 7499701K->571216K(14500800K), 0.5017160 secs]
2018-05-14T07:35:41.813+0000: 264181.434: [GC 7615824K->591519K(14528960K), 0.5508300 secs]
2018-05-14T07:45:14.208+0000: 264753.829: [GC 7629855K->615631K(14490816K), 0.5355890 secs]
2018-05-14T07:56:24.814+0000: 265424.435: [GC 7653967K->635700K(14530240K), 0.5283460 secs]
2018-05-14T08:01:05.069+0000: 265704.690: [GC 7674868K->657713K(14529024K), 0.4713720 secs]
2018-05-14T08:01:29.758+0000: 265729.379: [GC 7696881K->661351K(14533888K), 0.4243210 secs]
2018-05-14T08:01:55.115+0000: 265754.735: [GC 7706727K->666008K(14531584K), 0.3861400 secs]
2018-05-14T08:02:21.795+0000: 265781.416: [GC 7711384K->680994K(14540736K), 0.4299010 secs]
2018-05-14T08:02:49.680+0000: 265809.300: [GC 7737954K->691708K(14536320K), 0.4908490 secs]
2018-05-14T08:03:15.612+0000: 265835.233: [GC 7748668K->679626K(14545152K), 0.3805190 secs]
2018-05-14T08:03:40.806+0000: 265860.426: [GC 7748682K->690163K(14544000K), 0.4237980 secs]
2018-05-14T08:04:09.519+0000: 265889.140: [GC 7759219K->704934K(14550016K), 0.4878720 secs]
2018-05-14T08:04:35.264+0000: 265914.885: [GC 7782566K->698879K(14547712K), 0.4176830 secs]
2018-05-14T08:05:00.015+0000: 265939.636: [GC 7776511K->712562K(14554240K), 0.4076930 secs]
2018-05-14T08:05:24.339+0000: 265963.960: [GC 7798770K->723882K(14552064K), 0.4497170 secs]
2018-05-14T08:05:51.756+0000: 265991.377: [GC 7810090K->726011K(14555008K), 0.5121550 secs]
2018-05-14T08:06:17.211+0000: 266016.832: [GC 7814843K->724348K(14553920K), 0.4520910 secs]
2018-05-14T08:06:41.069+0000: 266040.690: [GC 7813180K->730857K(14560064K), 0.4520870 secs]
2018-05-14T08:07:04.997+0000: 266064.617: [GC 7828329K->739425K(14557504K), 0.4617580 secs]
2018-05-14T08:07:29.501+0000: 266089.122: [GC 7836897K->746397K(14561344K), 0.4717270 secs]
2018-05-14T08:08:02.491+0000: 266122.112: [GC 7848413K->759754K(14552512K), 0.5147210 secs]
2018-05-14T08:08:28.443+0000: 266148.064: [GC 7861770K->750659K(14559744K), 0.4405620 secs]
2018-05-14T08:08:52.168+0000: 266171.789: [GC 7849155K->754055K(14558848K), 0.4204890 secs]
2018-05-14T08:09:16.083+0000: 266195.703: [GC 7852551K->758857K(14561984K), 0.4195050 secs]
2018-05-14T08:09:40.089+0000: 266219.710: [GC 7861449K->766821K(14560704K), 0.4531460 secs]
2018-05-14T08:10:03.499+0000: 266243.119: [GC 7869413K->771460K(14565440K), 0.3973060 secs]
2018-05-14T08:10:28.183+0000: 266267.803: [GC 7880644K->777015K(14563840K), 0.4563640 secs]
2018-05-14T08:10:54.522+0000: 266294.143: [GC 7886199K->777770K(14568384K), 0.4525670 secs]
2018-05-14T08:11:20.395+0000: 266320.016: [GC 7893226K->792820K(14561728K), 0.5111930 secs]
2018-05-14T08:11:46.375+0000: 266345.996: [GC 7908276K->788037K(14567680K), 0.4650740 secs]
2018-05-14T08:12:14.311+0000: 266373.932: [GC 7902021K->798739K(14566400K), 0.5099600 secs]
2018-05-14T08:12:38.611+0000: 266398.232: [GC 7912723K->789203K(14566912K), 0.4242160 secs]
2018-05-14T08:13:02.179+0000: 266421.799: [GC 7902931K->794485K(14566912K), 0.4325830 secs]
2018-05-14T08:13:25.896+0000: 266445.517: [GC 7908213K->799487K(14568256K), 0.4260120 secs]
2018-05-14T08:13:50.560+0000: 266470.180: [GC 7915071K->809850K(14567424K), 0.4339160 secs]
2018-05-14T08:14:13.128+0000: 266492.748: [GC 7925434K->815922K(14570624K), 0.4335450 secs]
2018-05-14T08:14:36.748+0000: 266516.369: [GC 7935730K->821660K(14569280K), 0.4554780 secs]
2018-05-14T08:15:02.801+0000: 266542.421: [GC 7941468K->826230K(14572864K), 0.4672000 secs]
2018-05-14T08:15:25.079+0000: 266564.700: [GC 7950710K->829416K(14571712K), 0.4610200 secs]
2018-05-14T08:15:49.161+0000: 266588.781: [GC 7953896K->829245K(14573696K), 0.4299160 secs]
2018-05-14T08:16:12.873+0000: 266612.494: [GC 7956477K->836980K(14573632K), 0.4499690 secs]
2018-05-14T08:16:36.567+0000: 266636.188: [GC 7947927K->844203K(14575232K), 0.4394210 secs]
2018-05-14T08:16:37.007+0000: 266636.628: [Full GC 844203K->647884K(14575232K), 2.5400730 secs]
2018-05-14T08:17:05.419+0000: 266665.040: [GC 7777356K->732542K(14554176K), 0.3726050 secs]
2018-05-14T08:17:31.855+0000: 266691.475: [GC 7862014K->755632K(14574016K), 0.4537450 secs]
2018-05-14T08:17:56.870+0000: 266716.491: [GC 7883824K->771047K(14574144K), 0.5226780 secs]
2018-05-14T08:18:18.337+0000: 266737.957: [GC 7899239K->765992K(14565056K), 0.4337740 secs]
2018-05-14T08:18:37.141+0000: 266756.762: [GC 7885096K->780327K(14562240K), 0.4477110 secs]
2018-05-14T08:18:57.247+0000: 266776.868: [GC 7899431K->800476K(14552064K), 0.5705580 secs]
2018-05-14T08:19:16.393+0000: 266796.013: [GC 7901020K->798110K(14560320K), 0.4790360 secs]
2018-05-14T08:19:34.931+0000: 266814.552: [GC 7898654K->808348K(14561728K), 0.4972810 secs]
2018-05-14T08:19:55.905+0000: 266835.525: [GC 7911516K->814764K(14561536K), 0.4857250 secs]
2018-05-14T08:20:18.646+0000: 266858.267: [GC 7917932K->829795K(14556608K), 0.5234650 secs]
2018-05-14T08:20:46.755+0000: 266886.375: [GC 7928163K->818897K(14559232K), 0.4389380 secs]
2018-05-14T08:21:06.473+0000: 266906.093: [GC 7917265K->832668K(14561792K), 0.4671860 secs]
2018-05-14T08:21:26.708+0000: 266926.329: [GC 7934236K->837805K(14559872K), 0.4408660 secs]
2018-05-14T08:21:44.054+0000: 266943.674: [GC 7939373K->853827K(14560256K), 0.4969110 secs]
2018-05-14T08:22:03.743+0000: 266963.363: [GC 7956931K->854207K(14561600K), 0.4729870 secs]
2018-05-14T08:22:23.557+0000: 266983.178: [GC 7957311K->869009K(14559808K), 0.5303860 secs]
2018-05-14T08:22:40.403+0000: 267000.024: [GC 7971729K->871649K(14550400K), 0.4947860 secs]
2018-05-14T08:22:58.475+0000: 267018.095: [GC 7974369K->884874K(14557056K), 0.5299720 secs]
2018-05-14T08:23:25.421+0000: 267045.042: [GC 7982986K->885942K(14559104K), 0.4733290 secs]
2018-05-14T08:23:45.758+0000: 267065.379: [GC 7984054K->903635K(14554368K), 0.5748460 secs]
2018-05-14T08:24:10.249+0000: 267089.869: [GC 7997779K->888326K(14528896K), 0.4244850 secs]
2018-05-14T08:24:33.149+0000: 267112.769: [GC 7982470K->905332K(14558272K), 0.4799560 secs]
2018-05-14T08:24:52.027+0000: 267131.648: [GC 8000500K->916412K(14556992K), 0.5026380 secs]
2018-05-14T08:25:09.691+0000: 267149.312: [GC 8011580K->914986K(14559360K), 0.4611810 secs]
2018-05-14T08:25:29.526+0000: 267169.147: [GC 8012458K->938744K(14556800K), 0.5518960 secs]
2018-05-14T08:25:49.703+0000: 267189.324: [GC 8036216K->941903K(14551552K), 0.5686380 secs]
2018-05-14T08:26:07.456+0000: 267207.077: [GC 8030159K->944108K(14554176K), 0.4998990 secs]
2018-05-14T08:26:26.480+0000: 267226.101: [GC 8032364K->957280K(14553792K), 0.5300270 secs]
2018-05-14T08:26:43.046+0000: 267242.667: [GC 8045664K->961808K(14554240K), 0.5141290 secs]
2018-05-14T08:27:03.015+0000: 267262.636: [GC 8050192K->962312K(14555840K), 0.5035110 secs]
2018-05-14T08:27:23.402+0000: 267283.023: [GC 8052552K->973228K(14554496K), 0.5221010 secs]
2018-05-14T08:27:44.338+0000: 267303.959: [GC 8063468K->975807K(14556928K), 0.5141290 secs]
2018-05-14T08:28:02.408+0000: 267322.029: [GC 8068415K->976456K(14555776K), 0.4939860 secs]
2018-05-14T08:28:24.829+0000: 267344.450: [GC 8069064K->980188K(14557888K), 0.4780040 secs]
2018-05-14T08:29:42.988+0000: 267422.609: [GC 8075612K->1022977K(14557632K), 0.5955320 secs]
2018-05-14T08:30:46.591+0000: 267486.211: [GC 8118401K->1044382K(14514624K), 0.5729160 secs]
2018-05-14T08:32:05.238+0000: 267564.859: [GC 8096542K->1056532K(14536128K), 0.6010070 secs]
2018-05-14T08:32:25.615+0000: 267585.236: [GC 8108692K->1047847K(14537344K), 0.4877940 secs]
2018-05-14T08:32:47.543+0000: 267607.164: [GC 8101543K->1050894K(14536448K), 0.4697510 secs]
2018-05-14T08:33:09.185+0000: 267628.806: [GC 8104590K->1070048K(14540416K), 0.5292160 secs]
2018-05-14T08:33:27.853+0000: 267647.473: [GC 8128032K->1074925K(14537664K), 0.5211660 secs]
2018-05-14T08:33:47.740+0000: 267667.361: [GC 8132909K->1078613K(14544192K), 0.4887640 secs]
2018-05-14T08:34:13.259+0000: 267692.879: [GC 8145301K->1093507K(14542592K), 0.5070510 secs]
2018-05-14T08:34:31.463+0000: 267711.084: [GC 8160195K->1088940K(14545472K), 0.4794020 secs]
2018-05-14T08:34:51.294+0000: 267730.915: [GC 8159276K->1092979K(14544960K), 0.4744370 secs]
2018-05-14T08:35:12.054+0000: 267751.675: [GC 8163315K->1104277K(14546944K), 0.4307380 secs]
2018-05-14T08:35:34.097+0000: 267773.718: [GC 8176661K->1119903K(14545536K), 0.5498800 secs]
2018-05-14T08:35:52.992+0000: 267792.613: [GC 8192287K->1115397K(14548736K), 0.5193640 secs]
2018-05-14T08:36:15.244+0000: 267814.865: [GC 8192005K->1131690K(14547968K), 0.5568270 secs]
2018-05-14T08:36:37.454+0000: 267837.075: [GC 8208298K->1125323K(14550272K), 0.4526550 secs]
2018-05-14T08:36:55.424+0000: 267855.044: [GC 8205323K->1152808K(14539840K), 0.5703140 secs]
2018-05-14T08:37:13.896+0000: 267873.516: [GC 8232808K->1143889K(14549632K), 0.4780940 secs]
2018-05-14T08:37:41.208+0000: 267900.829: [GC 8221649K->1159035K(14548224K), 0.5274320 secs]
2018-05-14T08:38:03.105+0000: 267922.726: [GC 8236795K->1161459K(14551488K), 0.5069100 secs]
2018-05-14T08:38:23.361+0000: 267942.981: [GC 8242803K->1155284K(14549952K), 0.4244030 secs]
2018-05-14T08:39:15.217+0000: 267994.838: [GC 8236628K->1220617K(14516992K), 0.7503710 secs]
2018-05-14T08:40:20.717+0000: 268060.338: [GC 8268297K->1253081K(14533888K), 0.6848300 secs]
2018-05-14T08:41:04.680+0000: 268104.301: [GC 8300761K->1268760K(14480384K), 0.7645710 secs]
2018-05-14T08:41:51.114+0000: 268150.734: [GC 8262936K->1275496K(14479296K), 0.6970110 secs]
2018-05-14T08:42:25.259+0000: 268184.879: [GC 8269672K->1290542K(14494400K), 0.7418320 secs]
2018-05-14T08:43:10.366+0000: 268229.986: [GC 8268590K->1292509K(14463168K), 0.6995940 secs]
2018-05-14T08:43:48.538+0000: 268268.159: [GC 8270557K->1305559K(14493568K), 0.6876090 secs]
2018-05-14T08:44:28.044+0000: 268307.664: [GC 8276823K->1319432K(14465216K), 0.7157560 secs]
2018-05-14T08:45:01.428+0000: 268341.049: [GC 8290696K->1325381K(14491328K), 0.6626910 secs]
2018-05-14T08:45:35.422+0000: 268375.043: [GC 8289093K->1331433K(14491904K), 0.6726210 secs]
2018-05-14T08:46:03.187+0000: 268402.808: [GC 8295145K->1333923K(14496192K), 0.7057510 secs]
2018-05-14T08:46:40.956+0000: 268440.577: [GC 8302819K->1338517K(14492800K), 0.6628650 secs]
2018-05-14T08:47:15.109+0000: 268474.729: [GC 8307413K->1343891K(14504128K), 0.6390170 secs]
2018-05-14T08:47:46.672+0000: 268506.292: [GC 8328467K->1362474K(14500544K), 0.6621400 secs]
2018-05-14T08:48:19.398+0000: 268539.019: [GC 8347050K->1367333K(14509376K), 0.6453450 secs]
2018-05-14T08:48:48.692+0000: 268568.312: [GC 8362277K->1386537K(14505664K), 0.6878830 secs]
2018-05-14T08:49:22.652+0000: 268602.273: [GC 8381481K->1403121K(14507264K), 0.6931960 secs]
2018-05-14T08:49:57.491+0000: 268637.112: [GC 8400497K->1403183K(14508736K), 0.5564250 secs]
2018-05-14T08:50:32.664+0000: 268672.285: [GC 8400559K->1419746K(14512000K), 0.6583170 secs]
2018-05-14T08:51:24.207+0000: 268723.827: [GC 8422626K->1420199K(14510976K), 0.6616550 secs]
2018-05-14T08:52:06.954+0000: 268766.575: [GC 8423079K->1434210K(14516288K), 0.6751850 secs]
2018-05-14T08:52:40.658+0000: 268800.278: [GC 8444962K->1450761K(14514560K), 0.7202140 secs]
2018-05-14T08:53:22.358+0000: 268841.978: [GC 8461513K->1470933K(14508672K), 0.7206480 secs]
2018-05-14T08:54:02.781+0000: 268882.401: [GC 8475989K->1478111K(14497280K), 0.7437050 secs]
2018-05-14T08:54:45.315+0000: 268924.935: [GC 8483167K->1479013K(14513472K), 0.6942240 secs]
2018-05-14T08:55:35.428+0000: 268975.048: [GC 8483749K->1505148K(14505792K), 0.7976870 secs]
2018-05-14T08:56:24.439+0000: 269024.059: [GC 8509884K->1506921K(14506496K), 0.7521700 secs]
2018-05-14T08:57:00.620+0000: 269060.241: [GC 8502505K->1517639K(14490624K), 0.7693440 secs]
2018-05-14T08:57:48.232+0000: 269107.853: [GC 8513223K->1523002K(14508416K), 0.7478630 secs]
2018-05-14T08:58:28.308+0000: 269147.929: [GC 8518458K->1529251K(14507136K), 0.6938500 secs]
2018-05-14T08:59:08.161+0000: 269187.782: [GC 8524707K->1542547K(14511552K), 0.7165260 secs]
2018-05-14T08:59:46.715+0000: 269226.336: [GC 8544147K->1531666K(14510144K), 0.6231380 secs]
2018-05-14T09:00:27.319+0000: 269266.940: [GC 8533266K->1550340K(14511104K), 0.6226230 secs]
2018-05-14T09:01:12.488+0000: 269312.108: [GC 8551684K->1562648K(14510336K), 0.6233300 secs]
2018-05-14T09:01:55.432+0000: 269355.053: [GC 8563992K->1566782K(14512384K), 0.6196870 secs]
2018-05-14T09:02:41.627+0000: 269401.247: [GC 8571326K->1592564K(14512256K), 0.7036500 secs]
2018-05-14T09:03:32.900+0000: 269452.521: [GC 8597108K->1598735K(14515136K), 0.7034580 secs]
2018-05-14T09:04:29.397+0000: 269509.017: [GC 8607119K->1601436K(14513344K), 0.6769960 secs]
2018-05-14T09:05:27.474+0000: 269567.094: [GC 8609820K->1625214K(14513344K), 0.7629750 secs]
2018-05-14T09:06:13.518+0000: 269613.139: [GC 8634750K->1634948K(14503680K), 0.7171840 secs]
2018-05-14T09:06:58.412+0000: 269658.033: [GC 8644484K->1643523K(14512320K), 0.6764890 secs]
2018-05-14T09:07:35.364+0000: 269694.984: [GC 8648835K->1653583K(14512704K), 0.7111580 secs]
2018-05-14T09:08:19.438+0000: 269739.059: [GC 8658895K->1659958K(14513664K), 0.6644380 secs]
2018-05-14T09:09:00.090+0000: 269779.710: [GC 8666422K->1664615K(14512896K), 0.7206150 secs]
2018-05-14T09:09:42.948+0000: 269822.568: [GC 8671079K->1684069K(14511680K), 0.7638000 secs]
2018-05-14T09:10:27.417+0000: 269867.037: [GC 8691045K->1696168K(14505664K), 0.7085260 secs]
2018-05-14T09:11:12.943+0000: 269912.564: [GC 8703144K->1694161K(14512896K), 0.6625300 secs]
2018-05-14T09:11:51.565+0000: 269951.186: [GC 8698129K->1703149K(14511168K), 0.6994030 secs]
2018-05-14T09:12:38.141+0000: 269997.762: [GC 8707117K->1718107K(14512000K), 0.7634130 secs]
2018-05-14T09:13:15.350+0000: 270034.970: [GC 8724827K->1710247K(14513408K), 0.6631990 secs]
2018-05-14T09:13:54.752+0000: 270074.373: [GC 8716967K->1728428K(14514880K), 0.7198190 secs]
2018-05-14T09:14:35.240+0000: 270114.860: [GC 8736748K->1734272K(14513536K), 0.7397860 secs]
2018-05-14T09:15:23.286+0000: 270162.907: [GC 8742592K->1750364K(14516352K), 0.6827470 secs]
2018-05-14T09:16:09.687+0000: 270209.307: [GC 8762652K->1764840K(14510656K), 0.7684610 secs]
2018-05-14T09:16:39.556+0000: 270239.177: [GC 6536339K->1721015K(14502336K), 0.5260430 secs]
2018-05-14T09:16:40.082+0000: 270239.703: [Full GC 1721015K->928730K(14502336K), 3.5307520 secs]
2018-05-14T09:17:17.397+0000: 270277.018: [GC 7925082K->1077629K(14508224K), 0.6955790 secs]
2018-05-14T09:17:55.998+0000: 270315.619: [GC 8073981K->1080745K(14511680K), 0.6644610 secs]
2018-05-14T09:18:27.710+0000: 270347.331: [GC 8081705K->1099829K(14509376K), 0.7117790 secs]
2018-05-14T09:19:08.565+0000: 270388.185: [GC 8100789K->1113709K(14511296K), 0.6995760 secs]
2018-05-14T09:19:56.209+0000: 270435.830: [GC 8117357K->1119781K(14511872K), 0.6846330 secs]
2018-05-14T09:20:33.820+0000: 270473.441: [GC 8123429K->1134392K(14511360K), 0.6623440 secs]
2018-05-14T09:21:18.869+0000: 270518.490: [GC 8138552K->1137615K(14512128K), 0.6930410 secs]
2018-05-14T09:21:58.621+0000: 270558.242: [GC 8141775K->1154990K(14512128K), 0.7616770 secs]
2018-05-14T09:22:52.618+0000: 270612.238: [GC 8160558K->1173552K(14508992K), 0.8131820 secs]
2018-05-14T09:23:47.686+0000: 270667.307: [GC 8179120K->1167310K(14510656K), 0.7126730 secs]
2018-05-14T09:24:33.721+0000: 270713.342: [GC 8166990K->1190934K(14509120K), 0.7719820 secs]
2018-05-14T09:25:12.444+0000: 270752.065: [GC 8190614K->1200419K(14507072K), 0.6617910 secs]
2018-05-14T09:25:57.264+0000: 270796.885: [GC 8196515K->1222265K(14503488K), 0.8547960 secs]
2018-05-14T09:26:57.935+0000: 270857.555: [GC 8218361K->1254755K(14473920K), 0.8365050 secs]
2018-05-14T09:28:06.248+0000: 270925.869: [GC 8212707K->1283798K(14489024K), 0.9758560 secs]
2018-05-14T09:29:16.689+0000: 270996.310: [GC 8241750K->1291528K(14449344K), 0.9440280 secs]
2018-05-14T09:30:10.529+0000: 271050.150: [GC 8209800K->1306354K(14451072K), 0.8464480 secs]
2018-05-14T09:31:08.303+0000: 271107.923: [GC 8224626K->1315644K(14454272K), 0.9815160 secs]
2018-05-14T09:32:03.676+0000: 271163.297: [GC 8213308K->1324511K(14428992K), 0.9289110 secs]
2018-05-14T09:33:08.002+0000: 271227.623: [GC 8222175K->1330100K(14454784K), 0.7834410 secs]
2018-05-14T09:34:14.550+0000: 271294.171: [GC 8220980K->1342149K(14419712K), 0.9522790 secs]
2018-05-14T09:35:24.235+0000: 271363.856: [GC 8233029K->1351513K(14454912K), 0.9276480 secs]
2018-05-14T09:35:56.354+0000: 271395.975: [GC 8241369K->1307451K(14365120K), 0.6738850 secs]
2018-05-14T09:36:14.152+0000: 271413.773: [GC 8197307K->1283274K(14440320K), 0.4620320 secs]
2018-05-14T09:36:35.172+0000: 271434.792: [GC 8156234K->1292313K(14320320K), 0.4940130 secs]
2018-05-14T09:36:53.866+0000: 271453.487: [GC 8165273K->1293773K(14438784K), 0.5010480 secs]
2018-05-14T09:37:13.487+0000: 271473.108: [GC 8155853K->1302965K(14305600K), 0.4826560 secs]
2018-05-14T09:37:33.931+0000: 271493.552: [GC 8165045K->1313062K(14443008K), 0.4671360 secs]
2018-05-14T09:37:51.631+0000: 271511.252: [GC 8176998K->1315097K(14441024K), 0.4818930 secs]
2018-05-14T09:38:11.688+0000: 271531.309: [GC 8179033K->1321939K(14448384K), 0.4987730 secs]
2018-05-14T09:38:32.245+0000: 271551.866: [GC 8195155K->1325582K(14444928K), 0.4933340 secs]
2018-05-14T09:38:51.706+0000: 271571.327: [GC 8198798K->1338830K(14456960K), 0.5097870 secs]
2018-05-14T09:39:12.125+0000: 271591.746: [GC 8227598K->1344373K(14451904K), 0.4940720 secs]
2018-05-14T09:39:31.440+0000: 271611.060: [GC 8233141K->1343715K(14465344K), 0.4310170 secs]
2018-05-14T09:39:50.401+0000: 271630.021: [GC 8250979K->1370586K(14462016K), 0.5550380 secs]
2018-05-14T09:40:09.706+0000: 271649.327: [GC 8277850K->1364602K(14477376K), 0.3568030 secs]
2018-05-14T09:40:28.282+0000: 271667.903: [GC 8294650K->1379293K(14472768K), 0.5318500 secs]
2018-05-14T09:40:47.948+0000: 271687.569: [GC 8309341K->1379790K(14488064K), 0.4534000 secs]
2018-05-14T09:41:06.429+0000: 271706.049: [GC 8331150K->1376996K(14483392K), 0.4325500 secs]
2018-05-14T09:41:25.752+0000: 271725.373: [GC 8328356K->1392359K(14496448K), 0.5098500 secs]
2018-05-14T09:41:45.208+0000: 271744.829: [GC 8359911K->1391923K(14491200K), 0.4323100 secs]
2018-05-14T09:42:05.711+0000: 271765.332: [GC 8359475K->1406777K(14505216K), 0.4917430 secs]
2018-05-14T09:42:25.469+0000: 271785.089: [GC 8392121K->1412815K(14500224K), 0.4971780 secs]
2018-05-14T09:42:44.045+0000: 271803.665: [GC 8398159K->1413392K(14513664K), 0.4406350 secs]
2018-05-14T09:43:01.939+0000: 271821.559: [GC 8417040K->1439509K(14510080K), 0.5669420 secs]
2018-05-14T09:43:29.436+0000: 271849.057: [GC 8443157K->1429957K(14520256K), 0.4720460 secs]
2018-05-14T09:43:50.821+0000: 271870.442: [GC 8446981K->1433661K(14516864K), 0.4781960 secs]
2018-05-14T09:44:08.703+0000: 271888.323: [GC 8450685K->1444911K(14526848K), 0.4855530 secs]
2018-05-14T09:44:29.313+0000: 271908.934: [GC 8474799K->1459683K(14523136K), 0.5102650 secs]
2018-05-14T09:44:50.277+0000: 271929.897: [GC 8489571K->1472106K(14530688K), 0.5779680 secs]
2018-05-14T09:45:11.701+0000: 271951.321: [GC 8512618K->1478067K(14529920K), 0.5052470 secs]
2018-05-14T09:45:31.019+0000: 271970.640: [GC 8518579K->1468317K(14533440K), 0.4639970 secs]
2018-05-14T09:45:53.088+0000: 271992.709: [GC 8513117K->1487458K(14531456K), 0.5333930 secs]
2018-05-14T09:46:18.332+0000: 272017.952: [GC 8532258K->1497409K(14536448K), 0.5789660 secs]
2018-05-14T09:46:40.059+0000: 272039.680: [GC 8549377K->1506524K(14535616K), 0.5263260 secs]
2018-05-14T09:46:58.514+0000: 272058.135: [GC 8558492K->1524140K(14530880K), 0.6058050 secs]
2018-05-14T09:47:17.978+0000: 272077.599: [GC 8571308K->1510662K(14533632K), 0.4867000 secs]
2018-05-14T09:47:39.683+0000: 272099.304: [GC 8557830K->1522230K(14538944K), 0.5127500 secs]
2018-05-14T09:48:03.062+0000: 272122.683: [GC 8576886K->1530080K(14535808K), 0.5259290 secs]
2018-05-14T09:48:23.039+0000: 272142.660: [GC 8584736K->1533809K(14543296K), 0.5153820 secs]
2018-05-14T09:48:44.548+0000: 272164.168: [GC 8598385K->1541217K(14541376K), 0.5232830 secs]
2018-05-14T09:49:04.555+0000: 272184.175: [GC 8605793K->1542507K(14546688K), 0.4928340 secs]
2018-05-14T09:49:26.970+0000: 272206.591: [GC 8614507K->1554661K(14545408K), 0.5255090 secs]
2018-05-14T09:50:31.628+0000: 272271.248: [GC 8626661K->1635052K(14492544K), 0.8436060 secs]
2018-05-14T09:51:46.770+0000: 272346.391: [GC 8656108K->1707117K(14520576K), 0.9491060 secs]
2018-05-14T09:52:53.157+0000: 272412.778: [GC 8728173K->1752960K(14421120K), 1.0033380 secs]
2018-05-14T09:53:58.529+0000: 272478.150: [GC 8674560K->1793113K(14452480K), 0.9960790 secs]
2018-05-14T09:54:56.309+0000: 272535.930: [GC 8714713K->1803983K(14435136K), 0.8262500 secs]
2018-05-14T09:55:54.294+0000: 272593.914: [GC 8676815K->1809318K(14405376K), 0.8862910 secs]
2018-05-14T09:56:52.224+0000: 272651.845: [GC 8682150K->1817176K(14427264K), 0.9092960 secs]
2018-05-14T09:57:46.180+0000: 272705.800: [GC 8662488K->1823873K(14374400K), 0.9317390 secs]
2018-05-14T09:58:47.938+0000: 272767.559: [GC 8669185K->1830399K(14425920K), 0.8487230 secs]
2018-05-14T09:59:52.411+0000: 272832.032: [GC 8665599K->1828459K(14427648K), 0.9238660 secs]
2018-05-14T10:00:52.312+0000: 272891.933: [GC 8663659K->1816571K(14438016K), 0.7784060 secs]
2018-05-14T10:01:41.615+0000: 272941.236: [GC 8664635K->1843737K(14430144K), 0.9192000 secs]
2018-05-14T10:02:40.848+0000: 273000.469: [GC 8691801K->1851824K(14441536K), 0.8251730 secs]
2018-05-14T10:03:26.944+0000: 273046.565: [GC 8712816K->1863845K(14439552K), 0.9340400 secs]
2018-05-14T10:04:18.157+0000: 273097.777: [GC 8724837K->1866359K(14445888K), 0.9089750 secs]
2018-05-14T10:05:16.926+0000: 273156.547: [GC 8735095K->1876360K(14442944K), 0.8492610 secs]
2018-05-14T10:06:11.719+0000: 273211.340: [GC 8745096K->1888253K(14450432K), 0.9224420 secs]
2018-05-14T10:07:15.780+0000: 273275.400: [GC 8766781K->1895035K(14448192K), 0.8894200 secs]
2018-05-14T10:09:02.957+0000: 273382.578: [GC 8773563K->1889633K(14457472K), 0.7578280 secs]
2018-05-14T10:10:29.483+0000: 273469.104: [GC 8780513K->1910402K(14453504K), 0.7784450 secs]
2018-05-14T10:11:20.473+0000: 273520.094: [GC 8801282K->1932172K(14460544K), 0.9262090 secs]
2018-05-14T10:12:15.473+0000: 273575.093: [GC 8833932K->1939585K(14460928K), 0.8718470 secs]
2018-05-14T10:13:02.056+0000: 273621.677: [GC 8841345K->1949452K(14459968K), 0.7669640 secs]
2018-05-14T10:13:50.632+0000: 273670.253: [GC 8850572K->1960488K(14460608K), 0.9388880 secs]
2018-05-14T10:14:53.216+0000: 273732.836: [GC 8861608K->1966078K(14462208K), 0.8980820 secs]
2018-05-14T10:15:50.278+0000: 273789.898: [GC 8868798K->1980041K(14460608K), 0.9004310 secs]
2018-05-14T10:16:41.104+0000: 273840.724: [GC 8882761K->1985992K(14464064K), 0.8622150 secs]
2018-05-14T10:16:43.621+0000: 273843.242: [GC 2559198K->1830492K(14260416K), 0.0918450 secs]
2018-05-14T10:16:43.713+0000: 273843.334: [Full GC 1830492K->851321K(14260416K), 3.5934170 secs]
2018-05-14T10:17:36.599+0000: 273896.220: [GC 7755769K->1038287K(14437440K), 0.8938590 secs]
2018-05-14T10:18:12.749+0000: 273932.370: [GC 7895759K->1006060K(14438784K), 0.6707200 secs]
2018-05-14T10:18:33.980+0000: 273953.600: [GC 7863532K->982688K(14440000K), 0.5109110 secs]
2018-05-14T10:18:53.681+0000: 273973.302: [GC 7845408K->986914K(14309056K), 0.5095780 secs]
2018-05-14T10:19:11.982+0000: 273991.602: [GC 7849634K->985274K(14439616K), 0.4733290 secs]
2018-05-14T10:19:33.505+0000: 274013.126: [GC 7845562K->994495K(14440192K), 0.4703700 secs]
2018-05-14T10:19:52.547+0000: 274032.168: [GC 7854783K->1005902K(14445184K), 0.5130430 secs]
2018-05-14T10:20:11.328+0000: 274050.949: [GC 7872718K->1007933K(14441728K), 0.4343770 secs]
2018-05-14T10:20:30.366+0000: 274069.987: [GC 7874749K->1022743K(14454016K), 0.4940960 secs]
2018-05-14T10:20:50.228+0000: 274089.849: [GC 7905303K->1016455K(14448640K), 0.4632840 secs]
2018-05-14T10:21:09.354+0000: 274108.974: [GC 7899015K->1027500K(14462720K), 0.5066610 secs]
2018-05-14T10:21:30.972+0000: 274130.592: [GC 7927722K->1024696K(14457600K), 0.4571820 secs]
2018-05-14T10:21:50.057+0000: 274149.677: [GC 7924920K->1041757K(14472576K), 0.5139570 secs]
2018-05-14T10:22:08.814+0000: 274168.434: [GC 7960669K->1042618K(14466432K), 0.4619590 secs]
2018-05-14T10:22:28.361+0000: 274187.982: [GC 7961530K->1055397K(14483776K), 0.4928720 secs]
2018-05-14T10:22:47.220+0000: 274206.841: [GC 7996773K->1053178K(14477696K), 0.4577680 secs]
2018-05-14T10:23:06.114+0000: 274225.735: [GC 7994554K->1066800K(14493568K), 0.5075130 secs]
2018-05-14T10:23:25.315+0000: 274244.936: [GC 8028080K->1069749K(14487808K), 0.4623670 secs]
2018-05-14T10:23:43.962+0000: 274263.583: [GC 8031029K->1074396K(14503040K), 0.4733150 secs]
2018-05-14T10:24:03.432+0000: 274283.053: [GC 8055900K->1084365K(14498560K), 0.4968090 secs]
2018-05-14T10:24:23.040+0000: 274302.660: [GC 8065869K->1089660K(14512576K), 0.4805950 secs]
2018-05-14T10:24:41.647+0000: 274321.267: [GC 8090364K->1096683K(14508224K), 0.4667090 secs]
2018-05-14T10:25:00.977+0000: 274340.598: [GC 8097387K->1106112K(14521408K), 0.4569790 secs]
2018-05-14T10:25:18.779+0000: 274358.400: [GC 8124160K->1120042K(14516736K), 0.4885780 secs]
2018-05-14T10:25:38.028+0000: 274377.649: [GC 8138090K->1118017K(14528768K), 0.5033580 secs]
2018-05-14T10:25:57.230+0000: 274396.851: [GC 8151681K->1124201K(14524992K), 0.4887800 secs]
2018-05-14T10:26:14.806+0000: 274414.427: [GC 8157865K->1133804K(14535616K), 0.5036740 secs]
2018-05-14T10:26:34.868+0000: 274434.488: [GC 8181484K->1139817K(14532160K), 0.5131850 secs]
2018-05-14T10:26:55.165+0000: 274454.786: [GC 8187497K->1137248K(14540224K), 0.4617060 secs]
2018-05-14T10:27:13.297+0000: 274472.917: [GC 8196256K->1149215K(14538880K), 0.4980960 secs]
2018-05-14T10:27:33.276+0000: 274492.897: [GC 8208223K->1156151K(14545280K), 0.5084260 secs]
2018-05-14T10:27:53.434+0000: 274513.055: [GC 8224119K->1158244K(14542784K), 0.4573750 secs]
2018-05-14T10:28:11.527+0000: 274531.148: [GC 8226212K->1166280K(14549248K), 0.4838350 secs]
2018-05-14T10:28:31.138+0000: 274550.758: [GC 8242504K->1182768K(14547072K), 0.5345510 secs]
2018-05-14T10:28:49.730+0000: 274569.351: [GC 8258992K->1183669K(14551808K), 0.4215400 secs]
2018-05-14T10:29:09.078+0000: 274588.699: [GC 8264885K->1187572K(14549504K), 0.4899190 secs]
2018-05-14T10:29:29.149+0000: 274608.770: [GC 8268788K->1196693K(14555072K), 0.5040690 secs]
2018-05-14T10:29:48.634+0000: 274628.254: [GC 8285077K->1206660K(14553408K), 0.5233210 secs]
2018-05-14T10:30:06.467+0000: 274646.088: [GC 8295044K->1207725K(14557248K), 0.4455230 secs]
2018-05-14T10:30:26.581+0000: 274666.202: [GC 8300909K->1215009K(14556032K), 0.4573990 secs]
2018-05-14T10:30:44.549+0000: 274684.169: [GC 8308193K->1220192K(14559872K), 0.4543360 secs]
2018-05-14T10:31:04.502+0000: 274704.123: [GC 8318752K->1230745K(14558784K), 0.5271520 secs]
2018-05-14T10:31:24.054+0000: 274723.675: [GC 8329305K->1235660K(14560128K), 0.5178840 secs]
2018-05-14T10:31:42.859+0000: 274742.480: [GC 8335500K->1240584K(14559808K), 0.5073450 secs]
2018-05-14T10:32:01.797+0000: 274761.418: [GC 8340424K->1244586K(14562048K), 0.4983270 secs]
2018-05-14T10:32:21.054+0000: 274780.675: [GC 8347754K->1255379K(14561216K), 0.5328650 secs]
2018-05-14T10:32:41.262+0000: 274800.883: [GC 8358547K->1252565K(14562240K), 0.4653790 secs]
2018-05-14T10:32:59.433+0000: 274819.053: [GC 8356885K->1268312K(14554496K), 0.5141400 secs]
2018-05-14T10:33:18.114+0000: 274837.735: [GC 8372632K->1272414K(14563008K), 0.5053330 secs]
2018-05-14T10:33:38.047+0000: 274857.668: [GC 8377310K->1273906K(14561984K), 0.4741020 secs]
2018-05-14T10:33:58.458+0000: 274878.079: [GC 8378802K->1281848K(14563904K), 0.4817580 secs]
2018-05-14T10:34:18.865+0000: 274898.486: [GC 8388920K->1287445K(14563264K), 0.4725410 secs]
2018-05-14T10:34:36.212+0000: 274915.833: [GC 8394517K->1306221K(14562304K), 0.5062420 secs]
2018-05-14T10:34:56.245+0000: 274935.866: [GC 8412781K->1310285K(14563328K), 0.4759630 secs]
2018-05-14T10:35:15.854+0000: 274955.474: [GC 8416845K->1319220K(14564416K), 0.4585940 secs]
2018-05-14T10:35:35.002+0000: 274974.622: [GC 8427892K->1326967K(14564352K), 0.5069610 secs]
2018-05-14T10:35:53.583+0000: 274993.204: [GC 8435639K->1340328K(14562880K), 0.5143150 secs]
2018-05-14T10:36:11.671+0000: 275011.291: [GC 8448296K->1345116K(14564032K), 0.4211450 secs]
2018-05-14T10:36:31.787+0000: 275031.408: [GC 8453084K->1348136K(14564736K), 0.5108720 secs]
2018-05-14T10:36:50.441+0000: 275050.061: [GC 8456872K->1364502K(14564096K), 0.5576180 secs]
2018-05-14T10:37:10.758+0000: 275070.379: [GC 8473238K->1358264K(14555776K), 0.4754960 secs]
2018-05-14T10:37:37.546+0000: 275097.167: [GC 8458040K->1393548K(14559936K), 0.6167200 secs]
2018-05-14T10:38:00.025+0000: 275119.645: [GC 8493324K->1381025K(14541632K), 0.4695650 secs]
2018-05-14T10:38:22.246+0000: 275141.867: [GC 8462497K->1394867K(14550784K), 0.5041490 secs]
2018-05-14T10:38:43.168+0000: 275162.789: [GC 8476339K->1405578K(14552896K), 0.4811230 secs]
2018-05-14T10:39:01.122+0000: 275180.742: [GC 8491018K->1406056K(14552640K), 0.4853770 secs]
2018-05-14T10:39:20.404+0000: 275200.025: [GC 8491496K->1414397K(14555072K), 0.5122090 secs]
2018-05-14T10:39:40.231+0000: 275219.851: [GC 8503293K->1419215K(14553920K), 0.5062680 secs]
2018-05-14T10:39:58.988+0000: 275238.609: [GC 8508111K->1418675K(14555520K), 0.4311650 secs]
2018-05-14T10:40:20.088+0000: 275259.708: [GC 8510003K->1441464K(14548928K), 0.5162200 secs]
2018-05-14T10:40:38.524+0000: 275278.145: [GC 8532792K->1429586K(14553536K), 0.4293730 secs]
2018-05-14T10:40:57.400+0000: 275297.021: [GC 8516818K->1447676K(14553664K), 0.5148410 secs]
2018-05-14T10:41:17.232+0000: 275316.853: [GC 8534908K->1451575K(14556992K), 0.4938310 secs]
2018-05-14T10:41:35.131+0000: 275334.751: [GC 8543863K->1460591K(14555392K), 0.5072440 secs]
2018-05-14T10:41:52.866+0000: 275352.486: [GC 8552879K->1464540K(14559296K), 0.4894260 secs]
2018-05-14T10:42:11.373+0000: 275370.993: [GC 8561628K->1475293K(14557888K), 0.5329630 secs]
2018-05-14T10:42:31.088+0000: 275390.708: [GC 8572381K->1478573K(14560192K), 0.4715980 secs]
2018-05-14T10:42:50.419+0000: 275410.040: [GC 8577901K->1482226K(14559232K), 0.4609310 secs]
2018-05-14T10:43:09.646+0000: 275429.267: [GC 8581554K->1499857K(14558912K), 0.5179930 secs]
2018-05-14T10:43:30.609+0000: 275450.229: [GC 8598353K->1491469K(14535936K), 0.4470870 secs]
2018-05-14T10:43:52.267+0000: 275471.888: [GC 8589965K->1490676K(14556224K), 0.4154680 secs]
2018-05-14T10:44:15.027+0000: 275494.647: [GC 8585716K->1491379K(14520640K), 0.3832260 secs]
2018-05-14T10:44:37.975+0000: 275517.596: [GC 8586419K->1500186K(14554368K), 0.3893560 secs]
2018-05-14T10:45:00.962+0000: 275540.583: [GC 8590490K->1504199K(14513984K), 0.3520650 secs]
2018-05-14T10:45:23.884+0000: 275563.505: [GC 8594503K->1510270K(14553920K), 0.3647750 secs]
2018-05-14T10:45:48.047+0000: 275587.668: [GC 8598654K->1515048K(14508992K), 0.3773450 secs]
2018-05-14T10:46:13.196+0000: 275612.816: [GC 8603432K->1513001K(14552320K), 0.3310730 secs]
2018-05-14T10:46:38.319+0000: 275637.940: [GC 8599337K->1525489K(14553216K), 0.3790000 secs]
2018-05-14T10:47:02.069+0000: 275661.690: [GC 8611825K->1534417K(14555584K), 0.3668770 secs]
2018-05-14T10:47:24.042+0000: 275683.663: [GC 8624145K->1557743K(14554240K), 0.4484410 secs]
2018-05-14T10:47:43.503+0000: 275703.124: [GC 8647471K->1562930K(14557824K), 0.4484290 secs]
2018-05-14T10:48:07.989+0000: 275727.610: [GC 8656882K->1571510K(14556224K), 0.4591970 secs]
2018-05-14T10:48:25.966+0000: 275745.587: [GC 8665462K->1583636K(14555712K), 0.4877560 secs]
2018-05-14T10:48:47.351+0000: 275766.972: [GC 8677652K->1584756K(14557056K), 0.4618400 secs]
2018-05-14T10:49:06.968+0000: 275786.589: [GC 8678772K->1588538K(14559488K), 0.4542560 secs]
2018-05-14T10:49:27.627+0000: 275807.248: [GC 8685818K->1601374K(14557888K), 0.4920100 secs]
2018-05-14T10:49:46.926+0000: 275826.546: [GC 8698654K->1607770K(14555904K), 0.4742810 secs]
2018-05-14T10:50:05.287+0000: 275844.908: [GC 8701530K->1614301K(14556928K), 0.4201270 secs]
2018-05-14T10:50:25.804+0000: 275865.425: [GC 8708061K->1627372K(14554368K), 0.4597630 secs]
2018-05-14T10:50:46.425+0000: 275886.045: [GC 8718828K->1624470K(14555776K), 0.4801810 secs]
2018-05-14T10:51:09.038+0000: 275908.659: [GC 8715926K->1627692K(14559872K), 0.4444590 secs]
2018-05-14T10:51:26.967+0000: 275926.587: [GC 8725420K->1642075K(14557952K), 0.4857740 secs]
2018-05-14T10:51:47.546+0000: 275947.166: [GC 8739800K->1649165K(14559488K), 0.5060280 secs]
2018-05-14T10:52:07.224+0000: 275966.845: [GC 8748685K->1645969K(14559808K), 0.4583640 secs]
2018-05-14T10:52:27.671+0000: 275987.292: [GC 8745489K->1664508K(14557760K), 0.4969130 secs]
2018-05-14T10:52:47.723+0000: 276007.344: [GC 8763516K->1673307K(14549568K), 0.4990370 secs]
2018-05-14T10:53:10.051+0000: 276029.672: [GC 8772315K->1663256K(14558208K), 0.4335590 secs]
2018-05-14T10:53:30.717+0000: 276050.337: [GC 8759256K->1670306K(14557888K), 0.4254200 secs]
2018-05-14T10:53:52.807+0000: 276072.428: [GC 8766306K->1683016K(14560896K), 0.4764120 secs]
2018-05-14T10:54:13.845+0000: 276093.466: [GC 8782920K->1695138K(14559104K), 0.5021850 secs]
2018-05-14T10:54:35.344+0000: 276114.965: [GC 8795042K->1693985K(14562176K), 0.4417020 secs]
2018-05-14T10:54:54.174+0000: 276133.794: [GC 8796705K->1706733K(14560640K), 0.4761940 secs]
2018-05-14T10:55:14.385+0000: 276154.006: [GC 8809453K->1716709K(14562624K), 0.4595150 secs]
2018-05-14T10:55:35.602+0000: 276175.222: [GC 8821989K->1718072K(14562688K), 0.4654080 secs]
2018-05-14T10:55:54.489+0000: 276194.109: [GC 8823352K->1729861K(14563968K), 0.4781670 secs]
2018-05-14T10:56:15.214+0000: 276214.835: [GC 8837957K->1729698K(14564096K), 0.4613760 secs]
2018-05-14T10:56:36.956+0000: 276236.577: [GC 8837794K->1737546K(14566528K), 0.4788060 secs]
2018-05-14T10:56:57.145+0000: 276256.766: [GC 8849226K->1743635K(14565248K), 0.4889430 secs]
2018-05-14T10:57:17.235+0000: 276276.855: [GC 8855315K->1746910K(14568000K), 0.4543300 secs]
2018-05-14T10:57:38.162+0000: 276297.783: [GC 8862558K->1756878K(14567744K), 0.4591740 secs]
2018-05-14T10:57:59.339+0000: 276318.960: [GC 8872526K->1764748K(14569280K), 0.4742340 secs]
2018-05-14T10:58:21.121+0000: 276340.741: [GC 8882956K->1762994K(14569024K), 0.4570590 secs]
2018-05-14T10:58:41.039+0000: 276360.659: [GC 8881202K->1766461K(14568512K), 0.4158790 secs]
2018-05-14T10:59:01.787+0000: 276381.408: [GC 8883901K->1784480K(14562048K), 0.4745990 secs]
2018-05-14T10:59:23.900+0000: 276403.521: [GC 8901920K->1786708K(14569216K), 0.4580390 secs]
2018-05-14T10:59:43.471+0000: 276423.091: [GC 8903828K->1799813K(14564160K), 0.5152850 secs]
2018-05-14T11:00:03.092+0000: 276442.712: [GC 8916933K->1796669K(14568384K), 0.4376290 secs]
2018-05-14T11:00:22.723+0000: 276462.344: [GC 8912637K->1807884K(14567680K), 0.4453180 secs]
2018-05-14T11:00:45.383+0000: 276485.003: [GC 8923852K->1822383K(14555968K), 0.5213350 secs]
2018-05-14T11:01:07.630+0000: 276507.251: [GC 8925999K->1832902K(14556608K), 0.5176310 secs]
2018-05-14T11:01:27.840+0000: 276527.461: [GC 8936518K->1844471K(14552256K), 0.5773550 secs]
2018-05-14T11:01:48.061+0000: 276547.681: [GC 8936311K->1837181K(14555968K), 0.4781430 secs]
2018-05-14T11:02:10.035+0000: 276569.656: [GC 8929021K->1855347K(14553216K), 0.5428020 secs]
2018-05-14T11:02:32.064+0000: 276591.685: [GC 8946035K->1858093K(14542400K), 0.5308900 secs]
2018-05-14T11:02:54.486+0000: 276614.107: [GC 8948781K->1862471K(14556224K), 0.5281630 secs]
2018-05-14T11:03:18.230+0000: 276637.851: [GC 8953799K->1861866K(14555200K), 0.4706940 secs]
2018-05-14T11:03:40.785+0000: 276660.406: [GC 8953194K->1869835K(14558720K), 0.5043600 secs]
2018-05-14T11:04:01.696+0000: 276681.316: [GC 8965707K->1879564K(14557248K), 0.5246080 secs]
2018-05-14T11:04:22.232+0000: 276701.853: [GC 8975436K->1882383K(14560832K), 0.4936350 secs]
2018-05-14T11:04:44.007+0000: 276723.628: [GC 8982735K->1896735K(14553920K), 0.5364010 secs]
2018-05-14T11:05:07.656+0000: 276747.276: [GC 8997087K->1905889K(14555136K), 0.3162790 secs]
2018-05-14T11:05:28.134+0000: 276767.755: [GC 9000417K->1918284K(14555264K), 0.5795840 secs]
2018-05-14T11:05:48.418+0000: 276788.039: [GC 9012812K->1903235K(14553344K), 0.4619030 secs]
2018-05-14T11:06:13.127+0000: 276812.747: [GC 8991747K->1925018K(14544192K), 0.5564760 secs]
2018-05-14T11:06:34.371+0000: 276833.991: [GC 9013530K->1915585K(14553536K), 0.4604880 secs]
2018-05-14T11:06:55.451+0000: 276855.071: [GC 9002433K->1930212K(14553408K), 0.5320270 secs]
2018-05-14T11:07:14.470+0000: 276874.090: [GC 9017060K->1931952K(14555712K), 0.4928380 secs]
2018-05-14T11:07:33.542+0000: 276893.163: [GC 9022576K->1936295K(14555008K), 0.4776160 secs]
2018-05-14T11:07:53.297+0000: 276912.918: [GC 9026919K->1954512K(14554944K), 0.5020960 secs]
2018-05-14T11:08:11.773+0000: 276931.394: [GC 9045456K->1954073K(14555520K), 0.5066640 secs]
2018-05-14T11:08:30.839+0000: 276950.460: [GC 9045017K->1959144K(14557824K), 0.4821080 secs]
2018-05-14T11:08:50.850+0000: 276970.470: [GC 9053608K->1968365K(14556736K), 0.4910730 secs]
2018-05-14T11:10:01.670+0000: 277041.291: [GC 9062829K->2026472K(14518400K), 0.6804140 secs]
2018-05-14T11:10:29.826+0000: 277069.447: [GC 9083880K->2025848K(14538752K), 0.4507780 secs]
2018-05-14T11:11:01.217+0000: 277100.838: [GC 9083256K->2060365K(14529920K), 0.6238640 secs]
2018-05-14T11:11:38.682+0000: 277138.303: [GC 9111117K->2057577K(14514752K), 0.5758490 secs]
2018-05-14T11:12:06.797+0000: 277166.418: [GC 9108329K->2047668K(14536128K), 0.5059550 secs]
2018-05-14T11:12:37.522+0000: 277197.142: [GC 9098740K->2080558K(14522368K), 0.6473600 secs]
2018-05-14T11:13:26.971+0000: 277246.592: [GC 9131630K->2145251K(14480192K), 0.9683360 secs]
2018-05-14T11:14:19.673+0000: 277299.294: [GC 9138275K->2190916K(14506560K), 0.8691330 secs]
2018-05-14T11:15:12.114+0000: 277351.735: [GC 9183940K->2213189K(14430528K), 0.8819590 secs]
2018-05-14T11:16:02.730+0000: 277402.351: [GC 9130181K->2236919K(14442496K), 0.9117420 secs]
2018-05-14T11:16:42.029+0000: 277441.649: [GC 9153911K->2204742K(14465280K), 0.6784680 secs]
2018-05-14T11:16:47.316+0000: 277446.937: [GC 2722281K->2087853K(14258560K), 0.0768680 secs]
2018-05-14T11:16:47.393+0000: 277447.014: [Full GC 2087853K->1057130K(14258560K), 3.9154550 secs]
2018-05-14T11:17:41.841+0000: 277501.462: [GC 7960554K->1254911K(14420480K), 0.9025240 secs]
2018-05-14T11:18:51.659+0000: 277571.280: [GC 8106111K->1259131K(14379456K), 0.8964370 secs]
2018-05-14T11:19:52.427+0000: 277632.047: [GC 8110331K->1264414K(14418368K), 0.9255240 secs]
2018-05-14T11:20:48.519+0000: 277688.140: [GC 8090014K->1270583K(14348160K), 0.8719790 secs]
2018-05-14T11:21:42.947+0000: 277742.568: [GC 8096183K->1290957K(14412800K), 0.9185630 secs]
2018-05-14T11:22:38.517+0000: 277798.138: [GC 8104141K->1290142K(14416640K), 0.7821680 secs]
2018-05-14T11:23:38.893+0000: 277858.514: [GC 8103326K->1304198K(14420160K), 0.8299530 secs]
2018-05-14T11:24:25.836+0000: 277905.457: [GC 8123270K->1318660K(14419008K), 0.9135610 secs]
2018-05-14T11:25:34.364+0000: 277973.984: [GC 8137732K->1322953K(14421760K), 0.9023890 secs]
2018-05-14T11:26:31.924+0000: 278031.544: [GC 8144393K->1332400K(14419776K), 0.8988660 secs]
2018-05-14T11:27:29.001+0000: 278088.622: [GC 8153840K->1339495K(14425792K), 0.9327870 secs]
2018-05-14T11:28:22.486+0000: 278142.107: [GC 8168487K->1335616K(14423296K), 0.8952690 secs]
2018-05-14T11:29:33.576+0000: 278213.196: [GC 8164608K->1349004K(14438656K), 0.8287570 secs]
2018-05-14T11:30:23.247+0000: 278262.867: [GC 8200844K->1381661K(14433280K), 0.8594210 secs]
2018-05-14T11:31:04.382+0000: 278304.003: [GC 8233501K->1388846K(14436480K), 0.8974230 secs]
2018-05-14T11:32:01.110+0000: 278360.730: [GC 8240814K->1391075K(14435584K), 0.9281690 secs]
2018-05-14T11:32:56.224+0000: 278415.845: [GC 8243043K->1398691K(14443712K), 0.8737950 secs]
2018-05-14T11:33:54.952+0000: 278474.572: [GC 8262115K->1402127K(14439808K), 0.8059620 secs]
2018-05-14T11:34:52.589+0000: 278532.209: [GC 8265551K->1414562K(14452160K), 0.8886120 secs]
2018-05-14T11:35:41.100+0000: 278580.720: [GC 8295330K->1405256K(14448704K), 0.7178150 secs]
2018-05-14T11:36:33.365+0000: 278632.986: [GC 8286024K->1426585K(14458624K), 0.8751750 secs]
2018-05-14T11:37:23.732+0000: 278683.353: [GC 8320281K->1425316K(14455168K), 0.8386610 secs]
2018-05-14T11:38:11.344+0000: 278730.965: [GC 8319012K->1439188K(14466688K), 0.8453410 secs]
2018-05-14T11:39:07.927+0000: 278787.548: [GC 8348564K->1450459K(14462784K), 0.9059190 secs]
2018-05-14T11:40:06.776+0000: 278846.397: [GC 8359835K->1461464K(14469376K), 0.8376300 secs]
2018-05-14T11:40:52.137+0000: 278891.757: [GC 8379544K->1465108K(14468800K), 0.7527260 secs]
2018-05-14T11:41:45.268+0000: 278944.889: [GC 8383188K->1477920K(14474368K), 0.8902180 secs]
2018-05-14T11:42:41.814+0000: 279001.435: [GC 8404640K->1491244K(14472448K), 0.9363460 secs]
2018-05-14T11:43:32.451+0000: 279052.072: [GC 8417964K->1500614K(14475328K), 0.9285390 secs]
2018-05-14T11:44:23.476+0000: 279103.097: [GC 8430534K->1504452K(14474688K), 0.9081360 secs]
2018-05-14T11:45:15.010+0000: 279154.631: [GC 8434372K->1514388K(14477760K), 0.7635650 secs]
2018-05-14T11:46:05.482+0000: 279205.103: [GC 8448852K->1495291K(14430272K), 0.8135210 secs]
2018-05-14T11:46:42.311+0000: 279241.932: [GC 8429755K->1477226K(14466176K), 0.6270360 secs]
2018-05-14T11:47:33.978+0000: 279293.599: [GC 8399722K->1526163K(14471296K), 0.8658610 secs]
2018-05-14T11:48:25.880+0000: 279345.501: [GC 8448659K->1539864K(14476928K), 0.8253270 secs]
2018-05-14T11:49:19.421+0000: 279399.042: [GC 8471128K->1547435K(14474432K), 0.8121900 secs]
2018-05-14T11:50:19.142+0000: 279458.762: [GC 8478699K->1558134K(14481856K), 0.7193630 secs]
2018-05-14T11:51:16.435+0000: 279516.056: [GC 8499190K->1569861K(14479296K), 0.8837480 secs]
2018-05-14T11:52:15.270+0000: 279574.890: [GC 8510917K->1576735K(14485504K), 0.8690540 secs]
2018-05-14T11:53:08.861+0000: 279628.482: [GC 8525983K->1592493K(14483840K), 0.8694250 secs]
2018-05-14T11:54:38.090+0000: 279717.711: [GC 8541741K->1595473K(14487296K), 0.8240620 secs]
2018-05-14T11:55:57.905+0000: 279797.526: [GC 8547793K->1623090K(14485120K), 0.9270170 secs]
2018-05-14T11:57:25.960+0000: 279885.581: [GC 8575410K->1643456K(14475840K), 0.8691370 secs]
2018-05-14T11:58:17.494+0000: 279937.115: [GC 8584640K->1607092K(14426880K), 0.7109880 secs]
2018-05-14T11:58:38.546+0000: 279958.166: [GC 8548276K->1576696K(14462016K), 0.5020210 secs]
2018-05-14T11:59:01.746+0000: 279981.366: [GC 8496632K->1584422K(14368832K), 0.4950190 secs]
2018-05-14T11:59:27.847+0000: 280007.468: [GC 8504358K->1607999K(14464192K), 0.6040970 secs]
2018-05-14T11:59:47.942+0000: 280027.563: [GC 8516799K->1591633K(14348480K), 0.4468170 secs]
2018-05-14T12:00:09.049+0000: 280048.670: [GC 8500433K->1623320K(14462720K), 0.5298330 secs]
2018-05-14T12:00:32.602+0000: 280072.222: [GC 8526488K->1622965K(14460544K), 0.5085790 secs]
2018-05-14T12:00:49.952+0000: 280089.573: [GC 8526133K->1621181K(14463872K), 0.4754380 secs]
2018-05-14T12:01:10.443+0000: 280110.064: [GC 8528637K->1641284K(14463680K), 0.5503470 secs]
2018-05-14T12:01:31.325+0000: 280130.946: [GC 8548740K->1648849K(14471616K), 0.5444070 secs]
2018-05-14T12:01:58.590+0000: 280158.211: [GC 8567889K->1647162K(14467520K), 0.5074020 secs]
2018-05-14T12:02:22.223+0000: 280181.843: [GC 8566202K->1660514K(14477952K), 0.5050440 secs]
2018-05-14T12:02:45.662+0000: 280205.283: [GC 8592546K->1668998K(14474176K), 0.5494520 secs]
2018-05-14T12:03:06.500+0000: 280226.121: [GC 8601030K->1671475K(14484928K), 0.4920880 secs]
2018-05-14T12:03:26.621+0000: 280246.242: [GC 8618035K->1680447K(14481728K), 0.5281700 secs]
2018-05-14T12:03:46.837+0000: 280266.458: [GC 8627007K->1683597K(14491840K), 0.4833760 secs]
2018-05-14T12:04:10.425+0000: 280290.045: [GC 8644045K->1698510K(14488704K), 0.5243320 secs]
2018-05-14T12:04:31.998+0000: 280311.618: [GC 8658958K->1706880K(14500992K), 0.5353620 secs]
2018-05-14T12:04:53.358+0000: 280332.979: [GC 8684352K->1711747K(14496576K), 0.5686250 secs]
2018-05-14T12:05:11.723+0000: 280351.343: [GC 8689219K->1711691K(14507840K), 0.4729370 secs]
2018-05-14T12:05:32.574+0000: 280372.195: [GC 8704331K->1728488K(14504896K), 0.5544530 secs]
2018-05-14T12:05:54.062+0000: 280393.683: [GC 8721128K->1731932K(14516672K), 0.5331630 secs]
2018-05-14T12:06:15.385+0000: 280415.006: [GC 8741212K->1734531K(14512704K), 0.5485990 secs]
2018-05-14T12:06:34.697+0000: 280434.318: [GC 8743811K->1731448K(14520640K), 0.4547640 secs]
2018-05-14T12:06:56.530+0000: 280456.151: [GC 8751352K->1752230K(14519360K), 0.5168070 secs]
2018-05-14T12:07:21.511+0000: 280481.132: [GC 8772134K->1745989K(14526592K), 0.4479460 secs]
2018-05-14T12:07:45.235+0000: 280504.855: [GC 8777413K->1756986K(14524928K), 0.4882000 secs]
2018-05-14T12:08:09.536+0000: 280529.157: [GC 8788410K->1753810K(14529600K), 0.4466250 secs]
2018-05-14T12:08:34.673+0000: 280554.293: [GC 8792082K->1759341K(14528768K), 0.4456460 secs]
2018-05-14T12:08:58.743+0000: 280578.363: [GC 8797613K->1771607K(14533504K), 0.4745060 secs]
2018-05-14T12:09:21.213+0000: 280600.834: [GC 8815959K->1785566K(14530944K), 0.4698030 secs]
2018-05-14T12:09:44.587+0000: 280624.208: [GC 8829918K->1794956K(14539776K), 0.4903980 secs]
2018-05-14T12:10:08.287+0000: 280647.908: [GC 8851340K->1812948K(14536704K), 0.4820240 secs]
2018-05-14T12:10:30.150+0000: 280669.771: [GC 8869332K->1824339K(14542464K), 0.4849650 secs]
2018-05-14T12:10:52.860+0000: 280692.480: [GC 8886931K->1844315K(14540224K), 0.5667230 secs]
2018-05-14T12:11:15.601+0000: 280715.222: [GC 8906907K->1853467K(14544256K), 0.5111570 secs]
2018-05-14T12:11:37.825+0000: 280737.445: [GC 8919899K->1863729K(14542272K), 0.4746710 secs]
2018-05-14T12:12:00.729+0000: 280760.350: [GC 8930161K->1876156K(14546176K), 0.4662320 secs]
2018-05-14T12:12:27.100+0000: 280786.721: [GC 8947580K->1885935K(14545344K), 0.4761950 secs]
2018-05-14T12:12:47.122+0000: 280806.743: [GC 8957359K->1898235K(14547840K), 0.4701770 secs]
2018-05-14T12:13:09.705+0000: 280829.326: [GC 8972667K->1913101K(14546688K), 0.4926870 secs]
2018-05-14T12:13:31.700+0000: 280851.321: [GC 8987533K->1937630K(14543680K), 0.5381050 secs]
2018-05-14T12:13:54.487+0000: 280874.107: [GC 9011422K->1935601K(14546944K), 0.4770960 secs]
2018-05-14T12:14:17.364+0000: 280896.985: [GC 9009393K->1946177K(14550720K), 0.4791350 secs]
2018-05-14T12:14:40.555+0000: 280920.175: [GC 9025665K->1956232K(14548864K), 0.4621870 secs]
2018-05-14T12:15:03.318+0000: 280942.939: [GC 9035720K->1972185K(14553728K), 0.4482350 secs]
2018-05-14T12:15:24.645+0000: 280964.266: [GC 9058201K->1988852K(14552384K), 0.4895720 secs]
2018-05-14T12:15:43.205+0000: 280982.825: [GC 9074868K->2010276K(14545792K), 0.5306500 secs]
2018-05-14T12:16:05.990+0000: 281005.611: [GC 9089188K->2013604K(14549504K), 0.4843590 secs]
2018-05-14T12:16:27.894+0000: 281027.515: [GC 9092516K->2041247K(14548608K), 0.5753680 secs]
2018-05-14T12:16:51.318+0000: 281050.938: [GC 8933104K->2035883K(14519936K), 0.4528170 secs]
2018-05-14T12:16:51.771+0000: 281051.391: [Full GC 2035883K->1141200K(14519936K), 3.5315490 secs]
2018-05-14T12:17:13.847+0000: 281073.468: [GC 8221008K->1263473K(14545152K), 0.5152230 secs]
2018-05-14T12:17:37.603+0000: 281097.223: [GC 8338289K->1265539K(14547456K), 0.4675290 secs]
2018-05-14T12:17:55.751+0000: 281115.372: [GC 8340355K->1292628K(14545728K), 0.5519060 secs]
2018-05-14T12:18:17.503+0000: 281137.123: [GC 8366164K->1299586K(14546816K), 0.5598540 secs]
2018-05-14T12:18:38.939+0000: 281158.560: [GC 8373122K->1312799K(14545600K), 0.5515320 secs]
2018-05-14T12:19:00.071+0000: 281179.691: [GC 8385567K->1317446K(14546432K), 0.5481190 secs]
2018-05-14T12:19:24.288+0000: 281203.908: [GC 8390214K->1322268K(14549568K), 0.4845890 secs]
2018-05-14T12:19:58.728+0000: 281238.349: [GC 8400156K->1329669K(14548416K), 0.4351060 secs]
2018-05-14T12:20:29.154+0000: 281268.774: [GC 8407557K->1337636K(14550336K), 0.3944780 secs]
2018-05-14T12:21:01.029+0000: 281300.650: [GC 8418084K->1370042K(14542336K), 0.5788280 secs]
2018-05-14T12:21:23.381+0000: 281323.002: [GC 8450490K->1376803K(14548608K), 0.5448430 secs]
2018-05-14T12:21:55.573+0000: 281355.194: [GC 8453475K->1385506K(14548160K), 0.5134290 secs]
2018-05-14T12:22:16.994+0000: 281376.615: [GC 8462178K->1398125K(14551168K), 0.4999910 secs]
2018-05-14T12:22:47.207+0000: 281406.828: [GC 8478637K->1420938K(14543488K), 0.5550970 secs]
2018-05-14T12:23:08.224+0000: 281427.845: [GC 8501450K->1422407K(14550656K), 0.5242580 secs]
2018-05-14T12:23:39.590+0000: 281459.211: [GC 8501959K->1439003K(14548992K), 0.5409680 secs]
2018-05-14T12:24:03.717+0000: 281483.338: [GC 8518555K->1439438K(14549504K), 0.4776040 secs]
2018-05-14T12:24:25.424+0000: 281505.045: [GC 8518030K->1456152K(14549184K), 0.5228480 secs]
2018-05-14T12:24:53.428+0000: 281533.049: [GC 8534744K->1477451K(14544512K), 0.6088140 secs]
2018-05-14T12:25:13.971+0000: 281553.591: [GC 8552907K->1473482K(14547776K), 0.5143480 secs]
2018-05-14T12:25:42.355+0000: 281581.976: [GC 8548938K->1490726K(14548800K), 0.5611580 secs]
2018-05-14T12:26:01.631+0000: 281601.252: [GC 8568358K->1498879K(14548864K), 0.5416720 secs]
2018-05-14T12:26:25.039+0000: 281624.660: [GC 8576511K->1510916K(14549504K), 0.5595050 secs]
2018-05-14T12:26:49.206+0000: 281648.827: [GC 8589700K->1523647K(14541632K), 0.5482080 secs]
2018-05-14T12:27:09.206+0000: 281668.827: [GC 8602431K->1521444K(14549056K), 0.5020610 secs]
2018-05-14T12:27:28.962+0000: 281688.583: [GC 8598820K->1529060K(14548416K), 0.5028370 secs]
2018-05-14T12:27:49.461+0000: 281709.081: [GC 8606436K->1535936K(14548928K), 0.4993990 secs]
2018-05-14T12:28:12.627+0000: 281732.248: [GC 8613696K->1525087K(14503424K), 0.3722540 secs]
2018-05-14T12:28:32.624+0000: 281752.245: [GC 8602847K->1566347K(14545856K), 0.5447870 secs]
2018-05-14T12:28:51.631+0000: 281771.252: [GC 8637899K->1574567K(14545792K), 0.5143430 secs]
2018-05-14T12:29:11.239+0000: 281790.860: [GC 8646119K->1583508K(14548672K), 0.5045970 secs]
2018-05-14T12:29:31.035+0000: 281810.655: [GC 8658964K->1599855K(14546880K), 0.5612550 secs]
2018-05-14T12:29:50.220+0000: 281829.841: [GC 8675311K->1603054K(14550336K), 0.5136850 secs]
2018-05-14T12:30:11.096+0000: 281850.717: [GC 8682542K->1611988K(14549248K), 0.4430750 secs]
2018-05-14T12:30:34.085+0000: 281873.706: [GC 8691476K->1629943K(14551296K), 0.5190410 secs]
2018-05-14T12:30:54.059+0000: 281893.680: [GC 8712823K->1635937K(14551488K), 0.4888260 secs]
2018-05-14T12:31:13.970+0000: 281913.590: [GC 8718817K->1642145K(14554048K), 0.4979920 secs]
2018-05-14T12:31:34.083+0000: 281933.704: [GC 8729121K->1647488K(14553024K), 0.4831890 secs]
2018-05-14T12:31:56.215+0000: 281955.836: [GC 8734464K->1660057K(14555008K), 0.4930180 secs]
2018-05-14T12:32:17.431+0000: 281977.051: [GC 8749145K->1669930K(14554176K), 0.4965750 secs]
2018-05-14T12:32:37.068+0000: 281996.688: [GC 8759018K->1681922K(14556736K), 0.4948300 secs]
2018-05-14T12:32:59.059+0000: 282018.680: [GC 8774210K->1696311K(14555648K), 0.5206250 secs]
2018-05-14T12:33:19.713+0000: 282039.334: [GC 8788599K->1692499K(14555136K), 0.4343590 secs]
2018-05-14T12:33:44.393+0000: 282064.014: [GC 8784467K->1699591K(14526720K), 0.4215890 secs]
2018-05-14T12:34:04.773+0000: 282084.394: [GC 8791559K->1726472K(14555456K), 0.5122550 secs]
2018-05-14T12:34:23.530+0000: 282103.151: [GC 8816904K->1742357K(14547008K), 0.5318610 secs]
2018-05-14T12:34:43.614+0000: 282123.235: [GC 8832789K->1746624K(14555136K), 0.5004380 secs]
2018-05-14T12:35:04.420+0000: 282144.041: [GC 8835648K->1768705K(14551104K), 0.5220720 secs]
2018-05-14T12:35:25.356+0000: 282164.977: [GC 8857729K->1775170K(14548608K), 0.5205790 secs]
2018-05-14T12:35:46.003+0000: 282185.624: [GC 8855618K->1771892K(14550272K), 0.4989150 secs]
2018-05-14T12:36:07.241+0000: 282206.862: [GC 8852340K->1785954K(14553024K), 0.5562410 secs]
2018-05-14T12:36:29.016+0000: 282228.636: [GC 8870242K->1801147K(14551360K), 0.5048100 secs]
2018-05-14T12:36:49.016+0000: 282248.636: [GC 8885435K->1812915K(14553792K), 0.5305530 secs]
2018-05-14T12:37:16.154+0000: 282275.775: [GC 8899443K->1838319K(14552832K), 0.5568920 secs]
2018-05-14T12:37:36.987+0000: 282296.608: [GC 8924847K->1838752K(14539008K), 0.5246910 secs]
2018-05-14T12:37:56.703+0000: 282316.324: [GC 8910496K->1858600K(14545920K), 0.5214900 secs]
2018-05-14T12:38:16.194+0000: 282335.814: [GC 8930344K->1872436K(14549312K), 0.5100430 secs]
2018-05-14T12:38:36.229+0000: 282355.850: [GC 8949620K->1885633K(14547968K), 0.4897260 secs]
2018-05-14T12:38:56.560+0000: 282376.181: [GC 8962817K->1908107K(14549952K), 0.5478480 secs]
2018-05-14T12:39:16.249+0000: 282395.870: [GC 8988939K->1913772K(14550464K), 0.5050450 secs]
2018-05-14T12:39:37.429+0000: 282417.050: [GC 8994604K->1932436K(14552192K), 0.5326370 secs]
2018-05-14T12:39:58.356+0000: 282437.977: [GC 9015764K->1953161K(14545152K), 0.4821220 secs]
2018-05-14T12:40:19.181+0000: 282458.802: [GC 9036489K->1970702K(14545280K), 0.5172180 secs]
2018-05-14T12:40:37.931+0000: 282477.552: [GC 9046542K->1975784K(14547968K), 0.4999770 secs]
2018-05-14T12:40:58.812+0000: 282498.433: [GC 9051624K->1989872K(14549824K), 0.5267450 secs]
2018-05-14T12:41:20.141+0000: 282519.761: [GC 9069168K->1994718K(14549568K), 0.5195740 secs]
2018-05-14T12:42:28.130+0000: 282587.751: [GC 9074014K->2046565K(14516992K), 0.7464160 secs]
2018-05-14T12:43:42.685+0000: 282662.306: [GC 9094245K->2086707K(14533888K), 0.6626450 secs]
2018-05-14T12:45:07.387+0000: 282747.007: [GC 9134387K->2125675K(14466048K), 0.7216040 secs]
2018-05-14T12:45:29.376+0000: 282768.997: [GC 9105515K->2124553K(14499968K), 0.5944450 secs]
2018-05-14T12:45:53.005+0000: 282792.626: [GC 9104393K->2124202K(14506688K), 0.5812490 secs]
2018-05-14T12:46:15.787+0000: 282815.407: [GC 9114986K->2126723K(14504192K), 0.5582050 secs]
2018-05-14T12:46:38.022+0000: 282837.643: [GC 9117507K->2134233K(14510528K), 0.5673670 secs]
2018-05-14T12:46:59.032+0000: 282858.653: [GC 9133081K->2146143K(14508416K), 0.5533850 secs]
2018-05-14T12:47:22.322+0000: 282881.942: [GC 9144991K->2154807K(14516736K), 0.5705440 secs]
2018-05-14T12:47:45.570+0000: 282905.191: [GC 9165047K->2155974K(14513600K), 0.5406260 secs]
2018-05-14T12:48:09.328+0000: 282928.948: [GC 9166214K->2164636K(14520832K), 0.5349760 secs]
2018-05-14T12:48:34.020+0000: 282953.641: [GC 9183772K->2168481K(14518400K), 0.5356830 secs]
2018-05-14T12:48:57.335+0000: 282976.956: [GC 9187617K->2182347K(14525824K), 0.5493620 secs]
2018-05-14T12:49:51.245+0000: 283030.866: [GC 9210635K->2255981K(14522560K), 0.9236580 secs]
2018-05-14T12:50:51.497+0000: 283091.118: [GC 9284269K->2300905K(14440000K), 0.9273030 secs]
2018-05-14T12:51:51.917+0000: 283151.537: [GC 9243369K->2339991K(14469376K), 0.9341610 secs]
2018-05-14T12:52:57.519+0000: 283217.140: [GC 9282455K->2353067K(14448256K), 0.9324520 secs]
2018-05-14T12:54:04.260+0000: 283283.881: [GC 9250603K->2363144K(14423744K), 0.8510590 secs]
2018-05-14T12:55:12.974+0000: 283352.595: [GC 9260680K->2370574K(14441408K), 0.8123210 secs]
2018-05-14T12:56:17.548+0000: 283417.168: [GC 9243534K->2380905K(14396352K), 0.8703700 secs]
2018-05-14T12:57:24.875+0000: 283484.495: [GC 9253865K->2391337K(14439296K), 0.9151090 secs]
2018-05-14T12:58:21.508+0000: 283541.129: [GC 9254185K->2398085K(14384576K), 0.9335750 secs]
2018-05-14T12:59:16.054+0000: 283595.674: [GC 9260933K->2405678K(14441216K), 0.9261780 secs]
2018-05-14T13:00:07.206+0000: 283646.827: [GC 9268014K->2418338K(14388544K), 0.8449770 secs]
2018-05-14T13:01:08.506+0000: 283708.126: [GC 9280674K->2422172K(14442496K), 0.8461020 secs]
2018-05-14T13:01:38.165+0000: 283737.786: [GC 9285084K->2367256K(14440512K), 0.5733030 secs]
2018-05-14T13:02:36.617+0000: 283796.238: [GC 9230168K->2442083K(14440960K), 0.9193030 secs]
2018-05-14T13:03:49.684+0000: 283869.305: [GC 9304035K->2448442K(14441024K), 0.9024320 secs]
2018-05-14T13:04:43.409+0000: 283923.030: [GC 9310394K->2460071K(14443392K), 0.8351230 secs]
2018-05-14T13:05:13.484+0000: 283953.104: [GC 9326119K->2413358K(14442752K), 0.5713330 secs]
2018-05-14T13:06:08.485+0000: 284008.106: [GC 9279406K->2479238K(14440000K), 0.9422030 secs]
2018-05-14T13:07:20.140+0000: 284079.760: [GC 9342854K->2478870K(14441856K), 0.7956740 secs]
2018-05-14T13:08:13.513+0000: 284133.133: [GC 9342486K->2465063K(14449088K), 0.4379950 secs]
2018-05-14T13:08:58.984+0000: 284178.604: [GC 9337575K->2466156K(14443520K), 0.7690120 secs]
2018-05-14T13:10:00.561+0000: 284240.181: [GC 9338668K->2505858K(14451776K), 0.7832010 secs]
2018-05-14T13:10:35.834+0000: 284275.455: [GC 9390338K->2456619K(14350208K), 0.5508110 secs]
2018-05-14T13:11:37.152+0000: 284336.773: [GC 9341099K->2525475K(14447680K), 0.9295450 secs]
2018-05-14T13:12:44.534+0000: 284404.155: [GC 9404195K->2536254K(14406144K), 0.9548400 secs]
2018-05-14T13:13:16.184+0000: 284435.805: [GC 9414974K->2479408K(14444544K), 0.5636830 secs]
2018-05-14T13:14:13.756+0000: 284493.377: [GC 9351728K->2556473K(14397888K), 0.8863030 secs]
2018-05-14T13:15:03.330+0000: 284542.951: [GC 9428793K->2558096K(14446848K), 0.4850380 secs]
2018-05-14T13:15:37.529+0000: 284577.149: [GC 9429840K->2528353K(14444992K), 0.7006230 secs]
2018-05-14T13:16:55.311+0000: 284654.932: [GC 6953792K->2512107K(14446528K), 0.5685250 secs]
2018-05-14T13:16:55.880+0000: 284655.500: [Full GC 2512107K->1232348K(14446528K), 4.3445040 secs]
2018-05-14T13:18:12.515+0000: 284732.136: [GC 8107740K->1420368K(14403456K), 0.9359880 secs]
2018-05-14T13:18:43.044+0000: 284762.665: [GC 8295760K->1363381K(14445184K), 0.5993470 secs]
2018-05-14T13:19:34.006+0000: 284813.627: [GC 8232885K->1415401K(14444416K), 0.8196180 secs]
2018-05-14T13:19:56.738+0000: 284836.359: [GC 8284905K->1380965K(14451072K), 0.5008530 secs]
2018-05-14T13:20:20.324+0000: 284859.945: [GC 8261861K->1396305K(14449920K), 0.5782340 secs]
2018-05-14T13:20:42.013+0000: 284881.634: [GC 8277201K->1410106K(14457408K), 0.6408510 secs]
2018-05-14T13:21:03.911+0000: 284903.532: [GC 8301242K->1406397K(14453824K), 0.5765230 secs]
2018-05-14T13:21:26.883+0000: 284926.504: [GC 8297533K->1408326K(14461696K), 0.5364850 secs]
2018-05-14T13:21:49.281+0000: 284948.902: [GC 8309446K->1419671K(14459520K), 0.5741560 secs]
2018-05-14T13:22:11.349+0000: 284970.969: [GC 8320791K->1424315K(14467840K), 0.5708110 secs]
2018-05-14T13:22:39.355+0000: 284998.976: [GC 8336827K->1403791K(14464768K), 0.4101120 secs]
2018-05-14T13:23:06.049+0000: 285025.670: [GC 8316303K->1429971K(14470464K), 0.5287820 secs]
2018-05-14T13:23:29.140+0000: 285048.760: [GC 8346835K->1432261K(14466496K), 0.4893680 secs]
2018-05-14T13:23:52.331+0000: 285071.952: [GC 8349125K->1446872K(14478400K), 0.5337110 secs]
2018-05-14T13:24:15.347+0000: 285094.968: [GC 8378648K->1454669K(14473472K), 0.5382920 secs]
2018-05-14T13:24:40.356+0000: 285119.976: [GC 8386445K->1457560K(14487680K), 0.5440040 secs]
2018-05-14T13:25:02.761+0000: 285142.382: [GC 8408536K->1464595K(14483392K), 0.4878430 secs]
2018-05-14T13:25:24.865+0000: 285164.486: [GC 8415571K->1472626K(14496768K), 0.5025100 secs]
2018-05-14T13:25:48.396+0000: 285188.016: [GC 8441522K->1479912K(14492224K), 0.5692730 secs]
2018-05-14T13:26:12.899+0000: 285212.520: [GC 8448808K->1482896K(14505344K), 0.5397280 secs]
2018-05-14T13:26:33.290+0000: 285232.910: [GC 8469584K->1489979K(14501440K), 0.5450340 secs]
2018-05-14T13:26:55.337+0000: 285254.958: [GC 8476667K->1499123K(14514368K), 0.5397210 secs]
2018-05-14T13:27:19.022+0000: 285278.642: [GC 8502963K->1501552K(14509568K), 0.5326960 secs]
2018-05-14T13:27:42.346+0000: 285301.967: [GC 8505392K->1509483K(14521792K), 0.5363590 secs]
2018-05-14T13:28:04.348+0000: 285323.969: [GC 8529259K->1517114K(14518080K), 0.5497220 secs]
2018-05-14T13:28:26.828+0000: 285346.448: [GC 8536890K->1523692K(14529024K), 0.5445080 secs]
2018-05-14T13:28:48.523+0000: 285368.144: [GC 8558188K->1534550K(14525568K), 0.5823450 secs]
2018-05-14T13:29:11.848+0000: 285391.468: [GC 8569046K->1533197K(14533056K), 0.5329900 secs]
2018-05-14T13:29:34.247+0000: 285413.868: [GC 8576845K->1545606K(14530688K), 0.5560710 secs]
2018-05-14T13:29:55.870+0000: 285435.491: [GC 8589254K->1555414K(14535872K), 0.5354080 secs]
2018-05-14T13:30:17.108+0000: 285456.728: [GC 8606422K->1556536K(14535232K), 0.5241450 secs]
2018-05-14T13:30:40.948+0000: 285480.569: [GC 8607544K->1557440K(14539520K), 0.5003240 secs]
2018-05-14T13:31:02.835+0000: 285502.456: [GC 8615232K->1561210K(14538368K), 0.5390360 secs]
2018-05-14T13:31:23.120+0000: 285522.740: [GC 8619002K->1567642K(14541120K), 0.5357090 secs]
2018-05-14T13:31:44.519+0000: 285544.140: [GC 8629082K->1578132K(14540416K), 0.5398180 secs]
2018-05-14T13:32:07.248+0000: 285566.868: [GC 8639572K->1589476K(14543680K), 0.5552610 secs]
2018-05-14T13:32:33.653+0000: 285593.274: [GC 8655908K->1577666K(14507776K), 0.4872400 secs]
2018-05-14T13:33:01.735+0000: 285621.356: [GC 8644098K->1577875K(14540096K), 0.4371300 secs]
2018-05-14T13:33:27.579+0000: 285647.200: [GC 8640659K->1592194K(14541440K), 0.5128190 secs]
2018-05-14T13:33:51.420+0000: 285671.041: [GC 8654978K->1607501K(14544128K), 0.5237260 secs]
2018-05-14T13:34:15.731+0000: 285695.352: [GC 8673485K->1612251K(14541952K), 0.5229760 secs]
2018-05-14T13:34:41.385+0000: 285721.006: [GC 8678235K->1622441K(14547712K), 0.5683620 secs]
2018-05-14T13:35:06.650+0000: 285746.271: [GC 8695785K->1626007K(14545728K), 0.4839760 secs]
2018-05-14T13:35:29.166+0000: 285768.787: [GC 8699351K->1644175K(14547840K), 0.5860870 secs]
2018-05-14T13:35:52.868+0000: 285792.489: [GC 8721167K->1639143K(14548544K), 0.5110610 secs]
2018-05-14T13:36:15.590+0000: 285815.210: [GC 8716135K->1652722K(14549952K), 0.5533030 secs]
2018-05-14T13:36:39.962+0000: 285839.583: [GC 8732210K->1653617K(14549632K), 0.5233110 secs]
2018-05-14T13:37:01.242+0000: 285860.863: [GC 8733105K->1664530K(14552640K), 0.5422410 secs]
2018-05-14T13:37:23.004+0000: 285882.624: [GC 8748498K->1675022K(14551424K), 0.5826720 secs]
2018-05-14T13:37:43.398+0000: 285903.019: [GC 8758990K->1676851K(14554304K), 0.5319050 secs]
2018-05-14T13:38:04.454+0000: 285924.075: [GC 8763955K->1694499K(14552256K), 0.5858880 secs]
2018-05-14T13:38:25.146+0000: 285944.767: [GC 8781603K->1692032K(14552256K), 0.5382940 secs]
2018-05-14T13:38:47.228+0000: 285966.849: [GC 8776448K->1702660K(14544384K), 0.5841320 secs]
2018-05-14T13:39:08.307+0000: 285987.928: [GC 8787076K->1712293K(14547392K), 0.5803340 secs]
2018-05-14T13:39:30.145+0000: 286009.766: [GC 8791077K->1711806K(14549440K), 0.5775020 secs]
2018-05-14T13:39:50.438+0000: 286030.059: [GC 8790590K->1727312K(14545216K), 0.6319490 secs]
2018-05-14T13:40:11.775+0000: 286051.396: [GC 8802896K->1724676K(14547840K), 0.5040570 secs]
2018-05-14T13:40:33.169+0000: 286072.790: [GC 8800260K->1726937K(14549952K), 0.5384240 secs]
2018-05-14T13:40:54.935+0000: 286094.555: [GC 8806169K->1734885K(14549376K), 0.5245000 secs]
2018-05-14T13:41:16.740+0000: 286116.361: [GC 8814117K->1745924K(14551232K), 0.5442400 secs]
2018-05-14T13:41:38.281+0000: 286137.902: [GC 8827972K->1755539K(14550912K), 0.5595530 secs]
2018-05-14T13:42:00.787+0000: 286160.408: [GC 8837587K->1764008K(14549760K), 0.5676620 secs]
2018-05-14T13:42:21.266+0000: 286180.887: [GC 8844968K->1771422K(14543552K), 0.5424940 secs]
2018-05-14T13:42:45.762+0000: 286205.383: [GC 8852382K->1774146K(14550720K), 0.5536090 secs]
2018-05-14T13:43:08.346+0000: 286227.967: [GC 8854530K->1765824K(14522176K), 0.4795170 secs]
2018-05-14T13:43:31.923+0000: 286251.543: [GC 8846208K->1783476K(14550016K), 0.5543110 secs]
2018-05-14T13:43:54.856+0000: 286274.477: [GC 8862516K->1794130K(14549120K), 0.5808620 secs]
2018-05-14T13:44:15.565+0000: 286295.186: [GC 8873170K->1801394K(14551040K), 0.5719910 secs]
2018-05-14T13:44:37.709+0000: 286317.330: [GC 8883058K->1811231K(14543488K), 0.5685860 secs]
2018-05-14T13:45:01.847+0000: 286341.467: [GC 8892895K->1800919K(14548928K), 0.4571630 secs]
2018-05-14T13:45:28.905+0000: 286368.526: [GC 8880087K->1814562K(14549632K), 0.5552200 secs]
2018-05-14T13:45:51.779+0000: 286391.400: [GC 8893730K->1821758K(14551808K), 0.5463080 secs]
2018-05-14T13:46:17.596+0000: 286417.217: [GC 8904190K->1810468K(14518336K), 0.4434610 secs]
2018-05-14T13:49:09.668+0000: 286589.289: [GC 8892900K->1829724K(14550656K), 0.4858940 secs]
2018-05-14T13:49:32.989+0000: 286612.610: [GC 8910044K->1862577K(14546240K), 0.6222280 secs]
2018-05-14T13:49:57.359+0000: 286636.980: [GC 8942897K->1866206K(14546368K), 0.4981620 secs]
2018-05-14T13:50:22.219+0000: 286661.839: [GC 8939998K->1869465K(14546944K), 0.5454910 secs]
2018-05-14T13:50:47.876+0000: 286687.497: [GC 8943257K->1870113K(14549120K), 0.5036540 secs]
2018-05-14T13:51:11.449+0000: 286711.069: [GC 8946849K->1886724K(14547712K), 0.5802630 secs]
2018-05-14T13:51:35.131+0000: 286734.751: [GC 8963460K->1901441K(14540096K), 0.6330110 secs]
2018-05-14T13:51:57.638+0000: 286757.258: [GC 8969217K->1903349K(14532416K), 0.6067430 secs]
2018-05-14T13:52:18.058+0000: 286777.678: [GC 8971125K->1901770K(14544384K), 0.5680980 secs]
2018-05-14T13:52:42.901+0000: 286802.521: [GC 8969098K->1914227K(14543040K), 0.5633950 secs]
2018-05-14T13:53:05.814+0000: 286825.434: [GC 8981555K->1916854K(14545920K), 0.5132370 secs]
2018-05-14T13:53:29.180+0000: 286848.801: [GC 8987382K->1930902K(14544704K), 0.5804990 secs]
2018-05-14T13:53:53.744+0000: 286873.365: [GC 9001430K->1933007K(14547072K), 0.5570890 secs]
2018-05-14T13:54:17.722+0000: 286897.343: [GC 9005711K->1942376K(14545728K), 0.5236960 secs]
2018-05-14T13:54:41.029+0000: 286920.649: [GC 9015080K->1951378K(14544640K), 0.6140800 secs]
2018-05-14T13:55:04.049+0000: 286943.669: [GC 9022738K->1958113K(14537728K), 0.5626350 secs]
2018-05-14T13:55:28.086+0000: 286967.707: [GC 9029473K->1956223K(14545984K), 0.5489560 secs]
2018-05-14T13:55:51.137+0000: 286990.757: [GC 9026815K->1966204K(14544704K), 0.6029880 secs]
2018-05-14T13:56:14.934+0000: 287014.554: [GC 9036796K->1963945K(14546624K), 0.5752490 secs]
2018-05-14T13:56:38.561+0000: 287038.182: [GC 9036649K->1970885K(14546176K), 0.5510730 secs]
2018-05-14T13:57:02.447+0000: 287062.067: [GC 9043589K->1979951K(14548352K), 0.5401970 secs]
2018-05-14T13:57:26.370+0000: 287085.991: [GC 9055407K->1987089K(14547200K), 0.5317080 secs]
2018-05-14T13:57:50.175+0000: 287109.796: [GC 9062545K->1993177K(14550208K), 0.5541450 secs]
2018-05-14T13:58:14.363+0000: 287133.984: [GC 9072601K->1996476K(14549312K), 0.5031950 secs]
2018-05-14T13:58:39.868+0000: 287159.488: [GC 9075900K->2002672K(14551360K), 0.5368120 secs]
2018-05-14T13:59:02.262+0000: 287181.882: [GC 9084720K->2015633K(14550784K), 0.5473860 secs]
2018-05-14T13:59:25.050+0000: 287204.671: [GC 9097681K->2023643K(14551232K), 0.5831510 secs]
2018-05-14T13:59:48.109+0000: 287227.730: [GC 9106267K->2028141K(14551360K), 0.5719260 secs]
2018-05-14T14:00:10.799+0000: 287250.420: [GC 9110765K->2034873K(14552192K), 0.5175540 secs]
2018-05-14T14:00:34.014+0000: 287273.635: [GC 9118521K->2031314K(14533440K), 0.4928250 secs]
2018-05-14T14:01:00.690+0000: 287300.311: [GC 9114962K->2026271K(14547264K), 0.4758790 secs]
2018-05-14T14:01:24.056+0000: 287323.676: [GC 9104927K->2048769K(14549376K), 0.5762410 secs]
2018-05-14T14:01:45.659+0000: 287345.279: [GC 9127425K->2047152K(14550336K), 0.5116010 secs]
2018-05-14T14:02:07.931+0000: 287367.552: [GC 9128112K->2055527K(14550528K), 0.5156190 secs]
2018-05-14T14:02:31.067+0000: 287390.688: [GC 9136487K->2064183K(14552192K), 0.5216980 secs]
2018-05-14T14:02:53.863+0000: 287413.484: [GC 9147383K->2072604K(14551104K), 0.5632370 secs]
2018-05-14T14:03:18.535+0000: 287438.156: [GC 9155804K->2073502K(14553472K), 0.5139590 secs]
2018-05-14T14:03:41.181+0000: 287460.801: [GC 9160030K->2072878K(14528896K), 0.4869170 secs]
2018-05-14T14:04:05.182+0000: 287484.803: [GC 9159406K->2085167K(14553536K), 0.5156780 secs]
2018-05-14T14:04:26.847+0000: 287506.467: [GC 9171247K->2091164K(14552640K), 0.5356580 secs]
2018-05-14T14:04:49.902+0000: 287529.523: [GC 9177244K->2096677K(14555456K), 0.5472930 secs]
2018-05-14T14:05:13.799+0000: 287553.419: [GC 9186533K->2109434K(14554496K), 0.5648680 secs]
2018-05-14T14:05:38.623+0000: 287578.244: [GC 9199290K->2107717K(14555840K), 0.4699430 secs]
2018-05-14T14:06:03.684+0000: 287603.305: [GC 9198469K->2113533K(14555008K), 0.5087180 secs]
2018-05-14T14:06:30.109+0000: 287629.729: [GC 9204285K->2118987K(14556416K), 0.4949320 secs]
2018-05-14T14:06:56.190+0000: 287655.810: [GC 9211339K->2122225K(14556032K), 0.4669410 secs]
2018-05-14T14:07:26.524+0000: 287686.145: [GC 9214577K->2138625K(14556800K), 0.5298110 secs]
2018-05-14T14:07:53.131+0000: 287712.751: [GC 9231745K->2137068K(14556416K), 0.4764500 secs]
2018-05-14T14:08:21.097+0000: 287740.718: [GC 9230188K->2139561K(14555968K), 0.4342390 secs]
2018-05-14T14:08:46.495+0000: 287766.116: [GC 9232425K->2164262K(14551680K), 0.5659340 secs]
2018-05-14T14:09:09.412+0000: 287789.033: [GC 9257126K->2182302K(14537920K), 0.5624020 secs]
2018-05-14T14:09:33.301+0000: 287812.922: [GC 9254558K->2197358K(14540736K), 0.5635390 secs]
2018-05-14T14:09:58.679+0000: 287838.299: [GC 9269614K->2196282K(14544704K), 0.4850630 secs]
2018-05-14T14:10:24.734+0000: 287864.355: [GC 9263482K->2214917K(14542592K), 0.5383040 secs]
2018-05-14T14:10:50.314+0000: 287889.934: [GC 9282117K->2229910K(14539840K), 0.5686310 secs]
2018-05-14T14:11:13.786+0000: 287913.406: [GC 9293078K->2245220K(14531456K), 0.5504750 secs]
2018-05-14T14:11:37.514+0000: 287937.135: [GC 9308388K->2263538K(14533504K), 0.5937840 secs]
2018-05-14T14:12:02.915+0000: 287962.536: [GC 9316466K->2279747K(14523776K), 0.6083850 secs]
2018-05-14T14:12:28.110+0000: 287987.731: [GC 9332675K->2273288K(14535296K), 0.4796810 secs]
2018-05-14T14:12:52.432+0000: 288012.053: [GC 9323144K->2307693K(14518720K), 0.5789780 secs]
2018-05-14T14:13:15.261+0000: 288034.881: [GC 9357549K->2331073K(14527488K), 0.5952840 secs]
2018-05-14T14:13:38.016+0000: 288057.636: [GC 9372737K->2346929K(14519232K), 0.6405770 secs]
2018-05-14T14:14:01.812+0000: 288081.432: [GC 9388593K->2348644K(14530688K), 0.5839110 secs]
2018-05-14T14:14:22.823+0000: 288102.444: [GC 9387044K->2358746K(14527808K), 0.5750810 secs]
2018-05-14T14:14:44.576+0000: 288124.197: [GC 9397146K->2378282K(14533568K), 0.5952450 secs]
2018-05-14T14:15:11.161+0000: 288150.782: [GC 9424746K->2398459K(14524032K), 0.6262090 secs]
2018-05-14T14:15:33.007+0000: 288172.627: [GC 9444923K->2375908K(14528256K), 0.4967110 secs]
2018-05-14T14:15:51.974+0000: 288191.594: [GC 9414756K->2388654K(14529472K), 0.5133670 secs]
2018-05-14T14:16:12.082+0000: 288211.703: [GC 9427502K->2401341K(14531904K), 0.5425320 secs]
2018-05-14T14:16:30.964+0000: 288230.584: [GC 9443069K->2405756K(14529920K), 0.5552910 secs]
2018-05-14T14:16:41.174+0000: 288240.795: [GC 9447484K->2388394K(14528000K), 0.2622820 secs]
2018-05-14T14:16:51.092+0000: 288250.712: [GC 9429674K->2383471K(14455232K), 0.3292570 secs]
2018-05-14T14:17:00.233+0000: 288259.854: [GC 5479294K->2375680K(14515648K), 0.2366230 secs]
2018-05-14T14:17:00.470+0000: 288260.090: [Full GC 2375680K->1252103K(14515648K), 4.0582470 secs]
2018-05-14T14:17:23.991+0000: 288283.612: [GC 8274183K->1360698K(14521088K), 0.4753100 secs]
2018-05-14T14:17:45.575+0000: 288305.196: [GC 8382778K->1369609K(14529856K), 0.5115040 secs]
2018-05-14T14:18:06.435+0000: 288326.056: [GC 8405129K->1373596K(14525760K), 0.4875330 secs]
2018-05-14T14:18:28.910+0000: 288348.530: [GC 8409116K->1385973K(14537088K), 0.4807450 secs]
2018-05-14T14:18:49.759+0000: 288369.379: [GC 8436405K->1386780K(14533440K), 0.4548510 secs]
2018-05-14T14:19:08.004+0000: 288387.625: [GC 8437212K->1403759K(14541376K), 0.5408500 secs]
2018-05-14T14:19:30.892+0000: 288410.513: [GC 8464559K->1408321K(14539520K), 0.5058700 secs]
2018-05-14T14:19:50.925+0000: 288430.546: [GC 8469121K->1421411K(14543552K), 0.5564150 secs]
2018-05-14T14:20:11.042+0000: 288450.663: [GC 8488419K->1410412K(14543552K), 0.4219370 secs]
2018-05-14T14:20:33.067+0000: 288472.688: [GC 8477420K->1426257K(14546880K), 0.4696450 secs]
2018-05-14T14:20:52.178+0000: 288491.799: [GC 8497809K->1436627K(14544768K), 0.5420240 secs]
2018-05-14T14:21:13.564+0000: 288513.185: [GC 8508179K->1420073K(14546752K), 0.4195610 secs]
2018-05-14T14:21:34.193+0000: 288533.814: [GC 8493737K->1439529K(14546880K), 0.4745940 secs]
2018-05-14T14:21:55.909+0000: 288555.530: [GC 8513193K->1440868K(14550848K), 0.4677800 secs]
2018-05-14T14:22:16.824+0000: 288576.445: [GC 8521124K->1457809K(14549504K), 0.5090300 secs]
2018-05-14T14:22:36.135+0000: 288595.756: [GC 8538065K->1458297K(14553344K), 0.4966620 secs]
2018-05-14T14:22:57.719+0000: 288617.340: [GC 8543033K->1463384K(14551488K), 0.4735280 secs]
2018-05-14T14:23:18.627+0000: 288638.248: [GC 8548120K->1473718K(14556672K), 0.4923710 secs]
2018-05-14T14:23:37.259+0000: 288656.880: [GC 8564982K->1478933K(14554688K), 0.4888450 secs]
2018-05-14T14:23:58.256+0000: 288677.876: [GC 8570197K->1490355K(14558400K), 0.5031680 secs]
2018-05-14T14:24:18.375+0000: 288697.996: [GC 8586867K->1496100K(14558208K), 0.5214100 secs]
2018-05-14T14:24:37.876+0000: 288717.497: [GC 8592612K->1503046K(14559808K), 0.5053050 secs]
2018-05-14T14:24:59.254+0000: 288738.875: [GC 8601862K->1506041K(14559104K), 0.4608310 secs]
2018-05-14T14:25:18.557+0000: 288758.177: [GC 8604857K->1510736K(14562112K), 0.4843170 secs]
2018-05-14T14:25:39.983+0000: 288779.604: [GC 8613968K->1519150K(14561216K), 0.5274110 secs]
2018-05-14T14:26:00.853+0000: 288800.474: [GC 8622382K->1528226K(14562624K), 0.5185640 secs]
2018-05-14T14:26:19.991+0000: 288819.611: [GC 8633890K->1529259K(14562880K), 0.4763830 secs]
2018-05-14T14:26:41.778+0000: 288841.399: [GC 8634923K->1541628K(14564288K), 0.5187280 secs]
2018-05-14T14:27:02.615+0000: 288862.236: [GC 8649276K->1540330K(14563456K), 0.4748820 secs]
2018-05-14T14:27:24.500+0000: 288884.120: [GC 8647978K->1550021K(14564928K), 0.4523600 secs]
2018-05-14T14:27:44.852+0000: 288904.473: [GC 8658949K->1550740K(14564096K), 0.4385100 secs]
2018-05-14T14:28:07.724+0000: 288927.345: [GC 8659668K->1568175K(14563840K), 0.5108410 secs]
2018-05-14T14:28:26.850+0000: 288946.471: [GC 8676271K->1571795K(14564096K), 0.4802750 secs]
2018-05-14T14:28:47.129+0000: 288966.750: [GC 8679891K->1573344K(14565504K), 0.4694990 secs]
2018-05-14T14:29:08.330+0000: 288987.950: [GC 8683872K->1580663K(14565120K), 0.4745020 secs]
2018-05-14T14:29:28.186+0000: 289007.807: [GC 8691191K->1600774K(14554496K), 0.5449380 secs]
2018-05-14T14:29:49.186+0000: 289028.807: [GC 8701446K->1593842K(14560384K), 0.4629030 secs]
2018-05-14T14:30:08.605+0000: 289048.225: [GC 8694514K->1610768K(14560000K), 0.4731560 secs]
2018-05-14T14:30:29.737+0000: 289069.358: [GC 8711696K->1618122K(14552384K), 0.4696660 secs]
2018-05-14T14:30:49.622+0000: 289089.242: [GC 8719050K->1612437K(14559808K), 0.4299650 secs]
2018-05-14T14:31:11.930+0000: 289111.550: [GC 8711893K->1631257K(14559744K), 0.4859350 secs]
2018-05-14T14:31:32.501+0000: 289132.121: [GC 8730713K->1642042K(14558976K), 0.5356020 secs]
2018-05-14T14:31:53.272+0000: 289152.893: [GC 8740922K->1635377K(14559488K), 0.4448950 secs]
2018-05-14T14:32:13.934+0000: 289173.555: [GC 8734257K->1654074K(14559104K), 0.5064110 secs]
2018-05-14T14:32:35.516+0000: 289195.137: [GC 8752698K->1649604K(14559360K), 0.4647250 secs]
2018-05-14T14:32:55.522+0000: 289215.143: [GC 8748228K->1657832K(14560448K), 0.4683130 secs]
2018-05-14T14:33:15.698+0000: 289235.318: [GC 8757864K->1668039K(14559680K), 0.5188480 secs]
2018-05-14T14:33:37.558+0000: 289257.179: [GC 8768071K->1669914K(14562176K), 0.4712100 secs]
2018-05-14T14:33:57.573+0000: 289277.193: [GC 8773018K->1683538K(14561024K), 0.5078880 secs]
2018-05-14T14:34:16.573+0000: 289296.194: [GC 8786642K->1680032K(14561600K), 0.4640110 secs]
2018-05-14T14:34:33.855+0000: 289313.476: [GC 8782752K->1697842K(14554752K), 0.5175140 secs]
2018-05-14T14:34:55.136+0000: 289334.757: [GC 8800562K->1686965K(14559616K), 0.4082060 secs]
2018-05-14T14:35:16.382+0000: 289356.003: [GC 8786869K->1700016K(14560000K), 0.4286430 secs]
2018-05-14T14:35:39.428+0000: 289379.048: [GC 8799920K->1704776K(14562368K), 0.4934550 secs]
2018-05-14T14:35:58.641+0000: 289398.262: [GC 8808264K->1706965K(14561216K), 0.4769000 secs]
2018-05-14T14:36:20.173+0000: 289419.794: [GC 8810453K->1717704K(14563840K), 0.4702990 secs]
2018-05-14T14:36:41.803+0000: 289441.423: [GC 8824200K->1724544K(14562752K), 0.4996180 secs]
2018-05-14T14:37:02.211+0000: 289461.831: [GC 8831040K->1727539K(14565504K), 0.4616680 secs]
2018-05-14T14:37:21.526+0000: 289481.146: [GC 8837875K->1739412K(14564928K), 0.4744280 secs]
2018-05-14T14:37:43.031+0000: 289502.651: [GC 8849748K->1747406K(14566656K), 0.4582830 secs]
2018-05-14T14:38:02.490+0000: 289522.111: [GC 8860238K->1749724K(14566272K), 0.4462230 secs]
2018-05-14T14:38:23.552+0000: 289543.172: [GC 8862556K->1763787K(14564480K), 0.4677950 secs]
2018-05-14T14:38:44.216+0000: 289563.836: [GC 8875339K->1774730K(14563264K), 0.5281280 secs]
2018-05-14T14:39:03.235+0000: 289582.856: [GC 8886282K->1774519K(14564864K), 0.4954090 secs]
2018-05-14T14:39:23.786+0000: 289603.407: [GC 8883319K->1783483K(14564032K), 0.5155580 secs]
2018-05-14T14:39:44.354+0000: 289623.975: [GC 8892283K->1785585K(14565440K), 0.4909620 secs]
2018-05-14T14:40:06.097+0000: 289645.717: [GC 8895473K->1787498K(14564544K), 0.4305470 secs]
2018-05-14T14:40:28.245+0000: 289667.865: [GC 8897386K->1794479K(14566208K), 0.4590590 secs]
2018-05-14T14:40:49.227+0000: 289688.848: [GC 8906351K->1810171K(14561408K), 0.5174330 secs]
2018-05-14T14:41:09.625+0000: 289709.245: [GC 8922043K->1810648K(14566016K), 0.4832160 secs]
2018-05-14T14:41:29.283+0000: 289728.904: [GC 8921816K->1821135K(14565248K), 0.4970320 secs]
2018-05-14T14:41:48.225+0000: 289747.846: [GC 8932303K->1819326K(14565504K), 0.4633350 secs]
2018-05-14T14:42:08.584+0000: 289768.205: [GC 8930622K->1836964K(14562560K), 0.4953880 secs]
2018-05-14T14:42:29.764+0000: 289789.385: [GC 8948260K->1839168K(14565120K), 0.5027950 secs]
2018-05-14T14:42:49.421+0000: 289809.042: [GC 8948352K->1842427K(14564160K), 0.4678650 secs]
2018-05-14T14:43:10.119+0000: 289829.740: [GC 8951611K->1852481K(14565568K), 0.5030780 secs]
2018-05-14T14:43:33.655+0000: 289853.276: [GC 8963457K->1857561K(14565504K), 0.4795750 secs]
2018-05-14T14:43:54.221+0000: 289873.841: [GC 8968537K->1864474K(14566528K), 0.4992700 secs]
2018-05-14T14:44:14.338+0000: 289893.959: [GC 8976666K->1885223K(14565760K), 0.5386130 secs]
2018-05-14T14:44:37.210+0000: 289916.830: [GC 8997415K->1881020K(14554752K), 0.4872010 secs]
2018-05-14T14:44:57.643+0000: 289937.264: [GC 8981436K->1880673K(14532864K), 0.3884030 secs]
2018-05-14T14:45:19.424+0000: 289959.045: [GC 8981089K->1898044K(14560448K), 0.4210220 secs]
2018-05-14T14:45:42.614+0000: 289982.235: [GC 8997564K->1901072K(14559168K), 0.4677470 secs]
2018-05-14T14:46:03.413+0000: 290003.034: [GC 9000592K->1907995K(14562368K), 0.5060800 secs]
2018-05-14T14:46:22.704+0000: 290022.325: [GC 9011611K->1915853K(14561344K), 0.4650140 secs]
2018-05-14T14:46:45.051+0000: 290044.672: [GC 9019469K->1918617K(14564160K), 0.4368650 secs]
2018-05-14T14:47:07.126+0000: 290066.746: [GC 9026073K->1934078K(14559104K), 0.5342500 secs]
2018-05-14T14:47:27.339+0000: 290086.959: [GC 9041534K->1933409K(14563392K), 0.4683080 secs]
2018-05-14T14:47:48.347+0000: 290107.968: [GC 9039329K->1943306K(14562624K), 0.4910940 secs]
2018-05-14T14:48:09.645+0000: 290129.266: [GC 9049226K->1950193K(14565184K), 0.4981870 secs]
2018-05-14T14:48:29.849+0000: 290149.470: [GC 9059825K->1953805K(14564544K), 0.4683180 secs]
2018-05-14T14:48:51.458+0000: 290171.078: [GC 9063437K->1964234K(14566080K), 0.4877860 secs]
2018-05-14T14:49:12.133+0000: 290191.753: [GC 9075722K->1976437K(14563072K), 0.5507110 secs]
2018-05-14T14:49:31.101+0000: 290210.722: [GC 9087925K->1973868K(14565056K), 0.4638750 secs]
2018-05-14T14:49:53.096+0000: 290232.717: [GC 9083308K->1981003K(14564480K), 0.5075820 secs]
2018-05-14T14:50:13.370+0000: 290252.991: [GC 9090443K->1997232K(14561088K), 0.5173020 secs]
2018-05-14T14:50:35.838+0000: 290275.459: [GC 9103920K->1986049K(14543360K), 0.3980560 secs]
2018-05-14T14:50:55.076+0000: 290294.697: [GC 9092737K->2002156K(14563328K), 0.5086570 secs]
2018-05-14T14:51:17.234+0000: 290316.854: [GC 9108332K->2005608K(14562944K), 0.4794140 secs]
2018-05-14T14:51:38.058+0000: 290337.679: [GC 9111784K->2016080K(14563584K), 0.5179760 secs]
2018-05-14T14:51:57.967+0000: 290357.588: [GC 9123920K->2027225K(14562112K), 0.5305300 secs]
2018-05-14T14:52:18.460+0000: 290378.080: [GC 9135065K->2021093K(14562176K), 0.4704170 secs]
2018-05-14T14:52:41.320+0000: 290400.941: [GC 9125285K->2024418K(14562112K), 0.4828040 secs]
2018-05-14T14:53:01.840+0000: 290421.461: [GC 9128610K->2025691K(14561216K), 0.4351470 secs]
2018-05-14T14:53:24.863+0000: 290444.484: [GC 9129051K->2035688K(14561728K), 0.4775800 secs]
2018-05-14T14:53:48.513+0000: 290468.134: [GC 9139048K->2047649K(14562752K), 0.5032120 secs]
2018-05-14T14:54:08.593+0000: 290488.213: [GC 9152673K->2049137K(14562368K), 0.4945940 secs]
2018-05-14T14:54:30.329+0000: 290509.950: [GC 9154161K->2044692K(14562624K), 0.4305150 secs]
2018-05-14T14:54:52.585+0000: 290532.206: [GC 9151124K->2056760K(14563264K), 0.4663570 secs]
2018-05-14T14:55:13.059+0000: 290552.680: [GC 9163192K->2071838K(14560640K), 0.5153220 secs]
2018-05-14T14:55:33.506+0000: 290573.127: [GC 9176734K->2073508K(14552320K), 0.5465260 secs]
2018-05-14T14:55:53.324+0000: 290592.945: [GC 9178404K->2076617K(14563072K), 0.5068170 secs]
2018-05-14T14:56:14.665+0000: 290614.285: [GC 9181961K->2085702K(14562368K), 0.5095320 secs]
2018-05-14T14:56:33.773+0000: 290633.394: [GC 9191046K->2087188K(14563840K), 0.4905180 secs]
2018-05-14T14:56:55.539+0000: 290655.160: [GC 9193748K->2094500K(14562816K), 0.5229830 secs]
2018-05-14T14:57:17.965+0000: 290677.586: [GC 9201060K->2094785K(14564800K), 0.5164260 secs]
2018-05-14T14:57:40.296+0000: 290699.916: [GC 9203713K->2097480K(14564224K), 0.4567140 secs]
2018-05-14T14:58:00.054+0000: 290719.675: [GC 9206408K->2105579K(14565440K), 0.5058040 secs]
2018-05-14T14:58:21.877+0000: 290741.498: [GC 9215787K->2109838K(14564864K), 0.4836210 secs]
2018-05-14T14:58:43.125+0000: 290762.746: [GC 9220046K->2120463K(14565504K), 0.4977790 secs]
2018-05-14T14:59:05.351+0000: 290784.972: [GC 9232015K->2119325K(14565824K), 0.4761300 secs]
2018-05-14T14:59:26.155+0000: 290805.776: [GC 9230877K->2117652K(14564800K), 0.4387630 secs]
2018-05-14T14:59:47.770+0000: 290827.390: [GC 9228692K->2136224K(14557568K), 0.4993340 secs]
2018-05-14T15:00:08.248+0000: 290847.868: [GC 9247264K->2143841K(14562432K), 0.4720970 secs]
2018-05-14T15:00:28.496+0000: 290868.117: [GC 9251297K->2150327K(14557120K), 0.4854430 secs]
2018-05-14T15:00:48.006+0000: 290887.627: [GC 9257783K->2153634K(14562560K), 0.4966130 secs]
2018-05-14T15:01:07.206+0000: 290906.827: [GC 9258786K->2158924K(14562624K), 0.5205040 secs]
2018-05-14T15:01:26.899+0000: 290926.520: [GC 9264076K->2160285K(14564160K), 0.4904390 secs]
2018-05-14T15:01:47.942+0000: 290947.562: [GC 9267741K->2166968K(14563392K), 0.4649130 secs]
2018-05-14T15:02:09.084+0000: 290968.705: [GC 9274424K->2175890K(14565632K), 0.5386300 secs]
2018-05-14T15:02:28.327+0000: 290987.947: [GC 9286674K->2175840K(14565248K), 0.4842080 secs]
2018-05-14T15:02:53.275+0000: 291012.895: [GC 9286624K->2184576K(14566912K), 0.4812660 secs]
2018-05-14T15:03:12.533+0000: 291032.154: [GC 9297344K->2203226K(14565952K), 0.5902420 secs]
2018-05-14T15:03:53.219+0000: 291072.840: [GC 9315994K->2236705K(14528448K), 0.6917640 secs]
2018-05-14T15:04:55.582+0000: 291135.203: [GC 9311009K->2326730K(14547200K), 0.9403210 secs]
2018-05-14T15:05:33.980+0000: 291173.601: [GC 9401034K->2333876K(14483456K), 0.5594700 secs]
2018-05-14T15:06:39.060+0000: 291238.680: [GC 9344436K->2403310K(14515328K), 0.9397820 secs]
2018-05-14T15:06:59.935+0000: 291259.556: [GC 9413870K->2344352K(14467328K), 0.4549890 secs]
2018-05-14T15:07:20.880+0000: 291280.501: [GC 9306912K->2361270K(14491328K), 0.5148630 secs]
2018-05-14T15:07:40.801+0000: 291300.422: [GC 9323830K->2360194K(14497152K), 0.5162150 secs]
2018-05-14T15:08:00.140+0000: 291319.760: [GC 9332034K->2363152K(14494784K), 0.4373490 secs]
2018-05-14T15:08:20.114+0000: 291339.735: [GC 9334992K->2381045K(14504576K), 0.5383270 secs]
2018-05-14T15:08:38.867+0000: 291358.488: [GC 9365237K->2383646K(14499712K), 0.5001730 secs]
2018-05-14T15:09:01.893+0000: 291381.513: [GC 9367838K->2393238K(14512896K), 0.5204700 secs]
2018-05-14T15:09:22.183+0000: 291401.804: [GC 9394454K->2401048K(14508416K), 0.5391130 secs]
2018-05-14T15:09:46.681+0000: 291426.302: [GC 9402264K->2379196K(14514752K), 0.3835300 secs]
2018-05-14T15:10:11.848+0000: 291451.469: [GC 9391036K->2380986K(14429120K), 0.3237770 secs]
2018-05-14T15:10:34.370+0000: 291473.991: [GC 9392826K->2396064K(14517056K), 0.3752150 secs]
2018-05-14T15:10:57.595+0000: 291497.216: [GC 9408288K->2400670K(14515264K), 0.3951510 secs]
2018-05-14T15:11:21.121+0000: 291520.742: [GC 9412894K->2414648K(14522304K), 0.4120740 secs]
2018-05-14T15:11:46.516+0000: 291546.137: [GC 9435448K->2413985K(14518592K), 0.3866220 secs]
2018-05-14T15:12:11.523+0000: 291571.144: [GC 9434785K->2421649K(14526912K), 0.3871950 secs]
2018-05-14T15:12:33.353+0000: 291592.974: [GC 9452625K->2443538K(14524160K), 0.4717650 secs]
2018-05-14T15:12:55.767+0000: 291615.387: [GC 9474514K->2451854K(14535424K), 0.5058470 secs]
2018-05-14T15:13:19.367+0000: 291638.987: [GC 9499022K->2455603K(14531840K), 0.4783550 secs]
2018-05-14T15:13:38.296+0000: 291657.916: [GC 9502771K->2466215K(14543040K), 0.4794910 secs]
2018-05-14T15:13:58.993+0000: 291678.613: [GC 9529063K->2478520K(14539904K), 0.5116700 secs]
2018-05-14T15:14:20.337+0000: 291699.957: [GC 9541368K->2480332K(14544832K), 0.5108030 secs]
2018-05-14T15:14:42.003+0000: 291721.624: [GC 9548172K->2473053K(14543104K), 0.4312460 secs]
2018-05-14T15:15:02.906+0000: 291742.527: [GC 9540893K->2488483K(14549632K), 0.4217790 secs]
2018-05-14T15:15:24.685+0000: 291764.306: [GC 9564771K->2495451K(14546752K), 0.4463900 secs]
2018-05-14T15:15:44.014+0000: 291783.635: [GC 9571739K->2500788K(14553024K), 0.4895520 secs]
2018-05-14T15:16:06.672+0000: 291806.293: [GC 9585396K->2509317K(14551680K), 0.5141250 secs]
2018-05-14T15:16:27.061+0000: 291826.681: [GC 9593925K->2507378K(14554880K), 0.4787050 secs]
2018-05-14T15:16:45.189+0000: 291844.810: [GC 9594994K->2517274K(14552832K), 0.4620290 secs]
2018-05-14T15:17:04.537+0000: 291864.158: [GC 8708482K->2510067K(14556736K), 0.4020110 secs]
2018-05-14T15:17:04.939+0000: 291864.560: [Full GC 2510067K->1239636K(14556736K), 4.4564650 secs]
2018-05-14T15:17:27.318+0000: 291886.939: [GC 8332692K->1344245K(14556416K), 0.4604440 secs]
2018-05-14T15:17:50.787+0000: 291910.408: [GC 8437301K->1360237K(14556800K), 0.5158890 secs]
2018-05-14T15:18:08.839+0000: 291928.460: [GC 8454381K->1367032K(14557120K), 0.4992510 secs]
2018-05-14T15:18:29.629+0000: 291949.249: [GC 8461176K->1371206K(14557952K), 0.5217230 secs]
2018-05-14T15:18:50.586+0000: 291970.207: [GC 8466246K->1365532K(14557184K), 0.4719160 secs]
2018-05-14T15:19:10.757+0000: 291990.378: [GC 8460572K->1375682K(14560512K), 0.4565560 secs]
2018-05-14T15:19:33.405+0000: 292013.026: [GC 8474818K->1394000K(14551808K), 0.5505970 secs]
2018-05-14T15:19:52.996+0000: 292032.616: [GC 8493136K->1388874K(14559936K), 0.4740330 secs]
2018-05-14T15:20:13.719+0000: 292053.339: [GC 8486986K->1394471K(14558272K), 0.4261740 secs]
2018-05-14T15:20:33.688+0000: 292073.309: [GC 8492583K->1407034K(14559232K), 0.4410700 secs]
2018-05-14T15:20:53.318+0000: 292092.938: [GC 8507834K->1409896K(14560448K), 0.5018680 secs]
2018-05-14T15:21:13.493+0000: 292113.114: [GC 8510696K->1415320K(14561984K), 0.4861780 secs]
2018-05-14T15:21:35.496+0000: 292135.117: [GC 8518219K->1424625K(14561024K), 0.5138850 secs]
2018-05-14T15:21:53.887+0000: 292153.507: [GC 8527537K->1422158K(14561664K), 0.4733190 secs]
2018-05-14T15:22:15.479+0000: 292175.100: [GC 8524878K->1427902K(14561152K), 0.4519860 secs]
2018-05-14T15:22:36.949+0000: 292196.570: [GC 8530622K->1439061K(14563136K), 0.4997870 secs]
2018-05-14T15:22:57.381+0000: 292217.001: [GC 8544469K->1438729K(14562368K), 0.4973030 secs]
2018-05-14T15:23:17.757+0000: 292237.378: [GC 8544137K->1449215K(14564608K), 0.4884980 secs]
2018-05-14T15:23:37.104+0000: 292256.725: [GC 8557567K->1460299K(14558720K), 0.5293800 secs]
2018-05-14T15:23:57.222+0000: 292276.843: [GC 8568651K->1452739K(14563328K), 0.4560070 secs]
2018-05-14T15:24:15.726+0000: 292295.347: [GC 8559235K->1474714K(14559232K), 0.5243490 secs]
2018-05-14T15:24:38.320+0000: 292317.941: [GC 8581210K->1477593K(14559936K), 0.5185850 secs]
2018-05-14T15:24:56.964+0000: 292336.585: [GC 8578649K->1477743K(14560576K), 0.4140160 secs]
2018-05-14T15:25:18.057+0000: 292357.677: [GC 8578799K->1486486K(14562816K), 0.4543300 secs]
2018-05-14T15:25:38.747+0000: 292378.367: [GC 8590614K->1496631K(14561408K), 0.4993710 secs]
2018-05-14T15:25:59.617+0000: 292399.238: [GC 8600759K->1494099K(14562496K), 0.4593610 secs]
2018-05-14T15:26:20.758+0000: 292420.379: [GC 8598739K->1508716K(14562240K), 0.4995510 secs]
2018-05-14T15:26:41.346+0000: 292440.967: [GC 8613356K->1515569K(14564096K), 0.4925400 secs]
2018-05-14T15:27:02.597+0000: 292462.218: [GC 8623153K->1520018K(14563584K), 0.4894010 secs]
2018-05-14T15:27:27.175+0000: 292486.796: [GC 8627602K->1538172K(14554624K), 0.5446300 secs]
2018-05-14T15:27:50.130+0000: 292509.751: [GC 8637692K->1548692K(14556608K), 0.5427830 secs]
2018-05-14T15:28:15.329+0000: 292534.950: [GC 8648212K->1545051K(14558464K), 0.4957310 secs]
2018-05-14T15:28:38.320+0000: 292557.940: [GC 8640603K->1557215K(14557184K), 0.5440760 secs]
2018-05-14T15:29:01.765+0000: 292581.385: [GC 8652767K->1567565K(14554624K), 0.5429010 secs]
2018-05-14T15:29:26.320+0000: 292605.941: [GC 8660429K->1564345K(14556480K), 0.4925100 secs]
2018-05-14T15:29:47.958+0000: 292627.579: [GC 8657209K->1589934K(14542848K), 0.5720340 secs]
2018-05-14T15:30:10.931+0000: 292650.552: [GC 8670382K->1591562K(14550272K), 0.4867920 secs]
2018-05-14T15:30:33.657+0000: 292673.278: [GC 8672010K->1598612K(14552128K), 0.4991830 secs]
2018-05-14T15:30:55.171+0000: 292694.792: [GC 8681364K->1606205K(14550720K), 0.4994180 secs]
2018-05-14T15:31:19.836+0000: 292719.457: [GC 8688957K->1613932K(14553984K), 0.5252620 secs]
2018-05-14T15:31:42.370+0000: 292741.990: [GC 8700332K->1615092K(14552512K), 0.5120900 secs]
2018-05-14T15:32:02.901+0000: 292762.522: [GC 8701492K->1623187K(14555008K), 0.4948550 secs]
2018-05-14T15:32:24.420+0000: 292784.041: [GC 8712147K->1643112K(14550912K), 0.5743870 secs]
2018-05-14T15:32:47.142+0000: 292806.763: [GC 8732072K->1649477K(14548352K), 0.5943180 secs]
2018-05-14T15:33:10.016+0000: 292829.637: [GC 8729925K->1659192K(14544320K), 0.5730670 secs]
2018-05-14T15:33:33.327+0000: 292852.948: [GC 8739640K->1666915K(14542464K), 0.5980800 secs]
2018-05-14T15:33:55.905+0000: 292875.526: [GC 8737123K->1667073K(14531072K), 0.5505950 secs]
2018-05-14T15:34:18.501+0000: 292898.121: [GC 8737281K->1677263K(14541504K), 0.5826320 secs]
2018-05-14T15:34:40.820+0000: 292920.440: [GC 8743631K->1685439K(14531904K), 0.5922240 secs]
2018-05-14T15:35:04.082+0000: 292943.703: [GC 8751807K->1684802K(14543808K), 0.5269010 secs]
2018-05-14T15:35:27.591+0000: 292967.212: [GC 8750402K->1688801K(14541888K), 0.5619470 secs]
2018-05-14T15:35:58.638+0000: 292998.259: [GC 8754401K->1710222K(14533376K), 0.6800630 secs]
2018-05-14T15:37:03.355+0000: 293062.976: [GC 8769166K->1783226K(14539520K), 1.0107850 secs]
2018-05-14T15:38:05.035+0000: 293124.655: [GC 8842170K->1855379K(14424704K), 1.0447580 secs]
2018-05-14T15:39:03.404+0000: 293183.025: [GC 8799507K->1923938K(14482112K), 1.0089060 secs]
2018-05-14T15:39:58.946+0000: 293238.567: [GC 8868066K->1929871K(14419904K), 0.9010490 secs]
2018-05-14T15:40:58.032+0000: 293297.652: [GC 8811791K->1935661K(14412288K), 0.9681640 secs]
2018-05-14T15:41:58.369+0000: 293357.990: [GC 8817581K->1941458K(14433408K), 0.9433410 secs]
2018-05-14T15:42:56.612+0000: 293416.233: [GC 8798418K->1953819K(14391424K), 0.9192830 secs]
2018-05-14T15:43:49.692+0000: 293469.312: [GC 8810779K->1952871K(14429952K), 0.8868320 secs]
2018-05-14T15:44:45.241+0000: 293524.862: [GC 8795751K->1961409K(14372672K), 0.8457340 secs]
2018-05-14T15:45:37.139+0000: 293576.760: [GC 8804289K->1967733K(14430208K), 0.8818090 secs]
2018-05-14T15:46:34.626+0000: 293634.246: [GC 8808053K->1974960K(14430208K), 0.9175770 secs]
2018-05-14T15:47:34.571+0000: 293694.192: [GC 8815280K->1983418K(14432384K), 0.9060300 secs]
2018-05-14T15:48:12.995+0000: 293732.616: [GC 8827194K->1969589K(14431488K), 0.7314580 secs]
2018-05-14T15:48:35.757+0000: 293755.378: [GC 8813365K->1928046K(14433536K), 0.5441610 secs]
2018-05-14T15:48:58.473+0000: 293778.094: [GC 8780398K->1939283K(14436224K), 0.5867630 secs]
2018-05-14T15:50:37.286+0000: 293876.906: [GC 8791635K->1999145K(14439552K), 0.7998890 secs]
2018-05-14T15:52:44.801+0000: 294004.421: [GC 8854889K->2013893K(14436288K), 0.7836080 secs]
2018-05-14T15:53:25.133+0000: 294044.754: [GC 8869637K->1966621K(14438336K), 0.5362350 secs]
2018-05-14T15:53:47.515+0000: 294067.136: [GC 8826269K->1973880K(14439872K), 0.5093660 secs]
2018-05-14T15:54:10.838+0000: 294090.459: [GC 8833528K->1977239K(14441088K), 0.5112510 secs]
2018-05-14T15:54:34.031+0000: 294113.652: [GC 8838359K->1985281K(14440128K), 0.5159080 secs]
2018-05-14T15:54:56.452+0000: 294136.072: [GC 8846401K->1979635K(14443712K), 0.4351330 secs]
2018-05-14T15:55:16.546+0000: 294156.167: [GC 8846195K->1990686K(14442944K), 0.4580920 secs]
2018-05-14T15:55:38.370+0000: 294177.991: [GC 8857246K->1997934K(14450752K), 0.4939410 secs]
2018-05-14T15:55:59.505+0000: 294199.125: [GC 8875438K->1997808K(14446848K), 0.4828250 secs]
2018-05-14T15:56:26.951+0000: 294226.572: [GC 8875312K->2016281K(14460864K), 0.5210610 secs]
2018-05-14T15:56:47.687+0000: 294247.308: [GC 8911385K->2017545K(14454336K), 0.5068270 secs]
2018-05-14T15:57:06.572+0000: 294266.192: [GC 8912649K->2019551K(14470912K), 0.4512430 secs]
2018-05-14T15:57:27.619+0000: 294287.239: [GC 8936543K->2036961K(14466176K), 0.5414480 secs]
2018-05-14T15:57:48.228+0000: 294307.849: [GC 8953953K->2025168K(14481216K), 0.4495530 secs]
2018-05-14T15:58:06.621+0000: 294326.241: [GC 8964176K->2043461K(14477888K), 0.5140560 secs]
2018-05-14T15:58:27.492+0000: 294347.112: [GC 8982469K->2046225K(14492416K), 0.4926650 secs]
2018-05-14T15:58:45.854+0000: 294365.474: [GC 9005713K->2049444K(14487168K), 0.4896750 secs]
2018-05-14T15:59:07.762+0000: 294387.383: [GC 9008932K->2062238K(14503168K), 0.5254900 secs]
2018-05-14T15:59:27.961+0000: 294407.582: [GC 9042398K->2055123K(14497088K), 0.4837790 secs]
2018-05-14T15:59:50.051+0000: 294429.672: [GC 9035283K->2056433K(14508672K), 0.4551130 secs]
2018-05-14T16:00:12.091+0000: 294451.711: [GC 9051121K->2063559K(14506112K), 0.3983580 secs]
2018-05-14T16:00:32.500+0000: 294472.121: [GC 9058247K->2068894K(14515136K), 0.4182040 secs]
2018-05-14T16:00:56.798+0000: 294496.418: [GC 9075742K->2079956K(14511808K), 0.4704670 secs]
2018-05-14T16:01:20.178+0000: 294519.799: [GC 9086804K->2082938K(14523264K), 0.4579220 secs]
2018-05-14T16:01:41.924+0000: 294541.544: [GC 9105658K->2087139K(14519552K), 0.4454000 secs]
2018-05-14T16:02:02.920+0000: 294562.541: [GC 9109850K->2098805K(14530240K), 0.4295460 secs]
2018-05-14T16:02:25.371+0000: 294584.992: [GC 9135093K->2119081K(14526144K), 0.5121550 secs]
2018-05-14T16:02:45.829+0000: 294605.450: [GC 9155369K->2126391K(14537216K), 0.5036090 secs]
2018-05-14T16:03:07.670+0000: 294627.291: [GC 9177143K->2129420K(14533632K), 0.4814000 secs]
2018-05-14T16:03:28.682+0000: 294648.302: [GC 9180172K->2141807K(14542912K), 0.4694330 secs]
2018-05-14T16:03:49.607+0000: 294669.228: [GC 9204719K->2160388K(14540096K), 0.4812710 secs]
2018-05-14T16:04:10.774+0000: 294690.395: [GC 9223300K->2170653K(14547968K), 0.4920050 secs]
2018-05-14T16:04:31.781+0000: 294711.402: [GC 9243677K->2186995K(14545152K), 0.4825070 secs]
2018-05-14T16:04:50.866+0000: 294730.486: [GC 9260019K->2205407K(14548992K), 0.5183630 secs]
2018-05-14T16:05:11.686+0000: 294751.306: [GC 9283167K->2220685K(14548864K), 0.4613620 secs]
2018-05-14T16:05:30.949+0000: 294770.569: [GC 9298445K->2242030K(14545472K), 0.5420100 secs]
2018-05-14T16:05:49.692+0000: 294789.312: [GC 9316334K->2251993K(14547200K), 0.5398170 secs]
2018-05-14T16:06:10.265+0000: 294809.886: [GC 9326297K->2266518K(14547584K), 0.5357540 secs]
2018-05-14T16:06:31.393+0000: 294831.013: [GC 9341334K->2275979K(14547328K), 0.5100130 secs]
2018-05-14T16:06:52.483+0000: 294852.104: [GC 9350795K->2281678K(14550592K), 0.4958180 secs]
2018-05-14T16:07:13.528+0000: 294873.149: [GC 9361230K->2287521K(14549056K), 0.4627320 secs]
2018-05-14T16:07:38.613+0000: 294898.233: [GC 9367073K->2286679K(14548160K), 0.3713010 secs]
2018-05-14T16:08:01.754+0000: 294921.375: [GC 9365847K->2311550K(14549632K), 0.4427710 secs]
2018-05-14T16:08:24.924+0000: 294944.544: [GC 9390718K->2324674K(14552384K), 0.4572000 secs]
2018-05-14T16:08:46.839+0000: 294966.460: [GC 9407810K->2342605K(14550848K), 0.4979120 secs]
2018-05-14T16:09:09.506+0000: 294989.127: [GC 9425741K->2347975K(14555200K), 0.4508370 secs]
2018-05-14T16:09:29.565+0000: 295009.186: [GC 9437191K->2363731K(14554112K), 0.4558390 secs]
2018-05-14T16:09:59.172+0000: 295038.793: [GC 9452947K->2393244K(14547200K), 0.5147230 secs]
2018-05-14T16:10:17.553+0000: 295057.174: [GC 9477404K->2393667K(14552128K), 0.4638390 secs]
2018-05-14T16:10:40.226+0000: 295079.847: [GC 9477827K->2399444K(14554432K), 0.4143350 secs]
2018-05-14T16:11:02.479+0000: 295102.100: [GC 9486676K->2419491K(14552896K), 0.4910660 secs]
2018-05-14T16:11:23.276+0000: 295122.897: [GC 9506723K->2429782K(14555392K), 0.5104820 secs]
2018-05-14T16:11:45.729+0000: 295145.349: [GC 9519574K->2431839K(14554496K), 0.4690630 secs]
2018-05-14T16:12:05.851+0000: 295165.472: [GC 9521631K->2448178K(14557248K), 0.4615950 secs]
2018-05-14T16:12:27.615+0000: 295187.235: [GC 9541106K->2459244K(14555776K), 0.4863970 secs]
2018-05-14T16:12:49.260+0000: 295208.880: [GC 9552172K->2464688K(14559680K), 0.4684330 secs]
2018-05-14T16:13:11.078+0000: 295230.698: [GC 9563056K->2475586K(14558784K), 0.4661710 secs]
2018-05-14T16:13:31.152+0000: 295250.773: [GC 9573954K->2482367K(14561344K), 0.4408110 secs]
2018-05-14T16:13:53.593+0000: 295273.214: [GC 9584703K->2503597K(14551552K), 0.4674490 secs]
2018-05-14T16:14:12.488+0000: 295292.109: [GC 9605933K->2524495K(14544640K), 0.5770450 secs]
2018-05-14T16:14:31.813+0000: 295311.434: [GC 9609807K->2529151K(14540608K), 0.5108630 secs]
2018-05-14T16:14:53.964+0000: 295333.585: [GC 9614463K->2540913K(14547008K), 0.5302410 secs]
2018-05-14T16:15:19.322+0000: 295358.943: [GC 9619441K->2553816K(14539968K), 0.5030680 secs]
2018-05-14T16:15:40.870+0000: 295380.491: [GC 9632344K->2548983K(14547968K), 0.4665030 secs]
2018-05-14T16:16:00.130+0000: 295399.750: [GC 9623671K->2565899K(14546816K), 0.5089090 secs]
2018-05-14T16:16:21.967+0000: 295421.588: [GC 9640587K->2571683K(14551424K), 0.4914300 secs]
2018-05-14T16:16:44.511+0000: 295444.131: [GC 9653155K->2575987K(14550144K), 0.4541950 secs]
2018-05-14T16:17:07.577+0000: 295467.198: [GC 9657459K->2577677K(14550080K), 0.4167130 secs]
2018-05-14T16:17:09.405+0000: 295469.025: [GC 3195679K->2508071K(14433280K), 0.0632720 secs]
2018-05-14T16:17:09.468+0000: 295469.089: [Full GC 2508071K->1036313K(14433280K), 3.9821390 secs]
2018-05-14T16:17:28.891+0000: 295488.511: [GC 8117913K->1143545K(14537792K), 0.4944290 secs]
2018-05-14T16:17:51.514+0000: 295511.135: [GC 8198329K->1147995K(14537088K), 0.4394860 secs]
2018-05-14T16:18:12.228+0000: 295531.848: [GC 8202779K->1159755K(14545088K), 0.4570860 secs]
2018-05-14T16:18:35.105+0000: 295554.726: [GC 8226379K->1163601K(14541632K), 0.4296850 secs]
2018-05-14T16:18:58.569+0000: 295578.190: [GC 8230225K->1171609K(14550400K), 0.4073220 secs]
2018-05-14T16:19:20.313+0000: 295599.933: [GC 8249753K->1189266K(14547840K), 0.4818220 secs]
2018-05-14T16:19:40.289+0000: 295619.910: [GC 8267410K->1197968K(14555072K), 0.4436430 secs]
2018-05-14T16:19:59.875+0000: 295639.496: [GC 8285648K->1222847K(14542016K), 0.4449780 secs]
2018-05-14T16:20:19.491+0000: 295659.111: [GC 8310527K->1236255K(14544896K), 0.5300940 secs]
2018-05-14T16:20:41.435+0000: 295681.055: [GC 8312607K->1236186K(14548224K), 0.4258290 secs]
2018-05-14T16:21:01.616+0000: 295701.237: [GC 8312538K->1256333K(14546688K), 0.5022430 secs]
2018-05-14T16:21:21.595+0000: 295721.216: [GC 8333069K->1269363K(14528576K), 0.5218320 secs]
2018-05-14T16:21:40.639+0000: 295740.260: [GC 8346099K->1274541K(14550080K), 0.4870000 secs]
2018-05-14T16:22:01.273+0000: 295760.893: [GC 8352365K->1288616K(14547840K), 0.4979090 secs]
2018-05-14T16:22:21.717+0000: 295781.338: [GC 8366440K->1296705K(14552000K), 0.5083360 secs]
2018-05-14T16:22:40.649+0000: 295800.270: [GC 8379585K->1309052K(14550976K), 0.5106460 secs]
2018-05-14T16:23:00.476+0000: 295820.096: [GC 8391932K->1318020K(14552704K), 0.5054710 secs]
2018-05-14T16:23:19.142+0000: 295838.763: [GC 8402820K->1324033K(14552192K), 0.4955390 secs]
2018-05-14T16:23:40.008+0000: 295859.629: [GC 8408833K->1333731K(14556096K), 0.4902520 secs]
2018-05-14T16:24:00.385+0000: 295880.006: [GC 8424483K->1347539K(14554752K), 0.5262840 secs]
2018-05-14T16:24:21.139+0000: 295900.760: [GC 8438291K->1359190K(14552064K), 0.5718000 secs]
2018-05-14T16:24:42.166+0000: 295921.787: [GC 8446550K->1356532K(14553728K), 0.4914770 secs]
2018-05-14T16:25:04.578+0000: 295944.199: [GC 8443892K->1381368K(14550144K), 0.4718050 secs]
2018-05-14T16:25:25.514+0000: 295965.134: [GC 8466552K->1389542K(14541184K), 0.4733990 secs]
2018-05-14T16:25:46.094+0000: 295985.714: [GC 8474726K->1408228K(14543744K), 0.5970500 secs]
2018-05-14T16:26:06.372+0000: 296005.993: [GC 8483556K->1400588K(14547712K), 0.5131700 secs]
2018-05-14T16:26:27.351+0000: 296026.971: [GC 8475916K->1420397K(14547584K), 0.5717620 secs]
2018-05-14T16:26:48.798+0000: 296048.418: [GC 8497133K->1432098K(14537792K), 0.5486040 secs]
2018-05-14T16:27:09.844+0000: 296069.465: [GC 8508834K->1444074K(14543040K), 0.5897900 secs]
2018-05-14T16:27:30.313+0000: 296089.933: [GC 8513770K->1438012K(14544896K), 0.5087310 secs]
2018-05-14T16:27:51.705+0000: 296111.325: [GC 8507708K->1457101K(14546560K), 0.5052940 secs]
2018-05-14T16:28:12.549+0000: 296132.170: [GC 8529485K->1464575K(14545920K), 0.4963450 secs]
2018-05-14T16:28:31.865+0000: 296151.485: [GC 8536959K->1469604K(14549248K), 0.4928520 secs]
2018-05-14T16:28:52.661+0000: 296172.281: [GC 8547172K->1473384K(14548416K), 0.4391970 secs]
2018-05-14T16:29:13.507+0000: 296193.128: [GC 8550952K->1491864K(14550912K), 0.5594990 secs]
2018-05-14T16:29:33.826+0000: 296213.447: [GC 8571800K->1502022K(14549120K), 0.5096390 secs]
2018-05-14T16:29:54.808+0000: 296234.429: [GC 8581958K->1504142K(14552704K), 0.4619970 secs]
2018-05-14T16:30:16.030+0000: 296255.651: [GC 8589448K->1518548K(14552704K), 0.4192680 secs]
2018-05-14T16:30:36.876+0000: 296276.496: [GC 8603860K->1531085K(14554816K), 0.4716110 secs]
2018-05-14T16:30:57.081+0000: 296296.701: [GC 8619277K->1533452K(14553472K), 0.4609240 secs]
2018-05-14T16:31:19.261+0000: 296318.882: [GC 8621644K->1552756K(14555520K), 0.5058530 secs]
2018-05-14T16:31:38.133+0000: 296337.754: [GC 8643252K->1555944K(14555072K), 0.4603900 secs]
2018-05-14T16:31:58.929+0000: 296358.549: [GC 8646440K->1569230K(14557376K), 0.4930360 secs]
2018-05-14T16:32:18.563+0000: 296378.183: [GC 8662606K->1573381K(14556096K), 0.4471660 secs]
2018-05-14T16:32:40.054+0000: 296399.675: [GC 8666757K->1589217K(14558592K), 0.4799530 secs]
2018-05-14T16:33:00.634+0000: 296420.255: [GC 8685217K->1604062K(14557504K), 0.5010160 secs]
2018-05-14T16:33:20.860+0000: 296440.480: [GC 8700062K->1604347K(14559040K), 0.4658900 secs]
2018-05-14T16:33:42.462+0000: 296462.083: [GC 8702331K->1618998K(14559040K), 0.4717860 secs]
2018-05-14T16:34:05.472+0000: 296485.092: [GC 8716982K->1634249K(14560640K), 0.5116200 secs]
2018-05-14T16:34:25.715+0000: 296505.336: [GC 8735113K->1635861K(14560320K), 0.4451300 secs]
2018-05-14T16:34:47.073+0000: 296526.693: [GC 8736725K->1656761K(14561152K), 0.4870320 secs]
2018-05-14T16:35:05.911+0000: 296545.532: [GC 8758457K->1671515K(14560640K), 0.4894790 secs]
2018-05-14T16:35:27.457+0000: 296567.078: [GC 8773211K->1686123K(14560896K), 0.4934370 secs]
2018-05-14T16:35:48.600+0000: 296588.221: [GC 8787691K->1701454K(14552000K), 0.5216350 secs]
2018-05-14T16:36:07.599+0000: 296607.220: [GC 8803022K->1717599K(14558464K), 0.5132160 secs]
2018-05-14T16:36:27.461+0000: 296627.082: [GC 8816607K->1738360K(14558784K), 0.5389440 secs]
2018-05-14T16:36:48.866+0000: 296648.486: [GC 8837368K->1742615K(14555840K), 0.5226850 secs]
2018-05-14T16:37:09.202+0000: 296668.822: [GC 8837143K->1758375K(14547328K), 0.5275480 secs]
2018-05-14T16:37:27.706+0000: 296687.327: [GC 8852903K->1764334K(14558144K), 0.4670110 secs]
2018-05-14T16:37:47.671+0000: 296707.292: [GC 8859630K->1779020K(14557248K), 0.4941670 secs]
2018-05-14T16:38:06.291+0000: 296725.911: [GC 8874316K->1797451K(14558272K), 0.5609700 secs]
2018-05-14T16:38:35.421+0000: 296755.042: [GC 8895051K->1828460K(14558848K), 0.6424230 secs]
2018-05-14T16:40:15.326+0000: 296854.947: [GC 8926060K->1920399K(14464896K), 0.8751440 secs]
2018-05-14T16:41:26.875+0000: 296926.496: [GC 8924047K->1951041K(14511872K), 0.6358560 secs]
2018-05-14T16:42:35.801+0000: 296995.421: [GC 8954689K->1960316K(14513856K), 0.6536700 secs]
2018-05-14T16:42:54.587+0000: 297014.208: [GC 8967036K->1908854K(14418048K), 0.2935760 secs]
2018-05-14T16:43:46.942+0000: 297066.563: [GC 8915574K->1997588K(14493184K), 0.7450900 secs]
2018-05-14T16:44:38.973+0000: 297118.593: [GC 8979604K->1976626K(14501056K), 0.5743120 secs]
2018-05-14T16:44:58.316+0000: 297137.937: [GC 8958642K->1966026K(14508224K), 0.4506920 secs]
2018-05-14T16:45:16.548+0000: 297156.169: [GC 8960714K->1966870K(14506560K), 0.4285550 secs]
2018-05-14T16:45:36.496+0000: 297176.117: [GC 8961558K->1974072K(14511488K), 0.4690480 secs]
2018-05-14T16:45:55.127+0000: 297194.748: [GC 8974776K->1990040K(14509312K), 0.5147670 secs]
2018-05-14T16:46:13.907+0000: 297213.528: [GC 8990744K->1983024K(14517440K), 0.4572630 secs]
2018-05-14T16:46:35.514+0000: 297235.135: [GC 8996272K->2001261K(14515904K), 0.5325890 secs]
2018-05-14T16:46:58.204+0000: 297257.825: [GC 9014509K->1990815K(14522816K), 0.4201270 secs]
2018-05-14T16:47:17.877+0000: 297277.498: [GC 9015135K->2010129K(14521600K), 0.5375540 secs]
2018-05-14T16:47:37.524+0000: 297297.145: [GC 9034449K->2015809K(14530432K), 0.4934490 secs]
2018-05-14T16:47:55.851+0000: 297315.472: [GC 9052929K->2012745K(14526784K), 0.4760810 secs]
2018-05-14T16:48:15.023+0000: 297334.643: [GC 9049865K->2026434K(14535744K), 0.4995590 secs]
2018-05-14T16:48:34.392+0000: 297354.012: [GC 9074306K->2029024K(14532224K), 0.5290360 secs]
2018-05-14T16:48:52.436+0000: 297372.057: [GC 9076896K->2030951K(14540992K), 0.5140560 secs]
2018-05-14T16:49:11.937+0000: 297391.558: [GC 9090471K->2039165K(14538624K), 0.4937770 secs]
2018-05-14T16:49:30.559+0000: 297410.180: [GC 9098685K->2042610K(14545472K), 0.4806090 secs]
2018-05-14T16:49:49.479+0000: 297429.100: [GC 9111730K->2053936K(14543744K), 0.5269820 secs]
2018-05-14T16:50:09.419+0000: 297449.039: [GC 9123056K->2056226K(14549824K), 0.4652530 secs]
2018-05-14T16:50:27.560+0000: 297467.181: [GC 9133922K->2060668K(14547968K), 0.4577670 secs]
2018-05-14T16:50:48.992+0000: 297488.612: [GC 9138364K->2073936K(14551872K), 0.5322840 secs]
2018-05-14T16:51:08.549+0000: 297508.169: [GC 9157264K->2064434K(14517888K), 0.4351440 secs]
2018-05-14T16:51:28.564+0000: 297528.185: [GC 9147762K->2078087K(14553024K), 0.5019600 secs]
2018-05-14T16:51:47.695+0000: 297547.316: [GC 9162503K->2079065K(14551488K), 0.4783920 secs]
2018-05-14T16:52:08.093+0000: 297567.713: [GC 9163481K->2083376K(14554880K), 0.4671650 secs]
2018-05-14T16:52:29.222+0000: 297588.843: [GC 9172144K->2090701K(14553984K), 0.4797150 secs]
2018-05-14T16:52:55.575+0000: 297615.196: [GC 9179469K->2104506K(14556480K), 0.5265880 secs]
2018-05-14T16:53:18.174+0000: 297637.795: [GC 9196986K->2112178K(14556096K), 0.5232820 secs]
2018-05-14T16:53:40.182+0000: 297659.803: [GC 9204658K->2114716K(14557248K), 0.5232120 secs]
2018-05-14T16:54:01.687+0000: 297681.308: [GC 9208476K->2126675K(14551040K), 0.5512410 secs]
2018-05-14T16:54:21.449+0000: 297701.070: [GC 9220435K->2122209K(14556480K), 0.5057440 secs]
2018-05-14T16:54:43.172+0000: 297722.792: [GC 9213409K->2128508K(14554816K), 0.5136560 secs]
2018-05-14T16:55:05.009+0000: 297744.629: [GC 9219708K->2140241K(14557056K), 0.4604040 secs]
2018-05-14T16:55:30.236+0000: 297769.857: [GC 9235281K->2147928K(14548608K), 0.5300580 secs]
2018-05-14T16:55:49.413+0000: 297789.034: [GC 9242968K->2155054K(14556160K), 0.5424070 secs]
2018-05-14T16:56:11.064+0000: 297810.684: [GC 9248046K->2156072K(14556544K), 0.5036190 secs]
2018-05-14T16:56:29.706+0000: 297829.327: [GC 9249064K->2159647K(14558784K), 0.4667580 secs]
2018-05-14T16:56:53.056+0000: 297852.677: [GC 9256287K->2171716K(14557952K), 0.5137350 secs]
2018-05-14T16:57:12.787+0000: 297872.408: [GC 9268356K->2172567K(14559616K), 0.5116980 secs]
2018-05-14T16:57:33.362+0000: 297892.982: [GC 9270615K->2187274K(14554880K), 0.5576330 secs]
2018-05-14T16:57:52.873+0000: 297912.494: [GC 9285322K->2185508K(14558848K), 0.5339020 secs]
2018-05-14T16:58:12.527+0000: 297932.147: [GC 9282020K->2194392K(14557760K), 0.4938290 secs]
2018-05-14T16:58:34.798+0000: 297954.418: [GC 9290904K->2206384K(14557184K), 0.5232320 secs]
2018-05-14T16:58:55.588+0000: 297975.209: [GC 9303344K->2220836K(14556672K), 0.5600770 secs]
2018-05-14T16:59:17.566+0000: 297997.187: [GC 9317796K->2217851K(14556288K), 0.5041050 secs]
2018-05-14T16:59:36.744+0000: 298016.364: [GC 9310715K->2220719K(14535168K), 0.4917660 secs]
2018-05-14T16:59:58.484+0000: 298038.105: [GC 9313583K->2232333K(14557632K), 0.4609810 secs]
2018-05-14T17:00:41.575+0000: 298081.195: [GC 9326285K->2298447K(14556416K), 0.8089850 secs]
2018-05-14T17:01:44.479+0000: 298144.099: [GC 9392399K->2383749K(14451200K), 0.9247020 secs]
2018-05-14T17:03:11.290+0000: 298230.911: [GC 9371269K->2466948K(14503808K), 0.8352880 secs]
2018-05-14T17:04:13.960+0000: 298293.581: [GC 9454468K->2516171K(14398976K), 0.8571900 secs]
2018-05-14T17:05:07.558+0000: 298347.179: [GC 9398859K->2541370K(14407360K), 0.8602080 secs]
2018-05-14T17:06:10.624+0000: 298410.244: [GC 9424058K->2554203K(14430208K), 0.9662520 secs]
2018-05-14T17:07:30.191+0000: 298489.812: [GC 9408731K->2564617K(14385728K), 0.9624940 secs]
2018-05-14T17:08:36.381+0000: 298556.002: [GC 9419145K->2578821K(14422400K), 0.9745390 secs]
2018-05-14T17:09:32.626+0000: 298612.247: [GC 9412741K->2584839K(14362752K), 0.9672500 secs]
2018-05-14T17:10:29.861+0000: 298669.482: [GC 9418759K->2587214K(14427392K), 0.8376450 secs]
2018-05-14T17:11:31.720+0000: 298731.341: [GC 9419854K->2592588K(14425344K), 0.8951460 secs]
2018-05-14T17:12:36.019+0000: 298795.640: [GC 9425228K->2608666K(14431232K), 0.9225570 secs]
2018-05-14T17:13:42.037+0000: 298861.657: [GC 9450714K->2628359K(14375744K), 0.9128420 secs]
2018-05-14T17:14:39.987+0000: 298919.608: [GC 9470407K->2634545K(14430272K), 0.8728750 secs]
2018-05-14T17:15:56.654+0000: 298996.275: [GC 9474417K->2641531K(14429696K), 0.9089930 secs]
2018-05-14T17:16:50.520+0000: 299050.140: [GC 9481403K->2654251K(14434688K), 0.9090500 secs]
2018-05-14T17:17:13.460+0000: 299073.081: [GC 6063003K->2577775K(14277440K), 0.4663520 secs]
2018-05-14T17:17:13.927+0000: 299073.548: [Full GC 2577775K->1131026K(14277440K), 3.5457180 secs]
2018-05-14T17:18:11.843+0000: 299131.464: [GC 7973586K->1325300K(14424896K), 0.8124830 secs]
2018-05-14T17:19:11.356+0000: 299190.977: [GC 8158196K->1333432K(14426496K), 0.9030800 secs]
2018-05-14T17:20:13.479+0000: 299253.100: [GC 8166328K->1340384K(14432000K), 0.7059300 secs]
2018-05-14T17:21:15.720+0000: 299315.341: [GC 8180960K->1350927K(14428672K), 0.9368870 secs]
2018-05-14T17:22:20.332+0000: 299379.953: [GC 8191503K->1360982K(14438528K), 0.9354370 secs]
2018-05-14T17:24:06.727+0000: 299486.347: [GC 8214806K->1367560K(14435392K), 0.8857930 secs]
2018-05-14T17:25:15.789+0000: 299555.409: [GC 8221384K->1388039K(14444864K), 0.9364520 secs]
2018-05-14T17:26:19.063+0000: 299618.683: [GC 8255239K->1395363K(14442432K), 0.9440390 secs]
2018-05-14T17:27:16.460+0000: 299676.081: [GC 8262563K->1404759K(14448704K), 0.9128210 secs]
2018-05-14T17:28:20.289+0000: 299739.910: [GC 8280407K->1411926K(14447040K), 0.9476450 secs]
2018-05-14T17:29:26.802+0000: 299806.423: [GC 8287574K->1418336K(14453504K), 0.9267170 secs]
2018-05-14T17:30:29.638+0000: 299869.258: [GC 8302432K->1422446K(14450688K), 0.8966230 secs]
2018-05-14T17:31:24.682+0000: 299924.303: [GC 8306542K->1390980K(14452736K), 0.7040060 secs]
2018-05-14T17:32:42.139+0000: 300001.759: [GC 8280964K->1440231K(14455040K), 0.9085190 secs]
2018-05-14T17:33:44.396+0000: 300064.016: [GC 8330215K->1453668K(14460416K), 0.9506260 secs]
2018-05-14T17:34:42.241+0000: 300121.862: [GC 8352548K->1454953K(14458560K), 0.8428610 secs]
2018-05-14T17:35:37.920+0000: 300177.541: [GC 8353833K->1464347K(14467712K), 0.9184710 secs]
2018-05-14T17:36:32.611+0000: 300232.231: [GC 8376411K->1465787K(14464448K), 0.8771880 secs]
2018-05-14T17:37:19.887+0000: 300279.507: [GC 8377851K->1480483K(14472768K), 0.8075510 secs]
2018-05-14T17:38:28.811+0000: 300348.432: [GC 8403683K->1492261K(14470528K), 0.8945440 secs]
2018-05-14T17:39:25.337+0000: 300404.958: [GC 8415461K->1500468K(14477056K), 0.8043100 secs]
2018-05-14T17:40:20.135+0000: 300459.755: [GC 8432372K->1515075K(14474944K), 0.8500180 secs]
2018-05-14T17:41:21.222+0000: 300520.843: [GC 8446979K->1519543K(14478912K), 0.9047600 secs]
2018-05-14T17:42:21.393+0000: 300581.013: [GC 8454967K->1525286K(14476608K), 0.9024590 secs]
2018-05-14T17:43:22.851+0000: 300642.472: [GC 8460710K->1534395K(14482624K), 0.9099670 secs]
2018-05-14T17:44:26.605+0000: 300706.225: [GC 8478075K->1542070K(14481152K), 0.9042810 secs]
2018-05-14T17:45:35.208+0000: 300774.829: [GC 8485750K->1560254K(14479104K), 0.9271570 secs]
2018-05-14T17:46:33.978+0000: 300833.599: [GC 8503358K->1572565K(14473856K), 0.9422100 secs]
2018-05-14T17:47:34.701+0000: 300894.321: [GC 8515669K->1587617K(14471424K), 0.8990190 secs]
2018-05-14T17:48:35.168+0000: 300954.789: [GC 8518433K->1596321K(14460864K), 0.9587250 secs]
2018-05-14T17:49:35.259+0000: 301014.880: [GC 8527137K->1608108K(14473024K), 0.9544730 secs]
2018-05-14T17:50:31.558+0000: 301071.179: [GC 8535980K->1625097K(14465728K), 0.8819210 secs]
2018-05-14T17:51:26.825+0000: 301126.446: [GC 8552969K->1634281K(14467968K), 0.9677150 secs]
2018-05-14T17:52:29.149+0000: 301188.770: [GC 8553321K->1639154K(14469568K), 0.9482020 secs]
2018-05-14T17:54:12.642+0000: 301292.263: [GC 8558194K->1641869K(14471680K), 0.8728540 secs]
2018-05-14T17:55:22.789+0000: 301362.410: [GC 8563213K->1666252K(14469760K), 0.9005700 secs]
2018-05-14T17:56:32.175+0000: 301431.795: [GC 8587596K->1690903K(14471680K), 0.9214120 secs]
2018-05-14T17:57:29.958+0000: 301489.578: [GC 8614167K->1713253K(14458176K), 0.9294710 secs]
2018-05-14T17:58:37.022+0000: 301556.643: [GC 8636517K->1720484K(14472832K), 0.9199460 secs]
2018-05-14T18:00:01.579+0000: 301641.199: [GC 8644452K->1737317K(14471232K), 0.7993770 secs]
2018-05-14T18:01:24.365+0000: 301723.986: [GC 8661285K->1758681K(14473728K), 0.8359890 secs]
2018-05-14T18:02:29.560+0000: 301789.180: [GC 8684569K->1779585K(14472256K), 0.9202770 secs]
2018-05-14T18:03:28.077+0000: 301847.698: [GC 8705473K->1788407K(14475392K), 0.9114250 secs]
2018-05-14T18:04:25.527+0000: 301905.147: [GC 8717559K->1795941K(14473856K), 0.9356040 secs]
2018-05-14T18:05:29.880+0000: 301969.501: [GC 8725093K->1803090K(14477824K), 0.8583630 secs]
2018-05-14T18:06:24.411+0000: 302024.032: [GC 8737554K->1812881K(14476736K), 0.7915630 secs]
2018-05-14T18:07:24.640+0000: 302084.260: [GC 8747345K->1825949K(14479936K), 0.9117610 secs]
2018-05-14T18:08:33.916+0000: 302153.537: [GC 8764637K->1838358K(14478848K), 0.7953100 secs]
2018-05-14T18:09:36.865+0000: 302216.486: [GC 8777046K->1843281K(14480064K), 0.8969740 secs]
2018-05-14T18:10:41.678+0000: 302281.299: [GC 8782801K->1855641K(14479552K), 0.8266330 secs]
2018-05-14T18:11:51.780+0000: 302351.400: [GC 8795161K->1861608K(14481536K), 0.8311240 secs]
2018-05-14T18:12:45.424+0000: 302405.044: [GC 8804072K->1875526K(14481024K), 0.9235330 secs]
2018-05-14T18:13:49.527+0000: 302469.147: [GC 8817990K->1888709K(14480960K), 0.7829690 secs]
2018-05-14T18:15:12.497+0000: 302552.118: [GC 8831429K->1894192K(14481408K), 0.8419550 secs]
2018-05-14T18:16:20.164+0000: 302619.785: [GC 8836912K->1912378K(14481088K), 0.9564880 secs]
2018-05-14T18:17:17.481+0000: 302677.102: [GC 6930869K->1868972K(14425472K), 0.6481580 secs]
2018-05-14T18:17:18.130+0000: 302677.750: [Full GC 1868972K->1085830K(14425472K), 4.0494100 secs]
2018-05-14T18:18:24.946+0000: 302744.567: [GC 8028934K->1266315K(14475264K), 0.7327320 secs]
2018-05-14T18:18:47.052+0000: 302766.672: [GC 8195659K->1230823K(14393088K), 0.6129560 secs]
2018-05-14T18:19:08.459+0000: 302788.080: [GC 8160167K->1233665K(14451648K), 0.5183240 secs]
2018-05-14T18:19:31.539+0000: 302811.160: [GC 8131969K->1251265K(14354048K), 0.4955750 secs]
2018-05-14T18:19:58.908+0000: 302838.528: [GC 8149569K->1274207K(14449984K), 0.4937950 secs]
2018-05-14T18:20:19.687+0000: 302859.308: [GC 8158431K->1274709K(14328256K), 0.4776970 secs]
2018-05-14T18:20:42.857+0000: 302882.477: [GC 8158933K->1293585K(14447296K), 0.4459670 secs]
2018-05-14T18:21:05.961+0000: 302905.582: [GC 8169617K->1310311K(14448064K), 0.4805870 secs]
2018-05-14T18:21:29.326+0000: 302928.946: [GC 8186343K->1316776K(14451136K), 0.5016350 secs]
2018-05-14T18:21:50.783+0000: 302950.404: [GC 8197288K->1339655K(14449472K), 0.5679260 secs]
2018-05-14T18:22:10.747+0000: 302970.368: [GC 8220167K->1346193K(14459200K), 0.5579620 secs]
2018-05-14T18:22:32.410+0000: 302992.031: [GC 8240785K->1353589K(14455488K), 0.5127330 secs]
2018-05-14T18:23:00.371+0000: 303019.992: [GC 8248181K->1382650K(14469696K), 0.6109540 secs]
2018-05-14T18:23:19.999+0000: 303039.620: [GC 8295226K->1372957K(14462976K), 0.4985680 secs]
2018-05-14T18:23:42.271+0000: 303061.892: [GC 8285533K->1385536K(14475840K), 0.5049050 secs]
2018-05-14T18:24:12.479+0000: 303092.099: [GC 8313536K->1418231K(14472256K), 0.6160100 secs]
2018-05-14T18:24:32.635+0000: 303112.255: [GC 8346231K->1402109K(14484608K), 0.4520110 secs]
2018-05-14T18:24:54.655+0000: 303134.276: [GC 8349373K->1423891K(14482752K), 0.4872260 secs]
2018-05-14T18:25:22.662+0000: 303162.282: [GC 8371155K->1450270K(14494976K), 0.5291600 secs]
2018-05-14T18:25:43.205+0000: 303182.826: [GC 8414107K->1447098K(14488960K), 0.4544760 secs]
2018-05-14T18:26:05.668+0000: 303205.289: [GC 8410938K->1459698K(14501056K), 0.5076510 secs]
2018-05-14T18:26:27.200+0000: 303226.820: [GC 8438322K->1479090K(14497664K), 0.5763550 secs]
2018-05-14T18:26:46.964+0000: 303246.585: [GC 8457714K->1488978K(14510528K), 0.5775120 secs]
2018-05-14T18:27:07.405+0000: 303267.025: [GC 8485586K->1498007K(14506176K), 0.5096450 secs]
2018-05-14T18:27:29.412+0000: 303289.033: [GC 8494615K->1516149K(14518208K), 0.5240220 secs]
2018-05-14T18:27:51.194+0000: 303310.815: [GC 8528501K->1538633K(14514240K), 0.5934230 secs]
2018-05-14T18:28:11.567+0000: 303331.188: [GC 8550985K->1549652K(14524992K), 0.5773320 secs]
2018-05-14T18:28:33.285+0000: 303352.906: [GC 8575892K->1560959K(14521344K), 0.5013700 secs]
2018-05-14T18:28:56.370+0000: 303375.991: [GC 8587199K->1574221K(14530048K), 0.5311120 secs]
2018-05-14T18:29:18.600+0000: 303398.220: [GC 8612173K->1594164K(14528000K), 0.5351030 secs]
2018-05-14T18:29:39.913+0000: 303419.533: [GC 8632116K->1612302K(14533696K), 0.5896810 secs]
2018-05-14T18:30:00.384+0000: 303440.005: [GC 8658830K->1616804K(14532928K), 0.4813940 secs]
2018-05-14T18:30:22.288+0000: 303461.909: [GC 8663332K->1626924K(14536000K), 0.5051460 secs]
2018-05-14T18:30:45.304+0000: 303484.925: [GC 8677932K->1643421K(14535104K), 0.4725490 secs]
2018-05-14T18:31:09.146+0000: 303508.767: [GC 8694429K->1658573K(14539904K), 0.4687740 secs]
2018-05-14T18:31:31.030+0000: 303530.651: [GC 8716365K->1672784K(14537984K), 0.4967100 secs]
2018-05-14T18:31:53.897+0000: 303553.518: [GC 8730576K->1678294K(14543040K), 0.5524340 secs]
2018-05-14T18:32:13.803+0000: 303573.424: [GC 8742998K->1690272K(14541760K), 0.5333610 secs]
2018-05-14T18:32:35.234+0000: 303594.855: [GC 8754976K->1703025K(14546176K), 0.5320930 secs]
2018-05-14T18:32:56.462+0000: 303616.083: [GC 8773745K->1720339K(14544640K), 0.5593490 secs]
2018-05-14T18:33:18.627+0000: 303638.248: [GC 8791059K->1732796K(14545024K), 0.5731790 secs]
2018-05-14T18:33:38.297+0000: 303657.918: [GC 8803388K->1734603K(14545344K), 0.5338310 secs]
2018-05-14T18:33:59.500+0000: 303679.120: [GC 8805195K->1742883K(14547136K), 0.5306590 secs]
2018-05-14T18:34:31.799+0000: 303711.420: [GC 8816163K->1764341K(14542016K), 0.6069210 secs]
2018-05-14T18:34:59.297+0000: 303738.918: [GC 8837621K->1762037K(14545856K), 0.5038450 secs]
2018-05-14T18:35:30.626+0000: 303770.247: [GC 8832629K->1775325K(14544832K), 0.5375400 secs]
2018-05-14T18:35:53.357+0000: 303792.978: [GC 8845917K->1779638K(14547072K), 0.5907650 secs]
2018-05-14T18:36:12.575+0000: 303812.195: [GC 8852470K->1771788K(14516608K), 0.4814690 secs]
2018-05-14T18:36:27.165+0000: 303826.786: [GC 8844620K->1770760K(14541184K), 0.4280340 secs]
2018-05-14T18:36:39.654+0000: 303839.275: [GC 8837640K->1777505K(14501952K), 0.3322960 secs]
2018-05-14T18:37:06.843+0000: 303866.463: [GC 8844385K->1801609K(14544192K), 0.5292530 secs]
2018-05-14T18:37:27.192+0000: 303886.812: [GC 8867849K->1805951K(14542144K), 0.5022760 secs]
2018-05-14T18:38:01.885+0000: 303921.506: [GC 8872191K->1821832K(14546624K), 0.5698470 secs]
2018-05-14T18:38:25.999+0000: 303945.620: [GC 8894024K->1815087K(14545664K), 0.4781240 secs]
2018-05-14T18:38:46.537+0000: 303966.158: [GC 8887279K->1809760K(14542912K), 0.4044890 secs]
2018-05-14T18:39:08.181+0000: 303987.802: [GC 8878944K->1821656K(14544640K), 0.4249530 secs]
2018-05-14T18:39:30.824+0000: 304010.445: [GC 8890840K->1822964K(14544960K), 0.4279420 secs]
2018-05-14T18:39:50.109+0000: 304029.730: [GC 8892724K->1851695K(14544896K), 0.5424030 secs]
2018-05-14T18:40:10.480+0000: 304050.100: [GC 8921455K->1846602K(14546816K), 0.4342010 secs]
2018-05-14T18:40:29.929+0000: 304069.550: [GC 8918346K->1856708K(14545024K), 0.4729640 secs]
2018-05-14T18:40:48.936+0000: 304088.557: [GC 8928452K->1866982K(14550336K), 0.4810830 secs]
2018-05-14T18:41:11.530+0000: 304111.150: [GC 8946150K->1857167K(14548928K), 0.3655170 secs]
2018-05-14T18:41:29.030+0000: 304128.650: [GC 8936335K->1883214K(14551872K), 0.4389140 secs]
2018-05-14T18:41:50.164+0000: 304149.784: [GC 8964942K->1895483K(14549952K), 0.4925480 secs]
2018-05-14T18:42:09.064+0000: 304168.685: [GC 8977211K->1901602K(14552256K), 0.5138180 secs]
2018-05-14T18:42:31.366+0000: 304190.987: [GC 8985314K->1905538K(14551552K), 0.5176280 secs]
2018-05-14T18:42:50.522+0000: 304210.143: [GC 8989250K->1915214K(14556032K), 0.4892250 secs]
2018-05-14T18:43:11.076+0000: 304230.697: [GC 9005518K->1925633K(14554368K), 0.5087510 secs]
2018-05-14T18:43:32.751+0000: 304252.371: [GC 9015937K->1923907K(14557184K), 0.4638620 secs]
2018-05-14T18:43:52.204+0000: 304271.825: [GC 9017987K->1936723K(14556992K), 0.4772960 secs]
2018-05-14T18:44:18.775+0000: 304298.396: [GC 9030803K->1957175K(14552960K), 0.5709440 secs]
2018-05-14T18:44:38.502+0000: 304318.123: [GC 9048375K->1950298K(14555648K), 0.4798600 secs]
2018-05-14T18:45:08.106+0000: 304347.727: [GC 9041498K->1983066K(14538368K), 0.5867330 secs]
2018-05-14T18:45:28.269+0000: 304367.890: [GC 9058138K->1967183K(14547584K), 0.4400790 secs]
2018-05-14T18:45:48.817+0000: 304388.438: [GC 9042255K->1982662K(14549888K), 0.4571980 secs]
2018-05-14T18:46:09.623+0000: 304409.244: [GC 9060294K->1987477K(14547840K), 0.4379920 secs]
2018-05-14T18:46:30.851+0000: 304430.472: [GC 9065109K->1984912K(14550784K), 0.4540480 secs]
2018-05-14T18:46:51.665+0000: 304451.286: [GC 9067280K->1998084K(14551232K), 0.4501970 secs]
2018-05-14T18:47:11.767+0000: 304471.388: [GC 9080452K->2004382K(14553792K), 0.4790220 secs]
2018-05-14T18:47:31.538+0000: 304491.159: [GC 9090590K->2025208K(14541888K), 0.5334880 secs]
2018-05-14T18:48:00.629+0000: 304520.250: [GC 9111416K->2041506K(14545664K), 0.5834710 secs]
2018-05-14T18:48:21.020+0000: 304540.641: [GC 9119010K->2032912K(14548800K), 0.5076000 secs]
2018-05-14T18:48:40.485+0000: 304560.106: [GC 9110416K->2041650K(14552448K), 0.5292580 secs]
2018-05-14T18:48:58.802+0000: 304578.423: [GC 9124530K->2043145K(14550528K), 0.4897300 secs]
2018-05-14T18:49:18.316+0000: 304597.937: [GC 9126025K->2057203K(14554368K), 0.5250350 secs]
2018-05-14T18:49:36.750+0000: 304616.370: [GC 9145395K->2064712K(14553920K), 0.5339260 secs]
2018-05-14T18:49:54.018+0000: 304633.639: [GC 9152904K->2067387K(14555648K), 0.5199520 secs]
2018-05-14T18:50:13.279+0000: 304652.900: [GC 9157371K->2074351K(14554432K), 0.4893970 secs]
2018-05-14T18:50:32.774+0000: 304672.395: [GC 9164335K->2067164K(14556224K), 0.4570520 secs]
2018-05-14T18:50:53.188+0000: 304692.809: [GC 9159772K->2073764K(14556352K), 0.4492400 secs]
2018-05-14T18:51:13.219+0000: 304712.839: [GC 9166372K->2088964K(14557120K), 0.5249010 secs]
2018-05-14T18:51:31.429+0000: 304731.050: [GC 9182724K->2086471K(14556736K), 0.4711300 secs]
2018-05-14T18:51:48.921+0000: 304748.541: [GC 9180231K->2095572K(14559488K), 0.5064370 secs]
2018-05-14T18:52:08.461+0000: 304768.082: [GC 9192852K->2103914K(14557888K), 0.5259810 secs]
2018-05-14T18:52:29.183+0000: 304788.804: [GC 9201194K->2096430K(14558720K), 0.4386150 secs]
2018-05-14T18:52:49.327+0000: 304808.948: [GC 9195054K->2101850K(14532480K), 0.4401140 secs]
2018-05-14T18:53:09.033+0000: 304828.654: [GC 9200474K->2114206K(14560256K), 0.4987750 secs]
2018-05-14T18:53:30.409+0000: 304850.029: [GC 9213342K->2120313K(14558976K), 0.4949830 secs]
2018-05-14T18:53:50.962+0000: 304870.583: [GC 9219449K->2120534K(14562240K), 0.4592160 secs]
2018-05-14T18:54:08.318+0000: 304887.939: [GC 9224342K->2126296K(14561664K), 0.4450830 secs]
2018-05-14T18:54:28.428+0000: 304908.049: [GC 9230104K->2136968K(14564096K), 0.4671460 secs]
2018-05-14T18:54:48.807+0000: 304928.428: [GC 9243656K->2139475K(14562688K), 0.4607140 secs]
2018-05-14T18:55:09.761+0000: 304949.382: [GC 9246163K->2141242K(14565248K), 0.4687050 secs]
2018-05-14T18:55:28.131+0000: 304967.752: [GC 9251386K->2149601K(14564992K), 0.4429810 secs]
2018-05-14T18:55:49.468+0000: 304989.089: [GC 9259745K->2155660K(14567296K), 0.4535290 secs]
2018-05-14T18:56:09.952+0000: 305009.572: [GC 9268940K->2151139K(14566080K), 0.4383690 secs]
2018-05-14T18:56:29.195+0000: 305028.816: [GC 9264419K->2168086K(14566592K), 0.5083330 secs]
2018-05-14T18:56:57.221+0000: 305056.841: [GC 9281302K->2166307K(14566656K), 0.4284780 secs]
2018-05-14T18:57:20.291+0000: 305079.912: [GC 9279523K->2182061K(14565952K), 0.4757890 secs]
2018-05-14T18:57:41.278+0000: 305100.898: [GC 9295149K->2198940K(14566592K), 0.5640490 secs]
2018-05-14T18:58:02.621+0000: 305122.242: [GC 9312028K->2193851K(14556352K), 0.4838500 secs]
2018-05-14T18:58:21.719+0000: 305141.340: [GC 9296699K->2193870K(14561472K), 0.4420190 secs]
2018-05-14T18:58:41.397+0000: 305161.018: [GC 9296718K->2205821K(14563200K), 0.4810470 secs]
2018-05-14T18:59:01.239+0000: 305180.860: [GC 9310845K->2207630K(14561920K), 0.4791430 secs]
2018-05-14T19:07:59.353+0000: 305718.974: [GC 9312654K->2258615K(14531200K), 0.6284550 secs]
2018-05-14T19:16:05.331+0000: 306204.952: [GC 9333815K->2321222K(14547648K), 0.6635810 secs]
2018-05-14T19:17:22.189+0000: 306281.809: [GC 3316224K->2243745K(14475712K), 0.1484920 secs]
2018-05-14T19:17:22.337+0000: 306281.958: [Full GC 2243745K->1065812K(14475712K), 3.6255400 secs]
2018-05-14T19:28:01.770+0000: 306921.390: [GC 8069076K->1192116K(14469632K), 0.5942730 secs]
2018-05-14T19:37:31.384+0000: 307491.004: [GC 8195380K->1210472K(14510848K), 0.6000990 secs]
2018-05-14T19:46:58.774+0000: 308058.395: [GC 8211240K->1225877K(14510016K), 0.5754850 secs]
2018-05-14T20:00:17.130+0000: 308856.751: [GC 8226645K->1241997K(14516480K), 0.5305490 secs]
2018-05-14T20:10:37.728+0000: 309477.349: [GC 8251597K->1261018K(14513216K), 0.4918470 secs]
2018-05-14T20:17:25.973+0000: 309885.593: [GC 5851414K->1243242K(14518400K), 0.3469420 secs]
2018-05-14T20:17:26.320+0000: 309885.941: [Full GC 1243242K->816054K(14518400K), 2.7769740 secs]
2018-05-14T20:27:58.704+0000: 310518.325: [GC 7835830K->930966K(14519936K), 0.5095540 secs]
2018-05-14T20:39:53.611+0000: 311233.231: [GC 7950742K->949526K(14525568K), 0.5379340 secs]
2018-05-14T20:50:25.811+0000: 311865.431: [GC 7977046K->965853K(14522048K), 0.4755120 secs]
2018-05-14T21:01:47.563+0000: 312547.184: [GC 7993373K->985858K(14533312K), 0.5248040 secs]
2018-05-14T21:13:10.251+0000: 313229.872: [GC 8029250K->1002392K(14530176K), 0.5438480 secs]
2018-05-14T21:17:29.107+0000: 313488.727: [GC 3649167K->952134K(14521344K), 0.2074660 secs]
2018-05-14T21:17:29.314+0000: 313488.935: [Full GC 952134K->656667K(14521344K), 2.1445370 secs]
2018-05-14T21:35:08.185+0000: 314547.806: [GC 7694875K->760923K(14529152K), 0.4367190 secs]
2018-05-14T21:54:38.342+0000: 315717.962: [GC 7799131K->778868K(14536320K), 0.4867970 secs]
2018-05-14T22:12:30.281+0000: 316789.902: [GC 7828020K->800551K(14532928K), 0.5219960 secs]
2018-05-14T22:17:31.468+0000: 317091.088: [GC 2632552K->748560K(14522944K), 0.1501150 secs]
2018-05-14T22:17:31.618+0000: 317091.239: [Full GC 748560K->457378K(14522944K), 2.0267940 secs]
2018-05-14T22:41:41.905+0000: 318541.525: [GC 7499938K->565160K(14531328K), 0.4919140 secs]
2018-05-14T23:07:37.336+0000: 320096.957: [GC 7607720K->584593K(14534016K), 0.5056440 secs]
2018-05-14T23:17:33.654+0000: 320693.275: [GC 4453604K->558700K(14439808K), 0.2704520 secs]
2018-05-14T23:17:33.925+0000: 320693.545: [Full GC 558700K->453609K(14439808K), 1.9558390 secs]
2018-05-14T23:53:41.691+0000: 322861.311: [GC 7499433K->557162K(14533120K), 0.5080220 secs]
2018-05-15T00:17:35.890+0000: 324295.511: [GC 3506959K->523154K(14429952K), 0.2392950 secs]
2018-05-15T00:17:36.130+0000: 324295.750: [Full GC 523154K->403010K(14429952K), 2.0461100 secs]
2018-05-15T01:17:38.185+0000: 327897.806: [GC 6900036K->499609K(14533440K), 0.4694400 secs]
2018-05-15T01:17:38.655+0000: 327898.276: [Full GC 499609K->408644K(14533440K), 1.9193570 secs]
2018-05-15T02:17:40.584+0000: 331500.205: [GC 5919970K->485749K(14530240K), 0.3982020 secs]
2018-05-15T02:17:40.983+0000: 331500.603: [Full GC 485749K->360313K(14530240K), 1.8444410 secs]
2018-05-15T03:17:42.837+0000: 335102.457: [GC 6950641K->456762K(14539520K), 0.4926560 secs]
2018-05-15T03:17:43.330+0000: 335102.950: [Full GC 456762K->359612K(14539520K), 1.9687200 secs]
2018-05-15T04:04:35.586+0000: 337915.207: [GC 7416060K->464288K(14537024K), 0.5048450 secs]
2018-05-15T04:17:45.308+0000: 338704.929: [GC 3305559K->431145K(14531328K), 0.2141250 secs]
2018-05-15T04:17:45.522+0000: 338705.143: [Full GC 431145K->325982K(14531328K), 2.0162180 secs]
2018-05-15T04:37:25.637+0000: 339885.258: [GC 7376094K->419134K(14535104K), 0.4456030 secs]
2018-05-15T04:51:31.117+0000: 340730.737: [GC 7469246K->438426K(14541504K), 0.4225810 secs]
2018-05-15T05:05:19.400+0000: 341559.021: [GC 7498074K->464149K(14538240K), 0.4537290 secs]
2018-05-15T05:17:47.548+0000: 342307.169: [GC 7414645K->479832K(14542336K), 0.5115690 secs]
2018-05-15T05:17:48.060+0000: 342307.681: [Full GC 479832K->407092K(14542336K), 2.3000790 secs]
2018-05-15T05:30:40.136+0000: 343079.757: [GC 7470068K->513724K(14540736K), 0.4578850 secs]
2018-05-15T05:42:03.654+0000: 343763.275: [GC 7576700K->532255K(14541632K), 0.4760710 secs]
2018-05-15T05:53:04.574+0000: 344424.195: [GC 7594591K->548194K(14540800K), 0.5223630 secs]
2018-05-15T06:04:38.927+0000: 345118.547: [GC 7610530K->567308K(14540992K), 0.5077720 secs]
2018-05-15T06:14:00.721+0000: 345680.341: [GC 7630348K->593531K(14515392K), 0.5140770 secs]
2018-05-15T06:17:50.372+0000: 345909.993: [GC 3611189K->555834K(14532672K), 0.2456230 secs]
2018-05-15T06:17:50.618+0000: 345910.239: [Full GC 555834K->414011K(14532672K), 1.7509230 secs]
2018-05-15T06:27:18.008+0000: 346477.629: [GC 7466043K->530316K(14508416K), 0.5092900 secs]
2018-05-15T06:36:19.587+0000: 347019.208: [GC 7582348K->549712K(14532096K), 0.5414150 secs]
2018-05-15T06:45:35.516+0000: 347575.136: [GC 7593936K->567860K(14495808K), 0.5084450 secs]
2018-05-15T06:55:05.219+0000: 348144.839: [GC 7612084K->591501K(14529984K), 0.5248070 secs]
2018-05-15T07:05:35.326+0000: 348774.947: [GC 7632909K->627883K(14509120K), 0.4735140 secs]
2018-05-15T07:16:12.535+0000: 349412.156: [GC 7669291K->670688K(14514176K), 0.5321440 secs]
2018-05-15T07:17:52.378+0000: 349511.999: [GC 2025575K->610453K(14382784K), 0.1858060 secs]
2018-05-15T07:17:52.564+0000: 349512.185: [Full GC 610453K->503033K(14382784K), 2.3736860 secs]
2018-05-15T07:25:51.948+0000: 349991.569: [GC 7522297K->629768K(14503616K), 0.4734830 secs]
2018-05-15T07:33:44.845+0000: 350464.465: [GC 7624712K->661960K(14460928K), 0.5486630 secs]
2018-05-15T07:41:21.624+0000: 350921.244: [GC 7656904K->690429K(14506688K), 0.4933170 secs]
2018-05-15T07:50:07.421+0000: 351447.041: [GC 7682045K->722044K(14505024K), 0.4910170 secs]
2018-05-15T08:00:18.602+0000: 352058.222: [GC 7713660K->754818K(14506176K), 0.5254260 secs]
2018-05-15T08:01:32.668+0000: 352132.289: [GC 7747074K->772630K(14506176K), 0.4121360 secs]
2018-05-15T08:01:54.432+0000: 352154.053: [GC 7764886K->795396K(14517248K), 0.5126930 secs]
2018-05-15T08:02:18.254+0000: 352177.875: [GC 7804484K->793353K(14511936K), 0.4504630 secs]
2018-05-15T08:02:41.531+0000: 352201.152: [GC 7802441K->800289K(14524736K), 0.4726580 secs]
2018-05-15T08:03:06.447+0000: 352226.068: [GC 7825761K->802387K(14520832K), 0.4394470 secs]
2018-05-15T08:03:29.848+0000: 352249.469: [GC 7827859K->814126K(14532032K), 0.4621070 secs]
2018-05-15T08:03:53.130+0000: 352272.751: [GC 7854062K->819703K(14528000K), 0.4555930 secs]
2018-05-15T08:04:16.407+0000: 352296.028: [GC 7859639K->825701K(14539328K), 0.4565700 secs]
2018-05-15T08:04:39.691+0000: 352319.312: [GC 7880677K->827158K(14535744K), 0.4523000 secs]
2018-05-15T08:05:02.962+0000: 352342.582: [GC 7882134K->834663K(14545536K), 0.4466560 secs]
2018-05-15T08:05:25.396+0000: 352365.017: [GC 7902311K->844072K(14542208K), 0.4761490 secs]
2018-05-15T08:05:48.512+0000: 352388.133: [GC 7911720K->844185K(14550464K), 0.4106920 secs]
2018-05-15T08:06:12.429+0000: 352412.049: [GC 7922649K->848899K(14548096K), 0.4696600 secs]
2018-05-15T08:06:36.744+0000: 352436.365: [GC 7927363K->852089K(14554944K), 0.4736380 secs]
2018-05-15T08:07:00.648+0000: 352460.269: [GC 7939769K->854639K(14552832K), 0.4919360 secs]
2018-05-15T08:07:25.952+0000: 352485.573: [GC 7942319K->858176K(14558016K), 0.4380020 secs]
2018-05-15T08:07:48.610+0000: 352508.230: [GC 7952704K->870085K(14556608K), 0.4653390 secs]
2018-05-15T08:08:12.796+0000: 352532.417: [GC 7964613K->875325K(14561472K), 0.4737980 secs]
2018-05-15T08:08:35.664+0000: 352555.285: [GC 7976701K->886022K(14560000K), 0.4639170 secs]
2018-05-15T08:09:00.064+0000: 352579.685: [GC 7987398K->892137K(14563968K), 0.4602870 secs]
2018-05-15T08:09:23.213+0000: 352602.833: [GC 7998697K->898934K(14562688K), 0.4603900 secs]
2018-05-15T08:09:46.332+0000: 352625.952: [GC 8005494K->903288K(14566528K), 0.4406090 secs]
2018-05-15T08:10:09.110+0000: 352648.731: [GC 8015032K->911960K(14565312K), 0.4242740 secs]
2018-05-15T08:10:32.033+0000: 352671.654: [GC 8023704K->917258K(14567936K), 0.4261960 secs]
2018-05-15T08:10:53.383+0000: 352693.004: [GC 8032266K->924326K(14567168K), 0.4416310 secs]
2018-05-15T08:11:14.891+0000: 352714.511: [GC 8039334K->930971K(14569088K), 0.4532610 secs]
2018-05-15T08:11:36.531+0000: 352736.152: [GC 8048667K->933938K(14568704K), 0.4386190 secs]
2018-05-15T08:11:57.445+0000: 352757.066: [GC 8051634K->936097K(14570624K), 0.4677810 secs]
2018-05-15T08:12:20.049+0000: 352779.670: [GC 8056801K->942733K(14570176K), 0.4382600 secs]
2018-05-15T08:12:39.745+0000: 352799.366: [GC 8063437K->954850K(14571264K), 0.4576680 secs]
2018-05-15T08:13:00.594+0000: 352820.215: [GC 8077218K->959828K(14571200K), 0.4573130 secs]
2018-05-15T08:13:21.210+0000: 352840.830: [GC 8082196K->967333K(14572736K), 0.4604810 secs]
2018-05-15T08:13:41.582+0000: 352861.203: [GC 8092069K->974291K(14572096K), 0.4693260 secs]
2018-05-15T08:14:01.357+0000: 352880.978: [GC 8099027K->973744K(14572480K), 0.4512180 secs]
2018-05-15T08:14:26.096+0000: 352905.717: [GC 8099248K->993566K(14572736K), 0.4989470 secs]
2018-05-15T08:14:44.657+0000: 352924.277: [GC 8119070K->983424K(14566976K), 0.4153240 secs]
2018-05-15T08:15:04.097+0000: 352943.718: [GC 8103040K->996166K(14569856K), 0.4045040 secs]
2018-05-15T08:15:59.254+0000: 352998.875: [GC 8115782K->1051747K(14534400K), 0.6982630 secs]
2018-05-15T08:17:16.658+0000: 353076.279: [GC 8136291K->1110514K(14552320K), 0.7595330 secs]
2018-05-15T08:17:54.947+0000: 353114.568: [GC 5658759K->1098132K(14514304K), 0.5151010 secs]
2018-05-15T08:17:55.462+0000: 353115.083: [Full GC 1098132K->770756K(14514304K), 2.9795420 secs]
2018-05-15T08:18:45.646+0000: 353165.266: [GC 7817284K->932272K(14533312K), 0.7228820 secs]
2018-05-15T08:19:08.542+0000: 353188.163: [GC 7978800K->899905K(14507584K), 0.4653880 secs]
2018-05-15T08:19:24.589+0000: 353204.210: [GC 7920705K->918827K(14520448K), 0.5335940 secs]
2018-05-15T08:19:45.101+0000: 353224.722: [GC 7939627K->905276K(14524864K), 0.4013720 secs]
2018-05-15T08:20:04.596+0000: 353244.217: [GC 7934652K->900471K(14442688K), 0.3053370 secs]
2018-05-15T08:20:25.770+0000: 353265.391: [GC 7929847K->915069K(14523520K), 0.3765830 secs]
2018-05-15T08:20:47.046+0000: 353286.666: [GC 7941565K->923071K(14523072K), 0.3678650 secs]
2018-05-15T08:21:13.108+0000: 353312.729: [GC 7949567K->933975K(14527168K), 0.3498060 secs]
2018-05-15T08:22:36.924+0000: 353396.545: [GC 7966039K->993400K(14505984K), 0.5785120 secs]
2018-05-15T08:23:33.520+0000: 353453.141: [GC 8025464K->1029889K(14490752K), 0.7063380 secs]
2018-05-15T08:23:53.951+0000: 353473.572: [GC 8020481K->992958K(14505344K), 0.4940880 secs]
2018-05-15T08:24:12.097+0000: 353491.718: [GC 7983550K->993550K(14515968K), 0.4958130 secs]
2018-05-15T08:24:47.190+0000: 353526.810: [GC 8000014K->1013679K(14510592K), 0.5313210 secs]
2018-05-15T08:25:05.979+0000: 353545.599: [GC 8020143K->1005580K(14520640K), 0.4007950 secs]
2018-05-15T08:25:25.277+0000: 353564.897: [GC 8023436K->1020731K(14517312K), 0.4381510 secs]
2018-05-15T08:25:52.381+0000: 353592.001: [GC 8038587K->1044092K(14525504K), 0.5963450 secs]
2018-05-15T08:26:39.625+0000: 353639.246: [GC 8074044K->1103939K(14524544K), 0.8558360 secs]
2018-05-15T08:27:32.167+0000: 353691.788: [GC 8133891K->1134119K(14445568K), 0.7764420 secs]
2018-05-15T08:28:16.910+0000: 353736.530: [GC 8084135K->1149398K(14451136K), 0.8051310 secs]
2018-05-15T08:28:57.411+0000: 353777.031: [GC 8099414K->1161107K(14468032K), 0.7561990 secs]
2018-05-15T08:29:35.748+0000: 353815.369: [GC 8087187K->1179812K(14431744K), 0.7868710 secs]
2018-05-15T08:30:15.913+0000: 353855.534: [GC 8105892K->1176442K(14468160K), 0.6740470 secs]
2018-05-15T08:30:41.374+0000: 353880.995: [GC 8092154K->1144868K(14467648K), 0.4557780 secs]
2018-05-15T08:30:57.074+0000: 353896.695: [GC 8060580K->1148162K(14474496K), 0.4349720 secs]
2018-05-15T08:31:13.518+0000: 353913.139: [GC 8074434K->1161257K(14471872K), 0.4724690 secs]
2018-05-15T08:32:13.395+0000: 353973.016: [GC 8087529K->1226146K(14465088K), 0.7961020 secs]
2018-05-15T08:32:58.008+0000: 354017.629: [GC 8149154K->1227383K(14420480K), 0.7647550 secs]
2018-05-15T08:33:44.544+0000: 354064.165: [GC 8150391K->1236687K(14468992K), 0.7384480 secs]
2018-05-15T08:34:02.796+0000: 354082.416: [GC 8155343K->1186379K(14469376K), 0.4272320 secs]
2018-05-15T08:34:21.892+0000: 354101.513: [GC 8105035K->1205394K(14472704K), 0.4829030 secs]
2018-05-15T08:35:05.492+0000: 354145.113: [GC 8127442K->1254603K(14469440K), 0.7277790 secs]
2018-05-15T08:35:52.782+0000: 354192.403: [GC 8176651K->1286494K(14463296K), 0.7746320 secs]
2018-05-15T08:36:42.755+0000: 354242.376: [GC 8204382K->1296381K(14425344K), 0.7666860 secs]
2018-05-15T08:37:26.853+0000: 354286.474: [GC 8214269K->1291650K(14467136K), 0.7517030 secs]
2018-05-15T08:37:56.513+0000: 354316.134: [GC 8203202K->1272265K(14464512K), 0.5773460 secs]
2018-05-15T08:38:14.159+0000: 354333.779: [GC 8183817K->1263036K(14473024K), 0.4753750 secs]
2018-05-15T08:38:32.623+0000: 354352.244: [GC 8187708K->1264724K(14471744K), 0.4460480 secs]
2018-05-15T08:38:50.337+0000: 354369.958: [GC 8189396K->1271197K(14475712K), 0.4452650 secs]
2018-05-15T08:39:06.262+0000: 354385.883: [GC 8200861K->1295813K(14474048K), 0.5255410 secs]
2018-05-15T08:39:24.400+0000: 354404.021: [GC 8225477K->1298982K(14485760K), 0.5074910 secs]
2018-05-15T08:40:05.611+0000: 354445.232: [GC 8245798K->1357054K(14445504K), 0.7313730 secs]
2018-05-15T08:40:52.325+0000: 354491.946: [GC 8303870K->1369693K(14470976K), 0.7413110 secs]
2018-05-15T08:41:38.421+0000: 354538.042: [GC 8300637K->1384315K(14435648K), 0.8531330 secs]
2018-05-15T08:42:20.462+0000: 354580.083: [GC 8315259K->1388943K(14465792K), 0.7816540 secs]
2018-05-15T08:42:47.740+0000: 354607.360: [GC 8305039K->1377055K(14468096K), 0.6103710 secs]
2018-05-15T08:43:10.234+0000: 354629.855: [GC 8293151K->1355273K(14476544K), 0.5167560 secs]
2018-05-15T08:43:26.711+0000: 354646.332: [GC 8286345K->1367022K(14474624K), 0.5321750 secs]
2018-05-15T08:44:05.687+0000: 354685.307: [GC 8298094K->1434104K(14464896K), 0.7344970 secs]
2018-05-15T08:44:31.405+0000: 354711.026: [GC 8358520K->1390079K(14472256K), 0.5254990 secs]
2018-05-15T08:44:49.428+0000: 354729.049: [GC 8314495K->1387857K(14477248K), 0.4756530 secs]
2018-05-15T08:45:28.209+0000: 354767.830: [GC 8320593K->1454183K(14435200K), 0.7630000 secs]
2018-05-15T08:46:35.762+0000: 354835.383: [GC 8386919K->1494170K(14441984K), 0.9849110 secs]
2018-05-15T08:47:34.805+0000: 354894.426: [GC 8388762K->1506192K(14428160K), 0.9590980 secs]
2018-05-15T08:48:46.971+0000: 354966.591: [GC 8400784K->1516868K(14426944K), 0.9590550 secs]
2018-05-15T08:49:17.640+0000: 354997.261: [GC 8369476K->1455415K(14436352K), 0.5958340 secs]
2018-05-15T08:49:35.436+0000: 355015.056: [GC 8308023K->1446136K(14442496K), 0.4901660 secs]
2018-05-15T08:49:58.505+0000: 355038.126: [GC 8309176K->1464852K(14440640K), 0.5154510 secs]
2018-05-15T08:50:16.372+0000: 355055.992: [GC 8327892K->1457664K(14450688K), 0.4270110 secs]
2018-05-15T08:50:35.270+0000: 355074.891: [GC 8336000K->1467835K(14447744K), 0.4954610 secs]
2018-05-15T08:50:54.532+0000: 355094.152: [GC 8346171K->1478787K(14460736K), 0.4955760 secs]
2018-05-15T08:51:12.728+0000: 355112.348: [GC 8374403K->1478220K(14454976K), 0.4557500 secs]
2018-05-15T08:51:47.240+0000: 355146.860: [GC 8373836K->1530023K(14464704K), 0.6773230 secs]
2018-05-15T08:52:39.972+0000: 355199.592: [GC 8439847K->1583134K(14444736K), 1.0067050 secs]
2018-05-15T08:53:57.426+0000: 355277.047: [GC 8492958K->1560800K(14450112K), 0.7896990 secs]
2018-05-15T08:54:17.403+0000: 355297.024: [GC 8440736K->1486282K(14292864K), 0.3449900 secs]
2018-05-15T08:54:49.157+0000: 355328.778: [GC 8366218K->1502319K(14449024K), 0.3982650 secs]
2018-05-15T08:55:53.622+0000: 355393.243: [GC 8378863K->1552610K(14447616K), 0.6028040 secs]
2018-05-15T08:56:41.101+0000: 355440.722: [GC 8429154K->1558869K(14466368K), 0.5916450 secs]
2018-05-15T08:57:25.855+0000: 355485.476: [GC 8463893K->1588320K(14458752K), 0.6678550 secs]
2018-05-15T08:58:20.745+0000: 355540.366: [GC 8493344K->1606970K(14472576K), 0.6929990 secs]
2018-05-15T08:58:50.703+0000: 355570.324: [GC 8530618K->1610290K(14471168K), 0.6470710 secs]
2018-05-15T08:59:11.164+0000: 355590.785: [GC 8533938K->1593019K(14481792K), 0.4569980 secs]
2018-05-15T08:59:27.405+0000: 355607.026: [GC 8533499K->1606516K(14478784K), 0.4996340 secs]
2018-05-15T08:59:42.497+0000: 355622.118: [GC 8546996K->1603024K(14486784K), 0.4256980 secs]
2018-05-15T08:59:59.915+0000: 355639.535: [GC 8554832K->1612904K(14485120K), 0.4360580 secs]
2018-05-15T09:00:16.307+0000: 355655.927: [GC 8564712K->1624414K(14493952K), 0.4362610 secs]
2018-05-15T09:00:34.770+0000: 355674.391: [GC 8587998K->1627913K(14489728K), 0.4312030 secs]
2018-05-15T09:00:49.893+0000: 355689.514: [GC 8591497K->1639149K(14502272K), 0.4687880 secs]
2018-05-15T09:01:09.403+0000: 355709.024: [GC 8619053K->1650963K(14497728K), 0.4550620 secs]
2018-05-15T09:01:24.586+0000: 355724.206: [GC 8630867K->1657511K(14512000K), 0.4779600 secs]
2018-05-15T09:01:39.956+0000: 355739.577: [GC 8657127K->1661395K(14507712K), 0.4299040 secs]
2018-05-15T09:02:02.858+0000: 355762.479: [GC 8661011K->1685647K(14516928K), 0.5119390 secs]
2018-05-15T09:02:38.475+0000: 355798.096: [GC 8698255K->1719108K(14503744K), 0.7396620 secs]
2018-05-15T09:03:11.819+0000: 355831.440: [GC 8731716K->1720894K(14500736K), 0.6793490 secs]
2018-05-15T09:03:54.256+0000: 355873.876: [GC 8709950K->1729436K(14468736K), 0.6350210 secs]
2018-05-15T09:04:44.728+0000: 355924.349: [GC 8718492K->1737994K(14502336K), 0.6537630 secs]
2018-05-15T09:05:15.339+0000: 355954.960: [GC 8723338K->1730787K(14502720K), 0.5374150 secs]
2018-05-15T09:05:55.512+0000: 355995.133: [GC 8716131K->1754615K(14506624K), 0.6984510 secs]
2018-05-15T09:06:12.941+0000: 356012.562: [GC 8748919K->1721797K(14429376K), 0.4448660 secs]
2018-05-15T09:06:38.029+0000: 356037.650: [GC 8716101K->1747482K(14510336K), 0.5678530 secs]
2018-05-15T09:06:58.992+0000: 356058.613: [GC 8744410K->1746703K(14506688K), 0.4623590 secs]
2018-05-15T09:07:16.247+0000: 356075.867: [GC 8743631K->1750388K(14514240K), 0.4337150 secs]
2018-05-15T09:07:40.061+0000: 356099.682: [GC 8757108K->1777248K(14512576K), 0.5769200 secs]
2018-05-15T09:08:19.169+0000: 356138.790: [GC 8783968K->1827643K(14486912K), 0.7345640 secs]
2018-05-15T09:09:05.077+0000: 356184.698: [GC 8812219K->1827601K(14476160K), 0.6952250 secs]
2018-05-15T09:09:51.996+0000: 356231.617: [GC 8812177K->1838752K(14488256K), 0.7898300 secs]
2018-05-15T09:10:47.969+0000: 356287.589: [GC 8804512K->1867698K(14478208K), 0.5524710 secs]
2018-05-15T09:11:30.027+0000: 356329.648: [GC 8833458K->1863276K(14477504K), 0.7228300 secs]
2018-05-15T09:11:52.328+0000: 356351.948: [GC 8803564K->1817319K(14480192K), 0.4634030 secs]
2018-05-15T09:12:08.754+0000: 356368.375: [GC 8757607K->1825438K(14482432K), 0.4489600 secs]
2018-05-15T09:12:25.676+0000: 356385.296: [GC 8768926K->1833097K(14481152K), 0.4499520 secs]
2018-05-15T09:12:41.650+0000: 356401.271: [GC 8776585K->1832462K(14485952K), 0.4161100 secs]
2018-05-15T09:12:58.806+0000: 356418.426: [GC 8782990K->1843089K(14484672K), 0.4171330 secs]
2018-05-15T09:13:43.771+0000: 356463.392: [GC 8793617K->1887510K(14489792K), 0.6849550 secs]
2018-05-15T09:14:13.882+0000: 356493.503: [GC 8846038K->1869793K(14488832K), 0.4997800 secs]
2018-05-15T09:14:31.728+0000: 356511.349: [GC 8828321K->1868328K(14496768K), 0.4502730 secs]
2018-05-15T09:14:52.962+0000: 356532.582: [GC 8839400K->1884997K(14494400K), 0.5103650 secs]
2018-05-15T09:15:37.949+0000: 356577.570: [GC 8856069K->1941244K(14485120K), 0.7195900 secs]
2018-05-15T09:16:26.675+0000: 356626.295: [GC 8907516K->1958086K(14466048K), 0.7581590 secs]
2018-05-15T09:17:24.525+0000: 356684.146: [GC 8924358K->1972249K(14472704K), 0.7982870 secs]
2018-05-15T09:17:58.451+0000: 356718.071: [GC 7239788K->1943029K(14479296K), 0.6162650 secs]
2018-05-15T09:17:59.067+0000: 356718.688: [Full GC 1943029K->1066407K(14479296K), 3.4666630 secs]
2018-05-15T09:18:19.657+0000: 356739.277: [GC 8004903K->1168775K(14487168K), 0.4459760 secs]
2018-05-15T09:18:36.151+0000: 356755.772: [GC 8121031K->1179135K(14485184K), 0.4606800 secs]
2018-05-15T09:18:56.725+0000: 356776.345: [GC 8131391K->1188578K(14493120K), 0.4693600 secs]
2018-05-15T09:19:15.225+0000: 356794.846: [GC 8151330K->1202041K(14489728K), 0.5253580 secs]
2018-05-15T09:19:33.055+0000: 356812.676: [GC 8164793K->1199158K(14500032K), 0.4529740 secs]
2018-05-15T09:20:10.413+0000: 356850.034: [GC 8176630K->1246848K(14497536K), 0.6301420 secs]
2018-05-15T09:20:58.262+0000: 356897.883: [GC 8224320K->1270847K(14483456K), 0.7264080 secs]
2018-05-15T09:22:10.413+0000: 356970.034: [GC 8232127K->1291568K(14470016K), 0.8173040 secs]
2018-05-15T09:22:58.288+0000: 357017.909: [GC 8252848K->1294297K(14472000K), 0.7917130 secs]
2018-05-15T09:23:33.459+0000: 357053.079: [GC 8227033K->1299906K(14428480K), 0.7403810 secs]
2018-05-15T09:24:13.963+0000: 357093.583: [GC 8232642K->1299813K(14478080K), 0.7028330 secs]
2018-05-15T09:24:41.664+0000: 357121.284: [GC 8232677K->1272849K(14474880K), 0.5066090 secs]
2018-05-15T09:24:58.264+0000: 357137.885: [GC 8205713K->1273903K(14481664K), 0.4514650 secs]
2018-05-15T09:25:23.554+0000: 357163.174: [GC 8215727K->1299779K(14480256K), 0.5746630 secs]
2018-05-15T09:26:22.398+0000: 357222.019: [GC 8241603K->1364475K(14463872K), 0.8633790 secs]
2018-05-15T09:27:44.904+0000: 357304.524: [GC 8295291K->1380396K(14454720K), 0.8895930 secs]
2018-05-15T09:29:33.753+0000: 357413.374: [GC 8311212K->1387182K(14446976K), 0.7745600 secs]
2018-05-15T09:31:10.704+0000: 357510.325: [GC 8278062K->1396051K(14409088K), 0.7207900 secs]
2018-05-15T09:32:14.182+0000: 357573.803: [GC 8286931K->1412072K(14441728K), 0.8238460 secs]
2018-05-15T09:32:43.510+0000: 357603.130: [GC 8284392K->1354647K(14446208K), 0.5309270 secs]
2018-05-15T09:33:01.389+0000: 357621.010: [GC 8226967K->1346867K(14449024K), 0.4555430 secs]
2018-05-15T09:33:24.940+0000: 357644.561: [GC 8224307K->1363686K(14448512K), 0.2650240 secs]
2018-05-15T09:33:44.188+0000: 357663.809: [GC 8241126K->1368821K(14455936K), 0.5135280 secs]
2018-05-15T09:34:02.552+0000: 357682.173: [GC 8257333K->1373707K(14452672K), 0.4549670 secs]
2018-05-15T09:34:22.544+0000: 357702.165: [GC 8262219K->1382389K(14463424K), 0.4526690 secs]
2018-05-15T09:34:40.894+0000: 357720.515: [GC 8284853K->1391385K(14459136K), 0.4161310 secs]
2018-05-15T09:35:03.947+0000: 357743.568: [GC 8293849K->1401120K(14473984K), 0.4696870 secs]
2018-05-15T09:35:21.184+0000: 357760.805: [GC 8323360K->1390998K(14468352K), 0.4209080 secs]
2018-05-15T09:35:42.601+0000: 357782.221: [GC 8313238K->1411721K(14482560K), 0.4918660 secs]
2018-05-15T09:36:45.576+0000: 357845.197: [GC 8350793K->1493269K(14464192K), 0.8848450 secs]
2018-05-15T09:37:49.112+0000: 357908.733: [GC 8432341K->1508544K(14439232K), 0.9647120 secs]
2018-05-15T09:38:53.635+0000: 357973.255: [GC 8394176K->1516741K(14410624K), 0.8758990 secs]
2018-05-15T09:39:17.103+0000: 357996.723: [GC 8402373K->1453882K(14448448K), 0.4939980 secs]
2018-05-15T09:39:34.567+0000: 358014.187: [GC 8325434K->1448039K(14443200K), 0.4517560 secs]
2018-05-15T09:39:57.839+0000: 358037.460: [GC 8319591K->1468249K(14457984K), 0.4945340 secs]
2018-05-15T09:40:14.561+0000: 358054.182: [GC 8357657K->1457426K(14451520K), 0.4360900 secs]
2018-05-15T09:40:31.868+0000: 358071.489: [GC 8346834K->1477387K(14467840K), 0.4649790 secs]
2018-05-15T09:40:53.202+0000: 358092.823: [GC 8386507K->1483755K(14461376K), 0.5212500 secs]
2018-05-15T09:41:10.035+0000: 358109.656: [GC 8392875K->1482911K(14477376K), 0.4562480 secs]
2018-05-15T09:41:42.690+0000: 358142.311: [GC 8413599K->1519034K(14473408K), 0.5969240 secs]
2018-05-15T09:42:42.625+0000: 358202.246: [GC 8449722K->1569118K(14466816K), 0.8118640 secs]
2018-05-15T09:43:53.180+0000: 358272.801: [GC 8498910K->1588283K(14442752K), 0.7883420 secs]
2018-05-15T09:44:47.556+0000: 358327.176: [GC 8518075K->1588331K(14460032K), 0.7552870 secs]
2018-05-15T09:45:06.094+0000: 358345.715: [GC 8493675K->1543774K(14462720K), 0.4428000 secs]
2018-05-15T09:45:22.965+0000: 358362.586: [GC 8449118K->1552457K(14469696K), 0.4428930 secs]
2018-05-15T09:45:46.086+0000: 358385.707: [GC 8467849K->1572383K(14465792K), 0.5382990 secs]
2018-05-15T09:46:03.305+0000: 358402.925: [GC 8487775K->1569876K(14480832K), 0.4923560 secs]
2018-05-15T09:46:27.324+0000: 358426.945: [GC 8507092K->1591024K(14476480K), 0.5662490 secs]
2018-05-15T09:46:44.558+0000: 358444.179: [GC 8528240K->1582692K(14491008K), 0.4975530 secs]
2018-05-15T09:47:06.071+0000: 358465.691: [GC 8541668K->1596378K(14488064K), 0.5200540 secs]
2018-05-15T09:48:00.957+0000: 358520.577: [GC 8555354K->1675578K(14462464K), 0.8465910 secs]
2018-05-15T09:48:19.182+0000: 358538.803: [GC 8613434K->1602683K(14478976K), 0.4603450 secs]
2018-05-15T09:48:36.082+0000: 358555.702: [GC 8540539K->1621672K(14486272K), 0.5166800 secs]
2018-05-15T09:48:59.181+0000: 358578.801: [GC 8569128K->1637788K(14481280K), 0.5745660 secs]
2018-05-15T09:49:16.771+0000: 358596.392: [GC 8585244K->1629837K(14496064K), 0.5125320 secs]
2018-05-15T09:49:40.559+0000: 358620.180: [GC 8598733K->1650942K(14492928K), 0.5009630 secs]
2018-05-15T09:49:57.041+0000: 358636.662: [GC 8619838K->1642314K(14504192K), 0.4298700 secs]
2018-05-15T09:50:15.626+0000: 358655.246: [GC 8628618K->1662811K(14502208K), 0.4818340 secs]
2018-05-15T09:50:39.180+0000: 358678.800: [GC 8649115K->1679040K(14513280K), 0.3400410 secs]
2018-05-15T09:50:56.897+0000: 358696.518: [GC 8681216K->1664268K(14508992K), 0.4548450 secs]
2018-05-15T09:51:36.919+0000: 358736.540: [GC 8666444K->1726681K(14495104K), 0.7565730 secs]
2018-05-15T09:52:13.802+0000: 358773.423: [GC 8716505K->1713808K(14504960K), 0.5728490 secs]
2018-05-15T09:52:30.821+0000: 358790.442: [GC 8703632K->1701487K(14509056K), 0.4987950 secs]
2018-05-15T09:52:59.122+0000: 358818.742: [GC 8696303K->1731201K(14505856K), 0.6876130 secs]
2018-05-15T09:53:56.964+0000: 358876.584: [GC 8726017K->1804488K(14456896K), 0.9875920 secs]
2018-05-15T09:54:57.573+0000: 358937.194: [GC 8750792K->1836201K(14471040K), 0.8424480 secs]
2018-05-15T09:55:45.006+0000: 358984.626: [GC 8782505K->1842912K(14447744K), 0.8202110 secs]
2018-05-15T09:56:42.045+0000: 359041.666: [GC 8741600K->1860289K(14427328K), 0.8620500 secs]
2018-05-15T09:57:08.281+0000: 359067.901: [GC 8758977K->1800293K(14453696K), 0.5523800 secs]
2018-05-15T09:57:26.591+0000: 359086.212: [GC 8683429K->1788163K(14449536K), 0.4489440 secs]
2018-05-15T09:57:49.092+0000: 359108.712: [GC 8671299K->1808937K(14459520K), 0.5331650 secs]
2018-05-15T09:58:06.088+0000: 359125.709: [GC 8703145K->1803994K(14454784K), 0.4930750 secs]
2018-05-15T09:58:23.042+0000: 359142.662: [GC 8698202K->1808401K(14465792K), 0.4699550 secs]
2018-05-15T09:58:45.338+0000: 359164.959: [GC 8716561K->1829860K(14462464K), 0.5350140 secs]
2018-05-15T09:59:03.905+0000: 359183.526: [GC 8738020K->1820442K(14475648K), 0.4719340 secs]
2018-05-15T09:59:39.619+0000: 359219.240: [GC 8748250K->1857878K(14472256K), 0.5923890 secs]
2018-05-15T10:00:34.509+0000: 359274.130: [GC 8785686K->1914959K(14455104K), 0.8006980 secs]
2018-05-15T10:01:38.732+0000: 359338.353: [GC 8831183K->1926439K(14437248K), 0.8922430 secs]
2018-05-15T10:02:40.377+0000: 359399.998: [GC 8842663K->1950142K(14432640K), 0.9382720 secs]
2018-05-15T10:03:40.117+0000: 359459.738: [GC 8820670K->1950992K(14393984K), 0.9041560 secs]
2018-05-15T10:04:32.296+0000: 359511.916: [GC 8821520K->1955578K(14436224K), 0.8486110 secs]
2018-05-15T10:05:20.321+0000: 359559.942: [GC 8811130K->1961996K(14437824K), 0.7268250 secs]
2018-05-15T10:06:17.258+0000: 359616.879: [GC 8817548K->1982698K(14435008K), 0.7724030 secs]
2018-05-15T10:07:09.283+0000: 359668.903: [GC 8835818K->1997783K(14375552K), 0.8394310 secs]
2018-05-15T10:07:57.116+0000: 359716.737: [GC 8850903K->2001412K(14437504K), 0.8865010 secs]
2018-05-15T10:08:28.331+0000: 359747.951: [GC 8854084K->1943784K(14435264K), 0.4890370 secs]
2018-05-15T10:08:45.667+0000: 359765.287: [GC 8796456K->1939852K(14434560K), 0.4481840 secs]
2018-05-15T10:09:08.585+0000: 359788.206: [GC 8791436K->1969396K(14435840K), 0.5547640 secs]
2018-05-15T10:09:26.057+0000: 359805.678: [GC 8820980K->1961238K(14443072K), 0.4939870 secs]
2018-05-15T10:09:43.207+0000: 359822.828: [GC 8824790K->1964728K(14440576K), 0.4480720 secs]
2018-05-15T10:10:05.260+0000: 359844.881: [GC 8828280K->1983406K(14451392K), 0.4366620 secs]
2018-05-15T10:10:22.482+0000: 359862.103: [GC 8860526K->1979681K(14445824K), 0.3963260 secs]
2018-05-15T10:10:45.918+0000: 359885.539: [GC 8856801K->2004958K(14462336K), 0.4874960 secs]
2018-05-15T10:11:04.850+0000: 359904.471: [GC 8902110K->2000162K(14454912K), 0.4975380 secs]
2018-05-15T10:11:22.129+0000: 359921.750: [GC 8897314K->2001549K(14470464K), 0.4784150 secs]
2018-05-15T10:11:43.578+0000: 359943.199: [GC 8918541K->2013395K(14466624K), 0.5179440 secs]
2018-05-15T10:12:00.524+0000: 359960.145: [GC 8930387K->2015485K(14480192K), 0.4514900 secs]
2018-05-15T10:12:45.989+0000: 360005.610: [GC 8951293K->2054626K(14475712K), 0.6606370 secs]
2018-05-15T10:13:51.757+0000: 360071.377: [GC 8990434K->2112269K(14454656K), 0.9242200 secs]
2018-05-15T10:14:51.682+0000: 360131.303: [GC 9029901K->2125699K(14441024K), 0.9067360 secs]
2018-05-15T10:15:38.045+0000: 360177.666: [GC 9043331K->2115831K(14452224K), 0.7795160 secs]
2018-05-15T10:15:56.184+0000: 360195.805: [GC 9004663K->2063826K(14454464K), 0.4669300 secs]
2018-05-15T10:16:14.856+0000: 360214.477: [GC 8952658K->2076557K(14460992K), 0.4596450 secs]
2018-05-15T10:16:34.075+0000: 360233.696: [GC 8974157K->2085121K(14456704K), 0.4605760 secs]
2018-05-15T10:16:51.411+0000: 360251.032: [GC 8982721K->2093198K(14470080K), 0.4726730 secs]
2018-05-15T10:17:24.848+0000: 360284.468: [GC 9008590K->2139368K(14465408K), 0.6135690 secs]
2018-05-15T10:18:02.543+0000: 360322.163: [GC 6460095K->2122552K(14478080K), 0.5533080 secs]
2018-05-15T10:18:03.096+0000: 360322.717: [Full GC 2122552K->1154548K(14478080K), 4.2667480 secs]
2018-05-15T10:19:18.097+0000: 360397.718: [GC 8084532K->1325324K(14440832K), 0.8178090 secs]
2018-05-15T10:20:12.375+0000: 360451.995: [GC 8255308K->1345336K(14449792K), 0.7999120 secs]
2018-05-15T10:20:39.571+0000: 360479.192: [GC 8243896K->1286977K(14459328K), 0.5019340 secs]
2018-05-15T10:20:56.825+0000: 360496.446: [GC 8185537K->1286180K(14466560K), 0.4587600 secs]
2018-05-15T10:21:18.791+0000: 360518.412: [GC 8196388K->1304749K(14463744K), 0.5052090 secs]
2018-05-15T10:21:37.748+0000: 360537.369: [GC 8214957K->1303019K(14476096K), 0.4575230 secs]
2018-05-15T10:21:58.760+0000: 360558.381: [GC 8231339K->1313767K(14472320K), 0.4870110 secs]
2018-05-15T10:22:46.195+0000: 360605.816: [GC 8242087K->1393126K(14455488K), 0.8032960 secs]
2018-05-15T10:23:35.460+0000: 360655.080: [GC 8308838K->1406727K(14435968K), 0.9073880 secs]
2018-05-15T10:25:13.850+0000: 360753.471: [GC 8322439K->1391680K(14458368K), 0.7469270 secs]
2018-05-15T10:25:33.759+0000: 360773.379: [GC 8286976K->1329365K(14457024K), 0.3392180 secs]
2018-05-15T10:25:55.231+0000: 360794.852: [GC 8224661K->1349485K(14459584K), 0.4151710 secs]
2018-05-15T10:27:16.692+0000: 360876.313: [GC 8245997K->1438633K(14407168K), 0.8096510 secs]
2018-05-15T10:28:07.259+0000: 360926.879: [GC 8335145K->1462988K(14436608K), 0.9159240 secs]
2018-05-15T10:29:12.743+0000: 360992.363: [GC 8331852K->1475777K(14389120K), 0.8851430 secs]
2018-05-15T10:30:03.518+0000: 361043.139: [GC 8344641K->1485499K(14428800K), 0.8185260 secs]
2018-05-15T10:31:04.754+0000: 361104.375: [GC 8331963K->1502067K(14367808K), 0.7717070 secs]
2018-05-15T10:31:58.852+0000: 361158.473: [GC 8348531K->1517271K(14423232K), 0.7945970 secs]
2018-05-15T10:32:35.826+0000: 361195.446: [GC 8349911K->1494021K(14426368K), 0.6540650 secs]
2018-05-15T10:32:52.958+0000: 361212.579: [GC 8326661K->1457538K(14437440K), 0.4201600 secs]
2018-05-15T10:33:11.505+0000: 361231.126: [GC 8311106K->1471141K(14436224K), 0.4621510 secs]
2018-05-15T10:33:31.953+0000: 361251.573: [GC 8324709K->1478090K(14444544K), 0.4441810 secs]
2018-05-15T10:33:49.922+0000: 361269.542: [GC 8343242K->1477780K(14440704K), 0.4366490 secs]
2018-05-15T10:34:13.804+0000: 361293.425: [GC 8342932K->1503123K(14455296K), 0.5242100 secs]
2018-05-15T10:34:32.554+0000: 361312.175: [GC 8386195K->1494252K(14447872K), 0.5042930 secs]
2018-05-15T10:34:54.229+0000: 361333.849: [GC 8377324K->1508773K(14465664K), 0.5495720 secs]
2018-05-15T10:35:46.434+0000: 361386.055: [GC 8413925K->1597643K(14439616K), 0.9864320 secs]
2018-05-15T10:36:46.500+0000: 361446.121: [GC 8502795K->1613284K(14422656K), 0.9862020 secs]
2018-05-15T10:38:13.464+0000: 361533.084: [GC 8465764K->1623879K(14386240K), 0.9184300 secs]
2018-05-15T10:39:06.987+0000: 361586.608: [GC 8476359K->1645046K(14415104K), 0.9592050 secs]
2018-05-15T10:40:06.902+0000: 361646.523: [GC 8467190K->1656398K(14352704K), 0.7909290 secs]
2018-05-15T10:41:03.822+0000: 361703.442: [GC 8478542K->1671428K(14410048K), 0.9431600 secs]
2018-05-15T10:41:33.455+0000: 361733.076: [GC 8478724K->1618736K(14413696K), 0.6293960 secs]
2018-05-15T10:41:51.990+0000: 361751.611: [GC 8426032K->1593333K(14420032K), 0.4733310 secs]
2018-05-15T10:42:15.127+0000: 361774.747: [GC 8413045K->1608458K(14419776K), 0.4880120 secs]
2018-05-15T10:42:32.905+0000: 361792.526: [GC 8428170K->1606127K(14426688K), 0.4493510 secs]
2018-05-15T10:42:50.943+0000: 361810.564: [GC 8436463K->1615151K(14423744K), 0.4805250 secs]
2018-05-15T10:43:48.574+0000: 361868.194: [GC 8445487K->1708927K(14414208K), 0.8610170 secs]
2018-05-15T10:44:47.638+0000: 361927.259: [GC 8534143K->1710875K(14342720K), 0.8992510 secs]
2018-05-15T10:45:35.792+0000: 361975.413: [GC 8536091K->1723181K(14415360K), 0.7754450 secs]
2018-05-15T10:46:31.492+0000: 362031.113: [GC 8539693K->1733988K(14341184K), 0.8954140 secs]
2018-05-15T10:47:08.449+0000: 362068.070: [GC 8550500K->1698250K(14424384K), 0.6179980 secs]
2018-05-15T10:47:25.736+0000: 362085.357: [GC 8519178K->1672428K(14416640K), 0.4331950 secs]
2018-05-15T10:47:45.194+0000: 362104.815: [GC 8493356K->1691937K(14430720K), 0.5358330 secs]
2018-05-15T10:48:06.106+0000: 362125.726: [GC 8528289K->1684781K(14425728K), 0.4441990 secs]
2018-05-15T10:48:23.277+0000: 362142.898: [GC 8521133K->1696802K(14438976K), 0.4945520 secs]
2018-05-15T10:48:43.490+0000: 362163.111: [GC 8549730K->1715238K(14434048K), 0.5446530 secs]
2018-05-15T10:49:00.047+0000: 362179.668: [GC 8568166K->1708362K(14451200K), 0.4694000 secs]
2018-05-15T10:49:16.863+0000: 362196.484: [GC 8585802K->1716278K(14446336K), 0.4940510 secs]
2018-05-15T10:50:10.937+0000: 362250.557: [GC 8593718K->1802871K(14433856K), 0.8248630 secs]
2018-05-15T10:51:18.094+0000: 362317.715: [GC 8673271K->1815693K(14396800K), 0.9280330 secs]
2018-05-15T10:51:58.194+0000: 362357.815: [GC 8686093K->1788686K(14443712K), 0.6792050 secs]
2018-05-15T10:52:14.986+0000: 362374.607: [GC 8647950K->1764073K(14435648K), 0.4785440 secs]
2018-05-15T10:52:34.889+0000: 362394.510: [GC 8623337K->1774827K(14453120K), 0.5252650 secs]
2018-05-15T10:52:54.047+0000: 362413.667: [GC 8655659K->1775723K(14447808K), 0.4750940 secs]
2018-05-15T10:53:11.513+0000: 362431.134: [GC 8656555K->1781766K(14462400K), 0.4688870 secs]
2018-05-15T10:53:32.863+0000: 362452.483: [GC 8681798K->1807450K(14457728K), 0.5524060 secs]
2018-05-15T10:53:50.208+0000: 362469.828: [GC 8707482K->1801145K(14474560K), 0.4832030 secs]
2018-05-15T10:54:09.621+0000: 362489.242: [GC 8725561K->1814939K(14469952K), 0.5288660 secs]
2018-05-15T10:54:59.478+0000: 362539.098: [GC 8739355K->1890545K(14454976K), 0.8139570 secs]
2018-05-15T10:56:08.373+0000: 362607.994: [GC 8805745K->1909632K(14439360K), 0.8182840 secs]
2018-05-15T10:57:00.938+0000: 362660.559: [GC 8824832K->1929544K(14432640K), 0.9654170 secs]
2018-05-15T10:57:37.093+0000: 362696.714: [GC 8797640K->1892223K(14444096K), 0.6426840 secs]
2018-05-15T10:57:54.396+0000: 362714.017: [GC 8760319K->1864873K(14454976K), 0.4674640 secs]
2018-05-15T10:58:23.486+0000: 362743.107: [GC 8753001K->1897870K(14453248K), 0.5728420 secs]
2018-05-15T10:59:43.511+0000: 362823.132: [GC 8785998K->1963973K(14442688K), 0.8706930 secs]
2018-05-15T11:01:00.888+0000: 362900.508: [GC 8848837K->1929688K(14452480K), 0.3665810 secs]
2018-05-15T11:01:38.012+0000: 362937.632: [GC 8814552K->1927252K(14464704K), 0.5538480 secs]
2018-05-15T11:01:57.140+0000: 362956.761: [GC 8832276K->1906410K(14460416K), 0.3841290 secs]
2018-05-15T11:02:23.227+0000: 362982.847: [GC 8811434K->1922672K(14465920K), 0.4303870 secs]
2018-05-15T11:02:41.470+0000: 363001.091: [GC 8832240K->1929766K(14463744K), 0.4497910 secs]
2018-05-15T11:03:15.356+0000: 363034.976: [GC 8839334K->1953232K(14475328K), 0.5626750 secs]
2018-05-15T11:04:23.318+0000: 363102.939: [GC 8877136K->2032347K(14444800K), 0.8876220 secs]
2018-05-15T11:05:11.031+0000: 363150.652: [GC 8956251K->2028187K(14450624K), 0.7739640 secs]
2018-05-15T11:05:28.942+0000: 363168.562: [GC 8920859K->1986761K(14456384K), 0.5444440 secs]
2018-05-15T11:05:48.198+0000: 363187.819: [GC 8879433K->1976419K(14465152K), 0.4499620 secs]
2018-05-15T11:06:08.833+0000: 363208.453: [GC 8883619K->1990912K(14462144K), 0.5011520 secs]
2018-05-15T11:06:28.332+0000: 363227.952: [GC 8898112K->2002980K(14475840K), 0.5227770 secs]
2018-05-15T11:06:46.953+0000: 363246.573: [GC 8928484K->1991739K(14469760K), 0.4302390 secs]
2018-05-15T11:07:10.175+0000: 363269.796: [GC 8917243K->1991536K(14481344K), 0.4118190 secs]
2018-05-15T11:07:29.569+0000: 363289.189: [GC 8931696K->2015795K(14478912K), 0.4923510 secs]
2018-05-15T11:07:48.796+0000: 363308.417: [GC 8955955K->2028791K(14494592K), 0.5265250 secs]
2018-05-15T11:08:05.117+0000: 363324.737: [GC 8990903K->2036014K(14487616K), 0.5021250 secs]
2018-05-15T11:08:23.413+0000: 363343.033: [GC 8998126K->2047198K(14507072K), 0.5662600 secs]
2018-05-15T11:08:43.148+0000: 363362.769: [GC 9035230K->2035825K(14501056K), 0.4784510 secs]
2018-05-15T11:09:03.208+0000: 363382.829: [GC 9023857K->2043534K(14512640K), 0.4466050 secs]
2018-05-15T11:09:23.181+0000: 363402.801: [GC 9045710K->2064420K(14509632K), 0.5248570 secs]
2018-05-15T11:09:42.986+0000: 363422.606: [GC 9066596K->2070516K(14522752K), 0.5199190 secs]
2018-05-15T11:10:01.495+0000: 363441.116: [GC 9091124K->2064236K(14517952K), 0.4165080 secs]
2018-05-15T11:10:21.877+0000: 363461.498: [GC 9084844K->2081320K(14528704K), 0.4354880 secs]
2018-05-15T11:10:42.146+0000: 363481.767: [GC 9114600K->2090346K(14524672K), 0.5158270 secs]
2018-05-15T11:11:00.340+0000: 363499.961: [GC 9123626K->2089682K(14534528K), 0.4797080 secs]
2018-05-15T11:11:21.306+0000: 363520.927: [GC 9136530K->2103683K(14532416K), 0.5020790 secs]
2018-05-15T11:11:40.877+0000: 363540.497: [GC 9150531K->2102136K(14539520K), 0.4452370 secs]
2018-05-15T11:12:00.275+0000: 363559.896: [GC 9159288K->2120166K(14537728K), 0.5483310 secs]
2018-05-15T11:12:20.078+0000: 363579.698: [GC 9177318K->2122569K(14544512K), 0.4947870 secs]
2018-05-15T11:12:41.019+0000: 363600.640: [GC 9188809K->2135225K(14541824K), 0.5253050 secs]
2018-05-15T11:13:32.395+0000: 363652.015: [GC 9201465K->2177310K(14516352K), 0.7188440 secs]
2018-05-15T11:14:40.885+0000: 363720.506: [GC 9219102K->2168159K(14530944K), 0.4954350 secs]
2018-05-15T11:14:59.850+0000: 363739.470: [GC 9209951K->2150900K(14529920K), 0.3287730 secs]
2018-05-15T11:16:07.265+0000: 363806.885: [GC 9194996K->2226487K(14532096K), 0.6643720 secs]
2018-05-15T11:16:28.806+0000: 363828.426: [GC 9270583K->2219507K(14510848K), 0.6018070 secs]
2018-05-15T11:16:51.074+0000: 363850.694: [GC 9242355K->2207184K(14521472K), 0.4739010 secs]
2018-05-15T11:17:12.269+0000: 363871.890: [GC 9230032K->2222063K(14526080K), 0.4818340 secs]
2018-05-15T11:17:34.369+0000: 363893.990: [GC 9250927K->2239875K(14522880K), 0.5355470 secs]
2018-05-15T11:17:56.719+0000: 363916.340: [GC 9268739K->2247273K(14531392K), 0.5524990 secs]
2018-05-15T11:18:07.372+0000: 363926.993: [GC 5569261K->2202241K(14438464K), 0.2860880 secs]
2018-05-15T11:18:07.658+0000: 363927.279: [Full GC 2202241K->1224847K(14438464K), 4.4854590 secs]
2018-05-15T11:18:30.204+0000: 363949.824: [GC 8259535K->1338159K(14529216K), 0.5123610 secs]
2018-05-15T11:18:51.653+0000: 363971.273: [GC 8373615K->1339289K(14526336K), 0.4851190 secs]
2018-05-15T11:19:12.091+0000: 363991.711: [GC 8374745K->1354869K(14534656K), 0.5100240 secs]
2018-05-15T11:19:32.996+0000: 364012.616: [GC 8401333K->1373612K(14531904K), 0.5556110 secs]
2018-05-15T11:19:54.714+0000: 364034.335: [GC 8420076K->1371278K(14535232K), 0.5260150 secs]
2018-05-15T11:20:17.359+0000: 364056.979: [GC 8419534K->1369727K(14533120K), 0.4560070 secs]
2018-05-15T11:20:37.157+0000: 364076.777: [GC 8417983K->1381066K(14540736K), 0.4641410 secs]
2018-05-15T11:21:00.077+0000: 364099.698: [GC 8439626K->1388431K(14537920K), 0.5037380 secs]
2018-05-15T11:21:22.254+0000: 364121.875: [GC 8446991K->1401021K(14542336K), 0.5378510 secs]
2018-05-15T11:21:43.401+0000: 364143.022: [GC 8466109K->1410695K(14527104K), 0.5810580 secs]
2018-05-15T11:22:22.102+0000: 364181.723: [GC 8475783K->1448744K(14511360K), 0.7493420 secs]
2018-05-15T11:22:45.892+0000: 364205.513: [GC 8481320K->1431655K(14526336K), 0.5175220 secs]
2018-05-15T11:23:05.377+0000: 364224.998: [GC 8464231K->1435663K(14531200K), 0.5246580 secs]
2018-05-15T11:23:44.503+0000: 364264.123: [GC 8475919K->1482489K(14527680K), 0.7261880 secs]
2018-05-15T11:24:49.197+0000: 364328.818: [GC 8522745K->1536022K(14465088K), 0.9402360 secs]
2018-05-15T11:25:48.075+0000: 364387.696: [GC 8508694K->1589568K(14496384K), 0.9542210 secs]
2018-05-15T11:26:42.687+0000: 364442.308: [GC 8562240K->1609381K(14413312K), 0.8753010 secs]
2018-05-15T11:27:26.990+0000: 364486.611: [GC 8498981K->1589594K(14454848K), 0.7063730 secs]
2018-05-15T11:27:44.453+0000: 364504.074: [GC 8479194K->1555648K(14460288K), 0.4915900 secs]
2018-05-15T11:28:03.004+0000: 364522.624: [GC 8454656K->1559491K(14458816K), 0.4893110 secs]
2018-05-15T11:29:02.359+0000: 364581.980: [GC 8458499K->1652370K(14437184K), 0.8504450 secs]
2018-05-15T11:29:49.822+0000: 364629.443: [GC 8531730K->1631473K(14449728K), 0.7814440 secs]
2018-05-15T11:30:07.555+0000: 364647.175: [GC 8510833K->1587156K(14453888K), 0.4695050 secs]
2018-05-15T11:30:25.381+0000: 364665.002: [GC 8472724K->1586637K(14451776K), 0.4720120 secs]
2018-05-15T11:31:25.897+0000: 364725.518: [GC 8472205K->1652096K(14456192K), 0.7792040 secs]
2018-05-15T11:31:43.816+0000: 364743.437: [GC 8543424K->1609400K(14455232K), 0.5018920 secs]
2018-05-15T11:32:02.630+0000: 364762.250: [GC 8500728K->1614110K(14463424K), 0.4460920 secs]
2018-05-15T11:32:57.606+0000: 364817.227: [GC 8517150K->1694118K(14422528K), 0.8603650 secs]
2018-05-15T11:33:17.502+0000: 364837.123: [GC 8597158K->1625838K(14457088K), 0.4735550 secs]
2018-05-15T11:33:35.452+0000: 364855.072: [GC 8517038K->1631800K(14454208K), 0.4908860 secs]
2018-05-15T11:33:55.840+0000: 364875.461: [GC 8523000K->1648075K(14466880K), 0.5364650 secs]
2018-05-15T11:34:13.423+0000: 364893.044: [GC 8555723K->1638334K(14460864K), 0.4461220 secs]
2018-05-15T11:34:41.711+0000: 364921.332: [GC 8545982K->1676262K(14476992K), 0.6520820 secs]
2018-05-15T11:35:26.831+0000: 364966.452: [GC 8603110K->1713988K(14469952K), 0.7606220 secs]
2018-05-15T11:35:44.825+0000: 364984.446: [GC 8640836K->1666509K(14475584K), 0.4933170 secs]
2018-05-15T11:36:03.547+0000: 365003.168: [GC 8593869K->1665805K(14471872K), 0.4510450 secs]
2018-05-15T11:37:00.622+0000: 365060.242: [GC 8593165K->1762974K(14445312K), 0.9675660 secs]
2018-05-15T11:37:59.817+0000: 365119.438: [GC 8666654K->1769789K(14432960K), 0.9450570 secs]
2018-05-15T11:38:52.765+0000: 365172.386: [GC 8673469K->1783410K(14424640K), 0.9757400 secs]
2018-05-15T11:39:29.935+0000: 365209.555: [GC 8636658K->1740009K(14436672K), 0.7001740 secs]
2018-05-15T11:39:47.798+0000: 365227.419: [GC 8593257K->1709585K(14448448K), 0.4586650 secs]
2018-05-15T11:40:11.506+0000: 365251.127: [GC 8584209K->1737879K(14446272K), 0.5447660 secs]
2018-05-15T11:41:13.412+0000: 365313.033: [GC 8612503K->1813981K(14433536K), 0.8204400 secs]
2018-05-15T11:42:16.044+0000: 365375.664: [GC 8682845K->1826727K(14399040K), 0.9855340 secs]
2018-05-15T11:43:19.702+0000: 365439.323: [GC 8695591K->1829145K(14425600K), 0.9174570 secs]
2018-05-15T11:44:17.712+0000: 365497.332: [GC 8670361K->1841781K(14370624K), 0.9527730 secs]
2018-05-15T11:45:04.153+0000: 365543.774: [GC 8682997K->1818391K(14435776K), 0.6644460 secs]
2018-05-15T11:45:20.999+0000: 365560.619: [GC 8660055K->1772134K(14425984K), 0.4639040 secs]
2018-05-15T11:45:41.777+0000: 365581.398: [GC 8613798K->1782014K(14437568K), 0.5057050 secs]
2018-05-15T11:46:02.139+0000: 365601.760: [GC 8635070K->1788477K(14435584K), 0.4810100 secs]
2018-05-15T11:46:19.547+0000: 365619.168: [GC 8641533K->1793771K(14444416K), 0.4777800 secs]
2018-05-15T11:46:41.913+0000: 365641.534: [GC 8658859K->1812281K(14440768K), 0.5643950 secs]
2018-05-15T11:46:59.730+0000: 365659.350: [GC 8677369K->1798639K(14454016K), 0.4510130 secs]
2018-05-15T11:47:22.172+0000: 365681.792: [GC 8683567K->1823152K(14451008K), 0.5715620 secs]
2018-05-15T11:47:39.131+0000: 365698.752: [GC 8708080K->1812170K(14465280K), 0.5026530 secs]
2018-05-15T11:47:56.662+0000: 365716.283: [GC 8718602K->1811322K(14461248K), 0.4614520 secs]
2018-05-15T11:49:01.429+0000: 365781.050: [GC 8717754K->1889889K(14451392K), 0.8572190 secs]
2018-05-15T11:49:56.962+0000: 365836.583: [GC 8790113K->1927093K(14437440K), 0.9140310 secs]
2018-05-15T11:50:56.278+0000: 365895.899: [GC 8827317K->1939035K(14416640K), 0.9069340 secs]
2018-05-15T11:52:33.620+0000: 365993.241: [GC 8779355K->1938669K(14370368K), 0.9563820 secs]
2018-05-15T11:54:04.149+0000: 366083.770: [GC 8778989K->1949975K(14412224K), 0.9369280 secs]
2018-05-15T11:55:03.968+0000: 366143.588: [GC 8765207K->1968475K(14352832K), 0.8228910 secs]
2018-05-15T11:55:36.762+0000: 366176.383: [GC 8783707K->1925362K(14420416K), 0.6798110 secs]
2018-05-15T11:55:54.906+0000: 366194.526: [GC 8737138K->1887963K(14411456K), 0.4075000 secs]
2018-05-15T11:56:20.868+0000: 366220.489: [GC 8699739K->1929404K(14428352K), 0.6078460 secs]
2018-05-15T11:57:14.226+0000: 366273.846: [GC 8758396K->2000781K(14420736K), 0.8496800 secs]
2018-05-15T11:58:14.220+0000: 366333.840: [GC 8829773K->2012322K(14416000K), 0.9301230 secs]
2018-05-15T11:59:17.772+0000: 366397.392: [GC 8830754K->2021725K(14344768K), 0.9034840 secs]
2018-05-15T11:59:44.634+0000: 366424.255: [GC 8840157K->1967526K(14422016K), 0.5731760 secs]
2018-05-15T12:00:01.919+0000: 366441.539: [GC 8787430K->1957541K(14417984K), 0.4005480 secs]
2018-05-15T12:00:22.379+0000: 366462.000: [GC 8777445K->1980704K(14428352K), 0.5058920 secs]
2018-05-15T12:00:49.421+0000: 366489.042: [GC 8812000K->1992083K(14423040K), 0.5584790 secs]
2018-05-15T12:01:08.057+0000: 366507.678: [GC 8823379K->1996932K(14439936K), 0.5224600 secs]
2018-05-15T12:01:21.632+0000: 366521.253: [GC 8851332K->1977056K(14434560K), 0.3973430 secs]
2018-05-15T12:01:51.391+0000: 366551.011: [GC 8831456K->2027080K(14450944K), 0.6667180 secs]
2018-05-15T12:03:01.620+0000: 366621.241: [GC 8898952K->2095454K(14403840K), 0.9734030 secs]
2018-05-15T12:04:14.066+0000: 366693.687: [GC 8967326K->2106536K(14417920K), 0.9847500 secs]
2018-05-15T12:05:19.450+0000: 366759.070: [GC 8943272K->2113350K(14367872K), 0.8607860 secs]
2018-05-15T12:06:36.298+0000: 366835.919: [GC 8950086K->2123989K(14413696K), 0.8430820 secs]
2018-05-15T12:07:42.852+0000: 366902.473: [GC 8939605K->2136338K(14347520K), 0.9760240 secs]
2018-05-15T12:08:37.684+0000: 366957.304: [GC 8951954K->2147895K(14409920K), 0.9748400 secs]
2018-05-15T12:09:37.638+0000: 367017.259: [GC 8952247K->2152997K(14334592K), 0.9618900 secs]
2018-05-15T12:10:41.135+0000: 367080.755: [GC 8957349K->2152640K(14416448K), 0.7933120 secs]
2018-05-15T12:11:39.923+0000: 367139.544: [GC 8961088K->2169926K(14412096K), 0.9229010 secs]
2018-05-15T12:12:20.244+0000: 367179.864: [GC 8978374K->2127867K(14422656K), 0.6190820 secs]
2018-05-15T12:12:38.931+0000: 367198.552: [GC 8949691K->2104379K(14419264K), 0.4527730 secs]
2018-05-15T12:13:09.755+0000: 367229.375: [GC 8926203K->2137075K(14425600K), 0.5894400 secs]
2018-05-15T12:14:14.572+0000: 367294.193: [GC 8963507K->2207609K(14420928K), 0.9063920 secs]
2018-05-15T12:15:08.628+0000: 367348.249: [GC 9034041K->2221732K(14420608K), 0.8944610 secs]
2018-05-15T12:15:36.653+0000: 367376.273: [GC 9046180K->2168687K(14422272K), 0.5028860 secs]
2018-05-15T12:15:53.759+0000: 367393.380: [GC 8993135K->2161930K(14427264K), 0.4599330 secs]
2018-05-15T12:16:15.213+0000: 367414.834: [GC 8995402K->2190352K(14426304K), 0.5292340 secs]
2018-05-15T12:16:34.109+0000: 367433.729: [GC 9023824K->2171528K(14429376K), 0.3707400 secs]
2018-05-15T12:16:50.367+0000: 367449.987: [GC 9012744K->2206534K(14430656K), 0.4747440 secs]
2018-05-15T12:17:11.423+0000: 367471.044: [GC 9047750K->2239986K(14445056K), 0.5819100 secs]
2018-05-15T12:17:27.229+0000: 367486.850: [GC 9100530K->2238648K(14435584K), 0.5230690 secs]
2018-05-15T12:17:46.968+0000: 367506.589: [GC 9099192K->2253909K(14456128K), 0.5580780 secs]
2018-05-15T12:18:12.151+0000: 367531.772: [GC 6133553K->2261259K(14450496K), 0.4469650 secs]
2018-05-15T12:18:12.599+0000: 367532.219: [Full GC 2261259K->1278547K(14450496K), 3.7579520 secs]
2018-05-15T12:18:57.856+0000: 367577.477: [GC 8165075K->1452216K(14446592K), 0.6829520 secs]
2018-05-15T12:19:38.092+0000: 367617.713: [GC 8339384K->1467526K(14397056K), 0.8368900 secs]
2018-05-15T12:20:11.102+0000: 367650.723: [GC 8354694K->1456030K(14454656K), 0.6605820 secs]
2018-05-15T12:20:27.254+0000: 367666.875: [GC 8340446K->1418671K(14449856K), 0.5025470 secs]
2018-05-15T12:20:43.507+0000: 367683.128: [GC 8303087K->1429980K(14460736K), 0.4882560 secs]
2018-05-15T12:20:59.458+0000: 367699.079: [GC 8327772K->1446925K(14457152K), 0.5356300 secs]
2018-05-15T12:21:20.085+0000: 367719.706: [GC 8344717K->1454605K(14470848K), 0.5063360 secs]
2018-05-15T12:21:36.604+0000: 367736.225: [GC 8371277K->1466690K(14465920K), 0.4653230 secs]
2018-05-15T12:21:54.437+0000: 367754.057: [GC 8383362K->1464604K(14478400K), 0.4353370 secs]
2018-05-15T12:22:12.747+0000: 367772.367: [GC 8398364K->1485525K(14475456K), 0.4881560 secs]
2018-05-15T12:22:30.826+0000: 367790.447: [GC 8419285K->1498091K(14488640K), 0.4933250 secs]
2018-05-15T12:22:45.986+0000: 367805.607: [GC 8450091K->1497436K(14483456K), 0.4296640 secs]
2018-05-15T12:23:03.432+0000: 367823.053: [GC 8449436K->1508161K(14494400K), 0.4518480 secs]
2018-05-15T12:23:20.566+0000: 367840.187: [GC 8473793K->1520622K(14491328K), 0.4568570 secs]
2018-05-15T12:24:05.357+0000: 367884.978: [GC 8486254K->1590143K(14475584K), 0.7391750 secs]
2018-05-15T12:24:30.824+0000: 367910.445: [GC 8544383K->1545244K(14487168K), 0.4152930 secs]
2018-05-15T12:24:48.796+0000: 367928.417: [GC 8499484K->1560602K(14498240K), 0.5202510 secs]
2018-05-15T12:25:07.503+0000: 367947.124: [GC 8530778K->1566915K(14492032K), 0.4808590 secs]
2018-05-15T12:25:25.739+0000: 367965.359: [GC 8537091K->1570480K(14507648K), 0.4993460 secs]
2018-05-15T12:25:42.665+0000: 367982.286: [GC 8561648K->1579411K(14503616K), 0.4904800 secs]
2018-05-15T12:26:02.937+0000: 368002.558: [GC 8570579K->1601126K(14516288K), 0.5430060 secs]
2018-05-15T12:26:20.817+0000: 368020.438: [GC 8608742K->1607217K(14511424K), 0.5187600 secs]
2018-05-15T12:26:40.971+0000: 368040.591: [GC 8614833K->1626053K(14522624K), 0.5393180 secs]
2018-05-15T12:27:00.365+0000: 368059.986: [GC 8648901K->1630552K(14520320K), 0.4996380 secs]
2018-05-15T12:27:16.042+0000: 368075.663: [GC 8653400K->1643601K(14530176K), 0.3460070 secs]
2018-05-15T12:27:53.713+0000: 368113.333: [GC 8680401K->1686122K(14526016K), 0.7484940 secs]
2018-05-15T12:28:51.982+0000: 368171.602: [GC 8722922K->1731719K(14467776K), 0.9092030 secs]
2018-05-15T12:29:56.809+0000: 368236.429: [GC 8705374K->1738985K(14463232K), 0.6472100 secs]
2018-05-15T12:30:14.528+0000: 368254.149: [GC 8712681K->1702331K(14494976K), 0.4194930 secs]
2018-05-15T12:30:37.319+0000: 368276.940: [GC 8671163K->1725214K(14493952K), 0.5211620 secs]
2018-05-15T12:30:57.506+0000: 368297.127: [GC 8694046K->1716301K(14501184K), 0.4630480 secs]
2018-05-15T12:31:17.707+0000: 368317.328: [GC 8696973K->1728888K(14499584K), 0.4997120 secs]
2018-05-15T12:31:36.054+0000: 368335.675: [GC 8709560K->1737901K(14507264K), 0.5031510 secs]
2018-05-15T12:31:53.880+0000: 368353.501: [GC 8729069K->1740715K(14504000K), 0.4754180 secs]
2018-05-15T12:32:16.859+0000: 368376.480: [GC 8731883K->1759407K(14515008K), 0.5712530 secs]
2018-05-15T12:33:15.799+0000: 368435.420: [GC 8764271K->1841588K(14509952K), 0.9573510 secs]
2018-05-15T12:34:10.352+0000: 368489.972: [GC 8846452K->1883102K(14422528K), 0.9723630 secs]
2018-05-15T12:35:07.544+0000: 368547.165: [GC 8795486K->1910287K(14439424K), 0.8235810 secs]
2018-05-15T12:36:05.085+0000: 368604.706: [GC 8822671K->1922727K(14436352K), 0.8911950 secs]
2018-05-15T12:37:12.199+0000: 368671.819: [GC 8793639K->1933228K(14396480K), 0.8805990 secs]
2018-05-15T12:38:15.022+0000: 368734.643: [GC 8804140K->1945215K(14430016K), 0.9200970 secs]
2018-05-15T12:38:49.938+0000: 368769.558: [GC 8794367K->1898725K(14434624K), 0.5832380 secs]
2018-05-15T12:39:08.300+0000: 368787.921: [GC 8747877K->1879815K(14440640K), 0.4071840 secs]
2018-05-15T12:39:30.556+0000: 368810.176: [GC 8740423K->1893507K(14440064K), 0.4747100 secs]
2018-05-15T12:39:47.696+0000: 368827.317: [GC 8754115K->1892074K(14445760K), 0.4754230 secs]
2018-05-15T12:40:04.958+0000: 368844.579: [GC 8761322K->1895474K(14443584K), 0.3882280 secs]
2018-05-15T12:40:29.984+0000: 368869.604: [GC 8764722K->1934478K(14457792K), 0.5418980 secs]
2018-05-15T12:40:47.249+0000: 368886.869: [GC 8820750K->1913245K(14448576K), 0.4441050 secs]
2018-05-15T12:41:10.463+0000: 368910.084: [GC 8799517K->1936212K(14467648K), 0.5241970 secs]
2018-05-15T12:42:04.807+0000: 368964.428: [GC 8844756K->1944217K(14460992K), 0.5309330 secs]
2018-05-15T12:42:22.456+0000: 368982.077: [GC 8852761K->1940225K(14477440K), 0.4864190 secs]
2018-05-15T12:42:55.078+0000: 369014.698: [GC 8871617K->1969066K(14474048K), 0.6025810 secs]
2018-05-15T12:45:09.799+0000: 369149.419: [GC 8900458K->2014122K(14472064K), 0.7382610 secs]
2018-05-15T12:45:29.415+0000: 369169.035: [GC 8951082K->1948330K(14355200K), 0.3633380 secs]
2018-05-15T12:46:09.662+0000: 369209.283: [GC 8885290K->1983868K(14483520K), 0.4902160 secs]
2018-05-15T12:47:14.835+0000: 369274.456: [GC 8924924K->2070934K(14466752K), 0.9015020 secs]
2018-05-15T12:48:25.355+0000: 369344.976: [GC 9011990K->2082611K(14440064K), 0.9323180 secs]
2018-05-15T12:49:20.760+0000: 369400.381: [GC 8969651K->2090862K(14411904K), 0.9377080 secs]
2018-05-15T12:50:02.430+0000: 369442.050: [GC 8977902K->2060390K(14451520K), 0.5893230 secs]
2018-05-15T12:50:49.620+0000: 369489.241: [GC 8935590K->2079940K(14443776K), 0.7009360 secs]
2018-05-15T12:51:07.525+0000: 369507.145: [GC 8955140K->2040580K(14456832K), 0.4996040 secs]
2018-05-15T12:51:26.929+0000: 369526.550: [GC 8931780K->2045740K(14454464K), 0.4953290 secs]
2018-05-15T12:52:30.942+0000: 369590.563: [GC 8936940K->2138534K(14434880K), 0.8012640 secs]
2018-05-15T12:53:33.424+0000: 369653.044: [GC 9012902K->2147288K(14403520K), 0.9321590 secs]
2018-05-15T12:54:05.428+0000: 369685.048: [GC 9021656K->2106659K(14446464K), 0.6127760 secs]
2018-05-15T12:54:22.221+0000: 369701.842: [GC 8971171K->2085616K(14438144K), 0.4728850 secs]
2018-05-15T12:54:48.237+0000: 369727.857: [GC 8950128K->2107115K(14454400K), 0.5696940 secs]
2018-05-15T12:55:49.752+0000: 369789.373: [GC 8990187K->2183349K(14411584K), 0.9519660 secs]
2018-05-15T12:56:59.038+0000: 369858.659: [GC 9066421K->2193855K(14429312K), 1.0004540 secs]
2018-05-15T12:58:22.883+0000: 369942.504: [GC 9047359K->2201586K(14379520K), 0.8122840 secs]
2018-05-15T12:59:48.878+0000: 370028.498: [GC 9055090K->2218443K(14424064K), 0.8290780 secs]
2018-05-15T13:01:02.843+0000: 370102.463: [GC 9054411K->2205180K(14428032K), 0.7106470 secs]
2018-05-15T13:02:02.868+0000: 370162.489: [GC 9041148K->2212957K(14442560K), 0.7263460 secs]
2018-05-15T13:02:56.701+0000: 370216.322: [GC 9069917K->2250086K(14434496K), 0.9505350 secs]
2018-05-15T13:04:02.575+0000: 370282.195: [GC 9107046K->2254713K(14439104K), 0.9160710 secs]
2018-05-15T13:04:42.786+0000: 370322.407: [GC 9113465K->2211141K(14439424K), 0.6188610 secs]
2018-05-15T13:04:59.833+0000: 370339.454: [GC 9069893K->2192839K(14439104K), 0.4981130 secs]
2018-05-15T13:05:22.618+0000: 370362.238: [GC 9053511K->2205358K(14440384K), 0.5271720 secs]
2018-05-15T13:05:39.578+0000: 370379.199: [GC 9066030K->2205965K(14443712K), 0.4927900 secs]
2018-05-15T13:05:57.042+0000: 370396.663: [GC 9071757K->2208686K(14442176K), 0.4777610 secs]
2018-05-15T13:06:48.826+0000: 370448.447: [GC 9074478K->2275275K(14447040K), 0.8037720 secs]
2018-05-15T13:07:50.754+0000: 370510.375: [GC 9147915K->2303164K(14392832K), 0.9017120 secs]
2018-05-15T13:08:26.340+0000: 370545.960: [GC 9175804K->2254232K(14447232K), 0.5930360 secs]
2018-05-15T13:09:35.614+0000: 370615.235: [GC 9123288K->2330584K(14400320K), 0.9156070 secs]
2018-05-15T13:10:59.806+0000: 370699.427: [GC 9199640K->2337569K(14428032K), 0.9425230 secs]
2018-05-15T13:11:37.557+0000: 370737.178: [GC 9183905K->2278386K(14433216K), 0.5618710 secs]
2018-05-15T13:12:33.803+0000: 370793.424: [GC 9124722K->2357029K(14424192K), 0.9650470 secs]
2018-05-15T13:13:34.745+0000: 370854.365: [GC 9198501K->2357705K(14365504K), 0.9169830 secs]
2018-05-15T13:14:34.730+0000: 370914.351: [GC 9199177K->2372728K(14424960K), 0.8870170 secs]
2018-05-15T13:15:02.165+0000: 370941.786: [GC 9206520K->2316733K(14426944K), 0.5067580 secs]
2018-05-15T13:15:57.632+0000: 370997.252: [GC 9150525K->2392113K(14425024K), 0.9519430 secs]
2018-05-15T13:16:55.448+0000: 371055.068: [GC 9226929K->2389673K(14427456K), 0.8112290 secs]
2018-05-15T13:17:13.450+0000: 371073.071: [GC 9224489K->2325692K(14428608K), 0.4732860 secs]
2018-05-15T13:17:59.315+0000: 371118.936: [GC 9164220K->2389950K(14429312K), 0.7885290 secs]
2018-05-15T13:18:16.366+0000: 371135.986: [GC 7402007K->2312915K(14426624K), 0.3694580 secs]
2018-05-15T13:18:16.735+0000: 371136.356: [Full GC 2312915K->1263922K(14426624K), 3.9776430 secs]
2018-05-15T13:18:44.128+0000: 371163.749: [GC 8107186K->1375190K(14431680K), 0.5066660 secs]
2018-05-15T13:19:01.440+0000: 371181.060: [GC 8218454K->1366660K(14437376K), 0.4395190 secs]
2018-05-15T13:19:44.768+0000: 371224.389: [GC 8219652K->1434687K(14435712K), 0.7613410 secs]
2018-05-15T13:20:18.795+0000: 371258.416: [GC 8287679K->1421296K(14448960K), 0.5357870 secs]
2018-05-15T13:20:29.909+0000: 371269.530: [GC 8290800K->1381441K(14440640K), 0.3646320 secs]
2018-05-15T13:20:47.042+0000: 371286.663: [GC 8250945K->1407227K(14452416K), 0.4376820 secs]
2018-05-15T13:21:50.090+0000: 371349.711: [GC 8287995K->1478596K(14448448K), 0.8130790 secs]
2018-05-15T13:22:08.159+0000: 371367.780: [GC 8359364K->1421818K(14451712K), 0.4724360 secs]
2018-05-15T13:22:26.962+0000: 371386.583: [GC 8302202K->1437210K(14448768K), 0.4922210 secs]
2018-05-15T13:23:19.795+0000: 371439.416: [GC 8317594K->1521683K(14434944K), 0.9034710 secs]
2018-05-15T13:24:18.598+0000: 371498.219: [GC 8393747K->1537565K(14402304K), 0.9533770 secs]
2018-05-15T13:25:25.647+0000: 371565.267: [GC 8409629K->1544060K(14419840K), 0.9390470 secs]
2018-05-15T13:26:02.825+0000: 371602.446: [GC 8378876K->1489637K(14427456K), 0.5812980 secs]
2018-05-15T13:26:21.425+0000: 371621.046: [GC 8324453K->1471582K(14438016K), 0.4521950 secs]
2018-05-15T13:26:55.927+0000: 371655.548: [GC 8324574K->1512267K(14435072K), 0.6563850 secs]
2018-05-15T13:28:00.519+0000: 371720.140: [GC 8365259K->1572139K(14428544K), 0.7839150 secs]
2018-05-15T13:29:30.657+0000: 371810.278: [GC 8428331K->1565078K(14370688K), 0.8722780 secs]
2018-05-15T13:30:07.702+0000: 371847.323: [GC 8421270K->1524765K(14442304K), 0.5444830 secs]
2018-05-15T13:30:25.648+0000: 371865.269: [GC 8383261K->1513220K(14436288K), 0.4257720 secs]
2018-05-15T13:30:49.789+0000: 371889.409: [GC 8371716K->1527072K(14448512K), 0.5341860 secs]
2018-05-15T13:31:09.839+0000: 371909.460: [GC 8399968K->1524851K(14444480K), 0.4684200 secs]
2018-05-15T13:31:28.543+0000: 371928.164: [GC 8397747K->1527846K(14454912K), 0.4734070 secs]
2018-05-15T13:32:29.980+0000: 371989.601: [GC 8414374K->1631660K(14418624K), 0.8077010 secs]
2018-05-15T13:33:49.968+0000: 372069.589: [GC 8518188K->1640537K(14422208K), 0.9234080 secs]
2018-05-15T13:34:44.843+0000: 372124.464: [GC 8483673K->1656634K(14374016K), 0.9607490 secs]
2018-05-15T13:35:46.145+0000: 372185.765: [GC 8499770K->1667659K(14409984K), 0.9369480 secs]
2018-05-15T13:36:35.034+0000: 372234.655: [GC 8481227K->1663972K(14416832K), 0.8388050 secs]
2018-05-15T13:36:52.169+0000: 372251.789: [GC 8477540K->1606965K(14420736K), 0.5014200 secs]
2018-05-15T13:37:09.326+0000: 372268.947: [GC 8425653K->1607104K(14418048K), 0.4637120 secs]
2018-05-15T13:37:32.344+0000: 372291.965: [GC 8425792K->1625091K(14429632K), 0.5203390 secs]
2018-05-15T13:37:51.384+0000: 372311.005: [GC 8458243K->1622387K(14423616K), 0.4593070 secs]
2018-05-15T13:38:13.917+0000: 372333.538: [GC 8455539K->1644117K(14441024K), 0.5288500 secs]
2018-05-15T13:38:31.730+0000: 372351.351: [GC 8498773K->1633981K(14433728K), 0.4415190 secs]
2018-05-15T13:38:49.721+0000: 372369.341: [GC 8488637K->1643236K(14450304K), 0.4628180 secs]
2018-05-15T13:39:46.206+0000: 372425.827: [GC 8518564K->1736251K(14401856K), 0.8755660 secs]
2018-05-15T13:40:47.802+0000: 372487.422: [GC 8611579K->1755218K(14415488K), 0.9218330 secs]
2018-05-15T13:41:30.137+0000: 372529.757: [GC 8589138K->1744144K(14427008K), 0.8161460 secs]
2018-05-15T13:41:47.072+0000: 372546.693: [GC 8578064K->1697401K(14433088K), 0.4997810 secs]
2018-05-15T13:42:05.393+0000: 372565.014: [GC 8537785K->1704051K(14427392K), 0.5119770 secs]
2018-05-15T13:42:54.354+0000: 372613.974: [GC 8544435K->1768438K(14437248K), 0.8383210 secs]
2018-05-15T13:43:20.761+0000: 372640.382: [GC 8624630K->1717390K(14438144K), 0.4871210 secs]
2018-05-15T13:43:40.016+0000: 372659.637: [GC 8573582K->1731591K(14448896K), 0.5112390 secs]
2018-05-15T13:44:00.443+0000: 372680.063: [GC 8603015K->1734399K(14442624K), 0.5019680 secs]
2018-05-15T13:44:18.185+0000: 372697.805: [GC 8605823K->1735396K(14459072K), 0.4599910 secs]
2018-05-15T13:44:37.852+0000: 372717.473: [GC 8628836K->1748723K(14454464K), 0.4953910 secs]
2018-05-15T13:45:46.498+0000: 372786.119: [GC 8642163K->1839297K(14435264K), 0.8661750 secs]
2018-05-15T13:46:53.180+0000: 372852.801: [GC 8719553K->1848717K(14409088K), 0.9578750 secs]
2018-05-15T13:47:56.728+0000: 372916.349: [GC 8728973K->1848914K(14427904K), 0.8725690 secs]
2018-05-15T13:48:16.354+0000: 372935.975: [GC 8695762K->1779600K(14433472K), 0.4484500 secs]
2018-05-15T13:48:33.129+0000: 372952.750: [GC 8626448K->1793349K(14441216K), 0.4725610 secs]
2018-05-15T13:48:53.580+0000: 372973.201: [GC 8650885K->1798955K(14436416K), 0.4672900 secs]
2018-05-15T13:49:11.056+0000: 372990.677: [GC 8656491K->1803196K(14451328K), 0.4943960 secs]
2018-05-15T13:49:40.172+0000: 373019.793: [GC 8681084K->1821261K(14446656K), 0.5148370 secs]
2018-05-15T13:50:38.368+0000: 373077.989: [GC 8699149K->1901614K(14434560K), 0.7675500 secs]
2018-05-15T13:51:32.892+0000: 373132.513: [GC 8774830K->1914022K(14398720K), 0.9235680 secs]
2018-05-15T13:52:36.378+0000: 373195.999: [GC 8787238K->1921565K(14427392K), 0.8798270 secs]
2018-05-15T13:53:02.245+0000: 373221.866: [GC 8765981K->1870993K(14432256K), 0.5652840 secs]
2018-05-15T13:53:18.875+0000: 373238.495: [GC 8715409K->1866067K(14443328K), 0.4911170 secs]
2018-05-15T13:53:48.754+0000: 373268.374: [GC 8728211K->1891228K(14438912K), 0.5927200 secs]
2018-05-15T13:54:45.688+0000: 373325.308: [GC 8753372K->1950662K(14438656K), 0.8695780 secs]
2018-05-15T13:55:43.406+0000: 373383.026: [GC 8820678K->1963615K(14392384K), 0.9021920 secs]
2018-05-15T13:56:14.377+0000: 373413.998: [GC 8833631K->1921422K(14446144K), 0.5772690 secs]
2018-05-15T13:56:31.765+0000: 373431.385: [GC 8786190K->1900686K(14438720K), 0.4382700 secs]
2018-05-15T13:56:54.974+0000: 373454.595: [GC 8765454K->1931292K(14455296K), 0.5877040 secs]
2018-05-15T13:57:50.397+0000: 373510.017: [GC 8814684K->1996358K(14406656K), 0.8296260 secs]
2018-05-15T13:58:44.791+0000: 373564.412: [GC 8879750K->2007144K(14433728K), 0.9087960 secs]
2018-05-15T13:59:45.600+0000: 373625.221: [GC 8867688K->2017946K(14384064K), 0.8585190 secs]
2018-05-15T14:00:42.792+0000: 373682.412: [GC 8878490K->2011328K(14438464K), 0.7703680 secs]
2018-05-15T14:01:10.028+0000: 373709.649: [GC 8865472K->1971658K(14435776K), 0.5491440 secs]
2018-05-15T14:01:29.497+0000: 373729.117: [GC 8825802K->1967694K(14443648K), 0.4775840 secs]
2018-05-15T14:02:05.017+0000: 373764.638: [GC 8832910K->2014915K(14441664K), 0.7272840 secs]
2018-05-15T14:03:05.019+0000: 373824.640: [GC 8880131K->2061754K(14437824K), 0.9039770 secs]
2018-05-15T14:04:00.917+0000: 373880.538: [GC 8931258K->2073203K(14396928K), 0.7872220 secs]
2018-05-15T14:05:04.525+0000: 373944.145: [GC 8942707K->2049588K(14446784K), 0.6848950 secs]
2018-05-15T14:05:22.323+0000: 373961.944: [GC 8915252K->2002944K(14438976K), 0.4666130 secs]
2018-05-15T14:05:40.644+0000: 373980.265: [GC 8868608K->2015052K(14447808K), 0.4953730 secs]
2018-05-15T14:06:38.450+0000: 374038.070: [GC 8888652K->2098189K(14397568K), 0.8062750 secs]
2018-05-15T14:06:57.165+0000: 374056.786: [GC 8971789K->2028436K(14442304K), 0.4429940 secs]
2018-05-15T14:07:14.667+0000: 374074.287: [GC 8892244K->2042900K(14441600K), 0.4769730 secs]
2018-05-15T14:07:38.065+0000: 374097.685: [GC 8906708K->2060214K(14451456K), 0.5287390 secs]
2018-05-15T14:07:56.280+0000: 374115.901: [GC 8937206K->2047564K(14445632K), 0.4495070 secs]
2018-05-15T14:08:25.509+0000: 374145.130: [GC 8924556K->2091299K(14461888K), 0.6896150 secs]
2018-05-15T14:09:28.675+0000: 374208.296: [GC 8987107K->2152991K(14426240K), 0.9753870 secs]
2018-05-15T14:10:29.629+0000: 374269.250: [GC 9048799K->2162814K(14430336K), 0.9539360 secs]
2018-05-15T14:10:58.090+0000: 374297.711: [GC 9022206K->2099378K(14439744K), 0.4742510 secs]
2018-05-15T14:11:16.190+0000: 374315.811: [GC 8958770K->2095793K(14446848K), 0.4755690 secs]
2018-05-15T14:12:00.070+0000: 374359.690: [GC 8966705K->2153670K(14444160K), 0.6567130 secs]
2018-05-15T14:12:54.201+0000: 374413.821: [GC 9024582K->2202298K(14428160K), 0.9574830 secs]
2018-05-15T14:13:51.907+0000: 374471.528: [GC 9061306K->2207653K(14387712K), 0.8569560 secs]
2018-05-15T14:14:55.448+0000: 374535.069: [GC 9066661K->2220854K(14421312K), 0.8575960 secs]
2018-05-15T14:15:42.037+0000: 374581.658: [GC 9054646K->2205225K(14426944K), 0.7160040 secs]
2018-05-15T14:16:00.166+0000: 374599.786: [GC 9039017K->2149031K(14433024K), 0.4390030 secs]
2018-05-15T14:16:17.338+0000: 374616.958: [GC 8994791K->2157567K(14432832K), 0.4983340 secs]
2018-05-15T14:17:29.386+0000: 374689.007: [GC 9003327K->2250574K(14421504K), 0.9175160 secs]
2018-05-15T14:18:20.720+0000: 374740.340: [GC 6185766K->2185713K(14428096K), 0.4657060 secs]
2018-05-15T14:18:21.186+0000: 374740.806: [Full GC 2185713K->1305388K(14428096K), 4.6865200 secs]
2018-05-15T14:19:32.591+0000: 374812.211: [GC 8141484K->1513184K(14405952K), 0.8621740 secs]
2018-05-15T14:19:53.932+0000: 374833.553: [GC 8331488K->1442225K(14419200K), 0.5248960 secs]
2018-05-15T14:20:11.053+0000: 374850.673: [GC 8260529K->1468632K(14430784K), 0.5185870 secs]
2018-05-15T14:20:30.627+0000: 374870.248: [GC 8302552K->1475103K(14423232K), 0.5375890 secs]
2018-05-15T14:20:48.289+0000: 374887.910: [GC 8309023K->1492189K(14442560K), 0.4994240 secs]
2018-05-15T14:21:04.199+0000: 374903.820: [GC 8351133K->1519894K(14436480K), 0.6142960 secs]
2018-05-15T14:21:21.636+0000: 374921.256: [GC 8378838K->1528266K(14458112K), 0.6183800 secs]
2018-05-15T14:21:40.205+0000: 374939.826: [GC 8417290K->1512182K(14451008K), 0.4537050 secs]
2018-05-15T14:22:01.821+0000: 374961.442: [GC 8401206K->1536204K(14465600K), 0.5302080 secs]
2018-05-15T14:22:19.160+0000: 374978.781: [GC 8441612K->1533035K(14459904K), 0.4951870 secs]
2018-05-15T14:22:37.089+0000: 374996.710: [GC 8438443K->1539343K(14473600K), 0.4921630 secs]
2018-05-15T14:23:21.174+0000: 375040.795: [GC 8462415K->1598864K(14469568K), 0.8038770 secs]
2018-05-15T14:24:18.224+0000: 375097.845: [GC 8521936K->1646509K(14435584K), 0.9715880 secs]
2018-05-15T14:25:07.469+0000: 375147.089: [GC 8532013K->1654678K(14422336K), 0.8176260 secs]
2018-05-15T14:25:32.165+0000: 375171.786: [GC 8540182K->1592480K(14445376K), 0.5697890 secs]
2018-05-15T14:25:49.454+0000: 375189.075: [GC 8457248K->1585607K(14439488K), 0.4989560 secs]
2018-05-15T14:26:17.473+0000: 375217.094: [GC 8450375K->1629386K(14455872K), 0.6777110 secs]
2018-05-15T14:27:18.103+0000: 375277.724: [GC 8513866K->1686754K(14416768K), 0.9237280 secs]
2018-05-15T14:28:09.180+0000: 375328.801: [GC 8571234K->1699493K(14424448K), 0.9134120 secs]
2018-05-15T14:28:44.097+0000: 375363.717: [GC 8548005K->1642988K(14434304K), 0.5636050 secs]
2018-05-15T14:29:01.035+0000: 375380.656: [GC 8491500K->1635182K(14443904K), 0.5415000 secs]
2018-05-15T14:29:22.544+0000: 375402.165: [GC 8499758K->1646437K(14440768K), 0.5434290 secs]
2018-05-15T14:29:39.295+0000: 375418.915: [GC 8511013K->1642490K(14452096K), 0.5041600 secs]
2018-05-15T14:29:57.230+0000: 375436.851: [GC 8523386K->1640458K(14448896K), 0.3962700 secs]
2018-05-15T14:30:48.332+0000: 375487.953: [GC 8521354K->1723594K(14440960K), 0.9286810 secs]
2018-05-15T14:31:13.025+0000: 375512.645: [GC 8599114K->1673436K(14447808K), 0.5271030 secs]
2018-05-15T14:31:32.884+0000: 375532.505: [GC 8548956K->1671345K(14457472K), 0.4758030 secs]
2018-05-15T14:31:52.583+0000: 375552.204: [GC 8562161K->1687398K(14453440K), 0.5231840 secs]
2018-05-15T14:32:10.715+0000: 375570.336: [GC 8578214K->1679730K(14466752K), 0.4474370 secs]
2018-05-15T14:32:30.005+0000: 375589.626: [GC 8589810K->1689006K(14463424K), 0.4985610 secs]
2018-05-15T14:32:50.456+0000: 375610.076: [GC 8599086K->1701725K(14477568K), 0.5228360 secs]
2018-05-15T14:33:09.765+0000: 375629.386: [GC 8630621K->1703964K(14471424K), 0.4917900 secs]
2018-05-15T14:33:57.310+0000: 375676.931: [GC 8632860K->1745820K(14482624K), 0.7135340 secs]
2018-05-15T14:35:34.212+0000: 375773.833: [GC 8691100K->1799049K(14470720K), 0.9099530 secs]
2018-05-15T14:36:37.878+0000: 375837.499: [GC 8744329K->1818689K(14432064K), 0.9978070 secs]
2018-05-15T14:37:31.922+0000: 375891.543: [GC 8701377K->1802674K(14388416K), 0.8040640 secs]
2018-05-15T14:37:49.542+0000: 375909.163: [GC 8685362K->1744577K(14451648K), 0.4453280 secs]
2018-05-15T14:38:07.307+0000: 375926.928: [GC 8625665K->1748642K(14449536K), 0.4353480 secs]
2018-05-15T14:38:30.713+0000: 375950.333: [GC 8629730K->1774400K(14461568K), 0.5122650 secs]
2018-05-15T14:38:47.975+0000: 375967.596: [GC 8670336K->1767019K(14454464K), 0.4415960 secs]
2018-05-15T14:39:10.752+0000: 375990.373: [GC 8662955K->1789135K(14472768K), 0.5565170 secs]
2018-05-15T14:39:30.234+0000: 376009.855: [GC 8707407K->1778376K(14465600K), 0.4479190 secs]
2018-05-15T14:40:00.592+0000: 376040.213: [GC 8696648K->1780006K(14480064K), 0.4366020 secs]
2018-05-15T14:41:34.946+0000: 376134.566: [GC 8716582K->1853461K(14438336K), 0.7349640 secs]
2018-05-15T14:41:55.336+0000: 376154.957: [GC 8790037K->1792583K(14474112K), 0.3900330 secs]
2018-05-15T14:42:19.751+0000: 376179.372: [GC 8719175K->1817759K(14472576K), 0.5085480 secs]
2018-05-15T14:42:39.630+0000: 376199.250: [GC 8744351K->1808005K(14482816K), 0.4058620 secs]
2018-05-15T14:43:02.343+0000: 376221.963: [GC 8750725K->1812845K(14480000K), 0.4068940 secs]
2018-05-15T14:44:28.850+0000: 376308.471: [GC 8755565K->1925834K(14438272K), 0.9444210 secs]
2018-05-15T14:45:33.732+0000: 376373.353: [GC 8830026K->1932954K(14427328K), 0.8811440 secs]
2018-05-15T14:45:50.646+0000: 376390.266: [GC 8837146K->1869451K(14456000K), 0.5132320 secs]
2018-05-15T14:46:09.170+0000: 376408.790: [GC 8754251K->1870455K(14448896K), 0.4554810 secs]
2018-05-15T14:46:29.631+0000: 376429.252: [GC 8755255K->1890585K(14470400K), 0.5652570 secs]
2018-05-15T14:46:48.293+0000: 376447.913: [GC 8802905K->1876416K(14462016K), 0.4339120 secs]
2018-05-15T14:47:24.038+0000: 376483.659: [GC 8788736K->1913625K(14480064K), 0.6043820 secs]
2018-05-15T14:48:16.877+0000: 376536.498: [GC 8848281K->1989622K(14469504K), 1.0035210 secs]
2018-05-15T14:49:07.710+0000: 376587.331: [GC 8924278K->1996490K(14420096K), 0.9990530 secs]
2018-05-15T14:50:01.728+0000: 376641.349: [GC 8865994K->2000825K(14400512K), 0.8716220 secs]
2018-05-15T14:50:59.382+0000: 376699.003: [GC 8870329K->2012283K(14415360K), 0.8814600 secs]
2018-05-15T14:52:02.778+0000: 376762.399: [GC 8841595K->2024897K(14359808K), 0.9040380 secs]
2018-05-15T14:52:55.280+0000: 376814.901: [GC 8854209K->2013597K(14424768K), 0.8565830 secs]
2018-05-15T14:53:16.320+0000: 376835.941: [GC 8837405K->1941298K(14419136K), 0.3793960 secs]
2018-05-15T14:54:02.014+0000: 376881.635: [GC 8765106K->1968117K(14427584K), 0.4914880 secs]
2018-05-15T14:55:24.148+0000: 376963.768: [GC 8799093K->2013978K(14423488K), 0.6467990 secs]
2018-05-15T14:55:46.593+0000: 376986.214: [GC 8844954K->2004318K(14444928K), 0.5540180 secs]
2018-05-15T14:56:07.788+0000: 377007.409: [GC 8867870K->2015199K(14438720K), 0.5887880 secs]
2018-05-15T14:56:29.712+0000: 377029.332: [GC 8878751K->2011946K(14456512K), 0.5544720 secs]
2018-05-15T14:56:51.297+0000: 377050.917: [GC 8899946K->2008025K(14451584K), 0.4856500 secs]
2018-05-15T14:57:12.057+0000: 377071.678: [GC 8896025K->2021632K(14464896K), 0.4773740 secs]
2018-05-15T14:57:34.847+0000: 377094.468: [GC 8926208K->2034090K(14459776K), 0.5134620 secs]
2018-05-15T14:57:57.619+0000: 377117.240: [GC 8938666K->2039912K(14476416K), 0.5272610 secs]
2018-05-15T14:58:20.087+0000: 377139.708: [GC 8966888K->2050816K(14470656K), 0.5595620 secs]
2018-05-15T14:58:42.111+0000: 377161.732: [GC 8977792K->2050173K(14487616K), 0.5234730 secs]
2018-05-15T14:59:02.130+0000: 377181.751: [GC 9000381K->2049021K(14482688K), 0.4792510 secs]
2018-05-15T14:59:25.254+0000: 377204.875: [GC 8999229K->2060784K(14495808K), 0.5174600 secs]
2018-05-15T14:59:47.526+0000: 377227.147: [GC 9027568K->2077314K(14491072K), 0.5643400 secs]
2018-05-15T15:00:09.119+0000: 377248.740: [GC 9044098K->2083924K(14507904K), 0.5176240 secs]
2018-05-15T15:00:29.271+0000: 377268.892: [GC 9073876K->2085561K(14502144K), 0.5308130 secs]
2018-05-15T15:00:51.989+0000: 377291.610: [GC 9075513K->2076503K(14514176K), 0.4287590 secs]
2018-05-15T15:01:15.857+0000: 377315.478: [GC 9082903K->2089338K(14512320K), 0.4974390 secs]
2018-05-15T15:01:36.839+0000: 377336.459: [GC 9095738K->2100739K(14521216K), 0.5300580 secs]
2018-05-15T15:01:58.838+0000: 377358.459: [GC 9119107K->2108874K(14517248K), 0.5512290 secs]
2018-05-15T15:02:20.434+0000: 377380.055: [GC 9127242K->2119957K(14527744K), 0.5605130 secs]
2018-05-15T15:02:42.031+0000: 377401.652: [GC 9152853K->2113666K(14525248K), 0.5208440 secs]
2018-05-15T15:03:03.038+0000: 377422.659: [GC 9146562K->2117659K(14531904K), 0.4953420 secs]
2018-05-15T15:03:26.005+0000: 377445.626: [GC 9159387K->2131456K(14529920K), 0.5485760 secs]
2018-05-15T15:03:48.512+0000: 377468.133: [GC 9173184K->2137762K(14537600K), 0.5402180 secs]
2018-05-15T15:04:12.145+0000: 377491.765: [GC 9190178K->2134985K(14534912K), 0.4766780 secs]
2018-05-15T15:04:33.998+0000: 377513.619: [GC 9187401K->2153973K(14539776K), 0.5545670 secs]
2018-05-15T15:04:58.800+0000: 377538.421: [GC 9212085K->2149953K(14538432K), 0.5188240 secs]
2018-05-15T15:05:21.620+0000: 377561.241: [GC 9208065K->2156478K(14542784K), 0.4665110 secs]
2018-05-15T15:05:41.799+0000: 377581.420: [GC 9220350K->2160216K(14541184K), 0.5045260 secs]
2018-05-15T15:06:03.760+0000: 377603.381: [GC 9224088K->2176613K(14544704K), 0.5181520 secs]
2018-05-15T15:06:26.378+0000: 377625.998: [GC 9245029K->2173012K(14543808K), 0.5042920 secs]
2018-05-15T15:06:49.826+0000: 377649.447: [GC 9241428K->2181438K(14547328K), 0.4890760 secs]
2018-05-15T15:07:11.432+0000: 377671.052: [GC 9254526K->2201304K(14545856K), 0.5756130 secs]
2018-05-15T15:07:32.774+0000: 377692.394: [GC 9274392K->2198452K(14548352K), 0.5528050 secs]
2018-05-15T15:07:52.390+0000: 377712.010: [GC 9273140K->2202474K(14546432K), 0.4859470 secs]
2018-05-15T15:08:14.355+0000: 377733.976: [GC 9277162K->2215989K(14550016K), 0.5667530 secs]
2018-05-15T15:08:36.402+0000: 377756.022: [GC 9295797K->2223403K(14538368K), 0.5314150 secs]
2018-05-15T15:08:58.173+0000: 377777.794: [GC 9303211K->2228957K(14549120K), 0.5867180 secs]
2018-05-15T15:09:18.402+0000: 377798.023: [GC 9307229K->2223920K(14549184K), 0.4544460 secs]
2018-05-15T15:09:40.556+0000: 377820.177: [GC 9302192K->2239882K(14550400K), 0.5204130 secs]
2018-05-15T15:10:03.466+0000: 377843.087: [GC 9319946K->2241259K(14549760K), 0.4791530 secs]
2018-05-15T15:10:27.483+0000: 377867.104: [GC 9321323K->2241727K(14552128K), 0.4965280 secs]
2018-05-15T15:10:51.866+0000: 377891.487: [GC 9325567K->2245348K(14551808K), 0.4869700 secs]
2018-05-15T15:11:13.661+0000: 377913.281: [GC 9329188K->2268602K(14548544K), 0.6087000 secs]
2018-05-15T15:11:35.302+0000: 377934.923: [GC 9349306K->2263570K(14550400K), 0.5260580 secs]
2018-05-15T15:11:58.721+0000: 377958.342: [GC 9344274K->2273519K(14552832K), 0.4673930 secs]
2018-05-15T15:12:18.813+0000: 377978.434: [GC 9358127K->2275974K(14551872K), 0.4971570 secs]
2018-05-15T15:12:42.036+0000: 378001.657: [GC 9360582K->2287655K(14554624K), 0.5219910 secs]
2018-05-15T15:13:04.784+0000: 378024.405: [GC 9375783K->2300100K(14547712K), 0.5650490 secs]
2018-05-15T15:13:24.570+0000: 378044.191: [GC 9388228K->2297543K(14554112K), 0.5368010 secs]
2018-05-15T15:13:45.494+0000: 378065.115: [GC 9384519K->2298040K(14552960K), 0.4864100 secs]
2018-05-15T15:14:10.296+0000: 378089.917: [GC 9385016K->2300489K(14553344K), 0.4770060 secs]
2018-05-15T15:14:34.683+0000: 378114.304: [GC 9387849K->2314643K(14553728K), 0.4950640 secs]
2018-05-15T15:14:57.275+0000: 378136.895: [GC 9402003K->2321976K(14556672K), 0.4765240 secs]
2018-05-15T15:15:19.592+0000: 378159.212: [GC 9413816K->2331687K(14555264K), 0.5175110 secs]
2018-05-15T15:15:39.952+0000: 378179.572: [GC 9423527K->2345408K(14549824K), 0.6018470 secs]
2018-05-15T15:16:00.649+0000: 378200.269: [GC 9431616K->2335674K(14553152K), 0.4771300 secs]
2018-05-15T15:16:22.902+0000: 378222.522: [GC 9421882K->2354370K(14552000K), 0.5466770 secs]
2018-05-15T15:16:44.976+0000: 378244.596: [GC 9440066K->2360774K(14543744K), 0.5720660 secs]
2018-05-15T15:17:06.695+0000: 378266.315: [GC 9446470K->2371468K(14547648K), 0.5993000 secs]
2018-05-15T15:17:25.816+0000: 378285.436: [GC 9451148K->2363187K(14549888K), 0.5084300 secs]
2018-05-15T15:17:48.722+0000: 378308.342: [GC 9442867K->2373636K(14552000K), 0.5335540 secs]
2018-05-15T15:18:11.153+0000: 378330.773: [GC 9456196K->2378195K(14550656K), 0.4580350 secs]
2018-05-15T15:18:25.880+0000: 378345.500: [GC 7334933K->2359674K(14545536K), 0.3383140 secs]
2018-05-15T15:18:26.218+0000: 378345.839: [Full GC 2359674K->1205056K(14545536K), 4.1282980 secs]
2018-05-15T15:18:50.064+0000: 378369.685: [GC 8283328K->1316266K(14549184K), 0.4566430 secs]
2018-05-15T15:19:12.185+0000: 378391.806: [GC 8394538K->1334315K(14549696K), 0.4872090 secs]
2018-05-15T15:19:33.786+0000: 378413.406: [GC 8414507K->1341882K(14537984K), 0.5359160 secs]
2018-05-15T15:19:56.157+0000: 378435.778: [GC 8422074K->1336678K(14550528K), 0.4609650 secs]
2018-05-15T15:20:16.660+0000: 378456.281: [GC 8416422K->1342366K(14549312K), 0.4984330 secs]
2018-05-15T15:20:40.217+0000: 378479.837: [GC 8422110K->1341934K(14552448K), 0.4782470 secs]
2018-05-15T15:20:59.610+0000: 378499.230: [GC 8426222K->1363355K(14540032K), 0.5030930 secs]
2018-05-15T15:21:21.676+0000: 378521.297: [GC 8447643K->1369887K(14550976K), 0.5201840 secs]
2018-05-15T15:21:42.555+0000: 378542.176: [GC 8452639K->1376285K(14540480K), 0.5708160 secs]
2018-05-15T15:22:02.668+0000: 378562.289: [GC 8459037K->1376838K(14552192K), 0.5246020 secs]
2018-05-15T15:22:23.727+0000: 378583.347: [GC 8459526K->1379516K(14550592K), 0.5043510 secs]
2018-05-15T15:22:46.088+0000: 378605.709: [GC 8462204K->1398179K(14549056K), 0.5448110 secs]
2018-05-15T15:23:07.167+0000: 378626.788: [GC 8480419K->1406082K(14541824K), 0.5624170 secs]
2018-05-15T15:23:27.447+0000: 378647.068: [GC 8488322K->1410868K(14550336K), 0.5847260 secs]
2018-05-15T15:23:51.506+0000: 378671.126: [GC 8491124K->1400757K(14519424K), 0.4806400 secs]
2018-05-15T15:24:12.099+0000: 378691.720: [GC 8481013K->1420487K(14550976K), 0.5361850 secs]
2018-05-15T15:24:33.440+0000: 378713.060: [GC 8500935K->1429841K(14549568K), 0.5302940 secs]
2018-05-15T15:24:53.957+0000: 378733.578: [GC 8510289K->1446000K(14544576K), 0.5960080 secs]
2018-05-15T15:25:16.347+0000: 378755.967: [GC 8521840K->1440299K(14547968K), 0.4870960 secs]
2018-05-15T15:25:36.727+0000: 378776.348: [GC 8516139K->1439839K(14549952K), 0.5009640 secs]
2018-05-15T15:26:00.765+0000: 378800.386: [GC 8519391K->1440517K(14518464K), 0.4639950 secs]
2018-05-15T15:26:24.002+0000: 378823.623: [GC 8520069K->1450617K(14549568K), 0.4791060 secs]
2018-05-15T15:26:46.005+0000: 378845.626: [GC 8529401K->1459181K(14549312K), 0.4839940 secs]
2018-05-15T15:27:09.925+0000: 378869.546: [GC 8537965K->1467004K(14551744K), 0.4886310 secs]
2018-05-15T15:27:31.954+0000: 378891.574: [GC 8549180K->1476684K(14550528K), 0.5188280 secs]
2018-05-15T15:27:53.651+0000: 378913.271: [GC 8558860K->1485620K(14552960K), 0.5154090 secs]
2018-05-15T15:28:15.951+0000: 378935.571: [GC 8571700K->1490206K(14553088K), 0.5481280 secs]
2018-05-15T15:28:35.845+0000: 378955.466: [GC 8576286K->1501777K(14551168K), 0.5912520 secs]
2018-05-15T15:28:56.017+0000: 378975.637: [GC 8586065K->1501136K(14552192K), 0.4988620 secs]
2018-05-15T15:29:18.686+0000: 378998.307: [GC 8585424K->1521631K(14546752K), 0.5505730 secs]
2018-05-15T15:29:39.106+0000: 379018.726: [GC 8601951K->1520098K(14550208K), 0.5064980 secs]
2018-05-15T15:29:58.441+0000: 379038.061: [GC 8600418K->1535725K(14548992K), 0.5440790 secs]
2018-05-15T15:30:18.686+0000: 379058.306: [GC 8616045K->1534716K(14550208K), 0.4582380 secs]
2018-05-15T15:30:41.005+0000: 379080.626: [GC 8615036K->1552599K(14548736K), 0.4994700 secs]
2018-05-15T15:31:04.248+0000: 379103.868: [GC 8632919K->1561870K(14540224K), 0.5681870 secs]
2018-05-15T15:31:24.930+0000: 379124.551: [GC 8642190K->1562356K(14551104K), 0.5800310 secs]
2018-05-15T15:31:45.824+0000: 379145.445: [GC 8642932K->1554688K(14549568K), 0.4910450 secs]
2018-05-15T15:32:08.053+0000: 379167.673: [GC 8635264K->1575793K(14550016K), 0.5436900 secs]
2018-05-15T15:32:28.772+0000: 379188.393: [GC 8656113K->1579178K(14550208K), 0.5588910 secs]
2018-05-15T15:32:51.908+0000: 379211.529: [GC 8659498K->1575395K(14551232K), 0.4682630 secs]
2018-05-15T15:33:13.333+0000: 379232.954: [GC 8658147K->1593762K(14551424K), 0.5063050 secs]
2018-05-15T15:33:34.506+0000: 379254.127: [GC 8676514K->1589621K(14552064K), 0.5551940 secs]
2018-05-15T15:33:58.744+0000: 379278.364: [GC 8673461K->1590760K(14524032K), 0.4740470 secs]
2018-05-15T15:34:20.916+0000: 379300.537: [GC 8674600K->1600167K(14551872K), 0.4789370 secs]
2018-05-15T15:34:42.594+0000: 379322.215: [GC 8683559K->1620008K(14539328K), 0.5426060 secs]
2018-05-15T15:35:04.446+0000: 379344.067: [GC 8703400K->1624649K(14551232K), 0.4908620 secs]
2018-05-15T15:35:25.743+0000: 379365.364: [GC 8707273K->1637160K(14544512K), 0.5855810 secs]
2018-05-15T15:35:47.934+0000: 379387.555: [GC 8719784K->1632231K(14550976K), 0.5017370 secs]
2018-05-15T15:36:07.853+0000: 379407.473: [GC 8712231K->1633121K(14549120K), 0.4666330 secs]
2018-05-15T15:36:30.270+0000: 379429.891: [GC 8713121K->1642040K(14553216K), 0.5072370 secs]
2018-05-15T15:36:52.403+0000: 379452.023: [GC 8726968K->1649380K(14551808K), 0.4977870 secs]
2018-05-15T15:37:15.612+0000: 379475.233: [GC 8734308K->1654168K(14555712K), 0.5168160 secs]
2018-05-15T15:37:38.844+0000: 379498.464: [GC 8744536K->1652811K(14554752K), 0.4637040 secs]
2018-05-15T15:38:00.620+0000: 379520.240: [GC 8743179K->1669027K(14556032K), 0.5383180 secs]
2018-05-15T15:38:23.749+0000: 379543.369: [GC 8760547K->1663852K(14555584K), 0.4765910 secs]
2018-05-15T15:38:48.446+0000: 379568.067: [GC 8755372K->1670991K(14556096K), 0.4958720 secs]
2018-05-15T15:39:12.189+0000: 379591.809: [GC 8762703K->1669245K(14526464K), 0.4229960 secs]
2018-05-15T15:39:33.996+0000: 379613.617: [GC 8760957K->1695851K(14553344K), 0.5378600 secs]
2018-05-15T15:39:55.943+0000: 379635.564: [GC 8784235K->1701522K(14543040K), 0.5510320 secs]
2018-05-15T15:40:14.933+0000: 379654.554: [GC 8789906K->1699298K(14555264K), 0.4551710 secs]
2018-05-15T15:40:37.377+0000: 379676.998: [GC 8788130K->1707993K(14553664K), 0.4916530 secs]
2018-05-15T15:41:00.205+0000: 379699.826: [GC 8796825K->1712331K(14557952K), 0.4982400 secs]
2018-05-15T15:41:22.652+0000: 379722.272: [GC 8806731K->1718736K(14556544K), 0.5261840 secs]
2018-05-15T15:41:44.269+0000: 379743.890: [GC 8813136K->1732234K(14554304K), 0.5706140 secs]
2018-05-15T15:42:06.062+0000: 379765.683: [GC 8825354K->1733051K(14556608K), 0.5498890 secs]
2018-05-15T15:42:27.066+0000: 379786.687: [GC 8826171K->1732005K(14557696K), 0.5215020 secs]
2018-05-15T15:42:47.734+0000: 379807.355: [GC 8826533K->1737167K(14556928K), 0.4870790 secs]
2018-05-15T15:43:09.415+0000: 379829.036: [GC 8831695K->1751354K(14556480K), 0.4768520 secs]
2018-05-15T15:43:32.207+0000: 379851.828: [GC 8846266K->1758484K(14550528K), 0.5281780 secs]
2018-05-15T15:43:53.446+0000: 379873.067: [GC 8853396K->1766625K(14552960K), 0.5924580 secs]
2018-05-15T15:44:15.479+0000: 379895.100: [GC 8856289K->1767656K(14545664K), 0.5516090 secs]
2018-05-15T15:44:35.222+0000: 379914.843: [GC 8857320K->1767105K(14555392K), 0.5274680 secs]
2018-05-15T15:44:56.859+0000: 379936.479: [GC 8857025K->1777871K(14554624K), 0.4861230 secs]
2018-05-15T15:45:18.315+0000: 379957.936: [GC 8867791K->1786566K(14555328K), 0.5098530 secs]
2018-05-15T15:45:40.605+0000: 379980.226: [GC 8877766K->1790202K(14555648K), 0.5253140 secs]
2018-05-15T15:46:01.398+0000: 380001.019: [GC 8881402K->1801339K(14556800K), 0.5646400 secs]
2018-05-15T15:46:21.903+0000: 380021.523: [GC 8894715K->1793411K(14535680K), 0.5032890 secs]
2018-05-15T15:46:42.511+0000: 380042.132: [GC 8886787K->1811500K(14556032K), 0.5277920 secs]
2018-05-15T15:47:05.116+0000: 380064.737: [GC 8903596K->1818255K(14556096K), 0.5467140 secs]
2018-05-15T15:47:26.065+0000: 380085.686: [GC 8910351K->1830815K(14553216K), 0.5902110 secs]
2018-05-15T15:47:46.597+0000: 380106.218: [GC 8920223K->1825721K(14554752K), 0.5356920 secs]
2018-05-15T15:48:07.916+0000: 380127.537: [GC 8915129K->1824832K(14554816K), 0.5002400 secs]
2018-05-15T15:48:28.967+0000: 380148.588: [GC 8915136K->1841208K(14555200K), 0.5507930 secs]
2018-05-15T15:48:50.249+0000: 380169.870: [GC 8931512K->1850696K(14552512K), 0.5514280 secs]
2018-05-15T15:49:10.071+0000: 380189.691: [GC 8938312K->1865224K(14553600K), 0.6072880 secs]
2018-05-15T15:49:30.056+0000: 380209.676: [GC 8952840K->1851188K(14547712K), 0.5073120 secs]
2018-05-15T15:49:50.882+0000: 380230.503: [GC 8932404K->1858605K(14550656K), 0.5142780 secs]
2018-05-15T15:50:12.602+0000: 380252.223: [GC 8939821K->1862552K(14552064K), 0.4687060 secs]
2018-05-15T15:50:34.009+0000: 380273.629: [GC 8945944K->1881181K(14542528K), 0.5273470 secs]
2018-05-15T15:50:54.397+0000: 380294.018: [GC 8964573K->1888051K(14548544K), 0.5959010 secs]
2018-05-15T15:51:18.840+0000: 380318.461: [GC 8967603K->1865963K(14509376K), 0.4250610 secs]
2018-05-15T15:51:43.095+0000: 380342.715: [GC 8945515K->1871532K(14544832K), 0.4104520 secs]
2018-05-15T15:52:09.318+0000: 380368.939: [GC 8943660K->1881694K(14546112K), 0.4593340 secs]
2018-05-15T15:52:33.277+0000: 380392.898: [GC 8953822K->1875450K(14543808K), 0.3870490 secs]
2018-05-15T15:53:00.694+0000: 380420.314: [GC 8945402K->1884068K(14545024K), 0.4440790 secs]
2018-05-15T15:53:30.827+0000: 380450.448: [GC 8954020K->1887655K(14545472K), 0.3939880 secs]
2018-05-15T15:53:55.173+0000: 380474.794: [GC 8958119K->1892601K(14545088K), 0.3958430 secs]
2018-05-15T15:54:20.107+0000: 380499.728: [GC 8963065K->1908146K(14548096K), 0.4336950 secs]
2018-05-15T15:54:45.369+0000: 380524.990: [GC 8982066K->1911446K(14545920K), 0.4245520 secs]
2018-05-15T15:55:09.935+0000: 380549.556: [GC 8985366K->1928212K(14552192K), 0.4036120 secs]
2018-05-15T15:55:31.536+0000: 380571.156: [GC 9009876K->1946927K(14549568K), 0.5031880 secs]
2018-05-15T15:55:54.988+0000: 380594.608: [GC 9028591K->1947540K(14551296K), 0.4641770 secs]
2018-05-15T15:56:15.695+0000: 380615.315: [GC 9029332K->1970758K(14542848K), 0.5082700 secs]
2018-05-15T15:56:36.957+0000: 380636.578: [GC 9052550K->1960675K(14549248K), 0.4865250 secs]
2018-05-15T15:56:58.617+0000: 380658.237: [GC 9036515K->1967026K(14546688K), 0.4161030 secs]
2018-05-15T15:57:20.010+0000: 380679.631: [GC 9042866K->1990550K(14545984K), 0.5643490 secs]
2018-05-15T15:57:42.456+0000: 380702.076: [GC 9067926K->1989537K(14548736K), 0.5230970 secs]
2018-05-15T15:58:03.196+0000: 380722.817: [GC 9066913K->2001846K(14545600K), 0.5775450 secs]
2018-05-15T15:58:25.985+0000: 380745.605: [GC 9076534K->1995872K(14547392K), 0.5013780 secs]
2018-05-15T15:58:46.827+0000: 380766.448: [GC 9070560K->2000433K(14551232K), 0.4775120 secs]
2018-05-15T15:59:08.535+0000: 380788.155: [GC 9081073K->2014808K(14549504K), 0.5246500 secs]
2018-05-15T15:59:30.258+0000: 380809.879: [GC 9095448K->2029659K(14547520K), 0.5302010 secs]
2018-05-15T15:59:51.017+0000: 380830.638: [GC 9108955K->2039771K(14540352K), 0.5795910 secs]
2018-05-15T16:00:12.214+0000: 380851.835: [GC 9119067K->2038744K(14547136K), 0.5072880 secs]
2018-05-15T16:00:34.849+0000: 380874.469: [GC 9112536K->2037154K(14546752K), 0.4788490 secs]
2018-05-15T16:01:04.276+0000: 380903.897: [GC 9110946K->2060593K(14544512K), 0.5838310 secs]
2018-05-15T16:01:23.482+0000: 380923.103: [GC 9133873K->2058726K(14546688K), 0.5349310 secs]
2018-05-15T16:01:43.662+0000: 380943.283: [GC 9132006K->2067799K(14550464K), 0.5236860 secs]
2018-05-15T16:02:06.527+0000: 380966.147: [GC 9147031K->2079071K(14548864K), 0.5058780 secs]
2018-05-15T16:02:29.077+0000: 380988.698: [GC 9158303K->2070043K(14550400K), 0.4625240 secs]
2018-05-15T16:02:50.913+0000: 381010.534: [GC 9150107K->2087458K(14549760K), 0.3563220 secs]
2018-05-15T16:03:13.275+0000: 381032.896: [GC 9167522K->2090708K(14552768K), 0.4409790 secs]
2018-05-15T16:03:37.192+0000: 381056.813: [GC 9174356K->2091617K(14550976K), 0.5069440 secs]
2018-05-15T16:04:01.502+0000: 381081.123: [GC 9175265K->2091783K(14553344K), 0.4623150 secs]
2018-05-15T16:04:23.352+0000: 381102.973: [GC 9178631K->2114911K(14540928K), 0.5312410 secs]
2018-05-15T16:04:45.832+0000: 381125.453: [GC 9201759K->2113709K(14554496K), 0.5032080 secs]
2018-05-15T16:05:10.735+0000: 381150.356: [GC 9201197K->2104109K(14553088K), 0.3803790 secs]
2018-05-15T16:05:36.569+0000: 381176.189: [GC 9191597K->2105549K(14551296K), 0.4318180 secs]
2018-05-15T16:05:57.666+0000: 381197.287: [GC 9190221K->2135931K(14538240K), 0.5374160 secs]
2018-05-15T16:06:20.511+0000: 381220.131: [GC 9220603K->2134196K(14553344K), 0.4910370 secs]
2018-05-15T16:06:40.835+0000: 381240.455: [GC 9218932K->2138863K(14551488K), 0.4857060 secs]
2018-05-15T16:07:02.251+0000: 381261.872: [GC 9223599K->2151397K(14554368K), 0.5166080 secs]
2018-05-15T16:07:24.196+0000: 381283.817: [GC 9240805K->2162046K(14547136K), 0.5365310 secs]
2018-05-15T16:07:47.032+0000: 381306.653: [GC 9251454K->2167361K(14551936K), 0.5688560 secs]
2018-05-15T16:08:09.109+0000: 381328.730: [GC 9251649K->2172667K(14538048K), 0.5578680 secs]
2018-05-15T16:08:29.654+0000: 381349.275: [GC 9256955K->2170723K(14553344K), 0.4907880 secs]
2018-05-15T16:08:50.440+0000: 381370.061: [GC 9256099K->2186163K(14552128K), 0.5001310 secs]
2018-05-15T16:09:12.292+0000: 381391.913: [GC 9271539K->2194135K(14551744K), 0.4923070 secs]
2018-05-15T16:09:33.418+0000: 381413.039: [GC 9278807K->2199509K(14540800K), 0.5689840 secs]
2018-05-15T16:09:54.665+0000: 381434.285: [GC 9284181K->2197793K(14553216K), 0.4802640 secs]
2018-05-15T16:10:14.987+0000: 381454.608: [GC 9282721K->2198914K(14551808K), 0.4164070 secs]
2018-05-15T16:10:37.632+0000: 381477.252: [GC 9283842K->2217384K(14551552K), 0.4794970 secs]
2018-05-15T16:11:01.007+0000: 381500.627: [GC 9302696K->2224002K(14552704K), 0.5509900 secs]
2018-05-15T16:11:24.209+0000: 381523.829: [GC 9309314K->2210974K(14550848K), 0.4540290 secs]
2018-05-15T16:11:45.306+0000: 381544.927: [GC 9294494K->2245494K(14547456K), 0.5670510 secs]
2018-05-15T16:12:08.065+0000: 381567.685: [GC 9329014K->2237424K(14550016K), 0.5512790 secs]
2018-05-15T16:12:27.474+0000: 381587.095: [GC 9315568K->2239358K(14548224K), 0.4977210 secs]
2018-05-15T16:12:49.242+0000: 381608.863: [GC 9317502K->2252148K(14552448K), 0.4996080 secs]
2018-05-15T16:13:10.631+0000: 381630.251: [GC 9335540K->2266664K(14551040K), 0.5394780 secs]
2018-05-15T16:13:32.114+0000: 381651.735: [GC 9350056K->2279210K(14546240K), 0.5759680 secs]
2018-05-15T16:13:52.134+0000: 381671.755: [GC 9357098K->2277706K(14548992K), 0.4991350 secs]
2018-05-15T16:14:14.440+0000: 381694.061: [GC 9355594K->2287292K(14552192K), 0.4838950 secs]
2018-05-15T16:14:35.156+0000: 381714.777: [GC 9370172K->2316420K(14549888K), 0.5947180 secs]
2018-05-15T16:14:55.250+0000: 381734.871: [GC 9399300K->2330024K(14539648K), 0.5446840 secs]
2018-05-15T16:15:16.438+0000: 381756.059: [GC 9399464K->2331450K(14544768K), 0.5259660 secs]
2018-05-15T16:15:38.211+0000: 381777.832: [GC 9400890K->2339974K(14547648K), 0.4964090 secs]
2018-05-15T16:16:05.440+0000: 381805.061: [GC 9414086K->2359924K(14546560K), 0.5127810 secs]
2018-05-15T16:16:25.443+0000: 381825.064: [GC 9434036K->2371418K(14550208K), 0.4809700 secs]
2018-05-15T16:16:48.098+0000: 381847.719: [GC 9450714K->2388273K(14549184K), 0.4930750 secs]
2018-05-15T16:17:10.477+0000: 381870.097: [GC 9467569K->2413747K(14546752K), 0.5639850 secs]
2018-05-15T16:17:31.642+0000: 381891.262: [GC 9491379K->2419527K(14548864K), 0.5335280 secs]
2018-05-15T16:17:52.770+0000: 381912.391: [GC 9497159K->2430969K(14551872K), 0.5338970 secs]
2018-05-15T16:18:11.902+0000: 381931.523: [GC 9513145K->2435124K(14550400K), 0.5014060 secs]
2018-05-15T16:18:30.356+0000: 381949.977: [GC 8437067K->2437486K(14551424K), 0.4799450 secs]
2018-05-15T16:18:30.836+0000: 381950.457: [Full GC 2437486K->1182601K(14551424K), 4.4734680 secs]
2018-05-15T16:18:51.131+0000: 381970.752: [GC 8266505K->1310813K(14552000K), 0.5293030 secs]
2018-05-15T16:20:07.003+0000: 382046.624: [GC 8394717K->1375921K(14488384K), 0.7259830 secs]
2018-05-15T16:21:06.079+0000: 382105.700: [GC 8396209K->1417880K(14499072K), 0.6191990 secs]
2018-05-15T16:21:25.840+0000: 382125.461: [GC 8438168K->1389262K(14511936K), 0.3788240 secs]
2018-05-15T16:21:50.737+0000: 382150.357: [GC 8398798K->1406631K(14438784K), 0.3935410 secs]
2018-05-15T16:22:33.264+0000: 382192.885: [GC 8416167K->1474420K(14501184K), 0.6371510 secs]
2018-05-15T16:23:25.329+0000: 382244.950: [GC 8469748K->1485796K(14477440K), 0.6525450 secs]
2018-05-15T16:24:15.689+0000: 382295.309: [GC 8481124K->1500696K(14502464K), 0.6595350 secs]
2018-05-15T16:24:42.395+0000: 382322.015: [GC 8487704K->1485573K(14503552K), 0.4825080 secs]
2018-05-15T16:25:02.488+0000: 382342.109: [GC 8472581K->1510779K(14510784K), 0.4881960 secs]
2018-05-15T16:25:20.133+0000: 382359.753: [GC 8507515K->1513163K(14506048K), 0.4654800 secs]
2018-05-15T16:25:38.645+0000: 382378.266: [GC 8509899K->1532412K(14518208K), 0.5540070 secs]
2018-05-15T16:25:59.537+0000: 382399.158: [GC 8544188K->1541654K(14513664K), 0.5227010 secs]
2018-05-15T16:26:17.078+0000: 382416.699: [GC 8553430K->1561097K(14524992K), 0.5584550 secs]
2018-05-15T16:26:36.831+0000: 382436.452: [GC 8587593K->1580405K(14521600K), 0.5390360 secs]
2018-05-15T16:26:56.583+0000: 382456.203: [GC 8606901K->1599673K(14531136K), 0.5660830 secs]
2018-05-15T16:27:14.267+0000: 382473.887: [GC 8638713K->1611824K(14528000K), 0.5550420 secs]
2018-05-15T16:27:34.396+0000: 382494.016: [GC 8650864K->1629337K(14535808K), 0.5398810 secs]
2018-05-15T16:27:53.284+0000: 382512.905: [GC 8678681K->1646228K(14533632K), 0.5452530 secs]
2018-05-15T16:28:11.402+0000: 382531.023: [GC 8695572K->1649473K(14537664K), 0.4984870 secs]
2018-05-15T16:28:31.307+0000: 382550.927: [GC 8704513K->1678696K(14537472K), 0.5318190 secs]
2018-05-15T16:28:51.657+0000: 382571.278: [GC 8733736K->1686692K(14539904K), 0.5481650 secs]
2018-05-15T16:29:09.521+0000: 382589.141: [GC 8744804K->1697684K(14538304K), 0.5033790 secs]
2018-05-15T16:29:29.635+0000: 382609.256: [GC 8755796K->1704201K(14541440K), 0.5078010 secs]
2018-05-15T16:29:50.507+0000: 382630.127: [GC 8766665K->1712554K(14541120K), 0.5016050 secs]
2018-05-15T16:30:56.240+0000: 382695.861: [GC 8775018K->1735878K(14539584K), 0.5660690 secs]
2018-05-15T16:34:54.561+0000: 382934.182: [GC 8797510K->1780218K(14540864K), 0.7177590 secs]
2018-05-15T16:35:12.886+0000: 382952.506: [GC 8841850K->1759951K(14502464K), 0.4678530 secs]
2018-05-15T16:36:10.896+0000: 383010.516: [GC 8783183K->1807631K(14497536K), 0.6714030 secs]
2018-05-15T16:37:21.990+0000: 383081.611: [GC 8830863K->1839981K(14499520K), 0.7587100 secs]
2018-05-15T16:37:39.140+0000: 383098.761: [GC 8839533K->1808600K(14509824K), 0.5623300 secs]
2018-05-15T16:38:08.157+0000: 383127.778: [GC 8808152K->1822789K(14516480K), 0.5776170 secs]
2018-05-15T16:38:24.356+0000: 383143.976: [GC 8832325K->1821718K(14513152K), 0.5466070 secs]
2018-05-15T16:38:55.171+0000: 383174.792: [GC 8831254K->1829722K(14522816K), 0.5905450 secs]
2018-05-15T16:39:11.989+0000: 383191.610: [GC 8851866K->1833582K(14519424K), 0.5680940 secs]
2018-05-15T16:39:44.466+0000: 383224.087: [GC 8855726K->1858523K(14520832K), 0.6791370 secs]
2018-05-15T16:41:08.764+0000: 383308.384: [GC 8884571K->1892572K(14523072K), 0.7433690 secs]
2018-05-15T16:41:28.325+0000: 383327.946: [GC 8918620K->1848507K(14492864K), 0.4710360 secs]
2018-05-15T16:41:44.728+0000: 383344.349: [GC 8844347K->1874757K(14507968K), 0.5429510 secs]
2018-05-15T16:42:44.407+0000: 383404.027: [GC 8870597K->1943677K(14474560K), 0.8949230 secs]
2018-05-15T16:43:05.743+0000: 383425.363: [GC 8909181K->1890613K(14492800K), 0.4853990 secs]
2018-05-15T16:43:23.248+0000: 383442.869: [GC 8856117K->1891369K(14494400K), 0.4799590 secs]
2018-05-15T16:43:50.541+0000: 383470.161: [GC 8859433K->1922539K(14493760K), 0.5904760 secs]
2018-05-15T16:44:07.090+0000: 383486.710: [GC 8890603K->1908778K(14501504K), 0.4914670 secs]
2018-05-15T16:45:06.865+0000: 383546.486: [GC 8890410K->1968496K(14479232K), 0.7312360 secs]
2018-05-15T16:45:25.364+0000: 383564.985: [GC 8950128K->1919961K(14494976K), 0.4409180 secs]
2018-05-15T16:45:43.218+0000: 383582.839: [GC 8889241K->1931147K(14494400K), 0.4449810 secs]
2018-05-15T16:46:08.460+0000: 383608.080: [GC 8900427K->1959976K(14501440K), 0.5007440 secs]
2018-05-15T16:46:25.906+0000: 383625.526: [GC 8937448K->1960629K(14496128K), 0.4978330 secs]
2018-05-15T16:46:49.443+0000: 383649.064: [GC 8938101K->1962810K(14505600K), 0.4401280 secs]
2018-05-15T16:47:07.405+0000: 383667.026: [GC 8952506K->1976621K(14504192K), 0.4455920 secs]
2018-05-15T16:47:45.198+0000: 383704.818: [GC 8966317K->2021247K(14505216K), 0.6076500 secs]
2018-05-15T16:48:19.843+0000: 383739.463: [GC 9014655K->2076287K(14506752K), 0.8484740 secs]
2018-05-15T16:48:38.537+0000: 383758.157: [GC 9069695K->2007263K(14467072K), 0.3956180 secs]
2018-05-15T16:48:59.215+0000: 383778.835: [GC 8960991K->2038521K(14486912K), 0.5194600 secs]
2018-05-15T16:49:22.617+0000: 383802.238: [GC 8992249K->2029544K(14494016K), 0.3907410 secs]
2018-05-15T16:49:39.382+0000: 383819.003: [GC 8995688K->2055965K(14492224K), 0.4867540 secs]
2018-05-15T16:50:09.951+0000: 383849.572: [GC 9022109K->2099708K(14494848K), 0.5719830 secs]
2018-05-15T16:50:24.456+0000: 383864.077: [GC 9073276K->2093788K(14496832K), 0.5399770 secs]
2018-05-15T16:50:48.460+0000: 383888.081: [GC 9067356K->2107433K(14506368K), 0.6183140 secs]
2018-05-15T16:51:38.310+0000: 383937.931: [GC 9096553K->2120291K(14502848K), 0.5854720 secs]
2018-05-15T16:51:57.194+0000: 383956.815: [GC 9109411K->2108514K(14510336K), 0.4790270 secs]
2018-05-15T16:52:19.081+0000: 383978.701: [GC 9106466K->2136284K(14507712K), 0.5996370 secs]
2018-05-15T16:53:16.221+0000: 384035.842: [GC 9134236K->2211774K(14465664K), 0.8616500 secs]
2018-05-15T16:53:32.258+0000: 384051.879: [GC 9171646K->2190015K(14489984K), 0.5272410 secs]
2018-05-15T16:53:48.275+0000: 384067.896: [GC 9149887K->2194619K(14498496K), 0.5240510 secs]
2018-05-15T16:54:13.463+0000: 384093.084: [GC 9167931K->2220723K(14494912K), 0.5603530 secs]
2018-05-15T16:54:31.122+0000: 384110.743: [GC 9194035K->2225837K(14506112K), 0.5412460 secs]
2018-05-15T16:54:58.032+0000: 384137.652: [GC 9214189K->2245660K(14502336K), 0.4930840 secs]
2018-05-15T16:55:13.436+0000: 384153.057: [GC 9234012K->2250329K(14513088K), 0.4766520 secs]
2018-05-15T16:55:44.285+0000: 384183.906: [GC 9254105K->2272859K(14510784K), 0.5414070 secs]
2018-05-15T16:57:29.560+0000: 384289.181: [GC 9276635K->2354534K(14465216K), 0.8637200 secs]
2018-05-15T16:58:32.286+0000: 384351.907: [GC 9317222K->2426966K(14491392K), 1.0260110 secs]
2018-05-15T16:58:58.765+0000: 384378.386: [GC 9389654K->2365025K(14430080K), 0.4905400 secs]
2018-05-15T16:59:15.682+0000: 384395.303: [GC 9266401K->2380487K(14460736K), 0.5072000 secs]
2018-05-15T16:59:45.662+0000: 384425.282: [GC 9281863K->2387555K(14468224K), 0.4974860 secs]
2018-05-15T17:00:02.888+0000: 384442.508: [GC 9300067K->2396797K(14464384K), 0.4303670 secs]
2018-05-15T17:00:32.258+0000: 384471.879: [GC 9309309K->2406015K(14476288K), 0.4451830 secs]
2018-05-15T17:00:47.344+0000: 384486.965: [GC 9334271K->2420271K(14472064K), 0.4557440 secs]
2018-05-15T17:01:18.466+0000: 384518.087: [GC 9348527K->2439967K(14487552K), 0.4908920 secs]
2018-05-15T17:01:33.678+0000: 384533.299: [GC 9388255K->2443517K(14480832K), 0.4592230 secs]
2018-05-15T17:02:17.641+0000: 384577.262: [GC 9391805K->2468136K(14497792K), 0.4795860 secs]
2018-05-15T17:03:30.613+0000: 384650.234: [GC 9437288K->2511062K(14491456K), 0.6904000 secs]
2018-05-15T17:04:45.229+0000: 384724.850: [GC 9480214K->2586765K(14432320K), 0.8705430 secs]
2018-05-15T17:05:18.358+0000: 384757.979: [GC 9492877K->2552103K(14463104K), 0.5030060 secs]
2018-05-15T17:05:35.907+0000: 384775.528: [GC 9458215K->2547718K(14471104K), 0.4937790 secs]
2018-05-15T17:06:25.908+0000: 384825.529: [GC 9467782K->2624089K(14427712K), 0.8234160 secs]
2018-05-15T17:07:19.665+0000: 384879.285: [GC 9544153K->2658775K(14442176K), 0.8762870 secs]
2018-05-15T17:07:36.731+0000: 384896.352: [GC 9545943K->2595434K(14453632K), 0.4756240 secs]
2018-05-15T17:07:53.301+0000: 384912.921: [GC 9482602K->2615816K(14461056K), 0.5233260 secs]
2018-05-15T17:08:19.521+0000: 384939.142: [GC 9512840K->2623201K(14456064K), 0.5019680 secs]
2018-05-15T17:08:36.620+0000: 384956.241: [GC 9520225K->2626935K(14468864K), 0.4429770 secs]
2018-05-15T17:09:38.355+0000: 385017.976: [GC 9541367K->2735409K(14452416K), 0.8990420 secs]
2018-05-15T17:10:05.395+0000: 385045.016: [GC 9649841K->2688482K(14458816K), 0.5255190 secs]
2018-05-15T17:10:24.192+0000: 385063.813: [GC 9579618K->2679069K(14452416K), 0.4393510 secs]
2018-05-15T17:11:00.784+0000: 385100.405: [GC 9570205K->2723747K(14468992K), 0.6300290 secs]
2018-05-15T17:11:29.859+0000: 385129.479: [GC 9634979K->2740958K(14462336K), 0.6679410 secs]
2018-05-15T17:11:45.787+0000: 385145.407: [GC 9652190K->2733597K(14478912K), 0.5135790 secs]
2018-05-15T17:12:26.705+0000: 385186.326: [GC 9666333K->2794936K(14440448K), 0.7672380 secs]
2018-05-15T17:13:02.813+0000: 385222.433: [GC 9727672K->2786720K(14477056K), 0.6527560 secs]
2018-05-15T17:13:18.304+0000: 385237.924: [GC 9715936K->2773129K(14472256K), 0.5007940 secs]
2018-05-15T17:13:47.323+0000: 385266.944: [GC 9702345K->2791012K(14484544K), 0.5345880 secs]
2018-05-15T17:14:05.303+0000: 385284.924: [GC 9735780K->2800781K(14480320K), 0.5281420 secs]
2018-05-15T17:14:57.911+0000: 385337.531: [GC 9745549K->2832057K(14492288K), 0.5637720 secs]
2018-05-15T17:15:30.315+0000: 385369.935: [GC 9791865K->2822535K(14487616K), 0.4815420 secs]
2018-05-15T17:15:46.845+0000: 385386.466: [GC 9782343K->2846884K(14498496K), 0.6508040 secs]
2018-05-15T17:16:16.260+0000: 385415.880: [GC 9819172K->2845415K(14493888K), 0.4633150 secs]
2018-05-15T17:16:32.756+0000: 385432.377: [GC 9817703K->2847380K(14501376K), 0.4422890 secs]
2018-05-15T17:17:04.020+0000: 385463.640: [GC 9829524K->2882202K(14500864K), 0.6030540 secs]
2018-05-15T17:18:24.035+0000: 385543.656: [GC 9864346K->2925052K(14490432K), 0.7531700 secs]
2018-05-15T17:18:35.319+0000: 385554.940: [GC 3542934K->2805896K(14332544K), 0.1186400 secs]
2018-05-15T17:18:35.438+0000: 385555.058: [Full GC 2805896K->1066789K(14332544K), 3.7778030 secs]
2018-05-15T17:19:20.485+0000: 385600.106: [GC 8043173K->1183942K(14492352K), 0.5036210 secs]
2018-05-15T17:19:36.619+0000: 385616.240: [GC 8141382K->1182946K(14485184K), 0.4729030 secs]
2018-05-15T17:20:55.014+0000: 385694.635: [GC 8140386K->1289393K(14443136K), 0.9308690 secs]
2018-05-15T17:21:14.519+0000: 385714.139: [GC 8209201K->1242402K(14469952K), 0.5499780 secs]
2018-05-15T17:22:10.704+0000: 385770.325: [GC 8162210K->1325518K(14442432K), 0.9263200 secs]
2018-05-15T17:23:28.422+0000: 385848.042: [GC 8225230K->1345656K(14439360K), 0.9449180 secs]
2018-05-15T17:24:40.258+0000: 385919.879: [GC 8245368K->1360985K(14412352K), 0.8781530 secs]
2018-05-15T17:25:10.094+0000: 385949.714: [GC 8196057K->1285011K(14427584K), 0.5161780 secs]
2018-05-15T17:26:37.219+0000: 386036.840: [GC 8120083K->1379209K(14416192K), 0.7425580 secs]
2018-05-15T17:26:54.699+0000: 386054.320: [GC 8208009K->1315081K(14424448K), 0.4818390 secs]
2018-05-15T17:27:13.746+0000: 386073.367: [GC 8143881K->1319490K(14430784K), 0.4285290 secs]
2018-05-15T17:28:09.418+0000: 386129.039: [GC 8157698K->1415397K(14355840K), 0.8893390 secs]
2018-05-15T17:28:30.174+0000: 386149.795: [GC 8253605K->1354077K(14431616K), 0.4625640 secs]
2018-05-15T17:28:48.962+0000: 386168.583: [GC 8191965K->1364096K(14426368K), 0.4341970 secs]
2018-05-15T17:29:25.244+0000: 386204.864: [GC 8201984K->1444587K(14431680K), 0.7875110 secs]
2018-05-15T17:30:06.937+0000: 386246.558: [GC 8292587K->1459273K(14354560K), 0.4290480 secs]
2018-05-15T17:30:28.707+0000: 386268.328: [GC 8307273K->1400393K(14436096K), 0.3882040 secs]
2018-05-15T17:30:45.697+0000: 386285.318: [GC 8249929K->1415862K(14433536K), 0.4140150 secs]
2018-05-15T17:31:11.618+0000: 386311.239: [GC 8265398K->1457793K(14449856K), 0.5661640 secs]
2018-05-15T17:32:11.597+0000: 386371.218: [GC 8327681K->1552441K(14408960K), 0.9259280 secs]
2018-05-15T17:32:35.028+0000: 386394.649: [GC 8422329K->1490722K(14442752K), 0.5653500 secs]
2018-05-15T17:32:54.889+0000: 386414.509: [GC 8347362K->1484971K(14433984K), 0.4853690 secs]
2018-05-15T17:33:31.497+0000: 386451.118: [GC 8341611K->1545792K(14450112K), 0.7391310 secs]
2018-05-15T17:34:08.914+0000: 386488.535: [GC 8423360K->1561296K(14447552K), 0.7040600 secs]
2018-05-15T17:34:25.499+0000: 386505.119: [GC 8438864K->1545179K(14457408K), 0.5822130 secs]
2018-05-15T17:34:39.360+0000: 386518.980: [GC 8433627K->1553231K(14451136K), 0.5753520 secs]
2018-05-15T17:34:51.119+0000: 386530.740: [GC 8441679K->1553986K(14467328K), 0.4362260 secs]
2018-05-15T17:35:02.454+0000: 386542.074: [GC 8464514K->1565242K(14463296K), 0.3931800 secs]
2018-05-15T17:35:14.581+0000: 386554.201: [GC 8475770K->1570142K(14472448K), 0.4121890 secs]
2018-05-15T17:35:27.559+0000: 386567.180: [GC 8492830K->1580828K(14470336K), 0.3437040 secs]
2018-05-15T17:35:40.218+0000: 386579.839: [GC 8503516K->1596418K(14478912K), 0.4045510 secs]
2018-05-15T17:35:51.546+0000: 386591.166: [GC 8530498K->1604400K(14475264K), 0.3595490 secs]
2018-05-15T17:36:08.488+0000: 386608.109: [GC 8538480K->1639659K(14489920K), 0.4892860 secs]
2018-05-15T17:36:20.120+0000: 386619.741: [GC 8591403K->1648486K(14481920K), 0.3685470 secs]
2018-05-15T17:36:33.068+0000: 386632.688: [GC 8600230K->1664464K(14503232K), 0.4919340 secs]
2018-05-15T17:36:52.504+0000: 386652.125: [GC 8644432K->1703011K(14496832K), 0.6301210 secs]
2018-05-15T17:37:41.797+0000: 386701.418: [GC 8682979K->1784719K(14439232K), 1.0250810 secs]
2018-05-15T17:38:50.347+0000: 386769.968: [GC 8705423K->1815392K(14456896K), 0.9004230 secs]
2018-05-15T17:39:57.479+0000: 386837.099: [GC 8736096K->1825559K(14420288K), 0.8907650 secs]
2018-05-15T17:40:42.014+0000: 386881.635: [GC 8682647K->1802707K(14438592K), 0.7175290 secs]
2018-05-15T17:40:59.690+0000: 386899.311: [GC 8659795K->1743870K(14442176K), 0.4332300 secs]
2018-05-15T17:41:30.323+0000: 386929.944: [GC 8605566K->1828639K(14377664K), 0.8723820 secs]
2018-05-15T17:42:26.173+0000: 386985.794: [GC 8690335K->1855592K(14416192K), 0.9759330 secs]
2018-05-15T17:43:17.397+0000: 387037.018: [GC 8689256K->1861624K(14365056K), 0.9694200 secs]
2018-05-15T17:44:44.032+0000: 387123.653: [GC 8695288K->1865893K(14414272K), 0.9613600 secs]
2018-05-15T17:45:40.314+0000: 387179.935: [GC 8680741K->1877887K(14342784K), 0.9002260 secs]
2018-05-15T17:46:24.884+0000: 387224.505: [GC 8692735K->1849432K(14425152K), 0.6964490 secs]
2018-05-15T17:46:42.662+0000: 387242.283: [GC 8670232K->1801071K(14415744K), 0.4015560 secs]
2018-05-15T17:46:58.302+0000: 387257.922: [GC 8621871K->1833012K(14428416K), 0.5086950 secs]
2018-05-15T17:47:54.412+0000: 387314.033: [GC 8665012K->1920322K(14369856K), 0.9348370 secs]
2018-05-15T17:48:50.051+0000: 387369.672: [GC 8752322K->1928793K(14410880K), 0.8973590 secs]
2018-05-15T17:49:45.231+0000: 387424.851: [GC 8739545K->1937430K(14344192K), 0.8637730 secs]
2018-05-15T17:50:44.332+0000: 387483.953: [GC 8748182K->1943205K(14413504K), 0.8980230 secs]
2018-05-15T17:51:01.663+0000: 387501.283: [GC 8748965K->1869446K(14412352K), 0.4662550 secs]
2018-05-15T17:51:17.405+0000: 387517.025: [GC 8675206K->1884975K(14415808K), 0.4881430 secs]
2018-05-15T17:52:09.224+0000: 387568.845: [GC 8693679K->1971031K(14412992K), 0.9330530 secs]
2018-05-15T17:53:13.252+0000: 387632.873: [GC 8779735K->1980065K(14411392K), 0.9202560 secs]
2018-05-15T17:54:13.490+0000: 387693.111: [GC 8785185K->1991721K(14335872K), 0.8997560 secs]
2018-05-15T17:54:51.730+0000: 387731.351: [GC 8796841K->1960888K(14420608K), 0.7383770 secs]
2018-05-15T17:55:06.497+0000: 387746.118: [GC 8772792K->1926321K(14411392K), 0.4421600 secs]
2018-05-15T17:55:34.523+0000: 387774.144: [GC 8738225K->1948300K(14427392K), 0.6126440 secs]
2018-05-15T17:55:50.741+0000: 387790.362: [GC 8777484K->1926404K(14421888K), 0.4524390 secs]
2018-05-15T17:56:05.665+0000: 387805.286: [GC 8755588K->1939543K(14431360K), 0.4946040 secs]
2018-05-15T17:56:23.924+0000: 387823.544: [GC 8778647K->1924123K(14427840K), 0.3821190 secs]
2018-05-15T17:56:40.719+0000: 387840.340: [GC 8763227K->1946945K(14437184K), 0.4573290 secs]
2018-05-15T17:57:36.326+0000: 387895.946: [GC 8796033K->2041110K(14378816K), 0.9470650 secs]
2018-05-15T17:58:49.486+0000: 387969.106: [GC 8890198K->2045485K(14414912K), 0.9556520 secs]
2018-05-15T17:59:44.480+0000: 388024.100: [GC 8867501K->2001008K(14421056K), 0.6244990 secs]
2018-05-15T17:59:59.990+0000: 388039.611: [GC 8823024K->1980676K(14435584K), 0.4421500 secs]
2018-05-15T18:00:17.839+0000: 388057.460: [GC 8827268K->1990359K(14431104K), 0.4902570 secs]
2018-05-15T18:00:33.777+0000: 388073.398: [GC 8836951K->1975259K(14443904K), 0.3418830 secs]
2018-05-15T18:00:45.686+0000: 388085.307: [GC 8840667K->1988952K(14441600K), 0.3789390 secs]
2018-05-15T18:00:56.776+0000: 388096.397: [GC 8854360K->1991792K(14452160K), 0.3737720 secs]
2018-05-15T18:01:08.804+0000: 388108.425: [GC 8871792K->2001937K(14447936K), 0.4571000 secs]
2018-05-15T18:01:28.918+0000: 388128.539: [GC 8881937K->1998133K(14461888K), 0.4037740 secs]
2018-05-15T18:01:58.967+0000: 388158.588: [GC 8897653K->2035197K(14457728K), 0.5974400 secs]
2018-05-15T18:03:09.830+0000: 388229.451: [GC 8934717K->2108579K(14439680K), 0.9330960 secs]
2018-05-15T18:03:47.367+0000: 388266.987: [GC 8999971K->2076720K(14455744K), 0.6036700 secs]
2018-05-15T18:04:04.897+0000: 388284.517: [GC 8968112K->2051706K(14464896K), 0.5373480 secs]
2018-05-15T18:04:28.772+0000: 388308.393: [GC 8954042K->2067323K(14457536K), 0.5724860 secs]
2018-05-15T18:04:44.559+0000: 388324.179: [GC 8969659K->2056920K(14477952K), 0.4777510 secs]
2018-05-15T18:05:00.651+0000: 388340.271: [GC 8988184K->2070620K(14473408K), 0.4834510 secs]
2018-05-15T18:05:28.431+0000: 388368.052: [GC 9001884K->2080914K(14490304K), 0.5203580 secs]
2018-05-15T18:05:43.566+0000: 388383.187: [GC 9035026K->2092324K(14483904K), 0.5834830 secs]
2018-05-15T18:06:45.178+0000: 388444.799: [GC 9046436K->2116491K(14496832K), 0.6447170 secs]
2018-05-15T18:07:04.413+0000: 388464.033: [GC 9089355K->2080380K(14496128K), 0.3949510 secs]
2018-05-15T18:07:28.212+0000: 388487.833: [GC 9053244K->2104760K(14501696K), 0.5183330 secs]
2018-05-15T18:07:46.951+0000: 388506.572: [GC 9083576K->2103340K(14497216K), 0.4633120 secs]
2018-05-15T18:08:06.966+0000: 388526.586: [GC 9082156K->2112343K(14508672K), 0.4700030 secs]
2018-05-15T18:08:49.181+0000: 388568.801: [GC 9105815K->2173013K(14491200K), 0.7454040 secs]
2018-05-15T18:09:22.083+0000: 388601.704: [GC 9166485K->2137617K(14504128K), 0.5286080 secs]
2018-05-15T18:09:41.413+0000: 388621.033: [GC 9120017K->2139942K(14498368K), 0.5029390 secs]
2018-05-15T18:10:02.731+0000: 388642.352: [GC 9122342K->2147139K(14512832K), 0.4762170 secs]
2018-05-15T18:10:20.245+0000: 388659.866: [GC 9148483K->2137873K(14508608K), 0.4250250 secs]
2018-05-15T18:10:41.306+0000: 388680.927: [GC 9139217K->2153616K(14517760K), 0.5258500 secs]
2018-05-15T18:11:41.728+0000: 388741.348: [GC 9165392K->2248657K(14514112K), 0.9270130 secs]
2018-05-15T18:11:57.993+0000: 388757.614: [GC 9260433K->2215064K(14476736K), 0.5419160 secs]
2018-05-15T18:12:14.289+0000: 388773.910: [GC 9185816K->2212053K(14495424K), 0.5031230 secs]
2018-05-15T18:13:25.110+0000: 388844.730: [GC 9182805K->2285086K(14472640K), 0.7951790 secs]
2018-05-15T18:14:17.993+0000: 388897.613: [GC 9236254K->2309983K(14479424K), 0.9301340 secs]
2018-05-15T18:15:12.634+0000: 388952.254: [GC 9261151K->2323165K(14430784K), 0.8830760 secs]
2018-05-15T18:15:48.280+0000: 388987.900: [GC 9213277K->2275784K(14455104K), 0.6805990 secs]
2018-05-15T18:16:08.262+0000: 389007.883: [GC 9165896K->2250893K(14465728K), 0.4921870 secs]
2018-05-15T18:16:32.974+0000: 389032.594: [GC 9160141K->2274992K(14463616K), 0.5752000 secs]
2018-05-15T18:16:49.402+0000: 389049.022: [GC 9184240K->2274140K(14475904K), 0.5223940 secs]
2018-05-15T18:17:05.160+0000: 389064.780: [GC 9201564K->2274740K(14471616K), 0.5069530 secs]
2018-05-15T18:17:57.117+0000: 389116.737: [GC 9202164K->2353797K(14454912K), 0.8343700 secs]
2018-05-15T18:18:39.225+0000: 389158.845: [GC 6415938K->2294634K(14467008K), 0.5533220 secs]
2018-05-15T18:18:39.778+0000: 389159.399: [Full GC 2294634K->1140951K(14467008K), 3.4702100 secs]
2018-05-15T18:19:39.593+0000: 389219.214: [GC 8054863K->1335354K(14440128K), 0.9853240 secs]
2018-05-15T18:19:56.704+0000: 389236.324: [GC 8226618K->1272245K(14455680K), 0.4874560 secs]
2018-05-15T18:20:15.707+0000: 389255.327: [GC 8163509K->1254453K(14461248K), 0.4070070 secs]
2018-05-15T18:20:41.649+0000: 389281.269: [GC 8156277K->1266346K(14460672K), 0.3892840 secs]
2018-05-15T18:20:58.979+0000: 389298.599: [GC 8168170K->1289649K(14469376K), 0.4912710 secs]
2018-05-15T18:21:24.083+0000: 389323.703: [GC 8202801K->1313646K(14463872K), 0.5944610 secs]
2018-05-15T18:21:45.154+0000: 389344.774: [GC 8226798K->1304588K(14482240K), 0.4871790 secs]
2018-05-15T18:22:00.594+0000: 389360.215: [GC 8244492K->1313907K(14477760K), 0.5018520 secs]
2018-05-15T18:23:02.552+0000: 389422.172: [GC 8253811K->1345335K(14489536K), 0.6400620 secs]
2018-05-15T18:23:22.152+0000: 389441.772: [GC 8301751K->1316787K(14486976K), 0.4347950 secs]
2018-05-15T18:23:41.162+0000: 389460.783: [GC 8273203K->1334354K(14495424K), 0.5126890 secs]
2018-05-15T18:24:01.894+0000: 389481.514: [GC 8300946K->1345902K(14491264K), 0.4921100 secs]
2018-05-15T18:24:20.956+0000: 389500.577: [GC 8312494K->1347643K(14504448K), 0.4883530 secs]
2018-05-15T18:24:43.088+0000: 389522.709: [GC 8332731K->1369524K(14500736K), 0.5655100 secs]
2018-05-15T18:24:58.617+0000: 389538.237: [GC 8354612K->1366259K(14512896K), 0.4507220 secs]
2018-05-15T18:25:19.680+0000: 389559.300: [GC 8367923K->1389344K(14508864K), 0.6157390 secs]
2018-05-15T18:25:40.667+0000: 389580.288: [GC 8391008K->1374548K(14517760K), 0.5055250 secs]
2018-05-15T18:25:58.289+0000: 389597.910: [GC 8386964K->1383261K(14514752K), 0.5271460 secs]
2018-05-15T18:27:05.285+0000: 389664.905: [GC 8395677K->1464267K(14474752K), 0.8817730 secs]
2018-05-15T18:28:04.095+0000: 389723.716: [GC 8440139K->1506298K(14497984K), 0.9654640 secs]
2018-05-15T18:29:40.418+0000: 389820.039: [GC 8482170K->1516851K(14420672K), 0.9123610 secs]
2018-05-15T18:30:37.040+0000: 389876.661: [GC 8415411K->1533891K(14426688K), 0.8303370 secs]
2018-05-15T18:31:19.106+0000: 389918.727: [GC 8432451K->1479075K(14454336K), 0.5834860 secs]
2018-05-15T18:31:37.033+0000: 389936.653: [GC 8361955K->1475521K(14448640K), 0.5374170 secs]
2018-05-15T18:31:57.643+0000: 389957.264: [GC 8358401K->1469264K(14459840K), 0.4686860 secs]
2018-05-15T18:32:16.142+0000: 389975.763: [GC 8366800K->1485329K(14457792K), 0.5139830 secs]
2018-05-15T18:32:43.652+0000: 390003.273: [GC 8382865K->1492617K(14469120K), 0.5335670 secs]
2018-05-15T18:33:03.004+0000: 390022.625: [GC 8405897K->1489742K(14464256K), 0.4639790 secs]
2018-05-15T18:33:20.660+0000: 390040.281: [GC 8403022K->1491571K(14475840K), 0.4616630 secs]
2018-05-15T18:33:39.687+0000: 390059.308: [GC 8419891K->1520057K(14472576K), 0.5844700 secs]
2018-05-15T18:33:56.078+0000: 390075.698: [GC 8448377K->1512319K(14488064K), 0.4898040 secs]
2018-05-15T18:34:24.903+0000: 390104.523: [GC 8463999K->1519610K(14483712K), 0.5183330 secs]
2018-05-15T18:34:40.202+0000: 390119.823: [GC 8471290K->1530635K(14498304K), 0.5352590 secs]
2018-05-15T18:36:18.898+0000: 390218.519: [GC 8501771K->1594504K(14480448K), 0.8166300 secs]
2018-05-15T18:37:50.091+0000: 390309.711: [GC 8565640K->1618434K(14456256K), 0.9307430 secs]
2018-05-15T18:38:50.584+0000: 390370.205: [GC 8540418K->1592102K(14471040K), 0.6903740 secs]
2018-05-15T18:39:06.093+0000: 390385.714: [GC 8514086K->1567575K(14476672K), 0.5277770 secs]
2018-05-15T18:39:19.892+0000: 390399.513: [GC 8496407K->1561845K(14472256K), 0.4162490 secs]
2018-05-15T18:39:38.421+0000: 390418.042: [GC 8490677K->1558606K(14480768K), 0.4267720 secs]
2018-05-15T18:40:14.244+0000: 390453.864: [GC 8498574K->1591399K(14479296K), 0.5173510 secs]
2018-05-15T18:41:10.929+0000: 390510.550: [GC 8531367K->1680300K(14438272K), 0.9632970 secs]
2018-05-15T18:42:02.042+0000: 390561.663: [GC 8586284K->1688970K(14435904K), 0.8801500 secs]
2018-05-15T18:42:17.961+0000: 390577.582: [GC 8594954K->1625664K(14454272K), 0.5193640 secs]
2018-05-15T18:42:31.481+0000: 390591.102: [GC 8509696K->1623647K(14449856K), 0.4354290 secs]
2018-05-15T18:42:49.201+0000: 390608.822: [GC 8507679K->1638492K(14461504K), 0.4519400 secs]
2018-05-15T18:43:01.553+0000: 390621.173: [GC 8536860K->1640914K(14456960K), 0.4160290 secs]
2018-05-15T18:43:13.799+0000: 390633.419: [GC 8539282K->1645915K(14466944K), 0.3918360 secs]
2018-05-15T18:43:25.115+0000: 390644.736: [GC 8557083K->1666445K(14464320K), 0.4227210 secs]
2018-05-15T18:43:42.918+0000: 390662.539: [GC 8577613K->1657411K(14475264K), 0.3682830 secs]
2018-05-15T18:44:21.494+0000: 390701.115: [GC 8585091K->1700463K(14472512K), 0.5473810 secs]
2018-05-15T18:45:26.907+0000: 390766.527: [GC 8628143K->1796550K(14428096K), 0.9386450 secs]
2018-05-15T18:46:25.034+0000: 390824.655: [GC 8688326K->1824250K(14433280K), 0.9783610 secs]
2018-05-15T18:47:11.506+0000: 390871.127: [GC 8716026K->1846823K(14405248K), 0.9339670 secs]
2018-05-15T18:47:57.890+0000: 390917.511: [GC 8669223K->1860646K(14361152K), 0.9524170 secs]
2018-05-15T18:48:48.630+0000: 390968.250: [GC 8683046K->1875615K(14398208K), 0.9599670 secs]
2018-05-15T18:49:41.713+0000: 391021.334: [GC 8664863K->1888563K(14322880K), 0.8589790 secs]
2018-05-15T18:50:41.143+0000: 391080.764: [GC 8677811K->1895539K(14398528K), 0.9647300 secs]
2018-05-15T18:51:25.719+0000: 391125.340: [GC 8675059K->1882710K(14399808K), 0.8315880 secs]
2018-05-15T18:51:43.198+0000: 391142.818: [GC 8662230K->1824216K(14408512K), 0.4409030 secs]
2018-05-15T18:51:54.668+0000: 391154.288: [GC 8619864K->1837695K(14407232K), 0.4754920 secs]
2018-05-15T18:52:06.484+0000: 391166.105: [GC 8633343K->1847927K(14415744K), 0.4257100 secs]
2018-05-15T18:52:19.360+0000: 391178.981: [GC 8655287K->1861822K(14411712K), 0.4059250 secs]
2018-05-15T18:52:33.069+0000: 391192.689: [GC 8669182K->1863952K(14425280K), 0.4238340 secs]
2018-05-15T18:52:45.529+0000: 391205.149: [GC 8690192K->1872514K(14421056K), 0.4128380 secs]
2018-05-15T18:52:56.485+0000: 391216.106: [GC 8698754K->1889406K(14436416K), 0.3989820 secs]
2018-05-15T18:53:06.794+0000: 391226.414: [GC 8735870K->1899450K(14430144K), 0.4427810 secs]
2018-05-15T18:53:21.002+0000: 391240.623: [GC 8745914K->1914583K(14450560K), 0.4721620 secs]
2018-05-15T18:53:32.997+0000: 391252.618: [GC 8788055K->1911380K(14443008K), 0.3908800 secs]
2018-05-15T18:53:44.396+0000: 391264.017: [GC 8784852K->1928459K(14461824K), 0.3359870 secs]
2018-05-15T18:53:56.456+0000: 391276.077: [GC 8825675K->1954567K(14455488K), 0.4836780 secs]
2018-05-15T18:54:12.079+0000: 391291.699: [GC 8851783K->1954440K(14477184K), 0.4739980 secs]
2018-05-15T18:54:23.745+0000: 391303.365: [GC 8882504K->1960363K(14470976K), 0.3952770 secs]
2018-05-15T18:54:34.480+0000: 391314.100: [GC 8888427K->1983664K(14489536K), 0.4516380 secs]
2018-05-15T18:54:44.577+0000: 391324.197: [GC 8935472K->1980718K(14482368K), 0.2803230 secs]
2018-05-15T18:54:57.731+0000: 391337.352: [GC 8932526K->2002094K(14500096K), 0.4346000 secs]
2018-05-15T18:55:15.501+0000: 391355.122: [GC 8976110K->2023649K(14494016K), 0.4707960 secs]
2018-05-15T18:55:57.825+0000: 391397.445: [GC 8997665K->2095366K(14472832K), 0.8676330 secs]
2018-05-15T18:56:51.866+0000: 391451.486: [GC 9053830K->2129795K(14489280K), 0.9298280 secs]
2018-05-15T18:57:54.698+0000: 391514.318: [GC 9088259K->2137294K(14408768K), 0.8259200 secs]
2018-05-15T18:58:59.636+0000: 391579.256: [GC 9015246K->2150982K(14409280K), 0.9557980 secs]
2018-05-15T19:06:26.402+0000: 392026.023: [GC 9028934K->2110801K(14444992K), 0.6427810 secs]
2018-05-15T19:14:11.958+0000: 392491.578: [GC 8972305K->2130138K(14436608K), 0.6107820 secs]
2018-05-15T19:18:43.257+0000: 392762.878: [GC 4754997K->2082372K(14444736K), 0.2436960 secs]
2018-05-15T19:18:43.501+0000: 392763.122: [Full GC 2082372K->1041521K(14444736K), 3.4771930 secs]
2018-05-15T19:27:38.931+0000: 393298.552: [GC 7920881K->1165937K(14449728K), 0.5786560 secs]
2018-05-15T19:35:07.826+0000: 393747.447: [GC 8045297K->1186104K(14466880K), 0.5998500 secs]
2018-05-15T19:46:21.375+0000: 394420.995: [GC 8091896K->1198951K(14459008K), 0.5574860 secs]
2018-05-15T19:53:07.088+0000: 394826.709: [GC 8104743K->1217546K(14478784K), 0.5707380 secs]
2018-05-15T20:01:24.848+0000: 395324.469: [GC 8149706K->1231263K(14473472K), 0.5380460 secs]
2018-05-15T20:09:47.924+0000: 395827.545: [GC 8163423K->1246682K(14488000K), 0.5373740 secs]
2018-05-15T20:18:46.987+0000: 396366.608: [GC 7905224K->1258500K(14483712K), 0.5046300 secs]
2018-05-15T20:18:47.492+0000: 396367.113: [Full GC 1258500K->844808K(14483712K), 2.8598370 secs]
2018-05-15T20:30:17.964+0000: 397057.584: [GC 7796424K->956034K(14497280K), 0.4491920 secs]
2018-05-15T20:39:59.592+0000: 397639.212: [GC 7925186K->976938K(14491968K), 0.4951140 secs]
2018-05-15T20:51:35.649+0000: 398335.270: [GC 7946090K->992922K(14506304K), 0.5189820 secs]
2018-05-15T21:01:50.499+0000: 398950.119: [GC 7981338K->1015232K(14502208K), 0.5302410 secs]
2018-05-15T21:12:02.468+0000: 399562.089: [GC 8003648K->1029630K(14513728K), 0.5204110 secs]
2018-05-15T21:18:50.362+0000: 399969.982: [GC 4504138K->1000306K(14403328K), 0.2697970 secs]
2018-05-15T21:18:50.632+0000: 399970.252: [Full GC 1000306K->671662K(14403328K), 2.5260880 secs]
2018-05-15T21:30:25.691+0000: 400665.312: [GC 7676206K->779950K(14515136K), 0.4991810 secs]
2018-05-15T21:43:27.347+0000: 401446.968: [GC 7784174K->794494K(14509184K), 0.5217720 secs]
2018-05-15T22:01:17.508+0000: 402517.129: [GC 7798718K->813560K(14524480K), 0.5107460 secs]
2018-05-15T22:18:53.167+0000: 403572.788: [GC 6422351K->823931K(14519616K), 0.4254340 secs]
2018-05-15T22:18:53.593+0000: 403573.213: [Full GC 823931K->521655K(14519616K), 2.1391470 secs]
2018-05-15T22:42:24.861+0000: 404984.482: [GC 7545655K->624087K(14530304K), 0.5016900 secs]
2018-05-15T23:08:08.715+0000: 406528.336: [GC 7660695K->646417K(14526400K), 0.5126540 secs]
2018-05-15T23:18:55.741+0000: 407175.361: [GC 4745960K->623877K(14524864K), 0.2819790 secs]
2018-05-15T23:18:56.023+0000: 407175.643: [Full GC 623877K->482950K(14524864K), 2.1703260 secs]
2018-05-15T23:48:36.190+0000: 408955.811: [GC 7522054K->583814K(14529600K), 0.4925900 secs]
2018-05-16T00:18:58.203+0000: 410777.823: [GC 5851644K->576884K(14534016K), 0.3822140 secs]
2018-05-16T00:18:58.585+0000: 410778.206: [Full GC 576884K->451170K(14534016K), 2.1075720 secs]
2018-05-16T01:19:00.703+0000: 414380.323: [GC 6592549K->540420K(14534208K), 0.4554500 secs]
2018-05-16T01:19:01.158+0000: 414380.779: [Full GC 540420K->405720K(14534208K), 1.8468270 secs]
2018-05-16T02:19:03.014+0000: 417982.635: [GC 6284631K->486184K(14538880K), 0.4438320 secs]
2018-05-16T02:19:03.458+0000: 417983.079: [Full GC 486184K->358017K(14538880K), 1.7227440 secs]
2018-05-16T03:19:05.190+0000: 421584.810: [GC 6708798K->457650K(14537344K), 0.4878810 secs]
2018-05-16T03:19:05.678+0000: 421585.298: [Full GC 457650K->350860K(14537344K), 1.7419690 secs]
2018-05-16T04:03:40.684+0000: 424260.305: [GC 7406988K->447550K(14546112K), 0.5025470 secs]
2018-05-16T04:19:07.430+0000: 425187.050: [GC 3830262K->422735K(14454208K), 0.2406110 secs]
2018-05-16T04:19:07.670+0000: 425187.291: [Full GC 422735K->321776K(14454208K), 1.5367980 secs]
2018-05-16T04:37:23.909+0000: 426283.529: [GC 7389872K->409682K(14545472K), 0.4190060 secs]
2018-05-16T04:54:08.603+0000: 427288.224: [GC 7476370K->435661K(14541312K), 0.4737680 secs]
2018-05-16T05:06:51.306+0000: 428050.926: [GC 7502349K->462055K(14546944K), 0.4977640 secs]
2018-05-16T05:19:09.218+0000: 428788.839: [GC 7497226K->483219K(14519808K), 0.4980100 secs]
2018-05-16T05:19:09.716+0000: 428789.337: [Full GC 483219K->404965K(14519808K), 1.9045710 secs]
2018-05-16T05:30:36.253+0000: 429475.874: [GC 7479781K->509910K(14546624K), 0.4507900 secs]
2018-05-16T05:40:48.428+0000: 430088.049: [GC 7583318K->528418K(14546752K), 0.5258900 secs]
2018-05-16T05:52:27.281+0000: 430786.901: [GC 7601826K->543053K(14547584K), 0.5017630 secs]
2018-05-16T06:03:03.049+0000: 431422.670: [GC 7617613K->565022K(14523264K), 0.5173700 secs]
2018-05-16T06:11:55.356+0000: 431954.976: [GC 7639582K->598309K(14537600K), 0.5556070 secs]
2018-05-16T06:19:11.630+0000: 432391.251: [GC 5184613K->583484K(14479424K), 0.3386470 secs]
2018-05-16T06:19:11.969+0000: 432391.590: [Full GC 583484K->443270K(14479424K), 2.1671030 secs]
2018-05-16T06:27:56.473+0000: 432916.093: [GC 7507590K->558462K(14536832K), 0.5195900 secs]
2018-05-16T06:37:50.950+0000: 433510.571: [GC 7616894K->578293K(14539264K), 0.5342840 secs]
2018-05-16T06:47:58.023+0000: 434117.644: [GC 7636725K->600990K(14539520K), 0.5474660 secs]
2018-05-16T06:57:27.656+0000: 434687.276: [GC 7659934K->620153K(14539520K), 0.4995910 secs]
2018-05-16T07:05:45.314+0000: 435184.935: [GC 7679097K->651003K(14534720K), 0.5141560 secs]
2018-05-16T07:16:46.929+0000: 435846.550: [GC 7705339K->683825K(14517696K), 0.5216700 secs]
2018-05-16T07:19:14.145+0000: 435993.766: [GC 2605790K->633905K(14517120K), 0.2006220 secs]
2018-05-16T07:19:14.346+0000: 435993.967: [Full GC 633905K->512562K(14517120K), 2.2862420 secs]
2018-05-16T07:29:34.381+0000: 436614.002: [GC 7543602K->635347K(14493888K), 0.4926060 secs]
2018-05-16T07:38:44.889+0000: 437164.510: [GC 7666387K->672247K(14516672K), 0.5498310 secs]
2018-05-16T07:46:33.824+0000: 437633.444: [GC 7691127K->705344K(14480768K), 0.5324220 secs]
2018-05-16T07:54:30.407+0000: 438110.027: [GC 7724224K->732725K(14519232K), 0.5123410 secs]
2018-05-16T08:01:24.962+0000: 438524.582: [GC 7750261K->778086K(14493632K), 0.5944420 secs]
2018-05-16T08:02:39.442+0000: 438599.062: [GC 7795622K->858533K(14446080K), 0.9937510 secs]
2018-05-16T08:03:54.692+0000: 438674.313: [GC 7798309K->880412K(14457920K), 0.8733830 secs]
2018-05-16T08:04:58.267+0000: 438737.888: [GC 7820188K->892490K(14446336K), 0.8214340 secs]
2018-05-16T08:06:20.611+0000: 438820.232: [GC 7785290K->893863K(14404416K), 0.8737400 secs]
2018-05-16T08:07:27.651+0000: 438887.272: [GC 7786663K->899910K(14442944K), 0.7841290 secs]
2018-05-16T08:08:34.179+0000: 438953.800: [GC 7773510K->908833K(14387008K), 0.8437590 secs]
2018-05-16T08:09:40.480+0000: 439020.101: [GC 7782433K->912998K(14442176K), 0.8537910 secs]
2018-05-16T08:10:44.100+0000: 439083.720: [GC 7778534K->911897K(14442816K), 0.8073760 secs]
2018-05-16T08:11:53.637+0000: 439153.257: [GC 7777433K->924328K(14447552K), 0.8260000 secs]
2018-05-16T08:12:55.374+0000: 439214.995: [GC 7798056K->925043K(14446272K), 0.7847090 secs]
2018-05-16T08:13:56.312+0000: 439275.933: [GC 7798771K->932390K(14458240K), 0.7696740 secs]
2018-05-16T08:15:02.226+0000: 439341.847: [GC 7823270K->938165K(14452736K), 0.6841270 secs]
2018-05-16T08:16:05.141+0000: 439404.762: [GC 7829045K->957067K(14466560K), 0.8082220 secs]
2018-05-16T08:17:05.789+0000: 439465.410: [GC 7867915K->950947K(14464384K), 0.7220280 secs]
2018-05-16T08:17:58.663+0000: 439518.284: [GC 7861795K->952166K(14476160K), 0.6715350 secs]
2018-05-16T08:18:21.485+0000: 439541.106: [GC 7880486K->917483K(14362304K), 0.4056430 secs]
2018-05-16T08:19:11.037+0000: 439590.658: [GC 7845803K->980189K(14478016K), 0.5905080 secs]
2018-05-16T08:19:16.643+0000: 439596.264: [GC 3030792K->899297K(14310656K), 0.2127950 secs]
2018-05-16T08:19:16.856+0000: 439596.477: [Full GC 899297K->685561K(14310656K), 2.7425040 secs]
2018-05-16T08:19:48.015+0000: 439627.636: [GC 7615481K->841403K(14466048K), 0.6276340 secs]
2018-05-16T08:20:19.694+0000: 439659.315: [GC 7753403K->827882K(14466048K), 0.5412330 secs]
2018-05-16T08:20:55.086+0000: 439694.707: [GC 7739882K->852091K(14478016K), 0.6186860 secs]
2018-05-16T08:21:33.274+0000: 439732.895: [GC 7781435K->867445K(14471424K), 0.6431690 secs]
2018-05-16T08:22:10.590+0000: 439770.211: [GC 7796789K->858146K(14486720K), 0.5414460 secs]
2018-05-16T08:22:30.859+0000: 439790.480: [GC 7807522K->850868K(14482752K), 0.4304430 secs]
2018-05-16T08:22:51.133+0000: 439810.753: [GC 7800244K->888404K(14490880K), 0.5728780 secs]
2018-05-16T08:23:10.064+0000: 439829.684: [GC 7845460K->915662K(14486272K), 0.5776050 secs]
2018-05-16T08:23:29.288+0000: 439848.909: [GC 7872718K->897415K(14493120K), 0.4458370 secs]
2018-05-16T08:23:45.410+0000: 439865.030: [GC 7865223K->906145K(14395904K), 0.3362570 secs]
2018-05-16T08:24:01.978+0000: 439881.599: [GC 7873953K->933401K(14496448K), 0.4668560 secs]
2018-05-16T08:24:21.138+0000: 439900.759: [GC 7903129K->942536K(14493376K), 0.4321030 secs]
2018-05-16T08:24:53.146+0000: 439932.767: [GC 7912264K->995475K(14496896K), 0.6344300 secs]
2018-05-16T08:26:12.780+0000: 440012.401: [GC 7971347K->1027835K(14464704K), 0.7059280 secs]
2018-05-16T08:26:54.235+0000: 440053.856: [GC 8003707K->1059254K(14475648K), 0.7991250 secs]
2018-05-16T08:27:14.647+0000: 440074.267: [GC 8008502K->1015684K(14484672K), 0.5014940 secs]
2018-05-16T08:27:31.683+0000: 440091.303: [GC 7964932K->1016806K(14489984K), 0.4189800 secs]
2018-05-16T08:27:47.498+0000: 440107.119: [GC 7974758K->1040829K(14488064K), 0.5054240 secs]
2018-05-16T08:28:04.588+0000: 440124.209: [GC 7998781K->1055419K(14501120K), 0.5149990 secs]
2018-05-16T08:28:22.018+0000: 440141.639: [GC 8031739K->1055915K(14495296K), 0.5146770 secs]
2018-05-16T08:28:43.289+0000: 440162.910: [GC 8032235K->1076850K(14509376K), 0.5508320 secs]
2018-05-16T08:29:00.766+0000: 440180.386: [GC 8071026K->1078679K(14504896K), 0.5227930 secs]
2018-05-16T08:29:31.078+0000: 440210.699: [GC 8072855K->1119865K(14502912K), 0.6785870 secs]
2018-05-16T08:30:42.173+0000: 440281.794: [GC 8115449K->1183015K(14507840K), 0.8782630 secs]
2018-05-16T08:31:14.080+0000: 440313.701: [GC 8178599K->1182140K(14448704K), 0.7323360 secs]
2018-05-16T08:31:37.928+0000: 440337.549: [GC 8118588K->1142076K(14478272K), 0.4922060 secs]
2018-05-16T08:31:57.993+0000: 440357.614: [GC 8078524K->1156783K(14484608K), 0.5244800 secs]
2018-05-16T08:32:19.096+0000: 440378.716: [GC 8101935K->1185291K(14480640K), 0.6316920 secs]
2018-05-16T08:32:41.093+0000: 440400.714: [GC 8130443K->1166493K(14491328K), 0.5336370 secs]
2018-05-16T08:32:59.175+0000: 440418.796: [GC 8126557K->1179968K(14488832K), 0.5014610 secs]
2018-05-16T08:33:21.138+0000: 440440.758: [GC 8140032K->1185309K(14499136K), 0.5114810 secs]
2018-05-16T08:33:42.229+0000: 440461.849: [GC 8160093K->1201575K(14495744K), 0.5832600 secs]
2018-05-16T08:34:02.361+0000: 440481.982: [GC 8176359K->1211450K(14508928K), 0.5914760 secs]
2018-05-16T08:34:22.426+0000: 440502.047: [GC 8204602K->1211662K(14504320K), 0.5740140 secs]
2018-05-16T08:34:42.262+0000: 440521.882: [GC 8204814K->1213727K(14514816K), 0.5508550 secs]
2018-05-16T08:35:05.061+0000: 440544.681: [GC 8221087K->1217508K(14512640K), 0.4725720 secs]
2018-05-16T08:35:27.052+0000: 440566.673: [GC 8224868K->1236114K(14520320K), 0.5607530 secs]
2018-05-16T08:35:48.991+0000: 440588.612: [GC 8252882K->1241960K(14516544K), 0.5616670 secs]
2018-05-16T08:36:09.024+0000: 440608.645: [GC 8258728K->1250231K(14526848K), 0.5784640 secs]
2018-05-16T08:36:28.507+0000: 440628.128: [GC 8280567K->1254883K(14523584K), 0.5533800 secs]
2018-05-16T08:36:49.054+0000: 440648.675: [GC 8285219K->1259897K(14531648K), 0.5365710 secs]
2018-05-16T08:37:11.061+0000: 440670.682: [GC 8300985K->1272130K(14529536K), 0.5635130 secs]
2018-05-16T08:37:29.788+0000: 440689.409: [GC 8313218K->1281949K(14534656K), 0.6181600 secs]
2018-05-16T08:37:54.530+0000: 440714.151: [GC 8330141K->1270062K(14533632K), 0.4901830 secs]
2018-05-16T08:38:16.943+0000: 440736.564: [GC 8318254K->1269064K(14532096K), 0.4735540 secs]
2018-05-16T08:38:35.048+0000: 440754.669: [GC 8315592K->1280837K(14533312K), 0.4921750 secs]
2018-05-16T08:38:56.993+0000: 440776.614: [GC 8327365K->1292641K(14535744K), 0.5271460 secs]
2018-05-16T08:39:15.410+0000: 440795.030: [GC 8342049K->1305373K(14533760K), 0.5501400 secs]
2018-05-16T08:39:33.214+0000: 440812.835: [GC 8354781K->1314473K(14540032K), 0.5374690 secs]
2018-05-16T08:39:52.818+0000: 440832.439: [GC 8372521K->1328476K(14538112K), 0.5802830 secs]
2018-05-16T08:40:12.417+0000: 440852.038: [GC 8386524K->1334002K(14541056K), 0.5261180 secs]
2018-05-16T08:40:31.701+0000: 440871.322: [GC 8394738K->1340947K(14539776K), 0.5411450 secs]
2018-05-16T08:40:54.677+0000: 440894.298: [GC 8401683K->1334435K(14542720K), 0.4895940 secs]
2018-05-16T08:41:15.926+0000: 440915.547: [GC 8399779K->1345409K(14542720K), 0.5139810 secs]
2018-05-16T08:41:36.791+0000: 440936.411: [GC 8410753K->1358304K(14545728K), 0.5394340 secs]
2018-05-16T08:41:53.200+0000: 440952.820: [GC 8427744K->1357999K(14543808K), 0.4764280 secs]
2018-05-16T08:42:12.267+0000: 440971.887: [GC 8427439K->1368260K(14546176K), 0.5156010 secs]
2018-05-16T08:42:31.099+0000: 440990.720: [GC 8440004K->1383324K(14545664K), 0.5500140 secs]
2018-05-16T08:42:59.812+0000: 441019.433: [GC 8455068K->1398388K(14545600K), 0.5644180 secs]
2018-05-16T08:43:18.641+0000: 441038.261: [GC 8472052K->1398621K(14546880K), 0.5512350 secs]
2018-05-16T08:43:36.104+0000: 441055.725: [GC 8472285K->1400440K(14549056K), 0.4746880 secs]
2018-05-16T08:43:53.585+0000: 441073.206: [GC 8477880K->1408286K(14548480K), 0.4766030 secs]
2018-05-16T08:44:12.967+0000: 441092.588: [GC 8485726K->1420924K(14550912K), 0.5011920 secs]
2018-05-16T08:44:30.417+0000: 441110.038: [GC 8501436K->1431065K(14549696K), 0.5058000 secs]
2018-05-16T08:44:48.407+0000: 441128.027: [GC 8511577K->1443145K(14553408K), 0.5022240 secs]
2018-05-16T08:45:11.791+0000: 441151.412: [GC 8528329K->1461071K(14545536K), 0.4846230 secs]
2018-05-16T08:45:30.315+0000: 441169.936: [GC 8546255K->1467251K(14552512K), 0.5259960 secs]
2018-05-16T08:46:30.598+0000: 441230.219: [GC 8551475K->1522159K(14551808K), 0.7611400 secs]
2018-05-16T08:47:14.506+0000: 441274.127: [GC 8606383K->1569037K(14482176K), 0.7568340 secs]
2018-05-16T08:48:13.103+0000: 441332.724: [GC 8582925K->1655361K(14516992K), 0.9435030 secs]
2018-05-16T08:49:08.554+0000: 441388.175: [GC 8669249K->1708016K(14407808K), 0.9887680 secs]
2018-05-16T08:50:15.369+0000: 441454.990: [GC 8612720K->1752655K(14437952K), 0.8801930 secs]
2018-05-16T08:51:15.520+0000: 441515.140: [GC 8657359K->1760533K(14433664K), 0.8001920 secs]
2018-05-16T08:51:55.298+0000: 441554.919: [GC 8624789K->1713032K(14442176K), 0.6396880 secs]
2018-05-16T08:52:15.718+0000: 441575.338: [GC 8577288K->1689029K(14448128K), 0.4632460 secs]
2018-05-16T08:52:34.543+0000: 441594.164: [GC 8565189K->1700156K(14448128K), 0.5105070 secs]
2018-05-16T08:52:53.542+0000: 441613.162: [GC 8576316K->1714170K(14455104K), 0.5346380 secs]
2018-05-16T08:53:13.639+0000: 441633.260: [GC 8599802K->1709681K(14450624K), 0.4867050 secs]
2018-05-16T08:53:32.716+0000: 441652.337: [GC 8595313K->1712767K(14461440K), 0.4943620 secs]
2018-05-16T08:53:51.107+0000: 441670.728: [GC 8612415K->1723197K(14458304K), 0.4755530 secs]
2018-05-16T08:54:33.117+0000: 441712.737: [GC 8622845K->1775379K(14465920K), 0.7280660 secs]
2018-05-16T08:55:37.220+0000: 441776.841: [GC 8686995K->1826774K(14446208K), 1.0021540 secs]
2018-05-16T08:57:04.850+0000: 441864.471: [GC 8738390K->1834567K(14428032K), 0.9361720 secs]
2018-05-16T08:57:36.967+0000: 441896.587: [GC 8693191K->1750188K(14439360K), 0.4362970 secs]
2018-05-16T08:57:55.675+0000: 441915.296: [GC 8608812K->1743524K(14440640K), 0.3577650 secs]
2018-05-16T08:58:15.482+0000: 441935.103: [GC 8605348K->1758966K(14440960K), 0.3961970 secs]
2018-05-16T08:58:36.069+0000: 441955.690: [GC 8620790K->1764008K(14447104K), 0.3736860 secs]
2018-05-16T08:59:14.319+0000: 441993.940: [GC 8634920K->1789727K(14443904K), 0.4418980 secs]
2018-05-16T09:00:22.499+0000: 442062.120: [GC 8660639K->1833276K(14461760K), 0.5846560 secs]
2018-05-16T09:01:29.459+0000: 442129.080: [GC 8729212K->1852398K(14454272K), 0.6645510 secs]
2018-05-16T09:02:19.932+0000: 442179.553: [GC 8748334K->1871023K(14467264K), 0.6823900 secs]
2018-05-16T09:03:09.670+0000: 442229.291: [GC 8784111K->1878475K(14465920K), 0.6524920 secs]
2018-05-16T09:03:44.944+0000: 442264.565: [GC 8791563K->1883865K(14476544K), 0.6280280 secs]
2018-05-16T09:04:01.135+0000: 442280.756: [GC 8811417K->1867892K(14471104K), 0.4811100 secs]
2018-05-16T09:04:17.718+0000: 442297.339: [GC 8795444K->1876700K(14485248K), 0.4967610 secs]
2018-05-16T09:04:35.817+0000: 442315.437: [GC 8822428K->1880376K(14480576K), 0.4551450 secs]
2018-05-16T09:04:51.500+0000: 442331.121: [GC 8826104K->1889291K(14492800K), 0.4592330 secs]
2018-05-16T09:05:08.895+0000: 442348.515: [GC 8851339K->1896993K(14489344K), 0.4350980 secs]
2018-05-16T09:05:43.458+0000: 442383.078: [GC 8859041K->1925456K(14502208K), 0.5698940 secs]
2018-05-16T09:06:29.951+0000: 442429.572: [GC 8903632K->1968833K(14472128K), 0.7747710 secs]
2018-05-16T09:07:18.970+0000: 442478.591: [GC 8947009K->1971706K(14487424K), 0.6636070 secs]
2018-05-16T09:08:06.853+0000: 442526.474: [GC 8933882K->1973693K(14491136K), 0.6808760 secs]
2018-05-16T09:08:42.119+0000: 442561.740: [GC 8935869K->1992268K(14488576K), 0.7118390 secs]
2018-05-16T09:09:18.134+0000: 442597.755: [GC 8953420K->2000272K(14445696K), 0.7079470 secs]
2018-05-16T09:09:57.217+0000: 442636.838: [GC 8961424K->2012373K(14490176K), 0.4102520 secs]
2018-05-16T09:10:22.783+0000: 442662.403: [GC 8973013K->1978604K(14490368K), 0.4231810 secs]
2018-05-16T09:10:41.324+0000: 442680.945: [GC 8939244K->1988898K(14494016K), 0.4379900 secs]
2018-05-16T09:11:01.351+0000: 442700.972: [GC 8954530K->1992125K(14491712K), 0.4386740 secs]
2018-05-16T09:11:18.985+0000: 442718.605: [GC 8957757K->1998793K(14497152K), 0.4197820 secs]
2018-05-16T09:11:34.644+0000: 442734.264: [GC 8971529K->2028809K(14495680K), 0.4954850 secs]
2018-05-16T09:11:52.448+0000: 442752.068: [GC 9001545K->2043054K(14506816K), 0.5051000 secs]
2018-05-16T09:12:07.699+0000: 442767.320: [GC 9031982K->2077739K(14502208K), 0.5803240 secs]
2018-05-16T09:12:24.145+0000: 442783.766: [GC 9066667K->2079103K(14512000K), 0.4906960 secs]
2018-05-16T09:12:40.076+0000: 442799.697: [GC 9079871K->2105000K(14508864K), 0.5537620 secs]
2018-05-16T09:13:07.099+0000: 442826.720: [GC 9105768K->2148970K(14502016K), 0.7121840 secs]
2018-05-16T09:13:48.193+0000: 442867.814: [GC 9147114K->2178809K(14508032K), 0.8775650 secs]
2018-05-16T09:14:20.088+0000: 442899.708: [GC 9176953K->2152895K(14489984K), 0.5854050 secs]
2018-05-16T09:14:39.438+0000: 442919.059: [GC 9130815K->2129287K(14499008K), 0.4932490 secs]
2018-05-16T09:15:05.012+0000: 442944.632: [GC 9107207K->2159023K(14504640K), 0.5912660 secs]
2018-05-16T09:16:03.861+0000: 443003.482: [GC 9143727K->2231029K(14500160K), 0.9661390 secs]
2018-05-16T09:17:15.863+0000: 443075.483: [GC 9215733K->2253548K(14429120K), 0.9007270 secs]
2018-05-16T09:18:14.039+0000: 443133.659: [GC 9162732K->2261139K(14426880K), 0.7444090 secs]
2018-05-16T09:18:31.631+0000: 443151.252: [GC 9170323K->2197825K(14458368K), 0.4657430 secs]
2018-05-16T09:18:49.331+0000: 443168.951: [GC 9094273K->2205855K(14458176K), 0.4756130 secs]
2018-05-16T09:19:12.556+0000: 443192.177: [GC 9102303K->2225807K(14465344K), 0.5244880 secs]
2018-05-16T09:19:19.608+0000: 443199.229: [GC 4967059K->2167970K(14285696K), 0.2267130 secs]
2018-05-16T09:19:19.835+0000: 443199.456: [Full GC 2167970K->1034776K(14285696K), 4.3617600 secs]
2018-05-16T09:19:44.010+0000: 443223.631: [GC 7933336K->1144202K(14465792K), 0.5199200 secs]
2018-05-16T09:20:36.229+0000: 443275.850: [GC 8048650K->1215151K(14412096K), 0.7605640 secs]
2018-05-16T09:21:32.119+0000: 443331.740: [GC 8119599K->1242968K(14433664K), 0.9146880 secs]
2018-05-16T09:22:27.660+0000: 443387.281: [GC 8115032K->1259356K(14405952K), 0.9575480 secs]
2018-05-16T09:23:44.870+0000: 443464.491: [GC 8131420K->1259956K(14422080K), 0.8813790 secs]
2018-05-16T09:25:08.568+0000: 443548.189: [GC 8095796K->1271836K(14366080K), 0.8233640 secs]
2018-05-16T09:26:22.933+0000: 443622.554: [GC 8107676K->1282034K(14417920K), 0.9160610 secs]
2018-05-16T09:27:14.049+0000: 443673.670: [GC 8101618K->1282771K(14419840K), 0.8793890 secs]
2018-05-16T09:28:05.327+0000: 443724.948: [GC 8102355K->1299760K(14424448K), 0.9175290 secs]
2018-05-16T09:28:57.744+0000: 443777.364: [GC 8127856K->1305392K(14423744K), 0.8605750 secs]
2018-05-16T09:29:53.967+0000: 443833.587: [GC 8133488K->1320572K(14429760K), 0.9035800 secs]
2018-05-16T09:30:59.817+0000: 443899.437: [GC 8158716K->1317297K(14428480K), 0.8043600 secs]
2018-05-16T09:31:17.967+0000: 443917.588: [GC 8155441K->1266899K(14432640K), 0.4832070 secs]
2018-05-16T09:31:34.516+0000: 443934.137: [GC 8115283K->1265877K(14284032K), 0.4255290 secs]
2018-05-16T09:31:55.275+0000: 443954.895: [GC 8114261K->1283927K(14435840K), 0.5083530 secs]
2018-05-16T09:32:12.906+0000: 443972.526: [GC 8132759K->1285589K(14433088K), 0.4760600 secs]
2018-05-16T09:32:28.748+0000: 443988.369: [GC 8134421K->1292108K(14441664K), 0.4611610 secs]
2018-05-16T09:32:48.294+0000: 444007.915: [GC 8152012K->1297988K(14438336K), 0.4711390 secs]
2018-05-16T09:33:04.751+0000: 444024.371: [GC 8157892K->1306341K(14450048K), 0.4714070 secs]
2018-05-16T09:33:21.385+0000: 444041.006: [GC 8181861K->1314608K(14445568K), 0.4811950 secs]
2018-05-16T09:34:08.304+0000: 444087.925: [GC 8190128K->1383502K(14446912K), 0.8096980 secs]
2018-05-16T09:35:01.812+0000: 444141.433: [GC 8265678K->1383611K(14451136K), 0.6902310 secs]
2018-05-16T09:35:53.907+0000: 444193.528: [GC 8265787K->1400605K(14451648K), 0.7794800 secs]
2018-05-16T09:36:41.415+0000: 444241.036: [GC 8283933K->1406171K(14451712K), 0.7329570 secs]
2018-05-16T09:36:59.278+0000: 444258.899: [GC 8289499K->1353310K(14455616K), 0.4090390 secs]
2018-05-16T09:37:15.205+0000: 444274.826: [GC 8244126K->1376698K(14455296K), 0.4890170 secs]
2018-05-16T09:37:43.386+0000: 444303.007: [GC 8267514K->1405549K(14468544K), 0.6378240 secs]
2018-05-16T09:38:24.931+0000: 444344.552: [GC 8313901K->1444981K(14459904K), 0.7424870 secs]
2018-05-16T09:38:58.952+0000: 444378.573: [GC 8353333K->1439663K(14470592K), 0.6905160 secs]
2018-05-16T09:39:35.775+0000: 444415.396: [GC 8356655K->1447012K(14466496K), 0.7082080 secs]
2018-05-16T09:40:19.135+0000: 444458.756: [GC 8364004K->1470560K(14474240K), 0.7060340 secs]
2018-05-16T09:40:52.030+0000: 444491.651: [GC 8399840K->1455845K(14474688K), 0.6023910 secs]
2018-05-16T09:41:10.820+0000: 444510.441: [GC 8385125K->1434593K(14481792K), 0.4848540 secs]
2018-05-16T09:41:28.814+0000: 444528.435: [GC 8377505K->1434121K(14481216K), 0.4315690 secs]
2018-05-16T09:41:49.157+0000: 444548.777: [GC 8377033K->1445755K(14484224K), 0.4412900 secs]
2018-05-16T09:42:07.227+0000: 444566.848: [GC 8391867K->1451230K(14481984K), 0.4588230 secs]
2018-05-16T09:42:41.009+0000: 444600.629: [GC 8397342K->1506665K(14483072K), 0.7134490 secs]
2018-05-16T09:43:31.883+0000: 444651.504: [GC 8456297K->1557846K(14479232K), 0.9186220 secs]
2018-05-16T09:44:37.975+0000: 444717.596: [GC 8507478K->1569606K(14428928K), 0.9365930 secs]
2018-05-16T09:45:04.353+0000: 444743.974: [GC 8457670K->1514476K(14454080K), 0.5348060 secs]
2018-05-16T09:45:21.094+0000: 444760.714: [GC 8402540K->1500878K(14462464K), 0.4814210 secs]
2018-05-16T09:45:42.457+0000: 444782.078: [GC 8403534K->1529900K(14460288K), 0.5583530 secs]
2018-05-16T09:45:59.612+0000: 444799.232: [GC 8432556K->1512333K(14470976K), 0.4298590 secs]
2018-05-16T09:46:18.313+0000: 444817.934: [GC 8432653K->1525518K(14469440K), 0.4817730 secs]
2018-05-16T09:46:38.613+0000: 444838.234: [GC 8445838K->1538431K(14479616K), 0.4786340 secs]
2018-05-16T09:46:56.219+0000: 444855.839: [GC 8472639K->1535717K(14474688K), 0.4271500 secs]
2018-05-16T09:47:15.828+0000: 444875.449: [GC 8469925K->1555972K(14487360K), 0.5079040 secs]
2018-05-16T09:47:36.875+0000: 444896.496: [GC 8505284K->1565440K(14482048K), 0.4999340 secs]
2018-05-16T09:47:53.045+0000: 444912.666: [GC 8514752K->1581675K(14499200K), 0.5558410 secs]
2018-05-16T09:48:11.595+0000: 444931.216: [GC 8553451K->1573346K(14492672K), 0.4744520 secs]
2018-05-16T09:49:01.616+0000: 444981.236: [GC 8545122K->1641814K(14480384K), 0.8056580 secs]
2018-05-16T09:49:58.699+0000: 445038.319: [GC 8604630K->1643811K(14460288K), 0.6611150 secs]
2018-05-16T09:51:02.889+0000: 445102.509: [GC 8606627K->1678374K(14458176K), 0.8190860 secs]
2018-05-16T09:52:12.984+0000: 445172.605: [GC 8601254K->1671204K(14422592K), 0.7951700 secs]
2018-05-16T09:53:16.996+0000: 445236.617: [GC 8594084K->1669693K(14470592K), 0.7454190 secs]
2018-05-16T09:53:51.902+0000: 445271.523: [GC 8588669K->1667597K(14468480K), 0.6097850 secs]
2018-05-16T09:54:09.603+0000: 445289.224: [GC 8586573K->1644244K(14478784K), 0.4867270 secs]
2018-05-16T09:54:25.707+0000: 445305.327: [GC 8579796K->1652601K(14476864K), 0.4927610 secs]
2018-05-16T09:54:43.433+0000: 445323.053: [GC 8588153K->1662213K(14484608K), 0.4933220 secs]
2018-05-16T09:54:59.537+0000: 445339.157: [GC 8608133K->1667654K(14481408K), 0.4717480 secs]
2018-05-16T09:55:21.277+0000: 445360.898: [GC 8613574K->1690460K(14493824K), 0.5943790 secs]
2018-05-16T09:55:39.720+0000: 445379.341: [GC 8651868K->1679422K(14487680K), 0.4828990 secs]
2018-05-16T09:55:56.801+0000: 445396.422: [GC 8640830K->1689694K(14498560K), 0.4708890 secs]
2018-05-16T09:56:25.570+0000: 445425.191: [GC 8663902K->1716264K(14495744K), 0.5980550 secs]
2018-05-16T09:57:27.685+0000: 445487.306: [GC 8690472K->1795014K(14455168K), 0.9563820 secs]
2018-05-16T09:58:19.033+0000: 445538.654: [GC 8733894K->1818602K(14467648K), 0.8663340 secs]
2018-05-16T09:59:13.661+0000: 445593.281: [GC 8757482K->1823062K(14440384K), 0.9432250 secs]
2018-05-16T10:00:05.447+0000: 445645.068: [GC 8710998K->1829994K(14412224K), 0.8624230 secs]
2018-05-16T10:00:30.460+0000: 445670.081: [GC 8717930K->1772773K(14450880K), 0.5081450 secs]
2018-05-16T10:00:49.387+0000: 445689.007: [GC 8649829K->1765303K(14446272K), 0.4595400 secs]
2018-05-16T10:01:28.790+0000: 445728.410: [GC 8642359K->1821383K(14456832K), 0.7482090 secs]
2018-05-16T10:02:04.750+0000: 445764.371: [GC 8711111K->1810873K(14452992K), 0.5757740 secs]
2018-05-16T10:02:21.352+0000: 445780.972: [GC 8700601K->1795878K(14465024K), 0.4763010 secs]
2018-05-16T10:02:42.304+0000: 445801.925: [GC 8704294K->1810137K(14463488K), 0.5052350 secs]
2018-05-16T10:02:59.134+0000: 445818.755: [GC 8718553K->1809470K(14471168K), 0.4302910 secs]
2018-05-16T10:03:16.546+0000: 445836.167: [GC 8729022K->1828161K(14468480K), 0.5170760 secs]
2018-05-16T10:03:49.394+0000: 445869.015: [GC 8747713K->1855692K(14483072K), 0.6281480 secs]
2018-05-16T10:04:48.333+0000: 445927.954: [GC 8794124K->1902380K(14475456K), 0.8224790 secs]
2018-05-16T10:05:40.291+0000: 445979.912: [GC 8840812K->1917852K(14462656K), 0.8486890 secs]
2018-05-16T10:06:25.598+0000: 446025.218: [GC 8836508K->1923894K(14421760K), 0.7274450 secs]
2018-05-16T10:07:17.207+0000: 446076.828: [GC 8842550K->1932501K(14462784K), 0.8088130 secs]
2018-05-16T10:08:09.134+0000: 446128.755: [GC 8841557K->1936839K(14464576K), 0.7380280 secs]
2018-05-16T10:08:49.699+0000: 446169.319: [GC 8845895K->1961314K(14463168K), 0.7946920 secs]
2018-05-16T10:09:39.201+0000: 446218.822: [GC 8871266K->1975693K(14421184K), 0.8041480 secs]
2018-05-16T10:10:15.368+0000: 446254.989: [GC 8885645K->1934702K(14463168K), 0.4979730 secs]
2018-05-16T10:10:32.902+0000: 446272.523: [GC 8839662K->1929724K(14461888K), 0.3785740 secs]
2018-05-16T10:11:02.129+0000: 446301.750: [GC 8834684K->1969717K(14469504K), 0.6448210 secs]
2018-05-16T10:12:22.625+0000: 446382.246: [GC 8882293K->2033286K(14436416K), 0.8046070 secs]
2018-05-16T10:13:34.526+0000: 446454.147: [GC 8945862K->2046096K(14446336K), 0.7849080 secs]
2018-05-16T10:14:27.654+0000: 446507.275: [GC 8931984K->2059499K(14408448K), 0.9043980 secs]
2018-05-16T10:15:14.914+0000: 446554.535: [GC 8945387K->2062757K(14445760K), 0.8112400 secs]
2018-05-16T10:16:05.577+0000: 446605.198: [GC 8935973K->2072845K(14390400K), 0.8923420 secs]
2018-05-16T10:16:55.271+0000: 446654.891: [GC 8946061K->2084406K(14444736K), 0.8989550 secs]
2018-05-16T10:17:32.252+0000: 446691.873: [GC 8954550K->2056069K(14445120K), 0.6551560 secs]
2018-05-16T10:17:52.861+0000: 446712.482: [GC 8926213K->2032128K(14448384K), 0.4817780 secs]
2018-05-16T10:18:10.547+0000: 446730.168: [GC 8910720K->2039261K(14449344K), 0.5189180 secs]
2018-05-16T10:18:28.353+0000: 446747.974: [GC 8917853K->2038902K(14450048K), 0.4294020 secs]
2018-05-16T10:18:45.142+0000: 446764.763: [GC 8918390K->2051821K(14449536K), 0.4813250 secs]
2018-05-16T10:19:22.204+0000: 446801.824: [GC 8931309K->2094277K(14460608K), 0.6535690 secs]
2018-05-16T10:19:24.206+0000: 446803.827: [GC 2264597K->1973465K(14228032K), 0.0471850 secs]
2018-05-16T10:19:24.254+0000: 446803.874: [Full GC 1973465K->1021130K(14228032K), 3.6511210 secs]
2018-05-16T10:20:26.623+0000: 446866.244: [GC 7904010K->1195454K(14431168K), 0.8170300 secs]
2018-05-16T10:21:21.273+0000: 446920.894: [GC 8052670K->1206908K(14367488K), 0.8291080 secs]
2018-05-16T10:21:42.234+0000: 446941.855: [GC 8064124K->1159773K(14441728K), 0.5121610 secs]
2018-05-16T10:21:58.756+0000: 446958.377: [GC 8016221K->1166444K(14434816K), 0.4638340 secs]
2018-05-16T10:22:18.870+0000: 446978.490: [GC 8022892K->1188423K(14456192K), 0.5318820 secs]
2018-05-16T10:23:18.827+0000: 447038.447: [GC 8072583K->1247586K(14448064K), 0.8483650 secs]
2018-05-16T10:24:11.724+0000: 447091.345: [GC 8131746K->1270276K(14433984K), 0.8846320 secs]
2018-05-16T10:25:08.587+0000: 447148.208: [GC 8135044K->1278932K(14386752K), 0.7220780 secs]
2018-05-16T10:25:41.621+0000: 447181.242: [GC 8143700K->1225892K(14442368K), 0.5414950 secs]
2018-05-16T10:25:58.207+0000: 447197.827: [GC 8083876K->1224212K(14435712K), 0.4667070 secs]
2018-05-16T10:26:20.694+0000: 447220.314: [GC 8082196K->1244473K(14454400K), 0.5517180 secs]
2018-05-16T10:28:11.766+0000: 447331.387: [GC 8125817K->1300434K(14447040K), 0.8163470 secs]
2018-05-16T10:29:32.497+0000: 447412.118: [GC 8181778K->1298774K(14453760K), 0.7685960 secs]
2018-05-16T10:30:46.583+0000: 447486.204: [GC 8182550K->1341483K(14406144K), 0.8675410 secs]
2018-05-16T10:31:18.519+0000: 447518.139: [GC 8225259K->1307673K(14453632K), 0.6245350 secs]
2018-05-16T10:31:35.615+0000: 447535.235: [GC 8187737K->1287289K(14446528K), 0.4674150 secs]
2018-05-16T10:32:00.385+0000: 447560.006: [GC 8167353K->1312075K(14460736K), 0.5848640 secs]
2018-05-16T10:32:49.595+0000: 447609.216: [GC 8207819K->1364003K(14455104K), 0.7094830 secs]
2018-05-16T10:33:06.705+0000: 447626.326: [GC 8259747K->1314941K(14461312K), 0.4729550 secs]
2018-05-16T10:33:23.885+0000: 447643.506: [GC 8214909K->1316480K(14458752K), 0.4604540 secs]
2018-05-16T10:33:44.835+0000: 447664.456: [GC 8216448K->1349134K(14471168K), 0.5821830 secs]
2018-05-16T10:34:03.542+0000: 447683.162: [GC 8263950K->1339429K(14463744K), 0.4819190 secs]
2018-05-16T10:34:34.979+0000: 447714.599: [GC 8254245K->1363124K(14480768K), 0.5788790 secs]
2018-05-16T10:35:15.390+0000: 447755.011: [GC 8298420K->1441852K(14464704K), 0.9420610 secs]
2018-05-16T10:36:17.288+0000: 447816.908: [GC 8377148K->1449781K(14441536K), 0.8913780 secs]
2018-05-16T10:37:01.853+0000: 447861.474: [GC 8336693K->1463756K(14415872K), 0.9749610 secs]
2018-05-16T10:37:50.001+0000: 447909.621: [GC 8350668K->1470931K(14431488K), 0.8844930 secs]
2018-05-16T10:38:29.758+0000: 447949.379: [GC 8326483K->1456887K(14437824K), 0.7766700 secs]
2018-05-16T10:38:46.869+0000: 447966.490: [GC 8312439K->1411849K(14444672K), 0.4513150 secs]
2018-05-16T10:39:03.388+0000: 447983.009: [GC 8280713K->1419133K(14444288K), 0.4747000 secs]
2018-05-16T10:39:55.909+0000: 448035.530: [GC 8287997K->1499361K(14439936K), 0.7876190 secs]
2018-05-16T10:40:16.489+0000: 448056.110: [GC 8365537K->1440978K(14443136K), 0.4407350 secs]
2018-05-16T10:40:34.067+0000: 448073.688: [GC 8307154K->1449579K(14448128K), 0.4243320 secs]
2018-05-16T10:41:06.927+0000: 448106.548: [GC 8322539K->1502535K(14444928K), 0.7224730 secs]
2018-05-16T10:41:47.857+0000: 448147.478: [GC 8375495K->1502298K(14460096K), 0.6886280 secs]
2018-05-16T10:42:05.426+0000: 448165.047: [GC 8394714K->1478778K(14452416K), 0.4577620 secs]
2018-05-16T10:42:22.236+0000: 448181.856: [GC 8371194K->1495840K(14466816K), 0.5299630 secs]
2018-05-16T10:42:42.393+0000: 448202.014: [GC 8405152K->1505823K(14462592K), 0.5216690 secs]
2018-05-16T10:42:59.245+0000: 448218.866: [GC 8415135K->1510900K(14475648K), 0.4855990 secs]
2018-05-16T10:43:21.221+0000: 448240.842: [GC 8438452K->1523184K(14472000K), 0.5148940 secs]
2018-05-16T10:43:39.067+0000: 448258.688: [GC 8450736K->1525287K(14484032K), 0.4748430 secs]
2018-05-16T10:43:55.787+0000: 448275.408: [GC 8469607K->1535216K(14480384K), 0.5042360 secs]
2018-05-16T10:44:17.939+0000: 448297.560: [GC 8479536K->1556893K(14495232K), 0.5574220 secs]
2018-05-16T10:44:34.784+0000: 448314.404: [GC 8520477K->1555010K(14488448K), 0.4831940 secs]
2018-05-16T10:45:05.758+0000: 448345.379: [GC 8518594K->1592873K(14500288K), 0.5889000 secs]
2018-05-16T10:46:05.087+0000: 448404.708: [GC 8572457K->1654227K(14499392K), 0.8404150 secs]
2018-05-16T10:47:00.997+0000: 448460.617: [GC 8633811K->1672897K(14421824K), 0.8512190 secs]
2018-05-16T10:47:57.868+0000: 448517.489: [GC 8574017K->1688260K(14427328K), 0.9125590 secs]
2018-05-16T10:48:19.511+0000: 448539.132: [GC 8589380K->1626174K(14453952K), 0.5341270 secs]
2018-05-16T10:48:36.270+0000: 448555.890: [GC 8510654K->1631509K(14450624K), 0.4706500 secs]
2018-05-16T10:48:58.059+0000: 448577.679: [GC 8515989K->1647342K(14463104K), 0.5326640 secs]
2018-05-16T10:49:14.773+0000: 448594.394: [GC 8547822K->1643660K(14457472K), 0.4724300 secs]
2018-05-16T10:49:34.271+0000: 448613.892: [GC 8544140K->1655618K(14470848K), 0.4854280 secs]
2018-05-16T10:50:21.103+0000: 448660.724: [GC 8572738K->1729914K(14430336K), 0.8107440 secs]
2018-05-16T10:51:33.030+0000: 448732.651: [GC 8647034K->1749833K(14445760K), 0.8487050 secs]
2018-05-16T10:52:48.894+0000: 448808.515: [GC 8637897K->1763961K(14407616K), 0.8496890 secs]
2018-05-16T10:54:02.276+0000: 448881.897: [GC 8652025K->1780232K(14439680K), 0.8619300 secs]
2018-05-16T10:54:41.754+0000: 448921.374: [GC 8647176K->1745732K(14443520K), 0.5860560 secs]
2018-05-16T10:54:59.670+0000: 448939.291: [GC 8612676K->1722043K(14450368K), 0.3993990 secs]
2018-05-16T10:55:35.785+0000: 448975.405: [GC 8602107K->1759948K(14449792K), 0.6320500 secs]
2018-05-16T10:56:16.212+0000: 449015.833: [GC 8640012K->1785846K(14463104K), 0.7057010 secs]
2018-05-16T10:56:33.205+0000: 449032.825: [GC 8686518K->1755324K(14457664K), 0.4869060 secs]
2018-05-16T10:56:54.384+0000: 449054.005: [GC 8655996K->1759450K(14468032K), 0.5221080 secs]
2018-05-16T10:57:55.569+0000: 449115.189: [GC 8672538K->1848795K(14442304K), 0.9393410 secs]
2018-05-16T10:58:52.078+0000: 449171.698: [GC 8761883K->1865687K(14432448K), 0.9280770 secs]
2018-05-16T10:59:49.020+0000: 449228.641: [GC 8733015K->1871853K(14390912K), 0.9027320 secs]
2018-05-16T11:00:20.160+0000: 449259.781: [GC 8739181K->1824743K(14444160K), 0.5276440 secs]
2018-05-16T11:00:38.612+0000: 449278.233: [GC 8686951K->1811038K(14438144K), 0.4732600 secs]
2018-05-16T11:01:32.189+0000: 449331.810: [GC 8673246K->1840768K(14451904K), 0.5660090 secs]
2018-05-16T11:02:29.778+0000: 449389.398: [GC 8718144K->1844245K(14445568K), 0.5173560 secs]
2018-05-16T11:03:49.134+0000: 449468.755: [GC 8721621K->1919776K(14445312K), 0.8738870 secs]
2018-05-16T11:04:46.437+0000: 449526.058: [GC 8802080K->1882948K(14451200K), 0.3911230 secs]
2018-05-16T11:05:52.639+0000: 449592.260: [GC 8765252K->1914793K(14462912K), 0.4877870 secs]
2018-05-16T11:06:43.426+0000: 449643.047: [GC 8815465K->1929749K(14457856K), 0.7343200 secs]
2018-05-16T11:07:45.886+0000: 449705.506: [GC 8830421K->1975633K(14446464K), 0.8563860 secs]
2018-05-16T11:08:46.902+0000: 449766.523: [GC 8868049K->1989673K(14415616K), 0.8982280 secs]
2018-05-16T11:09:22.447+0000: 449802.068: [GC 8882089K->1965336K(14458240K), 0.4635800 secs]
2018-05-16T11:10:14.978+0000: 449854.599: [GC 8853784K->1999340K(14450304K), 0.8024410 secs]
2018-05-16T11:10:48.857+0000: 449888.478: [GC 8887788K->1978471K(14462592K), 0.6391950 secs]
2018-05-16T11:11:00.416+0000: 449900.037: [GC 8878119K->1943310K(14457152K), 0.4038090 secs]
2018-05-16T11:11:12.781+0000: 449912.401: [GC 8842958K->1948573K(14457472K), 0.4139620 secs]
2018-05-16T11:11:24.578+0000: 449924.199: [GC 8845853K->1952237K(14327296K), 0.4087950 secs]
2018-05-16T11:11:40.944+0000: 449940.565: [GC 8849517K->1973888K(14461824K), 0.4779040 secs]
2018-05-16T11:12:00.790+0000: 449960.411: [GC 8873792K->1985907K(14458176K), 0.5273890 secs]
2018-05-16T11:12:21.995+0000: 449981.616: [GC 8885811K->1980513K(14468928K), 0.4510260 secs]
2018-05-16T11:12:41.411+0000: 450001.032: [GC 8895905K->1984466K(14466560K), 0.4199280 secs]
2018-05-16T11:13:02.209+0000: 450021.830: [GC 8899858K->2000138K(14476992K), 0.4887910 secs]
2018-05-16T11:13:22.209+0000: 450041.830: [GC 8928778K->2012178K(14471744K), 0.4987850 secs]
2018-05-16T11:13:42.239+0000: 450061.860: [GC 8940818K->2015165K(14488768K), 0.5068770 secs]
2018-05-16T11:14:00.617+0000: 450080.237: [GC 8967165K->2012369K(14483328K), 0.4139440 secs]
2018-05-16T11:14:20.994+0000: 450100.614: [GC 8964369K->2025395K(14497920K), 0.4825650 secs]
2018-05-16T11:14:40.575+0000: 450120.195: [GC 8995891K->2046128K(14492672K), 0.5797210 secs]
2018-05-16T11:15:03.595+0000: 450143.216: [GC 9016624K->2040174K(14507008K), 0.4675510 secs]
2018-05-16T11:15:32.050+0000: 450171.671: [GC 9029614K->2050541K(14502528K), 0.5362400 secs]
2018-05-16T11:17:08.009+0000: 450267.630: [GC 9039981K->2082102K(14508160K), 0.6314140 secs]
2018-05-16T11:17:27.326+0000: 450286.947: [GC 9082038K->2050805K(14425024K), 0.4012890 secs]
2018-05-16T11:17:58.047+0000: 450317.668: [GC 9050741K->2072038K(14513152K), 0.4821020 secs]
2018-05-16T11:19:27.914+0000: 450407.535: [GC 7541804K->2126193K(14490432K), 0.6761970 secs]
2018-05-16T11:19:28.591+0000: 450408.211: [Full GC 2126193K->1253878K(14490432K), 3.8690400 secs]
2018-05-16T11:20:21.630+0000: 450461.251: [GC 8256822K->1377368K(14508736K), 0.5165640 secs]
2018-05-16T11:20:43.578+0000: 450483.198: [GC 8371672K->1369941K(14505664K), 0.4426150 secs]
2018-05-16T11:21:06.839+0000: 450506.459: [GC 8364245K->1374017K(14514944K), 0.4895100 secs]
2018-05-16T11:21:31.940+0000: 450531.561: [GC 8380993K->1377097K(14512128K), 0.4433650 secs]
2018-05-16T11:21:54.201+0000: 450553.822: [GC 8384073K->1401896K(14520960K), 0.5265950 secs]
2018-05-16T11:22:17.062+0000: 450576.683: [GC 8419752K->1402547K(14516992K), 0.5175030 secs]
2018-05-16T11:22:37.934+0000: 450597.555: [GC 8420403K->1405795K(14527488K), 0.4843300 secs]
2018-05-16T11:23:00.047+0000: 450619.668: [GC 8437859K->1416421K(14524672K), 0.5113720 secs]
2018-05-16T11:23:27.521+0000: 450647.142: [GC 8448485K->1423678K(14534592K), 0.4918140 secs]
2018-05-16T11:23:52.241+0000: 450671.862: [GC 8469566K->1424875K(14531392K), 0.4902680 secs]
2018-05-16T11:24:16.429+0000: 450696.050: [GC 8470763K->1433541K(14540352K), 0.5247900 secs]
2018-05-16T11:24:38.676+0000: 450718.297: [GC 8491077K->1441558K(14537280K), 0.5280170 secs]
2018-05-16T11:25:01.459+0000: 450741.079: [GC 8499094K->1445049K(14545408K), 0.4743860 secs]
2018-05-16T11:25:25.420+0000: 450765.040: [GC 8513209K->1447770K(14542848K), 0.5225730 secs]
2018-05-16T11:25:47.640+0000: 450787.261: [GC 8515930K->1458537K(14547840K), 0.5514480 secs]
2018-05-16T11:26:08.916+0000: 450808.537: [GC 8533545K->1448264K(14547264K), 0.4598270 secs]
2018-05-16T11:26:30.458+0000: 450830.079: [GC 8523272K->1466776K(14549056K), 0.5274430 secs]
2018-05-16T11:26:52.648+0000: 450852.269: [GC 8543640K->1477383K(14547904K), 0.5572760 secs]
2018-05-16T11:27:14.675+0000: 450874.296: [GC 8554247K->1487175K(14543872K), 0.5728270 secs]
2018-05-16T11:27:35.645+0000: 450895.265: [GC 8559047K->1494246K(14533760K), 0.5948190 secs]
2018-05-16T11:27:55.143+0000: 450914.763: [GC 8566118K->1483322K(14545344K), 0.5003460 secs]
2018-05-16T11:28:15.685+0000: 450935.306: [GC 8553082K->1507470K(14534528K), 0.6141790 secs]
2018-05-16T11:28:36.925+0000: 450956.545: [GC 8577230K->1511434K(14540544K), 0.5477150 secs]
2018-05-16T11:28:56.578+0000: 450976.199: [GC 8574858K->1503180K(14541760K), 0.5295010 secs]
2018-05-16T11:29:20.891+0000: 451000.511: [GC 8566604K->1500322K(14542976K), 0.4779760 secs]
2018-05-16T11:29:43.949+0000: 451023.570: [GC 8566178K->1520839K(14542976K), 0.5358470 secs]
2018-05-16T11:30:04.368+0000: 451043.988: [GC 8586695K->1521187K(14545984K), 0.4510300 secs]
2018-05-16T11:30:25.706+0000: 451065.326: [GC 8591459K->1540529K(14534080K), 0.5598400 secs]
2018-05-16T11:30:47.393+0000: 451087.013: [GC 8610801K->1537034K(14545408K), 0.5617490 secs]
2018-05-16T11:31:09.257+0000: 451108.877: [GC 8606218K->1532103K(14543872K), 0.4863990 secs]
2018-05-16T11:31:29.235+0000: 451128.856: [GC 8601287K->1548030K(14547392K), 0.5357320 secs]
2018-05-16T11:31:51.732+0000: 451151.353: [GC 8621054K->1555967K(14545728K), 0.5145990 secs]
2018-05-16T11:32:14.027+0000: 451173.648: [GC 8628991K->1565724K(14546432K), 0.5225300 secs]
2018-05-16T11:32:35.186+0000: 451194.806: [GC 8639772K->1580400K(14537984K), 0.5832430 secs]
2018-05-16T11:32:53.910+0000: 451213.531: [GC 8654448K->1584621K(14543296K), 0.5529270 secs]
2018-05-16T11:33:15.056+0000: 451234.677: [GC 8653037K->1587487K(14544256K), 0.5138390 secs]
2018-05-16T11:33:36.214+0000: 451255.835: [GC 8655903K->1607092K(14541504K), 0.5569650 secs]
2018-05-16T11:33:56.802+0000: 451276.422: [GC 8674228K->1603269K(14543616K), 0.5463510 secs]
2018-05-16T11:34:17.446+0000: 451297.067: [GC 8670405K->1597049K(14544960K), 0.5005260 secs]
2018-05-16T11:34:40.404+0000: 451320.024: [GC 8667257K->1608109K(14545152K), 0.5229310 secs]
2018-05-16T11:35:01.507+0000: 451341.128: [GC 8678317K->1626431K(14544704K), 0.5240870 secs]
2018-05-16T11:35:24.990+0000: 451364.611: [GC 8697279K->1612273K(14512512K), 0.4667230 secs]
2018-05-16T11:35:47.550+0000: 451387.171: [GC 8683121K->1626263K(14546752K), 0.5168850 secs]
2018-05-16T11:36:09.818+0000: 451409.439: [GC 8698071K->1635259K(14545152K), 0.5247070 secs]
2018-05-16T11:36:32.154+0000: 451431.775: [GC 8707067K->1632148K(14548544K), 0.4971360 secs]
2018-05-16T11:36:52.933+0000: 451452.554: [GC 8708948K->1637888K(14548352K), 0.4756380 secs]
2018-05-16T11:37:14.362+0000: 451473.983: [GC 8714688K->1656316K(14548160K), 0.5457440 secs]
2018-05-16T11:37:36.148+0000: 451495.769: [GC 8733564K->1666749K(14537984K), 0.5525290 secs]
2018-05-16T11:37:57.478+0000: 451517.099: [GC 8743997K->1666754K(14549440K), 0.5689610 secs]
2018-05-16T11:38:21.411+0000: 451541.032: [GC 8743618K->1663560K(14547520K), 0.4855890 secs]
2018-05-16T11:38:42.148+0000: 451561.769: [GC 8740424K->1674237K(14550784K), 0.5222600 secs]
2018-05-16T11:39:03.170+0000: 451582.791: [GC 8754557K->1679802K(14549632K), 0.5137880 secs]
2018-05-16T11:39:25.814+0000: 451605.435: [GC 8760122K->1688757K(14553344K), 0.5164040 secs]
2018-05-16T11:39:48.165+0000: 451627.786: [GC 8774069K->1693729K(14552064K), 0.5096390 secs]
2018-05-16T11:40:11.334+0000: 451650.955: [GC 8779041K->1705171K(14554816K), 0.4947600 secs]
2018-05-16T11:40:34.029+0000: 451673.649: [GC 8794707K->1706763K(14554816K), 0.4899590 secs]
2018-05-16T11:40:55.569+0000: 451695.190: [GC 8796299K->1711319K(14556864K), 0.5030110 secs]
2018-05-16T11:41:19.374+0000: 451718.995: [GC 8803991K->1727139K(14552832K), 0.5326830 secs]
2018-05-16T11:41:39.211+0000: 451738.831: [GC 8819811K->1726017K(14555968K), 0.5064990 secs]
2018-05-16T11:42:00.914+0000: 451760.535: [GC 8816897K->1737822K(14555008K), 0.5349060 secs]
2018-05-16T11:42:22.479+0000: 451782.100: [GC 8828702K->1744048K(14555840K), 0.5503400 secs]
2018-05-16T11:42:46.543+0000: 451806.164: [GC 8835503K->1732152K(14528640K), 0.4655420 secs]
2018-05-16T11:43:11.597+0000: 451831.217: [GC 8823608K->1736503K(14551872K), 0.4546900 secs]
2018-05-16T11:43:34.965+0000: 451854.586: [GC 8822455K->1752990K(14553024K), 0.4884680 secs]
2018-05-16T11:43:54.309+0000: 451873.930: [GC 8838942K->1764096K(14554432K), 0.4976510 secs]
2018-05-16T11:44:15.996+0000: 451895.617: [GC 8852736K->1772449K(14545088K), 0.5182280 secs]
2018-05-16T11:44:41.081+0000: 451920.702: [GC 8861089K->1759278K(14551872K), 0.4320740 secs]
2018-05-16T11:45:02.974+0000: 451942.594: [GC 8844718K->1785996K(14544064K), 0.4860050 secs]
2018-05-16T11:45:24.291+0000: 451963.912: [GC 8871436K->1798313K(14544448K), 0.5627050 secs]
2018-05-16T11:45:46.931+0000: 451986.552: [GC 8873897K->1788638K(14547840K), 0.5172990 secs]
2018-05-16T11:46:08.775+0000: 452008.396: [GC 8864222K->1788546K(14549760K), 0.4892970 secs]
2018-05-16T11:46:29.798+0000: 452029.418: [GC 8867522K->1800883K(14549312K), 0.5132920 secs]
2018-05-16T11:46:53.957+0000: 452053.578: [GC 8879859K->1809531K(14552704K), 0.5039300 secs]
2018-05-16T11:47:17.762+0000: 452077.382: [GC 8893819K->1810187K(14551680K), 0.4910470 secs]
2018-05-16T11:47:41.749+0000: 452101.370: [GC 8894475K->1812041K(14553792K), 0.4697700 secs]
2018-05-16T11:48:05.733+0000: 452125.354: [GC 8899273K->1828432K(14553536K), 0.5371630 secs]
2018-05-16T11:48:28.395+0000: 452148.016: [GC 8915664K->1822308K(14554432K), 0.4449620 secs]
2018-05-16T11:48:49.130+0000: 452168.751: [GC 8911012K->1849419K(14549632K), 0.5920980 secs]
2018-05-16T11:49:08.461+0000: 452188.082: [GC 8938123K->1841233K(14552832K), 0.4883320 secs]
2018-05-16T11:49:31.907+0000: 452211.528: [GC 8925585K->1862418K(14544064K), 0.5703170 secs]
2018-05-16T11:49:52.118+0000: 452231.738: [GC 8946770K->1857321K(14552256K), 0.4943070 secs]
2018-05-16T11:50:10.931+0000: 452250.552: [GC 8940393K->1887752K(14550912K), 0.5842600 secs]
2018-05-16T11:50:32.786+0000: 452272.406: [GC 8970824K->1869609K(14538240K), 0.4473820 secs]
2018-05-16T11:50:52.702+0000: 452292.322: [GC 8938665K->1887191K(14544576K), 0.5210290 secs]
2018-05-16T11:51:16.259+0000: 452315.880: [GC 8956247K->1900787K(14542464K), 0.5343980 secs]
2018-05-16T11:51:35.034+0000: 452334.655: [GC 8968435K->1916653K(14535360K), 0.6250440 secs]
2018-05-16T11:51:54.429+0000: 452354.050: [GC 8984301K->1905189K(14542400K), 0.4968440 secs]
2018-05-16T11:52:15.686+0000: 452375.306: [GC 8968421K->1918412K(14540928K), 0.5237420 secs]
2018-05-16T11:52:35.990+0000: 452395.611: [GC 8981644K->1932637K(14540928K), 0.6232480 secs]
2018-05-16T11:52:56.287+0000: 452415.908: [GC 8997209K->1923619K(14542336K), 0.5144800 secs]
2018-05-16T11:53:17.484+0000: 452437.105: [GC 8988195K->1925528K(14543232K), 0.4908330 secs]
2018-05-16T11:53:39.725+0000: 452459.346: [GC 8992024K->1944593K(14543296K), 0.5462690 secs]
2018-05-16T11:54:01.940+0000: 452481.560: [GC 9011089K->1946210K(14546048K), 0.5250360 secs]
2018-05-16T11:54:24.910+0000: 452504.530: [GC 9016930K->1959299K(14544768K), 0.5245670 secs]
2018-05-16T11:54:44.481+0000: 452524.102: [GC 9030019K->1965594K(14548672K), 0.5505520 secs]
2018-05-16T11:55:04.791+0000: 452544.412: [GC 9041178K->1970049K(14547008K), 0.4557120 secs]
2018-05-16T11:55:26.016+0000: 452565.636: [GC 9045633K->1985217K(14549376K), 0.5023600 secs]
2018-05-16T11:55:47.751+0000: 452587.372: [GC 9064385K->1991099K(14549632K), 0.5556410 secs]
2018-05-16T11:56:13.523+0000: 452613.144: [GC 9070267K->1960361K(14542144K), 0.3607410 secs]
2018-05-16T11:56:39.232+0000: 452638.853: [GC 9032745K->1971684K(14498752K), 0.4002550 secs]
2018-05-16T11:57:03.626+0000: 452663.247: [GC 9044068K->1988256K(14545536K), 0.4496490 secs]
2018-05-16T11:57:25.905+0000: 452685.526: [GC 9058080K->2008183K(14544384K), 0.5415750 secs]
2018-05-16T11:57:48.732+0000: 452708.353: [GC 9078007K->2009527K(14548800K), 0.4974980 secs]
2018-05-16T11:58:08.916+0000: 452728.536: [GC 9084663K->2033718K(14538816K), 0.5754250 secs]
2018-05-16T11:58:27.627+0000: 452747.247: [GC 9108854K->2026521K(14547648K), 0.5094300 secs]
2018-05-16T11:58:48.662+0000: 452768.282: [GC 9099353K->2039867K(14545280K), 0.5489760 secs]
2018-05-16T11:59:10.213+0000: 452789.834: [GC 9112699K->2045313K(14550528K), 0.5245540 secs]
2018-05-16T11:59:30.908+0000: 452810.529: [GC 9124545K->2061428K(14539904K), 0.5859190 secs]
2018-05-16T11:59:50.916+0000: 452830.536: [GC 9140660K->2051076K(14549376K), 0.4870190 secs]
2018-05-16T12:00:25.743+0000: 452865.364: [GC 9128772K->2086458K(14548416K), 0.6198670 secs]
2018-05-16T12:01:17.577+0000: 452917.197: [GC 9164154K->2156940K(14472768K), 0.9750590 secs]
2018-05-16T12:02:21.304+0000: 452980.924: [GC 9158028K->2224378K(14510592K), 0.9328050 secs]
2018-05-16T12:03:13.693+0000: 453033.313: [GC 9225466K->2251150K(14426368K), 0.9395050 secs]
2018-05-16T12:03:31.764+0000: 453051.385: [GC 9168014K->2194857K(14468480K), 0.4672030 secs]
2018-05-16T12:03:49.623+0000: 453069.243: [GC 9111721K->2197479K(14472512K), 0.4736500 secs]
2018-05-16T12:04:34.998+0000: 453114.618: [GC 9120295K->2275228K(14436736K), 0.8679260 secs]
2018-05-16T12:05:32.533+0000: 453172.154: [GC 9198044K->2307303K(14436544K), 0.9611640 secs]
2018-05-16T12:06:32.486+0000: 453232.107: [GC 9187687K->2318170K(14413760K), 0.8841170 secs]
2018-05-16T12:07:37.483+0000: 453297.103: [GC 9198554K->2330594K(14422592K), 0.9702620 secs]
2018-05-16T12:08:48.607+0000: 453368.227: [GC 9172578K->2336926K(14373184K), 0.9746690 secs]
2018-05-16T12:09:09.720+0000: 453389.340: [GC 9178910K->2250687K(14425088K), 0.4254490 secs]
2018-05-16T12:09:26.849+0000: 453406.470: [GC 9081407K->2270065K(14425408K), 0.4673100 secs]
2018-05-16T12:09:51.993+0000: 453431.614: [GC 9100785K->2276509K(14432384K), 0.4607210 secs]
2018-05-16T12:10:08.457+0000: 453448.077: [GC 9117469K->2288593K(14428672K), 0.4239300 secs]
2018-05-16T12:10:32.765+0000: 453472.386: [GC 9129553K->2307560K(14443072K), 0.4638030 secs]
2018-05-16T12:10:48.823+0000: 453488.444: [GC 9167464K->2316237K(14436928K), 0.4485550 secs]
2018-05-16T12:11:07.163+0000: 453506.784: [GC 9176141K->2325844K(14453440K), 0.4699700 secs]
2018-05-16T12:11:52.582+0000: 453552.203: [GC 9207572K->2423068K(14411456K), 0.9368910 secs]
2018-05-16T12:12:58.414+0000: 453618.035: [GC 9304796K->2444206K(14415104K), 0.9637490 secs]
2018-05-16T12:13:54.843+0000: 453674.464: [GC 9279534K->2447155K(14362880K), 0.9117670 secs]
2018-05-16T12:14:48.257+0000: 453727.878: [GC 9282483K->2458685K(14411392K), 0.8312650 secs]
2018-05-16T12:15:38.292+0000: 453777.913: [GC 9271357K->2463806K(14335488K), 0.8241220 secs]
2018-05-16T12:16:13.408+0000: 453813.029: [GC 9276478K->2444116K(14426432K), 0.6978730 secs]
2018-05-16T12:16:30.644+0000: 453830.265: [GC 9265812K->2404089K(14415360K), 0.4648490 secs]
2018-05-16T12:16:59.920+0000: 453859.541: [GC 9225785K->2448402K(14436800K), 0.6589790 secs]
2018-05-16T12:17:18.056+0000: 453877.677: [GC 9292882K->2419672K(14427776K), 0.4441140 secs]
2018-05-16T12:17:35.105+0000: 453894.725: [GC 9264152K->2436630K(14441472K), 0.4788030 secs]
2018-05-16T12:17:57.692+0000: 453917.312: [GC 9295766K->2455387K(14437760K), 0.5381060 secs]
2018-05-16T12:18:17.343+0000: 453936.964: [GC 9314523K->2453928K(14451200K), 0.4715130 secs]
2018-05-16T12:18:55.755+0000: 453975.375: [GC 9332456K->2517443K(14447424K), 0.7512010 secs]
2018-05-16T12:19:32.469+0000: 454012.090: [GC 6495275K->2481525K(14457536K), 0.5373270 secs]
2018-05-16T12:19:33.007+0000: 454012.628: [Full GC 2481525K->1316457K(14457536K), 4.2660000 secs]
2018-05-16T12:20:38.920+0000: 454078.540: [GC 8205993K->1507182K(14420352K), 0.8546290 secs]
2018-05-16T12:21:38.221+0000: 454137.841: [GC 8396718K->1516156K(14429056K), 0.9248650 secs]
2018-05-16T12:22:30.904+0000: 454190.525: [GC 8369788K->1521382K(14376000K), 0.9089790 secs]
2018-05-16T12:23:21.996+0000: 454241.616: [GC 8375014K->1516866K(14433600K), 0.8645700 secs]
2018-05-16T12:24:20.298+0000: 454299.919: [GC 8362498K->1534502K(14432128K), 0.8650800 secs]
2018-05-16T12:25:05.749+0000: 454345.370: [GC 8380134K->1513080K(14441344K), 0.6454470 secs]
2018-05-16T12:25:21.462+0000: 454361.083: [GC 8366712K->1488277K(14432384K), 0.4888940 secs]
2018-05-16T12:25:38.082+0000: 454377.703: [GC 8341909K->1485826K(14444608K), 0.4658400 secs]
2018-05-16T12:26:36.577+0000: 454436.198: [GC 8353602K->1578224K(14396928K), 0.9028200 secs]
2018-05-16T12:27:30.163+0000: 454489.784: [GC 8446000K->1588913K(14426176K), 0.8253670 secs]
2018-05-16T12:28:23.303+0000: 454542.924: [GC 8431665K->1593952K(14366080K), 0.9141360 secs]
2018-05-16T12:29:02.259+0000: 454581.880: [GC 8436704K->1579548K(14436992K), 0.7755470 secs]
2018-05-16T12:29:20.553+0000: 454600.173: [GC 8425756K->1526133K(14429312K), 0.4399530 secs]
2018-05-16T12:29:38.050+0000: 454617.671: [GC 8372341K->1534692K(14437248K), 0.4709150 secs]
2018-05-16T12:29:58.382+0000: 454638.003: [GC 8387876K->1561364K(14436032K), 0.4943380 secs]
2018-05-16T12:30:15.631+0000: 454655.252: [GC 8414548K->1542682K(14443584K), 0.3708030 secs]
2018-05-16T12:30:41.751+0000: 454681.372: [GC 8408922K->1568626K(14442752K), 0.4441970 secs]
2018-05-16T12:30:59.257+0000: 454698.878: [GC 8434866K->1576033K(14454720K), 0.5141700 secs]
2018-05-16T12:31:29.950+0000: 454729.570: [GC 8459873K->1595339K(14449216K), 0.5704570 secs]
2018-05-16T12:32:21.600+0000: 454781.220: [GC 8479179K->1681170K(14433984K), 0.9208900 secs]
2018-05-16T12:33:06.980+0000: 454826.600: [GC 8557330K->1695639K(14409984K), 0.9622540 secs]
2018-05-16T12:33:56.759+0000: 454876.379: [GC 8571799K->1696132K(14423680K), 0.7695550 secs]
2018-05-16T12:34:41.308+0000: 454920.929: [GC 8536324K->1713094K(14377536K), 0.9463010 secs]
2018-05-16T12:35:25.587+0000: 454965.207: [GC 8553286K->1695868K(14426240K), 0.8242780 secs]
2018-05-16T12:35:43.463+0000: 454983.084: [GC 8523836K->1627318K(14421824K), 0.4238720 secs]
2018-05-16T12:36:01.924+0000: 455001.544: [GC 8455286K->1635453K(14427456K), 0.4369440 secs]
2018-05-16T12:36:24.910+0000: 455024.530: [GC 8468541K->1642383K(14425728K), 0.4338520 secs]
2018-05-16T12:36:41.970+0000: 455041.590: [GC 8475471K->1653907K(14435584K), 0.4333030 secs]
2018-05-16T12:37:42.680+0000: 455102.300: [GC 8500179K->1722534K(14430784K), 0.7696070 secs]
2018-05-16T12:38:40.548+0000: 455160.169: [GC 8568806K->1774932K(14412352K), 0.9718090 secs]
2018-05-16T12:39:22.812+0000: 455202.432: [GC 8603220K->1783321K(14360704K), 0.9122340 secs]
2018-05-16T12:39:39.455+0000: 455219.076: [GC 8611609K->1705521K(14421632K), 0.4879890 secs]
2018-05-16T12:39:58.120+0000: 455237.741: [GC 8524273K->1701643K(14417216K), 0.4198950 secs]
2018-05-16T12:40:19.341+0000: 455258.961: [GC 8520395K->1712310K(14430528K), 0.4215540 secs]
2018-05-16T12:40:38.076+0000: 455277.697: [GC 8547894K->1718145K(14425152K), 0.4266040 secs]
2018-05-16T12:41:02.649+0000: 455302.270: [GC 8553729K->1728757K(14442368K), 0.4469270 secs]
2018-05-16T12:41:24.034+0000: 455323.655: [GC 8586997K->1743865K(14435968K), 0.4968660 secs]
2018-05-16T12:41:40.408+0000: 455340.028: [GC 8602105K->1763118K(14458112K), 0.5334890 secs]
2018-05-16T12:42:25.675+0000: 455385.296: [GC 8650734K->1842944K(14416000K), 0.8222310 secs]
2018-05-16T12:43:19.617+0000: 455439.238: [GC 8730560K->1862132K(14418944K), 0.9958320 secs]
2018-05-16T12:44:25.376+0000: 455504.997: [GC 8705524K->1867032K(14376320K), 0.9233390 secs]
2018-05-16T12:45:04.438+0000: 455544.059: [GC 8710424K->1839192K(14429760K), 0.7289180 secs]
2018-05-16T12:45:21.428+0000: 455561.049: [GC 8671384K->1790277K(14422528K), 0.4533650 secs]
2018-05-16T12:45:41.967+0000: 455581.588: [GC 8622469K->1809492K(14438080K), 0.5455110 secs]
2018-05-16T12:46:04.726+0000: 455604.347: [GC 8659668K->1810613K(14432192K), 0.4950310 secs]
2018-05-16T12:46:22.799+0000: 455622.420: [GC 8660789K->1811761K(14447168K), 0.4737020 secs]
2018-05-16T12:46:42.542+0000: 455642.163: [GC 8682033K->1825063K(14443200K), 0.4993050 secs]
2018-05-16T12:46:59.367+0000: 455658.988: [GC 8695335K->1831446K(14458688K), 0.4882510 secs]
2018-05-16T12:47:37.431+0000: 455697.052: [GC 8723222K->1846337K(14453184K), 0.5023770 secs]
2018-05-16T12:49:35.046+0000: 455814.667: [GC 8738113K->1924771K(14444800K), 0.8384500 secs]
2018-05-16T12:50:44.452+0000: 455884.073: [GC 8815395K->1876448K(14455360K), 0.4455200 secs]
2018-05-16T12:51:06.817+0000: 455906.438: [GC 8767072K->1855683K(14462272K), 0.3586820 secs]
2018-05-16T12:51:33.213+0000: 455932.834: [GC 8759299K->1895702K(14461440K), 0.5671750 secs]
2018-05-16T12:52:19.468+0000: 455979.089: [GC 8799318K->1929107K(14472384K), 0.6357940 secs]
2018-05-16T12:52:39.483+0000: 455999.104: [GC 8851603K->1898079K(14470208K), 0.4507510 secs]
2018-05-16T12:53:07.056+0000: 456026.677: [GC 8820575K->1923181K(14484160K), 0.5700620 secs]
2018-05-16T12:54:16.291+0000: 456095.912: [GC 8863725K->2005584K(14473344K), 0.9444160 secs]
2018-05-16T12:55:13.876+0000: 456153.496: [GC 8946128K->2018770K(14422528K), 0.8733870 secs]
2018-05-16T12:55:38.256+0000: 456177.876: [GC 8894546K->1946403K(14447936K), 0.5250350 secs]
2018-05-16T12:55:55.856+0000: 456195.477: [GC 8822179K->1935407K(14456768K), 0.4160330 secs]
2018-05-16T12:56:18.025+0000: 456217.645: [GC 8826223K->1953211K(14454144K), 0.4609380 secs]
2018-05-16T12:56:35.433+0000: 456235.053: [GC 8844027K->1953994K(14466240K), 0.4723090 secs]
2018-05-16T12:56:58.841+0000: 456258.462: [GC 8862090K->1968709K(14461952K), 0.5127730 secs]
2018-05-16T12:57:18.367+0000: 456277.988: [GC 8876805K->1959527K(14475648K), 0.4114180 secs]
2018-05-16T12:57:36.332+0000: 456295.953: [GC 8887399K->1973231K(14472320K), 0.4506180 secs]
2018-05-16T12:58:31.448+0000: 456351.068: [GC 8901103K->2061734K(14449792K), 0.9079750 secs]
2018-05-16T12:59:37.198+0000: 456416.818: [GC 8972198K->2078434K(14437824K), 0.9416840 secs]
2018-05-16T13:00:32.645+0000: 456472.266: [GC 8988898K->2076232K(14434688K), 0.8166920 secs]
2018-05-16T13:01:43.555+0000: 456543.176: [GC 8941256K->2092797K(14388928K), 0.9218790 secs]
2018-05-16T13:02:22.171+0000: 456581.792: [GC 8957821K->2062522K(14443456K), 0.3783430 secs]
2018-05-16T13:03:27.867+0000: 456647.488: [GC 8920250K->2098533K(14434368K), 0.8298300 secs]
2018-05-16T13:03:52.952+0000: 456672.572: [GC 8956261K->2030830K(14443328K), 0.4148420 secs]
2018-05-16T13:04:18.222+0000: 456697.843: [GC 8896878K->2038953K(14442816K), 0.4172280 secs]
2018-05-16T13:04:42.391+0000: 456722.012: [GC 8905001K->2060892K(14451648K), 0.5105430 secs]
2018-05-16T13:05:08.568+0000: 456748.189: [GC 8937884K->2039202K(14445440K), 0.3406150 secs]
2018-05-16T13:05:36.537+0000: 456776.158: [GC 8916194K->2051222K(14457088K), 0.4214150 secs]
2018-05-16T13:06:05.279+0000: 456804.900: [GC 8941142K->2053371K(14452928K), 0.3948720 secs]
2018-05-16T13:06:33.560+0000: 456833.181: [GC 8943291K->2045344K(14463488K), 0.3274500 secs]
2018-05-16T13:07:03.032+0000: 456862.653: [GC 8949984K->2064442K(14461248K), 0.4341880 secs]
2018-05-16T13:07:32.318+0000: 456891.939: [GC 8969082K->2068164K(14475328K), 0.4405960 secs]
2018-05-16T13:07:59.312+0000: 456918.932: [GC 8992772K->2069907K(14469376K), 0.3949810 secs]
2018-05-16T13:08:24.903+0000: 456944.523: [GC 8994515K->2086829K(14489280K), 0.4530640 secs]
2018-05-16T13:08:48.591+0000: 456968.211: [GC 9037101K->2106344K(14481088K), 0.5264930 secs]
2018-05-16T13:09:10.803+0000: 456990.424: [GC 9056616K->2115862K(14499072K), 0.5666730 secs]
2018-05-16T13:09:31.319+0000: 457010.940: [GC 9089494K->2115595K(14494656K), 0.5000120 secs]
2018-05-16T13:09:54.738+0000: 457034.359: [GC 9089227K->2128118K(14507584K), 0.5350020 secs]
2018-05-16T13:10:17.903+0000: 457057.524: [GC 9120547K->2135840K(14504960K), 0.4935110 secs]
2018-05-16T13:10:41.940+0000: 457081.561: [GC 9128288K->2129898K(14516352K), 0.4728490 secs]
2018-05-16T13:11:02.679+0000: 457102.300: [GC 9136618K->2135610K(14510464K), 0.5269240 secs]
2018-05-16T13:11:26.136+0000: 457125.757: [GC 9142330K->2137511K(14526016K), 0.5038070 secs]
2018-05-16T13:11:50.579+0000: 457150.199: [GC 9165159K->2143843K(14521728K), 0.4971150 secs]
2018-05-16T13:12:15.519+0000: 457175.140: [GC 9171491K->2154088K(14533312K), 0.5158110 secs]
2018-05-16T13:12:40.057+0000: 457199.677: [GC 9197480K->2155899K(14530176K), 0.5113050 secs]
2018-05-16T13:13:05.266+0000: 457224.886: [GC 9199291K->2159561K(14539520K), 0.4826600 secs]
2018-05-16T13:13:28.142+0000: 457247.763: [GC 9215625K->2184209K(14536640K), 0.5768730 secs]
2018-05-16T13:13:51.602+0000: 457271.222: [GC 9240273K->2170246K(14539136K), 0.4733230 secs]
2018-05-16T13:14:22.876+0000: 457302.497: [GC 9226246K->2194608K(14536960K), 0.5865760 secs]
2018-05-16T13:14:46.455+0000: 457326.076: [GC 9250608K->2190327K(14540864K), 0.5299620 secs]
2018-05-16T13:15:10.510+0000: 457350.130: [GC 9249143K->2195314K(14538048K), 0.4373330 secs]
2018-05-16T13:15:33.079+0000: 457372.700: [GC 9254130K->2204139K(14546240K), 0.5249800 secs]
2018-05-16T13:15:57.456+0000: 457397.077: [GC 9273899K->2210464K(14543616K), 0.5254540 secs]
2018-05-16T13:16:24.686+0000: 457424.307: [GC 9280224K->2213800K(14550208K), 0.5027300 secs]
2018-05-16T13:16:48.447+0000: 457448.068: [GC 9292072K->2225653K(14548160K), 0.5452390 secs]
2018-05-16T13:17:10.488+0000: 457470.109: [GC 9303925K->2230081K(14552448K), 0.5537290 secs]
2018-05-16T13:17:32.728+0000: 457492.348: [GC 9313665K->2231082K(14551232K), 0.4668990 secs]
2018-05-16T13:17:57.237+0000: 457516.858: [GC 9314666K->2239105K(14555008K), 0.5083870 secs]
2018-05-16T13:18:21.086+0000: 457540.707: [GC 9327617K->2250912K(14553600K), 0.5330920 secs]
2018-05-16T13:18:45.180+0000: 457564.801: [GC 9339424K->2246449K(14554880K), 0.4666290 secs]
2018-05-16T13:19:07.854+0000: 457587.474: [GC 9335729K->2271428K(14550976K), 0.5513270 secs]
2018-05-16T13:19:29.403+0000: 457609.023: [GC 9360708K->2275843K(14548608K), 0.5758590 secs]
2018-05-16T13:19:37.283+0000: 457616.903: [GC 5180061K->2210700K(14465920K), 0.2108900 secs]
2018-05-16T13:19:37.494+0000: 457617.115: [Full GC 2210700K->1230789K(14465920K), 3.8273680 secs]
2018-05-16T13:20:01.241+0000: 457640.862: [GC 8311237K->1348182K(14538432K), 0.4722910 secs]
2018-05-16T13:20:25.919+0000: 457665.540: [GC 8407382K->1356483K(14539648K), 0.5233680 secs]
2018-05-16T13:20:48.871+0000: 457688.492: [GC 8415683K->1374716K(14537024K), 0.5801070 secs]
2018-05-16T13:21:12.850+0000: 457712.470: [GC 8433660K->1367078K(14539520K), 0.5109630 secs]
2018-05-16T13:21:31.485+0000: 457731.106: [GC 8426022K->1384162K(14540160K), 0.5331350 secs]
2018-05-16T13:21:54.590+0000: 457754.210: [GC 8446946K->1384789K(14541440K), 0.5261120 secs]
2018-05-16T13:22:20.698+0000: 457780.319: [GC 8447573K->1390877K(14544064K), 0.4982180 secs]
2018-05-16T13:22:43.314+0000: 457802.935: [GC 8457629K->1379458K(14542784K), 0.4229240 secs]
2018-05-16T13:23:06.103+0000: 457825.724: [GC 8446210K->1401144K(14546048K), 0.5194170 secs]
2018-05-16T13:23:30.126+0000: 457849.746: [GC 8470968K->1405387K(14543872K), 0.5381770 secs]
2018-05-16T13:23:53.703+0000: 457873.323: [GC 8475211K->1410649K(14550784K), 0.5082500 secs]
2018-05-16T13:24:22.190+0000: 457901.811: [GC 8489817K->1423585K(14548480K), 0.5209060 secs]
2018-05-16T13:24:48.752+0000: 457928.373: [GC 8502753K->1434919K(14548864K), 0.5446450 secs]
2018-05-16T13:25:10.677+0000: 457950.297: [GC 8514727K->1428445K(14549952K), 0.4478020 secs]
2018-05-16T13:25:36.581+0000: 457976.201: [GC 8508253K->1428149K(14550656K), 0.4310450 secs]
2018-05-16T13:25:59.766+0000: 457999.387: [GC 8509621K->1451214K(14537408K), 0.5429700 secs]
2018-05-16T13:26:18.863+0000: 458018.484: [GC 8532686K->1459239K(14549248K), 0.5260960 secs]
2018-05-16T13:26:42.481+0000: 458042.101: [GC 8538407K->1456864K(14549632K), 0.5074820 secs]
2018-05-16T13:27:06.485+0000: 458066.106: [GC 8536032K->1466885K(14552832K), 0.5067840 secs]
2018-05-16T13:27:30.711+0000: 458090.332: [GC 8551045K->1489779K(14548992K), 0.5487880 secs]
2018-05-16T13:27:48.400+0000: 458108.021: [GC 8573939K->1494432K(14546432K), 0.5903580 secs]
2018-05-16T13:28:10.298+0000: 458129.919: [GC 8569760K->1496145K(14547712K), 0.5127350 secs]
2018-05-16T13:28:34.143+0000: 458153.764: [GC 8571473K->1501272K(14550144K), 0.4966090 secs]
2018-05-16T13:28:57.928+0000: 458177.548: [GC 8579928K->1516029K(14548608K), 0.5473300 secs]
2018-05-16T13:29:19.862+0000: 458199.482: [GC 8594685K->1530399K(14545920K), 0.5663780 secs]
2018-05-16T13:29:40.683+0000: 458220.304: [GC 8606623K->1520160K(14548160K), 0.4885220 secs]
2018-05-16T13:30:03.445+0000: 458243.065: [GC 8596384K->1527589K(14549056K), 0.4472860 secs]
2018-05-16T13:30:31.386+0000: 458271.007: [GC 8605093K->1530257K(14548544K), 0.4022760 secs]
2018-05-16T13:30:54.494+0000: 458294.114: [GC 8607761K->1545962K(14550272K), 0.4863640 secs]
2018-05-16T13:31:20.248+0000: 458319.869: [GC 8624938K->1557243K(14548800K), 0.5234970 secs]
2018-05-16T13:31:42.904+0000: 458342.524: [GC 8636219K->1560607K(14552960K), 0.4888240 secs]
2018-05-16T13:32:12.790+0000: 458372.411: [GC 8645087K->1578398K(14543360K), 0.5470570 secs]
2018-05-16T13:32:36.624+0000: 458396.245: [GC 8662878K->1568720K(14551744K), 0.4867410 secs]
2018-05-16T13:33:00.084+0000: 458419.705: [GC 8651792K->1577774K(14551424K), 0.5161940 secs]
2018-05-16T13:33:23.188+0000: 458442.809: [GC 8660846K->1593573K(14550912K), 0.5532730 secs]
2018-05-16T13:33:47.747+0000: 458467.368: [GC 8677477K->1599815K(14542016K), 0.5650120 secs]
2018-05-16T13:34:11.226+0000: 458490.846: [GC 8683719K->1587219K(14550272K), 0.4633640 secs]
2018-05-16T13:34:35.528+0000: 458515.149: [GC 8668435K->1602322K(14550656K), 0.5111640 secs]
2018-05-16T13:34:57.967+0000: 458537.588: [GC 8683538K->1621148K(14547456K), 0.5483230 secs]
2018-05-16T13:35:21.315+0000: 458560.935: [GC 8700700K->1610072K(14549824K), 0.4887070 secs]
2018-05-16T13:35:43.723+0000: 458583.344: [GC 8689624K->1623134K(14551552K), 0.5027590 secs]
2018-05-16T13:36:07.636+0000: 458607.257: [GC 8704542K->1631330K(14549952K), 0.5130050 secs]
2018-05-16T13:36:31.167+0000: 458630.788: [GC 8712738K->1645412K(14551360K), 0.5136120 secs]
2018-05-16T13:36:54.725+0000: 458654.345: [GC 8729956K->1661344K(14549120K), 0.5994140 secs]
2018-05-16T13:37:17.089+0000: 458676.709: [GC 8745888K->1655432K(14550528K), 0.5449630 secs]
2018-05-16T13:37:42.476+0000: 458702.097: [GC 8734984K->1649083K(14549120K), 0.4721990 secs]
2018-05-16T13:38:03.198+0000: 458722.819: [GC 8728635K->1665493K(14551296K), 0.5229120 secs]
2018-05-16T13:38:26.196+0000: 458745.816: [GC 8746453K->1667533K(14549760K), 0.4849760 secs]
2018-05-16T13:38:51.067+0000: 458770.688: [GC 8748493K->1682720K(14552320K), 0.5274680 secs]
2018-05-16T13:39:14.642+0000: 458794.263: [GC 8767200K->1682121K(14552256K), 0.4986350 secs]
2018-05-16T13:39:37.710+0000: 458817.331: [GC 8766601K->1697023K(14553600K), 0.5271840 secs]
2018-05-16T13:40:01.175+0000: 458840.796: [GC 8784127K->1698607K(14553600K), 0.4655390 secs]
2018-05-16T13:40:26.470+0000: 458866.091: [GC 8785711K->1708621K(14555776K), 0.4844210 secs]
2018-05-16T13:40:50.300+0000: 458889.921: [GC 8799181K->1712163K(14554880K), 0.5180940 secs]
2018-05-16T13:41:12.535+0000: 458912.155: [GC 8802723K->1714539K(14557952K), 0.5064390 secs]
2018-05-16T13:41:35.013+0000: 458934.633: [GC 8809515K->1725570K(14557120K), 0.5398350 secs]
2018-05-16T13:41:54.756+0000: 458954.377: [GC 8820546K->1723307K(14558272K), 0.4786590 secs]
2018-05-16T13:42:18.036+0000: 458977.657: [GC 8819627K->1741001K(14551168K), 0.5480230 secs]
2018-05-16T13:42:41.130+0000: 459000.750: [GC 8837321K->1745751K(14558336K), 0.5359110 secs]
2018-05-16T13:43:04.260+0000: 459023.881: [GC 8841495K->1762750K(14557504K), 0.5845730 secs]
2018-05-16T13:43:27.042+0000: 459046.663: [GC 8858494K->1755936K(14550080K), 0.5214320 secs]
2018-05-16T13:43:51.244+0000: 459070.864: [GC 8843424K->1739626K(14511552K), 0.3984360 secs]
2018-05-16T13:44:17.279+0000: 459096.900: [GC 8827114K->1758573K(14550912K), 0.4452080 secs]
2018-05-16T13:44:39.322+0000: 459118.943: [GC 8840045K->1786949K(14540672K), 0.5692880 secs]
2018-05-16T13:44:59.383+0000: 459139.004: [GC 8868421K->1782811K(14550848K), 0.4622250 secs]
2018-05-16T13:45:20.870+0000: 459160.491: [GC 8862363K->1793096K(14548800K), 0.4895660 secs]
2018-05-16T13:45:43.926+0000: 459183.546: [GC 8872648K->1802644K(14550208K), 0.5290150 secs]
2018-05-16T13:46:06.154+0000: 459205.774: [GC 8884628K->1811006K(14539968K), 0.5835420 secs]
2018-05-16T13:46:26.856+0000: 459226.477: [GC 8892990K->1817864K(14549760K), 0.5577700 secs]
2018-05-16T13:46:46.448+0000: 459246.069: [GC 8897544K->1818097K(14549888K), 0.5014690 secs]
2018-05-16T13:47:11.235+0000: 459270.856: [GC 8897777K->1837217K(14547072K), 0.5640170 secs]
2018-05-16T13:47:32.004+0000: 459291.625: [GC 8915745K->1838815K(14549312K), 0.5308390 secs]
2018-05-16T13:47:54.479+0000: 459314.099: [GC 8917343K->1842636K(14552320K), 0.5282070 secs]
2018-05-16T13:48:16.806+0000: 459336.427: [GC 8925708K->1851380K(14550848K), 0.5488910 secs]
2018-05-16T13:48:37.047+0000: 459356.668: [GC 8934452K->1846559K(14553216K), 0.4806000 secs]
2018-05-16T13:49:00.691+0000: 459380.312: [GC 8933151K->1862289K(14553344K), 0.5271830 secs]
2018-05-16T13:49:18.827+0000: 459398.448: [GC 8948881K->1854853K(14552320K), 0.4696220 secs]
2018-05-16T13:49:36.641+0000: 459416.261: [GC 8941317K->1866897K(14553280K), 0.4781320 secs]
2018-05-16T13:50:27.446+0000: 459467.067: [GC 8953361K->1939162K(14508032K), 0.7645570 secs]
2018-05-16T13:51:42.661+0000: 459542.281: [GC 8980954K->2023352K(14530944K), 0.9850840 secs]
2018-05-16T13:52:26.410+0000: 459586.031: [GC 9065144K->2029029K(14465024K), 0.6735450 secs]
2018-05-16T13:52:44.080+0000: 459603.700: [GC 9004901K->2006201K(14497984K), 0.5099100 secs]
2018-05-16T13:53:06.130+0000: 459625.751: [GC 8982073K->2017485K(14503360K), 0.5510190 secs]
2018-05-16T13:53:27.376+0000: 459646.997: [GC 9001293K->2000810K(14500544K), 0.4040480 secs]
2018-05-16T13:53:47.973+0000: 459667.594: [GC 8984618K->2028046K(14505856K), 0.6926900 secs]
2018-05-16T13:54:07.767+0000: 459687.387: [GC 9016078K->2023115K(14502272K), 0.4551580 secs]
2018-05-16T13:54:26.024+0000: 459705.644: [GC 9011147K->2029975K(14510144K), 0.4637110 secs]
2018-05-16T13:54:47.895+0000: 459727.515: [GC 9027799K->2052195K(14507776K), 0.4108460 secs]
2018-05-16T13:55:04.917+0000: 459744.538: [GC 9050019K->2046991K(14517952K), 0.4516600 secs]
2018-05-16T13:55:22.401+0000: 459762.022: [GC 9060431K->2045814K(14515584K), 0.4498240 secs]
2018-05-16T13:56:27.529+0000: 459827.150: [GC 9059254K->2147634K(14466432K), 0.9927800 secs]
2018-05-16T13:57:29.222+0000: 459888.843: [GC 9113650K->2191432K(14493056K), 0.9700640 secs]
2018-05-16T13:58:12.990+0000: 459932.611: [GC 9157448K->2133940K(14457472K), 0.5236220 secs]
2018-05-16T13:58:29.209+0000: 459948.830: [GC 9064372K->2142523K(14475264K), 0.5513620 secs]
2018-05-16T13:58:54.741+0000: 459974.362: [GC 9072955K->2162287K(14486464K), 0.6068690 secs]
2018-05-16T13:59:52.237+0000: 460031.858: [GC 9109551K->2233923K(14480896K), 0.9818960 secs]
2018-05-16T14:00:53.407+0000: 460093.028: [GC 9181187K->2243869K(14422272K), 0.9693020 secs]
2018-05-16T14:01:30.457+0000: 460130.077: [GC 9126941K->2185775K(14451584K), 0.5922830 secs]
2018-05-16T14:01:54.838+0000: 460154.458: [GC 9068847K->2163630K(14458112K), 0.4299580 secs]
2018-05-16T14:02:19.387+0000: 460179.008: [GC 9059182K->2178127K(14457536K), 0.4699120 secs]
2018-05-16T14:02:41.197+0000: 460200.818: [GC 9073679K->2195046K(14466560K), 0.5278910 secs]
2018-05-16T14:03:02.030+0000: 460221.651: [GC 9102822K->2195229K(14461312K), 0.4975070 secs]
2018-05-16T14:03:23.052+0000: 460242.672: [GC 9103005K->2201671K(14475456K), 0.4732010 secs]
2018-05-16T14:03:47.078+0000: 460266.699: [GC 9127943K->2206823K(14470912K), 0.4898350 secs]
2018-05-16T14:04:08.462+0000: 460288.083: [GC 9133095K->2220306K(14485312K), 0.4848410 secs]
2018-05-16T14:04:32.298+0000: 460311.919: [GC 9165138K->2215817K(14479616K), 0.4452080 secs]
2018-05-16T14:04:52.444+0000: 460332.064: [GC 9160649K->2247757K(14494144K), 0.5703170 secs]
2018-05-16T14:05:12.181+0000: 460351.801: [GC 9210893K->2231292K(14489088K), 0.4799250 secs]
2018-05-16T14:05:34.045+0000: 460373.665: [GC 9194428K->2244468K(14502720K), 0.4787230 secs]
2018-05-16T14:05:58.189+0000: 460397.810: [GC 9224756K->2250646K(14497664K), 0.5052260 secs]
2018-05-16T14:06:20.643+0000: 460420.264: [GC 9230934K->2261782K(14512704K), 0.5392640 secs]
2018-05-16T14:06:41.689+0000: 460441.309: [GC 9262038K->2272610K(14507648K), 0.5527610 secs]
2018-05-16T14:07:02.443+0000: 460462.063: [GC 9272866K->2267516K(14520640K), 0.5065270 secs]
2018-05-16T14:07:23.006+0000: 460482.626: [GC 9285564K->2277364K(14517504K), 0.5290690 secs]
2018-05-16T14:07:45.806+0000: 460505.427: [GC 9295412K->2283215K(14528192K), 0.5314310 secs]
2018-05-16T14:08:07.427+0000: 460527.048: [GC 9315983K->2291111K(14524672K), 0.5366320 secs]
2018-05-16T14:08:29.126+0000: 460548.747: [GC 9323879K->2301027K(14533312K), 0.5677750 secs]
2018-05-16T14:08:52.499+0000: 460572.120: [GC 9346211K->2290781K(14531968K), 0.4763210 secs]
2018-05-16T14:09:12.487+0000: 460592.108: [GC 9335965K->2302749K(14537152K), 0.5044480 secs]
2018-05-16T14:09:35.135+0000: 460614.755: [GC 9354461K->2309624K(14534656K), 0.5174850 secs]
2018-05-16T14:09:56.561+0000: 460636.182: [GC 9361336K->2322311K(14540864K), 0.5438890 secs]
2018-05-16T14:10:20.046+0000: 460659.667: [GC 9383111K->2316217K(14540032K), 0.4587980 secs]
2018-05-16T14:10:41.605+0000: 460681.226: [GC 9377017K->2328038K(14544704K), 0.4914510 secs]
2018-05-16T14:11:04.580+0000: 460704.201: [GC 9395046K->2322417K(14542400K), 0.4604320 secs]
2018-05-16T14:11:27.086+0000: 460726.706: [GC 9389425K->2333650K(14545792K), 0.4766450 secs]
2018-05-16T14:11:53.261+0000: 460752.881: [GC 9404178K->2338628K(14544832K), 0.4839720 secs]
2018-05-16T14:12:15.004+0000: 460774.625: [GC 9409156K->2347022K(14548032K), 0.4984010 secs]
2018-05-16T14:12:38.291+0000: 460797.911: [GC 9421518K->2355209K(14546560K), 0.4979820 secs]
2018-05-16T14:13:03.143+0000: 460822.763: [GC 9429705K->2370647K(14547456K), 0.5352540 secs]
2018-05-16T14:13:25.752+0000: 460845.372: [GC 9448023K->2377999K(14534656K), 0.5646170 secs]
2018-05-16T14:13:49.097+0000: 460868.718: [GC 9455375K->2374620K(14550016K), 0.5185840 secs]
2018-05-16T14:14:13.274+0000: 460892.895: [GC 9452572K->2376983K(14548032K), 0.4783750 secs]
2018-05-16T14:14:34.594+0000: 460914.215: [GC 9454935K->2400349K(14545344K), 0.5997680 secs]
2018-05-16T14:14:56.225+0000: 460935.846: [GC 9476957K->2388575K(14548352K), 0.4713160 secs]
2018-05-16T14:15:21.302+0000: 460960.923: [GC 9465183K->2385717K(14548928K), 0.4016850 secs]
2018-05-16T14:15:42.546+0000: 460982.167: [GC 9464117K->2409273K(14549248K), 0.5175490 secs]
2018-05-16T14:16:02.637+0000: 461002.257: [GC 9487673K->2425569K(14544960K), 0.5571080 secs]
2018-05-16T14:16:23.999+0000: 461023.619: [GC 9500641K->2426365K(14547584K), 0.5473760 secs]
2018-05-16T14:16:49.523+0000: 461049.144: [GC 9501437K->2432462K(14548480K), 0.5400020 secs]
2018-05-16T14:17:14.407+0000: 461074.028: [GC 9509006K->2430264K(14548160K), 0.4948690 secs]
2018-05-16T14:17:39.393+0000: 461099.014: [GC 9506808K->2432439K(14549824K), 0.4697560 secs]
2018-05-16T14:17:59.232+0000: 461118.852: [GC 9511863K->2468816K(14549696K), 0.6163470 secs]
2018-05-16T14:18:17.906+0000: 461137.526: [GC 9548240K->2460105K(14538688K), 0.5357680 secs]
2018-05-16T14:18:39.099+0000: 461158.720: [GC 9528393K->2469353K(14544192K), 0.5371010 secs]
2018-05-16T14:19:00.891+0000: 461180.512: [GC 9537641K->2473724K(14546368K), 0.5329300 secs]
2018-05-16T14:19:23.309+0000: 461202.930: [GC 9545084K->2476430K(14545088K), 0.5305150 secs]
2018-05-16T14:19:41.332+0000: 461220.952: [GC 8924918K->2465234K(14545792K), 0.4431840 secs]
2018-05-16T14:19:41.775+0000: 461221.396: [Full GC 2465234K->1316467K(14545792K), 4.2597360 secs]
2018-05-16T14:20:05.031+0000: 461244.652: [GC 8390387K->1437012K(14534528K), 0.4667350 secs]
2018-05-16T14:20:26.526+0000: 461266.147: [GC 8510932K->1453211K(14543744K), 0.5329350 secs]
2018-05-16T14:20:47.695+0000: 461287.316: [GC 8522651K->1457609K(14529792K), 0.5917750 secs]
2018-05-16T14:21:10.416+0000: 461310.037: [GC 8527049K->1449059K(14545088K), 0.5080760 secs]
2018-05-16T14:21:30.853+0000: 461330.474: [GC 8518435K->1448757K(14544384K), 0.4743360 secs]
2018-05-16T14:21:53.611+0000: 461353.232: [GC 8518133K->1461354K(14546496K), 0.5108590 secs]
2018-05-16T14:22:16.808+0000: 461376.428: [GC 8532714K->1479218K(14544960K), 0.5475880 secs]
2018-05-16T14:22:40.471+0000: 461400.092: [GC 8550578K->1475085K(14546752K), 0.5209440 secs]
2018-05-16T14:23:02.421+0000: 461422.041: [GC 8546829K->1487803K(14545088K), 0.5209800 secs]
2018-05-16T14:23:23.844+0000: 461443.464: [GC 8559547K->1495446K(14547904K), 0.5499440 secs]
2018-05-16T14:23:45.080+0000: 461464.701: [GC 8570838K->1499589K(14547584K), 0.5542000 secs]
2018-05-16T14:24:05.738+0000: 461485.358: [GC 8574981K->1493321K(14548992K), 0.4945000 secs]
2018-05-16T14:24:28.231+0000: 461507.852: [GC 8571145K->1504844K(14548928K), 0.4953010 secs]
2018-05-16T14:24:51.365+0000: 461530.986: [GC 8582668K->1519424K(14551488K), 0.5127900 secs]
2018-05-16T14:25:13.456+0000: 461553.077: [GC 8600896K->1524631K(14550080K), 0.5049940 secs]
2018-05-16T14:25:39.759+0000: 461579.380: [GC 8606099K->1529387K(14554048K), 0.5333500 secs]
2018-05-16T14:26:06.253+0000: 461605.874: [GC 8616171K->1547068K(14547328K), 0.5983950 secs]
2018-05-16T14:26:28.257+0000: 461627.877: [GC 8633852K->1546377K(14553664K), 0.5589790 secs]
2018-05-16T14:26:50.427+0000: 461650.048: [GC 8632009K->1554018K(14552064K), 0.5456230 secs]
2018-05-16T14:27:12.159+0000: 461671.779: [GC 8639650K->1560478K(14554624K), 0.5849930 secs]
2018-05-16T14:27:33.392+0000: 461693.013: [GC 8649438K->1561231K(14554432K), 0.5200680 secs]
2018-05-16T14:27:54.019+0000: 461713.639: [GC 8650191K->1567756K(14556032K), 0.5341500 secs]
2018-05-16T14:28:16.329+0000: 461735.950: [GC 8659084K->1578074K(14555392K), 0.5179550 secs]
2018-05-16T14:28:38.109+0000: 461757.730: [GC 8669402K->1585723K(14557120K), 0.5422620 secs]
2018-05-16T14:28:59.682+0000: 461779.303: [GC 8679291K->1593728K(14556544K), 0.5583600 secs]
2018-05-16T14:29:21.755+0000: 461801.375: [GC 8687296K->1595267K(14557824K), 0.5403920 secs]
2018-05-16T14:29:42.823+0000: 461822.444: [GC 8690051K->1593433K(14536640K), 0.4668960 secs]
2018-05-16T14:30:05.430+0000: 461845.051: [GC 8688217K->1601185K(14555584K), 0.4326050 secs]
2018-05-16T14:30:31.259+0000: 461870.880: [GC 8693665K->1604269K(14529792K), 0.2573940 secs]
2018-05-16T14:30:54.624+0000: 461894.244: [GC 8696749K->1618520K(14556672K), 0.5060690 secs]
2018-05-16T14:31:23.217+0000: 461922.838: [GC 8710552K->1623167K(14555456K), 0.5088990 secs]
2018-05-16T14:31:45.651+0000: 461945.272: [GC 8715199K->1631355K(14558784K), 0.5440730 secs]
2018-05-16T14:32:06.578+0000: 461966.198: [GC 8727675K->1632771K(14557632K), 0.4691360 secs]
2018-05-16T14:32:27.573+0000: 461987.194: [GC 8729091K->1631858K(14557504K), 0.4209300 secs]
2018-05-16T14:32:46.051+0000: 462005.672: [GC 8728562K->1640860K(14558400K), 0.4620820 secs]
2018-05-16T14:33:38.389+0000: 462058.010: [GC 8737564K->1729220K(14501824K), 0.8888770 secs]
2018-05-16T14:34:36.414+0000: 462116.035: [GC 8769476K->1813250K(14530176K), 0.9648820 secs]
2018-05-16T14:35:35.195+0000: 462174.816: [GC 8853506K->1867011K(14421248K), 0.9536150 secs]
2018-05-16T14:36:58.618+0000: 462258.239: [GC 8798339K->1912954K(14456320K), 0.9315790 secs]
2018-05-16T14:37:21.556+0000: 462281.176: [GC 8844282K->1815800K(14457728K), 0.3384550 secs]
2018-05-16T14:38:26.838+0000: 462346.459: [GC 8716536K->1871557K(14460416K), 0.5860670 secs]
2018-05-16T14:40:06.886+0000: 462446.506: [GC 8772293K->1940123K(14448064K), 0.7949430 secs]
2018-05-16T14:40:31.965+0000: 462471.586: [GC 8836379K->1887166K(14458176K), 0.5279240 secs]
2018-05-16T14:40:54.592+0000: 462494.212: [GC 8783422K->1893354K(14467712K), 0.5232990 secs]
2018-05-16T14:41:15.237+0000: 462514.858: [GC 8803818K->1894571K(14462848K), 0.5200080 secs]
2018-05-16T14:41:33.967+0000: 462533.588: [GC 8805035K->1900919K(14476224K), 0.4920590 secs]
2018-05-16T14:41:55.275+0000: 462554.896: [GC 8828727K->1909545K(14471680K), 0.5131340 secs]
2018-05-16T14:42:16.633+0000: 462576.253: [GC 8837353K->1924269K(14487424K), 0.5388720 secs]
2018-05-16T14:42:36.648+0000: 462596.268: [GC 8872813K->1933646K(14481216K), 0.5657750 secs]
2018-05-16T14:42:57.030+0000: 462616.651: [GC 8882190K->1924443K(14495744K), 0.4716300 secs]
2018-05-16T14:43:18.528+0000: 462638.149: [GC 8893275K->1937834K(14493184K), 0.5228790 secs]
2018-05-16T14:43:39.418+0000: 462659.038: [GC 8906666K->1950807K(14505472K), 0.5408650 secs]
2018-05-16T14:44:00.864+0000: 462680.485: [GC 8936343K->1949461K(14500160K), 0.5159080 secs]
2018-05-16T14:45:35.348+0000: 462774.968: [GC 8934997K->2002904K(14493056K), 0.7517540 secs]
2018-05-16T14:46:19.246+0000: 462818.867: [GC 8984920K->1985246K(14501056K), 0.5454410 secs]
2018-05-16T14:47:01.474+0000: 462861.095: [GC 8967262K->2005831K(14508032K), 0.6542100 secs]
2018-05-16T14:47:38.035+0000: 462897.656: [GC 9000583K->1986931K(14506816K), 0.4678310 secs]
2018-05-16T14:47:57.783+0000: 462917.403: [GC 8981683K->1970877K(14505920K), 0.3715340 secs]
2018-05-16T14:48:24.750+0000: 462944.371: [GC 8966461K->1998388K(14507840K), 0.4690720 secs]
2018-05-16T14:48:43.601+0000: 462963.222: [GC 8993972K->1991031K(14511808K), 0.3848610 secs]
2018-05-16T14:49:12.377+0000: 462991.998: [GC 8994039K->2001540K(14511296K), 0.4146040 secs]
2018-05-16T14:49:32.670+0000: 463012.291: [GC 9004548K->2006369K(14516224K), 0.4165460 secs]
2018-05-16T14:50:11.343+0000: 463050.963: [GC 9016609K->2031204K(14514112K), 0.4856950 secs]
2018-05-16T14:52:07.204+0000: 463166.825: [GC 9041444K->2118776K(14466304K), 0.9475760 secs]
2018-05-16T14:53:30.436+0000: 463250.057: [GC 9086456K->2168859K(14493888K), 0.9612270 secs]
2018-05-16T14:54:10.429+0000: 463290.049: [GC 9136539K->2123128K(14456256K), 0.5665920 secs]
2018-05-16T14:54:30.570+0000: 463310.190: [GC 9053176K->2104650K(14475072K), 0.4382870 secs]
2018-05-16T14:55:20.613+0000: 463360.234: [GC 9034698K->2164463K(14474240K), 0.6612940 secs]
2018-05-16T14:56:13.221+0000: 463412.841: [GC 9096559K->2220825K(14464704K), 0.9421760 secs]
2018-05-16T14:57:17.713+0000: 463477.334: [GC 9152921K->2229631K(14427968K), 0.9718480 secs]
2018-05-16T14:58:19.999+0000: 463539.620: [GC 9102207K->2239488K(14404096K), 0.9253660 secs]
2018-05-16T14:58:59.240+0000: 463578.860: [GC 9112064K->2197739K(14445760K), 0.6823580 secs]
2018-05-16T14:59:18.568+0000: 463598.189: [GC 9059435K->2168878K(14436032K), 0.4626720 secs]
2018-05-16T14:59:40.236+0000: 463619.857: [GC 9030574K->2184144K(14452800K), 0.5265080 secs]
2018-05-16T14:59:57.585+0000: 463637.206: [GC 9065296K->2182883K(14448448K), 0.4104460 secs]
2018-05-16T15:00:13.713+0000: 463653.334: [GC 9064035K->2175255K(14457920K), 0.3647410 secs]
2018-05-16T15:00:38.263+0000: 463677.883: [GC 9069335K->2213734K(14456256K), 0.5222750 secs]
2018-05-16T15:00:57.190+0000: 463696.811: [GC 9107814K->2192747K(14468736K), 0.3945390 secs]
2018-05-16T15:01:22.569+0000: 463722.189: [GC 9107435K->2228199K(14466048K), 0.5338530 secs]
2018-05-16T15:02:22.442+0000: 463782.063: [GC 9142887K->2306881K(14440000K), 0.9512610 secs]
2018-05-16T15:03:35.761+0000: 463855.381: [GC 9204161K->2313000K(14427712K), 0.6676030 secs]
2018-05-16T15:04:17.215+0000: 463896.835: [GC 9210280K->2268939K(14455040K), 0.6429840 secs]
2018-05-16T15:04:46.137+0000: 463925.758: [GC 9149707K->2249443K(14445824K), 0.4750470 secs]
2018-05-16T15:05:06.987+0000: 463946.608: [GC 9130211K->2240591K(14458752K), 0.3533410 secs]
2018-05-16T15:05:32.724+0000: 463972.345: [GC 9137167K->2255452K(14457920K), 0.4220460 secs]
2018-05-16T15:05:51.240+0000: 463990.860: [GC 9152028K->2256662K(14464896K), 0.3030370 secs]
2018-05-16T15:06:25.523+0000: 464025.144: [GC 9163606K->2273497K(14462144K), 0.4520880 secs]
2018-05-16T15:08:03.949+0000: 464123.569: [GC 9180441K->2375051K(14437056K), 0.8892120 secs]
2018-05-16T15:08:34.787+0000: 464154.407: [GC 9262091K->2317973K(14453568K), 0.5341850 secs]
2018-05-16T15:08:53.248+0000: 464172.868: [GC 9205013K->2307607K(14466240K), 0.4258660 secs]
2018-05-16T15:09:11.501+0000: 464191.122: [GC 9215959K->2325201K(14462208K), 0.4993190 secs]
2018-05-16T15:09:33.340+0000: 464212.961: [GC 9233553K->2350999K(14479680K), 0.5767250 secs]
2018-05-16T15:09:50.708+0000: 464230.329: [GC 9283287K->2336190K(14472704K), 0.4817670 secs]
2018-05-16T15:10:18.761+0000: 464258.381: [GC 9268478K->2369295K(14488320K), 0.6036220 secs]
2018-05-16T15:11:25.156+0000: 464324.777: [GC 9321807K->2441765K(14484288K), 0.9090480 secs]
2018-05-16T15:12:27.236+0000: 464386.857: [GC 9394277K->2452178K(14415424K), 0.9890780 secs]
2018-05-16T15:12:58.533+0000: 464418.154: [GC 9331794K->2394593K(14449856K), 0.6314440 secs]
2018-05-16T15:13:57.442+0000: 464477.063: [GC 9274209K->2470165K(14431424K), 0.8825650 secs]
2018-05-16T15:15:01.483+0000: 464541.104: [GC 9339285K->2478596K(14402112K), 0.8569530 secs]
2018-05-16T15:15:53.963+0000: 464593.584: [GC 9347716K->2477593K(14426624K), 0.8463180 secs]
2018-05-16T15:16:10.638+0000: 464610.259: [GC 9318553K->2407542K(14430528K), 0.2802580 secs]
2018-05-16T15:16:22.666+0000: 464622.287: [GC 9248502K->2402572K(14433344K), 0.3851530 secs]
2018-05-16T15:16:44.448+0000: 464644.068: [GC 9248524K->2445125K(14432704K), 0.5208240 secs]
2018-05-16T15:17:02.393+0000: 464662.014: [GC 9291077K->2443728K(14444288K), 0.4534750 secs]
2018-05-16T15:17:21.635+0000: 464681.255: [GC 9308560K->2476358K(14440640K), 0.5389470 secs]
2018-05-16T15:17:41.361+0000: 464700.982: [GC 9341190K->2500182K(14461184K), 0.5666990 secs]
2018-05-16T15:17:58.029+0000: 464717.650: [GC 9393366K->2521116K(14452096K), 0.6045710 secs]
2018-05-16T15:18:18.748+0000: 464738.369: [GC 9414300K->2550893K(14473408K), 0.6920220 secs]
2018-05-16T15:18:40.451+0000: 464760.072: [GC 9473581K->2551192K(14469376K), 0.6504340 secs]
2018-05-16T15:19:33.972+0000: 464813.592: [GC 9473880K->2628506K(14444736K), 0.9720400 secs]
2018-05-16T15:19:46.044+0000: 464825.665: [GC 4108628K->2487460K(14288704K), 0.2256440 secs]
2018-05-16T15:19:46.270+0000: 464825.891: [Full GC 2487460K->1157444K(14288704K), 4.1298370 secs]
2018-05-16T15:20:42.991+0000: 464882.612: [GC 8062404K->1339782K(14433984K), 0.5429810 secs]
2018-05-16T15:21:20.177+0000: 464919.797: [GC 8208262K->1320486K(14444288K), 0.7300470 secs]
2018-05-16T15:22:17.841+0000: 464977.462: [GC 8188966K->1370282K(14429760K), 0.9646280 secs]
2018-05-16T15:23:12.528+0000: 465032.149: [GC 8229162K->1383789K(14389696K), 0.9088170 secs]
2018-05-16T15:24:08.893+0000: 465088.513: [GC 8242669K->1392814K(14417984K), 0.9654620 secs]
2018-05-16T15:25:09.701+0000: 465149.322: [GC 8221486K->1404579K(14361600K), 0.8499220 secs]
2018-05-16T15:26:09.501+0000: 465209.122: [GC 8233251K->1415264K(14413056K), 0.9291840 secs]
2018-05-16T15:27:01.234+0000: 465260.855: [GC 8227296K->1424410K(14345088K), 0.8642790 secs]
2018-05-16T15:27:53.407+0000: 465313.027: [GC 8236442K->1432329K(14410048K), 0.8153260 secs]
2018-05-16T15:28:15.235+0000: 465334.855: [GC 8235913K->1351852K(14411840K), 0.4896620 secs]
2018-05-16T15:28:34.051+0000: 465353.671: [GC 8155436K->1355915K(14412992K), 0.4530200 secs]
2018-05-16T15:28:56.508+0000: 465376.129: [GC 8160651K->1365565K(14411840K), 0.4949680 secs]
2018-05-16T15:29:13.627+0000: 465393.248: [GC 8170301K->1370507K(14420032K), 0.4726900 secs]
2018-05-16T15:29:33.772+0000: 465413.392: [GC 8186635K->1386306K(14416192K), 0.5324210 secs]
2018-05-16T15:30:36.102+0000: 465475.722: [GC 8202434K->1475068K(14410816K), 0.8643190 secs]
2018-05-16T15:31:27.614+0000: 465527.235: [GC 8292476K->1487889K(14351104K), 0.9626740 secs]
2018-05-16T15:32:37.609+0000: 465597.230: [GC 8305297K->1494802K(14406144K), 0.9348230 secs]
2018-05-16T15:33:44.046+0000: 465663.666: [GC 8293394K->1503003K(14328384K), 0.9343590 secs]
2018-05-16T15:34:35.018+0000: 465714.639: [GC 8301595K->1498712K(14412416K), 0.8884590 secs]
2018-05-16T15:34:52.861+0000: 465732.482: [GC 8298904K->1434498K(14407872K), 0.4958080 secs]
2018-05-16T15:35:09.507+0000: 465749.127: [GC 8234690K->1433463K(14415296K), 0.3995760 secs]
2018-05-16T15:35:53.324+0000: 465792.945: [GC 8242487K->1517848K(14413824K), 0.8885400 secs]
2018-05-16T15:36:46.206+0000: 465845.827: [GC 8326872K->1541795K(14407808K), 0.8742290 secs]
2018-05-16T15:37:38.993+0000: 465898.614: [GC 8346147K->1546211K(14334528K), 0.9360080 secs]
2018-05-16T15:38:38.670+0000: 465958.291: [GC 8350563K->1555784K(14410048K), 0.9411720 secs]
2018-05-16T15:39:35.382+0000: 466015.003: [GC 8356424K->1565848K(14410368K), 0.8324530 secs]
2018-05-16T15:40:15.946+0000: 466055.566: [GC 8366488K->1553736K(14421312K), 0.7339030 secs]
2018-05-16T15:40:33.306+0000: 466072.926: [GC 8366152K->1494971K(14411200K), 0.4203810 secs]
2018-05-16T15:40:52.583+0000: 466092.204: [GC 8307387K->1513267K(14421248K), 0.5007280 secs]
2018-05-16T15:41:56.582+0000: 466156.203: [GC 8333747K->1591777K(14419328K), 0.8947580 secs]
2018-05-16T15:42:51.538+0000: 466211.159: [GC 8412257K->1607435K(14416768K), 0.9323040 secs]
2018-05-16T15:43:33.426+0000: 466253.047: [GC 8424971K->1576869K(14418816K), 0.7110510 secs]
2018-05-16T15:43:51.840+0000: 466271.461: [GC 8394405K->1546892K(14428352K), 0.5105060 secs]
2018-05-16T15:44:10.994+0000: 466290.615: [GC 8382284K->1556787K(14427136K), 0.5248210 secs]
2018-05-16T15:45:05.591+0000: 466345.212: [GC 8392179K->1632233K(14426048K), 0.8330880 secs]
2018-05-16T15:45:22.979+0000: 466362.600: [GC 8469481K->1569190K(14428672K), 0.4407460 secs]
2018-05-16T15:45:40.469+0000: 466380.090: [GC 8406438K->1578388K(14432128K), 0.4719290 secs]
2018-05-16T15:46:02.757+0000: 466402.378: [GC 8419796K->1595739K(14429376K), 0.5269310 secs]
2018-05-16T15:46:20.763+0000: 466420.384: [GC 8437147K->1593305K(14441792K), 0.4925210 secs]
2018-05-16T15:46:46.453+0000: 466446.074: [GC 8452761K->1628149K(14437760K), 0.6548550 secs]
2018-05-16T15:47:46.486+0000: 466506.107: [GC 8487605K->1699647K(14424000K), 0.9487960 secs]
2018-05-16T15:48:44.266+0000: 466563.886: [GC 8554943K->1706568K(14388864K), 0.9655600 secs]
2018-05-16T15:49:42.655+0000: 466622.276: [GC 8561864K->1720091K(14412736K), 0.9790520 secs]
2018-05-16T15:50:38.722+0000: 466678.342: [GC 8541595K->1722155K(14352704K), 0.8698990 secs]
2018-05-16T15:50:58.445+0000: 466698.066: [GC 8543659K->1643555K(14418560K), 0.4822260 secs]
2018-05-16T15:51:18.751+0000: 466718.371: [GC 8459299K->1656143K(14417280K), 0.5123510 secs]
2018-05-16T15:51:59.546+0000: 466759.167: [GC 8471887K->1700016K(14433280K), 0.7364500 secs]
2018-05-16T15:52:54.376+0000: 466813.997: [GC 8535600K->1751255K(14422400K), 0.9468850 secs]
2018-05-16T15:53:53.761+0000: 466873.382: [GC 8586839K->1757480K(14417984K), 0.8521210 secs]
2018-05-16T15:54:13.280+0000: 466892.900: [GC 8581672K->1684124K(14422144K), 0.5151770 secs]
2018-05-16T15:54:34.487+0000: 466914.108: [GC 8508316K->1700828K(14429632K), 0.5310160 secs]
2018-05-16T15:54:55.288+0000: 466934.909: [GC 8534748K->1702128K(14424384K), 0.4867370 secs]
2018-05-16T15:55:14.358+0000: 466953.978: [GC 8536048K->1706299K(14438080K), 0.4910570 secs]
2018-05-16T15:55:35.444+0000: 466975.064: [GC 8558139K->1705626K(14433856K), 0.4793190 secs]
2018-05-16T15:56:00.074+0000: 466999.694: [GC 8557466K->1706088K(14445632K), 0.4738790 secs]
2018-05-16T15:56:26.711+0000: 467026.332: [GC 8573608K->1704332K(14441984K), 0.4487410 secs]
2018-05-16T15:56:51.554+0000: 467051.175: [GC 8571852K->1712281K(14453184K), 0.4685170 secs]
2018-05-16T15:57:18.616+0000: 467078.237: [GC 8594073K->1713658K(14448704K), 0.4310400 secs]
2018-05-16T15:57:41.783+0000: 467101.404: [GC 8595450K->1724748K(14462656K), 0.4577780 secs]
2018-05-16T15:58:06.396+0000: 467126.017: [GC 8624524K->1727746K(14457216K), 0.4345910 secs]
2018-05-16T15:58:19.525+0000: 467139.146: [GC 8627522K->1724724K(14471552K), 0.3677460 secs]
2018-05-16T15:58:32.481+0000: 467152.102: [GC 8643956K->1731967K(14467776K), 0.3709980 secs]
2018-05-16T15:58:44.762+0000: 467164.383: [GC 8651199K->1743727K(14482432K), 0.3843610 secs]
2018-05-16T15:58:56.933+0000: 467176.553: [GC 8682351K->1759758K(14476288K), 0.4468180 secs]
2018-05-16T15:59:18.113+0000: 467197.733: [GC 8698382K->1770189K(14498112K), 0.5064710 secs]
2018-05-16T15:59:41.375+0000: 467220.996: [GC 8738317K->1769431K(14490112K), 0.4820550 secs]
2018-05-16T16:00:02.700+0000: 467242.321: [GC 8737559K->1778331K(14510336K), 0.4166530 secs]
2018-05-16T16:00:23.554+0000: 467263.175: [GC 8772699K->1779465K(14504128K), 0.4490710 secs]
2018-05-16T16:00:47.274+0000: 467286.895: [GC 8773833K->1789787K(14520768K), 0.4558100 secs]
2018-05-16T16:01:08.703+0000: 467308.324: [GC 8805659K->1810360K(14515200K), 0.5115320 secs]
2018-05-16T16:01:30.089+0000: 467329.709: [GC 8826232K->1817424K(14524864K), 0.5155750 secs]
2018-05-16T16:01:51.004+0000: 467350.624: [GC 8844880K->1826790K(14522688K), 0.5331510 secs]
2018-05-16T16:02:10.289+0000: 467369.910: [GC 8854246K->1823537K(14530240K), 0.4757440 secs]
2018-05-16T16:02:32.837+0000: 467392.457: [GC 8859377K->1842597K(14525696K), 0.5730080 secs]
2018-05-16T16:02:52.729+0000: 467412.349: [GC 8878437K->1852725K(14531520K), 0.5319950 secs]
2018-05-16T16:03:13.035+0000: 467432.655: [GC 8894645K->1868367K(14530496K), 0.5611900 secs]
2018-05-16T16:03:32.510+0000: 467452.131: [GC 8910287K->1864545K(14535168K), 0.4776560 secs]
2018-05-16T16:03:53.771+0000: 467473.392: [GC 8911777K->1878752K(14532160K), 0.5553000 secs]
2018-05-16T16:04:14.419+0000: 467494.039: [GC 8925984K->1891215K(14537472K), 0.5562540 secs]
2018-05-16T16:04:34.878+0000: 467514.499: [GC 8946063K->1888891K(14537472K), 0.5191070 secs]
2018-05-16T16:04:55.087+0000: 467534.708: [GC 8943739K->1895645K(14542464K), 0.4587890 secs]
2018-05-16T16:05:17.158+0000: 467556.778: [GC 8957917K->1906953K(14539904K), 0.4817410 secs]
2018-05-16T16:05:40.711+0000: 467580.332: [GC 8969225K->1909645K(14547200K), 0.4917520 secs]
2018-05-16T16:06:02.418+0000: 467602.039: [GC 8981901K->1922983K(14545152K), 0.5229910 secs]
2018-05-16T16:06:22.611+0000: 467622.232: [GC 8995239K->1932568K(14548416K), 0.5303160 secs]
2018-05-16T16:06:43.588+0000: 467643.208: [GC 9008856K->1927775K(14547968K), 0.4814460 secs]
2018-05-16T16:07:06.531+0000: 467666.152: [GC 9004063K->1939265K(14550464K), 0.4930130 secs]
2018-05-16T16:07:28.941+0000: 467688.562: [GC 9018561K->1949316K(14548928K), 0.4920020 secs]
2018-05-16T16:07:51.703+0000: 467711.323: [GC 9028612K->1961292K(14552640K), 0.5282980 secs]
2018-05-16T16:08:16.564+0000: 467736.184: [GC 9046028K->1973161K(14542016K), 0.5003540 secs]
2018-05-16T16:08:38.768+0000: 467758.388: [GC 9057897K->1985760K(14549056K), 0.5591910 secs]
2018-05-16T16:09:00.272+0000: 467779.892: [GC 9066592K->1995510K(14541632K), 0.5624380 secs]
2018-05-16T16:09:23.731+0000: 467803.352: [GC 9076342K->1992144K(14549632K), 0.5134540 secs]
2018-05-16T16:09:45.190+0000: 467824.811: [GC 9070672K->2006399K(14548992K), 0.5177160 secs]
2018-05-16T16:10:04.316+0000: 467843.936: [GC 9084927K->2023120K(14549184K), 0.4730290 secs]
2018-05-16T16:10:26.426+0000: 467866.047: [GC 9102928K->2044239K(14544384K), 0.5274540 secs]
2018-05-16T16:10:49.257+0000: 467888.877: [GC 9124047K->2055130K(14548032K), 0.5546790 secs]
2018-05-16T16:11:12.114+0000: 467911.735: [GC 9130522K->2063109K(14547456K), 0.5328620 secs]
2018-05-16T16:11:35.055+0000: 467934.675: [GC 9138501K->2079848K(14550016K), 0.5393590 secs]
2018-05-16T16:11:54.271+0000: 467953.891: [GC 9159144K->2094771K(14549376K), 0.5521390 secs]
2018-05-16T16:12:16.586+0000: 467976.207: [GC 9174067K->2105664K(14552704K), 0.5250220 secs]
2018-05-16T16:12:40.293+0000: 467999.914: [GC 9189888K->2129699K(14545536K), 0.5699440 secs]
2018-05-16T16:13:03.021+0000: 468022.642: [GC 9213923K->2139260K(14552640K), 0.5299410 secs]
2018-05-16T16:13:26.914+0000: 468046.534: [GC 9223292K->2149643K(14551488K), 0.4972760 secs]
2018-05-16T16:13:49.315+0000: 468068.935: [GC 9233675K->2173244K(14552064K), 0.5454480 secs]
2018-05-16T16:14:12.846+0000: 468092.467: [GC 9258300K->2175957K(14532224K), 0.4959040 secs]
2018-05-16T16:14:37.526+0000: 468117.147: [GC 9261013K->2186418K(14551808K), 0.4552570 secs]
2018-05-16T16:14:59.534+0000: 468139.155: [GC 9270578K->2228510K(14552128K), 0.5763790 secs]
2018-05-16T16:15:17.905+0000: 468157.525: [GC 9312670K->2218754K(14529984K), 0.4108800 secs]
2018-05-16T16:15:39.692+0000: 468179.313: [GC 9280770K->2250287K(14525120K), 0.5308740 secs]
2018-05-16T16:16:01.696+0000: 468201.316: [GC 9312303K->2254142K(14542144K), 0.5267310 secs]
2018-05-16T16:16:24.479+0000: 468224.100: [GC 9316798K->2266800K(14540608K), 0.5442580 secs]
2018-05-16T16:16:47.823+0000: 468247.443: [GC 9329456K->2271328K(14544320K), 0.4877750 secs]
2018-05-16T16:17:10.556+0000: 468270.177: [GC 9339872K->2291117K(14544320K), 0.5032390 secs]
2018-05-16T16:17:29.449+0000: 468289.070: [GC 9359661K->2304904K(14547648K), 0.5222560 secs]
2018-05-16T16:17:50.848+0000: 468310.469: [GC 9378504K->2330796K(14538112K), 0.5801950 secs]
2018-05-16T16:18:18.380+0000: 468338.001: [GC 9404396K->2350978K(14538880K), 0.6153140 secs]
2018-05-16T16:18:39.514+0000: 468359.134: [GC 9415426K->2345356K(14542272K), 0.4914850 secs]
2018-05-16T16:19:01.965+0000: 468381.585: [GC 9409804K->2368839K(14541440K), 0.5956830 secs]
2018-05-16T16:19:25.099+0000: 468404.720: [GC 9433671K->2361908K(14542464K), 0.4864310 secs]
2018-05-16T16:19:46.772+0000: 468426.393: [GC 9426740K->2382969K(14543360K), 0.5674270 secs]
2018-05-16T16:19:50.410+0000: 468430.030: [GC 3698372K->2298557K(14425664K), 0.1053820 secs]
2018-05-16T16:19:50.515+0000: 468430.136: [Full GC 2298557K->1129700K(14425664K), 3.7767420 secs]
2018-05-16T16:20:12.948+0000: 468452.569: [GC 8195044K->1253815K(14525056K), 0.4641450 secs]
2018-05-16T16:20:33.285+0000: 468472.906: [GC 8287799K->1266872K(14527040K), 0.5422150 secs]
2018-05-16T16:20:54.020+0000: 468493.641: [GC 8300856K->1272064K(14530112K), 0.5577690 secs]
2018-05-16T16:21:14.506+0000: 468514.127: [GC 8310080K->1273387K(14528000K), 0.5052340 secs]
2018-05-16T16:21:36.145+0000: 468535.765: [GC 8311403K->1292567K(14534528K), 0.5246410 secs]
2018-05-16T16:21:56.956+0000: 468556.576: [GC 8340695K->1306978K(14533696K), 0.5470480 secs]
2018-05-16T16:22:18.407+0000: 468578.028: [GC 8355106K->1315318K(14533568K), 0.5652010 secs]
2018-05-16T16:22:36.603+0000: 468596.224: [GC 8362742K->1318523K(14533760K), 0.5129040 secs]
2018-05-16T16:22:57.443+0000: 468617.064: [GC 8365947K->1331534K(14538048K), 0.5273060 secs]
2018-05-16T16:23:19.044+0000: 468638.665: [GC 8386574K->1340657K(14537088K), 0.5411200 secs]
2018-05-16T16:23:40.043+0000: 468659.664: [GC 8395697K->1342505K(14541440K), 0.5423780 secs]
2018-05-16T16:24:01.909+0000: 468681.530: [GC 8402729K->1337062K(14538880K), 0.4931010 secs]
2018-05-16T16:24:23.056+0000: 468702.676: [GC 8397286K->1344367K(14542400K), 0.4619690 secs]
2018-05-16T16:24:44.905+0000: 468724.526: [GC 8408431K->1367389K(14541760K), 0.5553680 secs]
2018-05-16T16:25:03.999+0000: 468743.620: [GC 8431453K->1385198K(14536512K), 0.5954370 secs]
2018-05-16T16:25:22.897+0000: 468762.518: [GC 8444142K->1371874K(14539520K), 0.5153990 secs]
2018-05-16T16:25:50.012+0000: 468789.633: [GC 8430818K->1392941K(14538304K), 0.5646180 secs]
2018-05-16T16:26:09.044+0000: 468808.664: [GC 8452269K->1387254K(14539712K), 0.4968640 secs]
2018-05-16T16:26:30.547+0000: 468830.168: [GC 8446582K->1403566K(14542336K), 0.5637620 secs]
2018-05-16T16:26:52.243+0000: 468851.864: [GC 8466990K->1407698K(14541184K), 0.5335080 secs]
2018-05-16T16:27:13.491+0000: 468873.111: [GC 8471122K->1417056K(14544832K), 0.5762700 secs]
2018-05-16T16:27:34.726+0000: 468894.347: [GC 8486176K->1412503K(14544384K), 0.5373370 secs]
2018-05-16T16:27:54.713+0000: 468914.334: [GC 8481623K->1414095K(14546304K), 0.4974560 secs]
2018-05-16T16:28:16.730+0000: 468936.351: [GC 8486159K->1429112K(14545856K), 0.5218770 secs]
2018-05-16T16:28:39.139+0000: 468958.759: [GC 8501176K->1436863K(14549696K), 0.5119280 secs]
2018-05-16T16:29:02.397+0000: 468982.018: [GC 8514303K->1432834K(14547840K), 0.4839830 secs]
2018-05-16T16:29:24.160+0000: 469003.781: [GC 8510274K->1452096K(14549888K), 0.5367800 secs]
2018-05-16T16:29:44.640+0000: 469024.261: [GC 8531584K->1462397K(14541312K), 0.6062130 secs]
2018-05-16T16:30:20.662+0000: 469060.283: [GC 8541885K->1457782K(14549568K), 0.4995200 secs]
2018-05-16T16:35:45.041+0000: 469384.661: [GC 8535350K->1520937K(14548096K), 0.7440310 secs]
2018-05-16T16:37:21.702+0000: 469481.323: [GC 8598505K->1619394K(14434560K), 1.0471030 secs]
2018-05-16T16:38:29.464+0000: 469549.085: [GC 8581954K->1694952K(14491328K), 0.9309250 secs]
2018-05-16T16:39:41.517+0000: 469621.137: [GC 8657512K->1704495K(14422720K), 0.9692740 secs]
2018-05-16T16:40:42.271+0000: 469681.892: [GC 8598447K->1714679K(14425472K), 0.9574660 secs]
2018-05-16T16:41:17.963+0000: 469717.584: [GC 8608631K->1661639K(14452352K), 0.6059880 secs]
2018-05-16T16:41:36.163+0000: 469735.784: [GC 8540935K->1637108K(14447040K), 0.4415470 secs]
2018-05-16T16:41:47.881+0000: 469747.502: [GC 8516404K->1646763K(14453376K), 0.4548360 secs]
2018-05-16T16:42:02.440+0000: 469762.061: [GC 8532203K->1660107K(14452160K), 0.4848310 secs]
2018-05-16T16:42:37.543+0000: 469797.164: [GC 8545547K->1703517K(14463488K), 0.6938430 secs]
2018-05-16T16:43:39.774+0000: 469859.395: [GC 8603933K->1763612K(14430848K), 0.8815170 secs]
2018-05-16T16:44:25.165+0000: 469904.786: [GC 8664028K->1734001K(14455872K), 0.7288350 secs]
2018-05-16T16:44:42.894+0000: 469922.515: [GC 8620657K->1690671K(14450880K), 0.4554950 secs]
2018-05-16T16:44:55.679+0000: 469935.300: [GC 8577327K->1695606K(14458496K), 0.3481300 secs]
2018-05-16T16:45:10.209+0000: 469949.829: [GC 8590774K->1712301K(14456768K), 0.4744310 secs]
2018-05-16T16:45:37.065+0000: 469976.686: [GC 8607469K->1744435K(14471360K), 0.6106600 secs]
2018-05-16T16:46:41.646+0000: 470041.266: [GC 8658483K->1816060K(14447232K), 0.9378820 secs]
2018-05-16T16:47:36.972+0000: 470096.593: [GC 8730108K->1788807K(14457024K), 0.7846240 secs]
2018-05-16T16:47:54.687+0000: 470114.308: [GC 8681479K->1740590K(14455744K), 0.4539320 secs]
2018-05-16T16:48:13.270+0000: 470132.890: [GC 8633262K->1761132K(14463744K), 0.5361320 secs]
2018-05-16T16:48:33.996+0000: 470153.616: [GC 8663468K->1770341K(14458688K), 0.5142020 secs]
2018-05-16T16:48:50.099+0000: 470169.720: [GC 8672677K->1750945K(14469504K), 0.3699710 secs]
2018-05-16T16:49:02.823+0000: 470182.443: [GC 8669281K->1767183K(14468928K), 0.4271350 secs]
2018-05-16T16:49:16.495+0000: 470196.115: [GC 8685519K->1780176K(14476992K), 0.4576770 secs]
2018-05-16T16:49:30.819+0000: 470210.440: [GC 8709584K->1780325K(14472512K), 0.4365110 secs]
2018-05-16T16:49:45.541+0000: 470225.162: [GC 8709733K->1782489K(14483136K), 0.3783810 secs]
2018-05-16T16:49:57.694+0000: 470237.315: [GC 8725657K->1798154K(14480128K), 0.3846970 secs]
2018-05-16T16:50:09.491+0000: 470249.112: [GC 8741322K->1811478K(14494208K), 0.4305670 secs]
2018-05-16T16:50:24.281+0000: 470263.902: [GC 8773782K->1812309K(14488192K), 0.4131800 secs]
2018-05-16T16:50:37.592+0000: 470277.213: [GC 8774613K->1818580K(14504064K), 0.4063730 secs]
2018-05-16T16:50:51.626+0000: 470291.247: [GC 8801748K->1830795K(14499200K), 0.4678090 secs]
2018-05-16T16:51:35.131+0000: 470334.751: [GC 8813963K->1887771K(14488768K), 0.7528420 secs]
2018-05-16T16:52:44.541+0000: 470404.162: [GC 8866203K->1938387K(14499264K), 0.9718750 secs]
2018-05-16T16:53:42.405+0000: 470462.026: [GC 8916819K->1968156K(14396096K), 0.8732770 secs]
2018-05-16T16:54:09.634+0000: 470489.255: [GC 8843420K->1933379K(14447680K), 0.5904790 secs]
2018-05-16T16:54:25.659+0000: 470505.280: [GC 8808643K->1912732K(14462016K), 0.4047890 secs]
2018-05-16T16:54:37.203+0000: 470516.824: [GC 8812124K->1914101K(14457472K), 0.3893980 secs]
2018-05-16T16:54:50.373+0000: 470529.994: [GC 8813493K->1936584K(14471040K), 0.4786010 secs]
2018-05-16T16:55:32.348+0000: 470571.968: [GC 8852616K->1987685K(14465088K), 0.7034300 secs]
2018-05-16T16:56:43.790+0000: 470643.410: [GC 8903717K->2044424K(14439360K), 0.9492830 secs]
2018-05-16T16:57:33.615+0000: 470693.236: [GC 8934536K->2059562K(14425344K), 0.9674620 secs]
2018-05-16T16:58:05.737+0000: 470725.357: [GC 8949674K->2033864K(14441600K), 0.7144640 secs]
2018-05-16T16:58:22.803+0000: 470742.423: [GC 8895944K->1986972K(14440576K), 0.4403570 secs]
2018-05-16T16:58:34.321+0000: 470753.942: [GC 8849052K->1983086K(14446144K), 0.3259290 secs]
2018-05-16T16:58:46.752+0000: 470766.373: [GC 8853806K->2007127K(14444672K), 0.4779280 secs]
2018-05-16T16:58:57.384+0000: 470777.005: [GC 8877847K->2009895K(14456448K), 0.3487260 secs]
2018-05-16T16:59:11.887+0000: 470791.507: [GC 8898087K->2018744K(14451840K), 0.3986820 secs]
2018-05-16T16:59:26.130+0000: 470805.750: [GC 8906936K->2021453K(14465664K), 0.3927000 secs]
2018-05-16T16:59:37.342+0000: 470816.962: [GC 8928333K->2030520K(14461312K), 0.3823890 secs]
2018-05-16T16:59:48.838+0000: 470828.458: [GC 8937400K->2038518K(14475840K), 0.3844580 secs]
2018-05-16T17:00:02.001+0000: 470841.622: [GC 8964854K->2045854K(14470592K), 0.3680280 secs]
2018-05-16T17:00:13.373+0000: 470852.994: [GC 8972190K->2053402K(14487296K), 0.3930700 secs]
2018-05-16T17:00:24.515+0000: 470864.136: [GC 9002266K->2062899K(14481664K), 0.4292400 secs]
2018-05-16T17:01:03.982+0000: 470903.602: [GC 9011763K->2112474K(14483584K), 0.7253500 secs]
2018-05-16T17:02:01.410+0000: 470961.031: [GC 9069786K->2169568K(14488704K), 0.9651540 secs]
2018-05-16T17:02:50.694+0000: 471010.314: [GC 9126880K->2150466K(14424448K), 0.7757370 secs]
2018-05-16T17:03:12.627+0000: 471032.248: [GC 9043522K->2077661K(14456576K), 0.3697890 secs]
2018-05-16T17:03:36.806+0000: 471056.426: [GC 8970717K->2085737K(14463616K), 0.4010280 secs]
2018-05-16T17:03:56.252+0000: 471075.872: [GC 8988713K->2082500K(14459456K), 0.3512560 secs]
2018-05-16T17:04:22.257+0000: 471101.878: [GC 8985476K->2112717K(14474752K), 0.4774970 secs]
2018-05-16T17:05:15.512+0000: 471155.133: [GC 9033997K->2206211K(14449536K), 0.8421310 secs]
2018-05-16T17:06:06.370+0000: 471205.991: [GC 9127491K->2212699K(14428288K), 0.8394500 secs]
2018-05-16T17:06:57.007+0000: 471256.628: [GC 9076827K->2218357K(14387072K), 0.8823600 secs]
2018-05-16T17:07:50.428+0000: 471310.049: [GC 9082485K->2240696K(14409792K), 0.8219570 secs]
2018-05-16T17:08:59.560+0000: 471379.181: [GC 9062712K->2249625K(14350656K), 0.9710830 secs]
2018-05-16T17:10:03.113+0000: 471442.733: [GC 9071641K->2262485K(14402304K), 0.9189470 secs]
2018-05-16T17:10:47.584+0000: 471487.205: [GC 9059157K->2275579K(14331008K), 0.9306410 secs]
2018-05-16T17:11:37.560+0000: 471537.180: [GC 9072251K->2264429K(14407104K), 0.7921010 secs]
2018-05-16T17:11:54.503+0000: 471554.124: [GC 9055085K->2211081K(14403648K), 0.5066680 secs]
2018-05-16T17:12:10.064+0000: 471569.684: [GC 9001737K->2186247K(14410432K), 0.3118670 secs]
2018-05-16T17:12:22.225+0000: 471581.846: [GC 8987783K->2200594K(14410816K), 0.4105150 secs]
2018-05-16T17:12:38.573+0000: 471598.194: [GC 9002130K->2214895K(14420032K), 0.4704820 secs]
2018-05-16T17:13:53.586+0000: 471673.207: [GC 9028719K->2312812K(14345216K), 0.9659940 secs]
2018-05-16T17:14:35.548+0000: 471715.169: [GC 9126636K->2279302K(14420544K), 0.6719180 secs]
2018-05-16T17:14:50.474+0000: 471730.094: [GC 9091206K->2251441K(14411456K), 0.5318350 secs]
2018-05-16T17:15:11.607+0000: 471751.227: [GC 9063345K->2283369K(14438464K), 0.6630820 secs]
2018-05-16T17:16:07.874+0000: 471807.495: [GC 9129385K->2348321K(14382272K), 0.9765500 secs]
2018-05-16T17:17:01.802+0000: 471861.423: [GC 9194337K->2351924K(14414336K), 0.9647840 secs]
2018-05-16T17:18:43.307+0000: 471962.928: [GC 9173428K->2350642K(14343488K), 0.9239130 secs]
2018-05-16T17:19:05.076+0000: 471984.697: [GC 9172146K->2263382K(14416960K), 0.3522490 secs]
2018-05-16T17:19:25.683+0000: 472005.304: [GC 9079766K->2277661K(14418240K), 0.3875940 secs]
2018-05-16T17:19:50.560+0000: 472030.181: [GC 9094045K->2286559K(14423168K), 0.3860260 secs]
2018-05-16T17:19:54.301+0000: 472033.922: [GC 3601578K->2229289K(14175936K), 0.0889290 secs]
2018-05-16T17:19:54.391+0000: 472034.011: [Full GC 2229289K->1119930K(14175936K), 4.0599330 secs]
2018-05-16T17:20:16.207+0000: 472055.828: [GC 7937722K->1220891K(14426496K), 0.3808810 secs]
2018-05-16T17:21:19.342+0000: 472118.963: [GC 8043163K->1326352K(14355328K), 0.9722870 secs]
2018-05-16T17:22:26.357+0000: 472185.978: [GC 8148624K->1330670K(14397312K), 0.8857680 secs]
2018-05-16T17:23:31.583+0000: 472251.204: [GC 8120686K->1339048K(14314752K), 0.9294170 secs]
2018-05-16T17:24:15.591+0000: 472295.212: [GC 8129064K->1303120K(14414336K), 0.6638480 secs]
2018-05-16T17:24:31.794+0000: 472311.415: [GC 8097552K->1266214K(14400192K), 0.4300110 secs]
2018-05-16T17:25:53.804+0000: 472393.424: [GC 8060646K->1332503K(14424832K), 0.7659690 secs]
2018-05-16T17:27:01.923+0000: 472461.543: [GC 8156503K->1378163K(14353088K), 0.9765990 secs]
2018-05-16T17:27:48.763+0000: 472508.383: [GC 8202163K->1359295K(14421376K), 0.8017470 secs]
2018-05-16T17:28:08.284+0000: 472527.904: [GC 8177599K->1302429K(14417024K), 0.4060820 secs]
2018-05-16T17:28:20.017+0000: 472539.638: [GC 8120733K->1313096K(14429504K), 0.4192540 secs]
2018-05-16T17:28:31.074+0000: 472550.695: [GC 8147208K->1326191K(14424704K), 0.4638630 secs]
2018-05-16T17:28:46.253+0000: 472565.874: [GC 8160303K->1344503K(14444352K), 0.4952310 secs]
2018-05-16T17:29:38.212+0000: 472617.833: [GC 8204727K->1434478K(14395328K), 0.9362690 secs]
2018-05-16T17:30:45.623+0000: 472685.244: [GC 8294702K->1442313K(14410368K), 0.9443400 secs]
2018-05-16T17:31:57.069+0000: 472756.690: [GC 8263305K->1444297K(14347840K), 0.9365990 secs]
2018-05-16T17:33:13.546+0000: 472833.167: [GC 8265289K->1452798K(14410432K), 0.8523130 secs]
2018-05-16T17:33:57.807+0000: 472877.427: [GC 8258814K->1434866K(14413056K), 0.7608130 secs]
2018-05-16T17:34:13.576+0000: 472893.197: [GC 8240882K->1392989K(14425472K), 0.5042430 secs]
2018-05-16T17:34:28.131+0000: 472907.752: [GC 8220957K->1395802K(14422592K), 0.4783000 secs]
2018-05-16T17:34:46.516+0000: 472926.137: [GC 8223770K->1387061K(14430784K), 0.3999400 secs]
2018-05-16T17:35:02.010+0000: 472941.630: [GC 8226869K->1417846K(14429120K), 0.4492760 secs]
2018-05-16T17:35:53.416+0000: 472993.037: [GC 8257654K->1501565K(14418880K), 0.8271470 secs]
2018-05-16T17:36:49.349+0000: 473048.970: [GC 8338173K->1518316K(14367936K), 1.0019910 secs]
2018-05-16T17:37:18.159+0000: 473077.780: [GC 8354924K->1460146K(14428096K), 0.5564310 secs]
2018-05-16T17:37:32.982+0000: 473092.603: [GC 8288562K->1459022K(14420416K), 0.5377310 secs]
2018-05-16T17:38:02.795+0000: 473122.415: [GC 8287438K->1472644K(14441280K), 0.5730900 secs]
2018-05-16T17:38:18.337+0000: 473137.958: [GC 8327748K->1462015K(14433920K), 0.4929210 secs]
2018-05-16T17:39:00.894+0000: 473180.515: [GC 8317119K->1496816K(14455168K), 0.6768180 secs]
2018-05-16T17:40:12.436+0000: 473252.057: [GC 8377328K->1528034K(14445440K), 0.6834150 secs]
2018-05-16T17:40:30.728+0000: 473270.348: [GC 8408546K->1475903K(14457344K), 0.3922360 secs]
2018-05-16T17:40:54.537+0000: 473294.157: [GC 8368831K->1494507K(14455680K), 0.5048450 secs]
2018-05-16T17:41:13.647+0000: 473313.267: [GC 8387435K->1491158K(14465472K), 0.4353150 secs]
2018-05-16T17:41:34.065+0000: 473333.685: [GC 8398742K->1497610K(14462208K), 0.4415450 secs]
2018-05-16T17:42:21.363+0000: 473380.984: [GC 8405194K->1579361K(14450752K), 0.8505850 secs]
2018-05-16T17:42:55.382+0000: 473415.002: [GC 8479201K->1557534K(14459968K), 0.6689540 secs]
2018-05-16T17:43:13.399+0000: 473433.020: [GC 8457374K->1532521K(14468864K), 0.5116300 secs]
2018-05-16T17:43:43.302+0000: 473462.923: [GC 8445673K->1527168K(14464384K), 0.4399150 secs]
2018-05-16T17:44:00.370+0000: 473479.991: [GC 8440320K->1532685K(14474816K), 0.4454440 secs]
2018-05-16T17:44:57.186+0000: 473536.806: [GC 8458893K->1596086K(14471488K), 0.6834040 secs]
2018-05-16T17:45:17.668+0000: 473557.289: [GC 8522294K->1536828K(14473536K), 0.3427220 secs]
2018-05-16T17:45:33.319+0000: 473572.939: [GC 8462012K->1569106K(14471744K), 0.4818080 secs]
2018-05-16T17:46:28.169+0000: 473627.789: [GC 8494290K->1638616K(14457280K), 0.8361510 secs]
2018-05-16T17:46:59.047+0000: 473658.667: [GC 8556120K->1611376K(14468800K), 0.5998580 secs]
2018-05-16T17:47:14.982+0000: 473674.603: [GC 8528880K->1589009K(14477888K), 0.4965680 secs]
2018-05-16T17:47:44.006+0000: 473703.626: [GC 8520529K->1607573K(14473728K), 0.5369980 secs]
2018-05-16T17:47:59.628+0000: 473719.248: [GC 8539093K->1608337K(14489856K), 0.5079100 secs]
2018-05-16T17:48:39.402+0000: 473759.023: [GC 8562833K->1645587K(14484736K), 0.6832340 secs]
2018-05-16T17:49:35.034+0000: 473814.654: [GC 8600083K->1707971K(14442816K), 0.8764930 secs]
2018-05-16T17:50:32.114+0000: 473871.735: [GC 8619843K->1717934K(14444288K), 0.8551530 secs]
2018-05-16T17:51:40.575+0000: 473940.195: [GC 8629806K->1719427K(14433088K), 0.7770020 secs]
2018-05-16T17:51:57.165+0000: 473956.785: [GC 8583939K->1642286K(14442304K), 0.4729300 secs]
2018-05-16T17:52:14.925+0000: 473974.546: [GC 8506798K->1657982K(14449600K), 0.5388540 secs]
2018-05-16T17:52:41.430+0000: 474001.050: [GC 8532158K->1672658K(14444672K), 0.5360270 secs]
2018-05-16T17:52:57.845+0000: 474017.466: [GC 8546834K->1671204K(14460672K), 0.5064430 secs]
2018-05-16T17:53:28.630+0000: 474048.250: [GC 8567844K->1687859K(14456064K), 0.5317320 secs]
2018-05-16T17:53:46.773+0000: 474066.393: [GC 8584499K->1689045K(14473088K), 0.5490420 secs]
2018-05-16T17:54:25.200+0000: 474104.821: [GC 8609813K->1719757K(14467776K), 0.6620720 secs]
2018-05-16T17:55:51.096+0000: 474190.716: [GC 8640525K->1765033K(14459200K), 0.8405950 secs]
2018-05-16T17:56:34.335+0000: 474233.956: [GC 8681257K->1758695K(14413312K), 0.7518180 secs]
2018-05-16T17:56:50.775+0000: 474250.396: [GC 8674919K->1718658K(14470336K), 0.4713300 secs]
2018-05-16T17:57:06.755+0000: 474266.375: [GC 8636034K->1726379K(14467136K), 0.5475460 secs]
2018-05-16T17:57:30.317+0000: 474289.938: [GC 8643755K->1724192K(14477632K), 0.4666260 secs]
2018-05-16T17:58:25.982+0000: 474345.603: [GC 8656096K->1803500K(14447616K), 0.7895930 secs]
2018-05-16T17:59:32.315+0000: 474411.936: [GC 8735404K->1824266K(14441728K), 0.9036290 secs]
2018-05-16T18:00:44.145+0000: 474483.765: [GC 8713354K->1824298K(14412928K), 0.8637640 secs]
2018-05-16T18:01:44.387+0000: 474544.008: [GC 8713386K->1837090K(14430656K), 0.9556990 secs]
2018-05-16T18:02:35.324+0000: 474594.945: [GC 8694178K->1847061K(14387648K), 0.9342470 secs]
2018-05-16T18:03:08.961+0000: 474628.582: [GC 8704149K->1793822K(14438016K), 0.6058860 secs]
2018-05-16T18:03:27.690+0000: 474647.311: [GC 8643870K->1774750K(14432128K), 0.4967980 secs]
2018-05-16T18:03:51.671+0000: 474671.292: [GC 8624798K->1770052K(14440448K), 0.4339620 secs]
2018-05-16T18:04:09.691+0000: 474689.311: [GC 8629828K->1793630K(14439424K), 0.5365180 secs]
2018-05-16T18:04:27.045+0000: 474706.666: [GC 8653406K->1787963K(14448960K), 0.4972380 secs]
2018-05-16T18:04:49.891+0000: 474729.512: [GC 8662395K->1797613K(14445568K), 0.4911970 secs]
2018-05-16T18:05:05.052+0000: 474744.673: [GC 8672045K->1805095K(14459520K), 0.4689420 secs]
2018-05-16T18:05:55.015+0000: 474794.636: [GC 8698599K->1848896K(14454080K), 0.6779940 secs]
2018-05-16T18:07:08.422+0000: 474868.042: [GC 8742400K->1838662K(14470784K), 0.6243000 secs]
2018-05-16T18:07:24.275+0000: 474883.896: [GC 8751366K->1823987K(14462016K), 0.5096810 secs]
2018-05-16T18:07:57.935+0000: 474917.556: [GC 8736691K->1839576K(14480896K), 0.5377880 secs]
2018-05-16T18:08:15.718+0000: 474935.339: [GC 8775192K->1826281K(14474816K), 0.4470520 secs]
2018-05-16T18:08:34.148+0000: 474953.769: [GC 8761897K->1832697K(14485760K), 0.4554070 secs]
2018-05-16T18:09:30.406+0000: 475010.026: [GC 8781241K->1937288K(14482880K), 1.0191180 secs]
2018-05-16T18:10:19.971+0000: 475059.592: [GC 8885832K->1915553K(14434112K), 0.6720880 secs]
2018-05-16T18:10:36.168+0000: 475075.789: [GC 8812449K->1864619K(14458496K), 0.4589640 secs]
2018-05-16T18:11:06.560+0000: 475106.181: [GC 8761515K->1881414K(14469184K), 0.5452960 secs]
2018-05-16T18:11:22.721+0000: 475122.342: [GC 8793094K->1879229K(14462592K), 0.4758110 secs]
2018-05-16T18:11:41.713+0000: 475141.333: [GC 8790909K->1876944K(14477376K), 0.4756810 secs]
2018-05-16T18:12:10.578+0000: 475170.198: [GC 8808080K->1902312K(14473856K), 0.5638540 secs]
2018-05-16T18:12:30.091+0000: 475189.712: [GC 8833448K->1885354K(14487424K), 0.4810600 secs]
2018-05-16T18:13:20.056+0000: 475239.677: [GC 8837418K->1927559K(14484736K), 0.6625410 secs]
2018-05-16T18:14:38.813+0000: 475318.434: [GC 8879623K->1987432K(14457088K), 0.9095830 secs]
2018-05-16T18:15:14.380+0000: 475354.001: [GC 8914664K->1958437K(14473664K), 0.6368110 secs]
2018-05-16T18:15:29.693+0000: 475369.314: [GC 8885669K->1931647K(14478656K), 0.5055620 secs]
2018-05-16T18:15:58.605+0000: 475398.226: [GC 8864959K->1946919K(14474752K), 0.5713850 secs]
2018-05-16T18:16:15.451+0000: 475415.072: [GC 8880231K->1937952K(14487296K), 0.4906970 secs]
2018-05-16T18:16:41.681+0000: 475441.301: [GC 8889568K->1952416K(14484416K), 0.5553800 secs]
2018-05-16T18:17:09.534+0000: 475469.155: [GC 8904032K->1961327K(14497088K), 0.5482940 secs]
2018-05-16T18:17:29.608+0000: 475489.229: [GC 8930351K->1958306K(14492032K), 0.4915900 secs]
2018-05-16T18:17:49.946+0000: 475509.567: [GC 8927330K->1959212K(14501824K), 0.4443570 secs]
2018-05-16T18:18:08.436+0000: 475528.057: [GC 8940972K->1970257K(14500032K), 0.4754710 secs]
2018-05-16T18:18:35.792+0000: 475555.412: [GC 8952017K->1990136K(14509760K), 0.5644330 secs]
2018-05-16T18:19:36.396+0000: 475616.017: [GC 8984312K->2078958K(14504512K), 0.9914430 secs]
2018-05-16T18:19:58.457+0000: 475638.078: [GC 4844941K->1995306K(14459456K), 0.3327740 secs]
2018-05-16T18:19:58.790+0000: 475638.411: [Full GC 1995306K->1151116K(14459456K), 3.7887660 secs]
2018-05-16T18:20:18.407+0000: 475658.028: [GC 8094988K->1248479K(14481984K), 0.4167810 secs]
2018-05-16T18:20:47.166+0000: 475686.786: [GC 8192351K->1267997K(14491136K), 0.4920980 secs]
2018-05-16T18:21:05.307+0000: 475704.928: [GC 8224797K->1261597K(14485760K), 0.4020720 secs]
2018-05-16T18:21:23.602+0000: 475723.223: [GC 8218397K->1298398K(14499584K), 0.5420180 secs]
2018-05-16T18:22:25.439+0000: 475785.060: [GC 8271774K->1372458K(14493888K), 0.8148270 secs]
2018-05-16T18:22:51.006+0000: 475810.626: [GC 8345834K->1316498K(14473408K), 0.5107350 secs]
2018-05-16T18:23:10.771+0000: 475830.391: [GC 8263698K->1312219K(14483648K), 0.4510400 secs]
2018-05-16T18:23:47.255+0000: 475866.876: [GC 8259419K->1368592K(14478336K), 0.7359580 secs]
2018-05-16T18:24:42.801+0000: 475922.422: [GC 8314128K->1419198K(14480064K), 0.9666860 secs]
2018-05-16T18:25:38.614+0000: 475978.235: [GC 8364734K->1425153K(14418368K), 0.9687060 secs]
2018-05-16T18:26:50.627+0000: 476050.248: [GC 8303489K->1428480K(14406208K), 0.9027150 secs]
2018-05-16T18:27:51.870+0000: 476111.491: [GC 8306816K->1441419K(14423360K), 0.9748500 secs]
2018-05-16T18:28:54.411+0000: 476174.032: [GC 8284171K->1449417K(14372864K), 0.9438060 secs]
2018-05-16T18:29:19.072+0000: 476198.692: [GC 8292169K->1387720K(14430400K), 0.5423740 secs]
2018-05-16T18:29:36.495+0000: 476216.116: [GC 8223368K->1366250K(14425344K), 0.3929350 secs]
2018-05-16T18:29:48.205+0000: 476227.826: [GC 8201898K->1368500K(14432448K), 0.4152570 secs]
2018-05-16T18:30:03.174+0000: 476242.795: [GC 8211892K->1395970K(14431040K), 0.4676260 secs]
2018-05-16T18:30:51.149+0000: 476290.769: [GC 8239362K->1444839K(14443392K), 0.7460820 secs]
2018-05-16T18:31:22.862+0000: 476322.483: [GC 8307111K->1426711K(14438976K), 0.5891580 secs]
2018-05-16T18:31:40.244+0000: 476339.865: [GC 8288983K->1413383K(14455872K), 0.5008760 secs]
2018-05-16T18:32:35.416+0000: 476395.037: [GC 8300935K->1472757K(14451776K), 0.7775800 secs]
2018-05-16T18:33:44.404+0000: 476464.025: [GC 8360309K->1511653K(14434368K), 0.9422210 secs]
2018-05-16T18:34:41.148+0000: 476520.768: [GC 8381413K->1525520K(14402176K), 0.9490420 secs]
2018-05-16T18:35:36.359+0000: 476575.980: [GC 8395280K->1533008K(14417792K), 0.9956870 secs]
2018-05-16T18:37:03.345+0000: 476662.966: [GC 8365392K->1530770K(14355840K), 0.8920080 secs]
2018-05-16T18:37:31.352+0000: 476690.973: [GC 8363154K->1455510K(14424320K), 0.4269270 secs]
2018-05-16T18:37:51.621+0000: 476711.242: [GC 8283798K->1447448K(14246912K), 0.3321440 secs]
2018-05-16T18:38:17.704+0000: 476737.325: [GC 8275736K->1462219K(14426240K), 0.3711610 secs]
2018-05-16T18:38:36.710+0000: 476756.331: [GC 8291979K->1457995K(14423616K), 0.3178120 secs]
2018-05-16T18:39:41.085+0000: 476820.706: [GC 8287755K->1586621K(14402880K), 0.8535000 secs]
2018-05-16T18:40:41.342+0000: 476880.963: [GC 8396989K->1593988K(14341376K), 0.9388670 secs]
2018-05-16T18:41:34.132+0000: 476933.752: [GC 8404356K->1598487K(14400320K), 0.8045790 secs]
2018-05-16T18:41:49.981+0000: 476949.602: [GC 8386199K->1537959K(14403904K), 0.5249100 secs]
2018-05-16T18:42:05.910+0000: 476965.531: [GC 8325671K->1541380K(14417344K), 0.4686050 secs]
2018-05-16T18:42:57.087+0000: 477016.708: [GC 8349444K->1647054K(14348224K), 0.8140010 secs]
2018-05-16T18:43:17.552+0000: 477037.173: [GC 8455118K->1551809K(14409600K), 0.3760280 secs]
2018-05-16T18:43:36.907+0000: 477056.528: [GC 8348097K->1575579K(14406784K), 0.3999860 secs]
2018-05-16T18:43:59.520+0000: 477079.141: [GC 8371867K->1597185K(14423680K), 0.4761480 secs]
2018-05-16T18:44:18.722+0000: 477098.343: [GC 8416257K->1598631K(14415488K), 0.4099100 secs]
2018-05-16T18:44:42.739+0000: 477122.360: [GC 8417703K->1623642K(14439168K), 0.5226340 secs]
2018-05-16T18:45:00.358+0000: 477139.978: [GC 8472858K->1619434K(14430144K), 0.3785470 secs]
2018-05-16T18:45:25.373+0000: 477164.994: [GC 8468650K->1650061K(14455552K), 0.5449620 secs]
2018-05-16T18:46:20.905+0000: 477220.526: [GC 8530957K->1744388K(14423232K), 0.9685060 secs]
2018-05-16T18:47:08.473+0000: 477268.094: [GC 8625284K->1756816K(14407040K), 0.9790480 secs]
2018-05-16T18:47:28.948+0000: 477288.568: [GC 8579728K->1681087K(14421504K), 0.5102330 secs]
2018-05-16T18:47:44.551+0000: 477304.171: [GC 8503999K->1699091K(14436864K), 0.5146390 secs]
2018-05-16T18:48:14.480+0000: 477334.101: [GC 8544659K->1734645K(14428800K), 0.5960740 secs]
2018-05-16T18:48:29.863+0000: 477349.483: [GC 8580213K->1734374K(14453696K), 0.5513040 secs]
2018-05-16T18:49:10.854+0000: 477390.474: [GC 8614438K->1793036K(14446464K), 0.7712590 secs]
2018-05-16T18:49:38.858+0000: 477418.479: [GC 8673100K->1775693K(14458880K), 0.6361140 secs]
2018-05-16T18:49:56.307+0000: 477435.928: [GC 8664461K->1762799K(14449984K), 0.4375970 secs]
2018-05-16T18:50:29.377+0000: 477468.997: [GC 8651567K->1815413K(14465472K), 0.6211530 secs]
2018-05-16T18:51:26.262+0000: 477525.883: [GC 8723445K->1839949K(14462656K), 0.7399100 secs]
2018-05-16T18:51:42.003+0000: 477541.624: [GC 8747981K->1805393K(14467776K), 0.5350030 secs]
2018-05-16T18:52:08.930+0000: 477568.550: [GC 8716753K->1834189K(14463680K), 0.6431230 secs]
2018-05-16T18:52:25.011+0000: 477584.631: [GC 8745549K->1814853K(14478208K), 0.4914170 secs]
2018-05-16T18:52:41.989+0000: 477601.609: [GC 8748549K->1836054K(14475584K), 0.5774590 secs]
2018-05-16T18:53:33.417+0000: 477653.038: [GC 8769750K->1888791K(14470336K), 0.8175890 secs]
2018-05-16T18:53:52.619+0000: 477672.240: [GC 8822679K->1821975K(14363520K), 0.3963720 secs]
2018-05-16T18:54:09.820+0000: 477689.440: [GC 8755863K->1841478K(14479680K), 0.4451550 secs]
2018-05-16T18:55:02.770+0000: 477742.391: [GC 8777862K->1950223K(14476800K), 0.9215970 secs]
2018-05-16T18:55:34.338+0000: 477773.958: [GC 8886607K->1898015K(14451712K), 0.6189680 secs]
2018-05-16T18:55:50.116+0000: 477789.736: [GC 8806431K->1884443K(14464256K), 0.5335830 secs]
2018-05-16T18:56:18.931+0000: 477818.552: [GC 8792859K->1892377K(14474112K), 0.5490590 secs]
2018-05-16T18:56:35.780+0000: 477835.400: [GC 8815193K->1875857K(14468800K), 0.4322710 secs]
2018-05-16T18:57:07.031+0000: 477866.652: [GC 8798673K->1897252K(14480064K), 0.5111110 secs]
2018-05-16T18:57:26.449+0000: 477886.069: [GC 8832356K->1883699K(14475136K), 0.4024670 secs]
2018-05-16T18:58:03.486+0000: 477923.107: [GC 8818803K->1947806K(14477312K), 0.7208380 secs]
2018-05-16T18:58:31.835+0000: 477951.455: [GC 8886430K->1952691K(14479360K), 0.7115420 secs]
2018-05-16T18:58:50.130+0000: 477969.751: [GC 8891315K->1914659K(14482304K), 0.4577150 secs]
2018-05-16T19:00:56.396+0000: 478096.017: [GC 8856355K->1947027K(14479488K), 0.6303540 secs]
2018-05-16T19:09:14.945+0000: 478594.566: [GC 8888723K->1960986K(14493056K), 0.5865330 secs]
2018-05-16T19:18:37.003+0000: 479156.623: [GC 8922842K->1993221K(14488896K), 0.6035290 secs]
2018-05-16T19:20:02.586+0000: 479242.207: [GC 3313130K->1920593K(14473216K), 0.1367210 secs]
2018-05-16T19:20:02.723+0000: 479242.344: [Full GC 1920593K->1037719K(14473216K), 3.7116460 secs]
2018-05-16T19:31:32.185+0000: 479931.806: [GC 7985943K->1158296K(14484160K), 0.5683410 secs]
2018-05-16T19:43:51.797+0000: 480671.418: [GC 8106520K->1176864K(14496896K), 0.5848900 secs]
2018-05-16T19:53:42.926+0000: 481262.547: [GC 8143904K->1197530K(14490240K), 0.5708750 secs]
2018-05-16T20:04:12.502+0000: 481892.122: [GC 8164570K->1212609K(14508544K), 0.5623970 secs]
2018-05-16T20:12:40.728+0000: 482400.349: [GC 8204161K->1227353K(14503104K), 0.5380760 secs]
2018-05-16T20:20:06.442+0000: 482846.063: [GC 5553443K->1203598K(14507520K), 0.2819150 secs]
2018-05-16T20:20:06.724+0000: 482846.345: [Full GC 1203598K->832113K(14507520K), 2.6440040 secs]
2018-05-16T20:29:37.315+0000: 483416.935: [GC 7832561K->937649K(14510272K), 0.5030730 secs]
2018-05-16T20:39:41.098+0000: 484020.719: [GC 7938097K->951216K(14519616K), 0.5203750 secs]
2018-05-16T20:51:41.890+0000: 484741.511: [GC 7966128K->967046K(14515392K), 0.5225360 secs]
2018-05-16T21:02:46.396+0000: 485406.017: [GC 7981958K->984562K(14528384K), 0.5170240 secs]
2018-05-16T21:14:39.895+0000: 486119.515: [GC 8016818K->1000759K(14523968K), 0.5284770 secs]
2018-05-16T21:20:09.376+0000: 486448.997: [GC 4571621K->967482K(14521856K), 0.2436900 secs]
2018-05-16T21:20:09.620+0000: 486449.240: [Full GC 967482K->649729K(14521856K), 2.4798880 secs]
2018-05-16T21:31:28.985+0000: 487128.606: [GC 7683585K->756406K(14526976K), 0.4993120 secs]
2018-05-16T21:45:52.700+0000: 487992.321: [GC 7790262K->765802K(14534208K), 0.5151370 secs]
2018-05-16T22:01:55.581+0000: 488955.202: [GC 7810474K->781628K(14530560K), 0.4964080 secs]
2018-05-16T22:20:12.110+0000: 490051.731: [GC 7267535K->793577K(14540480K), 0.4218030 secs]
2018-05-16T22:20:12.532+0000: 490052.153: [Full GC 793577K->481651K(14540480K), 1.9813400 secs]
2018-05-16T22:46:23.199+0000: 491622.820: [GC 7539955K->592083K(14537920K), 0.5107720 secs]
2018-05-16T23:09:50.705+0000: 493030.326: [GC 7650387K->610679K(14544576K), 0.5066020 secs]
2018-05-16T23:20:14.520+0000: 493654.141: [GC 3912524K->580141K(14452352K), 0.2234100 secs]
2018-05-16T23:20:14.744+0000: 493654.365: [Full GC 580141K->433917K(14452352K), 2.2186450 secs]
2018-05-16T23:54:26.584+0000: 495706.205: [GC 7499325K->532126K(14542400K), 0.5000910 secs]
2018-05-17T00:20:16.970+0000: 497256.591: [GC 3739395K->502409K(14448256K), 0.2257410 secs]
2018-05-17T00:20:17.196+0000: 497256.816: [Full GC 502409K->402286K(14448256K), 1.5687130 secs]
2018-05-17T01:20:18.774+0000: 500858.395: [GC 7014756K->496495K(14542208K), 0.5157580 secs]
2018-05-17T01:20:19.290+0000: 500858.911: [Full GC 496495K->406838K(14542208K), 1.8595700 secs]
2018-05-17T02:18:03.849+0000: 504323.469: [GC 7466998K->505853K(14538048K), 0.5103260 secs]
2018-05-17T02:20:21.157+0000: 504460.778: [GC 694633K->442358K(14522368K), 0.0666760 secs]
2018-05-17T02:20:21.224+0000: 504460.845: [Full GC 442358K->307295K(14522368K), 1.4824260 secs]
2018-05-17T03:15:16.091+0000: 507755.711: [GC 7353823K->404242K(14533312K), 0.4518750 secs]
2018-05-17T03:20:22.714+0000: 508062.335: [GC 1165311K->348176K(14522368K), 0.0841760 secs]
2018-05-17T03:20:22.798+0000: 508062.419: [Full GC 348176K->297707K(14522368K), 1.6214700 secs]
2018-05-17T03:59:31.822+0000: 510411.443: [GC 7334763K->395638K(14475072K), 0.4821500 secs]
2018-05-17T04:20:24.428+0000: 511664.049: [GC 6007626K->398050K(14534720K), 0.3360460 secs]
2018-05-17T04:20:24.764+0000: 511664.385: [Full GC 398050K->348991K(14534720K), 1.6556330 secs]
2018-05-17T04:38:17.844+0000: 512737.465: [GC 7392127K->440319K(14528512K), 0.4314270 secs]
2018-05-17T04:52:50.581+0000: 513610.202: [GC 7483455K->463381K(14538112K), 0.4613290 secs]
2018-05-17T05:05:56.945+0000: 514396.565: [GC 7518293K->485861K(14536896K), 0.4712520 secs]
2018-05-17T05:17:15.169+0000: 515074.790: [GC 7540773K->507525K(14535232K), 0.4966920 secs]
2018-05-17T05:20:26.428+0000: 515266.049: [GC 2481748K->452349K(14421440K), 0.1399540 secs]
2018-05-17T05:20:26.568+0000: 515266.189: [Full GC 452349K->352540K(14421440K), 1.6928190 secs]
2018-05-17T05:31:28.227+0000: 515927.848: [GC 7405468K->455278K(14529216K), 0.4957790 secs]
2018-05-17T05:40:28.826+0000: 516468.446: [GC 7496942K->468021K(14530880K), 0.4553270 secs]
2018-05-17T05:48:45.916+0000: 516965.537: [GC 7509685K->481055K(14531328K), 0.5068020 secs]
2018-05-17T05:57:30.029+0000: 517489.650: [GC 7523615K->497139K(14487552K), 0.5030120 secs]
2018-05-17T06:06:06.923+0000: 518006.544: [GC 7539699K->509444K(14531328K), 0.4962200 secs]
2018-05-17T06:16:10.315+0000: 518609.936: [GC 7551172K->530383K(14489792K), 0.5140730 secs]
2018-05-17T06:20:28.268+0000: 518867.889: [GC 3372613K->492937K(14526848K), 0.1954740 secs]
2018-05-17T06:20:28.464+0000: 518868.084: [Full GC 492937K->409234K(14526848K), 1.8271420 secs]
2018-05-17T06:29:33.998+0000: 519413.619: [GC 7446290K->517523K(14485440K), 0.4950440 secs]
2018-05-17T06:38:42.661+0000: 519962.282: [GC 7554579K->534668K(14528000K), 0.5235880 secs]
2018-05-17T06:49:17.054+0000: 520596.675: [GC 7569548K->554838K(14526976K), 0.5051800 secs]
2018-05-17T06:58:55.833+0000: 521175.453: [GC 7589718K->579374K(14525056K), 0.5272140 secs]
2018-05-17T07:09:44.178+0000: 521823.798: [GC 7611566K->618140K(14499776K), 0.5330180 secs]
2018-05-17T07:18:26.515+0000: 522346.136: [GC 7650332K->651166K(14515584K), 0.5666040 secs]
2018-05-17T07:20:30.298+0000: 522469.919: [GC 2513643K->594577K(14385792K), 0.1564100 secs]
2018-05-17T07:20:30.455+0000: 522470.075: [Full GC 594577K->490999K(14385792K), 2.0379210 secs]
2018-05-17T07:28:54.038+0000: 522973.658: [GC 7506167K->609341K(14508224K), 0.5198870 secs]
2018-05-17T07:37:09.555+0000: 523469.175: [GC 7609661K->639127K(14461312K), 0.4877980 secs]
2018-05-17T07:46:59.561+0000: 524059.182: [GC 7639447K->666483K(14507008K), 0.5729170 secs]
2018-05-17T07:54:52.981+0000: 524532.602: [GC 7661555K->697196K(14455552K), 0.5371110 secs]
2018-05-17T08:01:20.833+0000: 524920.454: [GC 7692268K->739550K(14498944K), 0.4943150 secs]
2018-05-17T08:03:00.767+0000: 525020.387: [GC 7725662K->832551K(14503104K), 0.9369230 secs]
2018-05-17T08:04:20.966+0000: 525100.587: [GC 7818663K->856798K(14385600K), 0.9239640 secs]
2018-05-17T08:05:29.636+0000: 525169.257: [GC 7725406K->861820K(14381440K), 0.7689290 secs]
2018-05-17T08:06:46.835+0000: 525246.455: [GC 7730428K->869458K(14429184K), 0.8680490 secs]
2018-05-17T08:08:10.557+0000: 525330.177: [GC 7716434K->876901K(14356224K), 0.8460770 secs]
2018-05-17T08:09:32.168+0000: 525411.788: [GC 7723877K->878456K(14433728K), 0.7801750 secs]
2018-05-17T08:11:03.235+0000: 525502.856: [GC 7723960K->889762K(14431872K), 0.7308750 secs]
2018-05-17T08:12:15.918+0000: 525575.539: [GC 7735266K->896521K(14437184K), 0.8304720 secs]
2018-05-17T08:13:14.713+0000: 525634.334: [GC 7748233K->898595K(14434624K), 0.7576790 secs]
2018-05-17T08:14:41.648+0000: 525721.269: [GC 7750307K->900968K(14451136K), 0.6950660 secs]
2018-05-17T08:15:58.734+0000: 525798.355: [GC 7774632K->915647K(14442624K), 0.7019390 secs]
2018-05-17T08:17:26.273+0000: 525885.894: [GC 7789311K->905123K(14462464K), 0.6035160 secs]
2018-05-17T08:18:17.306+0000: 525936.927: [GC 7804515K->899598K(14457024K), 0.4709050 secs]
2018-05-17T08:18:35.291+0000: 525954.911: [GC 7798990K->894332K(14460160K), 0.4160210 secs]
2018-05-17T08:18:54.453+0000: 525974.073: [GC 7798524K->912732K(14462144K), 0.4148310 secs]
2018-05-17T08:19:11.405+0000: 525991.026: [GC 7816924K->923506K(14464384K), 0.3878740 secs]
2018-05-17T08:19:30.102+0000: 526009.723: [GC 7831090K->938694K(14463296K), 0.3941160 secs]
2018-05-17T08:19:46.634+0000: 526026.255: [GC 7846278K->948513K(14468928K), 0.3903960 secs]
2018-05-17T08:20:06.896+0000: 526046.517: [GC 7863713K->981603K(14466368K), 0.4399750 secs]
2018-05-17T08:20:23.692+0000: 526063.313: [GC 7896803K->994993K(14483072K), 0.4890680 secs]
2018-05-17T08:20:32.501+0000: 526072.122: [GC 4729029K->951724K(14476224K), 0.1500830 secs]
2018-05-17T08:20:32.651+0000: 526072.272: [Full GC 951724K->679143K(14476224K), 2.5098630 secs]
2018-05-17T08:20:58.198+0000: 526097.819: [GC 7618343K->817960K(14478464K), 0.6205270 secs]
2018-05-17T08:21:40.358+0000: 526139.979: [GC 7756584K->860692K(14442560K), 0.7360000 secs]
2018-05-17T08:22:14.566+0000: 526174.187: [GC 7799316K->869910K(14461248K), 0.7476770 secs]
2018-05-17T08:22:50.470+0000: 526210.090: [GC 7781014K->867858K(14465600K), 0.6957930 secs]
2018-05-17T08:23:09.529+0000: 526229.150: [GC 7778962K->853635K(14473792K), 0.5438140 secs]
2018-05-17T08:23:26.975+0000: 526246.595: [GC 7774019K->862643K(14466688K), 0.5635110 secs]
2018-05-17T08:23:45.569+0000: 526265.190: [GC 7783027K->836790K(14481408K), 0.3781680 secs]
2018-05-17T08:24:33.848+0000: 526313.469: [GC 7778870K->880823K(14480768K), 0.5486180 secs]
2018-05-17T08:25:32.806+0000: 526372.427: [GC 7822903K->901848K(14490432K), 0.5765410 secs]
2018-05-17T08:26:13.267+0000: 526412.888: [GC 7860760K->904385K(14488576K), 0.5383880 secs]
2018-05-17T08:26:30.680+0000: 526430.301: [GC 7863297K->904422K(14500864K), 0.5092900 secs]
2018-05-17T08:26:47.731+0000: 526447.352: [GC 7882342K->911566K(14497152K), 0.4951690 secs]
2018-05-17T08:27:04.282+0000: 526463.903: [GC 7889486K->924961K(14508992K), 0.5053450 secs]
2018-05-17T08:27:22.697+0000: 526482.318: [GC 7918433K->934353K(14504576K), 0.5166060 secs]
2018-05-17T08:27:39.128+0000: 526498.749: [GC 7927825K->941661K(14515648K), 0.4888840 secs]
2018-05-17T08:27:57.421+0000: 526517.042: [GC 7950109K->957595K(14512896K), 0.5048200 secs]
2018-05-17T08:28:15.483+0000: 526535.104: [GC 7966043K->975931K(14523456K), 0.5268630 secs]
2018-05-17T08:28:34.384+0000: 526554.005: [GC 7998971K->988820K(14519680K), 0.5558830 secs]
2018-05-17T08:29:17.578+0000: 526597.198: [GC 8011860K->1040241K(14496960K), 0.8018450 secs]
2018-05-17T08:29:58.085+0000: 526637.705: [GC 8044529K->1066374K(14512192K), 0.7341820 secs]
2018-05-17T08:30:41.112+0000: 526680.733: [GC 8070662K->1060636K(14471360K), 0.7131770 secs]
2018-05-17T08:31:09.922+0000: 526709.543: [GC 8024092K->1030500K(14491776K), 0.5170750 secs]
2018-05-17T08:31:48.775+0000: 526748.396: [GC 7993956K->1071598K(14493312K), 0.7158830 secs]
2018-05-17T08:32:31.274+0000: 526790.895: [GC 8039406K->1099652K(14472896K), 0.8231460 secs]
2018-05-17T08:33:10.290+0000: 526829.911: [GC 8067460K->1096826K(14482944K), 0.6845450 secs]
2018-05-17T08:33:54.153+0000: 526873.773: [GC 8046202K->1111456K(14449408K), 0.7301910 secs]
2018-05-17T08:34:20.687+0000: 526900.308: [GC 8060832K->1082837K(14484992K), 0.5767610 secs]
2018-05-17T08:34:39.695+0000: 526919.316: [GC 8029333K->1071683K(14481600K), 0.4800180 secs]
2018-05-17T08:34:59.210+0000: 526938.831: [GC 8018179K->1081742K(14487168K), 0.4444980 secs]
2018-05-17T08:35:50.429+0000: 526990.049: [GC 8034254K->1149531K(14458816K), 0.7915860 secs]
2018-05-17T08:36:38.915+0000: 527038.536: [GC 8102043K->1160468K(14471552K), 0.7456460 secs]
2018-05-17T08:37:25.319+0000: 527084.940: [GC 8092052K->1160626K(14475840K), 0.7400050 secs]
2018-05-17T08:37:43.132+0000: 527102.752: [GC 8092210K->1120897K(14476672K), 0.4890760 secs]
2018-05-17T08:38:00.967+0000: 527120.588: [GC 8053633K->1128602K(14476160K), 0.4633540 secs]
2018-05-17T08:38:31.211+0000: 527150.832: [GC 8061338K->1168978K(14482816K), 0.6531140 secs]
2018-05-17T08:39:20.539+0000: 527200.160: [GC 8109906K->1199923K(14478208K), 0.7589260 secs]
2018-05-17T08:40:10.143+0000: 527249.764: [GC 8140851K->1216207K(14470784K), 0.7765820 secs]
2018-05-17T08:40:56.980+0000: 527296.601: [GC 8145999K->1222014K(14431680K), 0.7895020 secs]
2018-05-17T08:41:42.988+0000: 527342.609: [GC 8151806K->1232552K(14470336K), 0.7915900 secs]
2018-05-17T08:42:29.568+0000: 527389.189: [GC 8155688K->1230200K(14471616K), 0.7415630 secs]
2018-05-17T08:43:14.133+0000: 527433.753: [GC 8153336K->1242309K(14476480K), 0.7659060 secs]
2018-05-17T08:43:52.244+0000: 527471.865: [GC 8173381K->1228504K(14474688K), 0.5960760 secs]
2018-05-17T08:44:11.323+0000: 527490.944: [GC 8159576K->1211341K(14478784K), 0.5095770 secs]
2018-05-17T08:44:32.712+0000: 527512.332: [GC 8150349K->1219726K(14479552K), 0.4878590 secs]
2018-05-17T08:44:45.580+0000: 527525.201: [GC 8158734K->1227771K(14481856K), 0.5175440 secs]
2018-05-17T08:45:08.686+0000: 527548.306: [GC 8170043K->1232453K(14480512K), 0.4263330 secs]
2018-05-17T08:45:26.713+0000: 527566.334: [GC 8174725K->1239685K(14485056K), 0.4825860 secs]
2018-05-17T08:46:00.425+0000: 527600.046: [GC 8188101K->1300073K(14443328K), 0.7694180 secs]
2018-05-17T08:46:41.002+0000: 527640.623: [GC 8248489K->1308208K(14480320K), 0.7540130 secs]
2018-05-17T08:47:25.227+0000: 527684.848: [GC 8250416K->1327815K(14445504K), 0.8234580 secs]
2018-05-17T08:47:56.516+0000: 527716.137: [GC 8270023K->1299792K(14481536K), 0.5472960 secs]
2018-05-17T08:48:14.422+0000: 527734.043: [GC 8237840K->1279515K(14476608K), 0.4316030 secs]
2018-05-17T08:48:32.414+0000: 527752.035: [GC 8217563K->1295574K(14483200K), 0.4747500 secs]
2018-05-17T08:48:51.658+0000: 527771.279: [GC 8239702K->1312053K(14481024K), 0.5203500 secs]
2018-05-17T08:49:07.790+0000: 527787.411: [GC 8256181K->1321595K(14491456K), 0.5106330 secs]
2018-05-17T08:49:26.293+0000: 527805.914: [GC 8280571K->1325545K(14487616K), 0.4765600 secs]
2018-05-17T08:50:06.270+0000: 527845.890: [GC 8284521K->1383567K(14484288K), 0.6641360 secs]
2018-05-17T08:50:49.530+0000: 527889.151: [GC 8341775K->1397253K(14452160K), 0.7486430 secs]
2018-05-17T08:51:10.783+0000: 527910.404: [GC 8355461K->1371444K(14489536K), 0.5356470 secs]
2018-05-17T08:51:28.028+0000: 527927.649: [GC 8326196K->1361998K(14485312K), 0.4136060 secs]
2018-05-17T08:51:47.535+0000: 527947.156: [GC 8316750K->1383124K(14494720K), 0.4841730 secs]
2018-05-17T08:52:04.656+0000: 527964.276: [GC 8348628K->1390410K(14490880K), 0.4607080 secs]
2018-05-17T08:52:19.923+0000: 527979.544: [GC 8355914K->1423389K(14501824K), 0.6156640 secs]
2018-05-17T08:52:44.346+0000: 528003.967: [GC 8403101K->1429958K(14497984K), 0.5906130 secs]
2018-05-17T08:53:28.270+0000: 528047.891: [GC 8409670K->1471347K(14489536K), 0.6848930 secs]
2018-05-17T08:54:12.409+0000: 528092.030: [GC 8446579K->1477357K(14469888K), 0.7415750 secs]
2018-05-17T08:55:02.283+0000: 528141.904: [GC 8452589K->1473807K(14493568K), 0.5807700 secs]
2018-05-17T08:55:49.858+0000: 528189.479: [GC 8439951K->1481274K(14492672K), 0.6752830 secs]
2018-05-17T08:56:35.915+0000: 528235.536: [GC 8447418K->1464274K(14497984K), 0.5407530 secs]
2018-05-17T08:57:25.553+0000: 528285.174: [GC 8438098K->1473432K(14495936K), 0.5393950 secs]
2018-05-17T08:58:14.446+0000: 528334.067: [GC 8447256K->1479609K(14502336K), 0.4997150 secs]
2018-05-17T08:58:33.359+0000: 528352.980: [GC 8462329K->1461193K(14399424K), 0.3582830 secs]
2018-05-17T08:59:00.383+0000: 528380.004: [GC 8443913K->1481189K(14500096K), 0.3938340 secs]
2018-05-17T09:00:04.594+0000: 528444.215: [GC 8460453K->1532380K(14499264K), 0.5583850 secs]
2018-05-17T09:00:44.656+0000: 528484.276: [GC 8511644K->1569662K(14485824K), 0.7697470 secs]
2018-05-17T09:01:39.489+0000: 528539.110: [GC 8536958K->1586176K(14469504K), 0.8308070 secs]
2018-05-17T09:02:31.258+0000: 528590.879: [GC 8553472K->1590963K(14475520K), 0.7093390 secs]
2018-05-17T09:03:05.133+0000: 528624.753: [GC 8531763K->1570141K(14480448K), 0.6058130 secs]
2018-05-17T09:03:22.369+0000: 528641.989: [GC 8510941K->1547885K(14487936K), 0.4533440 secs]
2018-05-17T09:03:38.344+0000: 528657.964: [GC 8503021K->1561481K(14487296K), 0.4821880 secs]
2018-05-17T09:03:56.417+0000: 528676.038: [GC 8516617K->1569522K(14494272K), 0.4625680 secs]
2018-05-17T09:04:16.411+0000: 528696.032: [GC 8534322K->1582485K(14490624K), 0.5092260 secs]
2018-05-17T09:04:35.934+0000: 528715.555: [GC 8547285K->1585948K(14502016K), 0.4850200 secs]
2018-05-17T09:04:50.680+0000: 528730.301: [GC 8566492K->1575206K(14498624K), 0.3749910 secs]
2018-05-17T09:05:07.598+0000: 528747.218: [GC 8555750K->1593352K(14504704K), 0.4133120 secs]
2018-05-17T09:05:28.030+0000: 528767.650: [GC 8579848K->1610401K(14501888K), 0.5264640 secs]
2018-05-17T09:06:28.310+0000: 528827.931: [GC 8596897K->1666547K(14489600K), 0.6876040 secs]
2018-05-17T09:07:18.228+0000: 528877.849: [GC 8646003K->1662802K(14463424K), 0.7028400 secs]
2018-05-17T09:07:57.796+0000: 528917.416: [GC 8642258K->1648574K(14502208K), 0.5292500 secs]
2018-05-17T09:08:16.085+0000: 528935.706: [GC 8627070K->1639856K(14496384K), 0.4457410 secs]
2018-05-17T09:08:35.139+0000: 528954.760: [GC 8618352K->1646625K(14505728K), 0.4363020 secs]
2018-05-17T09:08:55.994+0000: 528975.614: [GC 8635809K->1664070K(14503552K), 0.4762470 secs]
2018-05-17T09:09:13.703+0000: 528993.324: [GC 8653254K->1667029K(14513600K), 0.4734620 secs]
2018-05-17T09:09:32.288+0000: 529011.909: [GC 8670869K->1685999K(14510336K), 0.5353380 secs]
2018-05-17T09:09:58.490+0000: 529038.111: [GC 8689839K->1715491K(14514304K), 0.5837380 secs]
2018-05-17T09:10:47.977+0000: 529087.598: [GC 8728483K->1740655K(14500928K), 0.6645770 secs]
2018-05-17T09:11:28.982+0000: 529128.602: [GC 8753647K->1757178K(14492544K), 0.7654610 secs]
2018-05-17T09:12:06.017+0000: 529165.638: [GC 8738938K->1761493K(14472256K), 0.7561470 secs]
2018-05-17T09:12:46.557+0000: 529206.177: [GC 8743253K->1773702K(14485760K), 0.7694460 secs]
2018-05-17T09:13:42.550+0000: 529262.171: [GC 8735494K->1790503K(14464512K), 0.8030410 secs]
2018-05-17T09:14:28.632+0000: 529308.253: [GC 8752295K->1789227K(14482688K), 0.7224850 secs]
2018-05-17T09:15:05.819+0000: 529345.439: [GC 8736043K->1802784K(14441664K), 0.6401720 secs]
2018-05-17T09:15:21.219+0000: 529360.840: [GC 8749600K->1769654K(14483648K), 0.4713570 secs]
2018-05-17T09:15:37.773+0000: 529377.393: [GC 8714998K->1771881K(14481792K), 0.4687460 secs]
2018-05-17T09:16:01.146+0000: 529400.767: [GC 8717225K->1801376K(14490944K), 0.6171300 secs]
2018-05-17T09:16:52.228+0000: 529451.848: [GC 8757344K->1835433K(14485120K), 0.6837560 secs]
2018-05-17T09:17:25.424+0000: 529485.045: [GC 8791401K->1855013K(14479168K), 0.7850280 secs]
2018-05-17T09:18:12.983+0000: 529532.604: [GC 8802597K->1857896K(14443328K), 0.7759860 secs]
2018-05-17T09:18:49.636+0000: 529569.257: [GC 8805480K->1870473K(14476992K), 0.8075990 secs]
2018-05-17T09:19:14.544+0000: 529594.164: [GC 8809609K->1836136K(14479616K), 0.5712730 secs]
2018-05-17T09:19:31.287+0000: 529610.908: [GC 8775272K->1829102K(14482368K), 0.4631000 secs]
2018-05-17T09:19:48.550+0000: 529628.171: [GC 8773550K->1837646K(14482176K), 0.4762540 secs]
2018-05-17T09:20:25.509+0000: 529665.130: [GC 8782094K->1897448K(14477568K), 0.6994960 secs]
2018-05-17T09:20:35.168+0000: 529674.789: [GC 3505143K->1794735K(14322304K), 0.1789490 secs]
2018-05-17T09:20:35.347+0000: 529674.968: [Full GC 1794735K->946092K(14322304K), 3.8044390 secs]
2018-05-17T09:21:16.340+0000: 529715.961: [GC 7887276K->1113087K(14456704K), 0.8000070 secs]
2018-05-17T09:21:51.796+0000: 529751.417: [GC 8021247K->1124927K(14413184K), 0.8539960 secs]
2018-05-17T09:23:37.242+0000: 529856.863: [GC 8033087K->1148903K(14440128K), 0.7742530 secs]
2018-05-17T09:25:23.197+0000: 529962.818: [GC 8028263K->1158398K(14396864K), 0.7264280 secs]
2018-05-17T09:26:29.590+0000: 530029.210: [GC 8037758K->1178413K(14431936K), 0.8859730 secs]
2018-05-17T09:27:21.514+0000: 530081.135: [GC 8034349K->1186706K(14376320K), 0.9085910 secs]
2018-05-17T09:28:19.748+0000: 530139.369: [GC 8042642K->1194307K(14429440K), 0.8865270 secs]
2018-05-17T09:29:26.747+0000: 530206.368: [GC 8038339K->1206832K(14364096K), 0.7847140 secs]
2018-05-17T09:30:25.686+0000: 530265.307: [GC 8050864K->1219365K(14430656K), 0.7906190 secs]
2018-05-17T09:31:08.067+0000: 530307.687: [GC 8061221K->1195360K(14430976K), 0.7349830 secs]
2018-05-17T09:31:49.532+0000: 530349.153: [GC 8037216K->1181674K(14441344K), 0.5564290 secs]
2018-05-17T09:32:06.999+0000: 530366.619: [GC 8041194K->1161802K(14438272K), 0.4304580 secs]
2018-05-17T09:32:31.137+0000: 530390.758: [GC 8021322K->1176144K(14441984K), 0.4692950 secs]
2018-05-17T09:32:48.306+0000: 530407.927: [GC 8037968K->1174697K(14439936K), 0.4490370 secs]
2018-05-17T09:33:10.596+0000: 530430.216: [GC 8036521K->1188860K(14447168K), 0.4997920 secs]
2018-05-17T09:33:31.541+0000: 530451.162: [GC 8059132K->1180309K(14443200K), 0.3885190 secs]
2018-05-17T09:33:48.548+0000: 530468.169: [GC 8050581K->1193891K(14453376K), 0.4378180 secs]
2018-05-17T09:34:44.526+0000: 530524.147: [GC 8076323K->1273366K(14391488K), 0.8499200 secs]
2018-05-17T09:35:42.450+0000: 530582.071: [GC 8155798K->1251682K(14454976K), 0.6615000 secs]
2018-05-17T09:36:04.614+0000: 530604.235: [GC 8134306K->1224808K(14447744K), 0.4711560 secs]
2018-05-17T09:36:25.759+0000: 530625.379: [GC 8107432K->1245297K(14465984K), 0.4834040 secs]
2018-05-17T09:36:47.781+0000: 530647.401: [GC 8150257K->1246693K(14459072K), 0.5117830 secs]
2018-05-17T09:37:07.812+0000: 530667.432: [GC 8151653K->1256411K(14477440K), 0.5624550 secs]
2018-05-17T09:37:27.525+0000: 530687.145: [GC 8185051K->1253221K(14471296K), 0.4742300 secs]
2018-05-17T09:37:51.004+0000: 530710.624: [GC 8181861K->1269735K(14488640K), 0.5367800 secs]
2018-05-17T09:38:14.616+0000: 530734.237: [GC 8220519K->1263012K(14482240K), 0.4739920 secs]
2018-05-17T09:38:36.175+0000: 530755.796: [GC 8213796K->1282434K(14498560K), 0.5601760 secs]
2018-05-17T09:38:56.762+0000: 530776.383: [GC 8253186K->1277886K(14492288K), 0.5020350 secs]
2018-05-17T09:39:17.770+0000: 530797.390: [GC 8248638K->1291793K(14507648K), 0.4693900 secs]
2018-05-17T09:39:38.930+0000: 530818.550: [GC 8282001K->1312076K(14502656K), 0.5633620 secs]
2018-05-17T09:39:59.831+0000: 530839.452: [GC 8302284K->1317953K(14516480K), 0.5133020 secs]
2018-05-17T09:40:20.751+0000: 530860.372: [GC 8326913K->1314247K(14512576K), 0.4649170 secs]
2018-05-17T09:40:42.008+0000: 530881.629: [GC 8323207K->1321305K(14521664K), 0.4354110 secs]
2018-05-17T09:41:27.535+0000: 530927.155: [GC 8341913K->1391138K(14519040K), 0.8378430 secs]
2018-05-17T09:41:45.665+0000: 530945.285: [GC 8411746K->1345640K(14491904K), 0.4675680 secs]
2018-05-17T09:42:03.883+0000: 530963.503: [GC 8336488K->1347952K(14505472K), 0.4473920 secs]
2018-05-17T09:42:28.445+0000: 530988.066: [GC 8338800K->1368316K(14511744K), 0.5102200 secs]
2018-05-17T09:42:46.228+0000: 531005.848: [GC 8367036K->1360049K(14507072K), 0.4541280 secs]
2018-05-17T09:43:28.712+0000: 531048.333: [GC 8358769K->1426694K(14491072K), 0.8092550 secs]
2018-05-17T09:44:38.139+0000: 531117.760: [GC 8411270K->1462686K(14502336K), 0.8632640 secs]
2018-05-17T09:44:58.061+0000: 531137.682: [GC 8447262K->1396831K(14462144K), 0.3925980 secs]
2018-05-17T09:45:15.919+0000: 531155.540: [GC 8341215K->1409612K(14482240K), 0.4259260 secs]
2018-05-17T09:45:47.721+0000: 531187.342: [GC 8353996K->1452323K(14486848K), 0.6588240 secs]
2018-05-17T09:46:25.677+0000: 531225.298: [GC 8405219K->1471643K(14438976K), 0.6948110 secs]
2018-05-17T09:47:13.850+0000: 531273.471: [GC 8424539K->1495976K(14472384K), 0.7983460 secs]
2018-05-17T09:48:17.707+0000: 531337.328: [GC 8433704K->1524189K(14460032K), 0.8915160 secs]
2018-05-17T09:49:24.187+0000: 531403.808: [GC 8461917K->1546039K(14440064K), 0.8705300 secs]
2018-05-17T09:50:38.373+0000: 531477.993: [GC 8432439K->1554640K(14414720K), 0.9429870 secs]
2018-05-17T09:52:11.292+0000: 531570.912: [GC 8441040K->1564560K(14430208K), 0.9533100 secs]
2018-05-17T09:53:13.177+0000: 531632.797: [GC 8418832K->1576972K(14385664K), 0.9688840 secs]
2018-05-17T09:54:11.421+0000: 531691.042: [GC 8431244K->1582601K(14423168K), 0.9459040 secs]
2018-05-17T09:55:10.977+0000: 531750.597: [GC 8416649K->1590501K(14365056K), 0.8757070 secs]
2018-05-17T09:56:15.308+0000: 531814.929: [GC 8424549K->1599183K(14420992K), 0.9325690 secs]
2018-05-17T09:56:57.105+0000: 531856.725: [GC 8424271K->1572241K(14422592K), 0.7310830 secs]
2018-05-17T09:57:20.281+0000: 531879.902: [GC 8397329K->1538577K(14429312K), 0.5253480 secs]
2018-05-17T09:57:43.232+0000: 531902.853: [GC 8378001K->1543416K(14429760K), 0.5055310 secs]
2018-05-17T09:58:06.259+0000: 531925.880: [GC 8382840K->1562526K(14435136K), 0.5777120 secs]
2018-05-17T09:58:30.699+0000: 531950.320: [GC 8408094K->1541243K(14430528K), 0.4105290 secs]
2018-05-17T09:58:51.378+0000: 531970.999: [GC 8386811K->1568674K(14440320K), 0.5414380 secs]
2018-05-17T09:59:12.555+0000: 531992.176: [GC 8424034K->1563683K(14435136K), 0.4868500 secs]
2018-05-17T09:59:32.569+0000: 532012.189: [GC 8419043K->1581910K(14450560K), 0.5391130 secs]
2018-05-17T09:59:52.443+0000: 532032.063: [GC 8456598K->1595548K(14444224K), 0.6150930 secs]
2018-05-17T10:00:13.084+0000: 532052.705: [GC 8470236K->1575736K(14460736K), 0.4172070 secs]
2018-05-17T10:00:33.009+0000: 532072.630: [GC 8474488K->1598384K(14458112K), 0.4582460 secs]
2018-05-17T10:00:54.958+0000: 532094.579: [GC 8497136K->1603968K(14472512K), 0.5175960 secs]
2018-05-17T10:01:14.529+0000: 532114.150: [GC 8523328K->1617450K(14466944K), 0.5770690 secs]
2018-05-17T10:01:34.069+0000: 532133.689: [GC 8536810K->1613154K(14483328K), 0.4849930 secs]
2018-05-17T10:01:54.852+0000: 532154.473: [GC 8555362K->1628060K(14478976K), 0.5494100 secs]
2018-05-17T10:02:16.375+0000: 532175.996: [GC 8570268K->1625873K(14493568K), 0.5266300 secs]
2018-05-17T10:02:37.552+0000: 532197.173: [GC 8588625K->1620345K(14489280K), 0.4515590 secs]
2018-05-17T10:03:08.190+0000: 532227.810: [GC 8583097K->1643802K(14501376K), 0.5067080 secs]
2018-05-17T10:03:29.083+0000: 532248.703: [GC 8620826K->1655056K(14495744K), 0.5722630 secs]
2018-05-17T10:03:48.251+0000: 532267.872: [GC 8632080K->1646501K(14509504K), 0.4694560 secs]
2018-05-17T10:04:07.199+0000: 532286.820: [GC 8642917K->1675029K(14507008K), 0.5904900 secs]
2018-05-17T10:04:28.993+0000: 532308.614: [GC 8671445K->1669202K(14516352K), 0.5853900 secs]
2018-05-17T10:04:54.679+0000: 532334.300: [GC 8677202K->1669111K(14511744K), 0.4807490 secs]
2018-05-17T10:05:16.709+0000: 532356.330: [GC 8677111K->1669710K(14520832K), 0.4641730 secs]
2018-05-17T10:05:35.819+0000: 532375.440: [GC 8689806K->1682987K(14519360K), 0.5121470 secs]
2018-05-17T10:05:56.718+0000: 532396.339: [GC 8703083K->1699974K(14527040K), 0.5178900 secs]
2018-05-17T10:06:18.125+0000: 532417.746: [GC 8730566K->1707239K(14523648K), 0.5404840 secs]
2018-05-17T10:06:40.007+0000: 532439.627: [GC 8737831K->1712605K(14534016K), 0.5233420 secs]
2018-05-17T10:06:58.289+0000: 532457.909: [GC 8757469K->1726294K(14530944K), 0.5190220 secs]
2018-05-17T10:07:20.194+0000: 532479.814: [GC 8771158K->1732135K(14538944K), 0.5076490 secs]
2018-05-17T10:07:42.213+0000: 532501.834: [GC 8787239K->1744451K(14536256K), 0.5360760 secs]
2018-05-17T10:08:03.689+0000: 532523.309: [GC 8799555K->1752837K(14543744K), 0.5483740 secs]
2018-05-17T10:08:26.265+0000: 532545.886: [GC 8817797K->1747963K(14541312K), 0.5277180 secs]
2018-05-17T10:08:48.699+0000: 532568.320: [GC 8812923K->1749513K(14543424K), 0.4047110 secs]
2018-05-17T10:09:09.638+0000: 532589.259: [GC 8816777K->1766707K(14543680K), 0.5088880 secs]
2018-05-17T10:09:32.363+0000: 532611.983: [GC 8833971K->1788322K(14540672K), 0.5213520 secs]
2018-05-17T10:09:52.806+0000: 532632.426: [GC 8854690K->1778832K(14543232K), 0.4958000 secs]
2018-05-17T10:10:18.454+0000: 532658.075: [GC 8845200K->1787950K(14546304K), 0.4413610 secs]
2018-05-17T10:10:38.530+0000: 532678.151: [GC 8858414K->1796150K(14544256K), 0.4776710 secs]
2018-05-17T10:10:58.353+0000: 532697.974: [GC 8866614K->1803470K(14549632K), 0.5061020 secs]
2018-05-17T10:11:25.403+0000: 532725.023: [GC 8880910K->1822901K(14547904K), 0.5319100 secs]
2018-05-17T10:11:47.067+0000: 532746.688: [GC 8900341K->1825790K(14549760K), 0.4995410 secs]
2018-05-17T10:12:09.253+0000: 532768.874: [GC 8903806K->1835476K(14548352K), 0.5261550 secs]
2018-05-17T10:12:32.622+0000: 532792.243: [GC 8913492K->1842599K(14552576K), 0.4784940 secs]
2018-05-17T10:12:55.826+0000: 532815.447: [GC 8926311K->1867638K(14547648K), 0.5677690 secs]
2018-05-17T10:13:17.464+0000: 532837.085: [GC 8951350K->1869127K(14550144K), 0.5151140 secs]
2018-05-17T10:13:37.166+0000: 532856.786: [GC 8948487K->1872733K(14549312K), 0.5116660 secs]
2018-05-17T10:13:57.639+0000: 532877.260: [GC 8952093K->1884084K(14552384K), 0.5211300 secs]
2018-05-17T10:14:23.967+0000: 532903.588: [GC 8967604K->1885492K(14551232K), 0.3520360 secs]
2018-05-17T10:14:48.357+0000: 532927.978: [GC 8969012K->1896608K(14554176K), 0.4736220 secs]
2018-05-17T10:15:07.914+0000: 532947.534: [GC 8984160K->1907237K(14546240K), 0.5282420 secs]
2018-05-17T10:15:29.399+0000: 532969.020: [GC 8994789K->1910380K(14553344K), 0.5362090 secs]
2018-05-17T10:15:50.005+0000: 532989.626: [GC 8996652K->1911168K(14553024K), 0.5261500 secs]
2018-05-17T10:16:10.541+0000: 533010.162: [GC 8997440K->1918347K(14554048K), 0.4883270 secs]
2018-05-17T10:16:35.092+0000: 533034.713: [GC 9005899K->1935017K(14553600K), 0.4812440 secs]
2018-05-17T10:16:54.755+0000: 533054.376: [GC 9022569K->1953210K(14546816K), 0.5274480 secs]
2018-05-17T10:17:16.230+0000: 533075.851: [GC 9033914K->1948238K(14550400K), 0.4907590 secs]
2018-05-17T10:17:35.827+0000: 533095.448: [GC 9028942K->1951412K(14552448K), 0.4447220 secs]
2018-05-17T10:17:57.327+0000: 533116.948: [GC 9035508K->1955782K(14551744K), 0.4556040 secs]
2018-05-17T10:18:24.672+0000: 533144.293: [GC 9039878K->1979183K(14548096K), 0.4894470 secs]
2018-05-17T10:18:46.410+0000: 533166.031: [GC 9060015K->1967573K(14521664K), 0.4783320 secs]
2018-05-17T10:19:07.820+0000: 533187.441: [GC 9048405K->1982925K(14551488K), 0.4885910 secs]
2018-05-17T10:19:31.031+0000: 533210.652: [GC 9064397K->1989416K(14550080K), 0.4582640 secs]
2018-05-17T10:19:56.236+0000: 533235.856: [GC 9070888K->2017153K(14549824K), 0.3575090 secs]
2018-05-17T10:20:13.622+0000: 533253.243: [GC 9098753K->2040447K(14545472K), 0.5498300 secs]
2018-05-17T10:20:35.343+0000: 533274.963: [GC 9122047K->2039973K(14549632K), 0.5062620 secs]
2018-05-17T10:20:39.160+0000: 533278.781: [GC 3538322K->1968934K(14442368K), 0.1086770 secs]
2018-05-17T10:20:39.269+0000: 533278.889: [Full GC 1968934K->1035206K(14442368K), 3.5304170 secs]
2018-05-17T10:21:05.909+0000: 533305.529: [GC 8112774K->1163320K(14526400K), 0.5560660 secs]
2018-05-17T10:21:25.416+0000: 533325.037: [GC 8206136K->1175126K(14531456K), 0.5382720 secs]
2018-05-17T10:21:49.079+0000: 533348.699: [GC 8217942K->1190711K(14534016K), 0.5320770 secs]
2018-05-17T10:22:09.770+0000: 533369.391: [GC 8237175K->1211925K(14510720K), 0.5420540 secs]
2018-05-17T10:22:30.928+0000: 533390.549: [GC 8258389K->1233206K(14524992K), 0.5670890 secs]
2018-05-17T10:22:50.116+0000: 533409.736: [GC 8269878K->1256755K(14508416K), 0.6905200 secs]
2018-05-17T10:23:08.934+0000: 533428.554: [GC 8293427K->1281245K(14512960K), 0.6754860 secs]
2018-05-17T10:23:28.072+0000: 533447.693: [GC 8298973K->1269334K(14518912K), 0.5255560 secs]
2018-05-17T10:23:45.550+0000: 533465.171: [GC 8287062K->1285880K(14525952K), 0.5662590 secs]
2018-05-17T10:24:05.449+0000: 533485.070: [GC 8314744K->1289472K(14523008K), 0.4951470 secs]
2018-05-17T10:24:26.318+0000: 533505.938: [GC 8318336K->1303640K(14531904K), 0.5771070 secs]
2018-05-17T10:25:05.876+0000: 533545.497: [GC 8345048K->1359763K(14529600K), 0.7293730 secs]
2018-05-17T10:26:05.980+0000: 533605.601: [GC 8401171K->1422710K(14440128K), 0.9313260 secs]
2018-05-17T10:28:19.689+0000: 533739.310: [GC 8372342K->1473451K(14476608K), 0.8077610 secs]
2018-05-17T10:29:20.747+0000: 533800.367: [GC 8423083K->1468510K(14462912K), 0.6765710 secs]
2018-05-17T10:29:37.999+0000: 533817.620: [GC 8387934K->1436205K(14469760K), 0.4967610 secs]
2018-05-17T10:29:54.398+0000: 533834.019: [GC 8355629K->1451666K(14474048K), 0.4994700 secs]
2018-05-17T10:30:48.217+0000: 533887.838: [GC 8376402K->1551246K(14463040K), 0.8546780 secs]
2018-05-17T10:31:44.256+0000: 533943.877: [GC 8475982K->1561419K(14430016K), 0.9910460 secs]
2018-05-17T10:32:31.229+0000: 533990.849: [GC 8434379K->1563005K(14393280K), 0.7590690 secs]
2018-05-17T10:32:48.861+0000: 534008.482: [GC 8435965K->1502633K(14443648K), 0.4844800 secs]
2018-05-17T10:33:06.705+0000: 534026.325: [GC 8368361K->1506693K(14442176K), 0.4417570 secs]
2018-05-17T10:33:29.438+0000: 534049.058: [GC 8372421K->1528722K(14450752K), 0.5208120 secs]
2018-05-17T10:33:47.150+0000: 534066.770: [GC 8404946K->1538875K(14445568K), 0.5293980 secs]
2018-05-17T10:34:06.478+0000: 534086.099: [GC 8415099K->1553468K(14460992K), 0.5169520 secs]
2018-05-17T10:34:25.095+0000: 534104.716: [GC 8449916K->1563286K(14455552K), 0.4949590 secs]
2018-05-17T10:34:42.461+0000: 534122.082: [GC 8459734K->1569293K(14469888K), 0.5097670 secs]
2018-05-17T10:35:02.888+0000: 534142.509: [GC 8484941K->1588193K(14465856K), 0.4651470 secs]
2018-05-17T10:35:19.934+0000: 534159.555: [GC 8503841K->1585311K(14479104K), 0.4350000 secs]
2018-05-17T10:35:43.312+0000: 534182.933: [GC 8520095K->1613381K(14475776K), 0.5300320 secs]
2018-05-17T10:36:00.658+0000: 534200.279: [GC 8548165K->1604340K(14489600K), 0.4325600 secs]
2018-05-17T10:36:17.842+0000: 534217.462: [GC 8560244K->1605614K(14486400K), 0.4061010 secs]
2018-05-17T10:36:44.035+0000: 534243.655: [GC 8561518K->1634073K(14498752K), 0.5432980 secs]
2018-05-17T10:37:02.592+0000: 534262.212: [GC 8604889K->1622861K(14492160K), 0.4467460 secs]
2018-05-17T10:37:38.592+0000: 534298.213: [GC 8593677K->1678404K(14491968K), 0.6787470 secs]
2018-05-17T10:38:45.150+0000: 534364.771: [GC 8651332K->1732006K(14496512K), 0.9585510 secs]
2018-05-17T10:39:45.215+0000: 534424.836: [GC 8704934K->1737630K(14432896K), 0.8322190 secs]
2018-05-17T10:40:02.453+0000: 534442.074: [GC 8646942K->1676480K(14464704K), 0.4021530 secs]
2018-05-17T10:40:23.722+0000: 534463.343: [GC 8585792K->1679205K(14469888K), 0.3909590 secs]
2018-05-17T10:41:24.178+0000: 534523.799: [GC 8596325K->1792167K(14457984K), 0.9853270 secs]
2018-05-17T10:42:27.181+0000: 534586.801: [GC 8709287K->1802599K(14412800K), 0.9653000 secs]
2018-05-17T10:43:03.961+0000: 534623.582: [GC 8653287K->1769441K(14435392K), 0.7355160 secs]
2018-05-17T10:43:22.280+0000: 534641.901: [GC 8620129K->1727345K(14443840K), 0.4379890 secs]
2018-05-17T10:43:44.134+0000: 534663.755: [GC 8592433K->1755263K(14441344K), 0.5539170 secs]
2018-05-17T10:44:02.384+0000: 534682.004: [GC 8620351K->1754281K(14455104K), 0.4892560 secs]
2018-05-17T10:44:19.698+0000: 534699.318: [GC 8639721K->1769936K(14450432K), 0.5054360 secs]
2018-05-17T10:44:39.464+0000: 534719.084: [GC 8655376K->1791950K(14468096K), 0.5409480 secs]
2018-05-17T10:44:56.897+0000: 534736.518: [GC 8700686K->1789544K(14460736K), 0.4638580 secs]
2018-05-17T10:45:19.918+0000: 534759.539: [GC 8698280K->1807145K(14479232K), 0.5206080 secs]
2018-05-17T10:45:37.039+0000: 534776.659: [GC 8739177K->1807269K(14472896K), 0.4606780 secs]
2018-05-17T10:45:54.426+0000: 534794.046: [GC 8739301K->1813542K(14487104K), 0.4784810 secs]
2018-05-17T10:46:52.524+0000: 534852.145: [GC 8763622K->1897796K(14468864K), 0.8970490 secs]
2018-05-17T10:47:59.858+0000: 534919.478: [GC 8847876K->1932401K(14433344K), 0.8801820 secs]
2018-05-17T10:48:42.482+0000: 534962.103: [GC 8818289K->1945158K(14426752K), 0.9293130 secs]
2018-05-17T10:49:29.994+0000: 535009.615: [GC 8831046K->1946885K(14419200K), 0.9596750 secs]
2018-05-17T10:50:30.831+0000: 535070.452: [GC 8783365K->1949730K(14364416K), 0.8286740 secs]
2018-05-17T10:51:24.040+0000: 535123.661: [GC 8786210K->1964684K(14413824K), 0.9214170 secs]
2018-05-17T10:52:22.021+0000: 535181.641: [GC 8781580K->1971546K(14418496K), 0.9040300 secs]
2018-05-17T10:53:17.548+0000: 535237.168: [GC 8788442K->1983469K(14418176K), 0.8953600 secs]
2018-05-17T10:54:07.374+0000: 535286.995: [GC 8800749K->1998979K(14349184K), 0.9439950 secs]
2018-05-17T10:55:05.206+0000: 535344.827: [GC 8816259K->2005378K(14418624K), 0.8357370 secs]
2018-05-17T10:56:01.155+0000: 535400.776: [GC 8820802K->2015843K(14416896K), 0.8849870 secs]
2018-05-17T10:56:55.716+0000: 535455.336: [GC 8831267K->2032488K(14422528K), 0.9290090 secs]
2018-05-17T10:57:53.868+0000: 535513.489: [GC 8855848K->2038922K(14420928K), 0.9478210 secs]
2018-05-17T10:58:22.228+0000: 535541.848: [GC 8862282K->1974672K(14422848K), 0.4660750 secs]
2018-05-17T10:58:38.980+0000: 535558.600: [GC 8803088K->1965680K(14261696K), 0.3928100 secs]
2018-05-17T10:59:02.243+0000: 535581.863: [GC 8794096K->1990548K(14423616K), 0.4678670 secs]
2018-05-17T10:59:18.175+0000: 535597.795: [GC 8815252K->1992199K(14421184K), 0.4621580 secs]
2018-05-17T10:59:36.282+0000: 535615.903: [GC 8816903K->1995961K(14429248K), 0.4999540 secs]
2018-05-17T11:01:23.193+0000: 535722.814: [GC 8831225K->2074900K(14426112K), 0.8657870 secs]
2018-05-17T11:02:53.659+0000: 535813.280: [GC 8910164K->2099443K(14419968K), 0.8748840 secs]
2018-05-17T11:03:23.225+0000: 535842.846: [GC 8926963K->2054540K(14423808K), 0.6047560 secs]
2018-05-17T11:03:54.763+0000: 535874.384: [GC 8882060K->2071277K(14436032K), 0.6107760 secs]
2018-05-17T11:04:13.353+0000: 535892.974: [GC 8916845K->2045750K(14429632K), 0.4213420 secs]
2018-05-17T11:04:36.748+0000: 535916.369: [GC 8891318K->2079444K(14442496K), 0.5285650 secs]
2018-05-17T11:04:54.402+0000: 535934.022: [GC 8938132K->2080210K(14436288K), 0.4798340 secs]
2018-05-17T11:05:16.155+0000: 535955.776: [GC 8938898K->2092098K(14450944K), 0.4838760 secs]
2018-05-17T11:06:11.477+0000: 536011.098: [GC 8969410K->2173141K(14390208K), 0.8162200 secs]
2018-05-17T11:06:30.601+0000: 536030.221: [GC 9050453K->2120852K(14449280K), 0.4711320 secs]
2018-05-17T11:06:48.595+0000: 536048.216: [GC 8995476K->2129336K(14445440K), 0.4633140 secs]
2018-05-17T11:07:52.997+0000: 536112.618: [GC 9003960K->2238054K(14421120K), 0.9234570 secs]
2018-05-17T11:08:26.679+0000: 536146.300: [GC 9092582K->2182046K(14437312K), 0.5761790 secs]
2018-05-17T11:09:19.288+0000: 536198.909: [GC 9036574K->2262270K(14423040K), 0.9203370 secs]
2018-05-17T11:10:11.194+0000: 536250.814: [GC 9111294K->2260619K(14365184K), 0.7530340 secs]
2018-05-17T11:10:29.707+0000: 536269.328: [GC 9109643K->2200948K(14434176K), 0.4251990 secs]
2018-05-17T11:10:47.165+0000: 536286.785: [GC 9046900K->2222384K(14431872K), 0.4863460 secs]
2018-05-17T11:11:41.314+0000: 536340.935: [GC 9068336K->2295233K(14434240K), 0.7401220 secs]
2018-05-17T11:12:36.585+0000: 536396.206: [GC 9148865K->2332522K(14385728K), 0.9339420 secs]
2018-05-17T11:13:33.529+0000: 536453.150: [GC 9186154K->2274841K(14434752K), 0.5266230 secs]
2018-05-17T11:13:55.440+0000: 536475.061: [GC 9117337K->2251500K(14427840K), 0.3342170 secs]
2018-05-17T11:15:15.954+0000: 536555.575: [GC 9093996K->2351493K(14434112K), 0.6909200 secs]
2018-05-17T11:16:15.118+0000: 536614.739: [GC 9198789K->2403108K(14381568K), 0.9551720 secs]
2018-05-17T11:16:45.289+0000: 536644.910: [GC 9250404K->2361229K(14433664K), 0.6169350 secs]
2018-05-17T11:17:02.657+0000: 536662.278: [GC 9199053K->2345477K(14424256K), 0.4629760 secs]
2018-05-17T11:17:28.852+0000: 536688.473: [GC 9183301K->2378101K(14444864K), 0.5818260 secs]
2018-05-17T11:18:13.838+0000: 536733.459: [GC 9239733K->2448928K(14387584K), 0.8750850 secs]
2018-05-17T11:18:32.813+0000: 536752.434: [GC 9310560K->2385837K(14440320K), 0.4994660 secs]
2018-05-17T11:18:49.994+0000: 536769.615: [GC 9242797K->2396717K(14436736K), 0.4425410 secs]
2018-05-17T11:19:32.826+0000: 536812.447: [GC 9253677K->2477270K(14433408K), 0.8169230 secs]
2018-05-17T11:20:23.676+0000: 536863.297: [GC 9335254K->2514697K(14396992K), 0.9067280 secs]
2018-05-17T11:20:42.807+0000: 536882.427: [GC 4974408K->2401963K(14423424K), 0.3180780 secs]
2018-05-17T11:20:43.125+0000: 536882.746: [Full GC 2401963K->1120132K(14423424K), 3.7132050 secs]
2018-05-17T11:21:39.901+0000: 536939.522: [GC 7950596K->1321272K(14371648K), 0.7956280 secs]
2018-05-17T11:22:20.487+0000: 536980.107: [GC 8151736K->1289773K(14423168K), 0.7302040 secs]
2018-05-17T11:22:38.351+0000: 536997.972: [GC 8106413K->1253241K(14413568K), 0.4619070 secs]
2018-05-17T11:23:03.282+0000: 537022.903: [GC 8069881K->1275649K(14433664K), 0.5324240 secs]
2018-05-17T11:24:12.373+0000: 537091.994: [GC 8116289K->1378445K(14383232K), 0.8713670 secs]
2018-05-17T11:25:22.921+0000: 537162.542: [GC 8219085K->1395373K(14406528K), 0.7422790 secs]
2018-05-17T11:26:14.358+0000: 537213.979: [GC 8202413K->1405348K(14332416K), 0.8989650 secs]
2018-05-17T11:26:31.956+0000: 537231.577: [GC 8212388K->1341739K(14415040K), 0.4648910 secs]
2018-05-17T11:26:50.718+0000: 537250.339: [GC 8148651K->1356812K(14411968K), 0.4904430 secs]
2018-05-17T11:27:34.511+0000: 537294.131: [GC 8163724K->1427431K(14423040K), 0.7509170 secs]
2018-05-17T11:28:31.075+0000: 537350.696: [GC 8249767K->1480021K(14368192K), 0.9685740 secs]
2018-05-17T11:28:52.003+0000: 537371.624: [GC 8302357K->1402258K(14416320K), 0.4983000 secs]
2018-05-17T11:29:11.524+0000: 537391.144: [GC 8210450K->1405432K(14411968K), 0.4521080 secs]
2018-05-17T11:29:32.798+0000: 537412.418: [GC 8213624K->1434055K(14426944K), 0.5395660 secs]
2018-05-17T11:29:49.758+0000: 537429.379: [GC 8260679K->1436817K(14419776K), 0.4994450 secs]
2018-05-17T11:30:11.214+0000: 537450.835: [GC 8263441K->1444650K(14438144K), 0.4408240 secs]
2018-05-17T11:30:29.099+0000: 537468.720: [GC 8295338K->1464674K(14432640K), 0.4713040 secs]
2018-05-17T11:30:46.883+0000: 537486.504: [GC 8315362K->1473349K(14451648K), 0.4635410 secs]
2018-05-17T11:31:08.218+0000: 537507.838: [GC 8350405K->1499171K(14445504K), 0.5551910 secs]
2018-05-17T11:31:27.150+0000: 537526.771: [GC 8376227K->1499975K(14465344K), 0.4993850 secs]
2018-05-17T11:31:48.916+0000: 537548.536: [GC 8405255K->1517250K(14460032K), 0.5170880 secs]
2018-05-17T11:32:07.588+0000: 537567.209: [GC 8422530K->1526283K(14476480K), 0.4446570 secs]
2018-05-17T11:32:25.691+0000: 537585.312: [GC 8454219K->1543922K(14471552K), 0.4972790 secs]
2018-05-17T11:33:13.210+0000: 537632.830: [GC 8471858K->1623385K(14456256K), 0.8051620 secs]
2018-05-17T11:34:02.573+0000: 537682.193: [GC 8541401K->1661381K(14454464K), 0.9785570 secs]
2018-05-17T11:35:00.692+0000: 537740.312: [GC 8579397K->1666997K(14422976K), 0.9562340 secs]
2018-05-17T11:35:54.874+0000: 537794.494: [GC 8524341K->1653397K(14368384K), 0.7120380 secs]
2018-05-17T11:36:13.039+0000: 537812.659: [GC 8510741K->1585128K(14438400K), 0.4086570 secs]
2018-05-17T11:36:32.181+0000: 537831.802: [GC 8440552K->1594733K(14437120K), 0.4457980 secs]
2018-05-17T11:37:32.478+0000: 537892.098: [GC 8450157K->1697314K(14418816K), 0.9294490 secs]
2018-05-17T11:38:30.956+0000: 537950.577: [GC 8537634K->1704360K(14370240K), 0.8282000 secs]
2018-05-17T11:40:20.710+0000: 538060.331: [GC 8544680K->1709266K(14414848K), 0.8044920 secs]
2018-05-17T11:41:35.443+0000: 538135.064: [GC 8526418K->1721416K(14339904K), 0.9409650 secs]
2018-05-17T11:42:55.230+0000: 538214.850: [GC 8538568K->1741023K(14410496K), 0.9758150 secs]
2018-05-17T11:44:26.589+0000: 538306.210: [GC 8548575K->1740726K(14413824K), 0.9141560 secs]
2018-05-17T11:45:18.914+0000: 538358.535: [GC 8548278K->1756142K(14417216K), 0.8056050 secs]
2018-05-17T11:45:50.786+0000: 538390.407: [GC 8569518K->1719908K(14416256K), 0.6342850 secs]
2018-05-17T11:46:09.573+0000: 538409.194: [GC 8533284K->1697062K(14423936K), 0.4627080 secs]
2018-05-17T11:46:35.872+0000: 538435.493: [GC 8524390K->1720217K(14423488K), 0.5597020 secs]
2018-05-17T11:47:29.801+0000: 538489.421: [GC 8547545K->1799746K(14419904K), 0.9170640 secs]
2018-05-17T11:48:34.733+0000: 538554.353: [GC 8628162K->1807469K(14354688K), 0.9481700 secs]
2018-05-17T11:49:23.535+0000: 538603.156: [GC 8635885K->1819565K(14418048K), 0.9603710 secs]
2018-05-17T11:49:53.012+0000: 538632.633: [GC 8639789K->1757832K(14420160K), 0.5368640 secs]
2018-05-17T11:50:11.021+0000: 538650.642: [GC 8578056K->1748666K(14424256K), 0.4229190 secs]
2018-05-17T11:51:18.952+0000: 538718.573: [GC 8576058K->1817911K(14423232K), 0.8124580 secs]
2018-05-17T11:53:09.800+0000: 538829.421: [GC 8645303K->1822139K(14437440K), 0.7444170 secs]
2018-05-17T11:53:26.634+0000: 538846.255: [GC 8668923K->1786484K(14429440K), 0.5367970 secs]
2018-05-17T11:53:43.956+0000: 538863.577: [GC 8633268K->1780266K(14439424K), 0.4687020 secs]
2018-05-17T11:54:06.672+0000: 538886.293: [GC 8638506K->1792273K(14438912K), 0.4874890 secs]
2018-05-17T11:54:24.673+0000: 538904.293: [GC 8650513K->1790047K(14444672K), 0.4477770 secs]
2018-05-17T11:54:59.990+0000: 538939.611: [GC 8657183K->1850733K(14442560K), 0.4732400 secs]
2018-05-17T11:55:37.876+0000: 538977.497: [GC 8717869K->1851979K(14457216K), 0.6566540 secs]
2018-05-17T11:55:54.227+0000: 538993.848: [GC 8738699K->1836288K(14449600K), 0.5521190 secs]
2018-05-17T11:56:12.829+0000: 539012.450: [GC 8723008K->1834236K(14466560K), 0.4815160 secs]
2018-05-17T11:56:31.487+0000: 539031.107: [GC 8743292K->1847788K(14462592K), 0.5192880 secs]
2018-05-17T11:56:49.370+0000: 539048.991: [GC 8756844K->1840446K(14474176K), 0.4439510 secs]
2018-05-17T11:57:25.846+0000: 539085.467: [GC 8766270K->1898603K(14471744K), 0.7479840 secs]
2018-05-17T11:58:27.516+0000: 539147.137: [GC 8824427K->1941806K(14448064K), 0.9085710 secs]
2018-05-17T11:59:20.469+0000: 539200.090: [GC 8843438K->1943787K(14417024K), 0.7412540 secs]
2018-05-17T11:59:46.781+0000: 539226.402: [GC 8845419K->1896847K(14459136K), 0.5436100 secs]
2018-05-17T12:00:03.258+0000: 539242.878: [GC 8790031K->1896611K(14454144K), 0.4682060 secs]
2018-05-17T12:00:20.544+0000: 539260.165: [GC 8789795K->1903337K(14466368K), 0.4341900 secs]
2018-05-17T12:00:44.444+0000: 539284.065: [GC 8812201K->1931261K(14462592K), 0.5768560 secs]
2018-05-17T12:01:05.266+0000: 539304.886: [GC 8840125K->1917320K(14476672K), 0.4617590 secs]
2018-05-17T12:01:39.935+0000: 539339.555: [GC 8847752K->1975996K(14473856K), 0.6862830 secs]
2018-05-17T12:02:39.192+0000: 539398.813: [GC 8906428K->2028935K(14442752K), 0.9752540 secs]
2018-05-17T12:03:44.706+0000: 539464.327: [GC 8926983K->2035090K(14423104K), 0.9311540 secs]
2018-05-17T12:04:27.128+0000: 539506.749: [GC 8933138K->2011699K(14455040K), 0.6983620 secs]
2018-05-17T12:04:44.903+0000: 539524.523: [GC 8896115K->1972720K(14449472K), 0.4841440 secs]
2018-05-17T12:05:04.315+0000: 539543.936: [GC 8857136K->1983084K(14459584K), 0.4637910 secs]
2018-05-17T12:06:01.918+0000: 539601.539: [GC 8879084K->2072412K(14425600K), 0.9079220 secs]
2018-05-17T12:06:55.725+0000: 539655.345: [GC 8968412K->2081856K(14431104K), 0.8698080 secs]
2018-05-17T12:07:35.669+0000: 539695.290: [GC 8940736K->2075180K(14439488K), 0.7638210 secs]
2018-05-17T12:07:53.278+0000: 539712.899: [GC 8934060K->2018096K(14441728K), 0.4522570 secs]
2018-05-17T12:08:10.374+0000: 539729.995: [GC 8879984K->2046847K(14440256K), 0.5623360 secs]
2018-05-17T12:08:31.047+0000: 539750.668: [GC 8908735K->2050135K(14451648K), 0.4968020 secs]
2018-05-17T12:08:47.432+0000: 539767.053: [GC 8929175K->2061150K(14447488K), 0.5268450 secs]
2018-05-17T12:09:12.320+0000: 539791.940: [GC 8940190K->2077631K(14461120K), 0.4918100 secs]
2018-05-17T12:09:30.271+0000: 539809.892: [GC 8974527K->2075554K(14455872K), 0.4351770 secs]
2018-05-17T12:09:47.015+0000: 539826.635: [GC 8972450K->2097210K(14467904K), 0.4739570 secs]
2018-05-17T12:10:40.439+0000: 539880.060: [GC 9008378K->2193359K(14440256K), 0.7686480 secs]
2018-05-17T12:11:48.070+0000: 539947.691: [GC 9104527K->2219692K(14427264K), 0.9679490 secs]
2018-05-17T12:12:51.865+0000: 540011.486: [GC 9080108K->2238249K(14390144K), 0.9142970 secs]
2018-05-17T12:13:23.519+0000: 540043.140: [GC 9098665K->2188842K(14438144K), 0.5642380 secs]
2018-05-17T12:13:42.134+0000: 540061.755: [GC 9038378K->2179144K(14431488K), 0.4209410 secs]
2018-05-17T12:14:04.783+0000: 540084.404: [GC 9028680K->2208636K(14445696K), 0.5203170 secs]
2018-05-17T12:14:24.464+0000: 540104.084: [GC 9073980K->2213060K(14439744K), 0.5096910 secs]
2018-05-17T12:14:42.802+0000: 540122.423: [GC 9078404K->2219218K(14455552K), 0.4770500 secs]
2018-05-17T12:15:50.125+0000: 540189.746: [GC 9105554K->2318062K(14415552K), 0.9014170 secs]
2018-05-17T12:16:29.800+0000: 540229.421: [GC 9204398K->2309441K(14442880K), 0.7441980 secs]
2018-05-17T12:17:13.379+0000: 540273.000: [GC 9174721K->2323687K(14442496K), 0.7558930 secs]
2018-05-17T12:17:31.009+0000: 540290.630: [GC 9188967K->2287124K(14448768K), 0.4803430 secs]
2018-05-17T12:17:47.955+0000: 540307.576: [GC 9160724K->2292850K(14444928K), 0.4532170 secs]
2018-05-17T12:18:09.814+0000: 540329.435: [GC 9166450K->2319632K(14458752K), 0.5083220 secs]
2018-05-17T12:18:27.599+0000: 540347.220: [GC 9210320K->2333537K(14452032K), 0.5325000 secs]
2018-05-17T12:18:48.271+0000: 540367.891: [GC 9224225K->2344112K(14470912K), 0.5213280 secs]
2018-05-17T12:19:05.466+0000: 540385.087: [GC 9260144K->2353745K(14465216K), 0.5012810 secs]
2018-05-17T12:19:23.616+0000: 540403.236: [GC 9269777K->2364533K(14480256K), 0.4865200 secs]
2018-05-17T12:20:08.038+0000: 540447.658: [GC 9300405K->2437424K(14443264K), 0.7460020 secs]
2018-05-17T12:20:46.845+0000: 540486.466: [GC 7313362K->2414083K(14477696K), 0.5709780 secs]
2018-05-17T12:20:47.416+0000: 540487.037: [Full GC 2414083K->1253347K(14477696K), 3.5771470 secs]
2018-05-17T12:21:44.949+0000: 540544.570: [GC 8182435K->1436393K(14452224K), 0.8497730 secs]
2018-05-17T12:22:11.619+0000: 540571.239: [GC 8365481K->1397900K(14471296K), 0.6021650 secs]
2018-05-17T12:22:28.490+0000: 540588.110: [GC 8313740K->1389658K(14464640K), 0.4812970 secs]
2018-05-17T12:22:59.732+0000: 540619.352: [GC 8305498K->1413748K(14480960K), 0.5896470 secs]
2018-05-17T12:23:56.525+0000: 540676.146: [GC 8349044K->1476890K(14453184K), 0.8298610 secs]
2018-05-17T12:24:59.269+0000: 540738.889: [GC 8412186K->1491408K(14449920K), 0.5261430 secs]
2018-05-17T12:25:28.269+0000: 540767.890: [GC 8391120K->1436132K(14459904K), 0.5134610 secs]
2018-05-17T12:25:50.971+0000: 540790.592: [GC 8335844K->1432656K(14467392K), 0.5172330 secs]
2018-05-17T12:26:18.423+0000: 540818.044: [GC 8344592K->1425318K(14464640K), 0.4316550 secs]
2018-05-17T12:26:41.125+0000: 540840.745: [GC 8337254K->1443144K(14472512K), 0.4870800 secs]
2018-05-17T12:26:59.874+0000: 540859.495: [GC 8364168K->1478962K(14468608K), 0.6625270 secs]
2018-05-17T12:27:20.847+0000: 540880.468: [GC 8399986K->1461350K(14482176K), 0.5385180 secs]
2018-05-17T12:27:41.122+0000: 540900.743: [GC 8401126K->1462717K(14477696K), 0.4882540 secs]
2018-05-17T12:28:01.521+0000: 540921.141: [GC 8402493K->1478114K(14490496K), 0.5215720 secs]
2018-05-17T12:28:22.434+0000: 540942.055: [GC 8434274K->1491121K(14485760K), 0.5558950 secs]
2018-05-17T12:28:42.834+0000: 540962.455: [GC 8447281K->1501777K(14502400K), 0.5920380 secs]
2018-05-17T12:29:00.483+0000: 540980.104: [GC 8480465K->1497763K(14496384K), 0.5324630 secs]
2018-05-17T12:29:21.573+0000: 541001.194: [GC 8476451K->1505217K(14510080K), 0.5349010 secs]
2018-05-17T12:29:45.182+0000: 541024.803: [GC 8501313K->1500665K(14506112K), 0.4621780 secs]
2018-05-17T12:30:05.893+0000: 541045.514: [GC 8496761K->1519696K(14517120K), 0.5119410 secs]
2018-05-17T12:30:26.707+0000: 541066.327: [GC 8529040K->1525655K(14512320K), 0.5163150 secs]
2018-05-17T12:30:48.324+0000: 541087.944: [GC 8534999K->1516650K(14522880K), 0.4453860 secs]
2018-05-17T12:31:09.890+0000: 541109.511: [GC 8540906K->1527658K(14521472K), 0.5203900 secs]
2018-05-17T12:31:32.269+0000: 541131.890: [GC 8551914K->1535537K(14528128K), 0.5142190 secs]
2018-05-17T12:31:52.908+0000: 541152.528: [GC 8568753K->1553841K(14525184K), 0.5837890 secs]
2018-05-17T12:32:14.373+0000: 541173.994: [GC 8587057K->1548206K(14531008K), 0.5314200 secs]
2018-05-17T12:32:35.696+0000: 541195.317: [GC 8587694K->1550329K(14528576K), 0.5057050 secs]
2018-05-17T12:32:55.113+0000: 541214.733: [GC 8589817K->1555953K(14534656K), 0.4772880 secs]
2018-05-17T12:33:16.445+0000: 541236.066: [GC 8603377K->1577197K(14532864K), 0.5780310 secs]
2018-05-17T12:33:38.525+0000: 541258.145: [GC 8624621K->1568518K(14536768K), 0.4825010 secs]
2018-05-17T12:33:59.955+0000: 541279.576: [GC 8620742K->1585026K(14535552K), 0.5496160 secs]
2018-05-17T12:34:20.920+0000: 541300.540: [GC 8637250K->1586571K(14541248K), 0.5624020 secs]
2018-05-17T12:34:41.621+0000: 541321.242: [GC 8646859K->1582268K(14539136K), 0.4645340 secs]
2018-05-17T12:35:02.438+0000: 541342.059: [GC 8642556K->1597669K(14544128K), 0.4904990 secs]
2018-05-17T12:35:22.640+0000: 541362.261: [GC 8663269K->1620951K(14535488K), 0.5631610 secs]
2018-05-17T12:35:42.014+0000: 541381.635: [GC 8686551K->1613336K(14541888K), 0.5681230 secs]
2018-05-17T12:36:05.023+0000: 541404.644: [GC 8675096K->1600237K(14539968K), 0.4529080 secs]
2018-05-17T12:36:25.651+0000: 541425.271: [GC 8661997K->1612401K(14542272K), 0.4556980 secs]
2018-05-17T12:36:47.445+0000: 541447.066: [GC 8676081K->1627397K(14541504K), 0.5179980 secs]
2018-05-17T12:37:07.573+0000: 541467.193: [GC 8691077K->1645704K(14540224K), 0.5627530 secs]
2018-05-17T12:37:27.268+0000: 541486.889: [GC 8710664K->1647308K(14542528K), 0.5813480 secs]
2018-05-17T12:37:49.883+0000: 541509.504: [GC 8712268K->1639285K(14543680K), 0.4845030 secs]
2018-05-17T12:38:08.315+0000: 541527.935: [GC 8705717K->1653178K(14542848K), 0.5154840 secs]
2018-05-17T12:38:30.216+0000: 541549.836: [GC 8719610K->1655820K(14547008K), 0.4780940 secs]
2018-05-17T12:38:51.198+0000: 541570.819: [GC 8728460K->1678718K(14534784K), 0.5699040 secs]
2018-05-17T12:39:10.390+0000: 541590.010: [GC 8751358K->1689363K(14540416K), 0.5955040 secs]
2018-05-17T12:39:32.718+0000: 541612.338: [GC 8754963K->1669674K(14503552K), 0.4775990 secs]
2018-05-17T12:39:54.852+0000: 541634.473: [GC 8735274K->1678094K(14543296K), 0.4660230 secs]
2018-05-17T12:40:18.026+0000: 541657.646: [GC 8743758K->1675938K(14542464K), 0.4286470 secs]
2018-05-17T12:40:39.248+0000: 541678.868: [GC 8741602K->1695030K(14545472K), 0.4813510 secs]
2018-05-17T12:41:01.769+0000: 541701.390: [GC 8763702K->1696611K(14543296K), 0.4510160 secs]
2018-05-17T12:41:20.777+0000: 541720.398: [GC 8765283K->1705776K(14549376K), 0.5245930 secs]
2018-05-17T12:41:45.180+0000: 541744.801: [GC 8782576K->1698635K(14547520K), 0.2949780 secs]
2018-05-17T12:42:35.973+0000: 541795.594: [GC 8775435K->1723505K(14547328K), 0.5187220 secs]
2018-05-17T12:42:58.170+0000: 541817.791: [GC 8799857K->1696143K(14493760K), 0.3312780 secs]
2018-05-17T12:43:23.372+0000: 541842.993: [GC 8772495K->1706857K(14543424K), 0.3783450 secs]
2018-05-17T12:43:45.859+0000: 541865.479: [GC 8775273K->1716615K(14544256K), 0.3850450 secs]
2018-05-17T12:45:08.217+0000: 541947.838: [GC 8785031K->1768683K(14528128K), 0.5297610 secs]
2018-05-17T12:45:29.913+0000: 541969.534: [GC 8820971K->1766252K(14510336K), 0.5382960 secs]
2018-05-17T12:45:55.433+0000: 541995.054: [GC 8818540K->1762142K(14538176K), 0.5058680 secs]
2018-05-17T12:46:14.412+0000: 542014.033: [GC 8815518K->1773279K(14535296K), 0.5464950 secs]
2018-05-17T12:46:38.656+0000: 542038.277: [GC 8826655K->1785822K(14536768K), 0.5713260 secs]
2018-05-17T12:47:01.285+0000: 542060.905: [GC 8841694K->1791927K(14537984K), 0.5662470 secs]
2018-05-17T12:47:21.798+0000: 542081.418: [GC 8847799K->1788618K(14541184K), 0.4752530 secs]
2018-05-17T12:47:44.149+0000: 542103.770: [GC 8847690K->1799187K(14537984K), 0.5192970 secs]
2018-05-17T12:48:05.234+0000: 542124.854: [GC 8858259K->1811908K(14541952K), 0.5796490 secs]
2018-05-17T12:48:27.194+0000: 542146.815: [GC 8876356K->1818710K(14523456K), 0.5750070 secs]
2018-05-17T12:48:47.966+0000: 542167.587: [GC 8883158K->1818356K(14544448K), 0.5319440 secs]
2018-05-17T12:49:36.161+0000: 542215.781: [GC 8884660K->1859526K(14541952K), 0.7305240 secs]
2018-05-17T12:50:03.604+0000: 542243.225: [GC 8925830K->1835793K(14523264K), 0.4309620 secs]
2018-05-17T12:50:21.367+0000: 542260.987: [GC 8880913K->1850558K(14532608K), 0.4725450 secs]
2018-05-17T12:51:34.068+0000: 542333.688: [GC 8895678K->1936481K(14481792K), 0.9441300 secs]
2018-05-17T12:52:59.347+0000: 542418.968: [GC 8933089K->1999415K(14508352K), 0.9825990 secs]
2018-05-17T12:54:08.880+0000: 542488.501: [GC 8996023K->2015209K(14425536K), 0.8562290 secs]
2018-05-17T12:54:28.023+0000: 542507.644: [GC 8929001K->1948710K(14466944K), 0.4580200 secs]
2018-05-17T12:54:45.531+0000: 542525.152: [GC 8862502K->1957668K(14469440K), 0.4427980 secs]
2018-05-17T12:55:42.057+0000: 542581.678: [GC 8874340K->2054969K(14445440K), 0.9397330 secs]
2018-05-17T12:56:42.254+0000: 542641.875: [GC 8971641K->2029437K(14458432K), 0.7118510 secs]
2018-05-17T12:57:00.024+0000: 542659.644: [GC 8923069K->1989125K(14455296K), 0.4468010 secs]
2018-05-17T12:57:24.677+0000: 542684.298: [GC 8882757K->2006813K(14464192K), 0.5378760 secs]
2018-05-17T12:58:30.873+0000: 542750.493: [GC 8910557K->2099093K(14436864K), 0.9575410 secs]
2018-05-17T12:59:32.449+0000: 542812.069: [GC 9002837K->2107541K(14428160K), 0.9478150 secs]
2018-05-17T13:00:26.161+0000: 542865.782: [GC 8964757K->2116775K(14388096K), 0.8367150 secs]
2018-05-17T13:01:10.744+0000: 542910.364: [GC 8973991K->2088391K(14437760K), 0.4177470 secs]
2018-05-17T13:01:38.686+0000: 542938.307: [GC 8936263K->2055199K(14430208K), 0.5248660 secs]
2018-05-17T13:01:56.098+0000: 542955.719: [GC 8903071K->2049448K(14442624K), 0.4472970 secs]
2018-05-17T13:02:20.874+0000: 542980.495: [GC 8913192K->2066328K(14441216K), 0.5054810 secs]
2018-05-17T13:02:40.930+0000: 543000.551: [GC 8930072K->2067258K(14451648K), 0.5036410 secs]
2018-05-17T13:02:59.403+0000: 543019.024: [GC 8946106K->2062231K(14447296K), 0.4498220 secs]
2018-05-17T13:03:58.055+0000: 543077.676: [GC 8941079K->2157125K(14433600K), 0.7464980 secs]
2018-05-17T13:04:36.333+0000: 543115.953: [GC 9025221K->2132251K(14444096K), 0.6296980 secs]
2018-05-17T13:04:59.559+0000: 543139.180: [GC 9000347K->2100469K(14454528K), 0.4560380 secs]
2018-05-17T13:05:16.480+0000: 543156.101: [GC 8985013K->2098093K(14450112K), 0.4267420 secs]
2018-05-17T13:05:51.550+0000: 543191.170: [GC 8982637K->2150058K(14461568K), 0.7074590 secs]
2018-05-17T13:06:31.946+0000: 543231.566: [GC 9049066K->2155877K(14457536K), 0.7036280 secs]
2018-05-17T13:06:49.622+0000: 543249.242: [GC 9054885K->2123019K(14469504K), 0.4774190 secs]
2018-05-17T13:07:16.548+0000: 543276.168: [GC 9038603K->2136817K(14466176K), 0.4997680 secs]
2018-05-17T13:07:34.303+0000: 543293.924: [GC 9052401K->2135027K(14477888K), 0.4446710 secs]
2018-05-17T13:07:52.139+0000: 543311.760: [GC 9067443K->2140000K(14474624K), 0.4606060 secs]
2018-05-17T13:08:17.782+0000: 543337.402: [GC 9072416K->2162351K(14488128K), 0.5345290 secs]
2018-05-17T13:08:35.784+0000: 543355.404: [GC 9111791K->2156469K(14481408K), 0.4673890 secs]
2018-05-17T13:09:23.517+0000: 543403.138: [GC 9105909K->2206400K(14485440K), 0.6486130 secs]
2018-05-17T13:10:33.865+0000: 543473.486: [GC 9163968K->2255664K(14484992K), 0.8496660 secs]
2018-05-17T13:11:25.971+0000: 543525.591: [GC 9213232K->2222510K(14460416K), 0.4563670 secs]
2018-05-17T13:12:21.822+0000: 543581.442: [GC 9147822K->2255856K(14434688K), 0.8122130 secs]
2018-05-17T13:13:27.024+0000: 543646.645: [GC 9181168K->2286378K(14437696K), 0.8299550 secs]
2018-05-17T13:14:31.275+0000: 543710.895: [GC 9169578K->2293104K(14413056K), 0.8975900 secs]
2018-05-17T13:15:02.494+0000: 543742.115: [GC 9176304K->2232130K(14447168K), 0.5317340 secs]
2018-05-17T13:15:41.184+0000: 543780.804: [GC 9100930K->2264264K(14441728K), 0.7057360 secs]
2018-05-17T13:16:04.907+0000: 543804.527: [GC 9133064K->2227858K(14456384K), 0.4769300 secs]
2018-05-17T13:16:26.344+0000: 543825.965: [GC 9119634K->2233928K(14455488K), 0.4549160 secs]
2018-05-17T13:16:59.749+0000: 543859.370: [GC 9125704K->2261371K(14464640K), 0.5732950 secs]
2018-05-17T13:17:24.037+0000: 543883.658: [GC 9164155K->2262699K(14458240K), 0.5471250 secs]
2018-05-17T13:17:43.881+0000: 543903.502: [GC 9165483K->2261305K(14473920K), 0.5098270 secs]
2018-05-17T13:18:06.821+0000: 543926.442: [GC 9185017K->2272372K(14469888K), 0.5324620 secs]
2018-05-17T13:18:29.569+0000: 543949.190: [GC 9196084K->2289206K(14486016K), 0.5396130 secs]
2018-05-17T13:18:53.262+0000: 543972.882: [GC 9234230K->2291680K(14479104K), 0.5444160 secs]
2018-05-17T13:19:14.022+0000: 543993.643: [GC 9236704K->2299900K(14495616K), 0.5802320 secs]
2018-05-17T13:19:34.556+0000: 544014.177: [GC 9266300K->2295123K(14490880K), 0.4974820 secs]
2018-05-17T13:19:57.806+0000: 544037.427: [GC 9261523K->2312886K(14504064K), 0.4957590 secs]
2018-05-17T13:20:19.864+0000: 544059.485: [GC 9295542K->2324877K(14498688K), 0.5401010 secs]
2018-05-17T13:20:39.886+0000: 544079.507: [GC 9307533K->2318537K(14511424K), 0.4564600 secs]
2018-05-17T13:20:51.000+0000: 544090.621: [GC 5770224K->2272952K(14388992K), 0.2197990 secs]
2018-05-17T13:20:51.220+0000: 544090.841: [Full GC 2272952K->1222775K(14388992K), 3.8329860 secs]
2018-05-17T13:21:16.403+0000: 544116.023: [GC 8215159K->1348682K(14507008K), 0.4605840 secs]
2018-05-17T13:21:39.474+0000: 544139.095: [GC 8340810K->1356317K(14505216K), 0.5247690 secs]
2018-05-17T13:22:02.160+0000: 544161.781: [GC 8348445K->1362858K(14517632K), 0.3506820 secs]
2018-05-17T13:22:25.186+0000: 544184.807: [GC 8373034K->1361779K(14512640K), 0.4724570 secs]
2018-05-17T13:22:44.692+0000: 544204.312: [GC 8371955K->1366837K(14523840K), 0.4578080 secs]
2018-05-17T13:23:08.702+0000: 544228.323: [GC 8391541K->1372631K(14520960K), 0.4532400 secs]
2018-05-17T13:23:32.883+0000: 544252.504: [GC 8397335K->1387970K(14530304K), 0.4914970 secs]
2018-05-17T13:23:58.169+0000: 544277.790: [GC 8424642K->1387250K(14526464K), 0.4871830 secs]
2018-05-17T13:24:20.165+0000: 544299.785: [GC 8423922K->1403511K(14534784K), 0.5419020 secs]
2018-05-17T13:24:45.394+0000: 544325.015: [GC 8450807K->1399340K(14532608K), 0.4841150 secs]
2018-05-17T13:25:09.261+0000: 544348.881: [GC 8446636K->1407017K(14539072K), 0.4914970 secs]
2018-05-17T13:25:31.266+0000: 544370.887: [GC 8462825K->1431681K(14536832K), 0.5631250 secs]
2018-05-17T13:25:52.927+0000: 544392.548: [GC 8487489K->1432126K(14538496K), 0.5625260 secs]
2018-05-17T13:26:14.815+0000: 544414.436: [GC 8487614K->1425450K(14537088K), 0.4724040 secs]
2018-05-17T13:26:36.370+0000: 544435.991: [GC 8480938K->1448721K(14540224K), 0.5250830 secs]
2018-05-17T13:27:00.098+0000: 544459.719: [GC 8508497K->1457211K(14539648K), 0.5331090 secs]
2018-05-17T13:27:18.022+0000: 544477.643: [GC 8516987K->1454904K(14542336K), 0.4805360 secs]
2018-05-17T13:27:35.788+0000: 544495.408: [GC 8518456K->1467636K(14541312K), 0.5111690 secs]
2018-05-17T13:28:37.763+0000: 544557.384: [GC 8531188K->1554260K(14486528K), 0.9249530 secs]
2018-05-17T13:29:39.734+0000: 544619.355: [GC 8565204K->1634939K(14515520K), 0.9439990 secs]
2018-05-17T13:30:41.677+0000: 544681.298: [GC 8645883K->1680863K(14407104K), 0.8681610 secs]
2018-05-17T13:31:47.775+0000: 544747.396: [GC 8583391K->1733257K(14444864K), 0.9940850 secs]
2018-05-17T13:33:03.985+0000: 544823.605: [GC 8635785K->1733189K(14430848K), 0.9588080 secs]
2018-05-17T13:33:40.063+0000: 544859.684: [GC 8589637K->1678301K(14438272K), 0.5576250 secs]
2018-05-17T13:33:58.728+0000: 544878.349: [GC 8534749K->1661931K(14443328K), 0.4577090 secs]
2018-05-17T13:34:19.925+0000: 544899.546: [GC 8527851K->1677412K(14442688K), 0.5012380 secs]
2018-05-17T13:34:37.131+0000: 544916.751: [GC 8543332K->1684791K(14451072K), 0.4869770 secs]
2018-05-17T13:34:54.243+0000: 544933.863: [GC 8562615K->1691197K(14446848K), 0.4620130 secs]
2018-05-17T13:35:17.486+0000: 544957.107: [GC 8569021K->1707215K(14460672K), 0.4837760 secs]
2018-05-17T13:35:34.738+0000: 544974.358: [GC 8602511K->1702337K(14454720K), 0.4699750 secs]
2018-05-17T13:36:09.340+0000: 545008.960: [GC 8597633K->1731398K(14472896K), 0.5825940 secs]
2018-05-17T13:37:03.132+0000: 545062.753: [GC 8648646K->1814798K(14454272K), 0.9871040 secs]
2018-05-17T13:38:04.172+0000: 545123.793: [GC 8732046K->1814057K(14434048K), 0.8979440 secs]
2018-05-17T13:39:03.347+0000: 545182.967: [GC 8682665K->1830302K(14398784K), 0.8674010 secs]
2018-05-17T13:39:25.224+0000: 545204.845: [GC 8698910K->1765036K(14439424K), 0.5146440 secs]
2018-05-17T13:39:42.526+0000: 545222.147: [GC 8619180K->1764590K(14434816K), 0.4898720 secs]
2018-05-17T13:40:16.933+0000: 545256.553: [GC 8618734K->1814407K(14449600K), 0.6714190 secs]
2018-05-17T13:41:14.343+0000: 545313.964: [GC 8686727K->1868553K(14403840K), 0.9582030 secs]
2018-05-17T13:42:27.668+0000: 545387.288: [GC 8740873K->1864854K(14431680K), 0.7835520 secs]
2018-05-17T13:42:50.550+0000: 545410.171: [GC 8715158K->1799603K(14435200K), 0.4432610 secs]
2018-05-17T13:43:11.408+0000: 545431.028: [GC 8649907K->1801945K(14438208K), 0.3889250 secs]
2018-05-17T13:44:34.943+0000: 545514.564: [GC 8656985K->1924272K(14392064K), 0.8471400 secs]
2018-05-17T13:45:51.868+0000: 545591.489: [GC 8779312K->1952489K(14410368K), 0.9072500 secs]
2018-05-17T13:46:38.688+0000: 545638.309: [GC 8769001K->1907638K(14418304K), 0.5245780 secs]
2018-05-17T13:46:57.432+0000: 545657.053: [GC 8724150K->1906174K(14428864K), 0.4650010 secs]
2018-05-17T13:47:20.788+0000: 545680.408: [GC 8740286K->1918737K(14425344K), 0.4740090 secs]
2018-05-17T13:47:38.912+0000: 545698.533: [GC 8752849K->1931663K(14439360K), 0.4846760 secs]
2018-05-17T13:47:54.862+0000: 545714.482: [GC 8784591K->1943353K(14433664K), 0.4933640 secs]
2018-05-17T13:48:17.220+0000: 545736.841: [GC 8796281K->1974648K(14455808K), 0.5977080 secs]
2018-05-17T13:48:34.858+0000: 545754.479: [GC 8855992K->1966088K(14445632K), 0.4909370 secs]
2018-05-17T13:48:53.594+0000: 545773.214: [GC 8847432K->2015443K(14465792K), 0.6593880 secs]
2018-05-17T13:50:04.640+0000: 545844.260: [GC 8922067K->2091282K(14444672K), 0.9142930 secs]
2018-05-17T13:50:56.678+0000: 545896.299: [GC 8997906K->2105824K(14421312K), 1.0270560 secs]
2018-05-17T13:51:50.920+0000: 545950.540: [GC 8955872K->2116349K(14392000K), 0.9644120 secs]
2018-05-17T13:52:42.984+0000: 546002.605: [GC 8966397K->2122726K(14410880K), 0.9638080 secs]
2018-05-17T13:53:46.472+0000: 546066.093: [GC 8936806K->2125655K(14343680K), 0.8453210 secs]
2018-05-17T13:54:52.159+0000: 546131.779: [GC 8939735K->2133590K(14412416K), 0.9525940 secs]
2018-05-17T13:55:34.409+0000: 546174.029: [GC 8940502K->2092428K(14413504K), 0.6867150 secs]
2018-05-17T13:55:50.871+0000: 546190.491: [GC 8899340K->2073368K(14423040K), 0.4904230 secs]
2018-05-17T13:56:14.330+0000: 546213.951: [GC 8896856K->2082995K(14420544K), 0.5200540 secs]
2018-05-17T13:56:33.656+0000: 546233.277: [GC 8906483K->2101272K(14431744K), 0.5738120 secs]
2018-05-17T13:56:51.554+0000: 546251.174: [GC 8939032K->2086865K(14426112K), 0.4683520 secs]
2018-05-17T13:57:10.876+0000: 546270.497: [GC 8924625K->2099454K(14438976K), 0.5253420 secs]
2018-05-17T13:57:27.868+0000: 546287.489: [GC 8952446K->2106233K(14434112K), 0.5148680 secs]
2018-05-17T13:57:44.734+0000: 546304.355: [GC 8959225K->2105363K(14448640K), 0.4708540 secs]
2018-05-17T13:58:54.662+0000: 546374.283: [GC 8978067K->2198158K(14403456K), 0.9434660 secs]
2018-05-17T13:59:55.580+0000: 546435.201: [GC 9070862K->2205263K(14423104K), 0.7847640 secs]
2018-05-17T14:00:46.705+0000: 546486.326: [GC 9045071K->2199562K(14429952K), 0.7781310 secs]
2018-05-17T14:01:45.697+0000: 546545.318: [GC 9039370K->2222714K(14423232K), 0.8002970 secs]
2018-05-17T14:02:09.545+0000: 546569.166: [GC 9056250K->2155312K(14426816K), 0.2746580 secs]
2018-05-17T14:02:21.449+0000: 546581.070: [GC 8988848K->2155124K(14431616K), 0.3065970 secs]
2018-05-17T14:02:34.475+0000: 546594.096: [GC 8996212K->2145143K(14429568K), 0.2879560 secs]
2018-05-17T14:02:58.289+0000: 546617.910: [GC 8986231K->2162259K(14436096K), 0.4226880 secs]
2018-05-17T14:03:20.838+0000: 546640.459: [GC 9010195K->2184811K(14431936K), 0.4587440 secs]
2018-05-17T14:03:42.072+0000: 546661.693: [GC 9032747K->2200909K(14453120K), 0.5425210 secs]
2018-05-17T14:04:02.248+0000: 546681.868: [GC 9077837K->2199094K(14443904K), 0.4793960 secs]
2018-05-17T14:04:23.231+0000: 546702.852: [GC 9076022K->2208670K(14467200K), 0.4898660 secs]
2018-05-17T14:04:44.475+0000: 546724.095: [GC 9115934K->2221885K(14460160K), 0.5226530 secs]
2018-05-17T14:05:05.333+0000: 546744.953: [GC 9129149K->2231144K(14482176K), 0.4973290 secs]
2018-05-17T14:05:25.184+0000: 546764.805: [GC 9168168K->2229425K(14474944K), 0.4672770 secs]
2018-05-17T14:05:46.925+0000: 546786.545: [GC 9166449K->2253657K(14494080K), 0.5338000 secs]
2018-05-17T14:06:09.444+0000: 546809.064: [GC 9214745K->2261872K(14487104K), 0.5055310 secs]
2018-05-17T14:06:32.109+0000: 546831.730: [GC 9222960K->2274907K(14505536K), 0.5251170 secs]
2018-05-17T14:06:51.564+0000: 546851.184: [GC 9260123K->2287209K(14499776K), 0.5648280 secs]
2018-05-17T14:07:12.930+0000: 546872.550: [GC 9272425K->2289409K(14515072K), 0.5200130 secs]
2018-05-17T14:07:35.567+0000: 546895.187: [GC 9295297K->2297162K(14510912K), 0.5148530 secs]
2018-05-17T14:07:57.680+0000: 546917.301: [GC 9303050K->2308321K(14523008K), 0.5581070 secs]
2018-05-17T14:08:19.751+0000: 546939.372: [GC 9329889K->2310675K(14518656K), 0.5553480 secs]
2018-05-17T14:08:42.560+0000: 546962.181: [GC 9332243K->2306992K(14527872K), 0.5107990 secs]
2018-05-17T14:09:03.869+0000: 546983.490: [GC 9341104K->2308363K(14526336K), 0.4804850 secs]
2018-05-17T14:09:33.001+0000: 547012.622: [GC 9342475K->2320324K(14531520K), 0.5061090 secs]
2018-05-17T14:09:55.346+0000: 547034.967: [GC 9360580K->2329463K(14528832K), 0.5344590 secs]
2018-05-17T14:10:18.170+0000: 547057.790: [GC 9369719K->2327366K(14536000K), 0.4780240 secs]
2018-05-17T14:10:37.946+0000: 547077.566: [GC 9377798K->2340690K(14534528K), 0.5124660 secs]
2018-05-17T14:11:01.743+0000: 547101.364: [GC 9391122K->2345166K(14540800K), 0.4679040 secs]
2018-05-17T14:11:23.647+0000: 547123.267: [GC 9404686K->2375290K(14529792K), 0.6015900 secs]
2018-05-17T14:11:45.586+0000: 547145.207: [GC 9434810K->2367292K(14539072K), 0.5225370 secs]
2018-05-17T14:12:08.830+0000: 547168.451: [GC 9422844K->2373930K(14536576K), 0.5291920 secs]
2018-05-17T14:12:26.220+0000: 547185.841: [GC 9429482K->2394777K(14537344K), 0.5898040 secs]
2018-05-17T14:12:47.519+0000: 547207.140: [GC 9453465K->2396829K(14520576K), 0.6011220 secs]
2018-05-17T14:13:07.982+0000: 547227.603: [GC 9455517K->2404171K(14539648K), 0.6014600 secs]
2018-05-17T14:13:26.858+0000: 547246.478: [GC 9463051K->2402644K(14539328K), 0.5356640 secs]
2018-05-17T14:13:48.136+0000: 547267.757: [GC 9461524K->2415629K(14541696K), 0.5493830 secs]
2018-05-17T14:14:09.677+0000: 547289.297: [GC 9478925K->2419108K(14541696K), 0.5666600 secs]
2018-05-17T14:14:29.758+0000: 547309.379: [GC 9482404K->2414953K(14543168K), 0.5234220 secs]
2018-05-17T14:14:50.807+0000: 547330.427: [GC 9480489K->2425232K(14542464K), 0.5201330 secs]
2018-05-17T14:15:12.579+0000: 547352.199: [GC 9490768K->2438694K(14545344K), 0.5165690 secs]
2018-05-17T14:15:31.293+0000: 547370.913: [GC 9508710K->2458283K(14540544K), 0.6027410 secs]
2018-05-17T14:15:50.036+0000: 547389.657: [GC 9528299K->2453939K(14543552K), 0.4824050 secs]
2018-05-17T14:16:13.576+0000: 547413.196: [GC 9519219K->2446531K(14541824K), 0.4580400 secs]
2018-05-17T14:16:37.020+0000: 547436.640: [GC 9511811K->2461687K(14543936K), 0.4934460 secs]
2018-05-17T14:16:57.744+0000: 547457.365: [GC 9528311K->2482888K(14530688K), 0.5771330 secs]
2018-05-17T14:17:20.390+0000: 547480.011: [GC 9549512K->2469165K(14542784K), 0.5256080 secs]
2018-05-17T14:17:41.543+0000: 547501.163: [GC 9534509K->2472381K(14542656K), 0.4713350 secs]
2018-05-17T14:18:00.709+0000: 547520.329: [GC 9537725K->2506181K(14534912K), 0.6032420 secs]
2018-05-17T14:18:20.806+0000: 547540.427: [GC 9563973K->2504253K(14538944K), 0.5620130 secs]
2018-05-17T14:18:39.137+0000: 547558.758: [GC 9562045K->2502791K(14541568K), 0.5475050 secs]
2018-05-17T14:19:01.679+0000: 547581.299: [GC 9563591K->2504375K(14539328K), 0.5017220 secs]
2018-05-17T14:19:22.904+0000: 547602.525: [GC 9565175K->2520527K(14543936K), 0.5286460 secs]
2018-05-17T14:19:45.161+0000: 547624.782: [GC 9586895K->2517197K(14542528K), 0.4939320 secs]
2018-05-17T14:20:06.103+0000: 547645.724: [GC 9583565K->2526920K(14545984K), 0.4624940 secs]
2018-05-17T14:20:28.388+0000: 547668.008: [GC 9597320K->2528964K(14544512K), 0.4578180 secs]
2018-05-17T14:20:48.801+0000: 547688.422: [GC 9599364K->2550071K(14545024K), 0.4882330 secs]
2018-05-17T14:20:55.062+0000: 547694.683: [GC 4067596K->2479396K(14445312K), 0.1566240 secs]
2018-05-17T14:20:55.219+0000: 547694.839: [Full GC 2479396K->1237660K(14445312K), 3.9421300 secs]
2018-05-17T14:21:14.002+0000: 547713.622: [GC 8309276K->1366637K(14525120K), 0.5344220 secs]
2018-05-17T14:21:33.647+0000: 547733.268: [GC 8405869K->1379040K(14500544K), 0.5858910 secs]
2018-05-17T14:21:54.002+0000: 547753.623: [GC 8418272K->1383166K(14530240K), 0.5529230 secs]
2018-05-17T14:22:14.818+0000: 547774.439: [GC 8422334K->1373401K(14529024K), 0.4849610 secs]
2018-05-17T14:22:37.654+0000: 547797.275: [GC 8412569K->1380857K(14535040K), 0.4600670 secs]
2018-05-17T14:23:02.140+0000: 547821.761: [GC 8428281K->1381576K(14532480K), 0.4325140 secs]
2018-05-17T14:23:22.624+0000: 547842.245: [GC 8429000K->1401873K(14539136K), 0.4992550 secs]
2018-05-17T14:23:44.293+0000: 547863.914: [GC 8457681K->1410517K(14536768K), 0.5152660 secs]
2018-05-17T14:24:05.359+0000: 547884.980: [GC 8466325K->1421844K(14540288K), 0.5595050 secs]
2018-05-17T14:24:25.490+0000: 547905.110: [GC 8482580K->1422305K(14540416K), 0.5347630 secs]
2018-05-17T14:24:46.828+0000: 547926.448: [GC 8483041K->1420246K(14544640K), 0.4704660 secs]
2018-05-17T14:25:07.579+0000: 547947.200: [GC 8488086K->1441970K(14543296K), 0.4889370 secs]
2018-05-17T14:25:29.039+0000: 547968.659: [GC 8509810K->1447493K(14544768K), 0.4825980 secs]
2018-05-17T14:25:49.632+0000: 547989.253: [GC 8516229K->1453023K(14544064K), 0.4998290 secs]
2018-05-17T14:26:08.969+0000: 548008.589: [GC 8521759K->1454797K(14547200K), 0.5114870 secs]
2018-05-17T14:26:29.607+0000: 548029.227: [GC 8527117K->1466280K(14545216K), 0.5270780 secs]
2018-05-17T14:26:51.717+0000: 548051.338: [GC 8538600K->1475042K(14545984K), 0.5393540 secs]
2018-05-17T14:27:15.299+0000: 548074.919: [GC 8548194K->1461555K(14509632K), 0.4253350 secs]
2018-05-17T14:27:33.993+0000: 548093.614: [GC 8534707K->1484206K(14548288K), 0.5264000 secs]
2018-05-17T14:27:55.376+0000: 548114.997: [GC 8558574K->1481287K(14546176K), 0.4529620 secs]
2018-05-17T14:28:17.135+0000: 548136.756: [GC 8555655K->1502430K(14547648K), 0.5144840 secs]
2018-05-17T14:28:38.670+0000: 548158.290: [GC 8578910K->1509217K(14533888K), 0.5634050 secs]
2018-05-17T14:29:03.022+0000: 548182.643: [GC 8585697K->1509854K(14549824K), 0.4969990 secs]
2018-05-17T14:29:23.807+0000: 548203.428: [GC 8587358K->1517318K(14547776K), 0.5186250 secs]
2018-05-17T14:29:46.821+0000: 548226.441: [GC 8594822K->1527848K(14552576K), 0.5049190 secs]
2018-05-17T14:30:05.943+0000: 548245.564: [GC 8611432K->1535538K(14551104K), 0.4054350 secs]
2018-05-17T14:30:28.179+0000: 548267.800: [GC 8619122K->1564302K(14538560K), 0.5445340 secs]
2018-05-17T14:30:49.508+0000: 548289.129: [GC 8636302K->1563879K(14546048K), 0.4667720 secs]
2018-05-17T14:31:05.662+0000: 548305.282: [GC 8635879K->1580867K(14543104K), 0.5433160 secs]
2018-05-17T14:31:26.150+0000: 548325.771: [GC 8650179K->1591160K(14534912K), 0.5613700 secs]
2018-05-17T14:31:44.291+0000: 548343.912: [GC 8660472K->1592198K(14544064K), 0.5456330 secs]
2018-05-17T14:32:06.165+0000: 548365.786: [GC 8658694K->1606613K(14542528K), 0.5885230 secs]
2018-05-17T14:32:27.413+0000: 548387.034: [GC 8673109K->1616426K(14541184K), 0.5726950 secs]
2018-05-17T14:32:47.113+0000: 548406.734: [GC 8680362K->1617931K(14542016K), 0.5606260 secs]
2018-05-17T14:33:06.484+0000: 548426.104: [GC 8681867K->1629420K(14545152K), 0.5618120 secs]
2018-05-17T14:33:27.100+0000: 548446.721: [GC 8697900K->1640947K(14543424K), 0.5778430 secs]
2018-05-17T14:33:45.813+0000: 548465.434: [GC 8709427K->1645657K(14547264K), 0.5935790 secs]
2018-05-17T14:34:06.595+0000: 548486.216: [GC 8718489K->1651260K(14545664K), 0.5325940 secs]
2018-05-17T14:34:27.589+0000: 548507.210: [GC 8724092K->1656322K(14549440K), 0.5428940 secs]
2018-05-17T14:34:48.196+0000: 548527.817: [GC 8734402K->1666831K(14548736K), 0.5460560 secs]
2018-05-17T14:35:06.661+0000: 548546.281: [GC 8744905K->1664578K(14550720K), 0.4972300 secs]
2018-05-17T14:35:27.376+0000: 548566.997: [GC 8746050K->1684843K(14544384K), 0.5853970 secs]
2018-05-17T14:35:47.778+0000: 548587.399: [GC 8766315K->1692050K(14548928K), 0.5914390 secs]
2018-05-17T14:36:07.057+0000: 548606.678: [GC 8770322K->1688454K(14549184K), 0.5405490 secs]
2018-05-17T14:36:56.526+0000: 548656.146: [GC 8766726K->1783505K(14486528K), 0.9668570 secs]
2018-05-17T14:37:55.752+0000: 548715.372: [GC 8799441K->1864907K(14518016K), 0.9557110 secs]
2018-05-17T14:39:51.434+0000: 548831.055: [GC 8880843K->1893226K(14430336K), 0.9000550 secs]
2018-05-17T14:40:57.535+0000: 548897.155: [GC 8821482K->1895005K(14474176K), 0.6354150 secs]
2018-05-17T14:41:15.693+0000: 548915.314: [GC 8823261K->1858809K(14476608K), 0.4164020 secs]
2018-05-17T14:41:42.131+0000: 548941.751: [GC 8793593K->1876523K(14477440K), 0.5304930 secs]
2018-05-17T14:42:56.727+0000: 549016.348: [GC 8811307K->1960290K(14454912K), 0.9105550 secs]
2018-05-17T14:44:06.338+0000: 549085.958: [GC 8874722K->1960559K(14429632K), 0.8429050 secs]
2018-05-17T14:44:24.953+0000: 549104.574: [GC 8874991K->1891721K(14459200K), 0.4408580 secs]
2018-05-17T14:44:42.191+0000: 549121.812: [GC 8791945K->1907660K(14460160K), 0.4724230 secs]
2018-05-17T14:45:06.096+0000: 549145.716: [GC 8807884K->1908171K(14464192K), 0.4026480 secs]
2018-05-17T14:45:22.190+0000: 549161.810: [GC 8814475K->1928936K(14462208K), 0.4654820 secs]
2018-05-17T14:45:45.624+0000: 549185.244: [GC 8835240K->1943204K(14475584K), 0.5017960 secs]
2018-05-17T14:46:03.637+0000: 549203.258: [GC 8867876K->1933895K(14469184K), 0.4339250 secs]
2018-05-17T14:46:20.343+0000: 549219.964: [GC 8858566K->1940259K(14482496K), 0.4144770 secs]
2018-05-17T14:46:45.302+0000: 549244.922: [GC 8881571K->1946018K(14478912K), 0.4158070 secs]
2018-05-17T14:47:01.151+0000: 549260.772: [GC 8887330K->1958776K(14491968K), 0.4871570 secs]
2018-05-17T14:47:26.488+0000: 549286.108: [GC 8917112K->1975060K(14486464K), 0.5655340 secs]
2018-05-17T14:47:44.102+0000: 549303.722: [GC 8933396K->1965559K(14501952K), 0.4777240 secs]
2018-05-17T14:48:03.499+0000: 549323.120: [GC 8945911K->1973031K(14498496K), 0.5172480 secs]
2018-05-17T14:49:13.579+0000: 549393.200: [GC 8953383K->2064394K(14458816K), 0.9017130 secs]
2018-05-17T14:50:19.262+0000: 549458.883: [GC 9009034K->2093366K(14477248K), 0.8266120 secs]
2018-05-17T14:51:07.079+0000: 549506.700: [GC 9038006K->2103980K(14422336K), 0.8406580 secs]
2018-05-17T14:52:01.388+0000: 549561.008: [GC 8983468K->2109641K(14404672K), 0.9328750 secs]
2018-05-17T14:52:26.836+0000: 549586.457: [GC 8989129K->2058110K(14448000K), 0.5728980 secs]
2018-05-17T14:52:44.277+0000: 549603.897: [GC 8927038K->2044105K(14441024K), 0.4478370 secs]
2018-05-17T14:53:11.473+0000: 549631.093: [GC 8913033K->2081920K(14459840K), 0.6487790 secs]
2018-05-17T14:54:01.318+0000: 549680.939: [GC 8972608K->2145327K(14420352K), 0.9493240 secs]
2018-05-17T14:54:46.627+0000: 549726.248: [GC 9036015K->2152817K(14430784K), 0.8173320 secs]
2018-05-17T14:56:15.270+0000: 549814.891: [GC 9011697K->2152587K(14376256K), 0.7487560 secs]
2018-05-17T14:56:33.856+0000: 549833.477: [GC 9011467K->2069590K(14431552K), 0.3259410 secs]
2018-05-17T14:56:56.710+0000: 549856.331: [GC 8918230K->2087964K(14434368K), 0.4151190 secs]
2018-05-17T14:57:18.389+0000: 549878.010: [GC 8936604K->2094324K(14438592K), 0.3519000 secs]
2018-05-17T14:57:35.956+0000: 549895.577: [GC 8948788K->2098432K(14435968K), 0.3876230 secs]
2018-05-17T14:58:33.625+0000: 549953.246: [GC 8952896K->2197474K(14426688K), 0.8474210 secs]
2018-05-17T14:59:27.633+0000: 550007.253: [GC 9045474K->2220252K(14372608K), 0.9108100 secs]
2018-05-17T15:00:15.950+0000: 550055.571: [GC 9068252K->2234591K(14412864K), 0.9206170 secs]
2018-05-17T15:00:57.149+0000: 550096.770: [GC 9053279K->2313375K(14413440K), 0.7331460 secs]
2018-05-17T15:01:21.121+0000: 550120.741: [GC 9132063K->2278991K(14381312K), 0.6194180 secs]
2018-05-17T15:01:39.625+0000: 550139.246: [GC 9053647K->2276567K(14397376K), 0.5018590 secs]
2018-05-17T15:01:58.800+0000: 550158.421: [GC 9051223K->2291974K(14410944K), 0.5504000 secs]
2018-05-17T15:02:16.108+0000: 550175.729: [GC 9086214K->2290934K(14403392K), 0.4738990 secs]
2018-05-17T15:02:34.567+0000: 550194.188: [GC 9085174K->2294023K(14422912K), 0.4689470 secs]
2018-05-17T15:03:41.144+0000: 550260.764: [GC 9113863K->2363060K(14417024K), 0.7846340 secs]
2018-05-17T15:04:38.925+0000: 550318.546: [GC 9182886K->2401710K(14414208K), 0.9145040 secs]
2018-05-17T15:06:09.159+0000: 550408.780: [GC 9220910K->2400369K(14333184K), 0.8898660 secs]
2018-05-17T15:07:31.209+0000: 550490.830: [GC 9219569K->2353172K(14425792K), 0.5360100 secs]
2018-05-17T15:09:23.903+0000: 550603.523: [GC 9178452K->2390028K(14419584K), 0.6056250 secs]
2018-05-17T15:11:05.809+0000: 550705.429: [GC 9215308K->2419828K(14441856K), 0.7447290 secs]
2018-05-17T15:11:46.312+0000: 550745.932: [GC 9278004K->2397837K(14436416K), 0.5741180 secs]
2018-05-17T15:13:01.544+0000: 550821.164: [GC 9256013K->2474609K(14432960K), 0.8936660 secs]
2018-05-17T15:14:15.273+0000: 550894.893: [GC 9334641K->2484641K(14382208K), 0.9268680 secs]
2018-05-17T15:15:26.634+0000: 550966.255: [GC 9344673K->2501229K(14426688K), 0.8729030 secs]
2018-05-17T15:16:43.252+0000: 551042.872: [GC 9343597K->2511087K(14364736K), 0.8943490 secs]
2018-05-17T15:18:13.339+0000: 551132.959: [GC 9353455K->2524514K(14426560K), 0.9461030 secs]
2018-05-17T15:19:28.438+0000: 551208.059: [GC 9360738K->2532501K(14428160K), 0.8742800 secs]
2018-05-17T15:19:59.008+0000: 551238.629: [GC 9368725K->2487218K(14431296K), 0.5287200 secs]
2018-05-17T15:20:55.287+0000: 551294.908: [GC 9327730K->2563778K(14429312K), 0.9154670 secs]
2018-05-17T15:20:59.171+0000: 551298.792: [GC 3179311K->2415626K(14399488K), 0.1167650 secs]
2018-05-17T15:20:59.288+0000: 551298.909: [Full GC 2415626K->1262795K(14399488K), 4.0820090 secs]
2018-05-17T15:21:33.230+0000: 551332.851: [GC 8071499K->1416316K(14414400K), 0.6758270 secs]
2018-05-17T15:21:49.923+0000: 551349.544: [GC 8225020K->1391617K(14428992K), 0.4161270 secs]
2018-05-17T15:22:02.863+0000: 551362.484: [GC 8223937K->1383598K(14423424K), 0.4164760 secs]
2018-05-17T15:22:23.864+0000: 551383.485: [GC 8215918K->1406243K(14438080K), 0.5167840 secs]
2018-05-17T15:22:41.255+0000: 551400.876: [GC 8256035K->1410492K(14431808K), 0.4996300 secs]
2018-05-17T15:22:58.611+0000: 551418.232: [GC 8260284K->1473112K(14443200K), 0.5326820 secs]
2018-05-17T15:23:23.566+0000: 551443.187: [GC 8340056K->1478804K(14443520K), 0.5845120 secs]
2018-05-17T15:23:41.935+0000: 551461.556: [GC 8345748K->1481857K(14456832K), 0.5017570 secs]
2018-05-17T15:23:59.660+0000: 551479.281: [GC 8371009K->1481023K(14452416K), 0.4681790 secs]
2018-05-17T15:24:21.322+0000: 551500.943: [GC 8370175K->1488189K(14464640K), 0.4605600 secs]
2018-05-17T15:24:44.362+0000: 551523.983: [GC 8393213K->1516580K(14460480K), 0.5839990 secs]
2018-05-17T15:25:47.157+0000: 551586.777: [GC 8421604K->1596097K(14439168K), 0.8535980 secs]
2018-05-17T15:26:43.745+0000: 551643.366: [GC 8488001K->1608113K(14419648K), 0.8973460 secs]
2018-05-17T15:27:38.545+0000: 551698.165: [GC 8500017K->1620369K(14427456K), 0.8933930 secs]
2018-05-17T15:28:27.178+0000: 551746.798: [GC 8472337K->1628054K(14377472K), 0.7912280 secs]
2018-05-17T15:29:23.170+0000: 551802.790: [GC 8480022K->1639172K(14421568K), 0.7813630 secs]
2018-05-17T15:29:47.262+0000: 551826.883: [GC 8470916K->1593099K(14425920K), 0.5774750 secs]
2018-05-17T15:30:06.839+0000: 551846.460: [GC 8424843K->1580081K(14435008K), 0.4261510 secs]
2018-05-17T15:30:24.731+0000: 551864.351: [GC 8427313K->1608054K(14432320K), 0.5329400 secs]
2018-05-17T15:30:42.057+0000: 551881.677: [GC 8455286K->1598143K(14445952K), 0.5355220 secs]
2018-05-17T15:30:59.233+0000: 551898.853: [GC 8466111K->1603180K(14442112K), 0.4948420 secs]
2018-05-17T15:31:38.331+0000: 551937.951: [GC 8471148K->1651224K(14454912K), 0.7046230 secs]
2018-05-17T15:32:40.603+0000: 552000.224: [GC 8536152K->1697538K(14409408K), 0.9458800 secs]
2018-05-17T15:33:09.138+0000: 552028.758: [GC 8582466K->1646848K(14452480K), 0.5814680 secs]
2018-05-17T15:33:27.443+0000: 552047.063: [GC 8525440K->1636074K(14446208K), 0.4741970 secs]
2018-05-17T15:33:46.969+0000: 552066.590: [GC 8514666K->1645083K(14458688K), 0.4693470 secs]
2018-05-17T15:34:04.809+0000: 552084.429: [GC 8538651K->1652989K(14454976K), 0.4755930 secs]
2018-05-17T15:34:24.434+0000: 552104.054: [GC 8546557K->1656602K(14466752K), 0.4647270 secs]
2018-05-17T15:35:13.066+0000: 552152.687: [GC 8566042K->1754740K(14443456K), 0.8134550 secs]
2018-05-17T15:36:03.525+0000: 552203.145: [GC 8664180K->1760972K(14430848K), 0.9407050 secs]
2018-05-17T15:36:55.106+0000: 552254.727: [GC 8622540K->1769714K(14388864K), 0.9579200 secs]
2018-05-17T15:37:51.647+0000: 552311.267: [GC 8631282K->1739786K(14442112K), 0.7026330 secs]
2018-05-17T15:38:08.871+0000: 552328.491: [GC 8595018K->1705450K(14433216K), 0.5115470 secs]
2018-05-17T15:38:25.949+0000: 552345.570: [GC 8560682K->1711209K(14448128K), 0.5014400 secs]
2018-05-17T15:38:49.519+0000: 552369.140: [GC 8583913K->1716187K(14444672K), 0.4803810 secs]
2018-05-17T15:39:07.567+0000: 552387.187: [GC 8588891K->1718548K(14454720K), 0.4399020 secs]
2018-05-17T15:39:55.658+0000: 552435.279: [GC 8605012K->1785070K(14451840K), 0.7306420 secs]
2018-05-17T15:40:51.891+0000: 552491.511: [GC 8671534K->1833196K(14425920K), 0.9255170 secs]
2018-05-17T15:41:51.150+0000: 552550.771: [GC 8693356K->1848017K(14388160K), 0.9181670 secs]
2018-05-17T15:42:38.143+0000: 552597.764: [GC 8708177K->1861540K(14416832K), 0.8894170 secs]
2018-05-17T15:43:23.254+0000: 552642.875: [GC 8690468K->1868947K(14356224K), 0.8837560 secs]
2018-05-17T15:43:44.250+0000: 552663.871: [GC 8697875K->1814258K(14426688K), 0.5938700 secs]
2018-05-17T15:44:03.020+0000: 552682.640: [GC 8641842K->1815913K(14420992K), 0.5450670 secs]
2018-05-17T15:44:30.071+0000: 552709.692: [GC 8643497K->1835327K(14437632K), 0.6214180 secs]
2018-05-17T15:45:34.339+0000: 552773.960: [GC 8684031K->1905258K(14431168K), 0.9026790 secs]
2018-05-17T15:46:27.342+0000: 552826.963: [GC 8753962K->1920337K(14421952K), 0.9353450 secs]
2018-05-17T15:47:34.136+0000: 552893.757: [GC 8754769K->1932764K(14362112K), 0.9191800 secs]
2018-05-17T15:47:52.909+0000: 552912.530: [GC 8767196K->1863101K(14425472K), 0.4818580 secs]
2018-05-17T15:48:10.185+0000: 552929.806: [GC 8692733K->1879644K(14424256K), 0.5403000 secs]
2018-05-17T15:48:30.187+0000: 552949.808: [GC 8709276K->1890766K(14434688K), 0.5548850 secs]
2018-05-17T15:48:47.280+0000: 552966.900: [GC 8734798K->1890454K(14429440K), 0.5041640 secs]
2018-05-17T15:49:04.533+0000: 552984.154: [GC 8734486K->1898950K(14443328K), 0.4855380 secs]
2018-05-17T15:49:25.297+0000: 553004.917: [GC 8761030K->1912507K(14438848K), 0.5229610 secs]
2018-05-17T15:49:41.871+0000: 553021.492: [GC 8774587K->1913459K(14454528K), 0.5121440 secs]
2018-05-17T15:50:04.151+0000: 553043.772: [GC 8797427K->1933437K(14449536K), 0.5135400 secs]
2018-05-17T15:50:20.667+0000: 553060.287: [GC 8817405K->1932696K(14467136K), 0.4833850 secs]
2018-05-17T15:50:37.490+0000: 553077.111: [GC 8841432K->1939834K(14461696K), 0.5367440 secs]
2018-05-17T15:50:57.384+0000: 553097.004: [GC 8848570K->1952323K(14478720K), 0.5299980 secs]
2018-05-17T15:51:16.444+0000: 553116.064: [GC 8883395K->1952746K(14472448K), 0.5152940 secs]
2018-05-17T15:51:35.571+0000: 553135.192: [GC 8883818K->1959745K(14487744K), 0.5259920 secs]
2018-05-17T15:52:23.301+0000: 553182.922: [GC 8910657K->2049833K(14482752K), 0.9506440 secs]
2018-05-17T15:53:13.918+0000: 553233.538: [GC 9000745K->2058680K(14426944K), 0.9751720 secs]
2018-05-17T15:54:06.836+0000: 553286.457: [GC 8948280K->2067791K(14417792K), 0.9555860 secs]
2018-05-17T15:55:04.231+0000: 553343.852: [GC 8957391K->2076113K(14429632K), 0.8370850 secs]
2018-05-17T15:55:43.292+0000: 553382.912: [GC 8930001K->2051470K(14436992K), 0.7260750 secs]
2018-05-17T15:56:00.776+0000: 553400.397: [GC 8905358K->2008672K(14445120K), 0.4790480 secs]
2018-05-17T15:56:19.202+0000: 553418.822: [GC 8878048K->2019612K(14444352K), 0.5062390 secs]
2018-05-17T15:57:21.968+0000: 553481.588: [GC 8888988K->2109930K(14430144K), 0.9070890 secs]
2018-05-17T15:58:30.854+0000: 553550.475: [GC 8967914K->2120008K(14381248K), 0.8897120 secs]
2018-05-17T15:59:37.834+0000: 553617.455: [GC 8977992K->2138612K(14424960K), 0.9336570 secs]
2018-05-17T16:00:40.978+0000: 553680.599: [GC 8977268K->2143401K(14359808K), 0.8535470 secs]
2018-05-17T16:01:30.091+0000: 553729.711: [GC 8982057K->2161597K(14423552K), 0.8223080 secs]
2018-05-17T16:02:17.108+0000: 553776.729: [GC 8993085K->2172456K(14425792K), 0.8014630 secs]
2018-05-17T16:02:44.002+0000: 553803.622: [GC 9003944K->2142931K(14432064K), 0.6245100 secs]
2018-05-17T16:03:01.252+0000: 553820.872: [GC 8981011K->2128461K(14426112K), 0.4879080 secs]
2018-05-17T16:03:19.433+0000: 553839.054: [GC 8966541K->2142737K(14435136K), 0.5069720 secs]
2018-05-17T16:04:25.273+0000: 553904.893: [GC 8990097K->2226085K(14371584K), 0.8742990 secs]
2018-05-17T16:05:05.485+0000: 553945.106: [GC 9073445K->2213910K(14440192K), 0.7045830 secs]
2018-05-17T16:05:23.141+0000: 553962.762: [GC 9065430K->2179987K(14431424K), 0.4619420 secs]
2018-05-17T16:05:39.617+0000: 553979.238: [GC 9031507K->2189894K(14443392K), 0.4862860 secs]
2018-05-17T16:06:00.732+0000: 554000.353: [GC 9054342K->2214265K(14441152K), 0.5439110 secs]
2018-05-17T16:06:18.739+0000: 554018.359: [GC 9078713K->2209969K(14452928K), 0.5033510 secs]
2018-05-17T16:06:39.459+0000: 554039.079: [GC 9092465K->2230159K(14449664K), 0.5669020 secs]
2018-05-17T16:07:27.241+0000: 554086.862: [GC 9112655K->2306575K(14438336K), 0.8319480 secs]
2018-05-17T16:08:15.896+0000: 554135.517: [GC 9183759K->2309476K(14400960K), 0.8790820 secs]
2018-05-17T16:08:39.122+0000: 554158.743: [GC 9186660K->2244635K(14444032K), 0.4619470 secs]
2018-05-17T16:08:57.302+0000: 554176.923: [GC 9110619K->2256076K(14442048K), 0.5062450 secs]
2018-05-17T16:09:15.703+0000: 554195.324: [GC 9122060K->2264230K(14450560K), 0.4449180 secs]
2018-05-17T16:09:32.812+0000: 554212.433: [GC 9141862K->2289560K(14447168K), 0.4970210 secs]
2018-05-17T16:09:54.336+0000: 554233.957: [GC 9167192K->2305295K(14463104K), 0.5377690 secs]
2018-05-17T16:10:11.384+0000: 554251.005: [GC 9205007K->2301500K(14456704K), 0.4208580 secs]
2018-05-17T16:10:27.684+0000: 554267.305: [GC 9201212K->2317489K(14470400K), 0.4623900 secs]
2018-05-17T16:11:19.312+0000: 554318.933: [GC 9233905K->2416129K(14445824K), 0.8564760 secs]
2018-05-17T16:12:13.296+0000: 554372.916: [GC 9332545K->2445976K(14427200K), 0.9243690 secs]
2018-05-17T16:13:09.480+0000: 554429.101: [GC 9308056K->2439560K(14375552K), 0.7812710 secs]
2018-05-17T16:13:23.546+0000: 554443.167: [GC 9301640K->2383639K(14440832K), 0.4456750 secs]
2018-05-17T16:13:36.228+0000: 554455.849: [GC 9242327K->2392888K(14437952K), 0.3033320 secs]
2018-05-17T16:13:48.060+0000: 554467.681: [GC 9251576K->2405402K(14448128K), 0.3399710 secs]
2018-05-17T16:14:05.328+0000: 554484.949: [GC 9277530K->2429360K(14444096K), 0.4904810 secs]
2018-05-17T16:14:26.498+0000: 554506.118: [GC 9301488K->2439859K(14461632K), 0.4911480 secs]
2018-05-17T16:14:46.732+0000: 554526.352: [GC 9336627K->2454527K(14455232K), 0.5039070 secs]
2018-05-17T16:15:07.641+0000: 554547.262: [GC 9351295K->2480547K(14477120K), 0.5353770 secs]
2018-05-17T16:15:25.646+0000: 554565.267: [GC 9406435K->2484750K(14468864K), 0.4859210 secs]
2018-05-17T16:15:47.582+0000: 554587.203: [GC 9410638K->2490739K(14488576K), 0.5034980 secs]
2018-05-17T16:16:09.196+0000: 554608.817: [GC 9442547K->2511252K(14483328K), 0.5447070 secs]
2018-05-17T16:16:32.394+0000: 554632.014: [GC 9463060K->2508832K(14498240K), 0.4809210 secs]
2018-05-17T16:16:56.228+0000: 554655.848: [GC 9482144K->2531550K(14495168K), 0.5463930 secs]
2018-05-17T16:17:15.460+0000: 554675.081: [GC 9504862K->2540454K(14507776K), 0.5293400 secs]
2018-05-17T16:17:36.883+0000: 554696.504: [GC 9532006K->2561076K(14503872K), 0.5233710 secs]
2018-05-17T16:17:58.900+0000: 554718.521: [GC 9552628K->2563337K(14515712K), 0.4914030 secs]
2018-05-17T16:18:21.609+0000: 554741.230: [GC 9571465K->2576971K(14512512K), 0.5042280 secs]
2018-05-17T16:18:41.559+0000: 554761.180: [GC 9585099K->2586126K(14521728K), 0.5087640 secs]
2018-05-17T16:19:02.755+0000: 554782.376: [GC 9607054K->2606218K(14519296K), 0.5184300 secs]
2018-05-17T16:19:23.440+0000: 554803.061: [GC 9627146K->2628828K(14525952K), 0.5692970 secs]
2018-05-17T16:19:45.175+0000: 554824.795: [GC 9660444K->2626395K(14525760K), 0.5285800 secs]
2018-05-17T16:20:05.296+0000: 554844.916: [GC 9658011K->2642290K(14531712K), 0.5346450 secs]
2018-05-17T16:20:25.101+0000: 554864.722: [GC 9682610K->2650107K(14528704K), 0.4610540 secs]
2018-05-17T16:20:45.753+0000: 554885.374: [GC 9690427K->2668708K(14536128K), 0.5585810 secs]
2018-05-17T16:21:03.381+0000: 554903.002: [GC 9296668K->2666582K(14534592K), 0.4889600 secs]
2018-05-17T16:21:03.870+0000: 554903.491: [Full GC 2666582K->1359357K(14534592K), 4.2271780 secs]
2018-05-17T16:21:24.914+0000: 554924.534: [GC 8409981K->1484272K(14535232K), 0.4134680 secs]
2018-05-17T16:21:44.586+0000: 554944.207: [GC 8536432K->1505386K(14521664K), 0.6249950 secs]
2018-05-17T16:22:03.398+0000: 554963.019: [GC 8557546K->1497622K(14535552K), 0.5082900 secs]
2018-05-17T16:22:23.591+0000: 554983.212: [GC 8547030K->1518587K(14533952K), 0.5525320 secs]
2018-05-17T16:22:43.739+0000: 555003.360: [GC 8567995K->1537668K(14533696K), 0.5974410 secs]
2018-05-17T16:23:01.980+0000: 555021.601: [GC 8588036K->1534109K(14535232K), 0.5362100 secs]
2018-05-17T16:23:20.874+0000: 555040.494: [GC 8584477K->1557407K(14535488K), 0.5763630 secs]
2018-05-17T16:24:41.024+0000: 555120.645: [GC 8609951K->1625435K(14536320K), 0.7911790 secs]
2018-05-17T16:25:59.929+0000: 555199.550: [GC 8677979K->1706753K(14420608K), 0.9210470 secs]
2018-05-17T16:26:23.656+0000: 555223.277: [GC 8643585K->1691427K(14364608K), 0.4295360 secs]
2018-05-17T16:26:37.722+0000: 555237.343: [GC 8628259K->1711196K(14477952K), 0.3829180 secs]
2018-05-17T16:27:10.101+0000: 555269.721: [GC 8645788K->1743239K(14476736K), 0.5849150 secs]
2018-05-17T16:27:46.559+0000: 555306.179: [GC 8677831K->1762837K(14490240K), 0.5614690 secs]
2018-05-17T16:27:59.811+0000: 555319.432: [GC 8716501K->1739068K(14483520K), 0.2346030 secs]
2018-05-17T16:28:18.117+0000: 555337.738: [GC 8692732K->1753532K(14490432K), 0.4168400 secs]
2018-05-17T16:28:36.511+0000: 555356.131: [GC 8713084K->1770491K(14489216K), 0.2973140 secs]
2018-05-17T16:28:53.534+0000: 555373.154: [GC 8730043K->1786081K(14498368K), 0.4258730 secs]
2018-05-17T16:29:11.359+0000: 555390.980: [GC 8758241K->1790377K(14493888K), 0.3967480 secs]
2018-05-17T16:29:49.795+0000: 555429.416: [GC 8762537K->1844199K(14498944K), 0.6030690 secs]
2018-05-17T16:30:38.633+0000: 555478.254: [GC 8823527K->1867447K(14462720K), 0.6979920 secs]
2018-05-17T16:34:08.272+0000: 555687.893: [GC 8846775K->1898710K(14474176K), 0.7366120 secs]
2018-05-17T16:34:26.371+0000: 555705.992: [GC 8848470K->1855447K(14484928K), 0.4317830 secs]
2018-05-17T16:35:19.467+0000: 555759.088: [GC 8805207K->1899219K(14491584K), 0.5800340 secs]
2018-05-17T16:36:42.037+0000: 555841.658: [GC 8856787K->1976872K(14486080K), 0.9935010 secs]
2018-05-17T16:37:51.444+0000: 555911.065: [GC 8934440K->1994078K(14419264K), 0.9903090 secs]
2018-05-17T16:38:21.685+0000: 555941.306: [GC 8879326K->1912256K(14452672K), 0.4719580 secs]
2018-05-17T16:38:40.176+0000: 555959.797: [GC 8797504K->1922877K(14460224K), 0.4768770 secs]
2018-05-17T16:39:04.688+0000: 555984.309: [GC 8818877K->1946155K(14455872K), 0.5443670 secs]
2018-05-17T16:39:22.005+0000: 556001.625: [GC 8842155K->1938780K(14471808K), 0.4561100 secs]
2018-05-17T16:39:42.805+0000: 556022.426: [GC 8858076K->1960148K(14467584K), 0.5408140 secs]
2018-05-17T16:39:59.600+0000: 556039.221: [GC 8879444K->1964506K(14484032K), 0.4748640 secs]
2018-05-17T16:40:18.447+0000: 556058.068: [GC 8906586K->1971075K(14478144K), 0.5204240 secs]
2018-05-17T16:41:05.488+0000: 556105.109: [GC 8913155K->2010303K(14486784K), 0.6833560 secs]
2018-05-17T16:41:53.767+0000: 556153.388: [GC 8966463K->2073832K(14487488K), 0.9035080 secs]
2018-05-17T16:42:47.284+0000: 556206.904: [GC 9029992K->2084568K(14421184K), 0.9754080 secs]
2018-05-17T16:43:49.524+0000: 556269.144: [GC 8973144K->2092888K(14419840K), 0.9525740 secs]
2018-05-17T16:44:55.551+0000: 556335.172: [GC 8981464K->2106145K(14424384K), 0.9362410 secs]
2018-05-17T16:45:30.986+0000: 556370.607: [GC 8953121K->2054263K(14433536K), 0.5927690 secs]
2018-05-17T16:45:46.017+0000: 556385.637: [GC 8901239K->2051640K(14443584K), 0.5234390 secs]
2018-05-17T16:46:31.423+0000: 556431.044: [GC 8914808K->2106010K(14439680K), 0.7809040 secs]
2018-05-17T16:47:24.826+0000: 556484.447: [GC 8969178K->2145860K(14430080K), 0.9459480 secs]
2018-05-17T16:48:24.410+0000: 556544.030: [GC 9002180K->2153659K(14384320K), 0.9034590 secs]
2018-05-17T16:49:14.302+0000: 556593.923: [GC 9009979K->2167288K(14422272K), 0.9346800 secs]
2018-05-17T16:49:32.324+0000: 556611.945: [GC 9001976K->2099908K(14427392K), 0.5128170 secs]
2018-05-17T16:49:48.167+0000: 556627.788: [GC 8934596K->2094059K(14431040K), 0.4393880 secs]
2018-05-17T16:50:15.859+0000: 556655.480: [GC 8935083K->2139219K(14430080K), 0.5890890 secs]
2018-05-17T16:50:32.704+0000: 556672.324: [GC 8980243K->2108237K(14441920K), 0.4191750 secs]
2018-05-17T16:50:55.774+0000: 556695.395: [GC 8970445K->2135134K(14440384K), 0.5518430 secs]
2018-05-17T16:51:13.089+0000: 556712.710: [GC 8997342K->2120806K(14450624K), 0.4372450 secs]
2018-05-17T16:51:30.566+0000: 556730.187: [GC 8999398K->2133768K(14448064K), 0.4671930 secs]
2018-05-17T16:52:13.378+0000: 556772.999: [GC 9012360K->2176351K(14461632K), 0.7027390 secs]
2018-05-17T16:52:46.178+0000: 556805.798: [GC 9072607K->2155462K(14454720K), 0.5150650 secs]
2018-05-17T16:53:05.370+0000: 556824.991: [GC 9051718K->2138533K(14466176K), 0.3550470 secs]
2018-05-17T16:53:59.196+0000: 556878.816: [GC 9050661K->2241550K(14428864K), 0.8139610 secs]
2018-05-17T16:54:56.531+0000: 556936.152: [GC 9153678K->2263460K(14431296K), 0.8323680 secs]
2018-05-17T16:55:52.780+0000: 556992.401: [GC 9130276K->2275234K(14395264K), 0.9094680 secs]
2018-05-17T16:56:34.457+0000: 557034.078: [GC 9142050K->2265453K(14433984K), 0.8071600 secs]
2018-05-17T16:56:51.801+0000: 557051.421: [GC 9113197K->2211955K(14433856K), 0.4783790 secs]
2018-05-17T16:57:22.646+0000: 557082.267: [GC 9059699K->2236385K(14444608K), 0.5452650 secs]
2018-05-17T16:57:38.290+0000: 557097.911: [GC 9098209K->2239357K(14437312K), 0.5439940 secs]
2018-05-17T16:58:05.651+0000: 557125.271: [GC 9101181K->2262613K(14458560K), 0.6151750 secs]
2018-05-17T16:58:22.775+0000: 557142.396: [GC 9150997K->2246522K(14449920K), 0.4527960 secs]
2018-05-17T16:58:39.643+0000: 557159.263: [GC 9134906K->2256201K(14465600K), 0.4672910 secs]
2018-05-17T16:59:12.375+0000: 557191.996: [GC 9163529K->2318527K(14461824K), 0.7653830 secs]
2018-05-17T16:59:47.713+0000: 557227.334: [GC 9225855K->2320484K(14464512K), 0.6881330 secs]
2018-05-17T17:00:02.837+0000: 557242.458: [GC 9228068K->2293955K(14463168K), 0.4829970 secs]
2018-05-17T17:00:30.359+0000: 557269.980: [GC 9201539K->2318775K(14477056K), 0.5904780 secs]
2018-05-17T17:00:47.077+0000: 557286.697: [GC 9245431K->2293318K(14469696K), 0.3960580 secs]
2018-05-17T17:01:03.513+0000: 557303.134: [GC 9219974K->2305471K(14482048K), 0.4841680 secs]
2018-05-17T17:01:25.870+0000: 557325.491: [GC 9246207K->2306247K(14478784K), 0.4033700 secs]
2018-05-17T17:01:45.103+0000: 557344.724: [GC 9246983K->2299708K(14485184K), 0.3274780 secs]
2018-05-17T17:02:11.136+0000: 557370.756: [GC 9249468K->2318353K(14484672K), 0.4227010 secs]
2018-05-17T17:02:26.593+0000: 557386.213: [GC 9268113K->2328480K(14492288K), 0.3867930 secs]
2018-05-17T17:03:02.099+0000: 557421.720: [GC 9289056K->2339913K(14488384K), 0.4557850 secs]
2018-05-17T17:03:20.411+0000: 557440.032: [GC 9300489K->2354541K(14502784K), 0.4981440 secs]
2018-05-17T17:03:42.977+0000: 557462.598: [GC 9334381K->2355263K(14497152K), 0.4888780 secs]
2018-05-17T17:03:59.673+0000: 557479.293: [GC 9335103K->2372570K(14512896K), 0.5095950 secs]
2018-05-17T17:04:18.247+0000: 557497.867: [GC 9372442K->2358507K(14507072K), 0.3883620 secs]
2018-05-17T17:05:29.416+0000: 557569.037: [GC 9358379K->2458734K(14468992K), 0.8299360 secs]
2018-05-17T17:06:44.086+0000: 557643.706: [GC 9421678K->2491014K(14490752K), 0.9481320 secs]
2018-05-17T17:07:41.797+0000: 557701.417: [GC 9453958K->2485986K(14434048K), 0.7327330 secs]
2018-05-17T17:07:56.586+0000: 557716.207: [GC 9390690K->2444728K(14462400K), 0.5635680 secs]
2018-05-17T17:08:14.231+0000: 557733.852: [GC 9349432K->2450865K(14475904K), 0.5448230 secs]
2018-05-17T17:08:39.201+0000: 557758.821: [GC 9376561K->2465518K(14469888K), 0.5649460 secs]
2018-05-17T17:08:54.849+0000: 557774.470: [GC 9391214K->2473705K(14488896K), 0.5493820 secs]
2018-05-17T17:09:13.130+0000: 557792.750: [GC 9425385K->2467139K(14482880K), 0.5235090 secs]
2018-05-17T17:09:32.220+0000: 557811.841: [GC 9418819K->2476784K(14496448K), 0.4832220 secs]
2018-05-17T17:09:48.789+0000: 557828.410: [GC 9445424K->2489136K(14492288K), 0.5249170 secs]
2018-05-17T17:10:10.656+0000: 557850.277: [GC 9457776K->2495793K(14505280K), 0.4242030 secs]
2018-05-17T17:10:26.471+0000: 557866.091: [GC 9482033K->2513122K(14501056K), 0.5803970 secs]
2018-05-17T17:10:43.830+0000: 557883.451: [GC 9499362K->2514081K(14513920K), 0.5147680 secs]
2018-05-17T17:11:07.005+0000: 557906.625: [GC 9518177K->2522760K(14510272K), 0.5145820 secs]
2018-05-17T17:11:26.135+0000: 557925.756: [GC 9526856K->2539821K(14521600K), 0.5817150 secs]
2018-05-17T17:12:04.463+0000: 557964.084: [GC 9559085K->2553241K(14517760K), 0.6159200 secs]
2018-05-17T17:13:10.805+0000: 558030.426: [GC 9572505K->2628449K(14470080K), 0.9329390 secs]
2018-05-17T17:14:01.515+0000: 558081.135: [GC 9601377K->2679183K(14496512K), 0.9565260 secs]
2018-05-17T17:14:49.634+0000: 558129.255: [GC 9652111K->2702085K(14409216K), 0.8878950 secs]
2018-05-17T17:15:06.125+0000: 558145.745: [GC 9587717K->2648452K(14452864K), 0.5148860 secs]
2018-05-17T17:16:15.975+0000: 558215.596: [GC 9534084K->2705959K(14452416K), 0.8538850 secs]
2018-05-17T17:16:49.277+0000: 558248.898: [GC 9595943K->2632678K(14315072K), 0.3878030 secs]
2018-05-17T17:17:07.850+0000: 558267.470: [GC 9522662K->2644551K(14454016K), 0.3764130 secs]
2018-05-17T17:18:07.922+0000: 558327.543: [GC 9531975K->2720299K(14453504K), 0.6333700 secs]
2018-05-17T17:18:19.318+0000: 558338.939: [GC 9607723K->2672571K(14456320K), 0.3451610 secs]
2018-05-17T17:18:30.203+0000: 558349.824: [GC 9563323K->2687900K(14454528K), 0.4161630 secs]
2018-05-17T17:18:41.080+0000: 558360.701: [GC 9578652K->2685182K(14464128K), 0.3301550 secs]
2018-05-17T17:19:06.265+0000: 558385.886: [GC 9589950K->2715225K(14460736K), 0.5810050 secs]
2018-05-17T17:20:06.095+0000: 558445.715: [GC 9619993K->2793725K(14442880K), 0.8184050 secs]
2018-05-17T17:20:43.426+0000: 558483.046: [GC 9688829K->2754041K(14457600K), 0.6459320 secs]
2018-05-17T17:21:00.326+0000: 558499.947: [GC 9649145K->2732691K(14467968K), 0.5007410 secs]
2018-05-17T17:21:08.107+0000: 558507.727: [GC 5952527K->2683169K(14463232K), 0.2234070 secs]
2018-05-17T17:21:08.330+0000: 558507.951: [Full GC 2683169K->1268578K(14463232K), 4.2666710 secs]
2018-05-17T17:21:32.775+0000: 558532.396: [GC 8179682K->1396358K(14470144K), 0.5470430 secs]
2018-05-17T17:21:48.632+0000: 558548.253: [GC 8309702K->1388989K(14463296K), 0.5130300 secs]
2018-05-17T17:22:39.477+0000: 558599.098: [GC 8302333K->1444748K(14466624K), 0.7763630 secs]
2018-05-17T17:23:33.696+0000: 558653.317: [GC 8367500K->1485811K(14449408K), 0.8347240 secs]
2018-05-17T17:24:40.148+0000: 558719.769: [GC 8408563K->1493493K(14433792K), 0.9507830 secs]
2018-05-17T17:26:19.603+0000: 558819.224: [GC 8363637K->1449723K(14445120K), 0.5973420 secs]
2018-05-17T17:26:37.780+0000: 558837.400: [GC 8319867K->1408592K(14452480K), 0.3475770 secs]
2018-05-17T17:27:11.279+0000: 558870.900: [GC 8295504K->1447553K(14453504K), 0.4933380 secs]
2018-05-17T17:27:26.210+0000: 558885.831: [GC 8334465K->1461153K(14467008K), 0.5513870 secs]
2018-05-17T17:27:54.105+0000: 558913.725: [GC 8368033K->1478141K(14459968K), 0.5630850 secs]
2018-05-17T17:28:09.211+0000: 558928.832: [GC 8385021K->1473773K(14481152K), 0.5261900 secs]
2018-05-17T17:28:34.426+0000: 558954.047: [GC 8410477K->1492944K(14475648K), 0.6100850 secs]
2018-05-17T17:28:59.462+0000: 558979.082: [GC 8429648K->1475419K(14491328K), 0.4531860 secs]
2018-05-17T17:29:18.269+0000: 558997.890: [GC 8435035K->1481266K(14488384K), 0.4703390 secs]
2018-05-17T17:30:03.461+0000: 559043.082: [GC 8440882K->1548776K(14479360K), 0.7005620 secs]
2018-05-17T17:30:45.732+0000: 559085.353: [GC 8501864K->1593369K(14484928K), 0.8512700 secs]
2018-05-17T17:31:49.871+0000: 559149.491: [GC 8546457K->1596725K(14423488K), 0.9455920 secs]
2018-05-17T17:32:43.529+0000: 559203.150: [GC 8485045K->1607640K(14419840K), 0.8801870 secs]
2018-05-17T17:33:29.733+0000: 559249.353: [GC 8495960K->1621104K(14421312K), 0.8255970 secs]
2018-05-17T17:33:45.472+0000: 559265.092: [GC 8464880K->1549978K(14431936K), 0.5030380 secs]
2018-05-17T17:33:59.532+0000: 559279.153: [GC 8393754K->1574272K(14443264K), 0.6163770 secs]
2018-05-17T17:34:35.215+0000: 559314.836: [GC 8433280K->1620596K(14435840K), 0.8332140 secs]
2018-05-17T17:35:22.257+0000: 559361.877: [GC 8479604K->1634930K(14441472K), 0.6753200 secs]
2018-05-17T17:36:02.239+0000: 559401.860: [GC 8499442K->1641848K(14442304K), 0.8315820 secs]
2018-05-17T17:36:45.456+0000: 559445.077: [GC 8506360K->1669145K(14434880K), 0.9052600 secs]
2018-05-17T17:37:01.908+0000: 559461.529: [GC 8527513K->1593002K(14296384K), 0.4573650 secs]
2018-05-17T17:37:16.969+0000: 559476.590: [GC 8451370K->1614837K(14442496K), 0.5615110 secs]
2018-05-17T17:38:06.878+0000: 559526.499: [GC 8476021K->1696879K(14391552K), 0.9206120 secs]
2018-05-17T17:38:55.879+0000: 559575.500: [GC 8558063K->1709813K(14420544K), 0.9158440 secs]
2018-05-17T17:39:43.198+0000: 559622.819: [GC 8544885K->1716060K(14363200K), 0.9174220 secs]
2018-05-17T17:40:20.862+0000: 559660.483: [GC 8551132K->1694927K(14433984K), 0.6971030 secs]
2018-05-17T17:40:37.929+0000: 559677.550: [GC 8533327K->1651387K(14424512K), 0.4816650 secs]
2018-05-17T17:40:56.358+0000: 559695.979: [GC 8489787K->1671496K(14437504K), 0.5204890 secs]
2018-05-17T17:41:12.325+0000: 559711.946: [GC 8522696K->1670814K(14433792K), 0.5196190 secs]
2018-05-17T17:42:02.785+0000: 559762.406: [GC 8522014K->1712729K(14449280K), 0.7275140 secs]
2018-05-17T17:42:45.954+0000: 559805.575: [GC 8582233K->1754015K(14440320K), 0.8329840 secs]
2018-05-17T17:43:05.699+0000: 559825.320: [GC 8623519K->1703386K(14449536K), 0.5574650 secs]
2018-05-17T17:43:19.646+0000: 559839.267: [GC 8579290K->1684860K(14446464K), 0.3914690 secs]
2018-05-17T17:43:31.643+0000: 559851.264: [GC 8560764K->1700631K(14450688K), 0.3867380 secs]
2018-05-17T17:43:47.654+0000: 559867.275: [GC 8579799K->1719133K(14448576K), 0.5028240 secs]
2018-05-17T17:45:11.905+0000: 559951.525: [GC 8598301K->1799128K(14437888K), 0.8244550 secs]
2018-05-17T17:46:00.675+0000: 560000.295: [GC 8672728K->1828979K(14406848K), 0.8632850 secs]
2018-05-17T17:46:46.632+0000: 560046.252: [GC 8702579K->1840307K(14416512K), 0.8567190 secs]
2018-05-17T17:47:03.080+0000: 560062.700: [GC 8672179K->1772459K(14425984K), 0.5256810 secs]
2018-05-17T17:47:18.821+0000: 560078.442: [GC 8604331K->1758064K(14432384K), 0.4045630 secs]
2018-05-17T17:47:29.773+0000: 560089.394: [GC 8601200K->1774823K(14430848K), 0.4542980 secs]
2018-05-17T17:47:43.159+0000: 560102.779: [GC 8617959K->1789573K(14442816K), 0.4413510 secs]
2018-05-17T17:47:53.865+0000: 560113.486: [GC 8649029K->1792449K(14436736K), 0.4241930 secs]
2018-05-17T17:48:07.485+0000: 560127.105: [GC 8651905K->1796425K(14452672K), 0.3179140 secs]
2018-05-17T17:48:18.037+0000: 560137.658: [GC 8676745K->1802975K(14447744K), 0.4040780 secs]
2018-05-17T17:48:30.105+0000: 560149.726: [GC 8683295K->1815143K(14464320K), 0.4775380 secs]
2018-05-17T17:49:06.323+0000: 560185.944: [GC 8717031K->1857764K(14457664K), 0.6622160 secs]
2018-05-17T17:49:55.512+0000: 560235.133: [GC 8759652K->1916411K(14436096K), 0.9057790 secs]
2018-05-17T17:50:51.684+0000: 560291.305: [GC 8799611K->1925216K(14411968K), 0.8509650 secs]
2018-05-17T17:51:24.129+0000: 560323.749: [GC 8808416K->1899547K(14443200K), 0.7241830 secs]
2018-05-17T17:51:39.303+0000: 560338.923: [GC 8762075K->1874211K(14439424K), 0.5532230 secs]
2018-05-17T17:51:50.956+0000: 560350.577: [GC 8736739K->1869457K(14453504K), 0.4026520 secs]
2018-05-17T17:52:06.816+0000: 560366.436: [GC 8752337K->1876089K(14449472K), 0.4301850 secs]
2018-05-17T17:52:18.352+0000: 560377.973: [GC 8758969K->1878548K(14460416K), 0.4149610 secs]
2018-05-17T17:52:39.649+0000: 560399.269: [GC 8776148K->1899578K(14457280K), 0.4707410 secs]
2018-05-17T17:52:56.778+0000: 560416.399: [GC 8797178K->1890923K(14469888K), 0.4042800 secs]
2018-05-17T17:53:07.980+0000: 560427.601: [GC 8807531K->1908661K(14466816K), 0.2708970 secs]
2018-05-17T17:53:19.021+0000: 560438.642: [GC 8825269K->1910855K(14480640K), 0.4357460 secs]
2018-05-17T17:53:31.587+0000: 560451.207: [GC 8846919K->1921513K(14475520K), 0.4361810 secs]
2018-05-17T17:53:46.165+0000: 560465.786: [GC 8857577K->1916413K(14490560K), 0.3701890 secs]
2018-05-17T17:53:57.729+0000: 560477.350: [GC 8873533K->1935919K(14486656K), 0.4252040 secs]
2018-05-17T17:54:10.491+0000: 560490.112: [GC 8893039K->1927145K(14500416K), 0.4041030 secs]
2018-05-17T17:54:22.261+0000: 560501.882: [GC 8904297K->1934925K(14496832K), 0.3723980 secs]
2018-05-17T17:54:38.600+0000: 560518.221: [GC 8912077K->1954825K(14511104K), 0.4623260 secs]
2018-05-17T17:54:57.438+0000: 560537.059: [GC 8950537K->1967558K(14504704K), 0.5069140 secs]
2018-05-17T17:55:47.570+0000: 560587.190: [GC 8963270K->2057841K(14458368K), 0.9894100 secs]
2018-05-17T17:56:18.280+0000: 560617.901: [GC 9012209K->2027340K(14487232K), 0.5879990 secs]
2018-05-17T17:56:33.881+0000: 560633.502: [GC 8981708K->2022369K(14497920K), 0.5334680 secs]
2018-05-17T17:57:01.866+0000: 560661.487: [GC 8992097K->2041650K(14491904K), 0.5502470 secs]
2018-05-17T17:57:17.660+0000: 560677.280: [GC 9011378K->2037340K(14506880K), 0.5246600 secs]
2018-05-17T17:57:44.365+0000: 560703.986: [GC 9025500K->2059205K(14501376K), 0.5616340 secs]
2018-05-17T17:58:00.468+0000: 560720.089: [GC 9047365K->2044331K(14511232K), 0.4815160 secs]
2018-05-17T17:58:15.653+0000: 560735.274: [GC 9043755K->2063709K(14508288K), 0.5428210 secs]
2018-05-17T17:59:10.606+0000: 560790.227: [GC 9063133K->2124843K(14481344K), 0.8040270 secs]
2018-05-17T17:59:27.615+0000: 560807.236: [GC 9102635K->2082120K(14498944K), 0.4977600 secs]
2018-05-17T17:59:45.525+0000: 560825.146: [GC 9059912K->2098443K(14508032K), 0.5220040 secs]
2018-05-17T18:00:22.167+0000: 560861.788: [GC 9089035K->2147927K(14490176K), 0.7414440 secs]
2018-05-17T18:01:02.858+0000: 560902.479: [GC 9138519K->2160061K(14482176K), 0.7954860 secs]
2018-05-17T18:01:18.695+0000: 560918.316: [GC 9120573K->2122798K(14490304K), 0.5540860 secs]
2018-05-17T18:01:39.371+0000: 560938.992: [GC 9083310K->2134266K(14499200K), 0.5943490 secs]
2018-05-17T18:02:53.641+0000: 561013.262: [GC 9107706K->2213485K(14494336K), 0.8591550 secs]
2018-05-17T18:03:41.377+0000: 561060.997: [GC 9186925K->2238364K(14420736K), 0.9805470 secs]
2018-05-17T18:04:12.676+0000: 561092.297: [GC 9133340K->2201571K(14457536K), 0.6895340 secs]
2018-05-17T18:04:29.688+0000: 561109.308: [GC 9096547K->2180719K(14467840K), 0.5388870 secs]
2018-05-17T18:04:50.406+0000: 561130.027: [GC 9094191K->2195445K(14465728K), 0.5893270 secs]
2018-05-17T18:05:10.238+0000: 561149.859: [GC 9108917K->2206403K(14477312K), 0.5280880 secs]
2018-05-17T18:05:24.975+0000: 561164.595: [GC 9135811K->2211590K(14472192K), 0.5144380 secs]
2018-05-17T18:05:51.481+0000: 561191.101: [GC 9140998K->2224431K(14486976K), 0.5838520 secs]
2018-05-17T18:06:08.821+0000: 561208.442: [GC 9172783K->2227800K(14481472K), 0.5662230 secs]
2018-05-17T18:06:32.103+0000: 561231.724: [GC 9176152K->2233414K(14494784K), 0.6269270 secs]
2018-05-17T18:07:30.440+0000: 561290.061: [GC 9199046K->2309186K(14490944K), 0.9663090 secs]
2018-05-17T18:08:24.008+0000: 561343.628: [GC 9274818K->2319539K(14430912K), 0.9486740 secs]
2018-05-17T18:09:13.838+0000: 561393.458: [GC 9221299K->2331722K(14435968K), 0.9405740 secs]
2018-05-17T18:10:01.803+0000: 561441.424: [GC 9233482K->2338015K(14434560K), 0.7549430 secs]
2018-05-17T18:10:41.665+0000: 561481.286: [GC 9201631K->2301800K(14441856K), 0.7352540 secs]
2018-05-17T18:10:57.331+0000: 561496.951: [GC 9165416K->2270731K(14450432K), 0.5337610 secs]
2018-05-17T18:11:24.218+0000: 561523.839: [GC 9150667K->2290905K(14449600K), 0.6018740 secs]
2018-05-17T18:11:40.719+0000: 561540.340: [GC 9170841K->2275463K(14455296K), 0.4648010 secs]
2018-05-17T18:11:55.295+0000: 561554.916: [GC 9165447K->2299909K(14454784K), 0.5627720 secs]
2018-05-17T18:12:22.209+0000: 561581.830: [GC 9189893K->2301011K(14464512K), 0.5278480 secs]
2018-05-17T18:12:39.492+0000: 561599.113: [GC 9205651K->2307901K(14460224K), 0.5367460 secs]
2018-05-17T18:13:09.400+0000: 561629.021: [GC 9212541K->2316119K(14473472K), 0.5017310 secs]
2018-05-17T18:13:28.844+0000: 561648.464: [GC 9238231K->2300291K(14468736K), 0.4266300 secs]
2018-05-17T18:13:57.365+0000: 561676.986: [GC 9222403K->2326650K(14479168K), 0.5162750 secs]
2018-05-17T18:14:49.393+0000: 561729.013: [GC 9259706K->2413733K(14462080K), 0.9197870 secs]
2018-05-17T18:15:47.255+0000: 561786.876: [GC 9346789K->2425120K(14437568K), 0.9634040 secs]
2018-05-17T18:16:21.098+0000: 561820.719: [GC 9305632K->2390041K(14450304K), 0.7013460 secs]
2018-05-17T18:16:38.019+0000: 561837.639: [GC 9270553K->2369683K(14461440K), 0.5243210 secs]
2018-05-17T18:17:09.767+0000: 561869.388: [GC 9268243K->2404396K(14457216K), 0.6547150 secs]
2018-05-17T18:17:27.547+0000: 561887.167: [GC 9302956K->2381322K(14471040K), 0.4820130 secs]
2018-05-17T18:17:44.839+0000: 561904.460: [GC 9301002K->2390008K(14468736K), 0.5185950 secs]
2018-05-17T18:18:08.112+0000: 561927.733: [GC 9309688K->2410017K(14480384K), 0.5488050 secs]
2018-05-17T18:18:24.925+0000: 561944.546: [GC 9344545K->2407216K(14474240K), 0.4878460 secs]
2018-05-17T18:18:49.719+0000: 561969.340: [GC 9341744K->2415135K(14487168K), 0.5298440 secs]
2018-05-17T18:19:31.129+0000: 562010.750: [GC 9365727K->2478653K(14451648K), 0.8038360 secs]
2018-05-17T18:19:47.036+0000: 562026.657: [GC 9429245K->2438410K(14484608K), 0.5045360 secs]
2018-05-17T18:20:06.916+0000: 562046.537: [GC 9383370K->2463589K(14480448K), 0.5698840 secs]
2018-05-17T18:20:38.176+0000: 562077.797: [GC 9408549K->2466536K(14497152K), 0.6063750 secs]
2018-05-17T18:20:56.791+0000: 562096.412: [GC 9434984K->2460476K(14491392K), 0.5227260 secs]
2018-05-17T18:21:12.607+0000: 562112.228: [GC 7858070K->2439965K(14497408K), 0.3816700 secs]
2018-05-17T18:21:12.989+0000: 562112.610: [Full GC 2439965K->1345707K(14497408K), 4.2332790 secs]
2018-05-17T18:22:16.539+0000: 562176.160: [GC 8323243K->1537326K(14498816K), 0.9233990 secs]
2018-05-17T18:22:49.031+0000: 562208.651: [GC 8514862K->1519284K(14458624K), 0.6901210 secs]
2018-05-17T18:23:04.407+0000: 562224.028: [GC 8456628K->1499871K(14478720K), 0.5243730 secs]
2018-05-17T18:23:28.838+0000: 562248.459: [GC 8437215K->1528745K(14487296K), 0.6241490 secs]
2018-05-17T18:24:20.812+0000: 562300.433: [GC 8479849K->1590207K(14482816K), 0.8244270 secs]
2018-05-17T18:25:15.550+0000: 562355.171: [GC 8541311K->1598813K(14432896K), 0.9172400 secs]
2018-05-17T18:25:33.437+0000: 562373.057: [GC 8494429K->1535897K(14457856K), 0.4726250 secs]
2018-05-17T18:25:50.477+0000: 562390.098: [GC 8431513K->1529441K(14464128K), 0.4815340 secs]
2018-05-17T18:26:14.728+0000: 562414.349: [GC 8435489K->1531697K(14462016K), 0.4469810 secs]
2018-05-17T18:26:31.414+0000: 562431.035: [GC 8437745K->1547351K(14470336K), 0.4914600 secs]
2018-05-17T18:26:50.038+0000: 562449.659: [GC 8463959K->1542961K(14466368K), 0.4517680 secs]
2018-05-17T18:27:38.837+0000: 562498.458: [GC 8459569K->1618619K(14458880K), 0.7595730 secs]
2018-05-17T18:27:56.844+0000: 562516.465: [GC 8530235K->1577509K(14465856K), 0.5017340 secs]
2018-05-17T18:28:15.477+0000: 562535.098: [GC 8489125K->1599944K(14478208K), 0.5595630 secs]
2018-05-17T18:28:36.395+0000: 562556.015: [GC 8528968K->1629466K(14470912K), 0.6249210 secs]
2018-05-17T18:28:51.810+0000: 562571.430: [GC 8558490K->1616170K(14484032K), 0.5432740 secs]
2018-05-17T18:29:20.933+0000: 562600.553: [GC 8559082K->1651129K(14478976K), 0.6777260 secs]
2018-05-17T18:30:09.989+0000: 562649.610: [GC 8594041K->1704230K(14455872K), 0.8185760 secs]
2018-05-17T18:30:30.629+0000: 562670.250: [GC 8625574K->1637424K(14470720K), 0.4870920 secs]
2018-05-17T18:30:46.349+0000: 562685.969: [GC 8558768K->1651653K(14477952K), 0.5368500 secs]
2018-05-17T18:31:12.512+0000: 562712.132: [GC 8583429K->1687604K(14473920K), 0.6563870 secs]
2018-05-17T18:31:45.457+0000: 562745.077: [GC 8619380K->1697198K(14482752K), 0.6898870 secs]
2018-05-17T18:32:01.250+0000: 562760.870: [GC 8639918K->1673959K(14480064K), 0.5109000 secs]
2018-05-17T18:32:30.195+0000: 562789.816: [GC 8616679K->1709800K(14488192K), 0.6604640 secs]
2018-05-17T18:33:13.338+0000: 562832.959: [GC 8662888K->1765422K(14481664K), 0.9126190 secs]
2018-05-17T18:33:41.851+0000: 562861.472: [GC 8718510K->1707358K(14471936K), 0.5288890 secs]
2018-05-17T18:34:02.589+0000: 562882.210: [GC 8640862K->1680954K(14351552K), 0.3391860 secs]
2018-05-17T18:35:06.026+0000: 562945.647: [GC 8614458K->1772968K(14466176K), 0.6396090 secs]
2018-05-17T18:35:24.332+0000: 562963.953: [GC 8692904K->1722361K(14344448K), 0.3867710 secs]
2018-05-17T18:35:42.212+0000: 562981.832: [GC 8642297K->1748443K(14472832K), 0.4563400 secs]
2018-05-17T18:36:51.418+0000: 563051.039: [GC 8670683K->1848671K(14447616K), 0.8424020 secs]
2018-05-17T18:37:55.078+0000: 563114.698: [GC 8770911K->1867416K(14440576K), 0.8826900 secs]
2018-05-17T18:38:29.834+0000: 563149.454: [GC 8746648K->1893048K(14412416K), 0.9205190 secs]
2018-05-17T18:39:13.087+0000: 563192.708: [GC 8772280K->1902872K(14421056K), 0.9257520 secs]
2018-05-17T18:39:43.533+0000: 563223.153: [GC 8741784K->1865162K(14429504K), 0.6616260 secs]
2018-05-17T18:39:58.401+0000: 563238.022: [GC 8704074K->1854054K(14442752K), 0.5158170 secs]
2018-05-17T18:40:08.981+0000: 563248.602: [GC 8715302K->1855463K(14438592K), 0.4258380 secs]
2018-05-17T18:40:25.670+0000: 563265.291: [GC 8716711K->1869495K(14449408K), 0.3893920 secs]
2018-05-17T18:40:37.628+0000: 563277.249: [GC 8744439K->1881242K(14445632K), 0.4306230 secs]
2018-05-17T18:40:49.491+0000: 563289.111: [GC 8756186K->1894606K(14457216K), 0.4728020 secs]
2018-05-17T18:41:17.430+0000: 563317.050: [GC 8784590K->1940613K(14452864K), 0.6516570 secs]
2018-05-17T18:42:12.847+0000: 563372.467: [GC 8830597K->2000622K(14442368K), 0.8700530 secs]
2018-05-17T18:43:05.747+0000: 563425.367: [GC 8886510K->2009374K(14406784K), 0.9275910 secs]
2018-05-17T18:43:51.379+0000: 563471.000: [GC 8895262K->2024655K(14429952K), 0.9021190 secs]
2018-05-17T18:44:13.826+0000: 563493.446: [GC 8879695K->1980919K(14437568K), 0.6118450 secs]
2018-05-17T18:44:29.866+0000: 563509.486: [GC 8835959K->1976872K(14448832K), 0.5123050 secs]
2018-05-17T18:44:40.412+0000: 563520.033: [GC 8849960K->1976237K(14444352K), 0.3023330 secs]
2018-05-17T18:44:52.321+0000: 563531.942: [GC 8849325K->2000629K(14456832K), 0.4794410 secs]
2018-05-17T18:45:03.598+0000: 563543.219: [GC 8888757K->1998895K(14451392K), 0.4212180 secs]
2018-05-17T18:45:18.287+0000: 563557.908: [GC 8887023K->2017068K(14464960K), 0.4764420 secs]
2018-05-17T18:45:29.592+0000: 563569.213: [GC 8921836K->2023027K(14459904K), 0.3525600 secs]
2018-05-17T18:45:40.209+0000: 563579.830: [GC 8927795K->2036488K(14473280K), 0.3941820 secs]
2018-05-17T18:45:50.954+0000: 563590.575: [GC 8958600K->2038876K(14468928K), 0.3225530 secs]
2018-05-17T18:46:05.284+0000: 563604.904: [GC 8960988K->2052770K(14481344K), 0.4525140 secs]
2018-05-17T18:46:17.679+0000: 563617.300: [GC 8990562K->2054271K(14476544K), 0.3860050 secs]
2018-05-17T18:46:29.180+0000: 563628.801: [GC 8992063K->2076457K(14490688K), 0.4469080 secs]
2018-05-17T18:46:42.014+0000: 563641.635: [GC 9031977K->2094187K(14484928K), 0.4819820 secs]
2018-05-17T18:46:56.082+0000: 563655.702: [GC 9049707K->2094534K(14501760K), 0.4443640 secs]
2018-05-17T18:47:08.140+0000: 563667.761: [GC 9073542K->2101018K(14497344K), 0.3970410 secs]
2018-05-17T18:47:19.822+0000: 563679.443: [GC 9080026K->2116589K(14510720K), 0.3387020 secs]
2018-05-17T18:47:37.060+0000: 563696.681: [GC 9112433K->2134735K(14505408K), 0.5378300 secs]
2018-05-17T18:48:33.968+0000: 563753.589: [GC 9130767K->2214697K(14464640K), 0.9131920 secs]
2018-05-17T18:49:24.613+0000: 563804.234: [GC 9174569K->2246739K(14486208K), 0.9407080 secs]
2018-05-17T18:49:52.986+0000: 563832.606: [GC 9206611K->2200961K(14470336K), 0.5876270 secs]
2018-05-17T18:50:10.165+0000: 563849.785: [GC 9137409K->2188909K(14478272K), 0.4880440 secs]
2018-05-17T18:50:23.300+0000: 563862.921: [GC 9125357K->2198605K(14487616K), 0.3964780 secs]
2018-05-17T18:50:34.299+0000: 563873.920: [GC 9149005K->2202621K(14482880K), 0.3897380 secs]
2018-05-17T18:50:45.818+0000: 563885.438: [GC 9153021K->2207955K(14494528K), 0.3800850 secs]
2018-05-17T18:51:00.433+0000: 563900.053: [GC 9173779K->2224610K(14491392K), 0.4808420 secs]
2018-05-17T18:51:12.095+0000: 563911.716: [GC 9190434K->2220428K(14501056K), 0.3783900 secs]
2018-05-17T18:51:24.061+0000: 563923.682: [GC 9200396K->2245760K(14499008K), 0.4710160 secs]
2018-05-17T18:51:46.835+0000: 563946.456: [GC 9225728K->2273301K(14508160K), 0.6060470 secs]
2018-05-17T18:52:44.462+0000: 564004.083: [GC 9267989K->2342200K(14506624K), 0.9506170 secs]
2018-05-17T18:53:38.214+0000: 564057.835: [GC 9336888K->2364727K(14422912K), 0.8768200 secs]
2018-05-17T18:54:39.888+0000: 564119.508: [GC 9274167K->2384096K(14432448K), 0.7772080 secs]
2018-05-17T18:55:29.263+0000: 564168.884: [GC 9293536K->2371612K(14453760K), 0.6774780 secs]
2018-05-17T18:55:46.411+0000: 564186.032: [GC 9258652K->2325788K(14453376K), 0.4658420 secs]
2018-05-17T18:56:04.738+0000: 564204.359: [GC 9212828K->2343606K(14462144K), 0.5242920 secs]
2018-05-17T18:56:39.667+0000: 564239.287: [GC 9242230K->2417055K(14417280K), 0.8220860 secs]
2018-05-17T18:57:00.606+0000: 564260.227: [GC 9315679K->2379181K(14461376K), 0.5830050 secs]
2018-05-17T18:57:17.349+0000: 564276.970: [GC 9273645K->2374299K(14453184K), 0.5180350 secs]
2018-05-17T18:57:53.874+0000: 564313.495: [GC 9268763K->2431885K(14461376K), 0.6959030 secs]
2018-05-17T18:58:41.348+0000: 564360.969: [GC 9339277K->2472014K(14437376K), 0.9199700 secs]
2018-05-17T19:02:18.606+0000: 564578.227: [GC 9379406K->2457472K(14452160K), 0.8031540 secs]
2018-05-17T19:05:20.101+0000: 564759.722: [GC 9341312K->2454573K(14451776K), 0.7102920 secs]
2018-05-17T19:07:52.871+0000: 564912.491: [GC 9338413K->2470074K(14467072K), 0.6822420 secs]
2018-05-17T19:10:20.635+0000: 565060.256: [GC 9377082K->2485424K(14460032K), 0.6631270 secs]
2018-05-17T19:13:33.507+0000: 565253.128: [GC 9392432K->2502048K(14479808K), 0.6653120 secs]
2018-05-17T19:17:11.176+0000: 565470.796: [GC 9435360K->2526410K(14473600K), 0.6687990 secs]
2018-05-17T19:21:17.232+0000: 565716.853: [GC 8423487K->2519939K(14484992K), 0.5880250 secs]
2018-05-17T19:21:17.820+0000: 565717.441: [Full GC 2519939K->1333042K(14484992K), 4.4881390 secs]
2018-05-17T19:24:38.896+0000: 565918.516: [GC 8282290K->1465682K(14484352K), 0.6866800 secs]
2018-05-17T19:27:43.926+0000: 566103.547: [GC 8414930K->1481622K(14494144K), 0.6634920 secs]
2018-05-17T19:30:34.265+0000: 566273.886: [GC 8444950K->1494319K(14489280K), 0.6722950 secs]
2018-05-17T19:34:58.825+0000: 566538.445: [GC 8457647K->1506755K(14502016K), 0.6133820 secs]
2018-05-17T19:40:01.717+0000: 566841.338: [GC 8487171K->1522017K(14498496K), 0.6399520 secs]
2018-05-17T19:43:29.486+0000: 567049.107: [GC 8502433K->1537107K(14509120K), 0.7086540 secs]
2018-05-17T19:46:19.038+0000: 567218.658: [GC 8531731K->1551989K(14505600K), 0.6860130 secs]
2018-05-17T19:49:21.871+0000: 567401.491: [GC 8546613K->1562057K(14514432K), 0.7019250 secs]
2018-05-17T19:52:48.908+0000: 567608.528: [GC 8568521K->1573417K(14512128K), 0.6714940 secs]
2018-05-17T19:55:57.318+0000: 567796.939: [GC 8579881K->1587433K(14518912K), 0.6814240 secs]
2018-05-17T19:59:51.215+0000: 568030.836: [GC 8603113K->1604527K(14516864K), 0.6758020 secs]
2018-05-17T20:03:01.447+0000: 568221.068: [GC 8620207K->1624160K(14521344K), 0.6858700 secs]
2018-05-17T20:06:16.902+0000: 568416.523: [GC 8645024K->1636455K(14519616K), 0.6893230 secs]
2018-05-17T20:09:39.354+0000: 568618.975: [GC 8657319K->1645036K(14524224K), 0.6906080 secs]
2018-05-17T20:13:32.497+0000: 568852.118: [GC 8672172K->1657892K(14523008K), 0.6860860 secs]
2018-05-17T20:17:27.197+0000: 569086.818: [GC 8685028K->1669996K(14527168K), 0.6724150 secs]
2018-05-17T20:21:13.125+0000: 569312.745: [GC 8703020K->1690723K(14525952K), 0.6578110 secs]
2018-05-17T20:21:22.319+0000: 569321.939: [GC 1886123K->1575476K(14484992K), 0.0642060 secs]
2018-05-17T20:21:22.383+0000: 569322.004: [Full GC 1575476K->937738K(14484992K), 2.7261390 secs]
2018-05-17T20:25:02.123+0000: 569541.743: [GC 7930122K->1075930K(14470656K), 0.6017840 secs]
2018-05-17T20:28:16.908+0000: 569736.529: [GC 8068314K->1084228K(14508288K), 0.6610470 secs]
2018-05-17T20:31:27.111+0000: 569926.732: [GC 8078468K->1099147K(14506048K), 0.6693420 secs]
2018-05-17T20:34:58.345+0000: 570137.965: [GC 8093387K->1109075K(14511296K), 0.5929410 secs]
2018-05-17T20:38:50.931+0000: 570370.552: [GC 8109203K->1123408K(14508928K), 0.6701430 secs]
2018-05-17T20:42:25.619+0000: 570585.239: [GC 8123536K->1133605K(14515008K), 0.6762650 secs]
2018-05-17T20:46:41.652+0000: 570841.273: [GC 8141157K->1145378K(14512640K), 0.6603610 secs]
2018-05-17T20:50:54.661+0000: 571094.282: [GC 8152930K->1157668K(14519232K), 0.6774590 secs]
2018-05-17T20:55:47.494+0000: 571387.115: [GC 8173988K->1169253K(14517184K), 0.6790730 secs]
2018-05-17T20:59:54.946+0000: 571634.566: [GC 8185573K->1181427K(14522752K), 0.6294150 secs]
2018-05-17T21:04:43.985+0000: 571923.606: [GC 8204915K->1194848K(14520832K), 0.6826380 secs]
2018-05-17T21:09:04.385+0000: 572184.006: [GC 8218336K->1207863K(14525504K), 0.6766260 secs]
2018-05-17T21:12:39.478+0000: 572399.099: [GC 8237431K->1216880K(14524160K), 0.6705570 secs]
2018-05-17T21:17:14.461+0000: 572674.082: [GC 8246448K->1229779K(14528768K), 0.6898310 secs]
2018-05-17T21:21:25.120+0000: 572924.741: [GC 7901091K->1234899K(14527808K), 0.6130140 secs]
2018-05-17T21:21:25.733+0000: 572925.354: [Full GC 1234899K->869789K(14527808K), 2.9811930 secs]
2018-05-17T21:25:57.447+0000: 573197.068: [GC 7906269K->1003325K(14531136K), 0.6327370 secs]
2018-05-17T21:30:03.375+0000: 573442.996: [GC 8044541K->1021469K(14530176K), 0.6368330 secs]
2018-05-17T21:35:10.455+0000: 573750.076: [GC 8062685K->1034415K(14531584K), 0.6778510 secs]
2018-05-17T21:44:29.928+0000: 574309.548: [GC 8076527K->1041593K(14530624K), 0.6218620 secs]
2018-05-17T21:49:59.956+0000: 574639.576: [GC 8083705K->1064049K(14534080K), 0.5859150 secs]
2018-05-17T21:57:58.778+0000: 575118.398: [GC 8110769K->1078675K(14532736K), 0.6714300 secs]
2018-05-17T22:07:51.075+0000: 575710.696: [GC 8125395K->1096104K(14535488K), 0.6429630 secs]
2018-05-17T22:16:04.404+0000: 576204.025: [GC 8146920K->1123172K(14529664K), 0.6821510 secs]
2018-05-17T22:21:28.725+0000: 576528.345: [GC 5305768K->1086769K(14519232K), 0.4162980 secs]
2018-05-17T22:21:29.141+0000: 576528.762: [Full GC 1086769K->601075K(14519232K), 2.2894780 secs]
2018-05-17T22:32:03.608+0000: 577163.229: [GC 7634547K->733261K(14526784K), 0.6550990 secs]
2018-05-17T22:47:22.290+0000: 578081.911: [GC 7766733K->744500K(14529792K), 0.6264500 secs]
2018-05-17T23:02:54.500+0000: 579014.120: [GC 7781876K->764126K(14527680K), 0.6092790 secs]
2018-05-17T23:13:55.825+0000: 579675.445: [GC 7801502K->783697K(14532928K), 0.6499510 secs]
2018-05-17T23:21:31.441+0000: 580131.061: [GC 4774665K->749656K(14456384K), 0.3574470 secs]
2018-05-17T23:21:31.798+0000: 580131.419: [Full GC 749656K->548835K(14456384K), 2.2549140 secs]
2018-05-17T23:41:51.842+0000: 581351.463: [GC 7593443K->665859K(14527936K), 0.5356700 secs]
2018-05-18T00:09:45.925+0000: 583025.545: [GC 7699139K->676059K(14525440K), 0.5964920 secs]
2018-05-18T00:21:34.063+0000: 583733.684: [GC 2700159K->619030K(14506496K), 0.1801300 secs]
2018-05-18T00:21:34.244+0000: 583733.864: [Full GC 619030K->471750K(14506496K), 2.3496560 secs]
2018-05-18T01:06:03.433+0000: 586403.054: [GC 7487302K->583375K(14517824K), 0.5295770 secs]
2018-05-18T01:21:36.604+0000: 587336.225: [GC 2464187K->524698K(14504512K), 0.1622250 secs]
2018-05-18T01:21:36.766+0000: 587336.387: [Full GC 524698K->416784K(14504512K), 1.7329570 secs]
2018-05-18T02:07:15.591+0000: 590075.212: [GC 7424016K->522084K(14513664K), 0.5439390 secs]
2018-05-18T02:21:38.509+0000: 590938.130: [GC 3490972K->485318K(14511360K), 0.2466450 secs]
2018-05-18T02:21:38.756+0000: 590938.377: [Full GC 485318K->367157K(14511360K), 1.8127270 secs]
2018-05-18T02:46:47.969+0000: 592447.590: [GC 7377717K->471702K(14515328K), 0.5434670 secs]
2018-05-18T03:06:14.360+0000: 593613.981: [GC 7482262K->491607K(14523008K), 0.5740930 secs]
2018-05-18T03:20:07.839+0000: 594447.460: [GC 7514135K->518066K(14519616K), 0.5409690 secs]
2018-05-18T03:21:40.580+0000: 594540.201: [GC 1230277K->432643K(14503360K), 0.0945930 secs]
2018-05-18T03:21:40.675+0000: 594540.296: [Full GC 432643K->342812K(14503360K), 1.9901720 secs]
2018-05-18T03:35:17.800+0000: 595357.420: [GC 7348124K->469997K(14472576K), 0.5660730 secs]
2018-05-18T03:46:45.622+0000: 596045.243: [GC 7475309K->487855K(14497984K), 0.6466390 secs]
2018-05-18T03:59:47.260+0000: 596826.881: [GC 7473071K->502761K(14451840K), 0.6305950 secs]
2018-05-18T04:13:07.653+0000: 597627.274: [GC 7487977K->516392K(14500032K), 0.6253270 secs]
2018-05-18T04:21:42.676+0000: 598142.296: [GC 4997752K->493842K(14500224K), 0.3935050 secs]
2018-05-18T04:21:43.070+0000: 598142.690: [Full GC 493842K->410459K(14500224K), 1.9302020 secs]
2018-05-18T04:32:32.327+0000: 598791.948: [GC 7390811K->535643K(14501568K), 0.6270920 secs]
2018-05-18T04:45:06.384+0000: 599546.004: [GC 7520987K->550483K(14502720K), 0.5772650 secs]
2018-05-18T04:55:56.969+0000: 600196.590: [GC 7535827K->572719K(14499200K), 0.5769540 secs]
2018-05-18T05:07:22.320+0000: 600881.941: [GC 7554607K->586689K(14500992K), 0.6059340 secs]
2018-05-18T05:16:59.101+0000: 601458.721: [GC 7568577K->607842K(14503424K), 0.6212860 secs]
2018-05-18T05:21:45.011+0000: 601744.631: [GC 4547816K->567567K(14393408K), 0.3576690 secs]
2018-05-18T05:21:45.369+0000: 601744.989: [Full GC 567567K->435650K(14393408K), 2.0783540 secs]
2018-05-18T05:30:51.000+0000: 602290.620: [GC 7421506K->556738K(14504320K), 0.5798540 secs]
2018-05-18T05:38:49.652+0000: 602769.273: [GC 7543426K->567261K(14502464K), 0.6044920 secs]
2018-05-18T05:46:56.044+0000: 603255.665: [GC 7553949K->577198K(14510976K), 0.5854410 secs]
2018-05-18T05:53:21.662+0000: 603641.283: [GC 7576174K->591816K(14508096K), 0.6038670 secs]
2018-05-18T05:59:21.427+0000: 604001.047: [GC 7590792K->607097K(14513344K), 0.5542300 secs]
2018-05-18T06:05:31.331+0000: 604370.951: [GC 7612665K->624109K(14512320K), 0.5707570 secs]
2018-05-18T06:11:22.662+0000: 604722.282: [GC 7629677K->640329K(14514304K), 0.6469950 secs]
2018-05-18T06:17:12.821+0000: 605072.442: [GC 7647817K->661848K(14513280K), 0.6396750 secs]
2018-05-18T06:21:47.457+0000: 605347.078: [GC 6266641K->656006K(14516288K), 0.5212120 secs]
2018-05-18T06:21:47.979+0000: 605347.599: [Full GC 656006K->513869K(14516288K), 2.3403180 secs]
2018-05-18T06:28:20.661+0000: 605740.281: [GC 7523469K->646333K(14513408K), 0.5988050 secs]
2018-05-18T06:35:24.854+0000: 606164.475: [GC 7655933K->664308K(14516352K), 0.6238740 secs]
2018-05-18T06:42:48.900+0000: 606608.521: [GC 7675508K->680404K(14514944K), 0.6536290 secs]
2018-05-18T06:48:47.891+0000: 606967.512: [GC 7691604K->697754K(14519168K), 0.6427690 secs]
2018-05-18T06:54:42.045+0000: 607321.665: [GC 7715162K->712561K(14518336K), 0.6420930 secs]
2018-05-18T07:01:06.608+0000: 607706.229: [GC 7729969K->735088K(14518656K), 0.6359800 secs]
2018-05-18T07:07:50.742+0000: 608110.362: [GC 7753840K->757171K(14492480K), 0.6340970 secs]
2018-05-18T07:13:34.574+0000: 608454.194: [GC 7775923K->783254K(14516672K), 0.6231840 secs]
2018-05-18T07:19:48.051+0000: 608827.672: [GC 7798806K->813684K(14497088K), 0.6609380 secs]
2018-05-18T07:21:50.329+0000: 608949.950: [GC 3488833K->759637K(14498432K), 0.2798160 secs]
2018-05-18T07:21:50.609+0000: 608950.230: [Full GC 759637K->568714K(14498432K), 2.4465080 secs]
2018-05-18T07:29:28.776+0000: 609408.396: [GC 7562378K->708059K(14473088K), 0.6063210 secs]
2018-05-18T07:37:06.044+0000: 609865.665: [GC 7701723K->741481K(14501824K), 0.6447430 secs]
2018-05-18T07:42:12.158+0000: 610171.779: [GC 7727977K->767981K(14503296K), 0.6579220 secs]
2018-05-18T07:47:29.373+0000: 610488.994: [GC 7754477K->792133K(14505152K), 0.6470350 secs]
2018-05-18T07:53:12.439+0000: 610832.060: [GC 7780549K->813901K(14503360K), 0.6147510 secs]
2018-05-18T07:58:34.517+0000: 611154.138: [GC 7802317K->833411K(14511296K), 0.6383650 secs]
2018-05-18T08:02:57.891+0000: 611417.512: [GC 7832323K->859721K(14507712K), 0.6452060 secs]
2018-05-18T08:04:08.954+0000: 611488.574: [GC 7858633K->927985K(14463040K), 0.9307880 secs]
2018-05-18T08:05:38.725+0000: 611578.346: [GC 7882865K->957126K(14477376K), 0.8929360 secs]
2018-05-18T08:07:13.169+0000: 611672.790: [GC 7912006K->964372K(14461248K), 0.8751760 secs]
2018-05-18T08:08:45.199+0000: 611764.820: [GC 7882900K->976392K(14435648K), 0.8185490 secs]
2018-05-18T08:09:37.488+0000: 611817.109: [GC 7894920K->989111K(14456256K), 0.8168080 secs]
2018-05-18T08:10:40.606+0000: 611880.227: [GC 7888823K->1008940K(14426176K), 0.7603360 secs]
2018-05-18T08:11:47.181+0000: 611946.801: [GC 7908652K->1020087K(14456128K), 0.7956880 secs]
2018-05-18T08:13:20.289+0000: 612039.910: [GC 7909367K->1030112K(14453248K), 0.8340510 secs]
2018-05-18T08:14:41.364+0000: 612120.985: [GC 7919392K->1040943K(14461888K), 0.8294770 secs]
2018-05-18T08:15:20.170+0000: 612159.791: [GC 7941999K->1039533K(14459264K), 0.7578200 secs]
2018-05-18T08:16:07.519+0000: 612207.139: [GC 7940589K->1041601K(14472512K), 0.6820470 secs]
2018-05-18T08:17:08.161+0000: 612267.782: [GC 7961985K->1062520K(14467968K), 0.7522960 secs]
2018-05-18T08:18:06.868+0000: 612326.489: [GC 7982904K->1055030K(14478208K), 0.6834910 secs]
2018-05-18T08:18:23.992+0000: 612343.613: [GC 7988534K->1020893K(14373120K), 0.4463310 secs]
2018-05-18T08:18:41.277+0000: 612360.897: [GC 7954397K->1020658K(14464768K), 0.4120230 secs]
2018-05-18T08:19:02.803+0000: 612382.424: [GC 7938674K->1046345K(14469056K), 0.5000400 secs]
2018-05-18T08:19:39.466+0000: 612419.087: [GC 7964361K->1100775K(14472448K), 0.7041760 secs]
2018-05-18T08:20:12.167+0000: 612451.788: [GC 8023143K->1104393K(14470016K), 0.6175610 secs]
2018-05-18T08:20:45.707+0000: 612485.328: [GC 8026761K->1114300K(14482816K), 0.4331290 secs]
2018-05-18T08:21:20.445+0000: 612520.065: [GC 8054524K->1111929K(14477504K), 0.6263090 secs]
2018-05-18T08:21:35.996+0000: 612535.617: [GC 8052153K->1100815K(14486016K), 0.4575610 secs]
2018-05-18T08:21:53.064+0000: 612552.685: [GC 7581479K->1109894K(14486400K), 0.4562970 secs]
2018-05-18T08:21:53.521+0000: 612553.142: [Full GC 1109894K->808687K(14486400K), 2.9169830 secs]
2018-05-18T08:22:12.232+0000: 612571.853: [GC 7761391K->925376K(14489728K), 0.4725160 secs]
2018-05-18T08:22:30.385+0000: 612590.006: [GC 7882112K->931406K(14487104K), 0.4845410 secs]
2018-05-18T08:22:43.874+0000: 612603.495: [GC 7888142K->946022K(14492928K), 0.4690430 secs]
2018-05-18T08:23:05.931+0000: 612625.552: [GC 7909862K->980200K(14491008K), 0.6205620 secs]
2018-05-18T08:23:35.479+0000: 612655.100: [GC 7944040K->1000462K(14497088K), 0.6878000 secs]
2018-05-18T08:24:12.643+0000: 612692.264: [GC 7974030K->1017377K(14461248K), 0.6373630 secs]
2018-05-18T08:24:45.111+0000: 612724.732: [GC 7990945K->1033126K(14490048K), 0.6928050 secs]
2018-05-18T08:25:30.207+0000: 612769.828: [GC 7999014K->1032065K(14492992K), 0.5988400 secs]
2018-05-18T08:26:20.852+0000: 612820.472: [GC 7997953K->1044003K(14495616K), 0.7017350 secs]
2018-05-18T08:27:52.001+0000: 612911.622: [GC 8014051K->1030633K(14494528K), 0.5396000 secs]
2018-05-18T08:28:13.126+0000: 612932.747: [GC 8000681K->1006675K(14487872K), 0.3741050 secs]
2018-05-18T08:28:38.641+0000: 612958.262: [GC 7971667K->1021262K(14391872K), 0.4095370 secs]
2018-05-18T08:29:41.365+0000: 613020.985: [GC 7986254K->1092667K(14484544K), 0.7408430 secs]
2018-05-18T08:30:27.423+0000: 613067.044: [GC 8048315K->1116269K(14455872K), 0.7350460 secs]
2018-05-18T08:31:09.853+0000: 613109.473: [GC 8071917K->1127316K(14475328K), 0.7611770 secs]
2018-05-18T08:31:49.609+0000: 613149.229: [GC 8064788K->1140885K(14436608K), 0.7910650 secs]
2018-05-18T08:32:11.110+0000: 613170.730: [GC 8078357K->1103429K(14478592K), 0.5408510 secs]
2018-05-18T08:32:28.486+0000: 613188.107: [GC 8037957K->1113306K(14476032K), 0.4773220 secs]
2018-05-18T08:32:48.080+0000: 613207.701: [GC 8047834K->1120103K(14483648K), 0.5104720 secs]
2018-05-18T08:33:23.871+0000: 613243.492: [GC 8064615K->1186653K(14449856K), 0.7664890 secs]
2018-05-18T08:33:59.293+0000: 613278.914: [GC 8131165K->1198075K(14470272K), 0.8029550 secs]
2018-05-18T08:34:40.005+0000: 613319.625: [GC 8125051K->1208557K(14429376K), 0.8070870 secs]
2018-05-18T08:35:28.648+0000: 613368.269: [GC 8135533K->1221351K(14465408K), 0.6478880 secs]
2018-05-18T08:36:00.890+0000: 613400.510: [GC 8137191K->1211376K(14467968K), 0.5626420 secs]
2018-05-18T08:36:17.616+0000: 613417.236: [GC 8127216K->1189254K(14474176K), 0.4070190 secs]
2018-05-18T08:36:35.940+0000: 613435.560: [GC 8117766K->1199922K(14474304K), 0.4269480 secs]
2018-05-18T08:36:54.542+0000: 613454.163: [GC 8128434K->1219345K(14479680K), 0.5200650 secs]
2018-05-18T08:37:10.882+0000: 613470.503: [GC 8154577K->1224078K(14475648K), 0.4902550 secs]
2018-05-18T08:37:29.832+0000: 613489.453: [GC 8159310K->1232684K(14486976K), 0.4554250 secs]
2018-05-18T08:37:45.484+0000: 613505.104: [GC 8182700K->1241603K(14483136K), 0.5286820 secs]
2018-05-18T08:38:02.682+0000: 613522.303: [GC 8191619K->1248216K(14494400K), 0.4900410 secs]
2018-05-18T08:38:22.380+0000: 613542.001: [GC 8213272K->1261233K(14490752K), 0.5458010 secs]
2018-05-18T08:39:16.069+0000: 613595.690: [GC 8226289K->1321728K(14479872K), 0.8039360 secs]
2018-05-18T08:40:10.879+0000: 613650.500: [GC 8280576K->1339760K(14469632K), 0.5359550 secs]
2018-05-18T08:41:10.085+0000: 613709.706: [GC 8298608K->1339482K(14471296K), 0.7314580 secs]
2018-05-18T08:41:54.651+0000: 613754.272: [GC 8270298K->1347911K(14429888K), 0.7303100 secs]
2018-05-18T08:42:25.560+0000: 613785.181: [GC 8278727K->1331592K(14479616K), 0.5946230 secs]
2018-05-18T08:42:43.150+0000: 613802.771: [GC 8264456K->1318762K(14473344K), 0.5001910 secs]
2018-05-18T08:42:58.879+0000: 613818.499: [GC 8251626K->1349858K(14486976K), 0.6117060 secs]
2018-05-18T08:43:15.334+0000: 613834.955: [GC 8297954K->1340182K(14481216K), 0.4497240 secs]
2018-05-18T08:43:33.644+0000: 613853.265: [GC 8288278K->1355950K(14492544K), 0.5417160 secs]
2018-05-18T08:43:50.310+0000: 613869.931: [GC 8317294K->1356859K(14488896K), 0.4850720 secs]
2018-05-18T08:44:14.802+0000: 613894.423: [GC 8318203K->1381417K(14500224K), 0.5968020 secs]
2018-05-18T08:45:04.574+0000: 613944.195: [GC 8356393K->1441769K(14490880K), 0.6930520 secs]
2018-05-18T08:45:50.966+0000: 613990.586: [GC 8416745K->1441161K(14472704K), 0.7874760 secs]
2018-05-18T08:46:25.538+0000: 614025.159: [GC 8384649K->1438509K(14481792K), 0.6280520 secs]
2018-05-18T08:46:41.799+0000: 614041.420: [GC 8381997K->1404779K(14483584K), 0.5137400 secs]
2018-05-18T08:46:58.952+0000: 614058.573: [GC 8350827K->1410128K(14482560K), 0.4836600 secs]
2018-05-18T08:47:17.823+0000: 614077.444: [GC 8356176K->1425361K(14488576K), 0.5402020 secs]
2018-05-18T08:47:34.865+0000: 614094.486: [GC 8378833K->1431540K(14484992K), 0.5126190 secs]
2018-05-18T08:47:51.663+0000: 614111.284: [GC 8385012K->1431496K(14493440K), 0.4555990 secs]
2018-05-18T08:48:21.829+0000: 614141.450: [GC 8396296K->1482703K(14491456K), 0.6990880 secs]
2018-05-18T08:49:04.650+0000: 614184.270: [GC 8447503K->1499440K(14486272K), 0.6503150 secs]
2018-05-18T08:49:43.325+0000: 614222.945: [GC 8458032K->1516895K(14458176K), 0.7578910 secs]
2018-05-18T08:50:24.356+0000: 614263.977: [GC 8475487K->1531559K(14475904K), 0.7318180 secs]
2018-05-18T08:51:09.034+0000: 614308.654: [GC 8471591K->1528149K(14480064K), 0.6885360 secs]
2018-05-18T08:51:26.617+0000: 614326.238: [GC 8468181K->1498025K(14483072K), 0.4802860 secs]
2018-05-18T08:51:43.233+0000: 614342.853: [GC 8443177K->1508972K(14482176K), 0.4881770 secs]
2018-05-18T08:52:03.752+0000: 614363.373: [GC 8454124K->1518482K(14488128K), 0.4974740 secs]
2018-05-18T08:52:38.560+0000: 614398.180: [GC 8471634K->1560541K(14485120K), 0.6652120 secs]
2018-05-18T08:53:15.323+0000: 614434.944: [GC 8513693K->1590302K(14477888K), 0.7645860 secs]
2018-05-18T08:53:47.045+0000: 614466.666: [GC 8537758K->1590769K(14483776K), 0.6913850 secs]
2018-05-18T08:54:15.890+0000: 614495.511: [GC 8538225K->1592151K(14488192K), 0.6844910 secs]
2018-05-18T08:54:45.850+0000: 614525.471: [GC 8544599K->1607022K(14484352K), 0.7099490 secs]
2018-05-18T08:55:14.763+0000: 614554.384: [GC 8559470K->1615212K(14493888K), 0.6238400 secs]
2018-05-18T08:55:51.725+0000: 614591.345: [GC 8579948K->1642646K(14465024K), 0.7572810 secs]
2018-05-18T08:56:09.538+0000: 614609.158: [GC 8607382K->1609001K(14491328K), 0.5147560 secs]
2018-05-18T08:56:25.289+0000: 614624.909: [GC 8570281K->1614986K(14490048K), 0.4689580 secs]
2018-05-18T08:56:43.047+0000: 614642.667: [GC 8576266K->1620794K(14492224K), 0.4622990 secs]
2018-05-18T08:57:10.126+0000: 614669.746: [GC 8584570K->1666436K(14491648K), 0.6219240 secs]
2018-05-18T08:57:43.297+0000: 614702.918: [GC 8630212K->1687899K(14490624K), 0.7181170 secs]
2018-05-18T08:58:16.942+0000: 614736.563: [GC 8652763K->1706386K(14464192K), 0.7822340 secs]
2018-05-18T08:58:52.925+0000: 614772.545: [GC 8671250K->1716254K(14481920K), 0.7868890 secs]
2018-05-18T08:59:48.252+0000: 614827.873: [GC 8666526K->1694321K(14485184K), 0.5966470 secs]
2018-05-18T09:00:35.319+0000: 614874.940: [GC 8644593K->1696483K(14490880K), 0.5259280 secs]
2018-05-18T09:01:16.817+0000: 614916.438: [GC 8656035K->1704173K(14488768K), 0.5525410 secs]
2018-05-18T09:02:03.918+0000: 614963.539: [GC 8663725K->1716448K(14496192K), 0.5600890 secs]
2018-05-18T09:03:08.091+0000: 615027.711: [GC 8685600K->1733695K(14493056K), 0.5868870 secs]
2018-05-18T09:03:48.696+0000: 615068.317: [GC 8702847K->1772680K(14496576K), 0.7278370 secs]
2018-05-18T09:04:27.708+0000: 615107.329: [GC 8749320K->1785205K(14469504K), 0.7138640 secs]
2018-05-18T09:05:05.480+0000: 615145.101: [GC 8761845K->1792355K(14496064K), 0.6898660 secs]
2018-05-18T09:05:36.299+0000: 615175.920: [GC 8764387K->1793792K(14496064K), 0.6066960 secs]
2018-05-18T09:05:52.465+0000: 615192.086: [GC 8765824K->1773516K(14499008K), 0.5029840 secs]
2018-05-18T09:06:10.583+0000: 615210.204: [GC 8752588K->1783596K(14499584K), 0.5215910 secs]
2018-05-18T09:06:30.195+0000: 615229.816: [GC 8762668K->1795115K(14502144K), 0.5293210 secs]
2018-05-18T09:07:05.473+0000: 615265.094: [GC 8777515K->1841502K(14474752K), 0.7668650 secs]
2018-05-18T09:07:43.790+0000: 615303.411: [GC 8823902K->1856750K(14490432K), 0.8010340 secs]
2018-05-18T09:08:30.934+0000: 615350.554: [GC 8825838K->1870544K(14470720K), 0.7764690 secs]
2018-05-18T09:08:58.341+0000: 615377.962: [GC 8839632K->1829942K(14490240K), 0.4638310 secs]
2018-05-18T09:09:15.369+0000: 615394.989: [GC 8789878K->1824415K(14392960K), 0.4223060 secs]
2018-05-18T09:09:37.865+0000: 615417.486: [GC 8784351K->1846136K(14490944K), 0.4728570 secs]
2018-05-18T09:09:56.042+0000: 615435.663: [GC 8805624K->1849909K(14488640K), 0.4660610 secs]
2018-05-18T09:10:16.584+0000: 615456.204: [GC 8809397K->1866162K(14496704K), 0.5065760 secs]
2018-05-18T09:10:38.654+0000: 615478.275: [GC 8835570K->1874161K(14492800K), 0.4643820 secs]
2018-05-18T09:10:55.148+0000: 615494.769: [GC 8843569K->1866106K(14501696K), 0.4122740 secs]
2018-05-18T09:11:14.600+0000: 615514.221: [GC 8848314K->1880710K(14500608K), 0.4510200 secs]
2018-05-18T09:11:33.244+0000: 615532.865: [GC 8862918K->1883466K(14506944K), 0.4487760 secs]
2018-05-18T09:11:49.642+0000: 615549.263: [GC 8874890K->1901224K(14504576K), 0.4836580 secs]
2018-05-18T09:12:09.281+0000: 615568.902: [GC 8892648K->1900644K(14514240K), 0.4448600 secs]
2018-05-18T09:12:25.146+0000: 615584.767: [GC 8905956K->1916260K(14511168K), 0.5193970 secs]
2018-05-18T09:12:47.677+0000: 615607.298: [GC 8921572K->1924690K(14521792K), 0.4914740 secs]
2018-05-18T09:13:47.193+0000: 615666.813: [GC 8944402K->1988058K(14518016K), 0.7684700 secs]
2018-05-18T09:14:31.503+0000: 615711.124: [GC 9007770K->2006158K(14460544K), 0.7765100 secs]
2018-05-18T09:15:15.059+0000: 615754.680: [GC 8964622K->2015674K(14455936K), 0.7869030 secs]
2018-05-18T09:15:59.701+0000: 615799.322: [GC 8974138K->2021979K(14478080K), 0.7037020 secs]
2018-05-18T09:16:20.306+0000: 615819.926: [GC 8963803K->1981074K(14480960K), 0.4486740 secs]
2018-05-18T09:16:36.579+0000: 615836.200: [GC 8922898K->1997617K(14485312K), 0.4796460 secs]
2018-05-18T09:17:03.173+0000: 615862.794: [GC 8944817K->2028820K(14481984K), 0.5754180 secs]
2018-05-18T09:17:35.949+0000: 615895.570: [GC 8976020K->2059673K(14483200K), 0.7529940 secs]
2018-05-18T09:17:55.125+0000: 615914.746: [GC 9012633K->2022709K(14486528K), 0.4669300 secs]
2018-05-18T09:18:12.764+0000: 615932.384: [GC 8975669K->2021169K(14490112K), 0.4506160 secs]
2018-05-18T09:18:43.276+0000: 615962.897: [GC 8980209K->2058908K(14489024K), 0.6287140 secs]
2018-05-18T09:19:35.685+0000: 616015.305: [GC 9017948K->2098411K(14483328K), 0.7536470 secs]
2018-05-18T09:20:10.015+0000: 616049.636: [GC 9057259K->2059297K(14489472K), 0.4616550 secs]
2018-05-18T09:20:26.317+0000: 616065.938: [GC 9018145K->2068218K(14496512K), 0.4362610 secs]
2018-05-18T09:20:56.900+0000: 616096.520: [GC 9037434K->2093080K(14492800K), 0.5520370 secs]
2018-05-18T09:21:56.446+0000: 616156.067: [GC 6281795K->2084413K(14504128K), 0.4855160 secs]
2018-05-18T09:21:56.932+0000: 616156.552: [Full GC 2084413K->1144298K(14504128K), 4.3021040 secs]
2018-05-18T09:23:31.092+0000: 616250.713: [GC 8129322K->1330570K(14500992K), 0.9015050 secs]
2018-05-18T09:24:49.431+0000: 616329.052: [GC 8315594K->1351680K(14433152K), 0.9037610 secs]
2018-05-18T09:25:37.626+0000: 616377.246: [GC 8265728K->1366201K(14435072K), 0.8476760 secs]
2018-05-18T09:26:32.738+0000: 616432.358: [GC 8280249K->1364553K(14452416K), 0.8245690 secs]
2018-05-18T09:26:49.194+0000: 616448.814: [GC 8254921K->1308671K(14455232K), 0.4229280 secs]
2018-05-18T09:27:06.418+0000: 616466.039: [GC 8199039K->1320460K(14459776K), 0.4766590 secs]
2018-05-18T09:27:27.309+0000: 616486.929: [GC 8216908K->1336977K(14456768K), 0.5245320 secs]
2018-05-18T09:27:44.607+0000: 616504.228: [GC 8233425K->1337262K(14468288K), 0.5193420 secs]
2018-05-18T09:28:01.548+0000: 616521.169: [GC 8250158K->1340770K(14464704K), 0.4833530 secs]
2018-05-18T09:28:56.515+0000: 616576.136: [GC 8253666K->1423974K(14449280K), 0.8861020 secs]
2018-05-18T09:30:03.141+0000: 616642.761: [GC 8324838K->1435823K(14423616K), 0.8091860 secs]
2018-05-18T09:30:56.663+0000: 616696.283: [GC 8336687K->1448408K(14436352K), 0.7604280 secs]
2018-05-18T09:31:47.294+0000: 616746.914: [GC 8315608K->1452901K(14381312K), 0.8837260 secs]
2018-05-18T09:32:39.363+0000: 616798.983: [GC 8320101K->1467177K(14437888K), 0.9021120 secs]
2018-05-18T09:33:50.503+0000: 616870.124: [GC 8326441K->1483873K(14382976K), 0.8896150 secs]
2018-05-18T09:34:13.651+0000: 616893.272: [GC 8343137K->1422261K(14437888K), 0.5180290 secs]
2018-05-18T09:34:34.810+0000: 616914.431: [GC 8276085K->1425214K(14436032K), 0.4787820 secs]
2018-05-18T09:34:51.794+0000: 616931.414: [GC 8279038K->1440467K(14443648K), 0.5244340 secs]
2018-05-18T09:35:31.180+0000: 616970.800: [GC 8303955K->1473778K(14439936K), 0.5803210 secs]
2018-05-18T09:35:49.418+0000: 616989.039: [GC 8337266K->1443038K(14453120K), 0.3993630 secs]
2018-05-18T09:36:28.386+0000: 617028.007: [GC 8328286K->1488977K(14452224K), 0.6464660 secs]
2018-05-18T09:36:49.075+0000: 617048.695: [GC 8374225K->1465073K(14464512K), 0.4657100 secs]
2018-05-18T09:37:06.160+0000: 617065.781: [GC 8371441K->1472351K(14461952K), 0.4735590 secs]
2018-05-18T09:38:02.908+0000: 617122.529: [GC 8378719K->1543516K(14458432K), 0.7855690 secs]
2018-05-18T09:38:20.519+0000: 617140.140: [GC 8449116K->1486551K(14462848K), 0.4480440 secs]
2018-05-18T09:38:39.238+0000: 617158.859: [GC 8392151K->1500111K(14469568K), 0.4601950 secs]
2018-05-18T09:39:01.899+0000: 617181.520: [GC 8414863K->1510195K(14465280K), 0.4708900 secs]
2018-05-18T09:39:19.530+0000: 617199.150: [GC 8424947K->1510554K(14478208K), 0.4778520 secs]
2018-05-18T09:39:44.573+0000: 617224.194: [GC 8443098K->1532498K(14474432K), 0.5397480 secs]
2018-05-18T09:40:06.511+0000: 617246.132: [GC 8465042K->1529853K(14489536K), 0.4182910 secs]
2018-05-18T09:40:22.116+0000: 617261.737: [GC 8484605K->1547369K(14485312K), 0.4877490 secs]
2018-05-18T09:41:08.378+0000: 617307.998: [GC 8502121K->1620460K(14465024K), 0.8120760 secs]
2018-05-18T09:42:14.225+0000: 617373.846: [GC 8560748K->1638138K(14464128K), 0.9245850 secs]
2018-05-18T09:43:02.098+0000: 617421.719: [GC 8578426K->1617846K(14465728K), 0.7255230 secs]
2018-05-18T09:43:20.350+0000: 617439.971: [GC 8529014K->1577449K(14465536K), 0.4735670 secs]
2018-05-18T09:43:37.377+0000: 617456.997: [GC 8488617K->1584737K(14473152K), 0.4858300 secs]
2018-05-18T09:44:27.638+0000: 617507.259: [GC 8506977K->1677467K(14452160K), 0.8000200 secs]
2018-05-18T09:44:47.785+0000: 617527.406: [GC 8599707K->1608163K(14463232K), 0.5089940 secs]
2018-05-18T09:45:04.387+0000: 617544.008: [GC 8509091K->1601535K(14457792K), 0.3963430 secs]
2018-05-18T09:45:28.378+0000: 617567.999: [GC 8502463K->1623998K(14472640K), 0.4829970 secs]
2018-05-18T09:45:44.492+0000: 617584.112: [GC 8542718K->1619411K(14466176K), 0.4314690 secs]
2018-05-18T09:46:01.460+0000: 617601.080: [GC 8538131K->1625250K(14480320K), 0.4171330 secs]
2018-05-18T09:46:26.221+0000: 617625.842: [GC 8561698K->1633606K(14476224K), 0.4222760 secs]
2018-05-18T09:46:42.292+0000: 617641.913: [GC 8570054K->1641446K(14489344K), 0.4321210 secs]
2018-05-18T09:47:21.293+0000: 617680.913: [GC 8595366K->1704742K(14449792K), 0.7631260 secs]
2018-05-18T09:48:21.063+0000: 617740.683: [GC 8658662K->1745373K(14449984K), 0.8826140 secs]
2018-05-18T09:49:18.418+0000: 617798.039: [GC 8657757K->1759407K(14443456K), 0.9361370 secs]
2018-05-18T09:50:07.392+0000: 617847.012: [GC 8671791K->1767094K(14429632K), 0.8235630 secs]
2018-05-18T09:51:08.443+0000: 617908.064: [GC 8628150K->1776122K(14387712K), 0.9108420 secs]
2018-05-18T09:51:55.246+0000: 617954.867: [GC 8637178K->1778544K(14431168K), 0.8026000 secs]
2018-05-18T09:52:11.974+0000: 617971.595: [GC 8622832K->1718376K(14432192K), 0.4848710 secs]
2018-05-18T09:52:49.284+0000: 618008.905: [GC 8562664K->1762759K(14443776K), 0.6902190 secs]
2018-05-18T09:53:45.446+0000: 618065.066: [GC 8620807K->1813663K(14434368K), 0.8497990 secs]
2018-05-18T09:54:32.954+0000: 618112.574: [GC 8671711K->1825084K(14434880K), 0.9134810 secs]
2018-05-18T09:55:32.881+0000: 618172.501: [GC 8679484K->1829435K(14369024K), 0.7453400 secs]
2018-05-18T09:56:23.296+0000: 618222.917: [GC 8683835K->1847046K(14433600K), 0.7711960 secs]
2018-05-18T09:57:15.820+0000: 618275.440: [GC 8697734K->1860741K(14372672K), 0.7545550 secs]
2018-05-18T09:57:44.476+0000: 618304.097: [GC 8711429K->1823045K(14437888K), 0.5191280 secs]
2018-05-18T09:58:01.461+0000: 618321.081: [GC 8675141K->1814768K(14434304K), 0.4535830 secs]
2018-05-18T09:58:23.351+0000: 618342.972: [GC 8666864K->1836928K(14443200K), 0.5355960 secs]
2018-05-18T09:58:40.294+0000: 618359.914: [GC 8698624K->1823482K(14438592K), 0.4132270 secs]
2018-05-18T09:58:57.971+0000: 618377.592: [GC 8685178K->1837068K(14447680K), 0.5011650 secs]
2018-05-18T09:59:18.403+0000: 618398.024: [GC 8708940K->1857124K(14444288K), 0.5612800 secs]
2018-05-18T09:59:35.667+0000: 618415.287: [GC 8728996K->1850985K(14457536K), 0.4934780 secs]
2018-05-18T09:59:53.422+0000: 618433.043: [GC 8742377K->1862111K(14453952K), 0.5230470 secs]
2018-05-18T10:00:40.603+0000: 618480.224: [GC 8753503K->1950735K(14434688K), 0.9288170 secs]
2018-05-18T10:01:28.519+0000: 618528.139: [GC 8827663K->1964853K(14410688K), 0.9307850 secs]
2018-05-18T10:02:17.231+0000: 618576.852: [GC 8841781K->1979695K(14418368K), 0.9329930 secs]
2018-05-18T10:03:04.467+0000: 618624.088: [GC 8815023K->1992279K(14365952K), 0.9500450 secs]
2018-05-18T10:03:29.729+0000: 618649.350: [GC 8827607K->1924268K(14425920K), 0.5076960 secs]
2018-05-18T10:03:46.546+0000: 618666.166: [GC 8752556K->1922402K(14422464K), 0.4706880 secs]
2018-05-18T10:04:27.142+0000: 618706.763: [GC 8750690K->1973314K(14438784K), 0.6648910 secs]
2018-05-18T10:05:33.473+0000: 618773.093: [GC 8820482K->2026547K(14428480K), 0.8692190 secs]
2018-05-18T10:06:16.966+0000: 618816.587: [GC 8873715K->2041280K(14420352K), 0.9794460 secs]
2018-05-18T10:07:11.312+0000: 618870.933: [GC 8873408K->2051203K(14363072K), 0.9034750 secs]
2018-05-18T10:07:33.976+0000: 618893.597: [GC 8883331K->1984480K(14424576K), 0.5425120 secs]
2018-05-18T10:07:52.111+0000: 618911.731: [GC 8810976K->1983077K(14422016K), 0.4696910 secs]
2018-05-18T10:08:14.270+0000: 618933.890: [GC 8809573K->2001990K(14431552K), 0.5124010 secs]
2018-05-18T10:08:31.042+0000: 618950.663: [GC 8839942K->1999428K(14426496K), 0.4412690 secs]
2018-05-18T10:08:47.530+0000: 618967.151: [GC 8837380K->2011371K(14439872K), 0.4750560 secs]
2018-05-18T10:09:07.964+0000: 618987.584: [GC 8866091K->2032749K(14434944K), 0.5380340 secs]
2018-05-18T10:09:27.523+0000: 619007.143: [GC 8887469K->2038021K(14452992K), 0.5561520 secs]
2018-05-18T10:10:22.360+0000: 619061.980: [GC 8918021K->2136801K(14421824K), 0.8149290 secs]
2018-05-18T10:11:05.684+0000: 619105.305: [GC 9016801K->2165044K(14413312K), 0.8133360 secs]
2018-05-18T10:11:57.669+0000: 619157.290: [GC 8994868K->2176963K(14348480K), 0.8131990 secs]
2018-05-18T10:12:37.926+0000: 619197.547: [GC 9006787K->2179717K(14426112K), 0.8321470 secs]
2018-05-18T10:13:09.196+0000: 619228.817: [GC 9009221K->2150267K(14423488K), 0.6078610 secs]
2018-05-18T10:13:26.543+0000: 619246.163: [GC 8979771K->2140458K(14435904K), 0.4842180 secs]
2018-05-18T10:13:45.717+0000: 619265.338: [GC 8989034K->2146363K(14432768K), 0.5086830 secs]
2018-05-18T10:14:02.718+0000: 619282.339: [GC 8994939K->2146492K(14442368K), 0.4588280 secs]
2018-05-18T10:14:19.753+0000: 619299.374: [GC 9007932K->2158226K(14439168K), 0.4705870 secs]
2018-05-18T10:14:42.377+0000: 619321.998: [GC 9019666K->2171625K(14452992K), 0.4904740 secs]
2018-05-18T10:14:59.914+0000: 619339.534: [GC 9051561K->2163304K(14447040K), 0.4099950 secs]
2018-05-18T10:15:21.723+0000: 619361.344: [GC 9043240K->2187534K(14462528K), 0.4905620 secs]
2018-05-18T10:16:12.498+0000: 619412.119: [GC 9085646K->2266125K(14420352K), 0.8263440 secs]
2018-05-18T10:17:15.991+0000: 619475.611: [GC 9164237K->2274150K(14434304K), 0.8802950 secs]
2018-05-18T10:18:09.159+0000: 619528.779: [GC 9138918K->2289076K(14385216K), 0.9046500 secs]
2018-05-18T10:18:45.846+0000: 619565.466: [GC 9153844K->2258690K(14446336K), 0.6558540 secs]
2018-05-18T10:19:03.055+0000: 619582.676: [GC 9120898K->2226780K(14435968K), 0.4548490 secs]
2018-05-18T10:19:25.209+0000: 619604.829: [GC 9088988K->2251434K(14454784K), 0.5632970 secs]
2018-05-18T10:20:11.324+0000: 619650.944: [GC 9134570K->2323428K(14405120K), 0.8847410 secs]
2018-05-18T10:21:02.250+0000: 619701.870: [GC 9206564K->2332213K(14434176K), 0.9058310 secs]
2018-05-18T10:21:19.096+0000: 619718.717: [GC 9192373K->2264264K(14440128K), 0.4639830 secs]
2018-05-18T10:21:35.489+0000: 619735.110: [GC 9124424K->2273139K(14446400K), 0.4782380 secs]
2018-05-18T10:21:56.740+0000: 619756.361: [GC 9142003K->2293102K(14442560K), 0.5272100 secs]
2018-05-18T10:22:01.243+0000: 619760.864: [GC 4030292K->2216766K(14436864K), 0.1275760 secs]
2018-05-18T10:22:01.371+0000: 619760.992: [Full GC 2216766K->1141370K(14436864K), 4.0537130 secs]
2018-05-18T10:22:21.665+0000: 619781.285: [GC 8011386K->1251919K(14445056K), 0.4844020 secs]
2018-05-18T10:22:45.577+0000: 619805.197: [GC 8121935K->1274643K(14464128K), 0.5769560 secs]
2018-05-18T10:23:35.346+0000: 619854.967: [GC 8172883K->1352542K(14425408K), 0.9151860 secs]
2018-05-18T10:24:17.307+0000: 619896.927: [GC 8250782K->1360037K(14428480K), 0.9299140 secs]
2018-05-18T10:25:04.750+0000: 619944.370: [GC 8217637K->1369134K(14381056K), 0.8229040 secs]
2018-05-18T10:25:53.435+0000: 619993.056: [GC 8226734K->1377140K(14422016K), 0.6604430 secs]
2018-05-18T10:26:09.378+0000: 620008.999: [GC 8210164K->1311726K(14426560K), 0.4099170 secs]
2018-05-18T10:26:24.346+0000: 620023.967: [GC 8144750K->1333290K(14437440K), 0.5220340 secs]
2018-05-18T10:26:47.329+0000: 620046.950: [GC 8181226K->1355708K(14430592K), 0.5914110 secs]
2018-05-18T10:27:05.740+0000: 620065.360: [GC 8203644K->1345385K(14452480K), 0.4980310 secs]
2018-05-18T10:27:22.134+0000: 620081.755: [GC 8225001K->1352119K(14447232K), 0.4895560 secs]
2018-05-18T10:27:41.951+0000: 620101.572: [GC 8231735K->1368446K(14463744K), 0.5245220 secs]
2018-05-18T10:27:58.921+0000: 620118.542: [GC 8269310K->1367336K(14457216K), 0.4551250 secs]
2018-05-18T10:27:59.386+0000: 620119.007: [GC 1368533K->1368018K(14442560K), 0.2069750 secs]
2018-05-18T10:29:02.411+0000: 620182.032: [GC 8258514K->1502869K(14455296K), 0.6020000 secs]
2018-05-18T10:30:28.232+0000: 620267.853: [GC 8393365K->1553923K(14441792K), 0.7292560 secs]
2018-05-18T10:30:57.496+0000: 620297.117: [GC 8434051K->1496737K(14450112K), 0.4124320 secs]
2018-05-18T10:31:15.555+0000: 620315.175: [GC 8376865K->1511102K(14463040K), 0.4352380 secs]
2018-05-18T10:31:38.575+0000: 620338.196: [GC 8410046K->1537174K(14456000K), 0.4447350 secs]
2018-05-18T10:31:57.190+0000: 620356.811: [GC 8436118K->1532036K(14480128K), 0.4656610 secs]
2018-05-18T10:32:18.144+0000: 620377.764: [GC 8465284K->1548428K(14473216K), 0.5373330 secs]
2018-05-18T10:32:36.440+0000: 620396.061: [GC 8481676K->1542818K(14493568K), 0.4694140 secs]
2018-05-18T10:32:53.291+0000: 620412.912: [GC 8504674K->1548807K(14488384K), 0.4537440 secs]
2018-05-18T10:33:15.767+0000: 620435.388: [GC 8510663K->1572720K(14503744K), 0.5269410 secs]
2018-05-18T10:33:32.078+0000: 620451.699: [GC 8555056K->1574062K(14498688K), 0.5105080 secs]
2018-05-18T10:33:52.128+0000: 620471.748: [GC 8556398K->1575675K(14514688K), 0.5019120 secs]
2018-05-18T10:34:11.924+0000: 620491.544: [GC 8580219K->1583486K(14509952K), 0.4844260 secs]
2018-05-18T10:34:30.281+0000: 620509.902: [GC 8588030K->1588413K(14522944K), 0.4701880 secs]
2018-05-18T10:35:17.856+0000: 620557.476: [GC 8610557K->1645837K(14515264K), 0.6846870 secs]
2018-05-18T10:36:09.190+0000: 620608.810: [GC 8667981K->1695649K(14452928K), 0.9109750 secs]
2018-05-18T10:37:00.776+0000: 620660.397: [GC 8643745K->1731650K(14476480K), 0.8612540 secs]
2018-05-18T10:37:49.891+0000: 620709.511: [GC 8679746K->1743605K(14431168K), 0.9205670 secs]
2018-05-18T10:38:39.439+0000: 620759.060: [GC 8631157K->1754429K(14414592K), 0.9152160 secs]
2018-05-18T10:38:59.662+0000: 620779.283: [GC 8641981K->1693013K(14448256K), 0.4980320 secs]
2018-05-18T10:39:18.156+0000: 620797.777: [GC 8564885K->1696639K(14443712K), 0.4635130 secs]
2018-05-18T10:39:39.147+0000: 620818.768: [GC 8568511K->1716816K(14457856K), 0.5085330 secs]
2018-05-18T10:39:55.504+0000: 620835.125: [GC 8606736K->1723226K(14452160K), 0.4978890 secs]
2018-05-18T10:40:12.469+0000: 620852.090: [GC 8613146K->1737270K(14467392K), 0.4242050 secs]
2018-05-18T10:40:33.289+0000: 620872.910: [GC 8646966K->1768701K(14462400K), 0.5208420 secs]
2018-05-18T10:40:52.180+0000: 620891.801: [GC 8678397K->1772772K(14480768K), 0.5083070 secs]
2018-05-18T10:41:13.149+0000: 620912.770: [GC 8708900K->1791821K(14475456K), 0.5312040 secs]
2018-05-18T10:41:30.204+0000: 620929.825: [GC 8727949K->1802344K(14491264K), 0.5068950 secs]
2018-05-18T10:41:47.954+0000: 620947.575: [GC 8760168K->1816371K(14486656K), 0.5143460 secs]
2018-05-18T10:42:26.005+0000: 620985.626: [GC 8774195K->1882150K(14476160K), 0.8146340 secs]
2018-05-18T10:43:09.878+0000: 621029.498: [GC 8834086K->1918499K(14478528K), 0.9204050 secs]
2018-05-18T10:43:59.084+0000: 621078.705: [GC 8870435K->1927228K(14438848K), 0.8290090 secs]
2018-05-18T10:44:57.496+0000: 621137.117: [GC 8824508K->1934153K(14418496K), 0.8046010 secs]
2018-05-18T10:45:44.534+0000: 621184.155: [GC 8831433K->1950130K(14436032K), 0.8493750 secs]
2018-05-18T10:46:10.480+0000: 621210.101: [GC 8816946K->1905429K(14443456K), 0.5982510 secs]
2018-05-18T10:46:27.104+0000: 621226.725: [GC 8772245K->1895924K(14451712K), 0.5093830 secs]
2018-05-18T10:46:47.849+0000: 621247.470: [GC 8776820K->1906285K(14449280K), 0.5419940 secs]
2018-05-18T10:47:05.107+0000: 621264.728: [GC 8787181K->1895985K(14457024K), 0.4388840 secs]
2018-05-18T10:47:23.935+0000: 621283.555: [GC 8788593K->1914322K(14455680K), 0.4775380 secs]
2018-05-18T10:48:02.981+0000: 621322.602: [GC 8806930K->1976703K(14459136K), 0.7497550 secs]
2018-05-18T10:49:00.541+0000: 621380.162: [GC 8877183K->2011298K(14422912K), 0.9082210 secs]
2018-05-18T10:50:00.262+0000: 621439.882: [GC 8911778K->2019511K(14440256K), 0.6883920 secs]
2018-05-18T10:50:20.771+0000: 621460.392: [GC 8890551K->1948209K(14445568K), 0.3624600 secs]
2018-05-18T10:50:39.005+0000: 621478.625: [GC 8819249K->1971475K(14450880K), 0.4965640 secs]
2018-05-18T10:50:58.573+0000: 621498.193: [GC 8848531K->1977169K(14446272K), 0.5076520 secs]
2018-05-18T10:51:46.862+0000: 621546.483: [GC 8854225K->2022832K(14460416K), 0.6846940 secs]
2018-05-18T10:52:04.278+0000: 621563.898: [GC 8918768K->1985987K(14455616K), 0.4529220 secs]
2018-05-18T10:52:24.803+0000: 621584.424: [GC 8881881K->2005808K(14468800K), 0.5281460 secs]
2018-05-18T10:53:18.811+0000: 621638.431: [GC 8917552K->2093083K(14443456K), 0.9265060 secs]
2018-05-18T10:54:12.912+0000: 621692.533: [GC 9004827K->2099835K(14432256K), 0.8807190 secs]
2018-05-18T10:54:56.118+0000: 621735.739: [GC 8965371K->2078292K(14442816K), 0.6925380 secs]
2018-05-18T10:55:12.444+0000: 621752.065: [GC 8943828K->2036563K(14448960K), 0.4012390 secs]
2018-05-18T10:55:33.705+0000: 621773.326: [GC 8912019K->2056586K(14446592K), 0.4588280 secs]
2018-05-18T10:55:49.727+0000: 621789.348: [GC 8932042K->2074796K(14460096K), 0.5398580 secs]
2018-05-18T10:56:06.907+0000: 621806.528: [GC 8968940K->2067660K(14454144K), 0.4497460 secs]
2018-05-18T10:56:39.314+0000: 621838.934: [GC 8961804K->2110809K(14469248K), 0.6605570 secs]
2018-05-18T10:57:34.964+0000: 621894.584: [GC 9023577K->2173719K(14443904K), 0.9405060 secs]
2018-05-18T10:58:34.464+0000: 621954.084: [GC 9086487K->2180778K(14435008K), 0.9380130 secs]
2018-05-18T10:59:04.709+0000: 621984.330: [GC 9050410K->2115069K(14444864K), 0.4774830 secs]
2018-05-18T10:59:21.939+0000: 622001.560: [GC 8984701K->2122135K(14452736K), 0.4918140 secs]
2018-05-18T10:59:44.727+0000: 622024.348: [GC 9003671K->2133748K(14448896K), 0.5175600 secs]
2018-05-18T11:00:06.393+0000: 622046.014: [GC 9015284K->2141664K(14463488K), 0.4789770 secs]
2018-05-18T11:00:19.868+0000: 622059.489: [GC 9043104K->2118511K(14458048K), 0.3105630 secs]
2018-05-18T11:01:04.611+0000: 622104.232: [GC 9019951K->2206806K(14456320K), 0.7765700 secs]
2018-05-18T11:02:01.304+0000: 622160.925: [GC 9106390K->2249801K(14431936K), 0.9272710 secs]
2018-05-18T11:02:32.541+0000: 622192.162: [GC 9149385K->2194633K(14453184K), 0.5768540 secs]
2018-05-18T11:03:43.715+0000: 622263.335: [GC 9073225K->2247437K(14445504K), 0.6945220 secs]
2018-05-18T11:04:02.994+0000: 622282.615: [GC 9126029K->2188953K(14452096K), 0.4011720 secs]
2018-05-18T11:04:30.939+0000: 622310.560: [GC 9072537K->2208492K(14451584K), 0.4608670 secs]
2018-05-18T11:05:33.636+0000: 622373.257: [GC 9092076K->2305950K(14432320K), 0.9180800 secs]
2018-05-18T11:06:23.123+0000: 622422.744: [GC 9174174K->2316159K(14392000K), 0.8307800 secs]
2018-05-18T11:07:01.261+0000: 622460.882: [GC 9184383K->2289830K(14442880K), 0.6982940 secs]
2018-05-18T11:07:19.703+0000: 622479.324: [GC 9148582K->2262274K(14435968K), 0.5337520 secs]
2018-05-18T11:07:41.235+0000: 622500.856: [GC 9121026K->2250037K(14449984K), 0.4411380 secs]
2018-05-18T11:07:59.634+0000: 622519.254: [GC 9127989K->2260778K(14448064K), 0.4438160 secs]
2018-05-18T11:08:19.905+0000: 622539.525: [GC 9138730K->2273045K(14459200K), 0.4663790 secs]
2018-05-18T11:08:38.984+0000: 622558.605: [GC 9165845K->2289142K(14453696K), 0.5328310 secs]
2018-05-18T11:08:57.372+0000: 622576.993: [GC 9181942K->2284845K(14471488K), 0.4660520 secs]
2018-05-18T11:09:16.594+0000: 622596.215: [GC 9202669K->2287958K(14466432K), 0.4628780 secs]
2018-05-18T11:09:37.142+0000: 622616.763: [GC 9205782K->2298586K(14481152K), 0.4441660 secs]
2018-05-18T11:09:53.953+0000: 622633.574: [GC 9235482K->2309715K(14475840K), 0.4936680 secs]
2018-05-18T11:10:15.749+0000: 622655.370: [GC 9246611K->2315323K(14492608K), 0.4374920 secs]
2018-05-18T11:10:33.818+0000: 622673.439: [GC 9275003K->2330527K(14487168K), 0.5382120 secs]
2018-05-18T11:10:51.793+0000: 622691.413: [GC 9290207K->2325604K(14502720K), 0.4734860 secs]
2018-05-18T11:11:11.598+0000: 622711.218: [GC 9307236K->2342249K(14499008K), 0.4999750 secs]
2018-05-18T11:11:30.819+0000: 622730.440: [GC 9323881K->2354243K(14513728K), 0.5314510 secs]
2018-05-18T11:11:47.961+0000: 622747.581: [GC 9356035K->2353656K(14508160K), 0.4925590 secs]
2018-05-18T11:12:06.342+0000: 622765.963: [GC 9355448K->2372411K(14520576K), 0.5387350 secs]
2018-05-18T11:12:23.884+0000: 622783.505: [GC 9390715K->2371585K(14517824K), 0.4921070 secs]
2018-05-18T11:12:43.425+0000: 622803.045: [GC 9389889K->2382593K(14527744K), 0.5319060 secs]
2018-05-18T11:13:02.005+0000: 622821.626: [GC 9414273K->2396433K(14524032K), 0.5532920 secs]
2018-05-18T11:13:19.996+0000: 622839.617: [GC 9428113K->2395772K(14532672K), 0.4527590 secs]
2018-05-18T11:13:38.252+0000: 622857.873: [GC 9438396K->2417349K(14530048K), 0.5490120 secs]
2018-05-18T11:13:57.060+0000: 622876.681: [GC 9459973K->2413692K(14535808K), 0.5076350 secs]
2018-05-18T11:14:14.914+0000: 622894.534: [GC 9463164K->2435047K(14533760K), 0.5419300 secs]
2018-05-18T11:14:33.788+0000: 622913.408: [GC 9484519K->2448531K(14533824K), 0.5814850 secs]
2018-05-18T11:14:51.714+0000: 622931.335: [GC 9498771K->2444818K(14535168K), 0.5389460 secs]
2018-05-18T11:15:22.214+0000: 622961.835: [GC 9495058K->2469650K(14531264K), 0.5761410 secs]
2018-05-18T11:16:36.648+0000: 623036.268: [GC 9518610K->2495299K(14534528K), 0.6720150 secs]
2018-05-18T11:16:56.208+0000: 623055.828: [GC 9544259K->2447292K(14505472K), 0.3962760 secs]
2018-05-18T11:17:26.534+0000: 623086.155: [GC 9467196K->2471223K(14520000K), 0.4613860 secs]
2018-05-18T11:17:45.614+0000: 623105.235: [GC 9491127K->2463084K(14518272K), 0.3722420 secs]
2018-05-18T11:18:06.385+0000: 623126.006: [GC 9482860K->2481816K(14519936K), 0.4803390 secs]
2018-05-18T11:18:26.062+0000: 623145.683: [GC 9501592K->2511299K(14524224K), 0.5578730 secs]
2018-05-18T11:18:47.707+0000: 623167.327: [GC 9536771K->2512253K(14521344K), 0.4964440 secs]
2018-05-18T11:19:07.262+0000: 623186.883: [GC 9537725K->2531671K(14529472K), 0.5791010 secs]
2018-05-18T11:19:28.641+0000: 623208.262: [GC 9569495K->2537694K(14528448K), 0.5791760 secs]
2018-05-18T11:19:53.298+0000: 623232.919: [GC 9575518K->2520319K(14531392K), 0.4419090 secs]
2018-05-18T11:20:15.201+0000: 623254.821: [GC 9562239K->2544243K(14530624K), 0.5104140 secs]
2018-05-18T11:20:35.192+0000: 623274.813: [GC 9586163K->2540197K(14536512K), 0.4565650 secs]
2018-05-18T11:20:57.391+0000: 623297.011: [GC 9591397K->2557611K(14534784K), 0.5291760 secs]
2018-05-18T11:21:18.612+0000: 623318.233: [GC 9608811K->2568300K(14538880K), 0.5638920 secs]
2018-05-18T11:21:40.494+0000: 623340.115: [GC 9625580K->2574761K(14538496K), 0.5549040 secs]
2018-05-18T11:22:00.301+0000: 623359.922: [GC 9632041K->2574557K(14541760K), 0.5197070 secs]
2018-05-18T11:22:05.435+0000: 623365.056: [GC 4080304K->2507708K(14431616K), 0.1449090 secs]
2018-05-18T11:22:05.580+0000: 623365.201: [Full GC 2507708K->1291336K(14431616K), 4.3493900 secs]
2018-05-18T11:22:26.768+0000: 623386.389: [GC 8349064K->1417421K(14523712K), 0.5378820 secs]
2018-05-18T11:22:45.987+0000: 623405.608: [GC 8452301K->1426293K(14527488K), 0.5170360 secs]
2018-05-18T11:23:06.841+0000: 623426.461: [GC 8461173K->1441769K(14526848K), 0.5758700 secs]
2018-05-18T11:23:26.920+0000: 623446.540: [GC 8477289K->1448927K(14497664K), 0.5887370 secs]
2018-05-18T11:23:49.348+0000: 623468.969: [GC 8484447K->1435977K(14530240K), 0.4784090 secs]
2018-05-18T11:24:09.165+0000: 623488.785: [GC 8473225K->1447037K(14527104K), 0.4465390 secs]
2018-05-18T11:24:30.672+0000: 623510.293: [GC 8484285K->1463786K(14535104K), 0.5216210 secs]
2018-05-18T11:24:53.804+0000: 623533.425: [GC 8512042K->1465423K(14533248K), 0.4868240 secs]
2018-05-18T11:25:15.299+0000: 623554.920: [GC 8513679K->1483894K(14538112K), 0.5181870 secs]
2018-05-18T11:25:37.465+0000: 623577.086: [GC 8540150K->1483894K(14538176K), 0.5327130 secs]
2018-05-18T11:25:59.539+0000: 623599.160: [GC 8540150K->1482917K(14542784K), 0.4998690 secs]
2018-05-18T11:26:19.791+0000: 623619.411: [GC 8545765K->1483773K(14540160K), 0.4721200 secs]
2018-05-18T11:26:49.302+0000: 623648.923: [GC 8546621K->1513792K(14535872K), 0.6028240 secs]
2018-05-18T11:27:10.142+0000: 623669.763: [GC 8573760K->1508589K(14540032K), 0.5396300 secs]
2018-05-18T11:27:29.775+0000: 623689.396: [GC 8568557K->1517797K(14543168K), 0.5167250 secs]
2018-05-18T11:27:50.447+0000: 623710.068: [GC 8582693K->1534242K(14529728K), 0.5729370 secs]
2018-05-18T11:28:10.844+0000: 623730.465: [GC 8599138K->1540892K(14536704K), 0.5769420 secs]
2018-05-18T11:28:31.619+0000: 623751.240: [GC 8598300K->1531528K(14538752K), 0.5032760 secs]
2018-05-18T11:28:51.329+0000: 623770.949: [GC 8588936K->1548376K(14541696K), 0.5281720 secs]
2018-05-18T11:29:12.031+0000: 623791.652: [GC 8610328K->1563588K(14526592K), 0.6257440 secs]
2018-05-18T11:29:34.368+0000: 623813.989: [GC 8625540K->1556513K(14541696K), 0.5248220 secs]
2018-05-18T11:29:55.442+0000: 623835.063: [GC 8618209K->1570186K(14540096K), 0.5010320 secs]
2018-05-18T11:30:18.533+0000: 623858.154: [GC 8631882K->1568550K(14544192K), 0.5156510 secs]
2018-05-18T11:30:39.893+0000: 623879.514: [GC 8635814K->1594599K(14534848K), 0.5300870 secs]
2018-05-18T11:31:00.775+0000: 623900.396: [GC 8661863K->1590572K(14543616K), 0.5662620 secs]
2018-05-18T11:31:23.246+0000: 623922.866: [GC 8655404K->1588569K(14541312K), 0.5164030 secs]
2018-05-18T11:31:43.250+0000: 623942.871: [GC 8653401K->1593833K(14545216K), 0.5025370 secs]
2018-05-18T11:32:05.163+0000: 623964.784: [GC 8663209K->1609255K(14544256K), 0.5741230 secs]
2018-05-18T11:32:26.311+0000: 623985.932: [GC 8678631K->1612353K(14547456K), 0.5379560 secs]
2018-05-18T11:32:47.821+0000: 624007.442: [GC 8685569K->1620739K(14545856K), 0.5532250 secs]
2018-05-18T11:33:07.444+0000: 624027.065: [GC 8693955K->1625295K(14550016K), 0.5337690 secs]
2018-05-18T11:33:28.087+0000: 624047.708: [GC 8703823K->1635125K(14548608K), 0.5529780 secs]
2018-05-18T11:33:49.791+0000: 624069.412: [GC 8713653K->1640705K(14550080K), 0.5499650 secs]
2018-05-18T11:34:11.253+0000: 624090.873: [GC 8720385K->1648976K(14549696K), 0.5870330 secs]
2018-05-18T11:34:33.436+0000: 624113.057: [GC 8728656K->1644488K(14549952K), 0.5555300 secs]
2018-05-18T11:34:57.396+0000: 624137.017: [GC 8724040K->1640657K(14517312K), 0.4215630 secs]
2018-05-18T11:35:18.956+0000: 624158.577: [GC 8720209K->1650114K(14548288K), 0.4245210 secs]
2018-05-18T11:35:40.578+0000: 624180.199: [GC 8726850K->1672128K(14534272K), 0.5482210 secs]
2018-05-18T11:36:04.077+0000: 624203.698: [GC 8748864K->1676684K(14548928K), 0.5505460 secs]
2018-05-18T11:36:23.286+0000: 624222.907: [GC 8753868K->1686204K(14548352K), 0.5647530 secs]
2018-05-18T11:36:43.891+0000: 624243.512: [GC 8763388K->1677697K(14549120K), 0.4856170 secs]
2018-05-18T11:37:07.811+0000: 624267.432: [GC 8755713K->1694021K(14548992K), 0.4999560 secs]
2018-05-18T11:37:29.309+0000: 624288.929: [GC 8772037K->1685282K(14548992K), 0.4482400 secs]
2018-05-18T11:37:50.873+0000: 624310.494: [GC 8764066K->1711025K(14536896K), 0.5495770 secs]
2018-05-18T11:38:12.676+0000: 624332.296: [GC 8789809K->1717597K(14548352K), 0.5764500 secs]
2018-05-18T11:38:34.589+0000: 624354.210: [GC 8794717K->1722257K(14548608K), 0.5638580 secs]
2018-05-18T11:38:55.579+0000: 624375.200: [GC 8799377K->1721003K(14549888K), 0.5036030 secs]
2018-05-18T11:39:16.046+0000: 624395.667: [GC 8799403K->1743054K(14544640K), 0.6086140 secs]
2018-05-18T11:39:38.154+0000: 624417.774: [GC 8821454K->1733465K(14547456K), 0.5114700 secs]
2018-05-18T11:40:02.765+0000: 624442.386: [GC 8807513K->1726988K(14509056K), 0.4047230 secs]
2018-05-18T11:40:23.433+0000: 624463.053: [GC 8801036K->1758933K(14543616K), 0.5230710 secs]
2018-05-18T11:40:43.217+0000: 624482.838: [GC 8828629K->1746897K(14544896K), 0.4973820 secs]
2018-05-18T11:41:04.872+0000: 624504.493: [GC 8816504K->1774473K(14542336K), 0.5426380 secs]
2018-05-18T11:41:25.683+0000: 624525.304: [GC 8841993K->1777048K(14543808K), 0.5920100 secs]
2018-05-18T11:41:44.507+0000: 624544.128: [GC 8844568K->1773700K(14546176K), 0.5328070 secs]
2018-05-18T11:42:08.472+0000: 624568.093: [GC 8844356K->1776318K(14544576K), 0.4976590 secs]
2018-05-18T11:42:29.820+0000: 624589.440: [GC 8846974K->1785314K(14548288K), 0.5183990 secs]
2018-05-18T11:42:51.327+0000: 624610.948: [GC 8860642K->1799368K(14547136K), 0.5379530 secs]
2018-05-18T11:43:13.746+0000: 624633.367: [GC 8874696K->1808349K(14548544K), 0.5738080 secs]
2018-05-18T11:43:35.745+0000: 624655.365: [GC 8885853K->1802918K(14548800K), 0.5072680 secs]
2018-05-18T11:43:55.445+0000: 624675.066: [GC 8880422K->1807977K(14550080K), 0.5077350 secs]
2018-05-18T11:44:15.251+0000: 624694.872: [GC 8887337K->1827785K(14539904K), 0.5723620 secs]
2018-05-18T11:44:35.930+0000: 624715.550: [GC 8907145K->1842652K(14540224K), 0.6002950 secs]
2018-05-18T11:44:55.177+0000: 624734.797: [GC 8911196K->1839370K(14544320K), 0.5185280 secs]
2018-05-18T11:45:16.066+0000: 624755.687: [GC 8907914K->1846864K(14547264K), 0.4577690 secs]
2018-05-18T11:45:40.380+0000: 624780.000: [GC 8919632K->1855524K(14545600K), 0.4665800 secs]
2018-05-18T11:46:02.363+0000: 624801.983: [GC 8928292K->1862719K(14549312K), 0.5408390 secs]
2018-05-18T11:46:23.436+0000: 624823.057: [GC 8939903K->1870301K(14547968K), 0.5755870 secs]
2018-05-18T11:46:43.838+0000: 624843.459: [GC 8947485K->1869293K(14550976K), 0.5059710 secs]
2018-05-18T11:47:04.636+0000: 624864.256: [GC 8950445K->1874778K(14550272K), 0.5246810 secs]
2018-05-18T11:47:27.673+0000: 624887.294: [GC 8955930K->1879436K(14551552K), 0.5007100 secs]
2018-05-18T11:47:50.150+0000: 624909.771: [GC 8962252K->1887542K(14551360K), 0.4951950 secs]
2018-05-18T11:48:14.598+0000: 624934.218: [GC 8970358K->1886743K(14551104K), 0.4830900 secs]
2018-05-18T11:48:39.552+0000: 624959.172: [GC 8970263K->1893254K(14523520K), 0.4694450 secs]
2018-05-18T11:49:03.438+0000: 624983.059: [GC 8976774K->1898759K(14551936K), 0.4554140 secs]
2018-05-18T11:49:28.517+0000: 625008.138: [GC 8982343K->1908301K(14551744K), 0.4767160 secs]
2018-05-18T11:49:53.272+0000: 625032.892: [GC 8991885K->1916767K(14553536K), 0.5163480 secs]
2018-05-18T11:50:17.550+0000: 625057.170: [GC 9002719K->1925349K(14552512K), 0.4462900 secs]
2018-05-18T11:50:39.422+0000: 625079.043: [GC 9011301K->1937959K(14556224K), 0.5213760 secs]
2018-05-18T11:51:02.175+0000: 625101.796: [GC 9028839K->1954448K(14549248K), 0.5589650 secs]
2018-05-18T11:51:28.636+0000: 625128.257: [GC 9045328K->1965414K(14549568K), 0.5686960 secs]
2018-05-18T11:51:58.742+0000: 625158.363: [GC 9048678K->1974071K(14540672K), 0.5649200 secs]
2018-05-18T11:52:18.102+0000: 625177.723: [GC 9057335K->1973036K(14552256K), 0.5045170 secs]
2018-05-18T11:52:41.913+0000: 625201.533: [GC 9055724K->1996199K(14543808K), 0.5687220 secs]
2018-05-18T11:53:06.291+0000: 625225.912: [GC 9078887K->2000422K(14550720K), 0.5385700 secs]
2018-05-18T11:53:28.458+0000: 625248.078: [GC 9080934K->2010453K(14549888K), 0.5434680 secs]
2018-05-18T11:53:50.757+0000: 625270.377: [GC 9090965K->2016196K(14551232K), 0.5706330 secs]
2018-05-18T11:54:09.724+0000: 625289.345: [GC 9098116K->2020045K(14550784K), 0.5191380 secs]
2018-05-18T11:54:31.848+0000: 625311.468: [GC 9101965K->2032724K(14553024K), 0.5395890 secs]
2018-05-18T11:54:53.928+0000: 625333.548: [GC 9118420K->2045670K(14546688K), 0.5560050 secs]
2018-05-18T11:55:15.834+0000: 625355.455: [GC 9131366K->2046300K(14552640K), 0.5015620 secs]
2018-05-18T11:55:37.129+0000: 625376.749: [GC 9130140K->2039846K(14551296K), 0.4774170 secs]
2018-05-18T11:55:58.372+0000: 625397.993: [GC 9123686K->2049489K(14552064K), 0.4966930 secs]
2018-05-18T11:56:25.722+0000: 625425.343: [GC 9133137K->2050559K(14551680K), 0.4789100 secs]
2018-05-18T11:56:49.858+0000: 625449.479: [GC 9134207K->2058439K(14552000K), 0.4811770 secs]
2018-05-18T11:57:10.646+0000: 625470.267: [GC 9142087K->2074588K(14551744K), 0.4888280 secs]
2018-05-18T11:57:33.728+0000: 625493.349: [GC 9158236K->2088947K(14550976K), 0.5563610 secs]
2018-05-18T11:57:54.647+0000: 625514.268: [GC 9172723K->2103551K(14546304K), 0.6096540 secs]
2018-05-18T11:58:22.009+0000: 625541.630: [GC 9187327K->2104661K(14549824K), 0.5427500 secs]
2018-05-18T11:58:42.009+0000: 625561.630: [GC 9183509K->2120876K(14542080K), 0.6031440 secs]
2018-05-18T11:59:02.372+0000: 625581.993: [GC 9199724K->2108481K(14548032K), 0.4948120 secs]
2018-05-18T11:59:22.151+0000: 625601.772: [GC 9183873K->2130424K(14534464K), 0.5495390 secs]
2018-05-18T11:59:42.719+0000: 625622.340: [GC 9205816K->2137541K(14546496K), 0.5649410 secs]
2018-05-18T12:00:04.174+0000: 625643.795: [GC 9211333K->2141079K(14546944K), 0.5609620 secs]
2018-05-18T12:00:23.265+0000: 625662.886: [GC 9214871K->2145955K(14550208K), 0.5169220 secs]
2018-05-18T12:00:45.612+0000: 625685.232: [GC 9224803K->2158089K(14548736K), 0.5214060 secs]
2018-05-18T12:01:06.738+0000: 625706.359: [GC 9236937K->2174805K(14547840K), 0.6035060 secs]
2018-05-18T12:01:25.694+0000: 625725.315: [GC 9253587K->2168866K(14549440K), 0.5007290 secs]
2018-05-18T12:01:47.098+0000: 625746.719: [GC 9247650K->2176744K(14550720K), 0.5169090 secs]
2018-05-18T12:02:09.977+0000: 625769.597: [GC 9257128K->2175928K(14549760K), 0.4598700 secs]
2018-05-18T12:02:32.023+0000: 625791.644: [GC 9256312K->2196368K(14551168K), 0.5242660 secs]
2018-05-18T12:02:53.593+0000: 625813.213: [GC 9277840K->2206876K(14550400K), 0.5590350 secs]
2018-05-18T12:03:20.390+0000: 625840.011: [GC 9288348K->2211946K(14552128K), 0.5091430 secs]
2018-05-18T12:03:41.011+0000: 625860.632: [GC 9295338K->2223089K(14551360K), 0.5915970 secs]
2018-05-18T12:04:03.273+0000: 625882.894: [GC 9306481K->2222867K(14552832K), 0.5396150 secs]
2018-05-18T12:04:24.357+0000: 625903.977: [GC 9307347K->2228251K(14551744K), 0.5409370 secs]
2018-05-18T12:04:43.400+0000: 625923.021: [GC 9312731K->2234763K(14554432K), 0.5273150 secs]
2018-05-18T12:05:05.419+0000: 625945.040: [GC 9322955K->2246298K(14553856K), 0.4779380 secs]
2018-05-18T12:05:26.288+0000: 625965.909: [GC 9334490K->2256265K(14554432K), 0.5699900 secs]
2018-05-18T12:05:47.745+0000: 625987.366: [GC 9345673K->2256830K(14554752K), 0.5483790 secs]
2018-05-18T12:06:06.748+0000: 626006.368: [GC 9346238K->2261535K(14556032K), 0.5331190 secs]
2018-05-18T12:06:28.750+0000: 626028.370: [GC 9353247K->2268849K(14555776K), 0.4984590 secs]
2018-05-18T12:06:49.982+0000: 626049.602: [GC 9360561K->2283969K(14555072K), 0.5655050 secs]
2018-05-18T12:07:12.580+0000: 626072.201: [GC 9375681K->2278020K(14535616K), 0.4804870 secs]
2018-05-18T12:07:36.024+0000: 626095.645: [GC 9369732K->2282880K(14554944K), 0.4913760 secs]
2018-05-18T12:07:56.208+0000: 626115.829: [GC 9373312K->2298788K(14555264K), 0.5400330 secs]
2018-05-18T12:08:17.147+0000: 626136.768: [GC 9389220K->2302189K(14557568K), 0.4923190 secs]
2018-05-18T12:08:39.446+0000: 626159.067: [GC 9396141K->2313469K(14556480K), 0.5155590 secs]
2018-05-18T12:09:03.468+0000: 626183.089: [GC 9407421K->2326890K(14553216K), 0.5740500 secs]
2018-05-18T12:09:31.338+0000: 626210.958: [GC 9417834K->2312158K(14529280K), 0.4757080 secs]
2018-05-18T12:09:55.191+0000: 626234.812: [GC 9403102K->2321865K(14554432K), 0.4759410 secs]
2018-05-18T12:10:15.479+0000: 626255.100: [GC 9410633K->2337688K(14554432K), 0.4986330 secs]
2018-05-18T12:10:37.144+0000: 626276.764: [GC 9426456K->2359417K(14541440K), 0.5973220 secs]
2018-05-18T12:10:58.535+0000: 626298.155: [GC 9436281K->2357627K(14548480K), 0.5432440 secs]
2018-05-18T12:11:20.299+0000: 626319.919: [GC 9434491K->2366034K(14551040K), 0.5293820 secs]
2018-05-18T12:11:39.730+0000: 626339.351: [GC 9446546K->2374390K(14549568K), 0.5199180 secs]
2018-05-18T12:12:09.232+0000: 626368.853: [GC 9454902K->2397153K(14538112K), 0.6194350 secs]
2018-05-18T12:12:31.107+0000: 626390.728: [GC 9467617K->2379979K(14511552K), 0.4798870 secs]
2018-05-18T12:12:51.525+0000: 626411.146: [GC 9450443K->2397137K(14546752K), 0.4861240 secs]
2018-05-18T12:13:15.725+0000: 626435.345: [GC 9468689K->2400102K(14544896K), 0.4814290 secs]
2018-05-18T12:13:40.346+0000: 626459.967: [GC 9471654K->2402961K(14546432K), 0.4802670 secs]
2018-05-18T12:14:04.791+0000: 626484.411: [GC 9476113K->2414777K(14546624K), 0.4831380 secs]
2018-05-18T12:14:29.746+0000: 626509.366: [GC 9487929K->2420350K(14548352K), 0.4712820 secs]
2018-05-18T12:14:51.429+0000: 626531.050: [GC 9496382K->2429716K(14547776K), 0.4662140 secs]
2018-05-18T12:15:15.208+0000: 626554.829: [GC 9505748K->2440235K(14551680K), 0.4775880 secs]
2018-05-18T12:15:36.704+0000: 626576.325: [GC 9521515K->2452690K(14549696K), 0.5417570 secs]
2018-05-18T12:15:58.683+0000: 626598.304: [GC 9533970K->2461107K(14549184K), 0.5844810 secs]
2018-05-18T12:16:21.346+0000: 626620.966: [GC 9541299K->2459729K(14550144K), 0.5299970 secs]
2018-05-18T12:16:42.715+0000: 626642.335: [GC 9539921K->2461040K(14552896K), 0.5065040 secs]
2018-05-18T12:17:03.150+0000: 626662.771: [GC 9545904K->2467564K(14552064K), 0.4940910 secs]
2018-05-18T12:17:25.827+0000: 626685.448: [GC 9552428K->2481104K(14553600K), 0.5450330 secs]
2018-05-18T12:17:48.527+0000: 626708.147: [GC 9568848K->2482507K(14553920K), 0.5048520 secs]
2018-05-18T12:18:08.849+0000: 626728.470: [GC 9570251K->2502668K(14548736K), 0.5692810 secs]
2018-05-18T12:18:31.025+0000: 626750.646: [GC 9586572K->2489507K(14552000K), 0.4842910 secs]
2018-05-18T12:18:50.985+0000: 626770.605: [GC 9573411K->2495599K(14552960K), 0.4693230 secs]
2018-05-18T12:19:13.060+0000: 626792.681: [GC 9580847K->2503725K(14552384K), 0.4783110 secs]
2018-05-18T12:19:35.186+0000: 626814.806: [GC 9588973K->2518128K(14554752K), 0.5177510 secs]
2018-05-18T12:20:00.157+0000: 626839.778: [GC 9606896K->2530569K(14547584K), 0.5053850 secs]
2018-05-18T12:20:21.154+0000: 626860.774: [GC 9619337K->2541959K(14549504K), 0.5397010 secs]
2018-05-18T12:20:41.289+0000: 626880.909: [GC 9624199K->2551356K(14544000K), 0.5797590 secs]
2018-05-18T12:21:01.119+0000: 626900.740: [GC 9633596K->2543015K(14549952K), 0.5104850 secs]
2018-05-18T12:21:21.838+0000: 626921.459: [GC 9621927K->2555139K(14549056K), 0.5188990 secs]
2018-05-18T12:21:41.016+0000: 626940.636: [GC 9634051K->2576251K(14543424K), 0.6042770 secs]
2018-05-18T12:21:59.188+0000: 626958.809: [GC 9651067K->2566640K(14547456K), 0.4669750 secs]
2018-05-18T12:22:09.940+0000: 626969.560: [GC 6397862K->2535494K(14537344K), 0.2942750 secs]
2018-05-18T12:22:10.234+0000: 626969.855: [Full GC 2535494K->1428434K(14537344K), 4.7517300 secs]
2018-05-18T12:22:32.657+0000: 626992.278: [GC 8494417K->1546504K(14524096K), 0.5082770 secs]
2018-05-18T12:22:51.960+0000: 627011.581: [GC 8612488K->1569714K(14537088K), 0.6035640 secs]
2018-05-18T12:23:14.541+0000: 627034.162: [GC 8629042K->1552733K(14539712K), 0.4493180 secs]
2018-05-18T12:23:32.594+0000: 627052.215: [GC 8612061K->1568296K(14543552K), 0.5077440 secs]
2018-05-18T12:23:52.125+0000: 627071.746: [GC 8632488K->1582720K(14540736K), 0.5558870 secs]
2018-05-18T12:24:11.911+0000: 627091.532: [GC 8646912K->1594800K(14539392K), 0.5620960 secs]
2018-05-18T12:24:30.567+0000: 627110.188: [GC 8657328K->1590418K(14541312K), 0.4639670 secs]
2018-05-18T12:25:00.705+0000: 627140.325: [GC 8652946K->1608743K(14541504K), 0.5280610 secs]
2018-05-18T12:25:25.646+0000: 627165.267: [GC 8674087K->1608595K(14542720K), 0.5405310 secs]
2018-05-18T12:25:47.334+0000: 627186.955: [GC 8673939K->1612676K(14546624K), 0.5075750 secs]
2018-05-18T12:26:11.881+0000: 627211.502: [GC 8684356K->1604335K(14545152K), 0.4334890 secs]
2018-05-18T12:26:34.157+0000: 627233.778: [GC 8676015K->1627563K(14547584K), 0.5122290 secs]
2018-05-18T12:26:55.806+0000: 627255.426: [GC 8700523K->1638008K(14545472K), 0.5470910 secs]
2018-05-18T12:27:16.275+0000: 627275.896: [GC 8710968K->1639872K(14550464K), 0.4655450 secs]
2018-05-18T12:27:38.124+0000: 627297.744: [GC 8720000K->1668671K(14538816K), 0.5619520 secs]
2018-05-18T12:27:57.361+0000: 627316.982: [GC 8748799K->1685759K(14546304K), 0.5661240 secs]
2018-05-18T12:28:16.450+0000: 627336.071: [GC 8761087K->1701513K(14537600K), 0.5572510 secs]
2018-05-18T12:28:36.031+0000: 627355.652: [GC 8776841K->1702998K(14547648K), 0.4814610 secs]
2018-05-18T12:28:57.385+0000: 627377.006: [GC 8776342K->1715642K(14545792K), 0.5019280 secs]
2018-05-18T12:29:19.767+0000: 627399.387: [GC 8788986K->1723136K(14550720K), 0.5260410 secs]
2018-05-18T12:29:40.349+0000: 627419.970: [GC 8803264K->1741433K(14549504K), 0.5469410 secs]
2018-05-18T12:30:02.537+0000: 627442.158: [GC 8821561K->1751495K(14550720K), 0.4823440 secs]
2018-05-18T12:30:23.213+0000: 627462.833: [GC 8832199K->1751297K(14550080K), 0.4449120 secs]
2018-05-18T12:30:45.165+0000: 627484.786: [GC 8832001K->1760104K(14550400K), 0.4773320 secs]
2018-05-18T12:31:10.015+0000: 627509.636: [GC 8840488K->1773560K(14550080K), 0.4961230 secs]
2018-05-18T12:31:30.001+0000: 627529.622: [GC 8853944K->1788057K(14553280K), 0.4971860 secs]
2018-05-18T12:31:51.426+0000: 627551.046: [GC 8873049K->1801414K(14551808K), 0.5141860 secs]
2018-05-18T12:32:11.597+0000: 627571.218: [GC 8886406K->1822510K(14547520K), 0.6155250 secs]
2018-05-18T12:32:32.813+0000: 627592.434: [GC 8904622K->1823044K(14551104K), 0.5182230 secs]
2018-05-18T12:32:53.995+0000: 627613.616: [GC 8905156K->1834596K(14553536K), 0.4997540 secs]
2018-05-18T12:33:16.526+0000: 627636.147: [GC 8919908K->1856091K(14551872K), 0.5235570 secs]
2018-05-18T12:33:37.518+0000: 627657.138: [GC 8941403K->1881430K(14530816K), 0.5953340 secs]
2018-05-18T12:33:58.271+0000: 627677.891: [GC 8944086K->1898137K(14529920K), 0.5847940 secs]
2018-05-18T12:34:17.637+0000: 627697.258: [GC 8960793K->1901029K(14540992K), 0.5421520 secs]
2018-05-18T12:34:38.959+0000: 627718.579: [GC 8961381K->1922089K(14539456K), 0.5209070 secs]
2018-05-18T12:35:01.660+0000: 627741.281: [GC 8982441K->1943195K(14541376K), 0.6198640 secs]
2018-05-18T12:35:24.112+0000: 627763.733: [GC 9006875K->1947861K(14541888K), 0.5649050 secs]
2018-05-18T12:35:45.875+0000: 627785.495: [GC 9011541K->1959983K(14545344K), 0.5477280 secs]
2018-05-18T12:36:06.915+0000: 627806.536: [GC 9028783K->1970513K(14543552K), 0.5613610 secs]
2018-05-18T12:36:26.881+0000: 627826.501: [GC 9039313K->1971146K(14547008K), 0.5037590 secs]
2018-05-18T12:36:47.339+0000: 627846.959: [GC 9044874K->1976623K(14546816K), 0.4981110 secs]
2018-05-18T12:37:10.380+0000: 627870.001: [GC 9050351K->1980234K(14547072K), 0.4920930 secs]
2018-05-18T12:37:31.184+0000: 627890.805: [GC 9054538K->1995563K(14547200K), 0.5200660 secs]
2018-05-18T12:37:52.246+0000: 627911.867: [GC 9069867K->2002276K(14550336K), 0.5368570 secs]
2018-05-18T12:38:13.170+0000: 627932.790: [GC 9081444K->2007857K(14548928K), 0.5318220 secs]
2018-05-18T12:38:35.722+0000: 627955.343: [GC 9087025K->2012618K(14552576K), 0.5294450 secs]
2018-05-18T12:38:55.583+0000: 627975.204: [GC 9096778K->2016809K(14551680K), 0.5145810 secs]
2018-05-18T12:39:15.354+0000: 627994.974: [GC 9100969K->2020581K(14553536K), 0.5216750 secs]
2018-05-18T12:39:36.905+0000: 628016.525: [GC 9107173K->2039174K(14545152K), 0.5276520 secs]
2018-05-18T12:39:57.366+0000: 628036.987: [GC 9125766K->2036671K(14553280K), 0.4701790 secs]
2018-05-18T12:40:17.814+0000: 628057.435: [GC 9122559K->2052404K(14552704K), 0.5256400 secs]
2018-05-18T12:40:39.532+0000: 628079.153: [GC 9138292K->2056771K(14553536K), 0.5491990 secs]
2018-05-18T12:40:57.746+0000: 628097.367: [GC 9143363K->2058411K(14553152K), 0.4910700 secs]
2018-05-18T12:41:25.173+0000: 628124.794: [GC 9145003K->2088329K(14537472K), 0.6262360 secs]
2018-05-18T12:41:46.624+0000: 628146.245: [GC 9159817K->2082292K(14545792K), 0.5315660 secs]
2018-05-18T12:42:04.609+0000: 628164.230: [GC 9153780K->2094037K(14548992K), 0.5594780 secs]
2018-05-18T12:42:25.188+0000: 628184.808: [GC 9170197K->2101577K(14547264K), 0.4250380 secs]
2018-05-18T12:42:45.180+0000: 628204.800: [GC 9177737K->2112867K(14550720K), 0.5549470 secs]
2018-05-18T12:43:06.197+0000: 628225.817: [GC 9193379K->2113735K(14549888K), 0.5199880 secs]
2018-05-18T12:43:25.478+0000: 628245.099: [GC 9194247K->2118311K(14551680K), 0.5194340 secs]
2018-05-18T12:43:45.631+0000: 628265.251: [GC 9201319K->2124180K(14551424K), 0.5116680 secs]
2018-05-18T12:44:08.954+0000: 628288.574: [GC 9207188K->2129123K(14552448K), 0.4834390 secs]
2018-05-18T12:44:31.076+0000: 628310.697: [GC 9213539K->2120040K(14514880K), 0.4096960 secs]
2018-05-18T12:44:54.714+0000: 628334.335: [GC 9204456K->2135027K(14550144K), 0.4709090 secs]
2018-05-18T12:48:15.840+0000: 628535.461: [GC 9215091K->2173024K(14550016K), 0.5874640 secs]
2018-05-18T12:48:38.716+0000: 628558.336: [GC 9253088K->2169777K(14533888K), 0.5173850 secs]
2018-05-18T12:49:18.136+0000: 628597.757: [GC 9233585K->2201696K(14529920K), 0.5857100 secs]
2018-05-18T12:49:39.563+0000: 628619.183: [GC 9265504K->2197502K(14541952K), 0.4972260 secs]
2018-05-18T12:50:06.548+0000: 628646.169: [GC 9258558K->2217803K(14539200K), 0.5295330 secs]
2018-05-18T12:50:28.690+0000: 628668.310: [GC 9278859K->2195608K(14538304K), 0.3957050 secs]
2018-05-18T12:51:03.946+0000: 628703.566: [GC 9253784K->2238574K(14528448K), 0.6105190 secs]
2018-05-18T12:51:25.982+0000: 628725.602: [GC 9296750K->2231447K(14538304K), 0.5280500 secs]
2018-05-18T12:51:47.865+0000: 628747.486: [GC 9284951K->2243874K(14535296K), 0.5495900 secs]
2018-05-18T12:52:11.088+0000: 628770.708: [GC 9297378K->2251936K(14540736K), 0.5865150 secs]
2018-05-18T12:52:33.775+0000: 628793.396: [GC 9312800K->2256995K(14540224K), 0.5570490 secs]
2018-05-18T12:53:04.021+0000: 628823.642: [GC 9317859K->2266699K(14542400K), 0.5454150 secs]
2018-05-18T12:53:24.952+0000: 628844.572: [GC 9330955K->2280493K(14541952K), 0.5911460 secs]
2018-05-18T12:53:45.012+0000: 628864.633: [GC 9344749K->2280157K(14544128K), 0.5052900 secs]
2018-05-18T12:54:10.349+0000: 628889.970: [GC 9346589K->2280746K(14542400K), 0.4823270 secs]
2018-05-18T12:54:34.721+0000: 628914.342: [GC 9347178K->2291361K(14545856K), 0.4998760 secs]
2018-05-18T12:54:58.764+0000: 628938.384: [GC 9361761K->2296980K(14544640K), 0.4843750 secs]
2018-05-18T12:55:27.636+0000: 628967.256: [GC 9367380K->2277663K(14538816K), 0.3201790 secs]
2018-05-18T12:55:53.352+0000: 628992.973: [GC 9342879K->2303122K(14542656K), 0.4458310 secs]
2018-05-18T12:56:19.342+0000: 629018.963: [GC 9368338K->2311065K(14544832K), 0.4682240 secs]
2018-05-18T12:56:42.529+0000: 629042.149: [GC 9379353K->2333778K(14527808K), 0.5366170 secs]
2018-05-18T12:57:05.286+0000: 629064.906: [GC 9402066K->2336839K(14543616K), 0.5767570 secs]
2018-05-18T12:57:25.911+0000: 629085.532: [GC 9403783K->2340742K(14543424K), 0.5264000 secs]
2018-05-18T12:57:48.077+0000: 629107.698: [GC 9407686K->2358624K(14543232K), 0.5295130 secs]
2018-05-18T12:58:10.431+0000: 629130.052: [GC 9426784K->2362616K(14544128K), 0.5323200 secs]
2018-05-18T12:58:31.150+0000: 629150.771: [GC 9430776K->2373057K(14543616K), 0.5767790 secs]
2018-05-18T12:58:52.508+0000: 629172.129: [GC 9441089K->2372619K(14544064K), 0.5098410 secs]
2018-05-18T12:59:17.402+0000: 629197.023: [GC 9440651K->2378713K(14547904K), 0.5028140 secs]
2018-05-18T12:59:40.505+0000: 629220.126: [GC 9452761K->2392132K(14546240K), 0.5528730 secs]
2018-05-18T13:00:07.059+0000: 629246.680: [GC 9466180K->2406381K(14545152K), 0.5938500 secs]
2018-05-18T13:00:45.130+0000: 629284.751: [GC 9479661K->2431210K(14546688K), 0.6584450 secs]
2018-05-18T13:01:05.350+0000: 629304.970: [GC 9504490K->2412482K(14526208K), 0.4967140 secs]
2018-05-18T13:01:16.827+0000: 629316.447: [GC 9465282K->2411135K(14489152K), 0.2170490 secs]
2018-05-18T13:01:58.362+0000: 629357.983: [GC 9463935K->2480290K(14503744K), 0.7857590 secs]
2018-05-18T13:02:33.294+0000: 629392.914: [GC 9499938K->2466382K(14519872K), 0.5957040 secs]
2018-05-18T13:03:39.794+0000: 629459.414: [GC 9486030K->2545330K(14470848K), 0.8824400 secs]
2018-05-18T13:04:36.449+0000: 629516.069: [GC 9519282K->2592042K(14497024K), 0.9666720 secs]
2018-05-18T13:05:07.631+0000: 629547.252: [GC 9565994K->2542258K(14462720K), 0.5211310 secs]
2018-05-18T13:05:37.573+0000: 629577.194: [GC 9481906K->2557770K(14479872K), 0.5987930 secs]
2018-05-18T13:05:55.482+0000: 629595.102: [GC 9497418K->2536297K(14486464K), 0.4873380 secs]
2018-05-18T13:06:26.147+0000: 629625.768: [GC 9488425K->2570347K(14485760K), 0.6427740 secs]
2018-05-18T13:07:17.396+0000: 629677.017: [GC 9522475K->2639391K(14454208K), 0.8085420 secs]
2018-05-18T13:08:08.523+0000: 629728.143: [GC 9565983K->2594518K(14473344K), 0.4363260 secs]
2018-05-18T13:09:14.616+0000: 629794.236: [GC 9521110K->2652931K(14460224K), 0.8715750 secs]
2018-05-18T13:10:11.523+0000: 629851.144: [GC 9572227K->2672812K(14446144K), 0.8074570 secs]
2018-05-18T13:10:35.811+0000: 629875.431: [GC 9592108K->2614024K(14461888K), 0.5807770 secs]
2018-05-18T13:10:54.389+0000: 629894.010: [GC 9515336K->2610198K(14459520K), 0.4771060 secs]
2018-05-18T13:11:33.675+0000: 629933.295: [GC 9511510K->2653601K(14470208K), 0.6732000 secs]
2018-05-18T13:12:38.556+0000: 629998.177: [GC 9566625K->2710075K(14440384K), 0.9130310 secs]
2018-05-18T13:13:10.998+0000: 630030.618: [GC 9623099K->2659908K(14463872K), 0.6203990 secs]
2018-05-18T13:14:11.819+0000: 630091.440: [GC 9562948K->2730976K(14430912K), 0.9272800 secs]
2018-05-18T13:14:43.163+0000: 630122.784: [GC 9634016K->2664831K(14456448K), 0.5455960 secs]
2018-05-18T13:14:57.199+0000: 630136.820: [GC 9555327K->2653804K(14454144K), 0.2035400 secs]
2018-05-18T13:15:14.469+0000: 630154.090: [GC 9544300K->2661552K(14457344K), 0.4313220 secs]
2018-05-18T13:16:10.218+0000: 630209.838: [GC 9554992K->2752623K(14411584K), 0.8439920 secs]
2018-05-18T13:16:30.308+0000: 630229.928: [GC 9646063K->2684569K(14452608K), 0.4810510 secs]
2018-05-18T13:16:47.769+0000: 630247.390: [GC 9566809K->2689361K(14449728K), 0.4648600 secs]
2018-05-18T13:17:31.569+0000: 630291.190: [GC 9571601K->2766499K(14444352K), 0.8406360 secs]
2018-05-18T13:17:58.631+0000: 630318.252: [GC 9646883K->2727559K(14450240K), 0.5875200 secs]
2018-05-18T13:18:16.282+0000: 630335.903: [GC 9607943K->2713300K(14460992K), 0.4634500 secs]
2018-05-18T13:18:39.571+0000: 630359.192: [GC 9611988K->2738257K(14457792K), 0.5583350 secs]
2018-05-18T13:18:57.723+0000: 630377.344: [GC 9636945K->2726408K(14470400K), 0.4507010 secs]
2018-05-18T13:19:34.170+0000: 630413.791: [GC 9644552K->2766445K(14467840K), 0.6224170 secs]
2018-05-18T13:19:52.390+0000: 630432.011: [GC 9684589K->2749472K(14481216K), 0.4915500 secs]
2018-05-18T13:20:13.154+0000: 630452.775: [GC 9687648K->2765700K(14477056K), 0.5062640 secs]
2018-05-18T13:20:31.175+0000: 630470.796: [GC 9703876K->2760049K(14490304K), 0.4527900 secs]
2018-05-18T13:20:54.286+0000: 630493.907: [GC 9717233K->2773957K(14486976K), 0.4887480 secs]
2018-05-18T13:21:12.780+0000: 630512.401: [GC 9731141K->2788496K(14500288K), 0.5311000 secs]
2018-05-18T13:22:03.489+0000: 630563.110: [GC 9763600K->2826988K(14494912K), 0.6989400 secs]
2018-05-18T13:22:14.996+0000: 630574.617: [GC 6772917K->2744444K(14484736K), 0.2220890 secs]
2018-05-18T13:22:15.219+0000: 630574.839: [Full GC 2744444K->1376246K(14484736K), 4.6849310 secs]
2018-05-18T13:22:37.941+0000: 630597.561: [GC 8337270K->1479575K(14490560K), 0.4528360 secs]
2018-05-18T13:22:55.835+0000: 630615.455: [GC 8440599K->1495338K(14502080K), 0.4941360 secs]
2018-05-18T13:23:16.316+0000: 630635.937: [GC 8473450K->1498690K(14496128K), 0.4849110 secs]
2018-05-18T13:23:54.338+0000: 630673.958: [GC 8476802K->1540926K(14500480K), 0.6762460 secs]
2018-05-18T13:24:51.812+0000: 630731.433: [GC 8527678K->1605778K(14503424K), 0.9817390 secs]
2018-05-18T13:25:49.211+0000: 630788.832: [GC 8592530K->1632277K(14407936K), 0.9575660 secs]
2018-05-18T13:26:51.920+0000: 630851.540: [GC 8523541K->1642231K(14404800K), 0.7566300 secs]
2018-05-18T13:27:09.704+0000: 630869.324: [GC 8533495K->1581961K(14453056K), 0.4735850 secs]
2018-05-18T13:27:27.435+0000: 630887.056: [GC 8464137K->1588387K(14449216K), 0.4741300 secs]
2018-05-18T13:27:48.623+0000: 630908.243: [GC 8470563K->1602317K(14463168K), 0.5096540 secs]
2018-05-18T13:28:06.797+0000: 630926.417: [GC 8502605K->1594538K(14457216K), 0.4375830 secs]
2018-05-18T13:28:27.873+0000: 630947.494: [GC 8494826K->1618691K(14473408K), 0.5324210 secs]
2018-05-18T13:28:45.209+0000: 630964.830: [GC 8538371K->1615612K(14466368K), 0.4739690 secs]
2018-05-18T13:29:03.250+0000: 630982.871: [GC 8535292K->1628749K(14484480K), 0.5028890 secs]
2018-05-18T13:29:51.897+0000: 631031.517: [GC 8571469K->1709982K(14463488K), 0.8918780 secs]
2018-05-18T13:30:56.353+0000: 631095.974: [GC 8652702K->1730278K(14438400K), 0.9440230 secs]
2018-05-18T13:32:04.375+0000: 631163.996: [GC 8617702K->1736656K(14413952K), 0.9039670 secs]
2018-05-18T13:32:55.530+0000: 631215.151: [GC 8624080K->1753219K(14424384K), 0.8771800 secs]
2018-05-18T13:33:30.106+0000: 631249.727: [GC 8600323K->1701574K(14433600K), 0.5900480 secs]
2018-05-18T13:33:48.854+0000: 631268.475: [GC 8548678K->1689890K(14445056K), 0.4911560 secs]
2018-05-18T13:34:12.609+0000: 631292.230: [GC 8555938K->1698563K(14441088K), 0.5326570 secs]
2018-05-18T13:34:30.819+0000: 631310.440: [GC 8564611K->1691113K(14452736K), 0.4286720 secs]
2018-05-18T13:34:48.766+0000: 631328.387: [GC 8573609K->1710295K(14449856K), 0.5275720 secs]
2018-05-18T13:35:34.952+0000: 631374.573: [GC 8592791K->1784349K(14442880K), 0.7420980 secs]
2018-05-18T13:35:58.096+0000: 631397.717: [GC 8665629K->1730603K(14450688K), 0.5207940 secs]
2018-05-18T13:36:16.763+0000: 631416.384: [GC 8611883K->1726433K(14461376K), 0.4647940 secs]
2018-05-18T13:36:38.815+0000: 631438.436: [GC 8624673K->1741101K(14456960K), 0.4891760 secs]
2018-05-18T13:36:55.855+0000: 631455.476: [GC 8639341K->1739784K(14471488K), 0.4522040 secs]
2018-05-18T13:37:16.240+0000: 631475.861: [GC 8658440K->1751398K(14467264K), 0.4782950 secs]
2018-05-18T13:37:36.335+0000: 631495.956: [GC 8670054K->1766396K(14483008K), 0.5102860 secs]
2018-05-18T13:37:53.047+0000: 631512.668: [GC 8705980K->1772675K(14476672K), 0.4942570 secs]
2018-05-18T13:38:28.915+0000: 631548.536: [GC 8712259K->1817997K(14482944K), 0.6594320 secs]
2018-05-18T13:39:06.302+0000: 631585.923: [GC 8769165K->1839892K(14447552K), 0.7503150 secs]
2018-05-18T13:39:24.222+0000: 631603.843: [GC 8791060K->1796181K(14483520K), 0.4764270 secs]
2018-05-18T13:39:43.348+0000: 631622.969: [GC 8739477K->1808655K(14479872K), 0.5115190 secs]
2018-05-18T13:40:03.107+0000: 631642.728: [GC 8751951K->1815033K(14493312K), 0.4628510 secs]
2018-05-18T13:40:19.485+0000: 631659.106: [GC 8776761K->1820045K(14488512K), 0.4807010 secs]
2018-05-18T13:40:44.644+0000: 631684.265: [GC 8781773K->1842033K(14503424K), 0.5184610 secs]
2018-05-18T13:41:01.878+0000: 631701.499: [GC 8822897K->1837375K(14497536K), 0.5244960 secs]
2018-05-18T13:41:19.923+0000: 631719.544: [GC 8818239K->1844747K(14510912K), 0.5205020 secs]
2018-05-18T13:42:07.649+0000: 631767.269: [GC 8842763K->1935298K(14507200K), 0.9678970 secs]
2018-05-18T13:43:01.767+0000: 631821.388: [GC 8933314K->1975990K(14415936K), 0.9760330 secs]
2018-05-18T13:44:17.474+0000: 631897.095: [GC 8879030K->2004008K(14429056K), 0.9259120 secs]
2018-05-18T13:45:28.119+0000: 631967.740: [GC 8907048K->2015806K(14434176K), 0.8188120 secs]
2018-05-18T13:45:48.389+0000: 631988.009: [GC 8880190K->1949811K(14442240K), 0.4853950 secs]
2018-05-18T13:46:06.189+0000: 632005.809: [GC 8814195K->1959456K(14449088K), 0.4898720 secs]
2018-05-18T13:46:42.661+0000: 632042.282: [GC 8833760K->2009743K(14445312K), 0.7038620 secs]
2018-05-18T13:47:17.093+0000: 632076.714: [GC 8884047K->2018379K(14458112K), 0.6990410 secs]
2018-05-18T13:47:34.595+0000: 632094.215: [GC 8909707K->1980798K(14453312K), 0.4675960 secs]
2018-05-18T13:47:57.658+0000: 632117.279: [GC 8872126K->1997116K(14464512K), 0.5334520 secs]
2018-05-18T13:48:17.348+0000: 632136.969: [GC 8901500K->1983275K(14459968K), 0.3854790 secs]
2018-05-18T13:48:35.905+0000: 632155.525: [GC 8887659K->1994716K(14467904K), 0.4342710 secs]
2018-05-18T13:49:39.767+0000: 632219.388: [GC 8907932K->2061208K(14465408K), 0.6845850 secs]
2018-05-18T13:49:57.788+0000: 632237.408: [GC 8974424K->2021135K(14470080K), 0.3960120 secs]
2018-05-18T13:50:15.521+0000: 632255.141: [GC 8937679K->2049381K(14466560K), 0.4452270 secs]
2018-05-18T13:51:14.912+0000: 632314.533: [GC 8965925K->2148867K(14438336K), 0.9117120 secs]
2018-05-18T13:51:33.966+0000: 632333.587: [GC 9043715K->2075603K(14457472K), 0.4524300 secs]
2018-05-18T13:51:51.959+0000: 632351.580: [GC 8970451K->2081627K(14465728K), 0.4241270 secs]
2018-05-18T13:52:11.607+0000: 632371.228: [GC 8989083K->2112179K(14461824K), 0.5454100 secs]
2018-05-18T13:52:32.657+0000: 632392.278: [GC 9019635K->2108118K(14478400K), 0.4454140 secs]
2018-05-18T13:52:53.504+0000: 632413.125: [GC 9040022K->2149523K(14473600K), 0.5874330 secs]
2018-05-18T13:53:41.649+0000: 632461.270: [GC 9081427K->2229085K(14443392K), 0.9353470 secs]
2018-05-18T13:54:35.254+0000: 632514.875: [GC 9136349K->2243612K(14439936K), 0.8578860 secs]
2018-05-18T13:55:46.197+0000: 632585.818: [GC 9150876K->2262872K(14424704K), 0.8098900 secs]
2018-05-18T13:56:59.242+0000: 632658.862: [GC 9116120K->2287520K(14386624K), 0.8561030 secs]
2018-05-18T13:57:55.169+0000: 632714.790: [GC 9140768K->2314576K(14411136K), 0.8882280 secs]
2018-05-18T13:58:45.543+0000: 632765.164: [GC 9133008K->2332552K(14348352K), 0.9007770 secs]
2018-05-18T13:59:39.468+0000: 632819.088: [GC 9150984K->2353489K(14411008K), 0.9140790 secs]
2018-05-18T14:00:15.092+0000: 632854.713: [GC 9160273K->2332075K(14413440K), 0.7080990 secs]
2018-05-18T14:01:01.728+0000: 632901.348: [GC 9138859K->2378213K(14424768K), 0.8451910 secs]
2018-05-18T14:01:18.230+0000: 632917.851: [GC 9205669K->2327528K(14422784K), 0.4805980 secs]
2018-05-18T14:01:38.787+0000: 632938.408: [GC 9154984K->2336172K(14427456K), 0.4884530 secs]
2018-05-18T14:01:56.812+0000: 632956.433: [GC 9169452K->2350220K(14425920K), 0.4433640 secs]
2018-05-18T14:02:14.570+0000: 632974.191: [GC 9183500K->2357469K(14433664K), 0.4788880 secs]
2018-05-18T14:02:35.788+0000: 632995.409: [GC 9201757K->2379682K(14430720K), 0.5757720 secs]
2018-05-18T14:03:24.438+0000: 633044.059: [GC 9223970K->2469107K(14419072K), 0.8297860 secs]
2018-05-18T14:04:11.200+0000: 633090.820: [GC 9307891K->2487484K(14371968K), 0.8935330 secs]
2018-05-18T14:04:59.359+0000: 633138.979: [GC 9326268K->2508807K(14411200K), 0.9315640 secs]
2018-05-18T14:05:53.340+0000: 633192.960: [GC 9321863K->2527598K(14346560K), 0.9130730 secs]
2018-05-18T14:06:11.545+0000: 633211.166: [GC 9340654K->2450529K(14413376K), 0.4662460 secs]
2018-05-18T14:06:30.891+0000: 633230.511: [GC 9256609K->2462936K(14412800K), 0.4424410 secs]
2018-05-18T14:07:11.695+0000: 633271.316: [GC 9269016K->2541737K(14420096K), 0.8206980 secs]
2018-05-18T14:07:58.496+0000: 633318.116: [GC 9357609K->2585858K(14350528K), 0.7865090 secs]
2018-05-18T14:08:49.334+0000: 633368.954: [GC 9401730K->2608663K(14403456K), 0.8270400 secs]
2018-05-18T14:09:34.664+0000: 633414.285: [GC 9406103K->2621829K(14331840K), 0.9377140 secs]
2018-05-18T14:10:05.589+0000: 633445.210: [GC 9419269K->2600620K(14416832K), 0.6358960 secs]
2018-05-18T14:10:24.109+0000: 633463.730: [GC 9403820K->2566740K(14406464K), 0.4236520 secs]
2018-05-18T14:10:44.709+0000: 633484.330: [GC 9369940K->2585773K(14420352K), 0.5104290 secs]
2018-05-18T14:11:02.248+0000: 633501.868: [GC 9403309K->2593913K(14417280K), 0.4962320 secs]
2018-05-18T14:11:21.784+0000: 633521.405: [GC 9411449K->2612179K(14429440K), 0.5055450 secs]
2018-05-18T14:11:41.333+0000: 633540.954: [GC 9445267K->2619587K(14423744K), 0.5329980 secs]
2018-05-18T14:11:58.522+0000: 633558.143: [GC 9452675K->2621156K(14439424K), 0.4971360 secs]
2018-05-18T14:12:17.878+0000: 633577.499: [GC 9475492K->2638092K(14435008K), 0.5393200 secs]
2018-05-18T14:13:00.005+0000: 633619.626: [GC 9492428K->2727349K(14425088K), 0.7999630 secs]
2018-05-18T14:13:49.652+0000: 633669.273: [GC 9577909K->2755984K(14392704K), 0.9780840 secs]
2018-05-18T14:14:45.138+0000: 633724.759: [GC 9606544K->2764735K(14407488K), 0.9971430 secs]
2018-05-18T14:15:20.623+0000: 633760.244: [GC 9574591K->2729238K(14414976K), 0.4121720 secs]
2018-05-18T14:15:42.367+0000: 633781.988: [GC 9539094K->2704925K(14429568K), 0.4776270 secs]
2018-05-18T14:16:02.773+0000: 633802.394: [GC 9540125K->2725239K(14425728K), 0.5908410 secs]
2018-05-18T14:16:26.233+0000: 633825.853: [GC 9560439K->2711314K(14439360K), 0.5047910 secs]
2018-05-18T14:16:45.440+0000: 633845.061: [GC 9566994K->2721707K(14436416K), 0.4848110 secs]
2018-05-18T14:17:06.267+0000: 633865.888: [GC 9577387K->2736853K(14450432K), 0.5114340 secs]
2018-05-18T14:17:26.886+0000: 633886.507: [GC 9611221K->2747586K(14444032K), 0.5830970 secs]
2018-05-18T14:17:45.671+0000: 633905.292: [GC 9621954K->2749281K(14462848K), 0.5028220 secs]
2018-05-18T14:18:08.181+0000: 633927.802: [GC 9649441K->2757212K(14457408K), 0.4951390 secs]
2018-05-18T14:18:31.691+0000: 633951.312: [GC 9657372K->2765539K(14472896K), 0.5001840 secs]
2018-05-18T14:18:52.385+0000: 633972.006: [GC 9685923K->2784291K(14467584K), 0.5753110 secs]
2018-05-18T14:19:11.489+0000: 633991.110: [GC 9704675K->2793143K(14486400K), 0.5531110 secs]
2018-05-18T14:19:32.413+0000: 634012.034: [GC 9739383K->2780545K(14479936K), 0.4703790 secs]
2018-05-18T14:19:58.122+0000: 634037.743: [GC 9726785K->2784243K(14491008K), 0.4213610 secs]
2018-05-18T14:20:18.747+0000: 634058.368: [GC 9743795K->2798083K(14488640K), 0.4406590 secs]
2018-05-18T14:20:40.457+0000: 634080.078: [GC 9757635K->2812176K(14500928K), 0.5304550 secs]
2018-05-18T14:21:04.183+0000: 634103.804: [GC 9788240K->2831567K(14495232K), 0.5708160 secs]
2018-05-18T14:21:26.123+0000: 634125.743: [GC 9807631K->2827184K(14508416K), 0.4984990 secs]
2018-05-18T14:21:45.333+0000: 634144.954: [GC 9820272K->2831355K(14504768K), 0.4449910 secs]
2018-05-18T14:22:09.241+0000: 634168.862: [GC 9824443K->2836111K(14514304K), 0.4625460 secs]
2018-05-18T14:22:19.914+0000: 634179.535: [GC 6221541K->2791567K(14390208K), 0.2152070 secs]
2018-05-18T14:22:20.130+0000: 634179.750: [Full GC 2791567K->1368091K(14390208K), 4.1462720 secs]
2018-05-18T14:22:41.758+0000: 634201.378: [GC 8367899K->1487677K(14510592K), 0.5419110 secs]
2018-05-18T14:23:03.150+0000: 634222.771: [GC 8486717K->1494893K(14508544K), 0.5366660 secs]
2018-05-18T14:23:24.495+0000: 634244.115: [GC 8493933K->1506204K(14517824K), 0.5435020 secs]
2018-05-18T14:23:42.753+0000: 634262.374: [GC 8519324K->1510401K(14515392K), 0.4928520 secs]
2018-05-18T14:24:05.533+0000: 634285.153: [GC 8523521K->1512540K(14526656K), 0.4590660 secs]
2018-05-18T14:24:29.259+0000: 634308.880: [GC 8541852K->1527224K(14522752K), 0.4956280 secs]
2018-05-18T14:24:51.099+0000: 634330.720: [GC 8556536K->1535944K(14534336K), 0.4999480 secs]
2018-05-18T14:25:11.356+0000: 634350.977: [GC 8580872K->1568098K(14530688K), 0.5594710 secs]
2018-05-18T14:25:31.188+0000: 634370.808: [GC 8613026K->1569438K(14533184K), 0.5517450 secs]
2018-05-18T14:25:52.637+0000: 634392.258: [GC 8613662K->1569603K(14531136K), 0.4598520 secs]
2018-05-18T14:26:16.173+0000: 634415.793: [GC 8613827K->1580559K(14537472K), 0.4740260 secs]
2018-05-18T14:26:42.870+0000: 634442.491: [GC 8633487K->1607329K(14535552K), 0.5767320 secs]
2018-05-18T14:27:09.595+0000: 634469.216: [GC 8660257K->1627112K(14534784K), 0.5547720 secs]
2018-05-18T14:27:31.409+0000: 634491.030: [GC 8679656K->1643951K(14514880K), 0.5688390 secs]
2018-05-18T14:27:57.613+0000: 634517.233: [GC 8696495K->1655442K(14537024K), 0.5222380 secs]
2018-05-18T14:28:20.541+0000: 634540.162: [GC 8708242K->1662182K(14535872K), 0.5074270 secs]
2018-05-18T14:28:42.169+0000: 634561.790: [GC 8714982K->1681584K(14539968K), 0.5401960 secs]
2018-05-18T14:29:01.569+0000: 634581.190: [GC 8740912K->1685724K(14539456K), 0.5245760 secs]
2018-05-18T14:29:23.333+0000: 634602.954: [GC 8745052K->1711324K(14537536K), 0.5936450 secs]
2018-05-18T14:29:44.063+0000: 634623.683: [GC 8770652K->1724113K(14526784K), 0.5784030 secs]
2018-05-18T14:30:07.311+0000: 634646.932: [GC 8783441K->1725826K(14540096K), 0.5188470 secs]
2018-05-18T14:30:25.087+0000: 634664.707: [GC 8783618K->1733386K(14537792K), 0.4972470 secs]
2018-05-18T14:30:46.154+0000: 634685.774: [GC 8791178K->1750518K(14541952K), 0.5375490 secs]
2018-05-18T14:31:05.258+0000: 634704.879: [GC 8814198K->1761805K(14529728K), 0.6066780 secs]
2018-05-18T14:31:27.545+0000: 634727.166: [GC 8825485K->1761101K(14542656K), 0.5142790 secs]
2018-05-18T14:31:47.029+0000: 634746.650: [GC 8824397K->1771187K(14540736K), 0.5392350 secs]
2018-05-18T14:32:08.407+0000: 634768.028: [GC 8834483K->1782278K(14545728K), 0.5524780 secs]
2018-05-18T14:32:31.130+0000: 634790.751: [GC 8852230K->1786223K(14544320K), 0.4967210 secs]
2018-05-18T14:32:48.895+0000: 634808.516: [GC 8856175K->1804075K(14546880K), 0.5814620 secs]
2018-05-18T14:33:19.211+0000: 634838.831: [GC 8877675K->1837205K(14546816K), 0.7007280 secs]
2018-05-18T14:33:41.177+0000: 634860.798: [GC 8910805K->1835362K(14526848K), 0.5052990 secs]
2018-05-18T14:33:59.953+0000: 634879.574: [GC 8888930K->1838640K(14536832K), 0.5390260 secs]
2018-05-18T14:34:21.277+0000: 634900.897: [GC 8892208K->1850706K(14539520K), 0.5420850 secs]
2018-05-18T14:34:39.458+0000: 634919.079: [GC 8907730K->1839528K(14537600K), 0.4602680 secs]
2018-05-18T14:34:55.858+0000: 634935.479: [GC 8896552K->1861653K(14539584K), 0.5368080 secs]
2018-05-18T14:35:14.125+0000: 634953.746: [GC 8918933K->1866915K(14537792K), 0.5148090 secs]
2018-05-18T14:35:33.320+0000: 634972.941: [GC 8924195K->1877331K(14542976K), 0.5309380 secs]
2018-05-18T14:36:07.189+0000: 635006.810: [GC 8941203K->1897051K(14540992K), 0.6425340 secs]
2018-05-18T14:37:13.580+0000: 635073.201: [GC 8960923K->1972419K(14482240K), 1.0330710 secs]
2018-05-18T14:38:08.849+0000: 635128.470: [GC 8975555K->2037628K(14511616K), 0.9507480 secs]
2018-05-18T14:39:07.795+0000: 635187.415: [GC 9040764K->2052122K(14438400K), 0.8333360 secs]
2018-05-18T14:39:24.604+0000: 635204.225: [GC 8982042K->2002394K(14475008K), 0.4606790 secs]
2018-05-18T14:39:42.239+0000: 635221.860: [GC 8932314K->1995675K(14476992K), 0.4457530 secs]
2018-05-18T14:40:02.985+0000: 635242.605: [GC 8929307K->2022035K(14476736K), 0.5133980 secs]
2018-05-18T14:40:23.648+0000: 635263.268: [GC 8955667K->2028879K(14485632K), 0.5158840 secs]
2018-05-18T14:40:40.932+0000: 635280.553: [GC 8976079K->2036452K(14481664K), 0.5309090 secs]
2018-05-18T14:41:49.008+0000: 635348.629: [GC 8983652K->2116207K(14459072K), 0.7891870 secs]
2018-05-18T14:43:14.135+0000: 635433.756: [GC 9044463K->2126758K(14452864K), 0.8962000 secs]
2018-05-18T14:44:03.003+0000: 635482.623: [GC 9055014K->2102579K(14468352K), 0.6527580 secs]
2018-05-18T14:44:23.279+0000: 635502.900: [GC 9013491K->2054048K(14462656K), 0.3865490 secs]
2018-05-18T14:44:58.902+0000: 635538.523: [GC 8964960K->2090799K(14471616K), 0.5104210 secs]
2018-05-18T14:46:21.929+0000: 635621.550: [GC 9008879K->2165708K(14439360K), 0.8156420 secs]
2018-05-18T14:47:19.673+0000: 635679.294: [GC 9083788K->2142931K(14465920K), 0.6758100 secs]
2018-05-18T14:47:38.922+0000: 635698.542: [GC 9049939K->2121862K(14461184K), 0.4979330 secs]
2018-05-18T14:47:56.104+0000: 635715.724: [GC 9028870K->2134272K(14472192K), 0.5136050 secs]
2018-05-18T14:48:13.213+0000: 635732.833: [GC 9054848K->2137228K(14468480K), 0.4910580 secs]
2018-05-18T14:48:30.313+0000: 635749.934: [GC 9057804K->2142462K(14478208K), 0.4684960 secs]
2018-05-18T14:48:52.248+0000: 635771.869: [GC 9075710K->2166813K(14475136K), 0.5299080 secs]
2018-05-18T14:49:09.326+0000: 635788.947: [GC 9100061K->2164947K(14487296K), 0.4814080 secs]
2018-05-18T14:49:25.404+0000: 635805.025: [GC 9116179K->2180378K(14484032K), 0.5196340 secs]
2018-05-18T14:50:21.219+0000: 635860.839: [GC 9131610K->2262122K(14451520K), 0.8837260 secs]
2018-05-18T14:50:40.856+0000: 635880.477: [GC 9185898K->2195294K(14471936K), 0.4515330 secs]
2018-05-18T14:50:57.262+0000: 635896.883: [GC 9119070K->2205103K(14480192K), 0.4892780 secs]
2018-05-18T14:51:17.303+0000: 635916.924: [GC 9140783K->2216520K(14475584K), 0.5117370 secs]
2018-05-18T14:51:34.501+0000: 635934.122: [GC 9152200K->2217348K(14488768K), 0.5052330 secs]
2018-05-18T14:51:51.217+0000: 635950.838: [GC 9171396K->2228360K(14485376K), 0.5177860 secs]
2018-05-18T14:52:39.515+0000: 635999.136: [GC 9182408K->2315587K(14450816K), 0.8088090 secs]
2018-05-18T14:53:36.572+0000: 636056.193: [GC 9239491K->2327763K(14451008K), 0.8431170 secs]
2018-05-18T14:54:31.401+0000: 636111.022: [GC 9251667K->2336397K(14437696K), 0.8969040 secs]
2018-05-18T14:55:31.514+0000: 636171.134: [GC 9212557K->2347868K(14403456K), 0.8086390 secs]
2018-05-18T14:56:07.222+0000: 636206.843: [GC 9224028K->2319477K(14449152K), 0.6818420 secs]
2018-05-18T14:56:24.689+0000: 636224.309: [GC 9188469K->2287923K(14439936K), 0.4778440 secs]
2018-05-18T14:56:46.229+0000: 636245.850: [GC 9156915K->2308302K(14455616K), 0.5333850 secs]
2018-05-18T14:57:04.313+0000: 636263.933: [GC 9194446K->2303715K(14450624K), 0.4872780 secs]
2018-05-18T14:57:20.798+0000: 636280.418: [GC 9189859K->2319829K(14463040K), 0.5284050 secs]
2018-05-18T14:57:44.492+0000: 636304.113: [GC 9221205K->2313291K(14458432K), 0.4376430 secs]
2018-05-18T14:58:05.630+0000: 636325.251: [GC 9214667K->2301401K(14464512K), 0.3571750 secs]
2018-05-18T14:59:05.459+0000: 636385.080: [GC 9211225K->2377873K(14464960K), 0.6433790 secs]
2018-05-18T15:00:47.973+0000: 636487.594: [GC 9287697K->2435736K(14435904K), 0.7793590 secs]
2018-05-18T15:02:05.141+0000: 636564.762: [GC 9317144K->2450656K(14409472K), 0.9294530 secs]
2018-05-18T15:02:39.765+0000: 636599.386: [GC 9332064K->2400042K(14448000K), 0.6058830 secs]
2018-05-18T15:03:54.205+0000: 636673.826: [GC 9267946K->2472392K(14393344K), 0.8913850 secs]
2018-05-18T15:05:17.011+0000: 636756.631: [GC 9340296K->2484305K(14424768K), 0.8204250 secs]
2018-05-18T15:06:03.664+0000: 636803.284: [GC 9328593K->2429750K(14432192K), 0.5672110 secs]
2018-05-18T15:07:27.042+0000: 636886.663: [GC 9274038K->2502712K(14428224K), 0.9052640 secs]
2018-05-18T15:08:12.141+0000: 636931.761: [GC 9348920K->2469816K(14433152K), 0.3512280 secs]
2018-05-18T15:09:34.176+0000: 637013.797: [GC 9316024K->2517721K(14438848K), 0.8140620 secs]
2018-05-18T15:10:44.491+0000: 637084.111: [GC 9378137K->2541956K(14388544K), 0.8631160 secs]
2018-05-18T15:12:12.895+0000: 637172.516: [GC 9402372K->2549150K(14432640K), 0.9360510 secs]
2018-05-18T15:13:13.403+0000: 637233.023: [GC 9396894K->2497371K(14433920K), 0.5569610 secs]
2018-05-18T15:14:53.337+0000: 637332.958: [GC 9345115K->2573202K(14433280K), 0.8548430 secs]
2018-05-18T15:15:34.565+0000: 637374.185: [GC 9422994K->2522193K(14434944K), 0.5231700 secs]
2018-05-18T15:17:05.453+0000: 637465.073: [GC 9371985K->2591025K(14438080K), 0.8524200 secs]
2018-05-18T15:18:38.825+0000: 637558.446: [GC 9446577K->2608000K(14377280K), 0.9034180 secs]
2018-05-18T15:20:19.729+0000: 637659.350: [GC 9463552K->2617340K(14436160K), 0.8549570 secs]
2018-05-18T15:21:38.884+0000: 637738.505: [GC 9470204K->2634102K(14376704K), 0.9024950 secs]
2018-05-18T15:22:24.286+0000: 637783.906: [GC 6169841K->2557852K(14429696K), 0.4579540 secs]
2018-05-18T15:22:24.744+0000: 637784.365: [Full GC 2557852K->1305673K(14429696K), 4.4497580 secs]
2018-05-18T15:23:47.283+0000: 637866.904: [GC 8151241K->1493136K(14373120K), 0.8763920 secs]
2018-05-18T15:25:09.630+0000: 637949.251: [GC 8338704K->1501804K(14430144K), 0.8142640 secs]
2018-05-18T15:26:10.268+0000: 638009.889: [GC 8341996K->1519069K(14367936K), 0.9681050 secs]
2018-05-18T15:27:07.635+0000: 638067.255: [GC 8359261K->1527072K(14428544K), 0.8661210 secs]
2018-05-18T15:27:58.516+0000: 638118.137: [GC 8364704K->1539535K(14428864K), 0.8037990 secs]
2018-05-18T15:29:07.679+0000: 638187.300: [GC 8377167K->1548457K(14432192K), 0.8344290 secs]
2018-05-18T15:30:22.389+0000: 638262.009: [GC 8389993K->1559428K(14429440K), 0.7724130 secs]
2018-05-18T15:31:44.784+0000: 638344.405: [GC 8400964K->1569674K(14438720K), 0.9463020 secs]
2018-05-18T15:33:15.593+0000: 638435.214: [GC 8423754K->1577413K(14435456K), 0.8780820 secs]
2018-05-18T15:34:33.353+0000: 638512.973: [GC 8431493K->1594952K(14444224K), 0.9171670 secs]
2018-05-18T15:35:58.087+0000: 638597.708: [GC 8461640K->1603846K(14442560K), 0.8677630 secs]
2018-05-18T15:37:53.988+0000: 638713.608: [GC 8470534K->1612026K(14451072K), 0.8683160 secs]
2018-05-18T15:39:18.382+0000: 638798.003: [GC 8489722K->1629221K(14446720K), 0.8429930 secs]
2018-05-18T15:40:43.905+0000: 638883.525: [GC 8506917K->1644075K(14454016K), 0.8884410 secs]
2018-05-18T15:41:41.963+0000: 638941.584: [GC 8531435K->1650497K(14453440K), 0.9431780 secs]
2018-05-18T15:42:41.502+0000: 639001.123: [GC 8537857K->1662278K(14458112K), 0.9129860 secs]
2018-05-18T15:43:35.055+0000: 639054.676: [GC 8557062K->1671286K(14456768K), 0.9279560 secs]
2018-05-18T15:44:30.032+0000: 639109.653: [GC 8566070K->1677538K(14461056K), 0.8340070 secs]
2018-05-18T15:44:58.724+0000: 639138.345: [GC 8577890K->1629691K(14372992K), 0.5935050 secs]
2018-05-18T15:45:16.381+0000: 639156.002: [GC 8530043K->1609038K(14442304K), 0.4416950 secs]
2018-05-18T15:45:43.073+0000: 639182.693: [GC 8488014K->1640103K(14350528K), 0.6105170 secs]
2018-05-18T15:47:07.742+0000: 639267.363: [GC 8519079K->1697695K(14448192K), 0.9271200 secs]
2018-05-18T15:48:45.907+0000: 639365.528: [GC 8575135K->1700152K(14448768K), 0.9457540 secs]
2018-05-18T15:50:28.422+0000: 639468.043: [GC 8577592K->1701414K(14452864K), 0.7892650 secs]
2018-05-18T15:51:26.590+0000: 639526.210: [GC 8584550K->1716362K(14450368K), 0.9502150 secs]
2018-05-18T15:52:15.328+0000: 639574.948: [GC 8599498K->1723351K(14449920K), 0.8940860 secs]
2018-05-18T15:52:55.117+0000: 639614.738: [GC 8605399K->1679468K(14359680K), 0.6307320 secs]
2018-05-18T15:53:14.593+0000: 639634.214: [GC 8561516K->1652184K(14440192K), 0.4872120 secs]
2018-05-18T15:53:36.482+0000: 639656.102: [GC 8522968K->1671030K(14328320K), 0.5551540 secs]
2018-05-18T15:53:53.558+0000: 639673.179: [GC 8541814K->1665384K(14442368K), 0.4983910 secs]
2018-05-18T15:54:10.831+0000: 639690.452: [GC 8532584K->1661414K(14304512K), 0.4495910 secs]
2018-05-18T15:54:33.380+0000: 639713.000: [GC 8528614K->1683686K(14446080K), 0.5464550 secs]
2018-05-18T15:54:50.729+0000: 639730.350: [GC 8552230K->1675841K(14442560K), 0.4734610 secs]
2018-05-18T15:55:16.011+0000: 639755.632: [GC 8544385K->1704428K(14454464K), 0.5665830 secs]
2018-05-18T15:56:17.178+0000: 639816.799: [GC 8586604K->1771976K(14408128K), 0.9346540 secs]
2018-05-18T15:57:16.037+0000: 639875.658: [GC 8654152K->1776598K(14432256K), 0.7896190 secs]
2018-05-18T15:58:12.264+0000: 639931.885: [GC 8634326K->1785782K(14386496K), 0.9290260 secs]
2018-05-18T15:59:08.437+0000: 639988.057: [GC 8643510K->1794338K(14425536K), 0.8418610 secs]
2018-05-18T16:00:01.559+0000: 640041.180: [GC 8632738K->1809827K(14371456K), 0.8746840 secs]
2018-05-18T16:00:59.304+0000: 640098.925: [GC 8648227K->1818478K(14424640K), 0.8984780 secs]
2018-05-18T16:02:03.816+0000: 640163.437: [GC 8647790K->1829289K(14424704K), 0.9209040 secs]
2018-05-18T16:02:37.449+0000: 640197.069: [GC 8658601K->1806516K(14431936K), 0.6469490 secs]
2018-05-18T16:02:56.652+0000: 640216.273: [GC 8643188K->1775526K(14424832K), 0.5314830 secs]
2018-05-18T16:03:14.746+0000: 640234.367: [GC 8612198K->1790548K(14433600K), 0.5385630 secs]
2018-05-18T16:04:02.343+0000: 640281.964: [GC 8635604K->1866856K(14369664K), 0.9273730 secs]
2018-05-18T16:04:59.342+0000: 640338.963: [GC 8711912K->1881381K(14425088K), 0.8756920 secs]
2018-05-18T16:05:55.669+0000: 640395.289: [GC 8717733K->1896639K(14370496K), 0.9735270 secs]
2018-05-18T16:06:46.672+0000: 640446.293: [GC 8732991K->1905932K(14423360K), 0.9416490 secs]
2018-05-18T16:07:22.518+0000: 640482.139: [GC 8733964K->1884378K(14424064K), 0.7046050 secs]
2018-05-18T16:07:39.476+0000: 640499.097: [GC 8712410K->1848375K(14429312K), 0.5170330 secs]
2018-05-18T16:07:57.275+0000: 640516.895: [GC 8689207K->1861065K(14430464K), 0.5254200 secs]
2018-05-18T16:08:16.281+0000: 640535.902: [GC 8701897K->1870721K(14433920K), 0.5009710 secs]
2018-05-18T16:08:32.640+0000: 640552.261: [GC 8716161K->1878118K(14431616K), 0.5101660 secs]
2018-05-18T16:08:57.555+0000: 640577.176: [GC 8723558K->1905101K(14444032K), 0.6135700 secs]
2018-05-18T16:09:47.052+0000: 640626.672: [GC 8765837K->1974759K(14392064K), 0.8815560 secs]
2018-05-18T16:10:38.783+0000: 640678.403: [GC 8835495K->1981377K(14426112K), 0.9577560 secs]
2018-05-18T16:11:20.782+0000: 640720.402: [GC 8823489K->1969810K(14431104K), 0.8206960 secs]
2018-05-18T16:11:40.838+0000: 640740.459: [GC 8811922K->1922241K(14436992K), 0.5162930 secs]
2018-05-18T16:11:59.023+0000: 640758.644: [GC 8775489K->1922416K(14436352K), 0.4700600 secs]
2018-05-18T16:12:19.134+0000: 640778.755: [GC 8775664K->1933200K(14440000K), 0.4802920 secs]
2018-05-18T16:12:38.410+0000: 640798.031: [GC 8790544K->1936181K(14437440K), 0.4193560 secs]
2018-05-18T16:13:02.970+0000: 640822.591: [GC 8793525K->1955540K(14446464K), 0.4774360 secs]
2018-05-18T16:13:21.287+0000: 640840.908: [GC 8823956K->1970495K(14442048K), 0.4875440 secs]
2018-05-18T16:13:56.538+0000: 640876.158: [GC 8838911K->2009149K(14460352K), 0.6394090 secs]
2018-05-18T16:15:02.296+0000: 640941.917: [GC 8901501K->2094082K(14435328K), 0.8662660 secs]
2018-05-18T16:15:52.000+0000: 640991.621: [GC 8986434K->2117472K(14418688K), 0.8644100 secs]
2018-05-18T16:16:47.641+0000: 641047.262: [GC 8958560K->2132582K(14379584K), 0.9474570 secs]
2018-05-18T16:17:08.144+0000: 641067.764: [GC 8973670K->2062369K(14424832K), 0.5053430 secs]
2018-05-18T16:17:32.509+0000: 641092.130: [GC 8888033K->2100496K(14420928K), 0.6201510 secs]
2018-05-18T16:18:22.330+0000: 641141.951: [GC 8926160K->2172420K(14416576K), 0.9413580 secs]
2018-05-18T16:19:24.952+0000: 641204.573: [GC 9002244K->2180802K(14356736K), 0.9382640 secs]
2018-05-18T16:20:10.694+0000: 641250.314: [GC 9010626K->2160914K(14431488K), 0.6802780 secs]
2018-05-18T16:20:28.212+0000: 641267.832: [GC 8993746K->2119366K(14421440K), 0.4658590 secs]
2018-05-18T16:20:44.596+0000: 641284.217: [GC 8952198K->2125470K(14434368K), 0.4319860 secs]
2018-05-18T16:21:50.363+0000: 641349.984: [GC 8971998K->2207848K(14432256K), 0.9137690 secs]
2018-05-18T16:22:29.205+0000: 641388.825: [GC 7063072K->2169978K(14439488K), 0.6727500 secs]
2018-05-18T16:22:29.878+0000: 641389.498: [Full GC 2169978K->1163668K(14439488K), 3.7538670 secs]
2018-05-18T16:23:22.502+0000: 641442.123: [GC 8015316K->1351434K(14432256K), 0.9202820 secs]
2018-05-18T16:24:11.837+0000: 641491.457: [GC 8203082K->1345496K(14435328K), 0.7907520 secs]
2018-05-18T16:24:28.788+0000: 641508.408: [GC 8193752K->1296430K(14433024K), 0.4925850 secs]
2018-05-18T16:24:44.703+0000: 641524.324: [GC 8144686K->1309829K(14441216K), 0.5048710 secs]
2018-05-18T16:25:04.243+0000: 641543.864: [GC 8168133K->1321484K(14437184K), 0.4947480 secs]
2018-05-18T16:25:22.243+0000: 641561.864: [GC 8179788K->1316598K(14449088K), 0.3932660 secs]
2018-05-18T16:25:43.079+0000: 641582.700: [GC 8191926K->1330817K(14446336K), 0.5061820 secs]
2018-05-18T16:27:29.403+0000: 641689.024: [GC 8206145K->1403357K(14444416K), 0.8223340 secs]
2018-05-18T16:28:46.027+0000: 641765.648: [GC 8281053K->1426848K(14396096K), 0.8791710 secs]
2018-05-18T16:29:51.705+0000: 641831.326: [GC 8304544K->1404762K(14450880K), 0.6834870 secs]
2018-05-18T16:30:56.039+0000: 641895.660: [GC 8278554K->1368867K(14443008K), 0.4619830 secs]
2018-05-18T16:34:42.729+0000: 642122.350: [GC 8242659K->1447860K(14450112K), 0.7648400 secs]
2018-05-18T16:36:22.009+0000: 642221.630: [GC 8330164K->1491815K(14406400K), 0.9471440 secs]
2018-05-18T16:37:13.162+0000: 642272.782: [GC 8374119K->1459166K(14451648K), 0.6808720 secs]
2018-05-18T16:37:30.739+0000: 642290.360: [GC 8334558K->1425573K(14443840K), 0.4454140 secs]
2018-05-18T16:37:56.440+0000: 642316.061: [GC 8300965K->1464990K(14459072K), 0.6342780 secs]
2018-05-18T16:38:52.743+0000: 642372.363: [GC 8355870K->1522169K(14451904K), 0.8036020 secs]
2018-05-18T16:39:40.568+0000: 642420.189: [GC 8413049K->1473818K(14457216K), 0.5704440 secs]
2018-05-18T16:41:01.026+0000: 642500.647: [GC 8363546K->1549724K(14416448K), 0.8661360 secs]
2018-05-18T16:41:21.068+0000: 642520.688: [GC 8439452K->1475035K(14448896K), 0.4640700 secs]
2018-05-18T16:41:38.912+0000: 642538.532: [GC 8351899K->1481843K(14448064K), 0.4500700 secs]
2018-05-18T16:42:08.921+0000: 642568.541: [GC 8358707K->1529824K(14458624K), 0.6796440 secs]
2018-05-18T16:42:25.361+0000: 642584.982: [GC 8418784K->1505985K(14450432K), 0.5376930 secs]
2018-05-18T16:42:56.358+0000: 642615.979: [GC 8394945K->1546164K(14468160K), 0.7085220 secs]
2018-05-18T16:43:36.056+0000: 642655.676: [GC 8456180K->1570120K(14461952K), 0.6947330 secs]
2018-05-18T16:43:52.504+0000: 642672.125: [GC 8480136K->1532025K(14470848K), 0.4131730 secs]
2018-05-18T16:44:08.283+0000: 642687.904: [GC 8450617K->1538758K(14467840K), 0.4683130 secs]
2018-05-18T16:45:14.586+0000: 642754.206: [GC 8457350K->1578436K(14477632K), 0.5795730 secs]
2018-05-18T16:46:07.516+0000: 642807.137: [GC 8510148K->1646268K(14465984K), 0.8467160 secs]
2018-05-18T16:47:06.750+0000: 642866.371: [GC 8577980K->1656513K(14430272K), 0.9705480 secs]
2018-05-18T16:47:58.491+0000: 642918.112: [GC 8532673K->1661807K(14407488K), 0.8322240 secs]
2018-05-18T16:48:34.900+0000: 642954.521: [GC 8537967K->1620330K(14447040K), 0.6374620 secs]
2018-05-18T16:48:49.964+0000: 642969.585: [GC 8486442K->1610930K(14439168K), 0.5734020 secs]
2018-05-18T16:49:18.645+0000: 642998.266: [GC 8477042K->1606535K(14453760K), 0.5070600 secs]
2018-05-18T16:49:34.539+0000: 643014.159: [GC 8491335K->1615005K(14451136K), 0.5388010 secs]
2018-05-18T16:50:02.804+0000: 643042.425: [GC 8499805K->1633666K(14463360K), 0.5705480 secs]
2018-05-18T16:51:05.025+0000: 643104.646: [GC 8534018K->1711129K(14436032K), 0.9463630 secs]
2018-05-18T16:52:02.162+0000: 643161.782: [GC 8611481K->1722867K(14428096K), 0.8905890 secs]
2018-05-18T16:52:53.182+0000: 643212.803: [GC 8580339K->1726096K(14387008K), 0.8155430 secs]
2018-05-18T16:54:05.180+0000: 643284.800: [GC 8583568K->1701872K(14441728K), 0.6192570 secs]
2018-05-18T16:54:20.847+0000: 643300.468: [GC 8556208K->1662703K(14432704K), 0.4358170 secs]
2018-05-18T16:54:49.671+0000: 643329.292: [GC 8517039K->1692578K(14446656K), 0.5702410 secs]
2018-05-18T16:55:05.798+0000: 643345.419: [GC 8560482K->1678196K(14441344K), 0.4230820 secs]
2018-05-18T16:55:19.835+0000: 643359.455: [GC 8546100K->1695676K(14452096K), 0.4640020 secs]
2018-05-18T16:55:47.132+0000: 643386.753: [GC 8575612K->1710763K(14447936K), 0.5484090 secs]
2018-05-18T16:56:04.883+0000: 643404.504: [GC 8590699K->1702779K(14461184K), 0.4793530 secs]
2018-05-18T16:56:58.158+0000: 643457.778: [GC 8602171K->1760483K(14458304K), 0.6945960 secs]
2018-05-18T16:57:58.552+0000: 643518.173: [GC 8659875K->1802825K(14441728K), 0.7927940 secs]
2018-05-18T16:58:16.638+0000: 643536.259: [GC 8686537K->1743437K(14451904K), 0.5235300 secs]
2018-05-18T16:58:32.298+0000: 643551.919: [GC 8627149K->1746364K(14459840K), 0.4686650 secs]
2018-05-18T16:58:57.592+0000: 643577.213: [GC 8642428K->1766632K(14456320K), 0.5682640 secs]
2018-05-18T16:59:49.399+0000: 643629.020: [GC 8662696K->1814266K(14462144K), 0.7773930 secs]
2018-05-18T17:00:48.233+0000: 643687.854: [GC 8722682K->1856533K(14439488K), 0.9593020 secs]
2018-05-18T17:01:49.821+0000: 643749.441: [GC 8764949K->1860333K(14437760K), 0.9092520 secs]
2018-05-18T17:02:16.813+0000: 643776.433: [GC 8729581K->1778835K(14444672K), 0.2490610 secs]
2018-05-18T17:02:35.249+0000: 643794.869: [GC 8648083K->1779171K(14444224K), 0.3438390 secs]
2018-05-18T17:04:05.631+0000: 643885.252: [GC 8648163K->1852979K(14444544K), 0.6062480 secs]
2018-05-18T17:04:20.466+0000: 643900.086: [GC 8721971K->1828983K(14453888K), 0.5252140 secs]
2018-05-18T17:04:37.553+0000: 643917.174: [GC 8712055K->1840609K(14449280K), 0.4827370 secs]
2018-05-18T17:05:37.504+0000: 643977.125: [GC 8723681K->1921837K(14437056K), 0.8138970 secs]
2018-05-18T17:06:11.184+0000: 644010.805: [GC 8798637K->1870162K(14448448K), 0.5278750 secs]
2018-05-18T17:06:29.534+0000: 644029.155: [GC 8746962K->1851466K(14456896K), 0.4223550 secs]
2018-05-18T17:06:41.902+0000: 644041.523: [GC 8743690K->1861624K(14455424K), 0.4273510 secs]
2018-05-18T17:06:54.283+0000: 644053.904: [GC 8753848K->1880786K(14464448K), 0.3315210 secs]
2018-05-18T17:07:06.489+0000: 644066.109: [GC 8784530K->1881622K(14459392K), 0.4414770 secs]
2018-05-18T17:07:22.054+0000: 644081.674: [GC 8785366K->1879682K(14470656K), 0.3538970 secs]
2018-05-18T17:07:34.389+0000: 644094.010: [GC 8798274K->1902099K(14468032K), 0.4430990 secs]
2018-05-18T17:07:52.370+0000: 644111.990: [GC 8820691K->1929691K(14484416K), 0.5340960 secs]
2018-05-18T17:08:42.167+0000: 644161.788: [GC 8869787K->2032811K(14475776K), 0.9880310 secs]
2018-05-18T17:09:31.214+0000: 644210.835: [GC 8972907K->2052209K(14404352K), 0.9656050 secs]
2018-05-18T17:10:22.086+0000: 644261.707: [GC 8912241K->2068001K(14395712K), 0.8807310 secs]
2018-05-18T17:11:02.214+0000: 644301.835: [GC 8928033K->2086737K(14408384K), 0.9332620 secs]
2018-05-18T17:11:40.408+0000: 644340.029: [GC 8901841K->2071513K(14417600K), 0.7561090 secs]
2018-05-18T17:11:58.618+0000: 644358.239: [GC 8886617K->2033233K(14426752K), 0.5079980 secs]
2018-05-18T17:12:12.394+0000: 644372.015: [GC 8862545K->2030700K(14422656K), 0.4052830 secs]
2018-05-18T17:12:25.217+0000: 644384.838: [GC 8860012K->2047144K(14434176K), 0.4580440 secs]
2018-05-18T17:12:42.984+0000: 644402.605: [GC 8890536K->2074362K(14429312K), 0.5379790 secs]
2018-05-18T17:13:44.510+0000: 644464.130: [GC 8917754K->2169095K(14414272K), 0.9774950 secs]
2018-05-18T17:14:32.757+0000: 644512.378: [GC 9006215K->2180608K(14365568K), 0.9472920 secs]
2018-05-18T17:15:21.246+0000: 644560.867: [GC 9017728K->2194105K(14405888K), 0.8095670 secs]
2018-05-18T17:15:44.256+0000: 644583.877: [GC 9000633K->2161953K(14413312K), 0.6260410 secs]
2018-05-18T17:16:02.312+0000: 644601.932: [GC 8968481K->2133807K(14428928K), 0.4894710 secs]
2018-05-18T17:16:23.835+0000: 644623.455: [GC 8967663K->2154830K(14425024K), 0.5512860 secs]
2018-05-18T17:16:41.497+0000: 644641.118: [GC 8988686K->2170408K(14440704K), 0.5345730 secs]
2018-05-18T17:16:56.082+0000: 644655.702: [GC 9025576K->2174441K(14434560K), 0.4684720 secs]
2018-05-18T17:17:08.154+0000: 644667.775: [GC 9029609K->2191533K(14450560K), 0.4602050 secs]
2018-05-18T17:17:50.059+0000: 644709.679: [GC 9067053K->2245100K(14445056K), 0.7023580 secs]
2018-05-18T17:19:15.012+0000: 644794.632: [GC 9120620K->2296863K(14435136K), 0.8823730 secs]
2018-05-18T17:20:14.662+0000: 644854.282: [GC 9165855K->2277453K(14444544K), 0.6339040 secs]
2018-05-18T17:20:30.986+0000: 644870.607: [GC 9146445K->2251492K(14454592K), 0.4741310 secs]
2018-05-18T17:21:05.220+0000: 644904.841: [GC 9136612K->2285591K(14450624K), 0.6191230 secs]
2018-05-18T17:21:59.711+0000: 644959.332: [GC 9170711K->2353771K(14437952K), 0.9179120 secs]
2018-05-18T17:22:33.641+0000: 644993.262: [GC 5912123K->2274399K(14450752K), 0.4908000 secs]
2018-05-18T17:22:34.133+0000: 644993.753: [Full GC 2274399K->1199814K(14450752K), 4.5575920 secs]
2018-05-18T17:23:42.846+0000: 645062.466: [GC 8081222K->1385450K(14434112K), 0.8648390 secs]
2018-05-18T17:24:48.929+0000: 645128.550: [GC 8251882K->1404958K(14395584K), 0.9184780 secs]
2018-05-18T17:25:09.251+0000: 645148.872: [GC 8271390K->1338816K(14438912K), 0.4615100 secs]
2018-05-18T17:25:23.880+0000: 645163.501: [GC 8192704K->1340377K(14435072K), 0.4549670 secs]
2018-05-18T17:26:19.381+0000: 645219.001: [GC 8194265K->1416353K(14435328K), 0.8841710 secs]
2018-05-18T17:27:31.422+0000: 645291.042: [GC 8273953K->1430779K(14380288K), 0.9080710 secs]
2018-05-18T17:28:32.112+0000: 645351.732: [GC 8288379K->1443607K(14424064K), 0.9329180 secs]
2018-05-18T17:28:49.856+0000: 645369.477: [GC 8281367K->1369993K(14428928K), 0.4761930 secs]
2018-05-18T17:29:09.235+0000: 645388.856: [GC 8207753K->1380147K(14434752K), 0.4758580 secs]
2018-05-18T17:29:36.586+0000: 645416.207: [GC 8225779K->1436446K(14430976K), 0.6968090 secs]
2018-05-18T17:30:34.106+0000: 645473.727: [GC 8282078K->1485485K(14420608K), 1.0011790 secs]
2018-05-18T17:31:13.962+0000: 645513.582: [GC 8325677K->1490630K(14372288K), 0.8773100 secs]
2018-05-18T17:32:02.128+0000: 645561.749: [GC 8330822K->1489049K(14421696K), 0.9130480 secs]
2018-05-18T17:33:03.102+0000: 645622.722: [GC 8314777K->1499043K(14352000K), 0.8715380 secs]
2018-05-18T17:33:37.067+0000: 645656.688: [GC 8324771K->1478064K(14430784K), 0.7424710 secs]
2018-05-18T17:33:56.946+0000: 645676.567: [GC 8310512K->1432769K(14421760K), 0.4571950 secs]
2018-05-18T17:34:09.015+0000: 645688.636: [GC 8265217K->1444983K(14431040K), 0.4356930 secs]
2018-05-18T17:34:20.786+0000: 645700.406: [GC 8285623K->1442440K(14429696K), 0.3633990 secs]
2018-05-18T17:34:32.332+0000: 645711.953: [GC 8283080K->1448402K(14434880K), 0.4259520 secs]
2018-05-18T17:34:45.691+0000: 645725.311: [GC 8295570K->1453583K(14432384K), 0.3116040 secs]
2018-05-18T17:34:56.666+0000: 645736.287: [GC 8300751K->1467603K(14443392K), 0.3509980 secs]
2018-05-18T17:35:07.610+0000: 645747.231: [GC 8329107K->1469623K(14438208K), 0.3433940 secs]
2018-05-18T17:35:17.840+0000: 645757.461: [GC 8331127K->1471132K(14453184K), 0.3719130 secs]
2018-05-18T17:35:36.314+0000: 645775.934: [GC 8352604K->1483900K(14448384K), 0.4600630 secs]
2018-05-18T17:35:57.332+0000: 645796.953: [GC 8365372K->1494606K(14466240K), 0.5128160 secs]
2018-05-18T17:37:03.324+0000: 645862.945: [GC 8399985K->1586384K(14432960K), 0.9406080 secs]
2018-05-18T17:38:19.557+0000: 645939.178: [GC 8491920K->1598273K(14425344K), 0.9034570 secs]
2018-05-18T17:39:07.266+0000: 645986.887: [GC 8453825K->1609891K(14385344K), 0.9331070 secs]
2018-05-18T17:39:41.872+0000: 646021.492: [GC 8465443K->1565695K(14438592K), 0.6507900 secs]
2018-05-18T17:39:56.867+0000: 646036.488: [GC 8411583K->1547381K(14427392K), 0.4695410 secs]
2018-05-18T17:40:09.805+0000: 646049.426: [GC 8393269K->1555390K(14449984K), 0.4692790 secs]
2018-05-18T17:40:26.562+0000: 646066.183: [GC 8429118K->1536130K(14443840K), 0.3020550 secs]
2018-05-18T17:40:37.293+0000: 646076.914: [GC 8409858K->1555414K(14456064K), 0.4380010 secs]
2018-05-18T17:40:52.442+0000: 646092.063: [GC 8442966K->1575789K(14451584K), 0.5130960 secs]
2018-05-18T17:41:03.182+0000: 646102.802: [GC 8463341K->1564560K(14466880K), 0.2527950 secs]
2018-05-18T17:41:19.268+0000: 646118.888: [GC 8474960K->1591808K(14463616K), 0.5001010 secs]
2018-05-18T17:41:35.977+0000: 646135.598: [GC 8502208K->1617826K(14480832K), 0.6190280 secs]
2018-05-18T17:42:22.038+0000: 646181.659: [GC 8552674K->1667693K(14441856K), 0.7759070 secs]
2018-05-18T17:43:15.903+0000: 646235.524: [GC 8602541K->1702892K(14436800K), 0.9692260 secs]
2018-05-18T17:43:44.702+0000: 646264.323: [GC 8590444K->1663920K(14453824K), 0.6884960 secs]
2018-05-18T17:44:00.266+0000: 646279.886: [GC 8551472K->1646802K(14465152K), 0.5566140 secs]
2018-05-18T17:44:36.371+0000: 646315.992: [GC 8550226K->1668208K(14458368K), 0.6742990 secs]
2018-05-18T17:45:14.667+0000: 646354.288: [GC 8571632K->1649455K(14476160K), 0.4822560 secs]
2018-05-18T17:45:31.246+0000: 646370.867: [GC 8577839K->1656027K(14472320K), 0.4958840 secs]
2018-05-18T17:45:52.002+0000: 646391.623: [GC 8584411K->1677150K(14486464K), 0.5587350 secs]
2018-05-18T17:46:10.296+0000: 646409.917: [GC 8623390K->1674587K(14479872K), 0.5198230 secs]
2018-05-18T17:46:27.304+0000: 646426.924: [GC 8620827K->1681369K(14494784K), 0.4889260 secs]
2018-05-18T17:46:47.824+0000: 646447.444: [GC 8646681K->1685785K(14490624K), 0.5165000 secs]
2018-05-18T17:47:05.610+0000: 646465.231: [GC 8651097K->1681757K(14500288K), 0.4455600 secs]
2018-05-18T17:47:29.901+0000: 646489.522: [GC 8660573K->1711048K(14498624K), 0.5467390 secs]
2018-05-18T17:47:47.283+0000: 646506.903: [GC 8689864K->1704649K(14509184K), 0.4688520 secs]
2018-05-18T17:48:04.747+0000: 646524.367: [GC 8700105K->1710481K(14506368K), 0.4677020 secs]
2018-05-18T17:49:01.912+0000: 646581.533: [GC 8705937K->1808128K(14461056K), 0.9831400 secs]
2018-05-18T17:49:20.452+0000: 646600.073: [GC 8760960K->1748460K(14486464K), 0.4451030 secs]
2018-05-18T17:49:36.790+0000: 646616.410: [GC 8701292K->1769419K(14493056K), 0.4827120 secs]
2018-05-18T17:49:59.812+0000: 646639.432: [GC 8730571K->1776773K(14488192K), 0.4475530 secs]
2018-05-18T17:50:15.561+0000: 646655.182: [GC 8737925K->1785659K(14502720K), 0.5232770 secs]
2018-05-18T17:50:32.887+0000: 646672.508: [GC 8766267K->1803846K(14497984K), 0.4082600 secs]
2018-05-18T17:51:47.275+0000: 646746.896: [GC 8784454K->1877243K(14464128K), 0.9292790 secs]
2018-05-18T17:52:49.861+0000: 646809.481: [GC 8829563K->1904180K(14482176K), 0.9436440 secs]
2018-05-18T17:53:34.987+0000: 646854.608: [GC 8856500K->1839131K(14467072K), 0.5488130 secs]
2018-05-18T17:53:51.637+0000: 646871.257: [GC 8768283K->1826944K(14474624K), 0.4601420 secs]
2018-05-18T17:54:43.210+0000: 646922.831: [GC 8756096K->1904073K(14460160K), 0.7184040 secs]
2018-05-18T17:55:00.917+0000: 646940.538: [GC 8820809K->1845697K(14468416K), 0.4251630 secs]
2018-05-18T17:55:17.442+0000: 646957.062: [GC 8762433K->1850309K(14475200K), 0.4043960 secs]
2018-05-18T17:55:42.388+0000: 646982.009: [GC 8777349K->1877972K(14471936K), 0.5575300 secs]
2018-05-18T17:55:59.522+0000: 646999.143: [GC 8805012K->1869780K(14485952K), 0.4643060 secs]
2018-05-18T17:56:22.007+0000: 647021.627: [GC 8818004K->1879601K(14482368K), 0.5180430 secs]
2018-05-18T17:56:40.602+0000: 647040.222: [GC 8827825K->1883053K(14494784K), 0.4786870 secs]
2018-05-18T17:56:57.041+0000: 647056.662: [GC 8848365K->1900515K(14490624K), 0.5855960 secs]
2018-05-18T17:57:18.478+0000: 647078.099: [GC 8865827K->1899774K(14504896K), 0.5080790 secs]
2018-05-18T17:57:36.549+0000: 647096.170: [GC 8885182K->1889240K(14500608K), 0.4240240 secs]
2018-05-18T17:57:58.332+0000: 647117.952: [GC 8874648K->1917379K(14511744K), 0.5955730 secs]
2018-05-18T17:58:54.575+0000: 647174.195: [GC 8915139K->2000876K(14506112K), 0.8767160 secs]
2018-05-18T17:59:14.684+0000: 647194.305: [GC 8998636K->1963522K(14481536K), 0.5602380 secs]
2018-05-18T17:59:30.186+0000: 647209.807: [GC 8931074K->1959620K(14493824K), 0.5261580 secs]
2018-05-18T18:00:45.409+0000: 647285.030: [GC 8927172K->2016817K(14479744K), 0.8247820 secs]
2018-05-18T18:01:31.800+0000: 647331.420: [GC 8974513K->2022084K(14457536K), 0.7593860 secs]
2018-05-18T18:01:47.644+0000: 647347.265: [GC 8979780K->1980700K(14486272K), 0.5186640 secs]
2018-05-18T18:02:15.942+0000: 647375.563: [GC 8929692K->2005682K(14482816K), 0.6458680 secs]
2018-05-18T18:03:16.630+0000: 647436.251: [GC 8954674K->2074341K(14452096K), 0.9015460 secs]
2018-05-18T18:03:58.719+0000: 647478.340: [GC 8998501K->2025317K(14472128K), 0.5484410 secs]
2018-05-18T18:04:15.225+0000: 647494.846: [GC 8949477K->2020784K(14481408K), 0.5165100 secs]
2018-05-18T18:04:35.350+0000: 647514.971: [GC 8960624K->2026740K(14478528K), 0.5190230 secs]
2018-05-18T18:04:53.090+0000: 647532.711: [GC 8966580K->2026312K(14486400K), 0.4938190 secs]
2018-05-18T18:05:10.544+0000: 647550.164: [GC 8976968K->2037627K(14484352K), 0.4581540 secs]
2018-05-18T18:05:31.332+0000: 647570.953: [GC 8988283K->2050802K(14494464K), 0.4778700 secs]
2018-05-18T18:05:49.088+0000: 647588.708: [GC 9014898K->2042404K(14489728K), 0.4739300 secs]
2018-05-18T18:06:14.153+0000: 647613.773: [GC 9006500K->2065185K(14501440K), 0.5479860 secs]
2018-05-18T18:06:34.046+0000: 647633.667: [GC 9042849K->2053267K(14496320K), 0.4514700 secs]
2018-05-18T18:06:58.296+0000: 647657.917: [GC 9030931K->2066259K(14506240K), 0.4813540 secs]
2018-05-18T18:07:16.343+0000: 647675.964: [GC 9055443K->2064736K(14503040K), 0.4389290 secs]
2018-05-18T18:07:36.379+0000: 647696.000: [GC 9053920K->2083013K(14512320K), 0.4778320 secs]
2018-05-18T18:08:02.681+0000: 647722.302: [GC 9083589K->2119778K(14508352K), 0.5885430 secs]
2018-05-18T18:08:44.559+0000: 647764.179: [GC 9120354K->2143026K(14501824K), 0.6456850 secs]
2018-05-18T18:09:01.942+0000: 647781.562: [GC 9136178K->2126945K(14506624K), 0.5029780 secs]
2018-05-18T18:09:18.191+0000: 647797.812: [GC 9120097K->2148576K(14514752K), 0.5582110 secs]
2018-05-18T18:10:31.174+0000: 647870.795: [GC 9154080K->2223754K(14510848K), 0.8951680 secs]
2018-05-18T18:11:10.386+0000: 647910.007: [GC 9229258K->2232227K(14458880K), 0.7876200 secs]
2018-05-18T18:11:33.286+0000: 647932.907: [GC 9181859K->2192396K(14484864K), 0.4907580 secs]
2018-05-18T18:11:51.443+0000: 647951.064: [GC 9142028K->2189127K(14489664K), 0.4630810 secs]
2018-05-18T18:12:09.134+0000: 647968.754: [GC 9146887K->2208945K(14488192K), 0.5376840 secs]
2018-05-18T18:12:26.841+0000: 647986.462: [GC 9166705K->2207878K(14497472K), 0.4761370 secs]
2018-05-18T18:12:49.440+0000: 648009.061: [GC 9179654K->2223259K(14494400K), 0.5142830 secs]
2018-05-18T18:13:06.464+0000: 648026.085: [GC 9195035K->2227878K(14506496K), 0.5403740 secs]
2018-05-18T18:13:41.627+0000: 648061.248: [GC 9216742K->2254042K(14502464K), 0.6218030 secs]
2018-05-18T18:14:29.439+0000: 648109.060: [GC 9242906K->2282632K(14495616K), 0.7497210 secs]
2018-05-18T18:14:48.940+0000: 648128.560: [GC 9266312K->2224068K(14406016K), 0.3914110 secs]
2018-05-18T18:15:14.896+0000: 648154.516: [GC 9207748K->2242550K(14502912K), 0.4410200 secs]
2018-05-18T18:15:31.316+0000: 648170.937: [GC 9226038K->2260908K(14500672K), 0.4960650 secs]
2018-05-18T18:15:48.955+0000: 648188.576: [GC 9244396K->2264800K(14510848K), 0.4587230 secs]
2018-05-18T18:16:12.744+0000: 648212.365: [GC 9262944K->2288029K(14507392K), 0.5262040 secs]
2018-05-18T18:16:29.031+0000: 648228.652: [GC 9286173K->2289123K(14518976K), 0.5297410 secs]
2018-05-18T18:17:39.615+0000: 648299.235: [GC 9302563K->2331329K(14499712K), 0.7002340 secs]
2018-05-18T18:17:58.683+0000: 648318.303: [GC 9344769K->2284101K(14511616K), 0.4071120 secs]
2018-05-18T18:18:18.617+0000: 648338.238: [GC 9287237K->2300973K(14511616K), 0.4698810 secs]
2018-05-18T18:19:20.257+0000: 648399.878: [GC 9304109K->2405438K(14458880K), 0.9489940 secs]
2018-05-18T18:20:27.689+0000: 648467.309: [GC 9358398K->2436930K(14480576K), 0.8454070 secs]
2018-05-18T18:21:01.551+0000: 648501.172: [GC 9389890K->2377671K(14471872K), 0.5632580 secs]
2018-05-18T18:21:17.618+0000: 648517.239: [GC 9310023K->2369710K(14476224K), 0.5029010 secs]
2018-05-18T18:21:44.338+0000: 648543.958: [GC 9302062K->2392277K(14487040K), 0.5308910 secs]
2018-05-18T18:21:59.719+0000: 648559.339: [GC 9339285K->2396046K(14480064K), 0.5261130 secs]
2018-05-18T18:22:27.891+0000: 648587.512: [GC 9343054K->2406146K(14496832K), 0.5536070 secs]
2018-05-18T18:22:38.701+0000: 648598.322: [GC 6921488K->2364685K(14491648K), 0.3164870 secs]
2018-05-18T18:22:39.018+0000: 648598.638: [Full GC 2364685K->1228408K(14491648K), 4.4046030 secs]
2018-05-18T18:23:00.194+0000: 648619.815: [GC 8196792K->1345880K(14500416K), 0.5014310 secs]
2018-05-18T18:23:31.012+0000: 648650.632: [GC 8319896K->1354943K(14493696K), 0.5661480 secs]
2018-05-18T18:23:53.381+0000: 648673.002: [GC 8328959K->1357170K(14510464K), 0.5185850 secs]
2018-05-18T18:24:14.304+0000: 648693.925: [GC 8353778K->1386842K(14506240K), 0.6600340 secs]
2018-05-18T18:25:12.807+0000: 648752.428: [GC 8383450K->1449737K(14463488K), 0.8340520 secs]
2018-05-18T18:25:47.040+0000: 648786.661: [GC 8403081K->1430884K(14486720K), 0.6681360 secs]
2018-05-18T18:26:07.894+0000: 648807.515: [GC 8384228K->1416225K(14493184K), 0.5287170 secs]
2018-05-18T18:26:29.832+0000: 648829.453: [GC 8377569K->1429385K(14488256K), 0.5883740 secs]
2018-05-18T18:26:45.984+0000: 648845.605: [GC 8390729K->1426542K(14502080K), 0.5245420 secs]
2018-05-18T18:27:07.242+0000: 648866.863: [GC 8407086K->1432885K(14498560K), 0.5631510 secs]
2018-05-18T18:27:29.312+0000: 648888.933: [GC 8413429K->1432361K(14507968K), 0.4804600 secs]
2018-05-18T18:27:44.790+0000: 648904.411: [GC 8425641K->1446247K(14505408K), 0.5032550 secs]
2018-05-18T18:28:12.680+0000: 648932.301: [GC 8439527K->1455705K(14515584K), 0.5285590 secs]
2018-05-18T18:28:28.809+0000: 648948.430: [GC 8462809K->1456592K(14511616K), 0.4974830 secs]
2018-05-18T18:29:02.218+0000: 648981.839: [GC 8463696K->1509671K(14499968K), 0.7479980 secs]
2018-05-18T18:29:44.540+0000: 649024.161: [GC 8507559K->1526271K(14499328K), 0.7784010 secs]
2018-05-18T18:30:01.103+0000: 649040.723: [GC 8524159K->1477458K(14500672K), 0.4543630 secs]
2018-05-18T18:30:27.628+0000: 649067.249: [GC 8457362K->1517516K(14499328K), 0.6110890 secs]
2018-05-18T18:30:44.100+0000: 649083.721: [GC 8497420K->1496422K(14503488K), 0.4967480 secs]
2018-05-18T18:31:00.546+0000: 649100.167: [GC 8481318K->1515808K(14501504K), 0.5408180 secs]
2018-05-18T18:31:27.038+0000: 649126.659: [GC 8500704K->1530066K(14512128K), 0.5705270 secs]
2018-05-18T18:31:43.561+0000: 649143.181: [GC 8529874K->1529774K(14507776K), 0.5494200 secs]
2018-05-18T18:32:16.154+0000: 649175.774: [GC 8529582K->1572494K(14502784K), 0.6844960 secs]
2018-05-18T18:33:05.844+0000: 649225.465: [GC 8570510K->1613961K(14509056K), 0.8655840 secs]
2018-05-18T18:33:24.521+0000: 649244.142: [GC 8611977K->1560078K(14470400K), 0.4943030 secs]
2018-05-18T18:33:41.193+0000: 649260.814: [GC 8519438K->1572270K(14489728K), 0.5080900 secs]
2018-05-18T18:34:20.022+0000: 649299.642: [GC 8531630K->1642059K(14472256K), 0.8559140 secs]
2018-05-18T18:34:59.395+0000: 649339.016: [GC 8586571K->1676636K(14477888K), 0.8680620 secs]
2018-05-18T18:35:44.934+0000: 649384.555: [GC 8621148K->1680457K(14429760K), 0.9076670 secs]
2018-05-18T18:37:10.620+0000: 649470.241: [GC 8568009K->1677783K(14403968K), 0.8874780 secs]
2018-05-18T18:38:53.968+0000: 649573.588: [GC 8565335K->1684924K(14445952K), 0.8568870 secs]
2018-05-18T18:39:52.357+0000: 649631.978: [GC 8560316K->1709153K(14396288K), 0.9114710 secs]
2018-05-18T18:40:11.859+0000: 649651.480: [GC 8584545K->1652321K(14445376K), 0.5157220 secs]
2018-05-18T18:40:27.362+0000: 649666.982: [GC 8521697K->1668113K(14444096K), 0.3664730 secs]
2018-05-18T18:40:40.296+0000: 649679.916: [GC 8537489K->1655706K(14449344K), 0.4307170 secs]
2018-05-18T18:40:55.682+0000: 649695.303: [GC 8533978K->1658258K(14449024K), 0.3936200 secs]
2018-05-18T18:41:07.179+0000: 649706.799: [GC 8536530K->1660659K(14451392K), 0.3313460 secs]
2018-05-18T18:41:19.500+0000: 649719.121: [GC 8542195K->1664274K(14450240K), 0.3567700 secs]
2018-05-18T18:41:35.893+0000: 649735.513: [GC 8545810K->1678986K(14458432K), 0.4483520 secs]
2018-05-18T18:41:53.937+0000: 649753.558: [GC 8570954K->1691027K(14453632K), 0.4492490 secs]
2018-05-18T18:42:37.151+0000: 649796.772: [GC 8582995K->1766287K(14447040K), 0.8228860 secs]
2018-05-18T18:43:22.574+0000: 649842.195: [GC 8657807K->1803625K(14426624K), 0.8808500 secs]
2018-05-18T18:44:10.010+0000: 649889.631: [GC 8695145K->1812345K(14421056K), 0.9191730 secs]
2018-05-18T18:44:59.342+0000: 649938.963: [GC 8653049K->1818217K(14365952K), 0.8126800 secs]
2018-05-18T18:45:49.116+0000: 649988.736: [GC 8658921K->1831256K(14410560K), 0.9773660 secs]
2018-05-18T18:46:31.501+0000: 650031.121: [GC 8645592K->1825085K(14417216K), 0.8037720 secs]
2018-05-18T18:46:47.140+0000: 650046.761: [GC 8639421K->1772770K(14423360K), 0.4998810 secs]
2018-05-18T18:47:03.214+0000: 650062.834: [GC 8595362K->1778932K(14419328K), 0.4938740 secs]
2018-05-18T18:48:09.335+0000: 650128.956: [GC 8601524K->1862870K(14418816K), 0.8787080 secs]
2018-05-18T18:48:41.576+0000: 650161.197: [GC 8689494K->1884961K(14357440K), 0.8776740 secs]
2018-05-18T18:49:30.187+0000: 650209.807: [GC 8711585K->1891064K(14412992K), 0.9476650 secs]
2018-05-18T18:50:19.893+0000: 650259.514: [GC 8701688K->1900506K(14337600K), 0.9181060 secs]
2018-05-18T18:51:22.997+0000: 650322.618: [GC 8711130K->1901876K(14418432K), 0.8680140 secs]
2018-05-18T18:51:43.425+0000: 650343.046: [GC 8714356K->1847145K(14414144K), 0.5369460 secs]
2018-05-18T18:51:56.650+0000: 650356.270: [GC 8659625K->1831417K(14418816K), 0.3207580 secs]
2018-05-18T18:52:12.439+0000: 650372.060: [GC 8650745K->1846748K(14419712K), 0.4317070 secs]
2018-05-18T18:52:29.525+0000: 650389.146: [GC 8666076K->1860973K(14427328K), 0.4751450 secs]
2018-05-18T18:53:16.004+0000: 650435.625: [GC 8690413K->1935059K(14422208K), 0.8003230 secs]
2018-05-18T18:54:15.850+0000: 650495.471: [GC 8764499K->1967401K(14412416K), 0.9448940 secs]
2018-05-18T18:55:11.481+0000: 650551.102: [GC 8786089K->1966810K(14339136K), 0.8547610 secs]
2018-05-18T18:55:37.850+0000: 650577.471: [GC 8785498K->1917639K(14424640K), 0.5883960 secs]
2018-05-18T18:55:54.225+0000: 650593.846: [GC 8740487K->1905889K(14418304K), 0.4967420 secs]
2018-05-18T18:56:09.618+0000: 650609.239: [GC 8728737K->1906646K(14430912K), 0.4747880 secs]
2018-05-18T18:56:28.123+0000: 650627.744: [GC 8745110K->1913671K(14427648K), 0.4432980 secs]
2018-05-18T18:56:58.802+0000: 650658.423: [GC 8752135K->1956054K(14446080K), 0.6406950 secs]
2018-05-18T18:58:04.408+0000: 650724.028: [GC 8817174K->2013747K(14435136K), 0.9066220 secs]
2018-05-18T18:58:50.256+0000: 650769.877: [GC 8874867K->2027702K(14422016K), 0.9548820 secs]
2018-05-18T19:06:07.774+0000: 651207.395: [GC 8866863K->2006867K(14429632K), 0.7428620 secs]
2018-05-18T19:10:04.632+0000: 651444.253: [GC 8846035K->2027715K(14445440K), 0.6724950 secs]
2018-05-18T19:13:15.491+0000: 651635.112: [GC 8889411K->2050906K(14436352K), 0.7018420 secs]
2018-05-18T19:18:11.916+0000: 651931.537: [GC 8912602K->2068241K(14461504K), 0.7160130 secs]
2018-05-18T19:22:05.000+0000: 652164.621: [GC 8963727K->2081707K(14454080K), 0.7094230 secs]
2018-05-18T19:22:43.433+0000: 652203.053: [GC 3529416K->1990260K(14441984K), 0.1555920 secs]
2018-05-18T19:22:43.589+0000: 652203.209: [Full GC 1990260K->1136394K(14441984K), 3.4394530 secs]
2018-05-18T19:26:29.912+0000: 652429.533: [GC 8025610K->1272490K(14454656K), 0.6616000 secs]
2018-05-18T19:29:34.393+0000: 652614.014: [GC 8161706K->1283130K(14470720K), 0.6587640 secs]
2018-05-18T19:33:43.157+0000: 652862.778: [GC 8196218K->1297058K(14462464K), 0.6495010 secs]
2018-05-18T19:38:41.336+0000: 653160.956: [GC 8210146K->1314044K(14483136K), 0.6337330 secs]
2018-05-18T19:43:04.770+0000: 653424.391: [GC 8254396K->1332635K(14477312K), 0.6855580 secs]
2018-05-18T19:47:16.961+0000: 653676.581: [GC 8272987K->1344418K(14494272K), 0.6601120 secs]
2018-05-18T19:51:12.549+0000: 653912.169: [GC 8307106K->1359111K(14488512K), 0.6486040 secs]
2018-05-18T19:56:15.686+0000: 654215.307: [GC 8321799K->1373795K(14503552K), 0.6612520 secs]
2018-05-18T20:00:53.512+0000: 654493.133: [GC 8356195K->1392237K(14498944K), 0.6736270 secs]
2018-05-18T20:04:55.600+0000: 654735.221: [GC 8374637K->1405576K(14510720K), 0.6278630 secs]
2018-05-18T20:10:34.508+0000: 655074.129: [GC 8402952K->1419195K(14506752K), 0.6555260 secs]
2018-05-18T20:15:47.648+0000: 655387.269: [GC 8416571K->1435931K(14516544K), 0.6644660 secs]
2018-05-18T20:21:04.164+0000: 655703.785: [GC 8446491K->1451125K(14514112K), 0.6658990 secs]
2018-05-18T20:22:47.038+0000: 655806.658: [GC 4695799K->1397563K(14500544K), 0.3245870 secs]
2018-05-18T20:22:47.362+0000: 655806.983: [Full GC 1397563K->892783K(14500544K), 2.6819690 secs]
2018-05-18T20:26:32.213+0000: 656031.834: [GC 7892591K->1029220K(14509952K), 0.6602430 secs]
2018-05-18T20:30:08.800+0000: 656248.421: [GC 8029028K->1042463K(14511936K), 0.6083570 secs]
2018-05-18T20:33:50.612+0000: 656470.232: [GC 8044959K->1056147K(14510656K), 0.6877540 secs]
2018-05-18T20:41:35.897+0000: 656935.517: [GC 8058643K->1067159K(14515968K), 0.6788380 secs]
2018-05-18T20:47:52.339+0000: 657311.960: [GC 8076887K->1084856K(14513856K), 0.6489270 secs]
2018-05-18T20:55:53.466+0000: 657793.087: [GC 8094584K->1102174K(14520128K), 0.6376230 secs]
2018-05-18T21:00:43.306+0000: 658082.927: [GC 8120030K->1130362K(14517824K), 0.6911540 secs]
2018-05-18T21:05:25.578+0000: 658365.199: [GC 8148218K->1146035K(14521280K), 0.6589670 secs]
2018-05-18T21:11:25.594+0000: 658725.215: [GC 8167411K->1160950K(14520192K), 0.6619170 secs]
2018-05-18T21:16:24.025+0000: 659023.646: [GC 8182326K->1176842K(14525120K), 0.6592260 secs]
2018-05-18T21:22:00.169+0000: 659359.790: [GC 8205066K->1190325K(14523200K), 0.6721890 secs]
2018-05-18T21:22:50.054+0000: 659409.675: [GC 1839459K->1087028K(14491008K), 0.0798990 secs]
2018-05-18T21:22:50.134+0000: 659409.755: [Full GC 1087028K->720612K(14491008K), 2.6655520 secs]
2018-05-18T21:29:55.971+0000: 659835.591: [GC 7718884K->852116K(14509184K), 0.6458350 secs]
2018-05-18T21:37:17.660+0000: 660277.280: [GC 7850388K->865535K(14511360K), 0.6659400 secs]
2018-05-18T21:48:24.340+0000: 660943.960: [GC 7866751K->875955K(14509952K), 0.6776620 secs]
2018-05-18T21:59:48.452+0000: 661628.073: [GC 7877171K->896356K(14516288K), 0.6248150 secs]
2018-05-18T22:09:42.857+0000: 662222.477: [GC 7907300K->921490K(14514752K), 0.6776990 secs]
2018-05-18T22:20:22.754+0000: 662862.374: [GC 7932434K->942353K(14516672K), 0.6089580 secs]
2018-05-18T22:22:52.810+0000: 663012.431: [GC 2568063K->863327K(14385472K), 0.1716340 secs]
2018-05-18T22:22:52.982+0000: 663012.602: [Full GC 863327K->543208K(14385472K), 2.2471730 secs]
2018-05-18T22:35:34.001+0000: 663773.622: [GC 7556584K->673096K(14505472K), 0.5897550 secs]
2018-05-18T22:51:11.490+0000: 664711.111: [GC 7663240K->689515K(14504768K), 0.6524570 secs]
2018-05-18T23:06:01.910+0000: 665601.531: [GC 7679659K->706166K(14512768K), 0.4701880 secs]
2018-05-18T23:20:38.909+0000: 666478.529: [GC 7707254K->725402K(14508416K), 0.5963470 secs]
2018-05-18T23:22:55.239+0000: 666614.860: [GC 1481122K->644902K(14490816K), 0.0936300 secs]
2018-05-18T23:22:55.333+0000: 666614.953: [Full GC 644902K->507775K(14490816K), 2.2930090 secs]
2018-05-18T23:41:51.942+0000: 667751.562: [GC 7495679K->622591K(14504000K), 0.5715940 secs]
2018-05-19T00:11:18.619+0000: 669518.239: [GC 7610495K->637155K(14513600K), 0.5648360 secs]
2018-05-19T00:22:57.636+0000: 670217.256: [GC 2631969K->581873K(14375104K), 0.1794760 secs]
2018-05-19T00:22:57.815+0000: 670217.436: [Full GC 581873K->475856K(14375104K), 2.2149780 secs]
2018-05-19T01:07:02.062+0000: 672861.683: [GC 7477584K->585890K(14510464K), 0.5624600 secs]
2018-05-19T01:23:00.041+0000: 673819.662: [GC 3033455K->540788K(14506496K), 0.2029510 secs]
2018-05-19T01:23:00.245+0000: 673819.865: [Full GC 540788K->432152K(14506496K), 2.0961930 secs]
2018-05-19T02:08:17.587+0000: 676537.208: [GC 7429016K->539146K(14510336K), 0.5307690 secs]
2018-05-19T02:23:02.352+0000: 677421.972: [GC 3245576K->501943K(14506688K), 0.2278280 secs]
2018-05-19T02:23:02.580+0000: 677422.200: [Full GC 501943K->394025K(14506688K), 1.7860060 secs]
2018-05-19T02:50:08.911+0000: 679048.532: [GC 7390953K->503433K(14510016K), 0.5169130 secs]
2018-05-19T03:10:04.237+0000: 680243.858: [GC 7501897K->525742K(14508544K), 0.5430570 secs]
2018-05-19T03:23:04.376+0000: 681023.997: [GC 6267415K->533472K(14518848K), 0.4714810 secs]
2018-05-19T03:23:04.848+0000: 681024.468: [Full GC 533472K->439953K(14518848K), 1.9838400 secs]
2018-05-19T03:37:06.935+0000: 681866.555: [GC 7450641K->560994K(14511936K), 0.6093700 secs]
2018-05-19T03:49:53.776+0000: 682633.396: [GC 7571682K->585094K(14506752K), 0.6369400 secs]
2018-05-19T04:02:07.066+0000: 683366.686: [GC 7587590K->602836K(14466816K), 0.6261250 secs]
2018-05-19T04:15:39.438+0000: 684179.059: [GC 7605332K->616899K(14510528K), 0.5581990 secs]
2018-05-19T04:23:06.841+0000: 684626.462: [GC 4936640K->592208K(14509440K), 0.3970040 secs]
2018-05-19T04:23:07.239+0000: 684626.859: [Full GC 592208K->436978K(14509440K), 1.9737400 secs]
2018-05-19T04:35:23.610+0000: 685363.230: [GC 7436850K->560402K(14509696K), 0.5559110 secs]
2018-05-19T04:47:07.899+0000: 686067.520: [GC 7562386K->575155K(14511040K), 0.6077660 secs]
2018-05-19T04:57:26.485+0000: 686686.106: [GC 7577139K->597042K(14509760K), 0.6251070 secs]
2018-05-19T05:07:38.394+0000: 687298.014: [GC 7598130K->611928K(14510592K), 0.6108360 secs]
2018-05-19T05:17:50.454+0000: 687910.075: [GC 7613016K->632038K(14513408K), 0.6017060 secs]
2018-05-19T05:23:09.223+0000: 688228.843: [GC 5339776K->611174K(14512512K), 0.4268630 secs]
2018-05-19T05:23:09.650+0000: 688229.270: [Full GC 611174K->479621K(14512512K), 2.2337300 secs]
2018-05-19T05:30:47.545+0000: 688687.165: [GC 7485445K->600550K(14514816K), 0.5748900 secs]
2018-05-19T05:37:41.062+0000: 689100.683: [GC 7609318K->615580K(14514048K), 0.6164220 secs]
2018-05-19T05:45:21.082+0000: 689560.703: [GC 7624348K->627343K(14518272K), 0.5002810 secs]
2018-05-19T05:52:15.640+0000: 689975.261: [GC 7641295K->640430K(14515776K), 0.5845870 secs]
2018-05-19T05:58:41.458+0000: 690361.078: [GC 7654382K->656700K(14522240K), 0.6234660 secs]
2018-05-19T06:06:45.766+0000: 690845.386: [GC 7679356K->676144K(14520512K), 0.6291320 secs]
2018-05-19T06:12:40.425+0000: 691200.045: [GC 7698800K->698933K(14520704K), 0.6316830 secs]
2018-05-19T06:20:22.124+0000: 691661.745: [GC 7721525K->723953K(14495744K), 0.5712200 secs]
2018-05-19T06:23:11.893+0000: 691831.514: [GC 3629251K->676015K(14506880K), 0.2913630 secs]
2018-05-19T06:23:12.185+0000: 691831.806: [Full GC 676015K->504324K(14506880K), 2.3458000 secs]
2018-05-19T06:29:50.831+0000: 692230.452: [GC 7510148K->629732K(14512960K), 0.5705540 secs]
2018-05-19T06:36:29.938+0000: 692629.558: [GC 7635556K->648444K(14514368K), 0.6145310 secs]
2018-05-19T06:43:35.023+0000: 693054.644: [GC 7655868K->667739K(14513152K), 0.6068890 secs]
2018-05-19T06:50:21.985+0000: 693461.606: [GC 7675163K->682068K(14516032K), 0.5302030 secs]
2018-05-19T06:57:42.526+0000: 693902.147: [GC 7692500K->702685K(14514496K), 0.6266490 secs]
2018-05-19T07:04:20.038+0000: 694299.658: [GC 7713117K->726414K(14513344K), 0.6167080 secs]
2018-05-19T07:09:05.168+0000: 694584.788: [GC 7735694K->750097K(14483072K), 0.6075160 secs]
2018-05-19T07:16:43.791+0000: 695043.412: [GC 7759377K->779071K(14510528K), 0.6185760 secs]
2018-05-19T07:23:14.541+0000: 695434.162: [GC 7187982K->797252K(14512128K), 0.5989540 secs]
2018-05-19T07:23:15.140+0000: 695434.761: [Full GC 797252K->650260K(14512128K), 2.2379840 secs]
2018-05-19T07:28:30.379+0000: 695750.000: [GC 7654420K->785989K(14514048K), 0.6155930 secs]
2018-05-19T07:35:09.245+0000: 696148.866: [GC 7795781K->812179K(14485760K), 0.6032500 secs]
2018-05-19T07:40:50.652+0000: 696490.273: [GC 7821971K->840797K(14512576K), 0.6767680 secs]
2018-05-19T07:45:42.547+0000: 696782.168: [GC 7847773K->862255K(14513536K), 0.6535820 secs]
2018-05-19T07:50:46.163+0000: 697085.783: [GC 7869231K->882237K(14515840K), 0.6349350 secs]
2018-05-19T07:56:52.453+0000: 697452.073: [GC 7892221K->909891K(14514240K), 0.6386570 secs]
2018-05-19T08:00:07.870+0000: 697647.491: [GC 7919875K->879022K(14505280K), 0.2005410 secs]
2018-05-19T08:01:52.211+0000: 697751.832: [GC 7880110K->946574K(14510592K), 0.6379750 secs]
2018-05-19T08:02:22.174+0000: 697781.795: [GC 7947662K->941839K(14516352K), 0.4831290 secs]
2018-05-19T08:02:45.319+0000: 697804.940: [GC 7953103K->950539K(14515008K), 0.4785940 secs]
2018-05-19T08:03:08.760+0000: 697828.381: [GC 7961803K->955577K(14516928K), 0.4683900 secs]
2018-05-19T08:03:34.079+0000: 697853.699: [GC 7968953K->965922K(14516544K), 0.4582000 secs]
2018-05-19T08:03:57.135+0000: 697876.756: [GC 7979298K->974208K(14521152K), 0.5158850 secs]
2018-05-19T08:04:20.909+0000: 697900.530: [GC 7994048K->973718K(14518784K), 0.4634620 secs]
2018-05-19T08:04:44.850+0000: 697924.471: [GC 7993558K->978509K(14523904K), 0.4560670 secs]
2018-05-19T08:05:10.438+0000: 697950.059: [GC 8004685K->994775K(14522368K), 0.4293650 secs]
2018-05-19T08:05:32.729+0000: 697972.349: [GC 8020951K->1004613K(14530624K), 0.4550250 secs]
2018-05-19T08:05:56.475+0000: 697996.096: [GC 8042693K->1007248K(14527552K), 0.4666820 secs]
2018-05-19T08:06:22.010+0000: 698021.630: [GC 8045328K->1008090K(14535040K), 0.4432210 secs]
2018-05-19T08:06:46.128+0000: 698045.749: [GC 8056410K->1014036K(14533376K), 0.4508020 secs]
2018-05-19T08:07:09.494+0000: 698069.115: [GC 8062356K->1019366K(14538368K), 0.4556540 secs]
2018-05-19T08:07:34.262+0000: 698093.883: [GC 8074278K->1032134K(14536640K), 0.4537120 secs]
2018-05-19T08:07:55.462+0000: 698115.083: [GC 8087046K->1047256K(14543936K), 0.4920390 secs]
2018-05-19T08:08:17.251+0000: 698136.872: [GC 8112472K->1046658K(14541376K), 0.4640480 secs]
2018-05-19T08:08:38.940+0000: 698158.560: [GC 8111874K->1050275K(14547136K), 0.4292850 secs]
2018-05-19T08:09:01.343+0000: 698180.963: [GC 8123107K->1063234K(14545792K), 0.4740840 secs]
2018-05-19T08:09:24.686+0000: 698204.306: [GC 8136066K->1067377K(14551296K), 0.4689000 secs]
2018-05-19T08:09:46.630+0000: 698226.250: [GC 8147889K->1075752K(14549312K), 0.4698380 secs]
2018-05-19T08:10:17.986+0000: 698257.606: [GC 8156264K->1086447K(14555200K), 0.4512090 secs]
2018-05-19T08:10:45.482+0000: 698285.103: [GC 8175087K->1097893K(14553536K), 0.4717340 secs]
2018-05-19T08:11:10.043+0000: 698309.664: [GC 8186533K->1097531K(14558080K), 0.4441040 secs]
2018-05-19T08:11:31.354+0000: 698330.975: [GC 8193019K->1118582K(14557504K), 0.5223780 secs]
2018-05-19T08:11:55.925+0000: 698355.546: [GC 8214070K->1112456K(14558720K), 0.4254160 secs]
2018-05-19T08:12:17.754+0000: 698377.375: [GC 8208584K->1134602K(14557504K), 0.4992570 secs]
2018-05-19T08:12:39.176+0000: 698398.797: [GC 8230730K->1137241K(14560064K), 0.4992140 secs]
2018-05-19T08:13:02.445+0000: 698422.065: [GC 8235289K->1142103K(14558080K), 0.4752970 secs]
2018-05-19T08:13:24.863+0000: 698444.484: [GC 8240151K->1148121K(14562496K), 0.4710570 secs]
2018-05-19T08:13:48.061+0000: 698467.682: [GC 8251865K->1149195K(14561344K), 0.4406100 secs]
2018-05-19T08:14:15.149+0000: 698494.769: [GC 8252939K->1140823K(14559296K), 0.3599410 secs]
2018-05-19T08:14:38.564+0000: 698518.185: [GC 8242775K->1169219K(14561024K), 0.4875960 secs]
2018-05-19T08:15:01.239+0000: 698540.860: [GC 8271171K->1169188K(14563136K), 0.3880190 secs]
2018-05-19T08:15:24.714+0000: 698564.335: [GC 8273316K->1171437K(14561088K), 0.3874090 secs]
2018-05-19T08:15:47.728+0000: 698587.349: [GC 8275565K->1177271K(14565376K), 0.4408240 secs]
2018-05-19T08:16:12.428+0000: 698612.049: [GC 8286775K->1182834K(14564224K), 0.4548400 secs]
2018-05-19T08:16:39.011+0000: 698638.632: [GC 8292338K->1179752K(14565696K), 0.3891070 secs]
2018-05-19T08:17:00.546+0000: 698660.167: [GC 8291944K->1200184K(14566144K), 0.4764130 secs]
2018-05-19T08:17:22.948+0000: 698682.569: [GC 8312376K->1202369K(14567872K), 0.4548600 secs]
2018-05-19T08:17:45.863+0000: 698705.484: [GC 8316609K->1207194K(14566464K), 0.4479770 secs]
2018-05-19T08:18:07.637+0000: 698727.258: [GC 8321434K->1213776K(14569472K), 0.4408140 secs]
2018-05-19T08:18:25.697+0000: 698745.317: [GC 8331856K->1232285K(14561536K), 0.4744040 secs]
2018-05-19T08:18:42.868+0000: 698762.488: [GC 8350365K->1254263K(14549568K), 0.5369070 secs]
2018-05-19T08:19:01.977+0000: 698781.598: [GC 8351735K->1259813K(14545856K), 0.5179600 secs]
2018-05-19T08:19:17.764+0000: 698797.385: [GC 8357285K->1261054K(14559744K), 0.4492710 secs]
2018-05-19T08:19:35.221+0000: 698814.842: [GC 8358206K->1276924K(14557504K), 0.4902160 secs]
2018-05-19T08:19:52.747+0000: 698832.368: [GC 8374076K->1295952K(14548928K), 0.5224700 secs]
2018-05-19T08:20:07.858+0000: 698847.479: [GC 8383824K->1305209K(14548160K), 0.5439810 secs]
2018-05-19T08:20:26.018+0000: 698865.639: [GC 8393081K->1314819K(14544192K), 0.4977420 secs]
2018-05-19T08:20:41.729+0000: 698881.349: [GC 8388739K->1320755K(14528064K), 0.5252440 secs]
2018-05-19T08:20:58.913+0000: 698898.534: [GC 8394675K->1331552K(14546304K), 0.5355350 secs]
2018-05-19T08:21:20.044+0000: 698919.665: [GC 8404448K->1341873K(14546496K), 0.5372490 secs]
2018-05-19T08:21:36.769+0000: 698936.389: [GC 8414769K->1336155K(14547200K), 0.4606290 secs]
2018-05-19T08:21:57.338+0000: 698956.959: [GC 8409755K->1338387K(14546496K), 0.4193730 secs]
2018-05-19T08:22:15.295+0000: 698974.916: [GC 8411987K->1364478K(14547456K), 0.5031870 secs]
2018-05-19T08:22:32.360+0000: 698991.981: [GC 8439230K->1377933K(14530752K), 0.5223650 secs]
2018-05-19T08:22:53.557+0000: 699013.178: [GC 8452685K->1372852K(14548736K), 0.4519080 secs]
2018-05-19T08:23:10.712+0000: 699030.333: [GC 8448052K->1397399K(14535104K), 0.5640770 secs]
2018-05-19T08:23:17.390+0000: 699037.010: [GC 4317164K->1338185K(14531456K), 0.2083490 secs]
2018-05-19T08:23:17.598+0000: 699037.219: [Full GC 1338185K->859442K(14531456K), 3.6480920 secs]
2018-05-19T08:23:38.193+0000: 699057.814: [GC 7917234K->979127K(14517568K), 0.5092530 secs]
2018-05-19T08:23:55.565+0000: 699075.185: [GC 8036919K->984911K(14539840K), 0.4787930 secs]
2018-05-19T08:24:12.664+0000: 699092.285: [GC 8041103K->1001617K(14536448K), 0.5157980 secs]
2018-05-19T08:24:45.510+0000: 699125.131: [GC 8057809K->1034569K(14522880K), 0.6504460 secs]
2018-05-19T08:25:36.450+0000: 699176.070: [GC 8076361K->1050697K(14522624K), 0.6234930 secs]
2018-05-19T08:26:35.641+0000: 699235.262: [GC 8092489K->1065083K(14510720K), 0.6974910 secs]
2018-05-19T08:27:17.325+0000: 699276.946: [GC 8078843K->1057327K(14516928K), 0.5765230 secs]
2018-05-19T08:27:35.860+0000: 699295.481: [GC 8071087K->1059583K(14524288K), 0.5136100 secs]
2018-05-19T08:27:56.032+0000: 699315.653: [GC 8084223K->1077521K(14520448K), 0.5081190 secs]
2018-05-19T08:28:18.557+0000: 699338.178: [GC 8102161K->1091151K(14528064K), 0.5334240 secs]
2018-05-19T08:28:40.634+0000: 699360.254: [GC 8125199K->1091251K(14526080K), 0.4615930 secs]
2018-05-19T08:29:02.243+0000: 699381.863: [GC 8125299K->1112966K(14531648K), 0.4501120 secs]
2018-05-19T08:29:24.550+0000: 699404.171: [GC 8153606K->1151142K(14529088K), 0.6013590 secs]
2018-05-19T08:29:43.168+0000: 699422.789: [GC 8191782K->1165799K(14526976K), 0.5287150 secs]
2018-05-19T08:29:58.847+0000: 699438.467: [GC 8203111K->1201712K(14522816K), 0.6018970 secs]
2018-05-19T08:30:18.244+0000: 699457.865: [GC 8239024K->1200378K(14524480K), 0.5705160 secs]
2018-05-19T08:30:37.869+0000: 699477.490: [GC 8227578K->1223805K(14522816K), 0.5647710 secs]
2018-05-19T08:30:54.086+0000: 699493.707: [GC 8251005K->1230645K(14526656K), 0.5694890 secs]
2018-05-19T08:31:13.591+0000: 699513.211: [GC 8260853K->1226268K(14523648K), 0.5016420 secs]
2018-05-19T08:31:34.374+0000: 699533.995: [GC 8256476K->1239045K(14529344K), 0.4981590 secs]
2018-05-19T08:31:51.907+0000: 699551.528: [GC 8276037K->1257732K(14527744K), 0.5260010 secs]
2018-05-19T08:32:09.581+0000: 699569.201: [GC 8294724K->1294998K(14522304K), 0.6442780 secs]
2018-05-19T08:32:25.983+0000: 699585.604: [GC 8329366K->1288925K(14527232K), 0.5320750 secs]
2018-05-19T08:32:45.948+0000: 699605.569: [GC 8323293K->1299906K(14532864K), 0.5471000 secs]
2018-05-19T08:33:03.468+0000: 699623.089: [GC 8342786K->1302693K(14530112K), 0.5069790 secs]
2018-05-19T08:33:20.362+0000: 699639.983: [GC 8345573K->1318209K(14537088K), 0.5695460 secs]
2018-05-19T08:33:36.671+0000: 699656.291: [GC 8369793K->1320582K(14534592K), 0.5235630 secs]
2018-05-19T08:33:55.216+0000: 699674.837: [GC 8372166K->1337810K(14540096K), 0.5843230 secs]
2018-05-19T08:34:14.197+0000: 699693.818: [GC 8395986K->1345495K(14538176K), 0.4712770 secs]
2018-05-19T08:34:33.301+0000: 699712.922: [GC 8403671K->1358780K(14542848K), 0.5618720 secs]
2018-05-19T08:34:49.876+0000: 699729.497: [GC 8423676K->1357376K(14542144K), 0.5365590 secs]
2018-05-19T08:35:09.561+0000: 699749.182: [GC 8422272K->1372389K(14544576K), 0.4860890 secs]
2018-05-19T08:35:29.248+0000: 699768.869: [GC 8439653K->1394663K(14536128K), 0.5723710 secs]
2018-05-19T08:35:48.063+0000: 699787.683: [GC 8461927K->1385477K(14543168K), 0.5480440 secs]
2018-05-19T08:36:11.831+0000: 699811.452: [GC 8450949K->1399543K(14542400K), 0.5427850 secs]
2018-05-19T08:36:31.157+0000: 699830.777: [GC 8465015K->1412977K(14542464K), 0.5792400 secs]
2018-05-19T08:36:51.973+0000: 699851.594: [GC 8479729K->1430365K(14541568K), 0.6511570 secs]
2018-05-19T08:37:11.921+0000: 699871.542: [GC 8497117K->1439574K(14532480K), 0.6459740 secs]
2018-05-19T08:37:39.588+0000: 699899.208: [GC 8493526K->1453747K(14534208K), 0.6373590 secs]
2018-05-19T08:37:57.816+0000: 699917.437: [GC 8507699K->1442693K(14533056K), 0.5484910 secs]
2018-05-19T08:38:20.158+0000: 699939.779: [GC 8489861K->1456965K(14533632K), 0.5973180 secs]
2018-05-19T08:38:40.231+0000: 699959.851: [GC 8504133K->1471385K(14534592K), 0.5827140 secs]
2018-05-19T08:38:59.692+0000: 699979.313: [GC 8521369K->1468459K(14535040K), 0.5541510 secs]
2018-05-19T08:39:20.014+0000: 699999.635: [GC 8518443K->1477600K(14537344K), 0.5348890 secs]
2018-05-19T08:39:40.304+0000: 700019.924: [GC 8530976K->1489082K(14536128K), 0.5979060 secs]
2018-05-19T08:40:01.742+0000: 700041.363: [GC 8542458K->1495978K(14540160K), 0.5397250 secs]
2018-05-19T08:40:18.989+0000: 700058.610: [GC 8554730K->1488820K(14538688K), 0.4661700 secs]
2018-05-19T08:40:40.112+0000: 700079.733: [GC 8547572K->1504766K(14540224K), 0.4938090 secs]
2018-05-19T08:41:01.796+0000: 700101.417: [GC 8564286K->1517818K(14539392K), 0.5641340 secs]
2018-05-19T08:41:21.575+0000: 700121.196: [GC 8577338K->1534897K(14539136K), 0.6009260 secs]
2018-05-19T08:41:41.630+0000: 700141.250: [GC 8595633K->1523241K(14510080K), 0.5340100 secs]
2018-05-19T08:42:04.719+0000: 700164.340: [GC 8583977K->1538215K(14541504K), 0.5704070 secs]
2018-05-19T08:42:25.756+0000: 700185.376: [GC 8599591K->1532712K(14539968K), 0.4673390 secs]
2018-05-19T08:42:46.307+0000: 700205.928: [GC 8594088K->1556897K(14541696K), 0.5602130 secs]
2018-05-19T08:43:06.987+0000: 700226.608: [GC 8618849K->1569160K(14540352K), 0.5886440 secs]
2018-05-19T08:43:28.103+0000: 700247.723: [GC 8631112K->1574913K(14542144K), 0.5602990 secs]
2018-05-19T08:43:47.209+0000: 700266.830: [GC 8637953K->1574513K(14540992K), 0.5410450 secs]
2018-05-19T08:44:08.959+0000: 700288.579: [GC 8637553K->1579388K(14543296K), 0.5226700 secs]
2018-05-19T08:44:31.735+0000: 700311.356: [GC 8645372K->1587294K(14542784K), 0.5374820 secs]
2018-05-19T08:44:52.851+0000: 700332.472: [GC 8653278K->1596721K(14545408K), 0.5418240 secs]
2018-05-19T08:45:11.521+0000: 700351.142: [GC 8666161K->1607627K(14544128K), 0.5571930 secs]
2018-05-19T08:45:30.478+0000: 700370.099: [GC 8677067K->1613504K(14548160K), 0.5466090 secs]
2018-05-19T08:45:49.000+0000: 700388.621: [GC 8688256K->1623986K(14546688K), 0.5630730 secs]
2018-05-19T08:46:09.460+0000: 700409.081: [GC 8698738K->1625024K(14547712K), 0.5421590 secs]
2018-05-19T08:46:28.355+0000: 700427.976: [GC 8700736K->1637923K(14547904K), 0.5275930 secs]
2018-05-19T08:46:47.712+0000: 700447.332: [GC 8713635K->1650716K(14548416K), 0.5809470 secs]
2018-05-19T08:47:04.563+0000: 700464.183: [GC 8728220K->1654304K(14548800K), 0.5515670 secs]
2018-05-19T08:47:23.161+0000: 700482.782: [GC 8731808K->1660249K(14550912K), 0.5249190 secs]
2018-05-19T08:47:39.395+0000: 700499.016: [GC 8740953K->1669944K(14549888K), 0.5472900 secs]
2018-05-19T08:47:57.350+0000: 700516.971: [GC 8750648K->1676544K(14552768K), 0.4925620 secs]
2018-05-19T08:48:16.370+0000: 700535.991: [GC 8761088K->1680830K(14551872K), 0.5185180 secs]
2018-05-19T08:48:35.122+0000: 700554.742: [GC 8765374K->1686347K(14550656K), 0.4840780 secs]
2018-05-19T08:48:57.625+0000: 700577.246: [GC 8769099K->1693464K(14528448K), 0.5200310 secs]
2018-05-19T08:49:21.353+0000: 700600.973: [GC 8776216K->1690001K(14548032K), 0.4430630 secs]
2018-05-19T08:49:40.714+0000: 700620.335: [GC 8769041K->1707495K(14549568K), 0.5280330 secs]
2018-05-19T08:50:00.066+0000: 700639.686: [GC 8786535K->1726257K(14547392K), 0.5421790 secs]
2018-05-19T08:50:18.202+0000: 700657.823: [GC 8804273K->1714210K(14519360K), 0.4287200 secs]
2018-05-19T08:50:37.882+0000: 700677.503: [GC 8792226K->1736859K(14548288K), 0.5379190 secs]
2018-05-19T08:50:58.407+0000: 700698.028: [GC 8813851K->1734362K(14548544K), 0.4992150 secs]
2018-05-19T08:51:15.979+0000: 700715.600: [GC 8811354K->1745379K(14550912K), 0.5172180 secs]
2018-05-19T08:51:36.266+0000: 700735.887: [GC 8825699K->1761858K(14549504K), 0.5624480 secs]
2018-05-19T08:51:51.947+0000: 700751.567: [GC 8842178K->1759585K(14550784K), 0.5072130 secs]
2018-05-19T08:52:09.703+0000: 700769.323: [GC 8840609K->1775532K(14550336K), 0.5396750 secs]
2018-05-19T08:52:29.928+0000: 700789.548: [GC 8856556K->1782526K(14552064K), 0.5462400 secs]
2018-05-19T08:52:50.146+0000: 700809.767: [GC 8866110K->1770199K(14517696K), 0.4208630 secs]
2018-05-19T08:53:11.938+0000: 700831.559: [GC 8853783K->1791739K(14552192K), 0.4929810 secs]
2018-05-19T08:53:31.048+0000: 700850.669: [GC 8874427K->1798616K(14550592K), 0.4828130 secs]
2018-05-19T08:53:50.364+0000: 700869.984: [GC 8881304K->1810775K(14554688K), 0.5284500 secs]
2018-05-19T08:54:10.876+0000: 700890.497: [GC 8898647K->1808115K(14553280K), 0.4367850 secs]
2018-05-19T08:54:32.027+0000: 700911.648: [GC 8895987K->1813412K(14554624K), 0.4609480 secs]
2018-05-19T08:54:51.559+0000: 700931.180: [GC 8902820K->1831419K(14554752K), 0.5455350 secs]
2018-05-19T08:55:12.901+0000: 700952.522: [GC 8920827K->1830461K(14556096K), 0.4403950 secs]
2018-05-19T08:55:31.783+0000: 700971.403: [GC 8921725K->1834818K(14555264K), 0.4252830 secs]
2018-05-19T08:55:51.339+0000: 700990.959: [GC 8926082K->1853941K(14555840K), 0.5131350 secs]
2018-05-19T08:56:08.965+0000: 701008.586: [GC 8945781K->1867751K(14546816K), 0.5647120 secs]
2018-05-19T08:56:26.083+0000: 701025.704: [GC 8959591K->1872737K(14554880K), 0.4691870 secs]
2018-05-19T08:56:42.957+0000: 701042.578: [GC 8962401K->1891262K(14550080K), 0.5401660 secs]
2018-05-19T08:57:00.891+0000: 701060.512: [GC 8980926K->1895289K(14552832K), 0.5077180 secs]
2018-05-19T08:57:17.387+0000: 701077.008: [GC 8980217K->1916277K(14547008K), 0.5676630 secs]
2018-05-19T08:57:34.544+0000: 701094.165: [GC 9001205K->1912809K(14551296K), 0.4726800 secs]
2018-05-19T08:57:53.882+0000: 701113.503: [GC 8994153K->1924559K(14550144K), 0.4706270 secs]
2018-05-19T08:58:10.703+0000: 701130.324: [GC 9005903K->1950468K(14549952K), 0.5365070 secs]
2018-05-19T08:58:28.300+0000: 701147.921: [GC 9032324K->1975546K(14550912K), 0.5946080 secs]
2018-05-19T08:58:45.546+0000: 701165.167: [GC 9057402K->1967681K(14543616K), 0.5172530 secs]
2018-05-19T08:59:03.286+0000: 701182.907: [GC 9042113K->1983209K(14547264K), 0.5644630 secs]
2018-05-19T08:59:29.055+0000: 701208.675: [GC 9057641K->1988904K(14550208K), 0.5351030 secs]
2018-05-19T09:00:05.697+0000: 701245.317: [GC 9067368K->1981848K(14548352K), 0.4107710 secs]
2018-05-19T09:00:25.271+0000: 701264.892: [GC 9060312K->1976744K(14543040K), 0.3310980 secs]
2018-05-19T09:00:46.764+0000: 701286.385: [GC 9048872K->1996716K(14546112K), 0.4351340 secs]
2018-05-19T09:01:05.865+0000: 701305.486: [GC 9068844K->2004464K(14546432K), 0.4304210 secs]
2018-05-19T09:01:25.040+0000: 701324.660: [GC 9077168K->2012061K(14546368K), 0.4142240 secs]
2018-05-19T09:02:12.057+0000: 701371.677: [GC 9084765K->2044134K(14546496K), 0.5358070 secs]
2018-05-19T09:03:08.445+0000: 701428.066: [GC 9116902K->2044556K(14546368K), 0.4617210 secs]
2018-05-19T09:03:27.797+0000: 701447.418: [GC 9117324K->2065935K(14548736K), 0.5309860 secs]
2018-05-19T09:03:49.670+0000: 701469.291: [GC 9143247K->2062179K(14548672K), 0.4593640 secs]
2018-05-19T09:04:09.086+0000: 701488.706: [GC 9139491K->2070601K(14552704K), 0.4315760 secs]
2018-05-19T09:04:26.218+0000: 701505.838: [GC 9153929K->2097876K(14543424K), 0.5187180 secs]
2018-05-19T09:04:41.873+0000: 701521.494: [GC 9181204K->2099621K(14549760K), 0.4979020 secs]
2018-05-19T09:05:00.576+0000: 701540.197: [GC 9178277K->2117940K(14538368K), 0.5190150 secs]
2018-05-19T09:05:16.017+0000: 701555.637: [GC 9196596K->2119518K(14548992K), 0.5001980 secs]
2018-05-19T09:05:33.023+0000: 701572.644: [GC 9195486K->2127789K(14547072K), 0.4644880 secs]
2018-05-19T09:05:51.892+0000: 701591.513: [GC 9203757K->2140420K(14552576K), 0.4822660 secs]
2018-05-19T09:06:08.479+0000: 701608.100: [GC 9223940K->2165151K(14546880K), 0.5560020 secs]
2018-05-19T09:06:26.726+0000: 701626.347: [GC 9248671K->2172947K(14544320K), 0.5799470 secs]
2018-05-19T09:06:45.648+0000: 701645.269: [GC 9245843K->2174034K(14546496K), 0.4504880 secs]
2018-05-19T09:07:05.717+0000: 701665.338: [GC 9246930K->2177289K(14549440K), 0.5013650 secs]
2018-05-19T09:07:22.908+0000: 701682.529: [GC 9254985K->2191283K(14548352K), 0.5210840 secs]
2018-05-19T09:07:41.852+0000: 701701.473: [GC 9268979K->2208799K(14544512K), 0.5856160 secs]
2018-05-19T09:07:58.406+0000: 701718.027: [GC 9283359K->2199538K(14547328K), 0.5167420 secs]
2018-05-19T09:08:15.805+0000: 701735.426: [GC 9274098K->2219049K(14547072K), 0.5661780 secs]
2018-05-19T09:08:36.955+0000: 701756.576: [GC 9294377K->2211507K(14547712K), 0.4734570 secs]
2018-05-19T09:08:54.034+0000: 701773.655: [GC 9286835K->2222925K(14549120K), 0.4947030 secs]
2018-05-19T09:09:11.538+0000: 701791.158: [GC 9300109K->2244246K(14548160K), 0.5287320 secs]
2018-05-19T09:09:31.380+0000: 701811.001: [GC 9321430K->2242953K(14549952K), 0.4871000 secs]
2018-05-19T09:09:50.896+0000: 701830.517: [GC 9321097K->2262221K(14539776K), 0.5726270 secs]
2018-05-19T09:10:09.465+0000: 701849.086: [GC 9340365K->2257356K(14549248K), 0.4134830 secs]
2018-05-19T09:10:33.779+0000: 701873.400: [GC 9334284K->2281939K(14539776K), 0.5344330 secs]
2018-05-19T09:10:53.399+0000: 701893.020: [GC 9358867K->2285384K(14546944K), 0.5532950 secs]
2018-05-19T09:11:13.373+0000: 701912.994: [GC 9359112K->2291690K(14546880K), 0.5627360 secs]
2018-05-19T09:11:34.885+0000: 701934.506: [GC 9365418K->2281614K(14546368K), 0.4703590 secs]
2018-05-19T09:11:54.193+0000: 701953.813: [GC 9356558K->2296383K(14547520K), 0.4849300 secs]
2018-05-19T09:12:14.419+0000: 701974.039: [GC 9371327K->2314010K(14549056K), 0.5312720 secs]
2018-05-19T09:12:31.387+0000: 701991.008: [GC 9391706K->2322346K(14548736K), 0.5273970 secs]
2018-05-19T09:12:50.711+0000: 702010.332: [GC 9400042K->2332916K(14548096K), 0.5482860 secs]
2018-05-19T09:13:08.192+0000: 702027.813: [GC 9410676K->2337521K(14548928K), 0.5373600 secs]
2018-05-19T09:13:28.340+0000: 702047.960: [GC 9415281K->2343065K(14551552K), 0.5105170 secs]
2018-05-19T09:13:49.994+0000: 702069.615: [GC 9424345K->2346951K(14549824K), 0.5141750 secs]
2018-05-19T09:14:11.215+0000: 702090.836: [GC 9428231K->2362838K(14552320K), 0.5595260 secs]
2018-05-19T09:14:29.202+0000: 702108.822: [GC 9447318K->2361636K(14552256K), 0.4668060 secs]
2018-05-19T09:14:49.273+0000: 702128.893: [GC 9446116K->2378461K(14552832K), 0.5415590 secs]
2018-05-19T09:15:06.901+0000: 702146.522: [GC 9464029K->2384519K(14552832K), 0.5012210 secs]
2018-05-19T09:15:26.497+0000: 702166.117: [GC 9470087K->2386202K(14554240K), 0.4636630 secs]
2018-05-19T09:15:45.590+0000: 702185.210: [GC 9473882K->2398428K(14553536K), 0.5618320 secs]
2018-05-19T09:16:04.320+0000: 702203.940: [GC 9486108K->2394874K(14554560K), 0.4647690 secs]
2018-05-19T09:16:25.306+0000: 702224.927: [GC 9483770K->2410330K(14554432K), 0.5197420 secs]
2018-05-19T09:16:43.701+0000: 702243.322: [GC 9499226K->2414400K(14556672K), 0.5106740 secs]
2018-05-19T09:17:03.755+0000: 702263.375: [GC 9506880K->2419984K(14555904K), 0.4822740 secs]
2018-05-19T09:17:24.237+0000: 702283.858: [GC 9512464K->2443792K(14544576K), 0.5854410 secs]
2018-05-19T09:17:49.735+0000: 702309.356: [GC 9525520K->2439172K(14550912K), 0.4818670 secs]
2018-05-19T09:18:10.250+0000: 702329.871: [GC 9520900K->2451582K(14553472K), 0.5245890 secs]
2018-05-19T09:18:34.509+0000: 702354.130: [GC 9536958K->2440490K(14519552K), 0.4374520 secs]
2018-05-19T09:18:54.245+0000: 702373.866: [GC 9525866K->2457787K(14552128K), 0.5024440 secs]
2018-05-19T09:19:14.925+0000: 702394.546: [GC 9541563K->2464247K(14551744K), 0.4741540 secs]
2018-05-19T09:19:35.475+0000: 702415.096: [GC 9548023K->2477033K(14554624K), 0.5050690 secs]
2018-05-19T09:19:57.107+0000: 702436.728: [GC 9564457K->2480522K(14552896K), 0.4448350 secs]
2018-05-19T09:20:15.490+0000: 702455.110: [GC 9567946K->2494064K(14555648K), 0.4536510 secs]
2018-05-19T09:20:35.375+0000: 702474.996: [GC 9585072K->2516631K(14555456K), 0.5405750 secs]
2018-05-19T09:20:57.322+0000: 702496.943: [GC 9607639K->2526468K(14534720K), 0.5673070 secs]
2018-05-19T09:21:13.384+0000: 702513.005: [GC 9596548K->2523041K(14545088K), 0.5230570 secs]
2018-05-19T09:21:35.707+0000: 702535.327: [GC 9593121K->2518108K(14544512K), 0.4328780 secs]
2018-05-19T09:22:05.311+0000: 702564.932: [GC 9588828K->2519422K(14498880K), 0.4342180 secs]
2018-05-19T09:22:31.359+0000: 702590.980: [GC 9590142K->2523440K(14542592K), 0.4191090 secs]
2018-05-19T09:22:57.147+0000: 702616.768: [GC 9589936K->2539505K(14543296K), 0.4474870 secs]
2018-05-19T09:23:21.257+0000: 702640.878: [GC 8914051K->2542924K(14546368K), 0.4074960 secs]
2018-05-19T09:23:21.665+0000: 702641.286: [Full GC 2542924K->1296723K(14546368K), 5.2184590 secs]
2018-05-19T09:23:46.377+0000: 702665.997: [GC 8368083K->1395470K(14545088K), 0.4421840 secs]
2018-05-19T09:24:12.406+0000: 702692.026: [GC 8466830K->1409611K(14550464K), 0.4785580 secs]
2018-05-19T09:24:32.683+0000: 702712.304: [GC 8488267K->1430409K(14548288K), 0.5505240 secs]
2018-05-19T09:24:54.691+0000: 702734.312: [GC 8509065K->1432460K(14548288K), 0.4874430 secs]
2018-05-19T09:25:14.063+0000: 702753.684: [GC 8509068K->1449731K(14540864K), 0.5646020 secs]
2018-05-19T09:25:35.102+0000: 702774.722: [GC 8526339K->1441136K(14546496K), 0.4894650 secs]
2018-05-19T09:25:57.352+0000: 702796.973: [GC 8511664K->1459415K(14544128K), 0.5233120 secs]
2018-05-19T09:26:22.572+0000: 702822.192: [GC 8529943K->1478968K(14538176K), 0.5698290 secs]
2018-05-19T09:26:48.535+0000: 702848.156: [GC 8542520K->1462355K(14541824K), 0.4574900 secs]
2018-05-19T09:27:10.364+0000: 702869.984: [GC 8525907K->1474900K(14544832K), 0.4874850 secs]
2018-05-19T09:27:32.113+0000: 702891.734: [GC 8542420K->1493283K(14542784K), 0.5472190 secs]
2018-05-19T09:27:53.106+0000: 702912.727: [GC 8560803K->1508297K(14537920K), 0.5845890 secs]
2018-05-19T09:28:15.184+0000: 702934.804: [GC 8570569K->1499406K(14541184K), 0.5346130 secs]
2018-05-19T09:28:45.239+0000: 702964.860: [GC 8561678K->1515430K(14543808K), 0.5045000 secs]
2018-05-19T09:29:08.321+0000: 702987.941: [GC 8582310K->1510522K(14543168K), 0.4524370 secs]
2018-05-19T09:29:28.452+0000: 703008.072: [GC 8577402K->1543622K(14536832K), 0.5903770 secs]
2018-05-19T09:29:51.119+0000: 703030.740: [GC 8604742K->1536492K(14540608K), 0.5212960 secs]
2018-05-19T09:30:09.286+0000: 703048.907: [GC 8597612K->1549428K(14544768K), 0.4676920 secs]
2018-05-19T09:30:30.662+0000: 703070.283: [GC 8616820K->1565896K(14542720K), 0.5199020 secs]
2018-05-19T09:30:53.933+0000: 703093.554: [GC 8633288K->1575417K(14540544K), 0.5807290 secs]
2018-05-19T09:31:13.496+0000: 703113.116: [GC 8638969K->1568104K(14541824K), 0.4883120 secs]
2018-05-19T09:31:35.548+0000: 703135.169: [GC 8631656K->1585317K(14544512K), 0.5102370 secs]
2018-05-19T09:31:53.961+0000: 703153.582: [GC 8652773K->1597920K(14543040K), 0.5356630 secs]
2018-05-19T09:32:15.355+0000: 703174.975: [GC 8665376K->1598726K(14547008K), 0.5196830 secs]
2018-05-19T09:32:34.333+0000: 703193.954: [GC 8671366K->1604275K(14545728K), 0.5103370 secs]
2018-05-19T09:32:56.306+0000: 703215.927: [GC 8676915K->1628154K(14542656K), 0.5682410 secs]
2018-05-19T09:33:15.886+0000: 703235.507: [GC 8699130K->1628420K(14545536K), 0.5014020 secs]
2018-05-19T09:33:36.184+0000: 703255.805: [GC 8699396K->1642820K(14546304K), 0.5012760 secs]
2018-05-19T09:33:54.304+0000: 703273.924: [GC 8716356K->1657081K(14538240K), 0.5541600 secs]
2018-05-19T09:34:14.120+0000: 703293.741: [GC 8730617K->1649240K(14545280K), 0.4593920 secs]
2018-05-19T09:34:36.954+0000: 703316.575: [GC 8719320K->1675725K(14534528K), 0.5509830 secs]
2018-05-19T09:34:57.128+0000: 703336.748: [GC 8745805K->1665087K(14543808K), 0.4022070 secs]
2018-05-19T09:35:14.188+0000: 703353.809: [GC 8732415K->1689095K(14543616K), 0.5494660 secs]
2018-05-19T09:35:37.060+0000: 703376.681: [GC 8756423K->1682949K(14544576K), 0.4440430 secs]
2018-05-19T09:36:01.886+0000: 703401.506: [GC 8752773K->1714738K(14532160K), 0.5591000 secs]
2018-05-19T09:36:22.689+0000: 703422.310: [GC 8784562K->1715933K(14545664K), 0.5397330 secs]
2018-05-19T09:36:42.275+0000: 703441.896: [GC 8785245K->1716053K(14543744K), 0.4971550 secs]
2018-05-19T09:37:02.382+0000: 703462.002: [GC 8785365K->1733710K(14547584K), 0.5289380 secs]
2018-05-19T09:37:25.175+0000: 703484.796: [GC 8807310K->1739116K(14546112K), 0.5004630 secs]
2018-05-19T09:37:47.800+0000: 703507.420: [GC 8812716K->1745922K(14551168K), 0.5349470 secs]
2018-05-19T09:38:12.972+0000: 703532.593: [GC 8826498K->1733294K(14513920K), 0.4347510 secs]
2018-05-19T09:38:40.597+0000: 703560.218: [GC 8813870K->1736325K(14547008K), 0.4189650 secs]
2018-05-19T09:39:02.899+0000: 703582.519: [GC 8812677K->1754264K(14548224K), 0.4989260 secs]
2018-05-19T09:39:28.917+0000: 703608.538: [GC 8830616K->1756485K(14550208K), 0.4998970 secs]
2018-05-19T09:39:56.170+0000: 703635.791: [GC 8836165K->1759231K(14549568K), 0.4210050 secs]
2018-05-19T09:40:19.205+0000: 703658.825: [GC 8838911K->1773667K(14552640K), 0.4700120 secs]
2018-05-19T09:40:41.828+0000: 703681.449: [GC 8856867K->1775096K(14550656K), 0.5007150 secs]
2018-05-19T09:41:03.403+0000: 703703.024: [GC 8858296K->1788885K(14554688K), 0.4877640 secs]
2018-05-19T09:41:26.095+0000: 703725.716: [GC 8877269K->1801796K(14553792K), 0.5073160 secs]
2018-05-19T09:41:48.745+0000: 703748.366: [GC 8890180K->1807504K(14554048K), 0.5481300 secs]
2018-05-19T09:42:11.818+0000: 703771.439: [GC 8895504K->1815381K(14542080K), 0.5445000 secs]
2018-05-19T09:42:31.575+0000: 703791.195: [GC 8903381K->1832643K(14546240K), 0.5660560 secs]
2018-05-19T09:42:51.618+0000: 703811.239: [GC 8912323K->1829514K(14549888K), 0.5330620 secs]
2018-05-19T09:43:16.869+0000: 703836.490: [GC 8909194K->1846083K(14544256K), 0.5868710 secs]
2018-05-19T09:43:39.499+0000: 703859.119: [GC 8920771K->1839257K(14547392K), 0.5611600 secs]
2018-05-19T09:44:00.458+0000: 703880.079: [GC 8913945K->1864384K(14542912K), 0.5998930 secs]
2018-05-19T09:44:20.339+0000: 703899.959: [GC 8935872K->1871554K(14535168K), 0.5593480 secs]
2018-05-19T09:44:41.010+0000: 703920.631: [GC 8943042K->1861675K(14545088K), 0.5184670 secs]
2018-05-19T09:45:03.755+0000: 703943.375: [GC 8930411K->1874961K(14543744K), 0.4846040 secs]
2018-05-19T09:45:25.291+0000: 703964.911: [GC 8943697K->1884841K(14546816K), 0.5229360 secs]
2018-05-19T09:45:46.489+0000: 703986.110: [GC 8958185K->1893449K(14533376K), 0.5884590 secs]
2018-05-19T09:46:06.587+0000: 704006.207: [GC 8966793K->1885669K(14546688K), 0.4757780 secs]
2018-05-19T09:46:28.410+0000: 704028.030: [GC 8958693K->1905335K(14546432K), 0.5335980 secs]
2018-05-19T09:46:49.663+0000: 704049.284: [GC 8978359K->1918987K(14544960K), 0.5830740 secs]
2018-05-19T09:47:12.352+0000: 704071.972: [GC 8991243K->1914340K(14546176K), 0.5293240 secs]
2018-05-19T09:47:32.653+0000: 704092.274: [GC 8986596K->1914695K(14547584K), 0.4804350 secs]
2018-05-19T09:47:55.819+0000: 704115.440: [GC 8989575K->1923227K(14547392K), 0.4875850 secs]
2018-05-19T09:48:19.096+0000: 704138.717: [GC 8998107K->1931485K(14549440K), 0.4791990 secs]
2018-05-19T09:48:41.754+0000: 704161.375: [GC 9009309K->1950317K(14548480K), 0.5394210 secs]
2018-05-19T09:49:03.573+0000: 704183.194: [GC 9028141K->1949731K(14550208K), 0.5367210 secs]
2018-05-19T09:49:26.381+0000: 704206.001: [GC 9028451K->1949676K(14548608K), 0.5208910 secs]
2018-05-19T09:49:47.581+0000: 704227.202: [GC 9028396K->1950608K(14550016K), 0.4696960 secs]
2018-05-19T09:50:10.827+0000: 704250.448: [GC 9031312K->1960883K(14550400K), 0.4138130 secs]
2018-05-19T09:50:34.778+0000: 704274.398: [GC 9041587K->1967473K(14552064K), 0.4567570 secs]
2018-05-19T09:51:00.825+0000: 704300.446: [GC 9050673K->1967097K(14551232K), 0.4520530 secs]
2018-05-19T09:51:23.546+0000: 704323.166: [GC 9050297K->1990193K(14551936K), 0.5085490 secs]
2018-05-19T09:51:45.559+0000: 704345.180: [GC 9073969K->2003226K(14543360K), 0.5402290 secs]
2018-05-19T09:52:06.546+0000: 704366.167: [GC 9087002K->2018296K(14540800K), 0.5722890 secs]
2018-05-19T09:52:25.742+0000: 704385.363: [GC 9088760K->2011868K(14545280K), 0.5330660 secs]
2018-05-19T09:52:47.276+0000: 704406.897: [GC 9082332K->2022688K(14547584K), 0.5528060 secs]
2018-05-19T09:53:10.442+0000: 704430.063: [GC 9097568K->2035496K(14537984K), 0.5772050 secs]
2018-05-19T09:53:29.856+0000: 704449.477: [GC 9110376K->2035534K(14547328K), 0.5485740 secs]
2018-05-19T09:53:50.066+0000: 704469.686: [GC 9108238K->2037673K(14545472K), 0.4952830 secs]
2018-05-19T09:54:12.021+0000: 704491.641: [GC 9110377K->2056762K(14547840K), 0.5807920 secs]
2018-05-19T09:54:33.325+0000: 704512.946: [GC 9132986K->2067992K(14540032K), 0.6143640 secs]
2018-05-19T09:54:52.007+0000: 704531.627: [GC 9144216K->2066314K(14547712K), 0.6139610 secs]
2018-05-19T09:55:13.475+0000: 704553.096: [GC 9140042K->2081944K(14538816K), 0.6094660 secs]
2018-05-19T09:55:33.805+0000: 704573.426: [GC 9155672K->2077346K(14547008K), 0.5376270 secs]
2018-05-19T09:55:55.932+0000: 704595.553: [GC 9149794K->2082607K(14545536K), 0.5433190 secs]
2018-05-19T09:56:15.805+0000: 704615.426: [GC 9155055K->2082735K(14548416K), 0.4868620 secs]
2018-05-19T09:56:39.769+0000: 704639.389: [GC 9159215K->2102924K(14548160K), 0.5481080 secs]
2018-05-19T09:57:02.507+0000: 704662.127: [GC 9179404K->2100805K(14549376K), 0.5170710 secs]
2018-05-19T09:57:27.588+0000: 704687.209: [GC 9178501K->2102816K(14548416K), 0.4997210 secs]
2018-05-19T09:57:47.605+0000: 704707.226: [GC 9180512K->2117143K(14550848K), 0.5550630 secs]
2018-05-19T09:58:07.633+0000: 704727.254: [GC 9197719K->2114996K(14549824K), 0.5100990 secs]
2018-05-19T09:58:39.424+0000: 704759.044: [GC 9195572K->2128619K(14552192K), 0.5360080 secs]
2018-05-19T09:59:00.320+0000: 704779.940: [GC 9212267K->2141948K(14551552K), 0.5920330 secs]
2018-05-19T09:59:25.290+0000: 704804.911: [GC 9225596K->2147356K(14552320K), 0.5592080 secs]
2018-05-19T09:59:46.170+0000: 704825.791: [GC 9231708K->2164818K(14552000K), 0.5706910 secs]
2018-05-19T10:00:04.469+0000: 704844.089: [GC 9249170K->2159951K(14547904K), 0.4880970 secs]
2018-05-19T10:00:25.710+0000: 704865.331: [GC 9239759K->2177002K(14544256K), 0.5766530 secs]
2018-05-19T10:00:45.780+0000: 704885.401: [GC 9256810K->2187992K(14542720K), 0.6269310 secs]
2018-05-19T10:01:05.297+0000: 704904.917: [GC 9258584K->2180289K(14545344K), 0.5089450 secs]
2018-05-19T10:01:25.622+0000: 704925.243: [GC 9250881K->2198859K(14545536K), 0.5752780 secs]
2018-05-19T10:01:45.895+0000: 704945.516: [GC 9270219K->2207000K(14534144K), 0.6141600 secs]
2018-05-19T10:02:08.985+0000: 704968.606: [GC 9278360K->2193482K(14543552K), 0.4905110 secs]
2018-05-19T10:02:30.385+0000: 704990.006: [GC 9262282K->2204483K(14544448K), 0.5186670 secs]
2018-05-19T10:02:49.885+0000: 705009.506: [GC 9273283K->2207789K(14544832K), 0.4599490 secs]
2018-05-19T10:03:14.021+0000: 705033.642: [GC 9277229K->2222054K(14544704K), 0.5252200 secs]
2018-05-19T10:03:33.017+0000: 705052.638: [GC 9291494K->2236477K(14547200K), 0.5534710 secs]
2018-05-19T10:03:50.312+0000: 705069.933: [GC 9310013K->2241858K(14546432K), 0.5138730 secs]
2018-05-19T10:04:11.601+0000: 705091.222: [GC 9315394K->2253713K(14548672K), 0.5263540 secs]
2018-05-19T10:04:31.059+0000: 705110.680: [GC 9331217K->2269275K(14541120K), 0.5640720 secs]
2018-05-19T10:04:48.659+0000: 705128.279: [GC 9346779K->2264682K(14548096K), 0.4977110 secs]
2018-05-19T10:05:10.410+0000: 705150.030: [GC 9339690K->2279757K(14547008K), 0.5462450 secs]
2018-05-19T10:05:30.224+0000: 705169.845: [GC 9354765K->2288956K(14548032K), 0.6102770 secs]
2018-05-19T10:05:50.000+0000: 705189.621: [GC 9364732K->2280006K(14518912K), 0.5028870 secs]
2018-05-19T10:06:09.347+0000: 705208.967: [GC 9355782K->2301209K(14547904K), 0.5373340 secs]
2018-05-19T10:06:30.405+0000: 705230.026: [GC 9376537K->2308572K(14547520K), 0.5377920 secs]
2018-05-19T10:06:49.533+0000: 705249.153: [GC 9383900K->2311289K(14549952K), 0.5153250 secs]
2018-05-19T10:07:09.726+0000: 705269.347: [GC 9390649K->2319585K(14549504K), 0.5096720 secs]
2018-05-19T10:07:32.267+0000: 705291.887: [GC 9398945K->2323656K(14551232K), 0.4747860 secs]
2018-05-19T10:07:53.400+0000: 705313.021: [GC 9405896K->2339322K(14551104K), 0.5297880 secs]
2018-05-19T10:08:15.663+0000: 705335.284: [GC 9421562K->2337478K(14552384K), 0.4935550 secs]
2018-05-19T10:08:39.667+0000: 705359.287: [GC 9422150K->2354610K(14552384K), 0.5650210 secs]
2018-05-19T10:08:59.440+0000: 705379.061: [GC 9439282K->2355673K(14553536K), 0.4653840 secs]
2018-05-19T10:09:19.478+0000: 705399.099: [GC 9442009K->2369687K(14552896K), 0.5241540 secs]
2018-05-19T10:09:43.483+0000: 705423.103: [GC 9456023K->2363578K(14552832K), 0.4580920 secs]
2018-05-19T10:10:05.440+0000: 705445.060: [GC 9451194K->2385441K(14543040K), 0.4861560 secs]
2018-05-19T10:10:27.578+0000: 705467.199: [GC 9473057K->2390808K(14555008K), 0.5171890 secs]
2018-05-19T10:10:50.452+0000: 705490.072: [GC 9479448K->2390417K(14553728K), 0.4981570 secs]
2018-05-19T10:11:14.509+0000: 705514.130: [GC 9479057K->2391885K(14554432K), 0.4492790 secs]
2018-05-19T10:11:36.407+0000: 705536.027: [GC 9481677K->2407566K(14554944K), 0.4921820 secs]
2018-05-19T10:11:57.058+0000: 705556.679: [GC 9497358K->2417883K(14556736K), 0.5021080 secs]
2018-05-19T10:12:18.242+0000: 705577.863: [GC 9510043K->2438238K(14554496K), 0.5575470 secs]
2018-05-19T10:12:40.285+0000: 705599.906: [GC 9530398K->2436204K(14553088K), 0.5124270 secs]
2018-05-19T10:13:02.023+0000: 705621.644: [GC 9523692K->2439585K(14553792K), 0.5242430 secs]
2018-05-19T10:13:23.111+0000: 705642.732: [GC 9527073K->2437546K(14555136K), 0.4896150 secs]
2018-05-19T10:13:45.186+0000: 705664.807: [GC 9527850K->2447667K(14555200K), 0.4822290 secs]
2018-05-19T10:14:07.329+0000: 705686.950: [GC 9537971K->2463013K(14556608K), 0.5372430 secs]
2018-05-19T10:14:33.585+0000: 705713.206: [GC 9555429K->2458618K(14555904K), 0.4741990 secs]
2018-05-19T10:14:53.997+0000: 705733.618: [GC 9551034K->2469445K(14557120K), 0.4978310 secs]
2018-05-19T10:15:15.160+0000: 705754.781: [GC 9562949K->2486660K(14548672K), 0.5110540 secs]
2018-05-19T10:15:36.967+0000: 705776.588: [GC 9580164K->2492268K(14554688K), 0.4833720 secs]
2018-05-19T10:15:56.880+0000: 705796.500: [GC 9582828K->2496411K(14555328K), 0.5062730 secs]
2018-05-19T10:16:17.993+0000: 705817.614: [GC 9586971K->2511115K(14553536K), 0.5156100 secs]
2018-05-19T10:16:38.963+0000: 705838.584: [GC 9600651K->2524134K(14549696K), 0.5584730 secs]
2018-05-19T10:16:58.384+0000: 705858.004: [GC 9613670K->2534534K(14548928K), 0.5592110 secs]
2018-05-19T10:17:17.377+0000: 705876.998: [GC 9616006K->2539793K(14550784K), 0.5315430 secs]
2018-05-19T10:17:40.582+0000: 705900.202: [GC 9621265K->2535883K(14550848K), 0.4682810 secs]
2018-05-19T10:18:03.894+0000: 705923.514: [GC 9618123K->2547488K(14551168K), 0.4905110 secs]
2018-05-19T10:18:26.993+0000: 705946.614: [GC 9629728K->2559797K(14553536K), 0.5249550 secs]
2018-05-19T10:18:48.369+0000: 705967.990: [GC 9645301K->2574477K(14552064K), 0.5403470 secs]
2018-05-19T10:19:09.027+0000: 705988.648: [GC 9659981K->2592229K(14547648K), 0.5826810 secs]
2018-05-19T10:19:36.842+0000: 706016.463: [GC 9672933K->2597600K(14550400K), 0.5047170 secs]
2018-05-19T10:19:56.356+0000: 706035.977: [GC 9678304K->2626661K(14543296K), 0.5446370 secs]
2018-05-19T10:20:15.463+0000: 706055.083: [GC 9700965K->2631122K(14547200K), 0.5085560 secs]
2018-05-19T10:20:37.789+0000: 706077.410: [GC 9705426K->2645478K(14546816K), 0.5388160 secs]
2018-05-19T10:20:56.930+0000: 706096.550: [GC 9719654K->2649596K(14547136K), 0.5118480 secs]
2018-05-19T10:21:16.743+0000: 706116.364: [GC 9723772K->2675067K(14542976K), 0.5296820 secs]
2018-05-19T10:21:36.963+0000: 706136.583: [GC 9746043K->2671395K(14545536K), 0.5211480 secs]
2018-05-19T10:21:56.961+0000: 706156.582: [GC 9742371K->2689179K(14548224K), 0.5094610 secs]
2018-05-19T10:22:17.423+0000: 706177.044: [GC 9763675K->2717647K(14542464K), 0.6001870 secs]
2018-05-19T10:22:36.634+0000: 706196.254: [GC 9792143K->2732289K(14542080K), 0.5799040 secs]
2018-05-19T10:22:56.165+0000: 706215.786: [GC 9799425K->2730861K(14543616K), 0.5074020 secs]
2018-05-19T10:23:17.234+0000: 706236.855: [GC 9797997K->2756634K(14540736K), 0.5718940 secs]
2018-05-19T10:23:26.894+0000: 706246.514: [GC 6153391K->2709252K(14470016K), 0.2906050 secs]
2018-05-19T10:23:27.184+0000: 706246.805: [Full GC 2709252K->1300946K(14470016K), 4.7044280 secs]
2018-05-19T10:23:47.359+0000: 706266.979: [GC 8366546K->1422740K(14535232K), 0.5296450 secs]
2018-05-19T10:24:08.060+0000: 706287.681: [GC 8473492K->1437606K(14535424K), 0.5472970 secs]
2018-05-19T10:24:28.721+0000: 706308.342: [GC 8488358K->1449745K(14539776K), 0.5017250 secs]
2018-05-19T10:24:50.152+0000: 706329.773: [GC 8506897K->1461610K(14537472K), 0.5039440 secs]
2018-05-19T10:25:10.999+0000: 706350.620: [GC 8518762K->1470796K(14543808K), 0.5095790 secs]
2018-05-19T10:25:31.679+0000: 706371.300: [GC 8536524K->1473257K(14542016K), 0.4580440 secs]
2018-05-19T10:25:52.305+0000: 706391.926: [GC 8538985K->1477555K(14545536K), 0.4687640 secs]
2018-05-19T10:26:15.566+0000: 706415.186: [GC 8548019K->1488686K(14545024K), 0.4739010 secs]
2018-05-19T10:26:38.159+0000: 706437.779: [GC 8559150K->1496970K(14548224K), 0.4897500 secs]
2018-05-19T10:26:56.864+0000: 706456.485: [GC 8572170K->1525158K(14545600K), 0.5936770 secs]
2018-05-19T10:27:18.330+0000: 706477.951: [GC 8600358K->1512327K(14544832K), 0.5270690 secs]
2018-05-19T10:27:40.696+0000: 706500.317: [GC 8582663K->1509129K(14545216K), 0.4538090 secs]
2018-05-19T10:27:59.328+0000: 706518.948: [GC 8579465K->1525683K(14547072K), 0.4887250 secs]
2018-05-19T10:29:13.675+0000: 706593.296: [GC 8598067K->1571581K(14545408K), 0.6966250 secs]
2018-05-19T10:30:50.520+0000: 706690.140: [GC 8643965K->1625031K(14475520K), 0.8404950 secs]
2018-05-19T10:32:09.733+0000: 706769.353: [GC 8625863K->1662120K(14498304K), 0.6927370 secs]
2018-05-19T10:32:32.523+0000: 706792.144: [GC 8662952K->1629247K(14504320K), 0.5333290 secs]
2018-05-19T10:32:53.852+0000: 706813.473: [GC 8615935K->1643747K(14502464K), 0.5727550 secs]
2018-05-19T10:33:16.860+0000: 706836.481: [GC 8630435K->1640598K(14509824K), 0.4987910 secs]
2018-05-19T10:33:40.033+0000: 706859.653: [GC 8638230K->1644765K(14507904K), 0.4761760 secs]
2018-05-19T10:34:04.605+0000: 706884.225: [GC 8642397K->1645342K(14511872K), 0.4477950 secs]
2018-05-19T10:34:26.168+0000: 706905.789: [GC 8648350K->1671225K(14511232K), 0.5299440 secs]
2018-05-19T10:34:44.544+0000: 706924.164: [GC 8674233K->1678878K(14520320K), 0.5348740 secs]
2018-05-19T10:35:06.307+0000: 706945.927: [GC 8695518K->1685401K(14516416K), 0.4807220 secs]
2018-05-19T10:35:27.132+0000: 706966.753: [GC 8702041K->1696629K(14527552K), 0.5324570 secs]
2018-05-19T10:35:47.333+0000: 706986.953: [GC 8727797K->1706083K(14523712K), 0.5910000 secs]
2018-05-19T10:36:07.458+0000: 707007.079: [GC 8737251K->1697693K(14531136K), 0.4821680 secs]
2018-05-19T10:36:29.049+0000: 707028.670: [GC 8738845K->1715558K(14530112K), 0.5224830 secs]
2018-05-19T10:36:50.830+0000: 707050.450: [GC 8756710K->1731373K(14534592K), 0.5735470 secs]
2018-05-19T10:37:14.091+0000: 707073.711: [GC 8780013K->1723548K(14534144K), 0.4912780 secs]
2018-05-19T10:37:35.156+0000: 707094.776: [GC 8772188K->1743404K(14536896K), 0.5416920 secs]
2018-05-19T10:37:53.348+0000: 707112.969: [GC 8795756K->1744131K(14535552K), 0.5001870 secs]
2018-05-19T10:38:14.088+0000: 707133.709: [GC 8796483K->1759541K(14540288K), 0.5430780 secs]
2018-05-19T10:38:34.427+0000: 707154.048: [GC 8818549K->1767553K(14538816K), 0.5960440 secs]
2018-05-19T10:38:57.423+0000: 707177.044: [GC 8826561K->1757121K(14541312K), 0.4685400 secs]
2018-05-19T10:39:17.720+0000: 707197.341: [GC 8819649K->1766714K(14541312K), 0.5021210 secs]
2018-05-19T10:39:38.137+0000: 707217.758: [GC 8829242K->1775834K(14543552K), 0.4883870 secs]
2018-05-19T10:40:00.732+0000: 707240.353: [GC 8841306K->1793828K(14542016K), 0.5497290 secs]
2018-05-19T10:40:23.057+0000: 707262.678: [GC 8859300K->1795792K(14545728K), 0.4680390 secs]
2018-05-19T10:40:43.100+0000: 707282.721: [GC 8865168K->1813141K(14543744K), 0.5912860 secs]
2018-05-19T10:41:09.853+0000: 707309.473: [GC 8882517K->1801850K(14544576K), 0.4782680 secs]
2018-05-19T10:41:30.645+0000: 707330.266: [GC 8870266K->1827619K(14529536K), 0.5828560 secs]
2018-05-19T10:41:49.228+0000: 707348.849: [GC 8896035K->1821280K(14545152K), 0.4833300 secs]
2018-05-19T10:42:09.613+0000: 707369.234: [GC 8890144K->1843538K(14533632K), 0.5749060 secs]
2018-05-19T10:42:29.703+0000: 707389.324: [GC 8912402K->1848922K(14542784K), 0.5765470 secs]
2018-05-19T10:42:50.514+0000: 707410.134: [GC 8914650K->1843738K(14542912K), 0.5389180 secs]
2018-05-19T10:43:11.323+0000: 707430.944: [GC 8909466K->1850431K(14545344K), 0.4794240 secs]
2018-05-19T10:43:32.324+0000: 707451.945: [GC 8919807K->1866972K(14544128K), 0.5473000 secs]
2018-05-19T10:43:54.859+0000: 707474.479: [GC 8936348K->1886581K(14539008K), 0.5173150 secs]
2018-05-19T10:44:15.590+0000: 707495.211: [GC 8951157K->1902288K(14542336K), 0.5547290 secs]
2018-05-19T10:44:34.023+0000: 707513.644: [GC 8966864K->1907001K(14544384K), 0.5424100 secs]
2018-05-19T10:44:54.204+0000: 707533.824: [GC 8973753K->1916349K(14542464K), 0.5223790 secs]
2018-05-19T10:45:15.371+0000: 707554.991: [GC 8983101K->1921752K(14547712K), 0.4815640 secs]
2018-05-19T10:45:36.098+0000: 707575.719: [GC 8995288K->1933298K(14545920K), 0.5027150 secs]
2018-05-19T10:45:55.516+0000: 707595.137: [GC 9006834K->1929801K(14548032K), 0.5183870 secs]
2018-05-19T10:46:17.782+0000: 707617.402: [GC 9005577K->1943300K(14547840K), 0.5238040 secs]
2018-05-19T10:46:39.443+0000: 707639.063: [GC 9019076K->1954508K(14550016K), 0.5643000 secs]
2018-05-19T10:46:59.942+0000: 707659.562: [GC 9033740K->1963757K(14549312K), 0.5996800 secs]
2018-05-19T10:47:20.732+0000: 707680.352: [GC 9042989K->1970222K(14550528K), 0.5744340 secs]
2018-05-19T10:47:43.770+0000: 707703.391: [GC 9050990K->1966196K(14527040K), 0.5211340 secs]
2018-05-19T10:48:04.606+0000: 707724.227: [GC 9046964K->1977936K(14550912K), 0.5306830 secs]
2018-05-19T10:48:25.678+0000: 707745.299: [GC 9058896K->1994265K(14542400K), 0.5423340 secs]
2018-05-19T10:48:47.378+0000: 707766.999: [GC 9075225K->1997103K(14550848K), 0.5292670 secs]
2018-05-19T10:49:08.323+0000: 707787.943: [GC 9077807K->2011656K(14549952K), 0.5944490 secs]
2018-05-19T10:49:30.143+0000: 707809.764: [GC 9092360K->2010729K(14550912K), 0.5458530 secs]
2018-05-19T10:49:49.961+0000: 707829.581: [GC 9091753K->2014476K(14550208K), 0.5299380 secs]
2018-05-19T10:50:11.266+0000: 707850.886: [GC 9095500K->2017439K(14551104K), 0.5080330 secs]
2018-05-19T10:50:32.165+0000: 707871.786: [GC 9099679K->2036845K(14542464K), 0.4955750 secs]
2018-05-19T10:50:55.195+0000: 707894.816: [GC 9119085K->2033143K(14550720K), 0.5348630 secs]
2018-05-19T10:51:16.464+0000: 707916.084: [GC 9114231K->2045813K(14550464K), 0.5518650 secs]
2018-05-19T10:51:36.999+0000: 707936.620: [GC 9126901K->2057219K(14552128K), 0.5721320 secs]
2018-05-19T10:51:56.656+0000: 707956.277: [GC 9141315K->2053111K(14552064K), 0.4989290 secs]
2018-05-19T10:52:17.088+0000: 707976.708: [GC 9137207K->2068353K(14552704K), 0.5414720 secs]
2018-05-19T10:52:39.017+0000: 707998.638: [GC 9153153K->2071650K(14552192K), 0.5406950 secs]
2018-05-19T10:52:58.884+0000: 708018.504: [GC 9156450K->2094650K(14540096K), 0.5835350 secs]
2018-05-19T10:53:19.279+0000: 708038.900: [GC 9168442K->2088601K(14546944K), 0.5109730 secs]
2018-05-19T10:53:38.721+0000: 708058.342: [GC 9162393K->2102397K(14548992K), 0.4949620 secs]
2018-05-19T10:54:00.215+0000: 708079.835: [GC 9178621K->2115144K(14547328K), 0.5483690 secs]
2018-05-19T10:54:20.856+0000: 708100.477: [GC 9191368K->2122872K(14549632K), 0.5570190 secs]
2018-05-19T10:54:39.495+0000: 708119.116: [GC 9201848K->2123021K(14549440K), 0.5034180 secs]
2018-05-19T10:55:03.970+0000: 708143.591: [GC 9201997K->2124791K(14548864K), 0.4440590 secs]
2018-05-19T10:55:29.805+0000: 708169.425: [GC 9203703K->2127057K(14516224K), 0.4458380 secs]
2018-05-19T10:55:49.681+0000: 708189.301: [GC 9205969K->2147832K(14549952K), 0.5222410 secs]
2018-05-19T10:56:11.776+0000: 708211.397: [GC 9225912K->2160429K(14548224K), 0.5146760 secs]
2018-05-19T10:56:34.401+0000: 708234.021: [GC 9238509K->2160829K(14551488K), 0.4853460 secs]
2018-05-19T10:56:56.683+0000: 708256.303: [GC 9242813K->2169470K(14550592K), 0.4918110 secs]
2018-05-19T10:57:18.863+0000: 708278.484: [GC 9251454K->2177440K(14553408K), 0.4967940 secs]
2018-05-19T10:57:39.997+0000: 708299.618: [GC 9263328K->2193736K(14552576K), 0.5642950 secs]
2018-05-19T10:58:02.121+0000: 708321.741: [GC 9279624K->2186679K(14552512K), 0.4784960 secs]
2018-05-19T10:58:24.705+0000: 708344.325: [GC 9272375K->2195522K(14552896K), 0.4851220 secs]
2018-05-19T10:58:43.918+0000: 708363.539: [GC 9281218K->2205289K(14554176K), 0.4708670 secs]
2018-05-19T10:59:05.415+0000: 708385.036: [GC 9292713K->2218280K(14553344K), 0.5107960 secs]
2018-05-19T10:59:26.725+0000: 708406.345: [GC 9305704K->2227864K(14554304K), 0.5274930 secs]
2018-05-19T10:59:48.604+0000: 708428.225: [GC 9317016K->2230102K(14554624K), 0.5035970 secs]
2018-05-19T11:00:09.839+0000: 708449.460: [GC 9319254K->2242722K(14555072K), 0.5142750 secs]
2018-05-19T11:00:31.326+0000: 708470.946: [GC 9333538K->2248923K(14555456K), 0.4746490 secs]
2018-05-19T11:00:52.287+0000: 708491.907: [GC 9339739K->2249074K(14555968K), 0.4762180 secs]
2018-05-19T11:01:13.010+0000: 708512.631: [GC 9341682K->2261660K(14556352K), 0.5009180 secs]
2018-05-19T11:01:34.087+0000: 708533.708: [GC 9354268K->2274725K(14557568K), 0.5367320 secs]
2018-05-19T11:01:56.074+0000: 708555.695: [GC 9369573K->2275946K(14557376K), 0.4969610 secs]
2018-05-19T11:02:16.674+0000: 708576.295: [GC 9370794K->2292945K(14555264K), 0.5470870 secs]
2018-05-19T11:02:42.451+0000: 708602.072: [GC 9386321K->2294434K(14556736K), 0.4951660 secs]
2018-05-19T11:03:05.029+0000: 708624.650: [GC 9387810K->2306101K(14555072K), 0.5591480 secs]
2018-05-19T11:03:25.966+0000: 708645.587: [GC 9398325K->2315591K(14548352K), 0.5646020 secs]
2018-05-19T11:03:45.025+0000: 708664.646: [GC 9407815K->2319789K(14556800K), 0.5279990 secs]
2018-05-19T11:04:08.483+0000: 708688.104: [GC 9412077K->2327505K(14555584K), 0.5144150 secs]
2018-05-19T11:04:28.207+0000: 708707.827: [GC 9419793K->2330474K(14557376K), 0.4725830 secs]
2018-05-19T11:04:49.089+0000: 708728.710: [GC 9425514K->2347893K(14549440K), 0.5320080 secs]
2018-05-19T11:05:19.848+0000: 708759.469: [GC 9442933K->2369686K(14541184K), 0.6491470 secs]
2018-05-19T11:07:30.547+0000: 708890.168: [GC 9448214K->2416311K(14549312K), 0.7323870 secs]
2018-05-19T11:08:10.734+0000: 708930.355: [GC 9494839K->2425069K(14516928K), 0.5799350 secs]
2018-05-19T11:08:47.810+0000: 708967.431: [GC 9471213K->2437455K(14533120K), 0.5688670 secs]
2018-05-19T11:09:37.463+0000: 709017.084: [GC 9483599K->2461834K(14524736K), 0.6518950 secs]
2018-05-19T11:10:12.729+0000: 709052.350: [GC 9500170K->2449911K(14529216K), 0.3389080 secs]
2018-05-19T11:10:30.800+0000: 709070.420: [GC 9488247K->2436338K(14527936K), 0.4079630 secs]
2018-05-19T11:11:15.438+0000: 709115.059: [GC 9475442K->2470698K(14529600K), 0.5584260 secs]
2018-05-19T11:11:51.326+0000: 709150.946: [GC 9509802K->2474960K(14533568K), 0.5257880 secs]
2018-05-19T11:12:34.353+0000: 709193.974: [GC 9520080K->2497430K(14531648K), 0.6219860 secs]
2018-05-19T11:13:14.683+0000: 709234.304: [GC 9542550K->2497434K(14535296K), 0.5680500 secs]
2018-05-19T11:13:33.270+0000: 709252.890: [GC 9545498K->2488081K(14532864K), 0.4601390 secs]
2018-05-19T11:13:53.322+0000: 709272.942: [GC 9536145K->2491284K(14533248K), 0.4401720 secs]
2018-05-19T11:14:15.337+0000: 709294.957: [GC 9539092K->2505877K(14533952K), 0.4939000 secs]
2018-05-19T11:14:32.466+0000: 709312.087: [GC 9553685K->2513741K(14536960K), 0.4735150 secs]
2018-05-19T11:14:49.510+0000: 709329.131: [GC 9565965K->2523169K(14535360K), 0.5043040 secs]
2018-05-19T11:15:12.313+0000: 709351.933: [GC 9575393K->2529126K(14540480K), 0.4956760 secs]
2018-05-19T11:15:30.123+0000: 709369.744: [GC 9588134K->2527777K(14538624K), 0.4344250 secs]
2018-05-19T11:15:52.350+0000: 709391.970: [GC 9586785K->2553346K(14540992K), 0.5700610 secs]
2018-05-19T11:16:09.676+0000: 709409.296: [GC 9614978K->2549796K(14540736K), 0.5279870 secs]
2018-05-19T11:16:30.688+0000: 709430.309: [GC 9611428K->2555038K(14544576K), 0.4991460 secs]
2018-05-19T11:17:27.532+0000: 709487.152: [GC 9622494K->2645357K(14542976K), 0.5513060 secs]
2018-05-19T11:18:12.520+0000: 709532.141: [GC 9712813K->2681932K(14458112K), 0.7596870 secs]
2018-05-19T11:19:14.057+0000: 709593.677: [GC 9662924K->2740946K(14500544K), 0.8182290 secs]
2018-05-19T11:20:18.456+0000: 709658.077: [GC 9721938K->2761796K(14421440K), 0.8757030 secs]
2018-05-19T11:20:46.236+0000: 709685.856: [GC 9663684K->2708796K(14460992K), 0.5354400 secs]
2018-05-19T11:21:04.786+0000: 709704.406: [GC 9610684K->2693505K(14465408K), 0.4417010 secs]
2018-05-19T11:22:12.698+0000: 709772.319: [GC 9603969K->2734228K(14465152K), 0.6171930 secs]
2018-05-19T11:22:31.900+0000: 709791.520: [GC 9644692K->2702122K(14472192K), 0.3931010 secs]
2018-05-19T11:22:53.328+0000: 709812.949: [GC 9627178K->2715365K(14472576K), 0.4258040 secs]
2018-05-19T11:23:15.940+0000: 709835.560: [GC 9640421K->2720359K(14477312K), 0.3946550 secs]
2018-05-19T11:23:31.899+0000: 709851.520: [GC 8282551K->2708216K(14474624K), 0.2981910 secs]
2018-05-19T11:23:32.198+0000: 709851.818: [Full GC 2708216K->1372973K(14474624K), 4.4923310 secs]
2018-05-19T11:24:34.451+0000: 709914.072: [GC 8304813K->1536563K(14457984K), 0.7709420 secs]
2018-05-19T11:25:31.581+0000: 709971.202: [GC 8450995K->1577429K(14441664K), 0.8846440 secs]
2018-05-19T11:26:16.477+0000: 710016.098: [GC 8491861K->1555318K(14450496K), 0.7533220 secs]
2018-05-19T11:26:35.436+0000: 710035.057: [GC 8437238K->1515385K(14451008K), 0.4822640 secs]
2018-05-19T11:26:52.118+0000: 710051.738: [GC 8397305K->1522388K(14462720K), 0.4662700 secs]
2018-05-19T11:27:40.675+0000: 710100.296: [GC 8421972K->1604933K(14421632K), 0.8986540 secs]
2018-05-19T11:28:46.251+0000: 710165.872: [GC 8504517K->1620835K(14428288K), 0.8670450 secs]
2018-05-19T11:29:41.661+0000: 710221.282: [GC 8479715K->1629605K(14387840K), 0.8182950 secs]
2018-05-19T11:30:17.568+0000: 710257.189: [GC 8488485K->1599790K(14437248K), 0.7041560 secs]
2018-05-19T11:30:35.234+0000: 710274.855: [GC 8447278K->1560771K(14430336K), 0.4665770 secs]
2018-05-19T11:30:53.474+0000: 710293.095: [GC 8408259K->1574493K(14446144K), 0.5073980 secs]
2018-05-19T11:31:13.502+0000: 710313.123: [GC 8441117K->1581804K(14440576K), 0.5046670 secs]
2018-05-19T11:31:33.129+0000: 710332.750: [GC 8448428K->1589868K(14458176K), 0.5211540 secs]
2018-05-19T11:31:52.466+0000: 710352.087: [GC 8480172K->1591165K(14452224K), 0.5265790 secs]
2018-05-19T11:32:10.178+0000: 710369.798: [GC 8481469K->1592601K(14467520K), 0.4813830 secs]
2018-05-19T11:32:27.142+0000: 710386.763: [GC 8503065K->1599222K(14463040K), 0.4875990 secs]
2018-05-19T11:32:49.167+0000: 710408.788: [GC 8509686K->1613301K(14479104K), 0.5220160 secs]
2018-05-19T11:33:07.247+0000: 710426.867: [GC 8544885K->1611341K(14472576K), 0.4844920 secs]
2018-05-19T11:33:39.342+0000: 710458.963: [GC 8542925K->1649366K(14485312K), 0.6687480 secs]
2018-05-19T11:34:33.826+0000: 710513.447: [GC 8598166K->1714049K(14483584K), 1.0204830 secs]
2018-05-19T11:35:36.146+0000: 710575.766: [GC 8662849K->1721183K(14415104K), 0.8466300 secs]
2018-05-19T11:36:32.174+0000: 710631.795: [GC 8599775K->1728505K(14408896K), 0.8734050 secs]
2018-05-19T11:36:53.333+0000: 710652.953: [GC 8607097K->1651665K(14441600K), 0.4074810 secs]
2018-05-19T11:37:10.876+0000: 710670.497: [GC 8512081K->1661690K(14438912K), 0.4536060 secs]
2018-05-19T11:37:34.676+0000: 710694.297: [GC 8522106K->1675910K(14452096K), 0.5687060 secs]
2018-05-19T11:37:52.325+0000: 710711.945: [GC 8553734K->1674492K(14445824K), 0.4847290 secs]
2018-05-19T11:38:14.584+0000: 710734.205: [GC 8552316K->1693320K(14463616K), 0.5005280 secs]
2018-05-19T11:39:16.913+0000: 710796.534: [GC 8593544K->1780400K(14433856K), 0.9224560 secs]
2018-05-19T11:40:09.306+0000: 710848.927: [GC 8680624K->1785021K(14430016K), 0.8145260 secs]
2018-05-19T11:41:10.691+0000: 710910.311: [GC 8643133K->1789942K(14379520K), 0.7600180 secs]
2018-05-19T11:42:11.507+0000: 710971.127: [GC 8648054K->1805142K(14423680K), 0.8350870 secs]
2018-05-19T11:43:05.866+0000: 711025.486: [GC 8642518K->1816662K(14362112K), 0.8962380 secs]
2018-05-19T11:44:19.443+0000: 711099.064: [GC 8654038K->1826300K(14419392K), 0.9567450 secs]
2018-05-19T11:45:29.020+0000: 711168.641: [GC 8651004K->1827368K(14422400K), 0.8423380 secs]
2018-05-19T11:46:17.690+0000: 711217.311: [GC 8652072K->1839039K(14426240K), 0.8434000 secs]
2018-05-19T11:46:38.935+0000: 711238.556: [GC 8670015K->1778330K(14424832K), 0.4955750 secs]
2018-05-19T11:46:55.113+0000: 711254.734: [GC 8609306K->1788274K(14428544K), 0.5255560 secs]
2018-05-19T11:47:16.531+0000: 711276.152: [GC 8623346K->1800247K(14426624K), 0.5161070 secs]
2018-05-19T11:47:33.070+0000: 711292.691: [GC 8635319K->1799452K(14435648K), 0.5109860 secs]
2018-05-19T11:47:49.939+0000: 711309.560: [GC 8647516K->1801556K(14432512K), 0.4415850 secs]
2018-05-19T11:48:46.600+0000: 711366.221: [GC 8649620K->1894050K(14424512K), 0.9000160 secs]
2018-05-19T11:49:06.129+0000: 711385.750: [GC 8737314K->1821536K(14431680K), 0.4393750 secs]
2018-05-19T11:49:23.514+0000: 711403.135: [GC 8664800K->1831244K(14439680K), 0.4873590 secs]
2018-05-19T11:49:44.841+0000: 711424.461: [GC 8685900K->1845906K(14435072K), 0.5332570 secs]
2018-05-19T11:50:01.689+0000: 711441.309: [GC 8700562K->1838495K(14450368K), 0.4157770 secs]
2018-05-19T11:50:25.802+0000: 711465.422: [GC 8714975K->1866153K(14446208K), 0.5119620 secs]
2018-05-19T11:50:45.759+0000: 711485.379: [GC 8742633K->1861912K(14464512K), 0.5049340 secs]
2018-05-19T11:51:03.091+0000: 711502.712: [GC 8765208K->1863100K(14458880K), 0.4655550 secs]
2018-05-19T11:51:25.191+0000: 711524.812: [GC 8766396K->1876005K(14475584K), 0.4847550 secs]
2018-05-19T11:51:42.766+0000: 711542.387: [GC 8800997K->1877781K(14469504K), 0.4642400 secs]
2018-05-19T11:52:45.795+0000: 711605.416: [GC 8802773K->1976720K(14441664K), 0.7905110 secs]
2018-05-19T11:53:55.303+0000: 711674.924: [GC 8878480K->1991113K(14435712K), 0.9628160 secs]
2018-05-19T11:54:22.581+0000: 711702.201: [GC 8892873K->1915892K(14450048K), 0.4860500 secs]
2018-05-19T11:54:40.194+0000: 711719.814: [GC 8791156K->1919314K(14445312K), 0.4566250 secs]
2018-05-19T11:55:01.201+0000: 711740.822: [GC 8794578K->1937689K(14460480K), 0.4944760 secs]
2018-05-19T11:55:19.849+0000: 711759.470: [GC 8832089K->1934171K(14454016K), 0.3876480 secs]
2018-05-19T11:55:42.048+0000: 711781.669: [GC 8828571K->1949793K(14471232K), 0.5227280 secs]
2018-05-19T11:55:59.832+0000: 711799.453: [GC 8865761K->1943705K(14464832K), 0.4183310 secs]
2018-05-19T11:56:18.382+0000: 711818.003: [GC 8859673K->1950403K(14479488K), 0.4195540 secs]
2018-05-19T11:57:05.368+0000: 711864.989: [GC 8884867K->2033775K(14442944K), 0.8181550 secs]
2018-05-19T11:58:05.670+0000: 711925.290: [GC 8968239K->2061548K(14437376K), 0.9692660 secs]
2018-05-19T11:58:56.228+0000: 711975.849: [GC 8946924K->2071934K(14412800K), 0.8854920 secs]
2018-05-19T11:59:53.165+0000: 712032.786: [GC 8957310K->2083680K(14422592K), 0.9384540 secs]
2018-05-19T12:00:44.392+0000: 712084.013: [GC 8926432K->2096155K(14366848K), 0.7845440 secs]
2018-05-19T12:01:24.284+0000: 712123.905: [GC 8938907K->2085390K(14431296K), 0.7379210 secs]
2018-05-19T12:01:41.582+0000: 712141.203: [GC 8921934K->2045121K(14425344K), 0.4844990 secs]
2018-05-19T12:01:59.397+0000: 712159.018: [GC 8881665K->2063693K(14441024K), 0.5529410 secs]
2018-05-19T12:02:41.519+0000: 712201.140: [GC 8919373K->2129243K(14434752K), 0.8654490 secs]
2018-05-19T12:03:33.711+0000: 712253.332: [GC 8984923K->2144618K(14428608K), 0.7550660 secs]
2018-05-19T12:04:25.825+0000: 712305.446: [GC 8990826K->2153109K(14365568K), 0.8805540 secs]
2018-05-19T12:05:25.711+0000: 712365.332: [GC 8999317K->2158555K(14431552K), 0.7451510 secs]
2018-05-19T12:06:26.190+0000: 712425.811: [GC 9000539K->2153641K(14430528K), 0.7761770 secs]
2018-05-19T12:07:24.474+0000: 712484.095: [GC 8995625K->2189576K(14435648K), 0.8286700 secs]
2018-05-19T12:08:14.258+0000: 712533.878: [GC 9044232K->2189328K(14437376K), 0.8011180 secs]
2018-05-19T12:09:01.202+0000: 712580.823: [GC 9043984K->2203043K(14442304K), 0.7874480 secs]
2018-05-19T12:09:51.690+0000: 712631.311: [GC 9065507K->2221186K(14440256K), 0.7275460 secs]
2018-05-19T12:10:23.593+0000: 712663.214: [GC 9083650K->2180189K(14443456K), 0.4478420 secs]
2018-05-19T12:10:40.330+0000: 712679.951: [GC 9049821K->2187506K(14305024K), 0.4078590 secs]
2018-05-19T12:11:23.816+0000: 712723.437: [GC 9057138K->2245089K(14451200K), 0.6373090 secs]
2018-05-19T12:12:20.895+0000: 712780.516: [GC 9119393K->2299299K(14443200K), 0.8395680 secs]
2018-05-19T12:13:03.579+0000: 712823.200: [GC 9173603K->2320140K(14440064K), 0.8508460 secs]
2018-05-19T12:13:50.268+0000: 712869.889: [GC 9186828K->2343387K(14392768K), 0.8482510 secs]
2018-05-19T12:14:22.790+0000: 712902.411: [GC 9210075K->2308874K(14443712K), 0.5639930 secs]
2018-05-19T12:14:41.028+0000: 712920.649: [GC 9172234K->2302377K(14439744K), 0.5005240 secs]
2018-05-19T12:15:12.509+0000: 712952.130: [GC 9165737K->2326045K(14447552K), 0.5645660 secs]
2018-05-19T12:15:56.998+0000: 712996.619: [GC 9197469K->2398800K(14391616K), 0.8475330 secs]
2018-05-19T12:16:44.247+0000: 713043.868: [GC 9270224K->2426562K(14430528K), 0.8651410 secs]
2018-05-19T12:17:27.317+0000: 713086.937: [GC 9280706K->2426966K(14437120K), 0.7846640 secs]
2018-05-19T12:17:46.149+0000: 713105.769: [GC 9281110K->2390993K(14440000K), 0.5382150 secs]
2018-05-19T12:18:05.940+0000: 713125.561: [GC 9250065K->2400497K(14439168K), 0.4549960 secs]
2018-05-19T12:18:45.491+0000: 713165.112: [GC 9259569K->2477798K(14441152K), 0.8118910 secs]
2018-05-19T12:19:36.931+0000: 713216.551: [GC 9340518K->2515921K(14395520K), 0.8916200 secs]
2018-05-19T12:20:28.888+0000: 713268.509: [GC 9378641K->2512262K(14435456K), 0.7846250 secs]
2018-05-19T12:20:52.561+0000: 713292.182: [GC 9361990K->2478069K(14434368K), 0.5490530 secs]
2018-05-19T12:21:13.033+0000: 713312.654: [GC 9327797K->2493678K(14441920K), 0.5181960 secs]
2018-05-19T12:21:30.238+0000: 713329.858: [GC 9353774K->2504984K(14438272K), 0.5523610 secs]
2018-05-19T12:21:51.525+0000: 713351.146: [GC 9365080K->2508693K(14448128K), 0.4694930 secs]
2018-05-19T12:22:11.914+0000: 713371.534: [GC 9381781K->2535541K(14445056K), 0.5714870 secs]
2018-05-19T12:22:29.904+0000: 713389.524: [GC 9408629K->2539831K(14457728K), 0.5208830 secs]
2018-05-19T12:22:50.726+0000: 713410.347: [GC 9431351K->2556845K(14453888K), 0.5158280 secs]
2018-05-19T12:23:20.053+0000: 713439.674: [GC 9448365K->2585366K(14469760K), 0.5981710 secs]
2018-05-19T12:23:36.700+0000: 713456.321: [GC 8297775K->2569211K(14462208K), 0.4699950 secs]
2018-05-19T12:23:37.171+0000: 713456.791: [Full GC 2569211K->1354654K(14462208K), 4.2244270 secs]
2018-05-19T12:23:56.028+0000: 713475.649: [GC 8266526K->1485343K(14478528K), 0.6051590 secs]
2018-05-19T12:24:15.272+0000: 713494.893: [GC 8414687K->1492996K(14470912K), 0.5260650 secs]
2018-05-19T12:24:36.003+0000: 713515.624: [GC 8422340K->1512875K(14488960K), 0.5541870 secs]
2018-05-19T12:24:53.018+0000: 713532.638: [GC 8465195K->1524302K(14483456K), 0.5618750 secs]
2018-05-19T12:25:12.688+0000: 713552.309: [GC 8476622K->1544512K(14498816K), 0.5251150 secs]
2018-05-19T12:25:32.892+0000: 713572.512: [GC 8516736K->1565535K(14493504K), 0.5564210 secs]
2018-05-19T12:25:52.477+0000: 713592.097: [GC 8537759K->1565858K(14505600K), 0.5386090 secs]
2018-05-19T12:26:12.634+0000: 713612.255: [GC 8554914K->1590241K(14503552K), 0.5659130 secs]
2018-05-19T12:26:33.449+0000: 713633.070: [GC 8579297K->1608226K(14513600K), 0.5606960 secs]
2018-05-19T12:26:53.941+0000: 713653.561: [GC 8611298K->1615368K(14509568K), 0.5557400 secs]
2018-05-19T12:27:12.820+0000: 713672.440: [GC 8618440K->1618544K(14517184K), 0.5139470 secs]
2018-05-19T12:27:33.376+0000: 713692.997: [GC 8631664K->1629276K(14516032K), 0.5081110 secs]
2018-05-19T12:27:56.193+0000: 713715.814: [GC 8642396K->1632418K(14519616K), 0.4621410 secs]
2018-05-19T12:28:13.974+0000: 713733.595: [GC 8650658K->1656672K(14518720K), 0.5920260 secs]
2018-05-19T12:28:34.115+0000: 713753.736: [GC 8674912K->1648958K(14524672K), 0.4890970 secs]
2018-05-19T12:28:57.791+0000: 713777.411: [GC 8677054K->1673868K(14523520K), 0.5785950 secs]
2018-05-19T12:29:21.778+0000: 713801.399: [GC 8701964K->1667556K(14527808K), 0.5124860 secs]
2018-05-19T12:29:42.891+0000: 713822.512: [GC 8701476K->1681307K(14526208K), 0.5269710 secs]
2018-05-19T12:30:04.694+0000: 713844.315: [GC 8715227K->1698014K(14530432K), 0.5972630 secs]
2018-05-19T12:30:23.150+0000: 713862.771: [GC 8739166K->1687349K(14530624K), 0.4669400 secs]
2018-05-19T12:30:40.952+0000: 713880.572: [GC 8728501K->1687269K(14531840K), 0.4282340 secs]
2018-05-19T12:31:03.852+0000: 713903.473: [GC 8730661K->1711191K(14531648K), 0.5978850 secs]
2018-05-19T12:32:04.712+0000: 713964.333: [GC 8754583K->1792056K(14477952K), 0.9923980 secs]
2018-05-19T12:33:03.144+0000: 714022.765: [GC 8783800K->1848935K(14505920K), 0.8483100 secs]
2018-05-19T12:33:57.912+0000: 714077.532: [GC 8840679K->1876151K(14420672K), 0.9357410 secs]
2018-05-19T12:34:55.564+0000: 714135.184: [GC 8782649K->1907322K(14439808K), 0.8204320 secs]
2018-05-19T12:35:46.326+0000: 714185.947: [GC 8813818K->1910174K(14438720K), 0.8814250 secs]
2018-05-19T12:36:05.674+0000: 714205.295: [GC 8780062K->1840120K(14444992K), 0.4663770 secs]
2018-05-19T12:36:22.803+0000: 714222.423: [GC 8710008K->1848349K(14447296K), 0.4567740 secs]
2018-05-19T12:36:43.530+0000: 714243.151: [GC 8721181K->1870456K(14445632K), 0.5612460 secs]
2018-05-19T12:37:02.471+0000: 714262.092: [GC 8743288K->1864883K(14456000K), 0.4846440 secs]
2018-05-19T12:37:20.230+0000: 714279.851: [GC 8753587K->1866197K(14452800K), 0.4837740 secs]
2018-05-19T12:37:39.919+0000: 714299.540: [GC 8754901K->1872937K(14463296K), 0.4637220 secs]
2018-05-19T12:37:57.758+0000: 714317.379: [GC 8775273K->1872174K(14459136K), 0.4249970 secs]
2018-05-19T12:38:32.711+0000: 714352.332: [GC 8774510K->1937632K(14463168K), 0.7539390 secs]
2018-05-19T12:39:10.083+0000: 714389.704: [GC 8847072K->1937609K(14464768K), 0.6682360 secs]
2018-05-19T12:39:28.287+0000: 714407.908: [GC 8847049K->1900678K(14470336K), 0.4527970 secs]
2018-05-19T12:39:53.537+0000: 714433.158: [GC 8819078K->1932624K(14468160K), 0.5566260 secs]
2018-05-19T12:40:52.591+0000: 714492.211: [GC 8851024K->2013018K(14444224K), 0.9258260 secs]
2018-05-19T12:41:46.055+0000: 714545.676: [GC 8915162K->2022995K(14433728K), 0.9277980 secs]
2018-05-19T12:42:45.468+0000: 714605.088: [GC 8925139K->2033146K(14428224K), 0.9243560 secs]
2018-05-19T12:43:12.966+0000: 714632.587: [GC 8889082K->1973804K(14438016K), 0.5513240 secs]
2018-05-19T12:43:31.096+0000: 714650.717: [GC 8829740K->1967194K(14447040K), 0.4802670 secs]
2018-05-19T12:43:51.769+0000: 714671.390: [GC 8837914K->1982003K(14443776K), 0.5010170 secs]
2018-05-19T12:44:09.553+0000: 714689.174: [GC 8852723K->1993573K(14458560K), 0.5671280 secs]
2018-05-19T12:44:26.879+0000: 714706.500: [GC 8884453K->1989163K(14452416K), 0.4910510 secs]
2018-05-19T12:45:05.005+0000: 714744.626: [GC 8880043K->2059349K(14451776K), 0.7600560 secs]
2018-05-19T12:46:08.078+0000: 714807.699: [GC 8953941K->2084924K(14421248K), 0.9466520 secs]
2018-05-19T12:47:00.337+0000: 714859.958: [GC 8979516K->2086486K(14439104K), 0.8913510 secs]
2018-05-19T12:47:20.140+0000: 714879.760: [GC 8952150K->2020118K(14442880K), 0.4788230 secs]
2018-05-19T12:47:37.603+0000: 714897.223: [GC 8885782K->2032304K(14448512K), 0.4917890 secs]
2018-05-19T12:48:41.870+0000: 714961.490: [GC 8905520K->2105127K(14444800K), 0.8256400 secs]
2018-05-19T12:49:36.088+0000: 715015.708: [GC 8978343K->2139539K(14425536K), 0.9586640 secs]
2018-05-19T12:50:43.886+0000: 715083.507: [GC 8989971K->2146957K(14380480K), 0.9878180 secs]
2018-05-19T12:52:04.191+0000: 715163.812: [GC 8997389K->2153349K(14420736K), 0.9310190 secs]
2018-05-19T12:54:55.400+0000: 715335.021: [GC 8982149K->2157521K(14424448K), 0.8029690 secs]
2018-05-19T12:55:20.291+0000: 715359.912: [GC 8986321K->2106173K(14427776K), 0.4771560 secs]
2018-05-19T12:55:46.100+0000: 715385.720: [GC 8938749K->2109311K(14424896K), 0.5265300 secs]
2018-05-19T12:56:10.358+0000: 715409.979: [GC 8941887K->2119358K(14434432K), 0.4995510 secs]
2018-05-19T12:56:45.224+0000: 715444.845: [GC 8964158K->2151756K(14430464K), 0.6041760 secs]
2018-05-19T12:57:08.247+0000: 715467.868: [GC 8996556K->2136106K(14447232K), 0.5269980 secs]
2018-05-19T12:57:29.167+0000: 715488.787: [GC 9006250K->2139891K(14443008K), 0.4894920 secs]
2018-05-19T12:57:54.296+0000: 715513.917: [GC 9010035K->2140432K(14454528K), 0.4514950 secs]
2018-05-19T12:58:20.304+0000: 715539.924: [GC 9026128K->2150111K(14451264K), 0.4610470 secs]
2018-05-19T12:58:46.218+0000: 715565.839: [GC 9035807K->2152163K(14462784K), 0.4661990 secs]
2018-05-19T12:59:15.969+0000: 715595.590: [GC 9053603K->2160096K(14458752K), 0.5031260 secs]
2018-05-19T12:59:36.804+0000: 715616.425: [GC 9061536K->2180105K(14474624K), 0.5176740 secs]
2018-05-19T12:59:59.665+0000: 715639.286: [GC 9102089K->2189684K(14467456K), 0.4926760 secs]
2018-05-19T13:00:21.900+0000: 715661.520: [GC 9111668K->2201393K(14489600K), 0.5525330 secs]
2018-05-19T13:00:41.891+0000: 715681.512: [GC 9152753K->2195328K(14481856K), 0.4876360 secs]
2018-05-19T13:01:06.156+0000: 715705.777: [GC 9146688K->2217947K(14499520K), 0.5856210 secs]
2018-05-19T13:01:25.519+0000: 715725.139: [GC 9191131K->2229261K(14493760K), 0.6132110 secs]
2018-05-19T13:01:47.254+0000: 715746.874: [GC 9202445K->2219167K(14507456K), 0.4994720 secs]
2018-05-19T13:02:11.742+0000: 715771.363: [GC 9210847K->2223111K(14504320K), 0.4920970 secs]
2018-05-19T13:02:32.405+0000: 715792.026: [GC 9214791K->2241482K(14514816K), 0.5120420 secs]
2018-05-19T13:02:53.878+0000: 715813.498: [GC 9246218K->2259517K(14510016K), 0.5740980 secs]
2018-05-19T13:03:14.076+0000: 715833.697: [GC 9264253K->2251868K(14520192K), 0.5366530 secs]
2018-05-19T13:03:36.309+0000: 715855.930: [GC 9268444K->2257170K(14516480K), 0.5233210 secs]
2018-05-19T13:03:59.089+0000: 715878.709: [GC 9273746K->2268417K(14527424K), 0.5337980 secs]
2018-05-19T13:04:21.379+0000: 715901.000: [GC 9299137K->2278509K(14523392K), 0.5991690 secs]
2018-05-19T13:04:41.220+0000: 715920.841: [GC 9309229K->2277243K(14532480K), 0.5527160 secs]
2018-05-19T13:05:04.103+0000: 715943.724: [GC 9319547K->2286562K(14529920K), 0.5098800 secs]
2018-05-19T13:05:27.574+0000: 715967.194: [GC 9328866K->2282489K(14536832K), 0.4897080 secs]
2018-05-19T13:05:46.653+0000: 715986.273: [GC 9334841K->2285186K(14535616K), 0.4981630 secs]
2018-05-19T13:06:03.787+0000: 716003.408: [GC 9337538K->2285935K(14538048K), 0.4776310 secs]
2018-05-19T13:06:30.407+0000: 716030.028: [GC 9341679K->2308674K(14537792K), 0.5214780 secs]
2018-05-19T13:06:48.406+0000: 716048.027: [GC 9364418K->2293355K(14537856K), 0.4296030 secs]
2018-05-19T13:07:00.150+0000: 716059.770: [GC 9350379K->2293181K(14483712K), 0.2372060 secs]
2018-05-19T13:07:21.236+0000: 716080.857: [GC 9350205K->2328064K(14538816K), 0.5196800 secs]
2018-05-19T13:07:47.887+0000: 716107.508: [GC 9384448K->2338320K(14537664K), 0.5302150 secs]
2018-05-19T13:08:13.287+0000: 716132.908: [GC 9394704K->2352056K(14538496K), 0.5366770 secs]
2018-05-19T13:09:12.121+0000: 716191.742: [GC 9410744K->2439772K(14539392K), 1.0328820 secs]
2018-05-19T13:10:08.963+0000: 716248.584: [GC 9498460K->2501846K(14422912K), 0.8976760 secs]
2018-05-19T13:11:08.048+0000: 716307.669: [GC 9444054K->2565903K(14474240K), 0.9950830 secs]
2018-05-19T13:11:35.350+0000: 716334.971: [GC 9508111K->2493557K(14462976K), 0.5287510 secs]
2018-05-19T13:11:53.145+0000: 716352.766: [GC 9410677K->2487649K(14468608K), 0.4846260 secs]
2018-05-19T13:12:17.130+0000: 716376.751: [GC 9404769K->2500594K(14473920K), 0.5041280 secs]
2018-05-19T13:12:36.261+0000: 716395.881: [GC 9424626K->2501216K(14470208K), 0.4645270 secs]
2018-05-19T13:13:09.501+0000: 716429.122: [GC 9425248K->2532777K(14484224K), 0.5836610 secs]
2018-05-19T13:13:54.157+0000: 716473.777: [GC 9473833K->2569833K(14476928K), 0.3542110 secs]
2018-05-19T13:14:52.662+0000: 716532.283: [GC 9510889K->2606191K(14459840K), 0.8418760 secs]
2018-05-19T13:15:59.428+0000: 716599.048: [GC 9527535K->2628216K(14450880K), 0.9432290 secs]
2018-05-19T13:16:30.042+0000: 716629.663: [GC 9549560K->2575188K(14463616K), 0.6005600 secs]
2018-05-19T13:17:13.423+0000: 716673.044: [GC 9475348K->2590827K(14456640K), 0.6356490 secs]
2018-05-19T13:17:24.086+0000: 716683.707: [GC 9490987K->2545079K(14465728K), 0.3475730 secs]
2018-05-19T13:17:41.658+0000: 716701.279: [GC 9461815K->2573853K(14468416K), 0.4477870 secs]
2018-05-19T13:18:46.193+0000: 716765.814: [GC 9490589K->2633526K(14468800K), 0.6803910 secs]
2018-05-19T13:19:07.108+0000: 716786.729: [GC 9553590K->2598416K(14470080K), 0.4772830 secs]
2018-05-19T13:19:24.372+0000: 716803.993: [GC 9518480K->2603218K(14477504K), 0.4580390 secs]
2018-05-19T13:19:47.167+0000: 716826.787: [GC 9534482K->2614477K(14473856K), 0.4811330 secs]
2018-05-19T13:20:03.553+0000: 716843.174: [GC 9545741K->2626234K(14487936K), 0.4753440 secs]
2018-05-19T13:20:27.673+0000: 716867.294: [GC 9576506K->2632765K(14482432K), 0.4779240 secs]
2018-05-19T13:20:45.830+0000: 716885.451: [GC 9583037K->2643229K(14499392K), 0.5331170 secs]
2018-05-19T13:21:02.888+0000: 716902.508: [GC 9616221K->2642211K(14493696K), 0.5117470 secs]
2018-05-19T13:21:27.214+0000: 716926.834: [GC 9615203K->2651420K(14508096K), 0.5026770 secs]
2018-05-19T13:21:44.510+0000: 716944.131: [GC 9642844K->2655825K(14503424K), 0.4929880 secs]
2018-05-19T13:22:05.500+0000: 716965.121: [GC 9647249K->2664060K(14515520K), 0.4979840 secs]
2018-05-19T13:22:18.938+0000: 716978.558: [GC 9671036K->2653274K(14511552K), 0.3950290 secs]
2018-05-19T13:22:34.636+0000: 716994.257: [GC 9660250K->2656607K(14517888K), 0.4160760 secs]
2018-05-19T13:22:48.892+0000: 717008.512: [GC 9670815K->2657737K(14516416K), 0.4089420 secs]
2018-05-19T13:23:07.283+0000: 717026.903: [GC 9671945K->2675254K(14522752K), 0.4790720 secs]
2018-05-19T13:23:27.533+0000: 717047.154: [GC 9696950K->2680778K(14519040K), 0.4627650 secs]
2018-05-19T13:23:41.405+0000: 717061.026: [GC 5934592K->2653467K(14521728K), 0.2972900 secs]
2018-05-19T13:23:41.703+0000: 717061.324: [Full GC 2653467K->1339832K(14521728K), 4.0617620 secs]
2018-05-19T13:24:52.169+0000: 717131.789: [GC 8367800K->1535208K(14524032K), 0.8579670 secs]
2018-05-19T13:25:59.801+0000: 717199.422: [GC 8563176K->1586089K(14408576K), 1.0231430 secs]
2018-05-19T13:27:16.070+0000: 717275.691: [GC 8498601K->1628065K(14440384K), 0.9301710 secs]
2018-05-19T13:27:58.058+0000: 717317.679: [GC 8540577K->1566375K(14458816K), 0.5309060 secs]
2018-05-19T13:28:17.521+0000: 717337.142: [GC 8455655K->1565591K(14450560K), 0.4888670 secs]
2018-05-19T13:28:52.132+0000: 717371.753: [GC 8454871K->1609993K(14468288K), 0.6852780 secs]
2018-05-19T13:29:59.742+0000: 717439.363: [GC 8522569K->1672249K(14444416K), 0.8477260 secs]
2018-05-19T13:30:58.024+0000: 717497.645: [GC 8584825K->1682508K(14427520K), 0.9377440 secs]
2018-05-19T13:31:59.320+0000: 717558.941: [GC 8542028K->1693224K(14388544K), 0.9816150 secs]
2018-05-19T13:32:48.108+0000: 717607.729: [GC 8552744K->1676887K(14433728K), 0.7813460 secs]
2018-05-19T13:33:09.818+0000: 717629.438: [GC 8521431K->1626654K(14430912K), 0.4844420 secs]
2018-05-19T13:33:42.997+0000: 717662.618: [GC 8471198K->1645443K(14443008K), 0.5697370 secs]
2018-05-19T13:34:02.744+0000: 717682.365: [GC 8505155K->1630901K(14436800K), 0.4478560 secs]
2018-05-19T13:34:22.752+0000: 717702.373: [GC 8490613K->1651086K(14450688K), 0.4982390 secs]
2018-05-19T13:34:42.967+0000: 717722.588: [GC 8526990K->1656369K(14445312K), 0.4952150 secs]
2018-05-19T13:35:03.301+0000: 717742.922: [GC 8532273K->1652107K(14459328K), 0.4045720 secs]
2018-05-19T13:36:20.335+0000: 717819.956: [GC 8547403K->1730970K(14398912K), 0.7943340 secs]
2018-05-19T13:36:46.099+0000: 717845.720: [GC 8626266K->1677401K(14459200K), 0.4858290 secs]
2018-05-19T13:37:08.832+0000: 717868.453: [GC 8570969K->1696349K(14454464K), 0.5173080 secs]
2018-05-19T13:37:33.364+0000: 717892.985: [GC 8589917K->1701426K(14473344K), 0.5345270 secs]
2018-05-19T13:37:56.673+0000: 717916.294: [GC 8621234K->1704825K(14466560K), 0.5017620 secs]
2018-05-19T13:38:19.008+0000: 717938.628: [GC 8624633K->1719537K(14486656K), 0.5462310 secs]
2018-05-19T13:38:40.642+0000: 717960.262: [GC 8665521K->1719034K(14479424K), 0.5415580 secs]
2018-05-19T13:39:01.414+0000: 717981.035: [GC 8665018K->1717864K(14496320K), 0.4976950 secs]
2018-05-19T13:39:23.572+0000: 718003.192: [GC 8686248K->1731713K(14492160K), 0.5070850 secs]
2018-05-19T13:39:45.457+0000: 718025.078: [GC 8700097K->1741046K(14507328K), 0.5205720 secs]
2018-05-19T13:40:08.305+0000: 718047.926: [GC 8729910K->1746704K(14501632K), 0.5025950 secs]
2018-05-19T13:40:28.142+0000: 718067.762: [GC 8735568K->1749446K(14516352K), 0.5143980 secs]
2018-05-19T13:40:49.939+0000: 718089.560: [GC 8758278K->1751639K(14512576K), 0.4582100 secs]
2018-05-19T13:41:12.459+0000: 718112.079: [GC 8760471K->1769041K(14522880K), 0.5222490 secs]
2018-05-19T13:41:35.683+0000: 718135.304: [GC 8791057K->1762193K(14519232K), 0.5093030 secs]
2018-05-19T13:41:59.327+0000: 718158.948: [GC 8784209K->1770738K(14527552K), 0.5151280 secs]
2018-05-19T13:42:21.115+0000: 718180.736: [GC 8803186K->1784509K(14524992K), 0.5516440 secs]
2018-05-19T13:42:43.745+0000: 718203.365: [GC 8816957K->1773905K(14531968K), 0.4563670 secs]
2018-05-19T13:43:07.337+0000: 718226.958: [GC 8817169K->1781417K(14531392K), 0.4608890 secs]
2018-05-19T13:43:31.280+0000: 718250.901: [GC 8824681K->1788582K(14534848K), 0.4583070 secs]
2018-05-19T13:43:53.254+0000: 718272.875: [GC 8836710K->1806406K(14533376K), 0.5085700 secs]
2018-05-19T13:44:23.912+0000: 718303.533: [GC 8854534K->1829767K(14531776K), 0.5979650 secs]
2018-05-19T13:44:45.453+0000: 718325.074: [GC 8879495K->1819829K(14534912K), 0.5294520 secs]
2018-05-19T13:45:11.933+0000: 718351.554: [GC 8869557K->1830167K(14540416K), 0.4912460 secs]
2018-05-19T13:45:33.542+0000: 718373.163: [GC 8887767K->1826885K(14537280K), 0.4387290 secs]
2018-05-19T13:45:55.606+0000: 718395.226: [GC 8884485K->1836397K(14543360K), 0.4781730 secs]
2018-05-19T13:46:19.585+0000: 718419.206: [GC 8901101K->1863225K(14530752K), 0.5995880 secs]
2018-05-19T13:46:40.616+0000: 718440.237: [GC 8927929K->1853335K(14542016K), 0.4774050 secs]
2018-05-19T13:47:02.582+0000: 718462.202: [GC 8915095K->1873342K(14539840K), 0.5691450 secs]
2018-05-19T13:47:27.199+0000: 718486.819: [GC 8935102K->1862270K(14542336K), 0.4998980 secs]
2018-05-19T13:47:48.006+0000: 718507.627: [GC 8925566K->1870225K(14541056K), 0.5124520 secs]
2018-05-19T13:48:09.873+0000: 718529.493: [GC 8933521K->1881682K(14546432K), 0.5127210 secs]
2018-05-19T13:48:33.698+0000: 718553.319: [GC 8951890K->1886605K(14543872K), 0.4709330 secs]
2018-05-19T13:48:55.140+0000: 718574.761: [GC 8956813K->1910269K(14541120K), 0.6177080 secs]
2018-05-19T13:49:15.653+0000: 718595.273: [GC 8979581K->1916463K(14534656K), 0.6240580 secs]
2018-05-19T13:49:41.202+0000: 718620.822: [GC 8985775K->1890019K(14540608K), 0.4260670 secs]
2018-05-19T13:50:05.955+0000: 718645.576: [GC 8952419K->1903990K(14541248K), 0.4108590 secs]
2018-05-19T13:50:30.939+0000: 718670.560: [GC 8966390K->1909626K(14543104K), 0.4138830 secs]
2018-05-19T13:50:53.312+0000: 718692.932: [GC 8975098K->1935059K(14542464K), 0.5294330 secs]
2018-05-19T13:51:17.909+0000: 718717.530: [GC 9000531K->1932759K(14545152K), 0.4792120 secs]
2018-05-19T13:51:41.607+0000: 718741.228: [GC 9000855K->1944343K(14543040K), 0.4713470 secs]
2018-05-19T13:52:02.292+0000: 718761.912: [GC 9012439K->1963274K(14549184K), 0.4875210 secs]
2018-05-19T13:52:26.514+0000: 718786.135: [GC 9038986K->1985018K(14546624K), 0.5265580 secs]
2018-05-19T13:52:48.905+0000: 718808.526: [GC 9060730K->2005443K(14542208K), 0.5613180 secs]
2018-05-19T13:53:10.451+0000: 718830.072: [GC 9075651K->2025021K(14539008K), 0.5709940 secs]
2018-05-19T13:53:31.451+0000: 718851.072: [GC 9095229K->2034045K(14539648K), 0.5795090 secs]
2018-05-19T13:53:51.562+0000: 718871.183: [GC 9094397K->2048848K(14522560K), 0.5615120 secs]
2018-05-19T13:54:13.177+0000: 718892.797: [GC 9109200K->2067302K(14534656K), 0.5926690 secs]
2018-05-19T13:54:34.405+0000: 718914.025: [GC 9121382K->2079552K(14518656K), 0.6159560 secs]
2018-05-19T13:54:53.915+0000: 718933.536: [GC 9133632K->2079821K(14538432K), 0.4909130 secs]
2018-05-19T13:55:15.389+0000: 718955.009: [GC 9134605K->2103165K(14536448K), 0.5463840 secs]
2018-05-19T13:55:37.554+0000: 718977.175: [GC 9157949K->2108358K(14539712K), 0.5243440 secs]
2018-05-19T13:56:00.802+0000: 719000.423: [GC 9165702K->2109573K(14537728K), 0.5145090 secs]
2018-05-19T13:56:19.712+0000: 719019.333: [GC 9166917K->2115542K(14542336K), 0.5271930 secs]
2018-05-19T13:56:43.464+0000: 719043.085: [GC 9178966K->2133951K(14541184K), 0.5459810 secs]
2018-05-19T13:57:04.313+0000: 719063.933: [GC 9197375K->2144236K(14542400K), 0.5619840 secs]
2018-05-19T13:57:25.210+0000: 719084.831: [GC 9208684K->2134051K(14542144K), 0.4976980 secs]
2018-05-19T13:57:46.097+0000: 719105.717: [GC 9198499K->2150785K(14544704K), 0.5211820 secs]
2018-05-19T13:58:08.445+0000: 719128.066: [GC 9218113K->2156620K(14542720K), 0.5342860 secs]
2018-05-19T13:58:31.669+0000: 719151.290: [GC 9223948K->2158172K(14546880K), 0.5227120 secs]
2018-05-19T13:58:54.778+0000: 719174.399: [GC 9231260K->2164051K(14546304K), 0.4951640 secs]
2018-05-19T13:59:23.836+0000: 719203.457: [GC 9237139K->2176035K(14549376K), 0.5237930 secs]
2018-05-19T13:59:51.546+0000: 719231.167: [GC 9252963K->2188154K(14547648K), 0.6019580 secs]
2018-05-19T14:00:15.915+0000: 719255.535: [GC 9265082K->2175757K(14547904K), 0.4596240 secs]
2018-05-19T14:00:40.295+0000: 719279.916: [GC 9253389K->2185839K(14518592K), 0.4345170 secs]
2018-05-19T14:01:00.438+0000: 719300.058: [GC 9263471K->2213916K(14547200K), 0.5321590 secs]
2018-05-19T14:01:22.537+0000: 719322.157: [GC 9289628K->2228032K(14540800K), 0.6020910 secs]
2018-05-19T14:01:40.742+0000: 719340.362: [GC 9303744K->2234550K(14544128K), 0.5935830 secs]
2018-05-19T14:02:01.295+0000: 719360.916: [GC 9303862K->2234275K(14544704K), 0.5221240 secs]
2018-05-19T14:02:22.136+0000: 719381.757: [GC 9303587K->2244866K(14547264K), 0.5454920 secs]
2018-05-19T14:02:43.413+0000: 719403.034: [GC 9318594K->2253443K(14546560K), 0.5422290 secs]
2018-05-19T14:03:03.111+0000: 719422.732: [GC 9327171K->2250449K(14548096K), 0.4976990 secs]
2018-05-19T14:03:23.603+0000: 719443.224: [GC 9326481K->2265213K(14548032K), 0.5391810 secs]
2018-05-19T14:03:45.797+0000: 719465.418: [GC 9341245K->2267537K(14550912K), 0.5209370 secs]
2018-05-19T14:04:08.793+0000: 719488.414: [GC 9348177K->2269300K(14549824K), 0.5098140 secs]
2018-05-19T14:04:33.182+0000: 719512.802: [GC 9349940K->2268289K(14549120K), 0.4666620 secs]
2018-05-19T14:04:58.075+0000: 719537.695: [GC 9348353K->2297663K(14542400K), 0.5389920 secs]
2018-05-19T14:05:18.347+0000: 719557.968: [GC 9377727K->2295352K(14548736K), 0.3646940 secs]
2018-05-19T14:05:38.955+0000: 719578.575: [GC 9371896K->2304476K(14547904K), 0.5170530 secs]
2018-05-19T14:06:01.049+0000: 719600.669: [GC 9381020K->2318499K(14550912K), 0.5321140 secs]
2018-05-19T14:06:22.573+0000: 719622.194: [GC 9399523K->2328001K(14550208K), 0.5479630 secs]
2018-05-19T14:06:47.498+0000: 719647.119: [GC 9409025K->2312182K(14547264K), 0.4339090 secs]
2018-05-19T14:07:12.684+0000: 719672.304: [GC 9389686K->2318581K(14512256K), 0.4419410 secs]
2018-05-19T14:07:37.664+0000: 719697.285: [GC 9396085K->2329260K(14548672K), 0.4479520 secs]
2018-05-19T14:08:01.958+0000: 719721.578: [GC 9405932K->2341962K(14548096K), 0.5037790 secs]
2018-05-19T14:08:24.057+0000: 719743.677: [GC 9418634K->2361484K(14547264K), 0.5771500 secs]
2018-05-19T14:08:45.702+0000: 719765.322: [GC 9438860K->2371787K(14537280K), 0.5465950 secs]
2018-05-19T14:09:05.677+0000: 719785.298: [GC 9449163K->2364609K(14548352K), 0.4940480 secs]
2018-05-19T14:09:28.589+0000: 719808.209: [GC 9439681K->2369475K(14546816K), 0.4751040 secs]
2018-05-19T14:09:51.796+0000: 719831.417: [GC 9444547K->2377970K(14552000K), 0.4976750 secs]
2018-05-19T14:10:15.785+0000: 719855.406: [GC 9459698K->2382934K(14549824K), 0.4409930 secs]
2018-05-19T14:10:39.289+0000: 719878.909: [GC 9464662K->2393569K(14554368K), 0.4924810 secs]
2018-05-19T14:11:00.744+0000: 719900.364: [GC 9481697K->2405175K(14544512K), 0.5518180 secs]
2018-05-19T14:11:23.075+0000: 719922.696: [GC 9493303K->2411860K(14550528K), 0.5159990 secs]
2018-05-19T14:11:43.034+0000: 719942.655: [GC 9495636K->2408945K(14551936K), 0.4303650 secs]
2018-05-19T14:12:05.038+0000: 719964.659: [GC 9492721K->2422972K(14553024K), 0.5009210 secs]
2018-05-19T14:12:26.708+0000: 719986.329: [GC 9508732K->2434272K(14545792K), 0.5648080 secs]
2018-05-19T14:12:47.997+0000: 720007.618: [GC 9520032K->2439777K(14550336K), 0.5744900 secs]
2018-05-19T14:13:07.938+0000: 720027.559: [GC 9521121K->2435854K(14550720K), 0.5367510 secs]
2018-05-19T14:13:30.074+0000: 720049.694: [GC 9517198K->2445082K(14553024K), 0.5253290 secs]
2018-05-19T14:13:52.435+0000: 720072.056: [GC 9529626K->2454324K(14551616K), 0.5323390 secs]
2018-05-19T14:14:17.986+0000: 720097.607: [GC 9538868K->2450072K(14553472K), 0.4655520 secs]
2018-05-19T14:14:41.420+0000: 720121.040: [GC 9537432K->2482347K(14553728K), 0.5777820 secs]
2018-05-19T14:15:01.400+0000: 720141.020: [GC 9569707K->2495384K(14524032K), 0.5581270 secs]
2018-05-19T14:15:19.330+0000: 720158.951: [GC 9553048K->2499579K(14538880K), 0.5180970 secs]
2018-05-19T14:15:47.661+0000: 720187.282: [GC 9557243K->2514788K(14534144K), 0.5873980 secs]
2018-05-19T14:16:06.819+0000: 720206.440: [GC 9568228K->2497618K(14536768K), 0.4343180 secs]
2018-05-19T14:16:28.335+0000: 720227.956: [GC 9551058K->2520159K(14538176K), 0.5749540 secs]
2018-05-19T14:16:51.629+0000: 720251.250: [GC 9575455K->2510877K(14537216K), 0.4975940 secs]
2018-05-19T14:17:12.525+0000: 720272.146: [GC 9566173K->2535621K(14538688K), 0.5776460 secs]
2018-05-19T14:17:33.198+0000: 720292.819: [GC 9592837K->2527304K(14538624K), 0.5007620 secs]
2018-05-19T14:17:54.172+0000: 720313.793: [GC 9584520K->2534582K(14541568K), 0.5013740 secs]
2018-05-19T14:18:15.429+0000: 720335.049: [GC 9595958K->2548377K(14539904K), 0.5510650 secs]
2018-05-19T14:18:40.758+0000: 720360.379: [GC 9609753K->2545476K(14544064K), 0.5123250 secs]
2018-05-19T14:19:04.405+0000: 720384.026: [GC 9612804K->2546161K(14543360K), 0.4398670 secs]
2018-05-19T14:19:28.853+0000: 720408.473: [GC 9613489K->2556117K(14544192K), 0.4807290 secs]
2018-05-19T14:19:51.104+0000: 720430.725: [GC 9623957K->2568973K(14543744K), 0.4777750 secs]
2018-05-19T14:20:14.247+0000: 720453.868: [GC 9636813K->2576188K(14548160K), 0.4672300 secs]
2018-05-19T14:20:37.063+0000: 720476.684: [GC 9650364K->2582684K(14546112K), 0.4676430 secs]
2018-05-19T14:20:59.131+0000: 720498.752: [GC 9656860K->2590013K(14551744K), 0.5718440 secs]
2018-05-19T14:21:26.363+0000: 720525.984: [GC 9671741K->2588635K(14550080K), 0.4780180 secs]
2018-05-19T14:21:49.996+0000: 720549.617: [GC 9670363K->2597052K(14552960K), 0.4946150 secs]
2018-05-19T14:22:13.890+0000: 720573.511: [GC 9682236K->2607679K(14552320K), 0.4923780 secs]
2018-05-19T14:22:36.732+0000: 720596.353: [GC 9692863K->2617567K(14555072K), 0.5487820 secs]
2018-05-19T14:22:59.866+0000: 720619.487: [GC 9707039K->2615919K(14554496K), 0.4952980 secs]
2018-05-19T14:23:24.029+0000: 720643.650: [GC 9705391K->2619136K(14555968K), 0.3657360 secs]
2018-05-19T14:23:45.773+0000: 720665.394: [GC 9191227K->2616461K(14523904K), 0.4604780 secs]
2018-05-19T14:23:46.234+0000: 720665.855: [Full GC 2616461K->1338185K(14523904K), 4.3826870 secs]
2018-05-19T14:24:07.654+0000: 720687.274: [GC 8428809K->1443641K(14556352K), 0.4398130 secs]
2018-05-19T14:24:29.146+0000: 720708.767: [GC 8534777K->1447698K(14554880K), 0.4318920 secs]
2018-05-19T14:24:54.270+0000: 720733.891: [GC 8538834K->1452595K(14556864K), 0.4516100 secs]
2018-05-19T14:25:16.594+0000: 720756.215: [GC 8546099K->1466907K(14556736K), 0.4444840 secs]
2018-05-19T14:25:38.826+0000: 720778.447: [GC 8560411K->1474812K(14559360K), 0.4506130 secs]
2018-05-19T14:26:00.963+0000: 720800.583: [GC 8572668K->1487260K(14551296K), 0.4649120 secs]
2018-05-19T14:26:21.943+0000: 720821.564: [GC 8585116K->1502561K(14544640K), 0.5935710 secs]
2018-05-19T14:26:42.462+0000: 720842.083: [GC 8585057K->1505445K(14538624K), 0.4371690 secs]
2018-05-19T14:27:02.951+0000: 720862.572: [GC 8587941K->1501894K(14552128K), 0.4322180 secs]
2018-05-19T14:27:29.327+0000: 720888.948: [GC 8584518K->1515516K(14550592K), 0.5493610 secs]
2018-05-19T14:27:51.950+0000: 720911.571: [GC 8598140K->1517743K(14553984K), 0.5173480 secs]
2018-05-19T14:28:14.282+0000: 720933.903: [GC 8604015K->1526745K(14552384K), 0.4943810 secs]
2018-05-19T14:28:35.963+0000: 720955.584: [GC 8613017K->1539628K(14553152K), 0.5312470 secs]
2018-05-19T14:28:58.402+0000: 720978.023: [GC 8627372K->1536263K(14553920K), 0.4897230 secs]
2018-05-19T14:29:19.421+0000: 720999.041: [GC 8624007K->1553193K(14553664K), 0.5311310 secs]
2018-05-19T14:29:39.591+0000: 721019.212: [GC 8641577K->1547976K(14554240K), 0.4992920 secs]
2018-05-19T14:30:02.208+0000: 721041.829: [GC 8636360K->1549641K(14554240K), 0.4385540 secs]
2018-05-19T14:30:27.575+0000: 721067.196: [GC 8638281K->1553796K(14525376K), 0.4602860 secs]
2018-05-19T14:30:49.617+0000: 721089.238: [GC 8642436K->1564579K(14555008K), 0.4687760 secs]
2018-05-19T14:31:12.371+0000: 721111.992: [GC 8653475K->1579805K(14553984K), 0.5134980 secs]
2018-05-19T14:31:35.237+0000: 721134.858: [GC 8668701K->1580497K(14556032K), 0.5076880 secs]
2018-05-19T14:31:56.867+0000: 721156.488: [GC 8670993K->1592608K(14554560K), 0.5115760 secs]
2018-05-19T14:32:19.112+0000: 721178.733: [GC 8683104K->1599583K(14555200K), 0.4823530 secs]
2018-05-19T14:32:40.817+0000: 721200.438: [GC 8690655K->1606762K(14544384K), 0.5220090 secs]
2018-05-19T14:33:01.494+0000: 721221.114: [GC 8697834K->1606780K(14556288K), 0.4977850 secs]
2018-05-19T14:33:22.439+0000: 721242.059: [GC 8698428K->1628115K(14551168K), 0.5479940 secs]
2018-05-19T14:33:43.844+0000: 721263.465: [GC 8719763K->1639921K(14547136K), 0.5448720 secs]
2018-05-19T14:34:05.879+0000: 721285.500: [GC 8720753K->1637073K(14550464K), 0.5048630 secs]
2018-05-19T14:34:24.918+0000: 721304.539: [GC 8717905K->1648087K(14553088K), 0.5435590 secs]
2018-05-19T14:34:47.218+0000: 721326.839: [GC 8732823K->1647191K(14551744K), 0.4871570 secs]
2018-05-19T14:35:08.010+0000: 721347.631: [GC 8731927K->1670235K(14548864K), 0.5155900 secs]
2018-05-19T14:35:30.392+0000: 721370.013: [GC 8752475K->1669298K(14551168K), 0.4865500 secs]
2018-05-19T14:35:52.540+0000: 721392.161: [GC 8751538K->1679490K(14552384K), 0.5708700 secs]
2018-05-19T14:36:15.232+0000: 721414.852: [GC 8764290K->1673897K(14552448K), 0.5069120 secs]
2018-05-19T14:36:38.194+0000: 721437.815: [GC 8758697K->1672347K(14551360K), 0.4765800 secs]
2018-05-19T14:36:58.123+0000: 721457.744: [GC 8756507K->1683011K(14552128K), 0.4835230 secs]
2018-05-19T14:37:19.814+0000: 721479.435: [GC 8767171K->1698115K(14553472K), 0.5283270 secs]
2018-05-19T14:37:42.977+0000: 721502.597: [GC 8784131K->1694643K(14552640K), 0.4535560 secs]
2018-05-19T14:38:06.871+0000: 721526.492: [GC 8780659K->1694922K(14553536K), 0.4544490 secs]
2018-05-19T14:38:28.596+0000: 721548.216: [GC 8782282K->1714078K(14553728K), 0.5096240 secs]
2018-05-19T14:38:50.340+0000: 721569.961: [GC 8801438K->1721945K(14553792K), 0.5120580 secs]
2018-05-19T14:39:11.790+0000: 721591.410: [GC 8809689K->1732358K(14543552K), 0.5545740 secs]
2018-05-19T14:39:34.347+0000: 721613.968: [GC 8820102K->1728393K(14554048K), 0.4862120 secs]
2018-05-19T14:39:52.508+0000: 721632.129: [GC 8815433K->1743969K(14553088K), 0.4702570 secs]
2018-05-19T14:40:14.029+0000: 721653.649: [GC 8831009K->1755931K(14548160K), 0.5058740 secs]
2018-05-19T14:40:34.418+0000: 721674.039: [GC 8837659K->1760137K(14538368K), 0.4991490 secs]
2018-05-19T14:40:53.097+0000: 721692.717: [GC 8841865K->1765359K(14551168K), 0.4945000 secs]
2018-05-19T14:41:14.767+0000: 721714.387: [GC 8847023K->1773114K(14550592K), 0.5290690 secs]
2018-05-19T14:41:35.557+0000: 721735.178: [GC 8854778K->1788363K(14547520K), 0.5605870 secs]
2018-05-19T14:41:56.666+0000: 721756.287: [GC 8867275K->1788476K(14549504K), 0.5331800 secs]
2018-05-19T14:42:19.985+0000: 721779.605: [GC 8867388K->1784148K(14550080K), 0.4417180 secs]
2018-05-19T14:42:41.557+0000: 721801.178: [GC 8865236K->1796646K(14550592K), 0.4843300 secs]
2018-05-19T14:43:01.654+0000: 721821.275: [GC 8877734K->1813532K(14551232K), 0.5241310 secs]
2018-05-19T14:43:18.938+0000: 721838.559: [GC 8895708K->1841162K(14551040K), 0.6544400 secs]
2018-05-19T14:43:38.013+0000: 721857.634: [GC 8923338K->1827635K(14533888K), 0.4757040 secs]
2018-05-19T14:44:34.102+0000: 721913.722: [GC 8892467K->1922226K(14542464K), 1.0019440 secs]
2018-05-19T14:45:33.343+0000: 721972.963: [GC 8987058K->1990730K(14429312K), 0.8273710 secs]
2018-05-19T14:46:20.643+0000: 722020.264: [GC 8942410K->2064738K(14485888K), 0.8907420 secs]
2018-05-19T14:47:22.245+0000: 722081.866: [GC 9016418K->2072930K(14416128K), 0.8838200 secs]
2018-05-19T14:49:04.119+0000: 722183.740: [GC 8954850K->2074891K(14406016K), 0.8690780 secs]
2018-05-19T14:50:06.277+0000: 722245.898: [GC 8956811K->2024947K(14448768K), 0.4672170 secs]
2018-05-19T14:50:26.195+0000: 722265.815: [GC 8898419K->2015623K(14444800K), 0.4594360 secs]
2018-05-19T14:51:11.838+0000: 722311.459: [GC 8889095K->2047558K(14455872K), 0.5891940 secs]
2018-05-19T14:52:36.166+0000: 722395.787: [GC 8932742K->2119655K(14414400K), 0.9219080 secs]
2018-05-19T14:54:02.029+0000: 722481.649: [GC 9004839K->2133336K(14432640K), 0.9284250 secs]
2018-05-19T14:55:22.988+0000: 722562.609: [GC 8991832K->2149777K(14389696K), 0.8380970 secs]
2018-05-19T14:55:45.567+0000: 722585.188: [GC 9008273K->2095557K(14437888K), 0.6069020 secs]
2018-05-19T14:56:02.142+0000: 722601.762: [GC 8946181K->2077634K(14432832K), 0.4632540 secs]
2018-05-19T14:56:34.619+0000: 722634.240: [GC 8928258K->2111277K(14446208K), 0.6789140 secs]
2018-05-19T14:57:17.971+0000: 722677.592: [GC 8976429K->2143844K(14439040K), 0.7738130 secs]
2018-05-19T14:57:34.818+0000: 722694.438: [GC 9008996K->2104972K(14453056K), 0.4888660 secs]
2018-05-19T14:57:52.519+0000: 722712.140: [GC 8988428K->2101879K(14450496K), 0.4529780 secs]
2018-05-19T14:58:13.792+0000: 722733.413: [GC 8985335K->2118674K(14459008K), 0.5382610 secs]
2018-05-19T14:58:30.356+0000: 722749.976: [GC 9012114K->2118121K(14454528K), 0.4987870 secs]
2018-05-19T14:59:03.820+0000: 722783.440: [GC 9011561K->2168584K(14464512K), 0.6853540 secs]
2018-05-19T15:00:11.616+0000: 722851.236: [GC 9075464K->2219423K(14438976K), 0.9783000 secs]
2018-05-19T15:01:04.116+0000: 722903.737: [GC 9126303K->2232000K(14427520K), 0.9168830 secs]
2018-05-19T15:02:03.936+0000: 722963.557: [GC 9090624K->2234353K(14388672K), 0.8944090 secs]
2018-05-19T15:02:21.679+0000: 722981.300: [GC 9092977K->2162102K(14434496K), 0.5106380 secs]
2018-05-19T15:02:40.889+0000: 723000.510: [GC 9008886K->2167720K(14432384K), 0.4885490 secs]
2018-05-19T15:03:17.301+0000: 723036.921: [GC 9014504K->2216995K(14445760K), 0.6653270 secs]
2018-05-19T15:03:48.257+0000: 723067.878: [GC 9080227K->2205060K(14437568K), 0.5545140 secs]
2018-05-19T15:04:44.724+0000: 723124.345: [GC 9068292K->2277177K(14434496K), 0.9839030 secs]
2018-05-19T15:06:05.276+0000: 723204.897: [GC 9144121K->2244154K(14443520K), 0.6902150 secs]
2018-05-19T15:07:33.389+0000: 723293.009: [GC 9111098K->2266412K(14454976K), 0.7507970 secs]
2018-05-19T15:07:58.807+0000: 723318.427: [GC 9152812K->2213775K(14451520K), 0.3947330 secs]
2018-05-19T15:08:17.544+0000: 723337.164: [GC 9100175K->2219414K(14452224K), 0.4502940 secs]
2018-05-19T15:08:43.175+0000: 723362.795: [GC 9104790K->2248903K(14452736K), 0.5331550 secs]
2018-05-19T15:09:03.245+0000: 723382.866: [GC 9134279K->2242166K(14460992K), 0.4908490 secs]
2018-05-19T15:09:25.721+0000: 723405.342: [GC 9141110K->2254297K(14458048K), 0.5023710 secs]
2018-05-19T15:09:45.376+0000: 723424.996: [GC 9153241K->2253860K(14467776K), 0.3430000 secs]
2018-05-19T15:10:25.757+0000: 723465.378: [GC 9166948K->2319738K(14465408K), 0.5326830 secs]
2018-05-19T15:11:13.338+0000: 723512.959: [GC 9232826K->2421526K(14410368K), 0.8976090 secs]
2018-05-19T15:12:10.752+0000: 723570.373: [GC 9285782K->2450424K(14404352K), 0.9551250 secs]
2018-05-19T15:12:55.433+0000: 723615.054: [GC 9314680K->2442981K(14428480K), 0.5726550 secs]
2018-05-19T15:13:30.176+0000: 723649.797: [GC 9279845K->2423170K(14428480K), 0.5909820 secs]
2018-05-19T15:13:43.924+0000: 723663.544: [GC 9260034K->2396619K(14438208K), 0.3779640 secs]
2018-05-19T15:13:58.909+0000: 723678.530: [GC 9252235K->2416592K(14437504K), 0.4532310 secs]
2018-05-19T15:14:12.971+0000: 723692.592: [GC 9272208K->2419508K(14445248K), 0.4168510 secs]
2018-05-19T15:14:30.653+0000: 723710.274: [GC 9286708K->2444956K(14442048K), 0.4761990 secs]
2018-05-19T15:14:54.654+0000: 723734.275: [GC 9312156K->2470120K(14459968K), 0.5049450 secs]
2018-05-19T15:15:15.936+0000: 723755.557: [GC 9361448K->2485794K(14451456K), 0.5067510 secs]
2018-05-19T15:15:38.113+0000: 723777.733: [GC 9377122K->2498920K(14475584K), 0.5218140 secs]
2018-05-19T15:15:56.619+0000: 723796.240: [GC 9422312K->2501807K(14467904K), 0.5039060 secs]
2018-05-19T15:16:20.415+0000: 723820.036: [GC 9425199K->2515867K(14487936K), 0.5504240 secs]
2018-05-19T15:16:42.544+0000: 723842.165: [GC 9465115K->2525453K(14481408K), 0.5506710 secs]
2018-05-19T15:17:06.066+0000: 723865.686: [GC 9474701K->2528711K(14499008K), 0.6018310 secs]
2018-05-19T15:17:26.986+0000: 723886.607: [GC 9501447K->2520479K(14493824K), 0.4815630 secs]
2018-05-19T15:17:48.870+0000: 723908.491: [GC 9493215K->2536946K(14505728K), 0.5253950 secs]
2018-05-19T15:18:10.704+0000: 723930.325: [GC 9524082K->2555783K(14501504K), 0.5627430 secs]
2018-05-19T15:18:31.868+0000: 723951.489: [GC 9542919K->2558859K(14514240K), 0.5856890 secs]
2018-05-19T15:18:51.665+0000: 723971.285: [GC 9562571K->2554366K(14509568K), 0.5540560 secs]
2018-05-19T15:19:12.687+0000: 723992.308: [GC 9558078K->2562298K(14520896K), 0.5317340 secs]
2018-05-19T15:19:34.765+0000: 724014.385: [GC 9580474K->2576381K(14517376K), 0.5651570 secs]
2018-05-19T15:19:55.283+0000: 724034.904: [GC 9594557K->2584650K(14526464K), 0.5478120 secs]
2018-05-19T15:20:14.541+0000: 724054.161: [GC 9614730K->2581775K(14523712K), 0.4790690 secs]
2018-05-19T15:20:35.597+0000: 724075.218: [GC 9611855K->2597683K(14530816K), 0.5263520 secs]
2018-05-19T15:20:57.208+0000: 724096.829: [GC 9636915K->2603287K(14528512K), 0.5681640 secs]
2018-05-19T15:21:19.849+0000: 724119.470: [GC 9642519K->2602119K(14534848K), 0.5240090 secs]
2018-05-19T15:21:42.902+0000: 724142.523: [GC 9650439K->2604347K(14533568K), 0.5239110 secs]
2018-05-19T15:22:02.372+0000: 724161.992: [GC 9652667K->2614381K(14536576K), 0.4979420 secs]
2018-05-19T15:22:25.058+0000: 724184.678: [GC 9666029K->2616348K(14535168K), 0.4708570 secs]
2018-05-19T15:22:47.029+0000: 724206.650: [GC 9667996K->2633621K(14539584K), 0.5773990 secs]
2018-05-19T15:23:09.393+0000: 724229.014: [GC 9690581K->2634174K(14537472K), 0.5286260 secs]
2018-05-19T15:23:30.331+0000: 724249.952: [GC 9691134K->2645524K(14543552K), 0.5749330 secs]
2018-05-19T15:23:50.627+0000: 724270.247: [GC 8981041K->2628481K(14541696K), 0.4540850 secs]
2018-05-19T15:23:51.081+0000: 724270.702: [Full GC 2628481K->1234431K(14541696K), 3.4370600 secs]
2018-05-19T15:24:12.229+0000: 724291.850: [GC 8299583K->1358097K(14539008K), 0.5383340 secs]
2018-05-19T15:24:33.728+0000: 724313.348: [GC 8419217K->1372269K(14523968K), 0.5984690 secs]
2018-05-19T15:24:54.232+0000: 724333.853: [GC 8433389K->1364442K(14540992K), 0.4791900 secs]
2018-05-19T15:25:11.296+0000: 724350.916: [GC 8425114K->1367156K(14539776K), 0.4385990 secs]
2018-05-19T15:25:35.596+0000: 724375.217: [GC 8427828K->1395103K(14537536K), 0.5633180 secs]
2018-05-19T15:26:29.683+0000: 724429.304: [GC 8454047K->1478219K(14539520K), 0.9321480 secs]
2018-05-19T15:27:31.145+0000: 724490.766: [GC 8537163K->1549196K(14419584K), 0.9054480 secs]
2018-05-19T15:28:30.050+0000: 724549.671: [GC 8488204K->1611925K(14468544K), 0.9153600 secs]
2018-05-19T15:29:29.844+0000: 724609.464: [GC 8550933K->1621075K(14437952K), 0.9314100 secs]
2018-05-19T15:29:51.318+0000: 724630.939: [GC 8507475K->1546501K(14453248K), 0.4758130 secs]
2018-05-19T15:30:07.591+0000: 724647.212: [GC 8432901K->1552407K(14457408K), 0.4338740 secs]
2018-05-19T15:30:45.831+0000: 724685.452: [GC 8444823K->1606183K(14455104K), 0.6975170 secs]
2018-05-19T15:31:41.055+0000: 724740.676: [GC 8498599K->1658824K(14434752K), 0.8975160 secs]
2018-05-19T15:32:40.326+0000: 724799.947: [GC 8533960K->1662029K(14403968K), 0.9487550 secs]
2018-05-19T15:33:36.963+0000: 724856.584: [GC 8537165K->1671289K(14426368K), 1.0140860 secs]
2018-05-19T15:34:39.928+0000: 724919.549: [GC 8517113K->1677043K(14374272K), 0.9357560 secs]
2018-05-19T15:35:20.652+0000: 724960.272: [GC 8522867K->1656222K(14438336K), 0.7460960 secs]
2018-05-19T15:35:37.497+0000: 724977.118: [GC 8503390K->1618332K(14428928K), 0.5153410 secs]
2018-05-19T15:35:55.303+0000: 724994.924: [GC 8465500K->1620700K(14440256K), 0.4754370 secs]
2018-05-19T15:36:17.082+0000: 725016.702: [GC 8480028K->1641512K(14439168K), 0.5145580 secs]
2018-05-19T15:36:34.753+0000: 725034.373: [GC 8500840K->1637564K(14447296K), 0.4903840 secs]
2018-05-19T15:36:56.145+0000: 725055.766: [GC 8509628K->1660604K(14444864K), 0.5371310 secs]
2018-05-19T15:37:14.015+0000: 725073.636: [GC 8532668K->1650020K(14455552K), 0.4528770 secs]
2018-05-19T15:37:31.973+0000: 725091.594: [GC 8538724K->1654607K(14453248K), 0.4598640 secs]
2018-05-19T15:38:34.664+0000: 725154.285: [GC 8543311K->1754542K(14430400K), 0.8934730 secs]
2018-05-19T15:39:39.123+0000: 725218.744: [GC 8623406K->1763635K(14400576K), 0.9490540 secs]
2018-05-19T15:40:39.224+0000: 725278.845: [GC 8632499K->1773329K(14416960K), 0.8671690 secs]
2018-05-19T15:41:06.987+0000: 725306.607: [GC 8604049K->1713233K(14425408K), 0.5723250 secs]
2018-05-19T15:41:24.744+0000: 725324.365: [GC 8543953K->1700890K(14435392K), 0.4626220 secs]
2018-05-19T15:41:46.320+0000: 725345.940: [GC 8548378K->1718104K(14432192K), 0.5222340 secs]
2018-05-19T15:42:03.826+0000: 725363.446: [GC 8565592K->1716682K(14445760K), 0.4638470 secs]
2018-05-19T15:42:22.095+0000: 725381.715: [GC 8583690K->1718826K(14441344K), 0.4690280 secs]
2018-05-19T15:42:44.754+0000: 725404.375: [GC 8585834K->1731099K(14456128K), 0.5143390 secs]
2018-05-19T15:43:03.284+0000: 725422.905: [GC 8617243K->1729638K(14450112K), 0.4672980 secs]
2018-05-19T15:43:37.558+0000: 725457.179: [GC 8615782K->1778333K(14463808K), 0.6970220 secs]
2018-05-19T15:44:42.925+0000: 725522.546: [GC 8682717K->1840745K(14439808K), 0.9490120 secs]
2018-05-19T15:46:07.404+0000: 725607.025: [GC 8745129K->1845592K(14425152K), 0.9432250 secs]
2018-05-19T15:47:30.199+0000: 725689.820: [GC 8698200K->1855576K(14381696K), 0.9347240 secs]
2018-05-19T15:48:33.201+0000: 725752.822: [GC 8708184K->1866012K(14417152K), 0.9251150 secs]
2018-05-19T15:49:24.155+0000: 725803.776: [GC 8691612K->1873286K(14349376K), 0.8545740 secs]
2018-05-19T15:50:13.225+0000: 725852.846: [GC 8698886K->1885619K(14417664K), 0.8792840 secs]
2018-05-19T15:51:10.805+0000: 725910.425: [GC 8704051K->1890825K(14419264K), 0.8763040 secs]
2018-05-19T15:51:27.929+0000: 725927.550: [GC 8709257K->1825468K(14420992K), 0.4748430 secs]
2018-05-19T15:51:46.256+0000: 725945.877: [GC 8647036K->1838686K(14420672K), 0.4783160 secs]
2018-05-19T15:52:05.881+0000: 725965.502: [GC 8660254K->1848127K(14427904K), 0.5195720 secs]
2018-05-19T15:52:23.600+0000: 725983.221: [GC 8679807K->1849678K(14423872K), 0.4555830 secs]
2018-05-19T15:52:53.560+0000: 726013.180: [GC 8681358K->1868891K(14438208K), 0.5471670 secs]
2018-05-19T15:54:14.539+0000: 726094.159: [GC 8718555K->1947720K(14376576K), 0.9265840 secs]
2018-05-19T15:55:18.776+0000: 726158.396: [GC 8797384K->1961871K(14417920K), 0.8741570 secs]
2018-05-19T15:56:14.032+0000: 726213.652: [GC 8790031K->1968070K(14352576K), 0.9187620 secs]
2018-05-19T15:57:06.254+0000: 726265.875: [GC 8796230K->1978640K(14417344K), 0.9187470 secs]
2018-05-19T15:58:07.838+0000: 726327.459: [GC 8797072K->1981643K(14419264K), 0.9017920 secs]
2018-05-19T15:59:19.317+0000: 726398.938: [GC 8800075K->1993017K(14422656K), 0.8994390 secs]
2018-05-19T15:59:37.656+0000: 726417.277: [GC 8816441K->1913023K(14250368K), 0.3904280 secs]
2018-05-19T15:59:57.632+0000: 726437.253: [GC 8736447K->1924804K(14421056K), 0.3818990 secs]
2018-05-19T16:00:36.040+0000: 726475.661: [GC 8745988K->1994935K(14420224K), 0.7702460 secs]
2018-05-19T16:01:09.654+0000: 726509.275: [GC 8816119K->1976841K(14435776K), 0.6468490 secs]
2018-05-19T16:01:28.817+0000: 726528.437: [GC 8820873K->1959914K(14428352K), 0.5011160 secs]
2018-05-19T16:01:47.897+0000: 726547.518: [GC 8803946K->1972515K(14442240K), 0.4827670 secs]
2018-05-19T16:02:07.329+0000: 726566.949: [GC 8832995K->1976874K(14438336K), 0.4772530 secs]
2018-05-19T16:02:24.858+0000: 726584.479: [GC 8837354K->1984465K(14450624K), 0.4994750 secs]
2018-05-19T16:03:40.206+0000: 726659.827: [GC 8861073K->2059064K(14386112K), 0.8249390 secs]
2018-05-19T16:04:55.615+0000: 726735.236: [GC 8935672K->2092113K(14426560K), 0.8520120 secs]
2018-05-19T16:05:59.633+0000: 726799.253: [GC 8944593K->2101229K(14376896K), 0.9204340 secs]
2018-05-19T16:06:45.977+0000: 726845.597: [GC 8953709K->2050696K(14437120K), 0.5547610 secs]
2018-05-19T16:07:03.864+0000: 726863.485: [GC 8897800K->2035178K(14430080K), 0.4495310 secs]
2018-05-19T16:07:44.117+0000: 726903.738: [GC 8882282K->2078578K(14449088K), 0.6400280 secs]
2018-05-19T16:08:54.857+0000: 726974.478: [GC 8946994K->2143336K(14397952K), 0.9124830 secs]
2018-05-19T16:09:50.928+0000: 727030.548: [GC 9011752K->2166153K(14417024K), 0.9410020 secs]
2018-05-19T16:10:41.933+0000: 727081.553: [GC 9002121K->2173484K(14367488K), 0.8629570 secs]
2018-05-19T16:11:44.747+0000: 727144.368: [GC 9009452K->2183304K(14413056K), 0.9110670 secs]
2018-05-19T16:12:28.252+0000: 727187.873: [GC 8998536K->2144070K(14417664K), 0.6397930 secs]
2018-05-19T16:12:47.241+0000: 727206.861: [GC 8959302K->2128279K(14426304K), 0.4546150 secs]
2018-05-19T16:13:26.534+0000: 727246.154: [GC 8959575K->2158883K(14425088K), 0.5906510 secs]
2018-05-19T16:14:38.460+0000: 727318.080: [GC 8990179K->2241751K(14416832K), 0.9071990 secs]
2018-05-19T16:15:45.466+0000: 727385.087: [GC 9070551K->2256326K(14360640K), 0.9216340 secs]
2018-05-19T16:16:37.553+0000: 727437.174: [GC 9085126K->2274813K(14411072K), 0.9183140 secs]
2018-05-19T16:17:16.756+0000: 727476.376: [GC 9085693K->2245579K(14415488K), 0.6994990 secs]
2018-05-19T16:17:35.806+0000: 727495.427: [GC 9056459K->2214952K(14425728K), 0.5272030 secs]
2018-05-19T16:17:52.669+0000: 727512.290: [GC 9045224K->2220225K(14424640K), 0.4757500 secs]
2018-05-19T16:18:48.697+0000: 727568.318: [GC 9050497K->2317932K(14414400K), 0.9046650 secs]
2018-05-19T16:19:43.700+0000: 727623.321: [GC 9139564K->2330866K(14351936K), 0.9333810 secs]
2018-05-19T16:20:38.379+0000: 727677.999: [GC 9152498K->2340666K(14415552K), 0.7701060 secs]
2018-05-19T16:21:38.093+0000: 727737.714: [GC 9153850K->2352683K(14416640K), 0.9138110 secs]
2018-05-19T16:22:34.680+0000: 727794.301: [GC 9165867K->2367161K(14417856K), 0.8912160 secs]
2018-05-19T16:23:23.154+0000: 727842.775: [GC 9181945K->2378753K(14417024K), 0.9797300 secs]
2018-05-19T16:23:48.873+0000: 727868.493: [GC 9193537K->2316707K(14419136K), 0.5847680 secs]
2018-05-19T16:23:54.528+0000: 727874.148: [GC 4552873K->2246204K(14193600K), 0.1697310 secs]
2018-05-19T16:23:54.698+0000: 727874.318: [Full GC 2246204K->1071500K(14193600K), 3.5500470 secs]
2018-05-19T16:24:49.882+0000: 727929.503: [GC 7887436K->1250784K(14409152K), 0.8543510 secs]
2018-05-19T16:25:51.453+0000: 727991.074: [GC 8047584K->1277121K(14325888K), 0.9332650 secs]
2018-05-19T16:26:47.229+0000: 728046.850: [GC 8073921K->1288980K(14405824K), 0.8545930 secs]
2018-05-19T16:27:36.402+0000: 728096.023: [GC 8082324K->1299205K(14406720K), 0.8123620 secs]
2018-05-19T16:27:55.064+0000: 728114.685: [GC 8092549K->1220633K(14408000K), 0.4499750 secs]
2018-05-19T16:28:12.027+0000: 728131.647: [GC 8016793K->1230302K(14408128K), 0.4906350 secs]
2018-05-19T16:28:34.825+0000: 728154.446: [GC 8026462K->1245915K(14415616K), 0.5321090 secs]
2018-05-19T16:28:52.006+0000: 728171.627: [GC 8051867K->1241544K(14410432K), 0.4646640 secs]
2018-05-19T16:29:11.758+0000: 728191.379: [GC 8047496K->1257329K(14426112K), 0.5764090 secs]
2018-05-19T16:29:31.191+0000: 728210.812: [GC 8082801K->1257488K(14419456K), 0.4700250 secs]
2018-05-19T16:35:06.739+0000: 728546.360: [GC 8082960K->1302233K(14441024K), 0.5700320 secs]
2018-05-19T16:35:24.562+0000: 728564.183: [GC 8155097K->1278553K(14431936K), 0.4631710 secs]
2018-05-19T16:36:05.263+0000: 728604.883: [GC 8131417K->1314686K(14452096K), 0.3962160 secs]
2018-05-19T16:37:15.654+0000: 728675.275: [GC 8190270K->1395522K(14410496K), 0.9149290 secs]
2018-05-19T16:38:25.596+0000: 728745.217: [GC 8271106K->1404689K(14420096K), 0.9698290 secs]
2018-05-19T16:39:40.296+0000: 728819.916: [GC 8242705K->1409723K(14363008K), 0.8076740 secs]
2018-05-19T16:40:25.287+0000: 728864.908: [GC 8247739K->1397344K(14428736K), 0.7081160 secs]
2018-05-19T16:40:42.653+0000: 728882.273: [GC 8230112K->1344092K(14424128K), 0.4321010 secs]
2018-05-19T16:40:54.442+0000: 728894.063: [GC 8176860K->1330392K(14429760K), 0.3281900 secs]
2018-05-19T16:41:09.042+0000: 728908.662: [GC 8170840K->1359399K(14430272K), 0.3436200 secs]
2018-05-19T16:41:20.147+0000: 728919.768: [GC 8199847K->1359782K(14439552K), 0.4250940 secs]
2018-05-19T16:41:32.928+0000: 728932.549: [GC 8214694K->1371842K(14435456K), 0.4139080 secs]
2018-05-19T16:41:46.189+0000: 728945.810: [GC 8226754K->1367113K(14449728K), 0.3587640 secs]
2018-05-19T16:41:56.645+0000: 728956.266: [GC 8242249K->1364521K(14445504K), 0.3064840 secs]
2018-05-19T16:42:08.645+0000: 728968.266: [GC 8239657K->1390360K(14461248K), 0.4626550 secs]
2018-05-19T16:42:22.474+0000: 728982.095: [GC 8284824K->1379200K(14453312K), 0.3915160 secs]
2018-05-19T16:42:34.348+0000: 728993.969: [GC 8273664K->1387951K(14471872K), 0.2694260 secs]
2018-05-19T16:42:46.219+0000: 729005.840: [GC 8305903K->1396791K(14466176K), 0.4166550 secs]
2018-05-19T16:43:16.751+0000: 729036.372: [GC 8314743K->1446951K(14476288K), 0.6526940 secs]
2018-05-19T16:44:32.062+0000: 729111.683: [GC 8381223K->1509745K(14465920K), 0.9804410 secs]
2018-05-19T16:45:28.675+0000: 729168.296: [GC 8444017K->1522466K(14412800K), 0.9696550 secs]
2018-05-19T16:46:01.151+0000: 729200.772: [GC 8381090K->1483133K(14439360K), 0.6796210 secs]
2018-05-19T16:46:18.701+0000: 729218.322: [GC 8341757K->1445022K(14448832K), 0.4693500 secs]
2018-05-19T16:46:31.431+0000: 729231.052: [GC 8316766K->1439180K(14443008K), 0.3359090 secs]
2018-05-19T16:46:43.505+0000: 729243.126: [GC 8310924K->1460652K(14459968K), 0.4637340 secs]
2018-05-19T16:46:54.768+0000: 729254.389: [GC 8353580K->1466527K(14453056K), 0.4081690 secs]
2018-05-19T16:47:10.731+0000: 729270.352: [GC 8359455K->1477798K(14473024K), 0.4778850 secs]
2018-05-19T16:47:22.163+0000: 729281.784: [GC 8396966K->1471920K(14466240K), 0.3762300 secs]
2018-05-19T16:47:33.641+0000: 729293.262: [GC 8391088K->1484947K(14482752K), 0.4498030 secs]
2018-05-19T16:48:03.383+0000: 729323.004: [GC 8424659K->1524697K(14477056K), 0.6194820 secs]
2018-05-19T16:49:11.643+0000: 729391.264: [GC 8464409K->1601602K(14440320K), 0.8713980 secs]
2018-05-19T16:49:56.844+0000: 729436.465: [GC 8506434K->1589820K(14416192K), 0.7448630 secs]
2018-05-19T16:50:13.723+0000: 729453.344: [GC 8494652K->1530516K(14459648K), 0.4207260 secs]
2018-05-19T16:50:27.751+0000: 729467.372: [GC 8423700K->1517842K(14453632K), 0.3276690 secs]
2018-05-19T16:50:42.487+0000: 729482.107: [GC 8411026K->1557695K(14470400K), 0.4571530 secs]
2018-05-19T16:50:59.166+0000: 729498.786: [GC 8470271K->1569943K(14462272K), 0.5601800 secs]
2018-05-19T16:52:03.129+0000: 729562.750: [GC 8482519K->1658393K(14440512K), 0.9163560 secs]
2018-05-19T16:53:05.259+0000: 729624.880: [GC 8557337K->1669142K(14426816K), 0.9134980 secs]
2018-05-19T16:53:43.155+0000: 729662.776: [GC 8568086K->1641970K(14450240K), 0.6729400 secs]
2018-05-19T16:53:58.713+0000: 729678.334: [GC 8518130K->1626264K(14446016K), 0.5617870 secs]
2018-05-19T16:54:36.952+0000: 729716.573: [GC 8502424K->1656418K(14461888K), 0.6806540 secs]
2018-05-19T16:55:27.581+0000: 729767.202: [GC 8555938K->1715048K(14436032K), 0.8318820 secs]
2018-05-19T16:56:24.062+0000: 729823.682: [GC 8614568K->1713241K(14433408K), 0.7902540 secs]
2018-05-19T16:56:41.815+0000: 729841.436: [GC 8573657K->1651570K(14440256K), 0.4707990 secs]
2018-05-19T16:56:55.582+0000: 729855.203: [GC 8511986K->1642124K(14441344K), 0.3017640 secs]
2018-05-19T16:57:08.640+0000: 729868.261: [GC 8505484K->1667880K(14441728K), 0.4293230 secs]
2018-05-19T16:57:35.610+0000: 729895.231: [GC 8531240K->1703672K(14454976K), 0.5811590 secs]
2018-05-19T16:58:36.814+0000: 729956.435: [GC 8584120K->1798587K(14424000K), 0.8554180 secs]
2018-05-19T16:59:31.166+0000: 730010.787: [GC 8679035K->1821044K(14409536K), 1.0075360 secs]
2018-05-19T17:00:22.522+0000: 730062.143: [GC 8647540K->1841733K(14366464K), 0.8483490 secs]
2018-05-19T17:00:52.849+0000: 730092.470: [GC 8668229K->1807359K(14424192K), 0.6257980 secs]
2018-05-19T17:01:11.390+0000: 730111.011: [GC 8625087K->1785968K(14413632K), 0.4889160 secs]
2018-05-19T17:01:22.597+0000: 730122.218: [GC 8603696K->1781145K(14430272K), 0.3809430 secs]
2018-05-19T17:01:39.583+0000: 730139.204: [GC 8619609K->1790673K(14428288K), 0.3738320 secs]
2018-05-19T17:02:12.587+0000: 730172.207: [GC 8629137K->1849193K(14442880K), 0.5913390 secs]
2018-05-19T17:03:12.637+0000: 730232.258: [GC 8705833K->1923123K(14396800K), 0.9798290 secs]
2018-05-19T17:04:42.866+0000: 730322.487: [GC 8779763K->1921098K(14419200K), 0.9043300 secs]
2018-05-19T17:05:21.495+0000: 730361.116: [GC 8749258K->1873357K(14424128K), 0.5725520 secs]
2018-05-19T17:06:47.679+0000: 730447.299: [GC 8701517K->1910580K(14438144K), 0.7067390 secs]
2018-05-19T17:07:06.320+0000: 730465.940: [GC 8759924K->1848351K(14431296K), 0.3269490 secs]
2018-05-19T17:07:17.459+0000: 730477.079: [GC 8697695K->1872412K(14438656K), 0.3816140 secs]
2018-05-19T17:07:30.748+0000: 730490.368: [GC 8727004K->1893722K(14436032K), 0.4739580 secs]
2018-05-19T17:07:42.035+0000: 730501.656: [GC 8748314K->1896676K(14448896K), 0.4491760 secs]
2018-05-19T17:08:01.406+0000: 730521.027: [GC 8769700K->1905085K(14444224K), 0.4606790 secs]
2018-05-19T17:08:24.225+0000: 730543.845: [GC 8778109K->1940784K(14464128K), 0.6175400 secs]
2018-05-19T17:09:37.040+0000: 730616.661: [GC 8838960K->2017438K(14433600K), 0.9486000 secs]
2018-05-19T17:10:49.355+0000: 730688.976: [GC 8915614K->2024257K(14422208K), 0.9744480 secs]
2018-05-19T17:11:45.658+0000: 730745.279: [GC 8873153K->2035500K(14381952K), 0.9312560 secs]
2018-05-19T17:12:07.530+0000: 730767.150: [GC 8884396K->1977428K(14432448K), 0.5526300 secs]
2018-05-19T17:12:21.988+0000: 730781.609: [GC 8814420K->1969910K(14424640K), 0.4516110 secs]
2018-05-19T17:12:34.649+0000: 730794.270: [GC 8806902K->1973552K(14441792K), 0.4804090 secs]
2018-05-19T17:12:54.746+0000: 730814.367: [GC 8832560K->1973534K(14437312K), 0.4164440 secs]
2018-05-19T17:13:35.273+0000: 730854.893: [GC 8832542K->2031766K(14451200K), 0.7027040 secs]
2018-05-19T17:15:01.893+0000: 730941.514: [GC 8907862K->2087365K(14405376K), 0.7914240 secs]
2018-05-19T17:16:09.896+0000: 731009.517: [GC 8963461K->2100582K(14422912K), 0.8731020 secs]
2018-05-19T17:17:04.311+0000: 731063.931: [GC 8942694K->2123927K(14383232K), 0.9678630 secs]
2018-05-19T17:18:02.575+0000: 731122.196: [GC 8966039K->2120883K(14411776K), 0.9248750 secs]
2018-05-19T17:19:04.059+0000: 731183.680: [GC 8932275K->2125539K(14335616K), 0.9118970 secs]
2018-05-19T17:19:58.675+0000: 731238.296: [GC 8936931K->2109189K(14424896K), 0.6776990 secs]
2018-05-19T17:20:15.888+0000: 731255.509: [GC 8928901K->2074805K(14414912K), 0.5595120 secs]
2018-05-19T17:23:09.392+0000: 731429.013: [GC 8894517K->2090864K(14432896K), 0.5228120 secs]
2018-05-19T17:23:26.637+0000: 731446.257: [GC 8931120K->2081280K(14427456K), 0.4630550 secs]
2018-05-19T17:23:57.063+0000: 731476.683: [GC 8921536K->2113673K(14439104K), 0.5584640 secs]
2018-05-19T17:23:58.257+0000: 731477.878: [GC 2338719K->2016673K(14190080K), 0.0409090 secs]
2018-05-19T17:23:58.298+0000: 731477.919: [Full GC 2016673K->1046172K(14190080K), 4.1081230 secs]
2018-05-19T17:24:18.367+0000: 731497.988: [GC 7891868K->1159917K(14437056K), 0.5125670 secs]
2018-05-19T17:24:37.083+0000: 731516.704: [GC 8003181K->1170033K(14426304K), 0.5514050 secs]
2018-05-19T17:25:02.774+0000: 731542.395: [GC 8013297K->1153908K(14451328K), 0.3421510 secs]
2018-05-19T17:25:21.440+0000: 731561.061: [GC 8031412K->1166341K(14446272K), 0.4343230 secs]
2018-05-19T17:25:57.461+0000: 731597.082: [GC 8043845K->1255309K(14434880K), 0.8727900 secs]
2018-05-19T17:27:54.623+0000: 731714.244: [GC 8127629K->1268777K(14396672K), 0.9294000 secs]
2018-05-19T17:28:54.350+0000: 731773.970: [GC 8141097K->1229528K(14443968K), 0.6738720 secs]
2018-05-19T17:29:09.875+0000: 731789.496: [GC 8087896K->1215685K(14434496K), 0.5261820 secs]
2018-05-19T17:29:38.199+0000: 731817.820: [GC 8074053K->1229389K(14459840K), 0.5624790 secs]
2018-05-19T17:29:54.907+0000: 731834.527: [GC 8120653K->1230572K(14451520K), 0.5236470 secs]
2018-05-19T17:30:09.383+0000: 731849.003: [GC 8121836K->1227005K(14471936K), 0.3091890 secs]
2018-05-19T17:30:27.959+0000: 731867.580: [GC 8145661K->1185385K(14466816K), 0.2187550 secs]
2018-05-19T17:30:43.337+0000: 731882.957: [GC 8104041K->1253889K(14477376K), 0.5704150 secs]
2018-05-19T17:31:00.919+0000: 731900.539: [GC 8180161K->1250492K(14468992K), 0.5275690 secs]
2018-05-19T17:31:19.579+0000: 731919.200: [GC 8176764K->1230074K(14487424K), 0.2922820 secs]
2018-05-19T17:31:50.909+0000: 731950.530: [GC 8182330K->1282277K(14484928K), 0.6303890 secs]
2018-05-19T17:32:43.343+0000: 732002.964: [GC 8234533K->1322416K(14470720K), 0.8045020 secs]
2018-05-19T17:34:06.111+0000: 732085.732: [GC 8262960K->1363195K(14470784K), 0.9732350 secs]
2018-05-19T17:34:36.743+0000: 732116.364: [GC 8303739K->1319704K(14465152K), 0.5855390 secs]
2018-05-19T17:34:52.693+0000: 732132.314: [GC 8235544K->1295960K(14467968K), 0.5090770 secs]
2018-05-19T17:35:26.108+0000: 732165.729: [GC 8211800K->1314505K(14479296K), 0.4927980 secs]
2018-05-19T17:35:42.756+0000: 732182.377: [GC 8246025K->1313957K(14472320K), 0.4814320 secs]
2018-05-19T17:36:08.959+0000: 732208.580: [GC 8245477K->1314225K(14488576K), 0.4908640 secs]
2018-05-19T17:36:26.275+0000: 732225.895: [GC 8267121K->1323382K(14484416K), 0.5028270 secs]
2018-05-19T17:36:43.510+0000: 732243.131: [GC 8276278K->1325136K(14496768K), 0.4959270 secs]
2018-05-19T17:37:46.224+0000: 732305.845: [GC 8294928K->1392505K(14472512K), 0.7967410 secs]
2018-05-19T17:38:05.360+0000: 732324.980: [GC 8362297K->1336971K(14489600K), 0.4600780 secs]
2018-05-19T17:38:22.690+0000: 732342.310: [GC 8293003K->1347838K(14486528K), 0.4625230 secs]
2018-05-19T17:38:46.912+0000: 732366.533: [GC 8303870K->1366645K(14499776K), 0.5384470 secs]
2018-05-19T17:39:04.728+0000: 732384.348: [GC 8339893K->1354220K(14493568K), 0.4457900 secs]
2018-05-19T17:39:42.108+0000: 732421.729: [GC 8327468K->1393711K(14503424K), 0.6158910 secs]
2018-05-19T17:40:41.899+0000: 732481.520: [GC 8379183K->1463209K(14502144K), 0.8154340 secs]
2018-05-19T17:41:46.570+0000: 732546.191: [GC 8448681K->1468735K(14434688K), 0.8426970 secs]
2018-05-19T17:42:03.834+0000: 732563.455: [GC 8385471K->1426996K(14468416K), 0.5972910 secs]
2018-05-19T17:42:20.239+0000: 732579.860: [GC 8343732K->1418322K(14478592K), 0.5113860 secs]
2018-05-19T17:42:45.439+0000: 732605.059: [GC 8351826K->1431311K(14475008K), 0.5190130 secs]
2018-05-19T17:43:00.558+0000: 732620.179: [GC 8364815K->1439086K(14488640K), 0.5209730 secs]
2018-05-19T17:43:46.392+0000: 732666.013: [GC 8391342K->1506803K(14465728K), 0.8216270 secs]
2018-05-19T17:44:41.228+0000: 732720.849: [GC 8459059K->1536131K(14441472K), 0.9721220 secs]
2018-05-19T17:45:18.804+0000: 732758.424: [GC 8434307K->1497895K(14459136K), 0.6298120 secs]
2018-05-19T17:45:36.215+0000: 732775.836: [GC 8396071K->1479471K(14464384K), 0.4924030 secs]
2018-05-19T17:46:08.584+0000: 732808.205: [GC 8385775K->1501567K(14462016K), 0.5738060 secs]
2018-05-19T17:46:44.321+0000: 732843.942: [GC 8407871K->1534335K(14473792K), 0.6818680 secs]
2018-05-19T17:47:00.498+0000: 732860.119: [GC 8458623K->1512179K(14470592K), 0.5312190 secs]
2018-05-19T17:47:34.833+0000: 732894.454: [GC 8436467K->1544707K(14481792K), 0.6704310 secs]
2018-05-19T17:47:55.587+0000: 732915.208: [GC 8483971K->1506010K(14477568K), 0.4365710 secs]
2018-05-19T17:48:13.542+0000: 732933.162: [GC 8445274K->1519264K(14483456K), 0.4866970 secs]
2018-05-19T17:48:33.786+0000: 732953.407: [GC 8464160K->1541449K(14481536K), 0.5538270 secs]
2018-05-19T17:48:50.709+0000: 732970.330: [GC 8486345K->1537643K(14492032K), 0.5058530 secs]
2018-05-19T17:49:23.116+0000: 733002.736: [GC 8498539K->1559826K(14488960K), 0.5949700 secs]
2018-05-19T17:49:57.707+0000: 733037.327: [GC 8520722K->1588081K(14495296K), 0.6208940 secs]
2018-05-19T17:50:14.541+0000: 733054.161: [GC 8561777K->1555574K(14496896K), 0.4458150 secs]
2018-05-19T17:51:00.420+0000: 733100.041: [GC 8529270K->1608591K(14490048K), 0.7173900 secs]
2018-05-19T17:52:01.412+0000: 733161.033: [GC 8577935K->1656475K(14494720K), 0.9471070 secs]
2018-05-19T17:52:39.790+0000: 733199.411: [GC 8625819K->1634273K(14451712K), 0.7405020 secs]
2018-05-19T17:52:56.582+0000: 733216.202: [GC 8560609K->1594926K(14473216K), 0.5003320 secs]
2018-05-19T17:53:19.351+0000: 733238.972: [GC 8521262K->1598852K(14478656K), 0.4996700 secs]
2018-05-19T17:53:38.691+0000: 733258.312: [GC 8533060K->1604058K(14475648K), 0.4747190 secs]
2018-05-19T17:53:55.228+0000: 733274.848: [GC 8538266K->1606153K(14484736K), 0.4910750 secs]
2018-05-19T17:54:06.307+0000: 733285.927: [GC 8552713K->1608555K(14481920K), 0.4543740 secs]
2018-05-19T17:54:23.468+0000: 733303.089: [GC 8555115K->1630776K(14493888K), 0.5384040 secs]
2018-05-19T17:55:06.436+0000: 733346.057: [GC 8592184K->1676021K(14487616K), 0.6963040 secs]
2018-05-19T17:56:11.671+0000: 733411.292: [GC 8637429K->1721361K(14445824K), 0.9454210 secs]
2018-05-19T17:57:09.967+0000: 733469.588: [GC 8635153K->1727782K(14444160K), 0.9425430 secs]
2018-05-19T17:58:01.167+0000: 733520.788: [GC 8641574K->1701260K(14455040K), 0.7478570 secs]
2018-05-19T17:58:18.888+0000: 733538.509: [GC 8589388K->1666298K(14453184K), 0.5811780 secs]
2018-05-19T17:58:37.007+0000: 733556.627: [GC 8554426K->1637133K(14456576K), 0.3490160 secs]
2018-05-19T17:58:54.803+0000: 733574.423: [GC 8533005K->1655461K(14457984K), 0.4009730 secs]
2018-05-19T17:59:44.798+0000: 733624.419: [GC 8551333K->1751986K(14436736K), 0.9115420 secs]
2018-05-19T18:00:38.807+0000: 733678.427: [GC 8629170K->1767789K(14410176K), 0.9609050 secs]
2018-05-19T18:01:35.690+0000: 733735.311: [GC 8644973K->1759413K(14429696K), 0.8921830 secs]
2018-05-19T18:01:53.120+0000: 733752.740: [GC 8605109K->1695220K(14432896K), 0.4604510 secs]
2018-05-19T18:02:10.851+0000: 733770.472: [GC 8540916K->1697363K(14439552K), 0.4548830 secs]
2018-05-19T18:03:09.663+0000: 733829.284: [GC 8552915K->1782103K(14372864K), 0.9175090 secs]
2018-05-19T18:04:17.791+0000: 733897.411: [GC 8637655K->1804027K(14415936K), 0.9977930 secs]
2018-05-19T18:05:18.912+0000: 733958.533: [GC 8633979K->1799906K(14349824K), 0.7935900 secs]
2018-05-19T18:05:34.326+0000: 733973.947: [GC 8629858K->1736070K(14426944K), 0.4391590 secs]
2018-05-19T18:05:48.012+0000: 733987.633: [GC 8565574K->1744545K(14422656K), 0.5305180 secs]
2018-05-19T18:06:02.683+0000: 734002.303: [GC 8574049K->1723232K(14433472K), 0.4061450 secs]
2018-05-19T18:06:15.908+0000: 734015.528: [GC 8569056K->1731985K(14432448K), 0.3797150 secs]
2018-05-19T18:06:27.121+0000: 734026.742: [GC 8577809K->1743680K(14441920K), 0.3488820 secs]
2018-05-19T18:06:37.961+0000: 734037.581: [GC 8602304K->1748524K(14436800K), 0.3871790 secs]
2018-05-19T18:06:50.998+0000: 734050.618: [GC 8607148K->1764338K(14454528K), 0.4702270 secs]
2018-05-19T18:07:10.444+0000: 734070.064: [GC 8646258K->1772760K(14447488K), 0.4411950 secs]
2018-05-19T18:07:51.536+0000: 734111.157: [GC 8654680K->1841366K(14449280K), 0.8166670 secs]
2018-05-19T18:09:05.325+0000: 734184.946: [GC 8732374K->1871801K(14416896K), 0.9399050 secs]
2018-05-19T18:10:01.184+0000: 734240.805: [GC 8762809K->1879968K(14422144K), 0.8925440 secs]
2018-05-19T18:11:22.191+0000: 734321.812: [GC 8724384K->1884521K(14368832K), 0.9018630 secs]
2018-05-19T18:11:43.249+0000: 734342.869: [GC 8728937K->1803366K(14428288K), 0.4511770 secs]
2018-05-19T18:11:56.895+0000: 734356.515: [GC 8636710K->1812358K(14425152K), 0.2489200 secs]
2018-05-19T18:12:07.258+0000: 734366.878: [GC 8645702K->1825373K(14438912K), 0.2994140 secs]
2018-05-19T18:12:22.266+0000: 734381.887: [GC 8677149K->1842386K(14432960K), 0.4692580 secs]
2018-05-19T18:13:11.721+0000: 734431.341: [GC 8694162K->1919361K(14431296K), 0.8653280 secs]
2018-05-19T18:14:12.120+0000: 734491.741: [GC 8777601K->1941786K(14386112K), 0.8921650 secs]
2018-05-19T18:14:33.255+0000: 734512.876: [GC 8800026K->1863506K(14434048K), 0.4632450 secs]
2018-05-19T18:14:46.570+0000: 734526.190: [GC 8706386K->1860235K(14428928K), 0.3894880 secs]
2018-05-19T18:15:00.726+0000: 734540.347: [GC 8703115K->1865482K(14442432K), 0.4045290 secs]
2018-05-19T18:15:12.467+0000: 734552.088: [GC 8725706K->1862829K(14437888K), 0.3107450 secs]
2018-05-19T18:15:23.358+0000: 734562.979: [GC 8723053K->1877391K(14452928K), 0.4207230 secs]
2018-05-19T18:15:41.342+0000: 734580.962: [GC 8756623K->1901164K(14446400K), 0.5514300 secs]
2018-05-19T18:16:30.568+0000: 734630.189: [GC 8780396K->1914803K(14471680K), 0.5561250 secs]
2018-05-19T18:16:45.634+0000: 734645.254: [GC 8829299K->1898064K(14462912K), 0.3868580 secs]
2018-05-19T18:16:57.149+0000: 734656.770: [GC 8812560K->1912355K(14483840K), 0.4107590 secs]
2018-05-19T18:17:09.038+0000: 734668.659: [GC 8853283K->1914644K(14477184K), 0.4316790 secs]
2018-05-19T18:17:21.515+0000: 734681.136: [GC 8855572K->1917992K(14494336K), 0.4287250 secs]
2018-05-19T18:17:36.027+0000: 734695.648: [GC 8881896K->1916031K(14489664K), 0.3659870 secs]
2018-05-19T18:17:47.812+0000: 734707.433: [GC 8879935K->1927698K(14502016K), 0.2750180 secs]
2018-05-19T18:18:00.505+0000: 734720.126: [GC 8907282K->1941096K(14497664K), 0.3915080 secs]
2018-05-19T18:18:15.085+0000: 734734.706: [GC 8920680K->1936317K(14511488K), 0.4010940 secs]
2018-05-19T18:18:32.418+0000: 734752.038: [GC 8935741K->1956057K(14508032K), 0.4750670 secs]
2018-05-19T18:19:20.324+0000: 734799.945: [GC 8955481K->2015515K(14491456K), 0.7490550 secs]
2018-05-19T18:20:48.467+0000: 734888.088: [GC 9004699K->2057946K(14504640K), 0.9423890 secs]
2018-05-19T18:21:36.623+0000: 734936.243: [GC 9047130K->2055346K(14436800K), 0.7605190 secs]
2018-05-19T18:22:04.910+0000: 734964.531: [GC 8976690K->2019121K(14470720K), 0.5574670 secs]
2018-05-19T18:22:22.758+0000: 734982.379: [GC 8940465K->1981749K(14478272K), 0.2852100 secs]
2018-05-19T18:22:36.280+0000: 734995.901: [GC 8918581K->2010538K(14478464K), 0.4014330 secs]
2018-05-19T18:22:47.575+0000: 735007.195: [GC 8947370K->2021657K(14488704K), 0.4296180 secs]
2018-05-19T18:23:20.720+0000: 735040.341: [GC 8973529K->2060823K(14483264K), 0.6518940 secs]
2018-05-19T18:24:02.417+0000: 735082.038: [GC 5579194K->2039416K(14495296K), 0.4687240 secs]
2018-05-19T18:24:02.886+0000: 735082.507: [Full GC 2039416K->1174513K(14495296K), 3.7668630 secs]
2018-05-19T18:24:38.826+0000: 735118.447: [GC 8139761K->1309413K(14490048K), 0.6336250 secs]
2018-05-19T18:24:55.875+0000: 735135.496: [GC 8274661K->1297727K(14500928K), 0.4957060 secs]
2018-05-19T18:25:13.636+0000: 735153.257: [GC 8272511K->1307510K(14493952K), 0.5014130 secs]
2018-05-19T18:26:03.754+0000: 735203.375: [GC 8282294K->1387713K(14457152K), 0.9557960 secs]
2018-05-19T18:26:23.764+0000: 735223.384: [GC 8331201K->1311762K(14481792K), 0.3907460 secs]
2018-05-19T18:26:41.542+0000: 735241.162: [GC 8255250K->1332185K(14488192K), 0.4638260 secs]
2018-05-19T18:27:29.884+0000: 735289.505: [GC 8283673K->1410975K(14465536K), 0.8133390 secs]
2018-05-19T18:28:06.633+0000: 735326.254: [GC 8362463K->1388044K(14475840K), 0.6538790 secs]
2018-05-19T18:28:24.305+0000: 735343.926: [GC 8318348K->1359308K(14474560K), 0.5114260 secs]
2018-05-19T18:28:59.443+0000: 735379.064: [GC 8289612K->1403345K(14480448K), 0.6991470 secs]
2018-05-19T18:29:34.799+0000: 735414.420: [GC 8344145K->1369974K(14480448K), 0.4493480 secs]
2018-05-19T18:29:52.117+0000: 735431.738: [GC 8310774K->1385415K(14489152K), 0.5227910 secs]
2018-05-19T18:30:12.882+0000: 735452.503: [GC 8338567K->1402932K(14484096K), 0.5194820 secs]
2018-05-19T18:30:34.325+0000: 735473.946: [GC 8356084K->1374032K(14496320K), 0.3561710 secs]
2018-05-19T18:30:57.194+0000: 735496.815: [GC 8346384K->1406883K(14496128K), 0.5743710 secs]
2018-05-19T18:31:55.391+0000: 735555.012: [GC 8379235K->1489637K(14456000K), 0.9041900 secs]
2018-05-19T18:32:52.762+0000: 735612.382: [GC 8427749K->1436574K(14479104K), 0.5466810 secs]
2018-05-19T18:33:08.554+0000: 735628.175: [GC 8374686K->1447425K(14491008K), 0.5541760 secs]
2018-05-19T18:33:33.997+0000: 735653.618: [GC 8403393K->1448738K(14485056K), 0.5515300 secs]
2018-05-19T18:34:17.965+0000: 735697.585: [GC 8404706K->1495333K(14483968K), 0.7268200 secs]
2018-05-19T18:34:35.365+0000: 735714.986: [GC 8455205K->1458176K(14489984K), 0.5094060 secs]
2018-05-19T18:34:52.305+0000: 735731.926: [GC 8418048K->1461910K(14496384K), 0.5363980 secs]
2018-05-19T18:35:16.086+0000: 735755.707: [GC 8431382K->1477012K(14493184K), 0.4906240 secs]
2018-05-19T18:35:32.338+0000: 735771.959: [GC 8446484K->1473028K(14504000K), 0.5013530 secs]
2018-05-19T18:36:09.479+0000: 735809.099: [GC 8458436K->1522852K(14472896K), 0.7286350 secs]
2018-05-19T18:36:56.869+0000: 735856.489: [GC 8508260K->1537821K(14486912K), 0.7313210 secs]
2018-05-19T18:37:13.072+0000: 735872.692: [GC 8503965K->1501182K(14493120K), 0.5154880 secs]
2018-05-19T18:37:40.689+0000: 735900.309: [GC 8467326K->1513108K(14500800K), 0.5176330 secs]
2018-05-19T18:37:57.812+0000: 735917.433: [GC 8490068K->1519301K(14496256K), 0.5320770 secs]
2018-05-19T18:38:17.930+0000: 735937.551: [GC 8496261K->1530189K(14509888K), 0.5503600 secs]
2018-05-19T18:39:40.647+0000: 736020.268: [GC 8525069K->1612836K(14505088K), 0.9082820 secs]
2018-05-19T18:40:08.884+0000: 736048.504: [GC 8607716K->1533718K(14458880K), 0.2910830 secs]
2018-05-19T18:40:39.711+0000: 736079.332: [GC 8477590K->1555551K(14481984K), 0.3781530 secs]
2018-05-19T18:41:00.116+0000: 736099.736: [GC 8499423K->1553472K(14481664K), 0.3072100 secs]
2018-05-19T18:41:29.771+0000: 736129.392: [GC 8498112K->1579242K(14482368K), 0.3568100 secs]
2018-05-19T18:41:51.710+0000: 736151.331: [GC 8523882K->1586741K(14487616K), 0.3397730 secs]
2018-05-19T18:42:25.077+0000: 736184.698: [GC 8539637K->1635099K(14485376K), 0.5197950 secs]
2018-05-19T18:43:27.411+0000: 736247.032: [GC 8587995K->1742117K(14428224K), 0.9163380 secs]
2018-05-19T18:44:01.500+0000: 736281.120: [GC 8644901K->1693849K(14461440K), 0.5096910 secs]
2018-05-19T18:44:16.967+0000: 736296.588: [GC 8596633K->1707337K(14478784K), 0.5451010 secs]
2018-05-19T18:44:45.702+0000: 736325.323: [GC 8636745K->1724495K(14470720K), 0.5483220 secs]
2018-05-19T18:45:02.623+0000: 736342.244: [GC 8653903K->1733041K(14492288K), 0.4848170 secs]
2018-05-19T18:45:30.591+0000: 736370.212: [GC 8690993K->1750591K(14485760K), 0.5104340 secs]
2018-05-19T18:45:46.250+0000: 736385.871: [GC 8708543K->1749797K(14503040K), 0.5050600 secs]
2018-05-19T18:46:11.879+0000: 736411.499: [GC 8731429K->1778843K(14498688K), 0.6411130 secs]
2018-05-19T18:46:35.187+0000: 736434.808: [GC 8760475K->1777767K(14510016K), 0.5215470 secs]
2018-05-19T18:46:52.695+0000: 736452.316: [GC 8773031K->1779713K(14505344K), 0.5015450 secs]
2018-05-19T18:47:39.986+0000: 736499.607: [GC 8774977K->1836582K(14494464K), 0.7006390 secs]
2018-05-19T18:48:38.622+0000: 736558.243: [GC 8823590K->1893993K(14503552K), 0.8363520 secs]
2018-05-19T18:49:47.793+0000: 736627.413: [GC 8881001K->1921828K(14406912K), 0.9884110 secs]
2018-05-19T18:50:51.979+0000: 736691.599: [GC 8812196K->1947415K(14419136K), 0.9702400 secs]
2018-05-19T18:52:03.355+0000: 736762.975: [GC 8837783K->1954037K(14429760K), 0.9068260 secs]
2018-05-19T18:53:03.030+0000: 736822.650: [GC 8808821K->1964487K(14382848K), 0.9726200 secs]
2018-05-19T18:53:45.805+0000: 736865.426: [GC 8819271K->1927078K(14440192K), 0.6688270 secs]
2018-05-19T18:54:02.348+0000: 736881.969: [GC 8779110K->1901699K(14431936K), 0.5153190 secs]
2018-05-19T18:54:30.841+0000: 736910.462: [GC 8753731K->1917084K(14446400K), 0.5073580 secs]
2018-05-19T18:54:46.394+0000: 736926.015: [GC 8785308K->1920557K(14441920K), 0.5402790 secs]
2018-05-19T18:55:12.223+0000: 736951.844: [GC 8788781K->1938719K(14455872K), 0.5428720 secs]
2018-05-19T18:55:32.178+0000: 736971.799: [GC 8824479K->1926173K(14449984K), 0.4536050 secs]
2018-05-19T18:55:49.080+0000: 736988.701: [GC 8811933K->1936444K(14462080K), 0.5165950 secs]
2018-05-19T18:56:13.528+0000: 737013.149: [GC 8837052K->1934345K(14458624K), 0.4816290 secs]
2018-05-19T18:56:30.591+0000: 737030.211: [GC 8834953K->1946334K(14469184K), 0.4906190 secs]
2018-05-19T18:56:55.778+0000: 737055.398: [GC 8860318K->1951396K(14464896K), 0.4956310 secs]
2018-05-19T18:57:12.698+0000: 737072.319: [GC 8865380K->1949409K(14477312K), 0.4419150 secs]
2018-05-19T18:57:43.897+0000: 737103.518: [GC 8880609K->1968004K(14473984K), 0.5222130 secs]
2018-05-19T18:58:02.014+0000: 737121.635: [GC 8899204K->1972841K(14488320K), 0.5125740 secs]
2018-05-19T18:58:20.080+0000: 737139.700: [GC 8924201K->1988542K(14483136K), 0.5780260 secs]
2018-05-19T18:58:46.401+0000: 737166.022: [GC 8939902K->1997392K(14501632K), 0.5567770 secs]
2018-05-19T18:59:09.264+0000: 737188.885: [GC 8973968K->1987489K(14495040K), 0.5114490 secs]
2018-05-19T19:04:29.545+0000: 737509.165: [GC 8964065K->2033249K(14498048K), 0.6519150 secs]
2018-05-19T19:13:02.051+0000: 738021.672: [GC 9015905K->2050347K(14501376K), 0.6358340 secs]
2018-05-19T19:21:52.142+0000: 738551.763: [GC 9033003K->2073368K(14503936K), 0.6415940 secs]
2018-05-19T19:24:06.663+0000: 738686.283: [GC 3744713K->1997570K(14353792K), 0.1789970 secs]
2018-05-19T19:24:06.842+0000: 738686.462: [Full GC 1997570K->1016089K(14353792K), 3.6071840 secs]
2018-05-19T19:35:03.560+0000: 739343.181: [GC 7999321K->1141273K(14496576K), 0.5469400 secs]
2018-05-19T19:45:25.902+0000: 739965.523: [GC 8111705K->1154933K(14493952K), 0.5757190 secs]
2018-05-19T19:54:55.527+0000: 740535.148: [GC 8125365K->1173548K(14505280K), 0.5780760 secs]
2018-05-19T20:04:05.881+0000: 741085.502: [GC 8159596K->1190020K(14500864K), 0.5716580 secs]
2018-05-19T20:14:17.189+0000: 741696.809: [GC 8176068K->1202588K(14515392K), 0.5800070 secs]
2018-05-19T20:24:10.459+0000: 742290.079: [GC 7189739K->1198855K(14510272K), 0.4923360 secs]
2018-05-19T20:24:10.951+0000: 742290.572: [Full GC 1198855K->797779K(14510272K), 3.2415890 secs]
2018-05-19T20:34:12.661+0000: 742892.282: [GC 7803347K->912243K(14521408K), 0.5756570 secs]
2018-05-19T20:46:45.578+0000: 743645.199: [GC 7930547K->927340K(14516992K), 0.5356720 secs]
2018-05-19T20:56:57.319+0000: 744256.940: [GC 7945644K->955982K(14527808K), 0.5715170 secs]
2018-05-19T21:09:59.885+0000: 745039.506: [GC 7989326K->969810K(14525632K), 0.4893540 secs]
2018-05-19T21:20:46.016+0000: 745685.637: [GC 8003154K->993203K(14534144K), 0.5727050 secs]
2018-05-19T21:24:14.204+0000: 745893.825: [GC 2599636K->926290K(14413440K), 0.1446690 secs]
2018-05-19T21:24:14.349+0000: 745893.970: [Full GC 926290K->608066K(14413440K), 2.3126530 secs]
2018-05-19T21:40:03.769+0000: 746843.390: [GC 7653186K->721522K(14524992K), 0.4530920 secs]
2018-05-19T21:55:55.794+0000: 747795.415: [GC 7749362K->740769K(14522944K), 0.5313660 secs]
2018-05-19T22:21:41.961+0000: 749341.581: [GC 7768609K->760693K(14533056K), 0.5902800 secs]
2018-05-19T22:24:16.672+0000: 749496.292: [GC 893179K->680612K(14384960K), 0.0609550 secs]
2018-05-19T22:24:16.733+0000: 749496.353: [Full GC 680612K->428628K(14384960K), 1.8779070 secs]
2018-05-19T22:42:47.576+0000: 750607.196: [GC 7470804K->536197K(14521664K), 0.4799820 secs]
2018-05-19T23:07:11.020+0000: 752070.641: [GC 7557317K->557650K(14519552K), 0.4964250 secs]
2018-05-19T23:24:18.620+0000: 753098.241: [GC 6259526K->555219K(14528704K), 0.3999670 secs]
2018-05-19T23:24:19.020+0000: 753098.641: [Full GC 555219K->462447K(14528704K), 2.1959760 secs]
2018-05-19T23:55:56.423+0000: 754996.044: [GC 7497967K->564048K(14526912K), 0.5159110 secs]
2018-05-20T00:24:21.228+0000: 756700.849: [GC 4731163K->543042K(14530112K), 0.3012230 secs]
2018-05-20T00:24:21.529+0000: 756701.150: [Full GC 543042K->412850K(14530112K), 1.9464570 secs]
2018-05-20T01:17:08.236+0000: 759867.857: [GC 7454770K->512974K(14531008K), 0.5138290 secs]
2018-05-20T01:24:23.488+0000: 760303.108: [GC 1387225K->452970K(14517056K), 0.1088510 secs]
2018-05-20T01:24:23.597+0000: 760303.217: [Full GC 452970K->341718K(14517056K), 1.6204310 secs]
2018-05-20T02:21:00.432+0000: 763700.053: [GC 7372374K->439836K(14525376K), 0.5034580 secs]
2018-05-20T02:24:25.227+0000: 763904.848: [GC 795043K->375822K(14513472K), 0.0766890 secs]
2018-05-20T02:24:25.304+0000: 763904.924: [Full GC 375822K->314489K(14513472K), 1.5644970 secs]
2018-05-20T03:00:27.895+0000: 766067.516: [GC 7335289K->414259K(14520448K), 0.4203160 secs]
2018-05-20T03:24:26.878+0000: 767506.499: [GC 6022877K->417825K(14527936K), 0.3888860 secs]
2018-05-20T03:24:27.268+0000: 767506.888: [Full GC 417825K->368438K(14527936K), 1.7914870 secs]
2018-05-20T03:44:48.305+0000: 768727.926: [GC 7396854K->456359K(14520576K), 0.4459280 secs]
2018-05-20T04:04:56.192+0000: 769935.812: [GC 7484775K->474940K(14535040K), 0.4402040 secs]
2018-05-20T04:24:29.069+0000: 771108.690: [GC 7225997K->488722K(14532224K), 0.4746150 secs]
2018-05-20T04:24:29.544+0000: 771109.165: [Full GC 488722K->382006K(14532224K), 2.0775780 secs]
2018-05-20T04:43:01.784+0000: 772221.404: [GC 7429174K->479319K(14539392K), 0.4952490 secs]
2018-05-20T05:01:12.794+0000: 773312.415: [GC 7537687K->500908K(14499200K), 0.4245660 secs]
2018-05-20T05:17:27.425+0000: 774287.046: [GC 7559276K->523331K(14538688K), 0.4988180 secs]
2018-05-20T05:24:31.631+0000: 774711.252: [GC 3809177K->489785K(14445440K), 0.2323120 secs]
2018-05-20T05:24:31.864+0000: 774711.485: [Full GC 489785K->378299K(14445440K), 1.7514850 secs]
2018-05-20T05:37:12.246+0000: 775471.867: [GC 7435707K->479531K(14536064K), 0.5132530 secs]
2018-05-20T05:49:03.563+0000: 776183.183: [GC 7532971K->500874K(14500416K), 0.5327520 secs]
2018-05-20T05:59:44.036+0000: 776823.657: [GC 7554314K->518732K(14533440K), 0.5480040 secs]
2018-05-20T06:09:58.443+0000: 777438.063: [GC 7566540K->540562K(14501056K), 0.4716280 secs]
2018-05-20T06:19:46.887+0000: 778026.508: [GC 7588370K->572773K(14519680K), 0.5687920 secs]
2018-05-20T06:24:33.626+0000: 778313.246: [GC 4077157K->543271K(14525184K), 0.2969750 secs]
2018-05-20T06:24:33.923+0000: 778313.543: [Full GC 543271K->450843K(14525184K), 1.9303710 secs]
2018-05-20T06:34:28.549+0000: 778908.170: [GC 7481115K->566812K(14520192K), 0.5284170 secs]
2018-05-20T06:44:09.693+0000: 779489.314: [GC 7592732K->589923K(14480448K), 0.5753950 secs]
2018-05-20T06:53:39.840+0000: 780059.461: [GC 7615843K->607315K(14521920K), 0.5548770 secs]
2018-05-20T07:01:22.552+0000: 780522.172: [GC 7630803K->635312K(14485184K), 0.5518870 secs]
2018-05-20T07:07:38.436+0000: 780898.056: [GC 7658800K->656148K(14519424K), 0.5697030 secs]
2018-05-20T07:14:42.603+0000: 781322.224: [GC 7674516K->682057K(14478720K), 0.5537860 secs]
2018-05-20T07:22:08.514+0000: 781768.134: [GC 7700425K->710141K(14516032K), 0.5734800 secs]
2018-05-20T07:24:35.863+0000: 781915.484: [GC 3282201K->663792K(14399936K), 0.2386600 secs]
2018-05-20T07:24:36.102+0000: 781915.723: [Full GC 663792K->541861K(14399936K), 2.4666580 secs]
2018-05-20T07:33:25.393+0000: 782445.014: [GC 7556133K->661302K(14511552K), 0.5469700 secs]
2018-05-20T07:41:41.994+0000: 782941.615: [GC 7665590K->692692K(14468160K), 0.5683870 secs]
2018-05-20T07:51:51.268+0000: 783550.889: [GC 7696980K->720450K(14509696K), 0.5756410 secs]
2018-05-20T07:58:52.505+0000: 783972.125: [GC 7720514K->744669K(14510080K), 0.5630790 secs]
2018-05-20T08:01:16.480+0000: 784116.101: [GC 7744733K->734023K(14513984K), 0.3972390 secs]
2018-05-20T08:01:41.445+0000: 784141.066: [GC 7739911K->760624K(14512000K), 0.4634040 secs]
2018-05-20T08:02:09.766+0000: 784169.386: [GC 7766512K->775633K(14523648K), 0.4696150 secs]
2018-05-20T08:02:33.212+0000: 784192.833: [GC 7797713K->774771K(14518528K), 0.4353080 secs]
2018-05-20T08:02:56.943+0000: 784216.563: [GC 7796851K->779286K(14530240K), 0.4365080 secs]
2018-05-20T08:03:20.851+0000: 784240.472: [GC 7816534K->786495K(14527104K), 0.4380800 secs]
2018-05-20T08:03:44.006+0000: 784263.627: [GC 7823743K->796566K(14538240K), 0.4667620 secs]
2018-05-20T08:04:07.513+0000: 784287.134: [GC 7848470K->802675K(14533760K), 0.4648940 secs]
2018-05-20T08:04:30.857+0000: 784310.478: [GC 7854579K->804923K(14545344K), 0.4414660 secs]
2018-05-20T08:04:54.484+0000: 784334.105: [GC 7872251K->812309K(14542080K), 0.4845850 secs]
2018-05-20T08:05:17.621+0000: 784357.242: [GC 7879637K->819581K(14551616K), 0.4271730 secs]
2018-05-20T08:05:40.118+0000: 784379.738: [GC 7899645K->829470K(14548544K), 0.4633530 secs]
2018-05-20T08:06:07.477+0000: 784407.097: [GC 7909534K->832995K(14555520K), 0.4756970 secs]
2018-05-20T08:06:28.299+0000: 784427.920: [GC 7921251K->840820K(14552832K), 0.4998050 secs]
2018-05-20T08:06:53.045+0000: 784452.666: [GC 7929076K->840434K(14559040K), 0.4981210 secs]
2018-05-20T08:07:17.229+0000: 784476.849: [GC 7937010K->837535K(14557632K), 0.4123710 secs]
2018-05-20T08:07:41.874+0000: 784501.495: [GC 7934111K->840160K(14559168K), 0.3974800 secs]
2018-05-20T08:08:06.232+0000: 784525.852: [GC 7938272K->851907K(14559040K), 0.4329700 secs]
2018-05-20T08:08:29.377+0000: 784548.997: [GC 7950019K->862312K(14562240K), 0.4589660 secs]
2018-05-20T08:08:51.970+0000: 784571.591: [GC 7965160K->865035K(14560704K), 0.4218180 secs]
2018-05-20T08:09:15.222+0000: 784594.843: [GC 7967883K->873091K(14565568K), 0.4466940 secs]
2018-05-20T08:09:37.943+0000: 784617.563: [GC 7982723K->880056K(14564160K), 0.4652800 secs]
2018-05-20T08:10:03.577+0000: 784643.198: [GC 7989688K->885795K(14568128K), 0.4272150 secs]
2018-05-20T08:10:27.413+0000: 784667.033: [GC 8000739K->888330K(14566912K), 0.4464990 secs]
2018-05-20T08:10:51.481+0000: 784691.102: [GC 8003274K->901174K(14567744K), 0.4828130 secs]
2018-05-20T08:11:14.948+0000: 784714.568: [GC 8018102K->900593K(14568512K), 0.4602960 secs]
2018-05-20T08:11:38.888+0000: 784738.508: [GC 8017521K->914044K(14568128K), 0.4628070 secs]
2018-05-20T08:12:00.234+0000: 784759.854: [GC 8031356K->918386K(14568704K), 0.4703170 secs]
2018-05-20T08:12:23.452+0000: 784783.073: [GC 8035698K->923041K(14570240K), 0.4624440 secs]
2018-05-20T08:12:46.744+0000: 784806.365: [GC 8042721K->926777K(14569536K), 0.4607790 secs]
2018-05-20T08:13:09.210+0000: 784828.831: [GC 8046457K->935552K(14571776K), 0.4684420 secs]
2018-05-20T08:13:30.883+0000: 784850.504: [GC 8058048K->941324K(14570816K), 0.4957960 secs]
2018-05-20T08:13:53.429+0000: 784873.049: [GC 8063820K->944954K(14572608K), 0.4840810 secs]
2018-05-20T08:14:16.902+0000: 784896.523: [GC 8069562K->949330K(14572096K), 0.4615580 secs]
2018-05-20T08:14:40.796+0000: 784920.416: [GC 8073938K->959930K(14571456K), 0.4780370 secs]
2018-05-20T08:15:03.379+0000: 784943.000: [GC 8084666K->963982K(14572416K), 0.4393800 secs]
2018-05-20T08:15:25.618+0000: 784965.238: [GC 8088718K->967636K(14573632K), 0.4393180 secs]
2018-05-20T08:15:48.461+0000: 784988.082: [GC 8094036K->975629K(14572864K), 0.4674940 secs]
2018-05-20T08:16:09.681+0000: 785009.302: [GC 8102029K->979916K(14573824K), 0.4596860 secs]
2018-05-20T08:16:30.903+0000: 785030.524: [GC 8107212K->990527K(14570816K), 0.4803680 secs]
2018-05-20T08:16:54.020+0000: 785053.640: [GC 8117823K->989682K(14573184K), 0.4358610 secs]
2018-05-20T08:17:14.348+0000: 785073.969: [GC 8115634K->1002652K(14572864K), 0.5040570 secs]
2018-05-20T08:17:37.493+0000: 785097.114: [GC 8128604K->1000494K(14572544K), 0.4345170 secs]
2018-05-20T08:18:02.621+0000: 785122.241: [GC 8125998K->996887K(14549504K), 0.3723470 secs]
2018-05-20T08:18:21.360+0000: 785140.980: [GC 8122391K->1030440K(14558400K), 0.5160950 secs]
2018-05-20T08:18:38.516+0000: 785158.137: [GC 8139944K->1028450K(14564800K), 0.4433600 secs]
2018-05-20T08:18:56.071+0000: 785175.692: [GC 8137954K->1041389K(14566592K), 0.4941940 secs]
2018-05-20T08:19:15.468+0000: 785195.089: [GC 8154285K->1046465K(14566400K), 0.4795780 secs]
2018-05-20T08:19:31.177+0000: 785210.797: [GC 8159361K->1056812K(14567168K), 0.5069970 secs]
2018-05-20T08:19:47.577+0000: 785227.198: [GC 8171308K->1062906K(14567296K), 0.4330950 secs]
2018-05-20T08:20:03.795+0000: 785243.415: [GC 8177402K->1082853K(14552896K), 0.5141530 secs]
2018-05-20T08:20:18.851+0000: 785258.471: [GC 8183013K->1095476K(14557632K), 0.5396540 secs]
2018-05-20T08:20:35.002+0000: 785274.622: [GC 8195636K->1098532K(14553664K), 0.5084830 secs]
2018-05-20T08:20:52.755+0000: 785292.375: [GC 8189732K->1112684K(14546048K), 0.5362890 secs]
2018-05-20T08:21:09.458+0000: 785309.079: [GC 8203884K->1119808K(14553024K), 0.4916490 secs]
2018-05-20T08:21:28.595+0000: 785328.216: [GC 8206656K->1133339K(14539392K), 0.5440770 secs]
2018-05-20T08:21:48.613+0000: 785348.234: [GC 8220187K->1130726K(14554432K), 0.5059160 secs]
2018-05-20T08:22:10.925+0000: 785370.546: [GC 8218342K->1130533K(14553280K), 0.4745820 secs]
2018-05-20T08:22:28.961+0000: 785388.582: [GC 8218149K->1163938K(14545088K), 0.5341030 secs]
2018-05-20T08:22:44.384+0000: 785404.005: [GC 8243618K->1163839K(14549888K), 0.4988620 secs]
2018-05-20T08:23:02.541+0000: 785422.162: [GC 8243519K->1170474K(14553472K), 0.4821160 secs]
2018-05-20T08:23:19.217+0000: 785438.838: [GC 8255594K->1188586K(14551744K), 0.5510400 secs]
2018-05-20T08:23:37.695+0000: 785457.316: [GC 8273706K->1191847K(14553664K), 0.5184350 secs]
2018-05-20T08:23:56.445+0000: 785476.065: [GC 8278055K->1209630K(14547392K), 0.5736130 secs]
2018-05-20T08:24:36.947+0000: 785516.568: [GC 8295838K->1222811K(14541760K), 0.5713490 secs]
2018-05-20T08:24:38.579+0000: 785518.200: [GC 1660487K->1123201K(14422336K), 0.0670750 secs]
2018-05-20T08:24:38.647+0000: 785518.267: [Full GC 1123201K->743129K(14422336K), 3.5449570 secs]
2018-05-20T08:25:06.158+0000: 785545.779: [GC 7815641K->848414K(14534528K), 0.3887510 secs]
2018-05-20T08:25:55.540+0000: 785595.161: [GC 7894046K->883421K(14509248K), 0.6085370 secs]
2018-05-20T08:26:22.828+0000: 785622.449: [GC 7929053K->884254K(14532032K), 0.5107780 secs]
2018-05-20T08:26:44.634+0000: 785644.255: [GC 7927006K->896354K(14530816K), 0.5400380 secs]
2018-05-20T08:27:09.658+0000: 785669.278: [GC 7939106K->909989K(14529088K), 0.5273160 secs]
2018-05-20T08:27:30.801+0000: 785690.422: [GC 7950373K->918699K(14530240K), 0.5227000 secs]
2018-05-20T08:27:51.357+0000: 785710.978: [GC 7959083K->936261K(14524800K), 0.5742080 secs]
2018-05-20T08:28:12.246+0000: 785731.867: [GC 7971269K->935553K(14527552K), 0.5624160 secs]
2018-05-20T08:28:32.014+0000: 785751.635: [GC 7970561K->936572K(14531392K), 0.5140040 secs]
2018-05-20T08:28:52.854+0000: 785772.475: [GC 7976188K->952114K(14528320K), 0.5331580 secs]
2018-05-20T08:29:16.750+0000: 785796.370: [GC 7991730K->954070K(14534400K), 0.5264660 secs]
2018-05-20T08:29:37.525+0000: 785817.146: [GC 7999766K->981709K(14520896K), 0.6250850 secs]
2018-05-20T08:29:57.493+0000: 785837.114: [GC 8027405K->981279K(14529536K), 0.5969220 secs]
2018-05-20T08:30:20.868+0000: 785860.488: [GC 8020191K->975472K(14529472K), 0.4913000 secs]
2018-05-20T08:30:47.035+0000: 785886.656: [GC 8014384K->996171K(14532736K), 0.5584200 secs]
2018-05-20T08:31:07.220+0000: 785906.841: [GC 8040907K->1006930K(14532096K), 0.5839280 secs]
2018-05-20T08:31:27.257+0000: 785926.878: [GC 8051666K->1010880K(14534656K), 0.5693200 secs]
2018-05-20T08:31:47.108+0000: 785946.729: [GC 8057920K->1008232K(14532480K), 0.5172310 secs]
2018-05-20T08:32:09.913+0000: 785969.534: [GC 8055272K->1022758K(14538496K), 0.5321170 secs]
2018-05-20T08:32:30.599+0000: 785990.220: [GC 8076966K->1034049K(14535808K), 0.5713010 secs]
2018-05-20T08:32:52.618+0000: 786012.238: [GC 8088257K->1041541K(14542080K), 0.5521640 secs]
2018-05-20T08:33:13.034+0000: 786032.655: [GC 8104325K->1054206K(14540800K), 0.5850660 secs]
2018-05-20T08:33:37.199+0000: 786056.820: [GC 8116990K->1053881K(14542656K), 0.5584040 secs]
2018-05-20T08:34:20.028+0000: 786099.649: [GC 8117305K->1114161K(14540864K), 0.8176070 secs]
2018-05-20T08:35:08.279+0000: 786147.899: [GC 8177585K->1156719K(14468544K), 0.7080040 secs]
2018-05-20T08:35:48.725+0000: 786188.345: [GC 8146031K->1192140K(14490752K), 0.7316360 secs]
2018-05-20T08:36:30.491+0000: 786230.112: [GC 8181452K->1204175K(14483328K), 0.8070450 secs]
2018-05-20T08:37:22.294+0000: 786281.914: [GC 8164943K->1211736K(14457984K), 0.7764040 secs]
2018-05-20T08:37:41.089+0000: 786300.709: [GC 8172504K->1179940K(14488832K), 0.4071930 secs]
2018-05-20T08:38:00.752+0000: 786320.372: [GC 8136612K->1189464K(14487936K), 0.4946800 secs]
2018-05-20T08:38:18.545+0000: 786338.166: [GC 8146136K->1195137K(14491072K), 0.4396760 secs]
2018-05-20T08:38:35.981+0000: 786355.602: [GC 8156417K->1221013K(14490304K), 0.5212620 secs]
2018-05-20T08:38:51.708+0000: 786371.329: [GC 8182293K->1247229K(14500032K), 0.5818190 secs]
2018-05-20T08:39:11.370+0000: 786390.991: [GC 8221693K->1239954K(14494528K), 0.4697130 secs]
2018-05-20T08:39:27.494+0000: 786407.115: [GC 8214418K->1271959K(14505664K), 0.6021240 secs]
2018-05-20T08:39:44.016+0000: 786423.637: [GC 8258711K->1289904K(14501184K), 0.5818410 secs]
2018-05-20T08:40:39.986+0000: 786479.607: [GC 8276656K->1340806K(14489600K), 0.7873090 secs]
2018-05-20T08:41:30.628+0000: 786530.248: [GC 8320006K->1333412K(14466944K), 0.7279240 secs]
2018-05-20T08:41:49.442+0000: 786549.063: [GC 8312612K->1289009K(14495296K), 0.4316010 secs]
2018-05-20T08:42:09.166+0000: 786568.786: [GC 8262321K->1322919K(14496704K), 0.5662370 secs]
2018-05-20T08:42:25.007+0000: 786584.628: [GC 8296231K->1300903K(14498816K), 0.3865320 secs]
2018-05-20T08:42:45.698+0000: 786605.318: [GC 8280743K->1313476K(14499968K), 0.4107660 secs]
2018-05-20T08:43:08.654+0000: 786628.275: [GC 8293316K->1339817K(14504384K), 0.4820620 secs]
2018-05-20T08:43:25.782+0000: 786645.403: [GC 8324329K->1360173K(14500224K), 0.5413650 secs]
2018-05-20T08:43:42.471+0000: 786662.092: [GC 8344685K->1377488K(14513536K), 0.5824630 secs]
2018-05-20T08:44:16.203+0000: 786695.823: [GC 8380368K->1408732K(14487232K), 0.6841930 secs]
2018-05-20T08:45:11.288+0000: 786750.909: [GC 8411612K->1470410K(14456512K), 0.9910760 secs]
2018-05-20T08:45:59.362+0000: 786798.983: [GC 8415818K->1506748K(14480256K), 0.9611600 secs]
2018-05-20T08:46:25.859+0000: 786825.479: [GC 8452156K->1448569K(14463744K), 0.6049810 secs]
2018-05-20T08:46:43.992+0000: 786843.613: [GC 8372473K->1425788K(14472000K), 0.4566000 secs]
2018-05-20T08:47:04.970+0000: 786864.591: [GC 8349692K->1451591K(14478208K), 0.5781530 secs]
2018-05-20T08:47:23.688+0000: 786883.309: [GC 8382599K->1431188K(14472896K), 0.4561120 secs]
2018-05-20T08:47:43.614+0000: 786903.234: [GC 8362196K->1454968K(14483456K), 0.5418550 secs]
2018-05-20T08:48:04.573+0000: 786924.194: [GC 8397112K->1460097K(14478784K), 0.5011340 secs]
2018-05-20T08:48:29.012+0000: 786948.633: [GC 8402241K->1468422K(14492864K), 0.5434710 secs]
2018-05-20T08:49:02.836+0000: 786982.457: [GC 8429254K->1515073K(14488064K), 0.7512020 secs]
2018-05-20T08:49:55.835+0000: 787035.455: [GC 8475905K->1570309K(14442752K), 0.8069610 secs]
2018-05-20T08:50:47.325+0000: 787086.946: [GC 8481925K->1590251K(14448704K), 1.0053920 secs]
2018-05-20T08:51:40.551+0000: 787140.171: [GC 8501867K->1594964K(14428736K), 0.9608970 secs]
2018-05-20T08:52:05.452+0000: 787165.073: [GC 8453972K->1524092K(14439552K), 0.5125610 secs]
2018-05-20T08:52:24.150+0000: 787183.770: [GC 8383100K->1517358K(14445120K), 0.4479000 secs]
2018-05-20T08:53:03.238+0000: 787222.859: [GC 8385710K->1584007K(14443328K), 0.7648770 secs]
2018-05-20T08:53:48.977+0000: 787268.597: [GC 8452359K->1626881K(14427008K), 0.9920260 secs]
2018-05-20T08:54:36.927+0000: 787316.548: [GC 8480641K->1619577K(14370368K), 0.8824180 secs]
2018-05-20T08:55:22.996+0000: 787362.616: [GC 8473337K->1621342K(14437376K), 0.8460170 secs]
2018-05-20T08:55:53.030+0000: 787392.651: [GC 8473630K->1602817K(14435008K), 0.6704270 secs]
2018-05-20T08:56:10.327+0000: 787409.948: [GC 8455105K->1583036K(14447232K), 0.5159770 secs]
2018-05-20T08:56:26.771+0000: 787426.392: [GC 8455292K->1584127K(14445120K), 0.4847790 secs]
2018-05-20T08:56:42.830+0000: 787442.451: [GC 8456383K->1591046K(14451200K), 0.4858430 secs]
2018-05-20T08:57:00.305+0000: 787459.926: [GC 8470790K->1606404K(14448640K), 0.4466870 secs]
2018-05-20T08:57:16.702+0000: 787476.323: [GC 8486148K->1612881K(14459904K), 0.4525030 secs]
2018-05-20T08:57:32.905+0000: 787492.526: [GC 8508305K->1620380K(14455616K), 0.4378600 secs]
2018-05-20T08:57:49.082+0000: 787508.702: [GC 8515804K->1626680K(14468800K), 0.4743500 secs]
2018-05-20T08:58:07.319+0000: 787526.940: [GC 8539896K->1642306K(14464512K), 0.4626720 secs]
2018-05-20T08:58:24.517+0000: 787544.138: [GC 8555522K->1636836K(14478464K), 0.4279560 secs]
2018-05-20T08:58:41.916+0000: 787561.537: [GC 8570020K->1644076K(14474816K), 0.4517690 secs]
2018-05-20T08:58:58.823+0000: 787578.444: [GC 8577260K->1657075K(14486272K), 0.4977630 secs]
2018-05-20T08:59:57.828+0000: 787637.448: [GC 8604979K->1684575K(14481728K), 0.5123010 secs]
2018-05-20T09:00:55.861+0000: 787695.481: [GC 8632479K->1698127K(14498176K), 0.5635480 secs]
2018-05-20T09:01:50.108+0000: 787749.729: [GC 8668815K->1708395K(14492608K), 0.5541480 secs]
2018-05-20T09:02:39.073+0000: 787798.694: [GC 8679083K->1732495K(14505856K), 0.6184200 secs]
2018-05-20T09:03:09.388+0000: 787829.009: [GC 8722767K->1741615K(14504512K), 0.5847920 secs]
2018-05-20T09:03:28.439+0000: 787848.059: [GC 8731887K->1717632K(14509824K), 0.4218560 secs]
2018-05-20T09:03:44.690+0000: 787864.311: [GC 8716864K->1740485K(14509504K), 0.5364090 secs]
2018-05-20T09:04:16.334+0000: 787895.954: [GC 8739717K->1775803K(14508992K), 0.6138170 secs]
2018-05-20T09:04:51.090+0000: 787930.711: [GC 8778171K->1806692K(14501376K), 0.8193880 secs]
2018-05-20T09:05:35.341+0000: 787974.961: [GC 8809060K->1813190K(14487808K), 0.6827430 secs]
2018-05-20T09:06:14.352+0000: 788013.972: [GC 8782278K->1814767K(14456576K), 0.6564880 secs]
2018-05-20T09:06:49.146+0000: 788048.767: [GC 8783855K->1814864K(14494464K), 0.6853230 secs]
2018-05-20T09:07:30.372+0000: 788089.993: [GC 8781712K->1833396K(14492480K), 0.6996880 secs]
2018-05-20T09:08:06.128+0000: 788125.749: [GC 8800244K->1845698K(14489600K), 0.7311340 secs]
2018-05-20T09:08:52.493+0000: 788172.114: [GC 8808130K->1851569K(14491264K), 0.7090910 secs]
2018-05-20T09:09:25.982+0000: 788205.603: [GC 8814001K->1868760K(14487744K), 0.7592310 secs]
2018-05-20T09:10:10.180+0000: 788249.800: [GC 8827864K->1873081K(14489600K), 0.6597380 secs]
2018-05-20T09:10:51.346+0000: 788290.966: [GC 8832185K->1894817K(14482880K), 0.8365760 secs]
2018-05-20T09:11:25.962+0000: 788325.582: [GC 8847521K->1897269K(14448320K), 0.7764730 secs]
2018-05-20T09:12:06.788+0000: 788366.409: [GC 8849973K->1902139K(14486976K), 0.6895550 secs]
2018-05-20T09:12:42.613+0000: 788402.234: [GC 8854971K->1899172K(14485952K), 0.6721380 secs]
2018-05-20T09:13:00.532+0000: 788420.153: [GC 8852004K->1871236K(14487232K), 0.4821460 secs]
2018-05-20T09:13:33.540+0000: 788453.160: [GC 8830084K->1906463K(14489472K), 0.6140910 secs]
2018-05-20T09:13:50.277+0000: 788469.897: [GC 8865311K->1882633K(14490112K), 0.4607860 secs]
2018-05-20T09:14:07.193+0000: 788486.814: [GC 8846217K->1892958K(14491840K), 0.4730510 secs]
2018-05-20T09:14:27.575+0000: 788507.196: [GC 8856542K->1905750K(14493632K), 0.5225260 secs]
2018-05-20T09:14:46.063+0000: 788525.684: [GC 8871190K->1904041K(14491904K), 0.4417760 secs]
2018-05-20T09:15:10.155+0000: 788549.776: [GC 8869481K->1930911K(14499136K), 0.5145620 secs]
2018-05-20T09:15:56.455+0000: 788596.076: [GC 8904287K->1987278K(14479296K), 0.8130400 secs]
2018-05-20T09:16:34.394+0000: 788634.015: [GC 8960654K->1997583K(14473984K), 0.8244370 secs]
2018-05-20T09:17:26.776+0000: 788686.397: [GC 8940943K->1993184K(14436416K), 0.7426890 secs]
2018-05-20T09:17:43.143+0000: 788702.764: [GC 8936544K->1958639K(14482560K), 0.5349440 secs]
2018-05-20T09:18:00.219+0000: 788719.840: [GC 8901807K->1964717K(14480704K), 0.5183270 secs]
2018-05-20T09:18:27.658+0000: 788747.278: [GC 8907885K->1977553K(14488768K), 0.5397530 secs]
2018-05-20T09:19:18.483+0000: 788798.104: [GC 8931153K->2045483K(14466880K), 0.8493040 secs]
2018-05-20T09:19:55.393+0000: 788835.014: [GC 8999083K->2049363K(14466496K), 0.7520050 secs]
2018-05-20T09:20:39.628+0000: 788879.248: [GC 8974035K->2060969K(14434304K), 0.8461220 secs]
2018-05-20T09:21:54.199+0000: 788953.819: [GC 8985641K->2085885K(14447744K), 0.9033260 secs]
2018-05-20T09:23:34.217+0000: 789053.838: [GC 8980605K->2096170K(14417600K), 0.8681760 secs]
2018-05-20T09:24:42.202+0000: 789121.823: [GC 6379234K->2044557K(14452864K), 0.5579710 secs]
2018-05-20T09:24:42.760+0000: 789122.381: [Full GC 2044557K->1042720K(14452864K), 4.0181030 secs]
2018-05-20T09:25:45.477+0000: 789185.098: [GC 7926304K->1225397K(14406336K), 0.8740300 secs]
2018-05-20T09:26:31.037+0000: 789230.658: [GC 8108981K->1219687K(14448960K), 0.7988820 secs]
2018-05-20T09:27:16.622+0000: 789276.243: [GC 8095399K->1229546K(14446848K), 0.8162680 secs]
2018-05-20T09:27:58.947+0000: 789318.568: [GC 8105258K->1227169K(14459456K), 0.7045510 secs]
2018-05-20T09:28:44.438+0000: 789364.058: [GC 8118945K->1238845K(14452416K), 0.7351610 secs]
2018-05-20T09:29:31.164+0000: 789410.785: [GC 8130621K->1254853K(14468480K), 0.7655500 secs]
2018-05-20T09:30:14.187+0000: 789453.808: [GC 8168709K->1263613K(14465472K), 0.7572920 secs]
2018-05-20T09:31:05.052+0000: 789504.672: [GC 8177469K->1283462K(14474176K), 0.8020070 secs]
2018-05-20T09:31:48.907+0000: 789548.528: [GC 8210438K->1289914K(14472896K), 0.7685140 secs]
2018-05-20T09:32:27.895+0000: 789587.516: [GC 8216890K->1299044K(14481024K), 0.7888930 secs]
2018-05-20T09:33:04.758+0000: 789624.379: [GC 8237220K->1295748K(14477248K), 0.6826280 secs]
2018-05-20T09:33:21.979+0000: 789641.600: [GC 8233924K->1266922K(14476096K), 0.4853240 secs]
2018-05-20T09:33:38.106+0000: 789657.727: [GC 8206698K->1272962K(14384896K), 0.5151200 secs]
2018-05-20T09:33:56.444+0000: 789676.065: [GC 8212738K->1281847K(14477120K), 0.4993940 secs]
2018-05-20T09:34:14.691+0000: 789694.312: [GC 8216503K->1290532K(14477376K), 0.5141870 secs]
2018-05-20T09:34:31.262+0000: 789710.883: [GC 8225188K->1291095K(14478272K), 0.4574770 secs]
2018-05-20T09:34:48.394+0000: 789728.015: [GC 8227543K->1302212K(14478272K), 0.4648460 secs]
2018-05-20T09:35:25.482+0000: 789765.103: [GC 8238660K->1348132K(14483008K), 0.6440720 secs]
2018-05-20T09:35:45.930+0000: 789785.551: [GC 8290916K->1315648K(14479872K), 0.4551060 secs]
2018-05-20T09:36:04.413+0000: 789804.033: [GC 8258432K->1332313K(14487488K), 0.4949080 secs]
2018-05-20T09:36:37.956+0000: 789837.577: [GC 8283865K->1381358K(14484160K), 0.7211750 secs]
2018-05-20T09:37:21.758+0000: 789881.379: [GC 8332910K->1404265K(14473472K), 0.8089380 secs]
2018-05-20T09:38:45.018+0000: 789964.639: [GC 8343657K->1433690K(14464640K), 0.8946230 secs]
2018-05-20T09:39:34.376+0000: 790013.996: [GC 8373082K->1449220K(14444352K), 0.9455860 secs]
2018-05-20T09:40:27.292+0000: 790066.913: [GC 8340484K->1439662K(14402816K), 0.7527740 secs]
2018-05-20T09:40:46.299+0000: 790085.920: [GC 8330926K->1380105K(14453632K), 0.4631400 secs]
2018-05-20T09:41:05.114+0000: 790104.735: [GC 8266889K->1381377K(14453248K), 0.4538500 secs]
2018-05-20T09:42:11.652+0000: 790171.272: [GC 8268161K->1480391K(14433856K), 0.9154900 secs]
2018-05-20T09:43:00.827+0000: 790220.448: [GC 8348231K->1469411K(14443968K), 0.7962280 secs]
2018-05-20T09:43:50.256+0000: 790269.876: [GC 8337251K->1468525K(14448384K), 0.7176290 secs]
2018-05-20T09:44:42.751+0000: 790322.372: [GC 8341101K->1493695K(14444288K), 0.8091800 secs]
2018-05-20T09:45:22.439+0000: 790362.060: [GC 8366271K->1495616K(14450752K), 0.6925880 secs]
2018-05-20T09:45:38.385+0000: 790378.006: [GC 8373376K->1464230K(14447104K), 0.5490730 secs]
2018-05-20T09:45:57.963+0000: 790397.584: [GC 8341990K->1458280K(14453312K), 0.4888870 secs]
2018-05-20T09:47:00.224+0000: 790459.845: [GC 8344104K->1552625K(14415936K), 0.9760510 secs]
2018-05-20T09:47:46.525+0000: 790506.145: [GC 8438449K->1567955K(14424704K), 0.9548560 secs]
2018-05-20T09:48:39.565+0000: 790559.186: [GC 8416467K->1573453K(14379840K), 0.9615500 secs]
2018-05-20T09:49:42.525+0000: 790622.146: [GC 8421965K->1583157K(14422336K), 0.9652690 secs]
2018-05-20T09:50:42.540+0000: 790682.161: [GC 8414389K->1594054K(14358656K), 0.9042910 secs]
2018-05-20T09:51:36.738+0000: 790736.359: [GC 8425286K->1606617K(14423616K), 0.8700570 secs]
2018-05-20T09:52:29.120+0000: 790788.740: [GC 8434777K->1617333K(14358720K), 0.9504010 secs]
2018-05-20T09:52:49.733+0000: 790809.354: [GC 8445493K->1546711K(14421312K), 0.4968110 secs]
2018-05-20T09:53:51.221+0000: 790870.842: [GC 8371543K->1630674K(14422464K), 0.9340610 secs]
2018-05-20T09:54:47.992+0000: 790927.613: [GC 8455506K->1642402K(14423232K), 0.9233560 secs]
2018-05-20T09:55:40.433+0000: 790980.053: [GC 8468514K->1648821K(14422976K), 0.9143500 secs]
2018-05-20T09:56:40.020+0000: 791039.641: [GC 8474933K->1658095K(14429824K), 0.9350420 secs]
2018-05-20T09:57:42.457+0000: 791102.077: [GC 8494383K->1674628K(14426560K), 0.8577220 secs]
2018-05-20T09:58:22.496+0000: 791142.116: [GC 8510916K->1660508K(14435968K), 0.7479860 secs]
2018-05-20T09:58:39.413+0000: 791159.034: [GC 8506972K->1621915K(14430592K), 0.4786530 secs]
2018-05-20T09:58:58.808+0000: 791178.429: [GC 8468379K->1628854K(14429440K), 0.4679660 secs]
2018-05-20T09:59:21.010+0000: 791200.631: [GC 8470454K->1654705K(14430848K), 0.5471090 secs]
2018-05-20T09:59:38.148+0000: 791217.768: [GC 8496305K->1638817K(14432640K), 0.4360960 secs]
2018-05-20T09:59:58.242+0000: 791237.863: [GC 8485921K->1658627K(14433600K), 0.4490140 secs]
2018-05-20T10:00:15.457+0000: 791255.078: [GC 8505731K->1661149K(14439360K), 0.4715500 secs]
2018-05-20T10:00:31.374+0000: 791270.995: [GC 8517085K->1671286K(14436672K), 0.4385040 secs]
2018-05-20T10:00:55.899+0000: 791295.520: [GC 8527222K->1690380K(14450048K), 0.5371850 secs]
2018-05-20T10:01:13.559+0000: 791313.179: [GC 8563660K->1684353K(14443328K), 0.4859650 secs]
2018-05-20T10:01:36.019+0000: 791335.640: [GC 8557633K->1692442K(14458688K), 0.4967680 secs]
2018-05-20T10:01:53.921+0000: 791353.542: [GC 8584858K->1692675K(14453824K), 0.4679770 secs]
2018-05-20T10:02:12.673+0000: 791372.294: [GC 8585091K->1705840K(14468544K), 0.4875600 secs]
2018-05-20T10:03:12.200+0000: 791431.821: [GC 8617008K->1796250K(14438080K), 0.9285490 secs]
2018-05-20T10:04:08.110+0000: 791487.730: [GC 8707418K->1807712K(14431680K), 0.9282970 secs]
2018-05-20T10:05:25.441+0000: 791565.062: [GC 8672992K->1815676K(14388544K), 0.7581260 secs]
2018-05-20T10:06:23.180+0000: 791622.801: [GC 8680956K->1822052K(14428224K), 0.8752940 secs]
2018-05-20T10:07:12.418+0000: 791672.039: [GC 8665188K->1833032K(14362688K), 0.7344560 secs]
2018-05-20T10:08:06.532+0000: 791726.153: [GC 8676168K->1843989K(14426560K), 0.8683190 secs]
2018-05-20T10:09:06.639+0000: 791786.260: [GC 8679189K->1845894K(14427648K), 0.8328570 secs]
2018-05-20T10:09:57.726+0000: 791837.346: [GC 8681094K->1865408K(14429184K), 0.7764240 secs]
2018-05-20T10:10:54.467+0000: 791894.088: [GC 8704960K->1879623K(14363072K), 0.8988460 secs]
2018-05-20T10:11:53.198+0000: 791952.819: [GC 8719175K->1888229K(14430208K), 0.8873880 secs]
2018-05-20T10:12:19.540+0000: 791979.160: [GC 8727141K->1833276K(14428800K), 0.5127390 secs]
2018-05-20T10:12:36.430+0000: 791996.050: [GC 8672188K->1830564K(14431680K), 0.4552630 secs]
2018-05-20T10:13:07.526+0000: 792027.146: [GC 8673508K->1872050K(14431360K), 0.6203220 secs]
2018-05-20T10:14:07.972+0000: 792087.592: [GC 8714994K->1919570K(14439424K), 0.8166110 secs]
2018-05-20T10:15:00.154+0000: 792139.775: [GC 8778002K->1935185K(14375168K), 0.8442030 secs]
2018-05-20T10:15:29.790+0000: 792169.411: [GC 8793617K->1893263K(14443008K), 0.5967120 secs]
2018-05-20T10:15:46.798+0000: 792186.419: [GC 8755087K->1877221K(14438912K), 0.4469700 secs]
2018-05-20T10:16:12.618+0000: 792212.239: [GC 8739045K->1908710K(14448896K), 0.6002860 secs]
2018-05-20T10:17:37.632+0000: 792297.253: [GC 8780774K->1972449K(14395008K), 0.9024030 secs]
2018-05-20T10:18:30.522+0000: 792350.143: [GC 8844513K->1986511K(14436160K), 0.8672000 secs]
2018-05-20T10:19:21.225+0000: 792400.846: [GC 8845775K->1997147K(14379264K), 0.7903350 secs]
2018-05-20T10:19:37.920+0000: 792417.541: [GC 8856411K->1940134K(14438720K), 0.4577040 secs]
2018-05-20T10:19:56.967+0000: 792436.587: [GC 8796710K->1953419K(14437952K), 0.4353750 secs]
2018-05-20T10:20:15.936+0000: 792455.556: [GC 8809995K->1974543K(14444928K), 0.5012700 secs]
2018-05-20T10:20:33.255+0000: 792472.876: [GC 8840207K->1968009K(14440832K), 0.3990430 secs]
2018-05-20T10:20:52.415+0000: 792492.036: [GC 8833673K->1986769K(14450688K), 0.4951460 secs]
2018-05-20T10:21:14.813+0000: 792514.434: [GC 8863825K->2004678K(14446464K), 0.4632030 secs]
2018-05-20T10:21:31.088+0000: 792530.709: [GC 8881734K->2009815K(14461952K), 0.4903580 secs]
2018-05-20T10:21:56.910+0000: 792556.530: [GC 8908631K->2047383K(14456960K), 0.6277670 secs]
2018-05-20T10:22:49.865+0000: 792609.486: [GC 8946199K->2114637K(14440000K), 0.9422550 secs]
2018-05-20T10:23:42.674+0000: 792662.295: [GC 9002829K->2124727K(14415488K), 0.9206170 secs]
2018-05-20T10:24:31.542+0000: 792711.163: [GC 9012919K->2133238K(14429632K), 0.8691180 secs]
2018-05-20T10:24:46.788+0000: 792726.409: [GC 4201601K->2016616K(14250944K), 0.2808960 secs]
2018-05-20T10:24:47.069+0000: 792726.690: [Full GC 2016616K->1059051K(14250944K), 3.9204380 secs]
2018-05-20T10:25:37.597+0000: 792777.218: [GC 7912939K->1248977K(14414784K), 0.9064820 secs]
2018-05-20T10:26:02.251+0000: 792801.872: [GC 8075217K->1193565K(14423168K), 0.5565600 secs]
2018-05-20T10:26:18.828+0000: 792818.449: [GC 8019805K->1190177K(14436032K), 0.4987610 secs]
2018-05-20T10:26:43.559+0000: 792843.180: [GC 8036897K->1220786K(14430784K), 0.6150890 secs]
2018-05-20T10:27:57.755+0000: 792917.376: [GC 8067506K->1290145K(14426112K), 0.9497640 secs]
2018-05-20T10:29:46.601+0000: 793026.221: [GC 8141729K->1295356K(14376448K), 0.9070090 secs]
2018-05-20T10:31:21.338+0000: 793120.959: [GC 8146940K->1314059K(14420928K), 0.9031920 secs]
2018-05-20T10:32:15.129+0000: 793174.750: [GC 8145035K->1330737K(14360704K), 0.9077900 secs]
2018-05-20T10:33:06.263+0000: 793225.884: [GC 8161713K->1323942K(14425216K), 0.8426940 secs]
2018-05-20T10:33:24.571+0000: 793244.191: [GC 8150374K->1276641K(14421312K), 0.5125730 secs]
2018-05-20T10:33:42.022+0000: 793261.643: [GC 8103073K->1270955K(14428672K), 0.4464970 secs]
2018-05-20T10:34:37.367+0000: 793316.987: [GC 8107307K->1350683K(14427776K), 0.8498840 secs]
2018-05-20T10:35:50.804+0000: 793390.425: [GC 8187035K->1376027K(14421696K), 0.9074980 secs]
2018-05-20T10:36:25.919+0000: 793425.540: [GC 8207515K->1345073K(14425792K), 0.6836090 secs]
2018-05-20T10:36:43.508+0000: 793443.129: [GC 8176561K->1314948K(14434688K), 0.4601130 secs]
2018-05-20T10:37:09.449+0000: 793469.070: [GC 8163844K->1341225K(14434304K), 0.5793770 secs]
2018-05-20T10:38:10.125+0000: 793529.745: [GC 8190121K->1411784K(14429824K), 0.9025160 secs]
2018-05-20T10:39:13.799+0000: 793593.419: [GC 8261704K->1420238K(14372096K), 0.8759530 secs]
2018-05-20T10:39:40.418+0000: 793620.039: [GC 8270158K->1388509K(14439872K), 0.6124730 secs]
2018-05-20T10:39:58.870+0000: 793638.490: [GC 8240221K->1364749K(14431936K), 0.4844670 secs]
2018-05-20T10:40:20.895+0000: 793660.516: [GC 8216461K->1383694K(14445440K), 0.3252240 secs]
2018-05-20T10:41:20.972+0000: 793720.593: [GC 8249998K->1456522K(14389696K), 0.9181330 secs]
2018-05-20T10:42:15.698+0000: 793775.319: [GC 8322826K->1468714K(14430656K), 0.9130850 secs]
2018-05-20T10:43:06.986+0000: 793826.606: [GC 8318762K->1475908K(14371840K), 0.9037400 secs]
2018-05-20T10:43:42.430+0000: 793862.051: [GC 8325956K->1442713K(14439808K), 0.6625930 secs]
2018-05-20T10:44:02.738+0000: 793882.358: [GC 8295257K->1414567K(14432832K), 0.4649030 secs]
2018-05-20T10:44:25.058+0000: 793904.679: [GC 8267111K->1431415K(14443072K), 0.5302120 secs]
2018-05-20T10:45:24.407+0000: 793964.028: [GC 8294327K->1512575K(14387648K), 0.7927720 secs]
2018-05-20T10:46:21.768+0000: 794021.389: [GC 8375487K->1528622K(14424320K), 0.8724160 secs]
2018-05-20T10:47:15.011+0000: 794074.632: [GC 8369966K->1538834K(14365056K), 0.8740690 secs]
2018-05-20T10:47:48.925+0000: 794108.546: [GC 8380178K->1490309K(14432704K), 0.5499650 secs]
2018-05-20T10:48:06.614+0000: 794126.235: [GC 8331589K->1482391K(14428672K), 0.4562140 secs]
2018-05-20T10:48:27.914+0000: 794147.535: [GC 8323671K->1495016K(14436800K), 0.4802470 secs]
2018-05-20T10:48:45.820+0000: 794165.441: [GC 8345256K->1509634K(14433536K), 0.5074740 secs]
2018-05-20T10:49:03.800+0000: 794183.421: [GC 8359874K->1500747K(14443776K), 0.4391800 secs]
2018-05-20T10:50:04.361+0000: 794243.982: [GC 8366091K->1594107K(14387200K), 0.8172120 secs]
2018-05-20T10:50:51.165+0000: 794290.785: [GC 8459451K->1594679K(14435648K), 0.7972480 secs]
2018-05-20T10:51:11.527+0000: 794311.148: [GC 8446775K->1536596K(14436096K), 0.4442370 secs]
2018-05-20T10:51:29.407+0000: 794329.027: [GC 8388692K->1544702K(14442432K), 0.4525010 secs]
2018-05-20T10:51:50.464+0000: 794350.085: [GC 8405694K->1558847K(14438656K), 0.4818500 secs]
2018-05-20T10:52:07.394+0000: 794367.015: [GC 8419839K->1564031K(14453952K), 0.4624750 secs]
2018-05-20T10:52:29.012+0000: 794388.633: [GC 8446271K->1580155K(14448384K), 0.4984460 secs]
2018-05-20T10:52:46.549+0000: 794406.169: [GC 8462395K->1574659K(14464704K), 0.4485020 secs]
2018-05-20T10:53:05.691+0000: 794425.311: [GC 8480003K->1594894K(14460736K), 0.5052170 secs]
2018-05-20T10:53:25.367+0000: 794444.987: [GC 8500238K->1602175K(14477760K), 0.5018450 secs]
2018-05-20T10:53:44.319+0000: 794463.939: [GC 8531263K->1599013K(14471424K), 0.4494010 secs]
2018-05-20T10:54:15.933+0000: 794495.553: [GC 8528101K->1638689K(14485120K), 0.6219470 secs]
2018-05-20T10:55:00.619+0000: 794540.240: [GC 8585569K->1709484K(14480384K), 0.9063640 secs]
2018-05-20T10:55:59.004+0000: 794598.624: [GC 8656364K->1713818K(14426240K), 0.8962220 secs]
2018-05-20T10:56:53.065+0000: 794652.686: [GC 8600346K->1724277K(14412032K), 0.8563300 secs]
2018-05-20T10:57:49.979+0000: 794709.600: [GC 8610805K->1734559K(14426944K), 0.9304690 secs]
2018-05-20T10:58:15.299+0000: 794734.919: [GC 8584735K->1682927K(14435136K), 0.5774200 secs]
2018-05-20T10:58:32.854+0000: 794752.475: [GC 8533103K->1666506K(14444608K), 0.4613200 secs]
2018-05-20T10:59:00.628+0000: 794780.249: [GC 8533066K->1704777K(14442048K), 0.6548140 secs]
2018-05-20T10:59:49.696+0000: 794829.316: [GC 8571337K->1771089K(14431936K), 0.8766180 secs]
2018-05-20T11:00:36.352+0000: 794875.972: [GC 8636497K->1742542K(14442752K), 0.6918120 secs]
2018-05-20T11:00:54.123+0000: 794893.743: [GC 8607950K->1710584K(14450560K), 0.5243020 secs]
2018-05-20T11:01:14.186+0000: 794913.807: [GC 8589112K->1717817K(14448064K), 0.5135110 secs]
2018-05-20T11:01:39.163+0000: 794938.784: [GC 8596345K->1736338K(14459584K), 0.5337540 secs]
2018-05-20T11:02:33.955+0000: 794993.576: [GC 8629842K->1815240K(14420736K), 0.8056140 secs]
2018-05-20T11:03:28.097+0000: 795047.718: [GC 8708744K->1824746K(14431936K), 0.8647370 secs]
2018-05-20T11:04:26.864+0000: 795106.485: [GC 8685162K->1834547K(14383936K), 0.8836700 secs]
2018-05-20T11:05:11.685+0000: 795151.306: [GC 8694963K->1781991K(14439936K), 0.5606140 secs]
2018-05-20T11:06:15.522+0000: 795215.143: [GC 8637095K->1797058K(14435264K), 0.5695370 secs]
2018-05-20T11:06:36.276+0000: 795235.897: [GC 8652162K->1764792K(14441088K), 0.3449970 secs]
2018-05-20T11:07:02.310+0000: 795261.931: [GC 8631224K->1780081K(14443264K), 0.3721580 secs]
2018-05-20T11:07:21.882+0000: 795281.503: [GC 8646513K->1777921K(14446144K), 0.3467210 secs]
2018-05-20T11:08:19.480+0000: 795339.101: [GC 8648897K->1852722K(14444928K), 0.6459720 secs]
2018-05-20T11:09:45.688+0000: 795425.309: [GC 8723698K->1903340K(14426304K), 0.9115970 secs]
2018-05-20T11:10:33.051+0000: 795472.672: [GC 8758508K->1852798K(14437632K), 0.5590150 secs]
2018-05-20T11:11:06.250+0000: 795505.871: [GC 8707966K->1863649K(14454272K), 0.5908270 secs]
2018-05-20T11:11:24.335+0000: 795523.956: [GC 8744097K->1846685K(14446272K), 0.4332060 secs]
2018-05-20T11:12:09.094+0000: 795568.715: [GC 8727133K->1901233K(14461120K), 0.7113910 secs]
2018-05-20T11:13:22.038+0000: 795641.659: [GC 8799537K->1936333K(14406848K), 0.8217690 secs]
2018-05-20T11:13:39.875+0000: 795659.496: [GC 8834637K->1881815K(14459008K), 0.4746920 secs]
2018-05-20T11:13:58.655+0000: 795678.276: [GC 8776215K->1901290K(14455488K), 0.5262500 secs]
2018-05-20T11:14:17.908+0000: 795697.529: [GC 8795690K->1906015K(14471552K), 0.5558920 secs]
2018-05-20T11:14:34.928+0000: 795714.549: [GC 8822943K->1902300K(14465472K), 0.4782940 secs]
2018-05-20T11:14:56.419+0000: 795736.039: [GC 8819228K->1912258K(14480704K), 0.4623570 secs]
2018-05-20T11:15:13.087+0000: 795752.707: [GC 8848450K->1908025K(14475584K), 0.4190410 secs]
2018-05-20T11:15:29.450+0000: 795769.071: [GC 8844217K->1924502K(14489088K), 0.4424560 secs]
2018-05-20T11:16:17.481+0000: 795817.102: [GC 8877398K->2009788K(14478656K), 0.9183820 secs]
2018-05-20T11:17:16.995+0000: 795876.615: [GC 8962684K->2029102K(14430272K), 0.8212580 secs]
2018-05-20T11:18:08.865+0000: 795928.486: [GC 8917934K->2018331K(14397504K), 0.7590530 secs]
2018-05-20T11:18:27.046+0000: 795946.667: [GC 8907163K->1959289K(14453184K), 0.4468770 secs]
2018-05-20T11:18:44.382+0000: 795964.003: [GC 8842553K->1965249K(14450176K), 0.4480160 secs]
2018-05-20T11:19:07.496+0000: 795987.117: [GC 8848513K->1993219K(14465088K), 0.5496840 secs]
2018-05-20T11:19:24.642+0000: 796004.262: [GC 8895043K->1988107K(14456832K), 0.4965860 secs]
2018-05-20T11:19:55.506+0000: 796035.126: [GC 8889931K->2014517K(14478208K), 0.5830660 secs]
2018-05-20T11:21:37.107+0000: 796136.728: [GC 8942517K->2081082K(14449216K), 0.8944450 secs]
2018-05-20T11:23:03.447+0000: 796223.068: [GC 9009082K->2038752K(14472896K), 0.6205700 secs]
2018-05-20T11:23:22.070+0000: 796241.691: [GC 8956704K->2019581K(14465152K), 0.4404240 secs]
2018-05-20T11:23:45.553+0000: 796265.174: [GC 8937533K->2052455K(14482112K), 0.5855200 secs]
2018-05-20T11:24:41.578+0000: 796321.199: [GC 8989415K->2128171K(14468992K), 0.9537110 secs]
2018-05-20T11:24:51.000+0000: 796330.621: [GC 3291638K->1983805K(14444032K), 0.1685330 secs]
2018-05-20T11:24:51.169+0000: 796330.789: [Full GC 1983805K->1127091K(14444032K), 3.9029660 secs]
2018-05-20T11:25:49.593+0000: 796389.214: [GC 8020019K->1323256K(14429184K), 0.8617450 secs]
2018-05-20T11:27:01.348+0000: 796460.969: [GC 8216184K->1328502K(14422656K), 0.9362050 secs]
2018-05-20T11:28:00.205+0000: 796519.826: [GC 8170614K->1341828K(14372480K), 0.8940220 secs]
2018-05-20T11:28:56.156+0000: 796575.777: [GC 8183940K->1353525K(14409152K), 0.9485350 secs]
2018-05-20T11:30:16.198+0000: 796655.819: [GC 8164789K->1360870K(14337664K), 0.8394980 secs]
2018-05-20T11:31:07.168+0000: 796706.789: [GC 8172134K->1329335K(14423040K), 0.6936560 secs]
2018-05-20T11:31:24.890+0000: 796724.510: [GC 8144951K->1293410K(14412672K), 0.4400220 secs]
2018-05-20T11:31:50.144+0000: 796749.765: [GC 8109026K->1315244K(14430592K), 0.5290780 secs]
2018-05-20T11:32:44.787+0000: 796804.408: [GC 8150572K->1400188K(14365568K), 0.9126070 secs]
2018-05-20T11:33:49.088+0000: 796868.709: [GC 8235516K->1403250K(14416192K), 0.8724640 secs]
2018-05-20T11:34:48.551+0000: 796928.172: [GC 8222578K->1414641K(14345472K), 0.9175660 secs]
2018-05-20T11:35:11.355+0000: 796950.975: [GC 8233969K->1353776K(14421696K), 0.4944200 secs]
2018-05-20T11:35:28.167+0000: 796967.788: [GC 8172720K->1347030K(14417344K), 0.3967440 secs]
2018-05-20T11:35:52.682+0000: 796992.303: [GC 8165974K->1366665K(14429824K), 0.4990010 secs]
2018-05-20T11:36:11.462+0000: 797011.083: [GC 8200521K->1363750K(14424128K), 0.4617690 secs]
2018-05-20T11:36:28.998+0000: 797028.618: [GC 8197606K->1368584K(14438784K), 0.4602810 secs]
2018-05-20T11:37:18.152+0000: 797077.773: [GC 8221448K->1465143K(14385216K), 0.9113080 secs]
2018-05-20T11:38:12.058+0000: 797131.678: [GC 8318007K->1479954K(14412544K), 0.9015020 secs]
2018-05-20T11:39:01.796+0000: 797181.416: [GC 8300306K->1475088K(14420224K), 0.8817610 secs]
2018-05-20T11:39:19.954+0000: 797199.575: [GC 8295440K->1404978K(14423488K), 0.4387380 secs]
2018-05-20T11:39:36.980+0000: 797216.601: [GC 8229682K->1421206K(14421312K), 0.4889880 secs]
2018-05-20T11:40:00.054+0000: 797239.675: [GC 8245910K->1440066K(14436480K), 0.4825170 secs]
2018-05-20T11:40:18.205+0000: 797257.826: [GC 8285058K->1433117K(14428608K), 0.4547940 secs]
2018-05-20T11:40:42.473+0000: 797282.094: [GC 8278109K->1455284K(14449600K), 0.5830240 secs]
2018-05-20T11:41:50.617+0000: 797350.238: [GC 8326260K->1530603K(14399424K), 0.9425520 secs]
2018-05-20T11:42:42.604+0000: 797402.225: [GC 8401579K->1539844K(14421184K), 0.9350270 secs]
2018-05-20T11:43:49.854+0000: 797469.475: [GC 8379524K->1551460K(14370048K), 0.9521860 secs]
2018-05-20T11:44:43.413+0000: 797523.034: [GC 8391140K->1522746K(14432704K), 0.6931550 secs]
2018-05-20T11:45:01.384+0000: 797541.005: [GC 8358394K->1479269K(14423040K), 0.4063060 secs]
2018-05-20T11:45:24.567+0000: 797564.188: [GC 8314917K->1496737K(14438720K), 0.4874840 secs]
2018-05-20T11:45:42.169+0000: 797581.789: [GC 8349345K->1491626K(14433984K), 0.4738510 secs]
2018-05-20T11:46:00.297+0000: 797599.918: [GC 8344234K->1499816K(14446656K), 0.4905690 secs]
2018-05-20T11:46:23.499+0000: 797623.120: [GC 8368552K->1515781K(14442176K), 0.5263570 secs]
2018-05-20T11:46:40.759+0000: 797640.380: [GC 8384517K->1515498K(14458304K), 0.5062880 secs]
2018-05-20T11:47:06.421+0000: 797666.042: [GC 8407018K->1536323K(14453312K), 0.5612050 secs]
2018-05-20T11:48:07.192+0000: 797726.813: [GC 8427843K->1634189K(14423552K), 0.9312240 secs]
2018-05-20T11:48:59.017+0000: 797778.637: [GC 8503821K->1650234K(14405760K), 0.9856120 secs]
2018-05-20T11:50:04.897+0000: 797844.517: [GC 8519866K->1660447K(14410880K), 0.8748360 secs]
2018-05-20T11:51:03.074+0000: 797902.695: [GC 8483359K->1653515K(14421504K), 0.8660650 secs]
2018-05-20T11:52:18.560+0000: 797978.181: [GC 8476427K->1657771K(14424192K), 0.8049470 secs]
2018-05-20T11:52:59.160+0000: 798018.781: [GC 8483691K->1611751K(14421824K), 0.5302590 secs]
2018-05-20T11:53:16.922+0000: 798036.543: [GC 8437671K->1610001K(14431040K), 0.4903890 secs]
2018-05-20T11:53:48.476+0000: 798068.097: [GC 8449297K->1649424K(14428352K), 0.6707720 secs]
2018-05-20T11:54:33.718+0000: 798113.339: [GC 8488720K->1668435K(14448832K), 0.6783370 secs]
2018-05-20T11:54:51.190+0000: 798130.811: [GC 8537491K->1639626K(14440320K), 0.5094390 secs]
2018-05-20T11:55:09.226+0000: 798148.847: [GC 8508682K->1655341K(14455168K), 0.4840690 secs]
2018-05-20T11:56:17.291+0000: 798216.912: [GC 8541229K->1738388K(14412544K), 0.9258150 secs]
2018-05-20T11:56:58.672+0000: 798258.293: [GC 8624276K->1705134K(14454080K), 0.6624120 secs]
2018-05-20T11:57:17.789+0000: 798277.410: [GC 8584558K->1677876K(14445440K), 0.4547260 secs]
2018-05-20T11:57:35.779+0000: 798295.400: [GC 8557300K->1701177K(14462144K), 0.6024090 secs]
2018-05-20T11:57:54.851+0000: 798314.472: [GC 8599673K->1690883K(14456448K), 0.4588710 secs]
2018-05-20T11:58:11.498+0000: 798331.118: [GC 8589379K->1706223K(14469120K), 0.5180780 secs]
2018-05-20T11:58:51.765+0000: 798371.386: [GC 8619887K->1755361K(14464640K), 0.7570000 secs]
2018-05-20T11:59:25.284+0000: 798404.904: [GC 8669025K->1735833K(14474880K), 0.5967120 secs]
2018-05-20T11:59:43.185+0000: 798422.806: [GC 8658841K->1723118K(14468224K), 0.4544440 secs]
2018-05-20T12:00:07.397+0000: 798447.018: [GC 8646126K->1739093K(14481856K), 0.4431580 secs]
2018-05-20T12:00:44.820+0000: 798484.441: [GC 8678165K->1769784K(14477312K), 0.6473210 secs]
2018-05-20T12:02:06.707+0000: 798566.328: [GC 8708856K->1835451K(14454080K), 0.9440510 secs]
2018-05-20T12:03:16.109+0000: 798635.730: [GC 8756283K->1851675K(14457472K), 0.9586280 secs]
2018-05-20T12:04:15.898+0000: 798695.519: [GC 8772507K->1854219K(14436224K), 0.8434610 secs]
2018-05-20T12:05:11.925+0000: 798751.546: [GC 8727819K->1864700K(14399872K), 0.8221810 secs]
2018-05-20T12:05:43.928+0000: 798783.548: [GC 8738300K->1799097K(14442304K), 0.5034810 secs]
2018-05-20T12:06:01.269+0000: 798800.890: [GC 8661817K->1806146K(14440512K), 0.5145970 secs]
2018-05-20T12:06:22.291+0000: 798821.912: [GC 8668866K->1820299K(14449856K), 0.5205280 secs]
2018-05-20T12:06:40.256+0000: 798839.877: [GC 8695051K->1802685K(14444992K), 0.4397980 secs]
2018-05-20T12:06:59.698+0000: 798859.319: [GC 8677437K->1811610K(14453952K), 0.4523230 secs]
2018-05-20T12:08:35.275+0000: 798954.896: [GC 8696346K->1912217K(14416448K), 0.8598430 secs]
2018-05-20T12:09:30.531+0000: 799010.152: [GC 8796953K->1931188K(14421184K), 0.9502380 secs]
2018-05-20T12:10:31.312+0000: 799070.933: [GC 8773044K->1927583K(14360000K), 0.7603690 secs]
2018-05-20T12:11:31.272+0000: 799130.893: [GC 8769439K->1943387K(14420992K), 0.8842650 secs]
2018-05-20T12:12:08.201+0000: 799167.822: [GC 8772571K->1902708K(14424640K), 0.5981210 secs]
2018-05-20T12:12:26.187+0000: 799185.808: [GC 8731892K->1894347K(14435520K), 0.4857260 secs]
2018-05-20T12:12:51.827+0000: 799211.447: [GC 8741707K->1912261K(14431936K), 0.5825680 secs]
2018-05-20T12:13:58.379+0000: 799278.000: [GC 8759621K->1994684K(14422400K), 0.9259370 secs]
2018-05-20T12:15:02.056+0000: 799341.677: [GC 8838588K->2005686K(14376320K), 0.8589590 secs]
2018-05-20T12:15:26.692+0000: 799366.313: [GC 8849590K->1950019K(14430784K), 0.5330530 secs]
2018-05-20T12:15:44.421+0000: 799384.042: [GC 8785795K->1937795K(14425088K), 0.4408920 secs]
2018-05-20T12:16:18.201+0000: 799417.822: [GC 8773571K->2001951K(14439936K), 0.7306960 secs]
2018-05-20T12:17:11.279+0000: 799470.900: [GC 8854047K->2058176K(14385984K), 0.9015940 secs]
2018-05-20T12:18:04.620+0000: 799524.241: [GC 8910272K->2053052K(14432000K), 0.8585540 secs]
2018-05-20T12:18:48.974+0000: 799568.594: [GC 8895996K->2054873K(14431040K), 0.7455440 secs]
2018-05-20T12:19:37.057+0000: 799616.678: [GC 8897817K->2062146K(14441664K), 0.6924400 secs]
2018-05-20T12:20:34.405+0000: 799674.026: [GC 8920450K->2076088K(14436736K), 0.7788540 secs]
2018-05-20T12:21:19.302+0000: 799718.923: [GC 8934392K->2082851K(14449024K), 0.8678730 secs]
2018-05-20T12:22:05.044+0000: 799764.665: [GC 8956579K->2085091K(14444800K), 0.8057990 secs]
2018-05-20T12:22:52.003+0000: 799811.624: [GC 8958819K->2090821K(14461504K), 0.6944180 secs]
2018-05-20T12:23:24.671+0000: 799844.291: [GC 8987333K->2057104K(14455104K), 0.5168740 secs]
2018-05-20T12:23:44.038+0000: 799863.658: [GC 8953616K->2061818K(14459520K), 0.5142180 secs]
2018-05-20T12:24:04.225+0000: 799883.846: [GC 8961658K->2066051K(14459968K), 0.4898400 secs]
2018-05-20T12:24:21.040+0000: 799900.661: [GC 8965891K->2058321K(14455552K), 0.4076330 secs]
2018-05-20T12:24:37.975+0000: 799917.596: [GC 8953937K->2079948K(14457856K), 0.4493680 secs]
2018-05-20T12:24:55.082+0000: 799934.702: [GC 6338358K->2059589K(14456064K), 0.3299590 secs]
2018-05-20T12:24:55.412+0000: 799935.032: [Full GC 2059589K->1250786K(14456064K), 3.7294790 secs]
2018-05-20T12:26:09.538+0000: 800009.158: [GC 8146914K->1424265K(14409664K), 0.8193110 secs]
2018-05-20T12:27:00.490+0000: 800060.111: [GC 8320393K->1455557K(14428736K), 0.8264220 secs]
2018-05-20T12:27:41.462+0000: 800101.082: [GC 8314949K->1467826K(14393472K), 0.8183310 secs]
2018-05-20T12:28:13.541+0000: 800133.162: [GC 8327218K->1421849K(14438720K), 0.5808940 secs]
2018-05-20T12:28:31.282+0000: 800150.902: [GC 8269849K->1398897K(14429376K), 0.4236850 secs]
2018-05-20T12:29:02.815+0000: 800182.436: [GC 8246897K->1453613K(14450560K), 0.7037310 secs]
2018-05-20T12:29:50.345+0000: 800229.966: [GC 8324717K->1520472K(14405696K), 0.8651880 secs]
2018-05-20T12:30:46.862+0000: 800286.482: [GC 8391576K->1533016K(14422464K), 0.9744700 secs]
2018-05-20T12:31:39.441+0000: 800339.062: [GC 8374360K->1541409K(14372416K), 0.8762240 secs]
2018-05-20T12:32:13.165+0000: 800372.785: [GC 8382753K->1507720K(14434304K), 0.6825090 secs]
2018-05-20T12:32:30.574+0000: 800390.194: [GC 8347144K->1484433K(14425216K), 0.4932910 secs]
2018-05-20T12:32:52.354+0000: 800411.975: [GC 8323857K->1499972K(14438976K), 0.5393380 secs]
2018-05-20T12:33:09.686+0000: 800429.307: [GC 8354884K->1505042K(14436032K), 0.4860200 secs]
2018-05-20T12:33:27.909+0000: 800447.530: [GC 8359954K->1515560K(14444992K), 0.4757250 secs]
2018-05-20T12:33:49.370+0000: 800468.991: [GC 8381992K->1541940K(14441536K), 0.5000970 secs]
2018-05-20T12:34:08.268+0000: 800487.889: [GC 8408372K->1548582K(14456640K), 0.5207930 secs]
2018-05-20T12:34:28.199+0000: 800507.819: [GC 8436774K->1571974K(14451648K), 0.5852830 secs]
2018-05-20T12:35:23.723+0000: 800563.343: [GC 8460166K->1665235K(14428416K), 0.9602850 secs]
2018-05-20T12:36:20.385+0000: 800620.006: [GC 8537299K->1672059K(14405376K), 0.8805480 secs]
2018-05-20T12:37:22.282+0000: 800681.902: [GC 8544123K->1678428K(14421184K), 0.9461950 secs]
2018-05-20T12:38:22.942+0000: 800742.563: [GC 8514652K->1686342K(14362432K), 0.8173560 secs]
2018-05-20T12:38:43.784+0000: 800763.405: [GC 8522565K->1613767K(14426624K), 0.4849530 secs]
2018-05-20T12:39:02.526+0000: 800782.146: [GC 8444743K->1618398K(14424448K), 0.4753730 secs]
2018-05-20T12:39:24.428+0000: 800804.049: [GC 8449374K->1640724K(14434624K), 0.5410840 secs]
2018-05-20T12:39:41.534+0000: 800821.155: [GC 8484180K->1640439K(14428928K), 0.4747370 secs]
2018-05-20T12:40:08.773+0000: 800848.393: [GC 8483895K->1657132K(14445184K), 0.4658710 secs]
2018-05-20T12:41:10.119+0000: 800909.740: [GC 8521196K->1745222K(14393856K), 0.9184090 secs]
2018-05-20T12:42:04.407+0000: 800964.027: [GC 8609286K->1754791K(14417728K), 0.9231460 secs]
2018-05-20T12:42:39.332+0000: 800998.952: [GC 8586663K->1719733K(14425984K), 0.7190080 secs]
2018-05-20T12:42:56.714+0000: 801016.334: [GC 8551605K->1688947K(14440256K), 0.4879310 secs]
2018-05-20T12:43:17.108+0000: 801036.728: [GC 8546099K->1703141K(14436992K), 0.5202420 secs]
2018-05-20T12:43:36.588+0000: 801056.208: [GC 8560293K->1702316K(14449728K), 0.4653800 secs]
2018-05-20T12:43:55.503+0000: 801075.123: [GC 8577644K->1714332K(14445696K), 0.5096200 secs]
2018-05-20T12:44:13.567+0000: 801093.188: [GC 8589660K->1719779K(14459968K), 0.4959870 secs]
2018-05-20T12:44:30.828+0000: 801110.449: [GC 8614435K->1724543K(14454784K), 0.4821040 secs]
2018-05-20T12:44:48.802+0000: 801128.422: [GC 8619199K->1732241K(14470720K), 0.5077160 secs]
2018-05-20T12:45:57.684+0000: 801197.305: [GC 8648017K->1825221K(14449024K), 0.9261720 secs]
2018-05-20T12:46:54.794+0000: 801254.415: [GC 8740997K->1835214K(14426368K), 0.9873690 secs]
2018-05-20T12:47:49.267+0000: 801308.887: [GC 8695118K->1844416K(14393344K), 0.9694610 secs]
2018-05-20T12:48:46.543+0000: 801366.164: [GC 8704320K->1852893K(14415808K), 0.8490450 secs]
2018-05-20T12:49:53.875+0000: 801433.495: [GC 8678109K->1860627K(14355200K), 0.8394190 secs]
2018-05-20T12:50:53.023+0000: 801492.644: [GC 8685843K->1875414K(14414208K), 0.9608910 secs]
2018-05-20T12:51:26.346+0000: 801525.966: [GC 8687446K->1838966K(14416064K), 0.6819850 secs]
2018-05-20T12:51:44.434+0000: 801544.055: [GC 8650998K->1812498K(14426432K), 0.5283050 secs]
2018-05-20T12:52:13.931+0000: 801573.552: [GC 8643346K->1809545K(14424512K), 0.4868620 secs]
2018-05-20T12:54:23.689+0000: 801703.310: [GC 8640393K->1890847K(14427648K), 0.8770540 secs]
2018-05-20T12:55:37.359+0000: 801776.980: [GC 8726431K->1909242K(14356544K), 0.8043630 secs]
2018-05-20T12:56:27.496+0000: 801827.117: [GC 8744826K->1924894K(14419456K), 0.8881820 secs]
2018-05-20T12:57:00.330+0000: 801859.951: [GC 8749982K->1894147K(14422592K), 0.6989570 secs]
2018-05-20T12:58:14.449+0000: 801934.070: [GC 8719235K->1928808K(14434048K), 0.8387240 secs]
2018-05-20T12:58:42.421+0000: 801962.042: [GC 8773800K->1881637K(14431040K), 0.5259780 secs]
2018-05-20T12:58:59.878+0000: 801979.499: [GC 8726629K->1872600K(14436480K), 0.4530590 secs]
2018-05-20T12:59:31.308+0000: 802010.928: [GC 8725144K->1919621K(14436160K), 0.6846610 secs]
2018-05-20T13:00:24.481+0000: 802064.102: [GC 8772165K->1951262K(14447936K), 0.8184930 secs]
2018-05-20T13:01:21.850+0000: 802121.471: [GC 8824478K->1977495K(14393152K), 0.8566910 secs]
2018-05-20T13:02:19.547+0000: 802179.168: [GC 8850711K->1986424K(14437376K), 0.8060300 secs]
2018-05-20T13:03:14.478+0000: 802234.099: [GC 8847736K->1991178K(14381440K), 0.9218740 secs]
2018-05-20T13:03:42.362+0000: 802261.983: [GC 8852490K->1937208K(14441408K), 0.5795500 secs]
2018-05-20T13:04:59.399+0000: 802339.020: [GC 8797752K->2011936K(14384704K), 0.8643990 secs]
2018-05-20T13:05:53.827+0000: 802393.447: [GC 8872480K->1966633K(14442560K), 0.5744180 secs]
2018-05-20T13:07:51.695+0000: 802511.315: [GC 8827241K->2028187K(14438144K), 0.9224920 secs]
2018-05-20T13:08:40.591+0000: 802560.212: [GC 8888795K->1979382K(14442880K), 0.5873340 secs]
2018-05-20T13:09:48.130+0000: 802627.751: [GC 8842614K->2051313K(14386816K), 0.9316760 secs]
2018-05-20T13:11:01.568+0000: 802701.189: [GC 8914545K->2056558K(14437504K), 0.9030240 secs]
2018-05-20T13:11:33.997+0000: 802733.617: [GC 8913646K->2023140K(14438592K), 0.4555370 secs]
2018-05-20T13:12:31.022+0000: 802790.643: [GC 8880228K->2070780K(14442304K), 0.7941800 secs]
2018-05-20T13:13:17.560+0000: 802837.181: [GC 8936700K->2091881K(14397056K), 0.8411220 secs]
2018-05-20T13:13:51.092+0000: 802870.713: [GC 8957801K->2043775K(14442496K), 0.3297010 secs]
2018-05-20T13:14:43.421+0000: 802923.041: [GC 8904831K->2084826K(14438656K), 0.8397400 secs]
2018-05-20T13:14:57.179+0000: 802936.800: [GC 8945882K->2022971K(14440640K), 0.3513410 secs]
2018-05-20T13:15:10.892+0000: 802950.512: [GC 8890683K->2024782K(14299008K), 0.4238600 secs]
2018-05-20T13:15:41.469+0000: 802981.090: [GC 8892494K->2074551K(14448448K), 0.6711660 secs]
2018-05-20T13:16:50.386+0000: 803050.007: [GC 8944503K->2131372K(14441600K), 0.8652750 secs]
2018-05-20T13:17:26.786+0000: 803086.407: [GC 9001324K->2077720K(14446464K), 0.5773830 secs]
2018-05-20T13:18:06.389+0000: 803126.009: [GC 8946520K->2121383K(14442432K), 0.7644050 secs]
2018-05-20T13:18:21.196+0000: 803140.817: [GC 8990183K->2071585K(14450048K), 0.2164390 secs]
2018-05-20T13:18:34.819+0000: 803154.440: [GC 8953249K->2073958K(14310720K), 0.3974420 secs]
2018-05-20T13:18:58.161+0000: 803177.782: [GC 8955622K->2102095K(14454976K), 0.5056960 secs]
2018-05-20T13:19:16.973+0000: 803196.594: [GC 8987343K->2108070K(14450368K), 0.4818560 secs]
2018-05-20T13:19:39.201+0000: 803218.821: [GC 8993318K->2122200K(14465024K), 0.5600500 secs]
2018-05-20T13:19:56.095+0000: 803235.716: [GC 9026520K->2117777K(14459392K), 0.4431300 secs]
2018-05-20T13:20:13.698+0000: 803253.318: [GC 9022097K->2120205K(14472000K), 0.4313260 secs]
2018-05-20T13:21:22.902+0000: 803322.523: [GC 9040653K->2198334K(14430976K), 0.8505600 secs]
2018-05-20T13:22:25.361+0000: 803384.982: [GC 9118782K->2219156K(14441920K), 0.8693210 secs]
2018-05-20T13:22:47.780+0000: 803407.401: [GC 9104276K->2154851K(14452608K), 0.5361480 secs]
2018-05-20T13:23:09.936+0000: 803429.557: [GC 9039971K->2160512K(14462528K), 0.5121560 secs]
2018-05-20T13:23:30.664+0000: 803450.285: [GC 9060416K->2177418K(14457472K), 0.5816570 secs]
2018-05-20T13:23:54.200+0000: 803473.821: [GC 9077322K->2165519K(14472896K), 0.4861350 secs]
2018-05-20T13:24:15.487+0000: 803495.108: [GC 9087823K->2177577K(14469504K), 0.4813970 secs]
2018-05-20T13:24:39.518+0000: 803519.139: [GC 9099881K->2192085K(14483328K), 0.5108590 secs]
2018-05-20T13:24:59.149+0000: 803538.770: [GC 8127496K->2194381K(14477760K), 0.4545190 secs]
2018-05-20T13:24:59.604+0000: 803539.224: [Full GC 2194381K->1304689K(14477760K), 3.5945080 secs]
2018-05-20T13:25:21.609+0000: 803561.230: [GC 8245681K->1421010K(14494528K), 0.5342150 secs]
2018-05-20T13:25:41.109+0000: 803580.729: [GC 8383506K->1435969K(14488064K), 0.5314490 secs]
2018-05-20T13:26:03.299+0000: 803602.920: [GC 8398465K->1449474K(14505664K), 0.5620730 secs]
2018-05-20T13:26:26.756+0000: 803626.377: [GC 8435522K->1445141K(14500480K), 0.5262510 secs]
2018-05-20T13:26:48.465+0000: 803648.086: [GC 8431189K->1450494K(14513152K), 0.5228370 secs]
2018-05-20T13:27:10.139+0000: 803669.760: [GC 8453118K->1454933K(14509568K), 0.5078780 secs]
2018-05-20T13:27:35.064+0000: 803694.685: [GC 8457557K->1450613K(14517760K), 0.4750410 secs]
2018-05-20T13:28:02.780+0000: 803722.401: [GC 8464757K->1459856K(14516480K), 0.5046790 secs]
2018-05-20T13:28:25.384+0000: 803745.004: [GC 8474000K->1473590K(14523776K), 0.5002820 secs]
2018-05-20T13:28:48.453+0000: 803768.074: [GC 8497270K->1485309K(14520000K), 0.5460490 secs]
2018-05-20T13:29:10.774+0000: 803790.395: [GC 8508989K->1493516K(14531008K), 0.5518540 secs]
2018-05-20T13:29:33.195+0000: 803812.816: [GC 8532236K->1501684K(14527808K), 0.5522530 secs]
2018-05-20T13:29:53.093+0000: 803832.713: [GC 8540404K->1496802K(14535040K), 0.5197430 secs]
2018-05-20T13:30:15.494+0000: 803855.114: [GC 8544546K->1512188K(14532800K), 0.5384790 secs]
2018-05-20T13:30:37.547+0000: 803877.168: [GC 8559932K->1526925K(14536512K), 0.5089260 secs]
2018-05-20T13:31:01.107+0000: 803900.728: [GC 8580749K->1529403K(14536960K), 0.5687310 secs]
2018-05-20T13:31:21.261+0000: 803920.881: [GC 8583227K->1526611K(14539840K), 0.5164410 secs]
2018-05-20T13:31:45.630+0000: 803945.251: [GC 8584275K->1541362K(14537920K), 0.5424470 secs]
2018-05-20T13:32:06.033+0000: 803965.654: [GC 8599026K->1547370K(14542592K), 0.5815970 secs]
2018-05-20T13:32:27.591+0000: 803987.212: [GC 8610602K->1555587K(14540736K), 0.5843090 secs]
2018-05-20T13:32:49.435+0000: 804009.056: [GC 8618819K->1543961K(14542912K), 0.4904800 secs]
2018-05-20T13:33:13.643+0000: 804033.264: [GC 8610073K->1562086K(14543104K), 0.5220760 secs]
2018-05-20T13:33:35.976+0000: 804055.597: [GC 8628198K->1571246K(14546432K), 0.5667530 secs]
2018-05-20T13:33:57.987+0000: 804077.608: [GC 8642862K->1583370K(14545280K), 0.6032000 secs]
2018-05-20T13:34:20.145+0000: 804099.765: [GC 8654986K->1573958K(14545920K), 0.5382920 secs]
2018-05-20T13:34:42.503+0000: 804122.124: [GC 8645254K->1581978K(14545472K), 0.5229000 secs]
2018-05-20T13:35:05.378+0000: 804144.999: [GC 8653274K->1593311K(14548224K), 0.5187960 secs]
2018-05-20T13:35:27.800+0000: 804167.420: [GC 8668511K->1608721K(14540544K), 0.5502270 secs]
2018-05-20T13:35:50.597+0000: 804190.217: [GC 8683921K->1608876K(14546112K), 0.5616520 secs]
2018-05-20T13:36:10.642+0000: 804210.263: [GC 8680620K->1604172K(14545728K), 0.5053500 secs]
2018-05-20T13:36:34.181+0000: 804233.802: [GC 8675916K->1613122K(14547968K), 0.5107500 secs]
2018-05-20T13:36:58.954+0000: 804258.574: [GC 8687810K->1614307K(14546816K), 0.5044740 secs]
2018-05-20T13:37:20.818+0000: 804280.439: [GC 8688995K->1636141K(14545984K), 0.5739460 secs]
2018-05-20T13:37:39.783+0000: 804299.403: [GC 8710189K->1644184K(14537472K), 0.5735570 secs]
2018-05-20T13:38:00.838+0000: 804320.459: [GC 8718232K->1638467K(14546688K), 0.5088460 secs]
2018-05-20T13:38:23.660+0000: 804343.280: [GC 8710531K->1643338K(14545472K), 0.5112400 secs]
2018-05-20T13:38:46.168+0000: 804365.789: [GC 8715402K->1654933K(14549056K), 0.5230660 secs]
2018-05-20T13:39:10.345+0000: 804389.965: [GC 8731669K->1661633K(14547776K), 0.5574100 secs]
2018-05-20T13:39:33.162+0000: 804412.783: [GC 8738369K->1665315K(14551104K), 0.5572690 secs]
2018-05-20T13:39:53.171+0000: 804432.791: [GC 8746275K->1667126K(14549952K), 0.5099760 secs]
2018-05-20T13:40:14.714+0000: 804454.335: [GC 8748086K->1672456K(14552192K), 0.4848500 secs]
2018-05-20T13:40:37.456+0000: 804477.076: [GC 8756104K->1683940K(14551552K), 0.5279200 secs]
2018-05-20T13:41:00.144+0000: 804499.765: [GC 8767588K->1689563K(14554240K), 0.5582550 secs]
2018-05-20T13:41:20.558+0000: 804520.179: [GC 8777243K->1697262K(14553536K), 0.6158270 secs]
2018-05-20T13:41:43.293+0000: 804542.913: [GC 8784942K->1682007K(14550848K), 0.4647150 secs]
2018-05-20T13:42:05.066+0000: 804564.687: [GC 8766423K->1696015K(14552256K), 0.5070890 secs]
2018-05-20T13:42:29.284+0000: 804588.905: [GC 8780431K->1697101K(14553280K), 0.4900610 secs]
2018-05-20T13:42:51.591+0000: 804611.211: [GC 8783309K->1708249K(14553024K), 0.4990370 secs]
2018-05-20T13:43:13.641+0000: 804633.262: [GC 8794457K->1722465K(14552896K), 0.5556150 secs]
2018-05-20T13:43:35.675+0000: 804655.296: [GC 8810081K->1725075K(14553856K), 0.5695900 secs]
2018-05-20T13:43:57.986+0000: 804677.607: [GC 8812691K->1716935K(14552576K), 0.4826200 secs]
2018-05-20T13:44:21.534+0000: 804701.155: [GC 8803655K->1721698K(14526528K), 0.4912720 secs]
2018-05-20T13:44:43.962+0000: 804723.583: [GC 8808418K->1731970K(14554176K), 0.4908450 secs]
2018-05-20T13:45:07.413+0000: 804747.034: [GC 8819202K->1745569K(14553152K), 0.4806860 secs]
2018-05-20T13:45:29.749+0000: 804769.370: [GC 8832801K->1762115K(14548992K), 0.5200700 secs]
2018-05-20T13:45:52.254+0000: 804791.875: [GC 8845763K->1763044K(14542016K), 0.5513000 secs]
2018-05-20T13:46:15.327+0000: 804814.948: [GC 8846692K->1762150K(14552192K), 0.5017520 secs]
2018-05-20T13:46:35.224+0000: 804834.845: [GC 8845030K->1767827K(14550784K), 0.4979840 secs]
2018-05-20T13:46:58.616+0000: 804858.237: [GC 8850707K->1775754K(14554432K), 0.5053880 secs]
2018-05-20T13:47:20.698+0000: 804880.319: [GC 8863114K->1778617K(14553024K), 0.5142290 secs]
2018-05-20T13:47:44.700+0000: 804904.321: [GC 8865977K->1785000K(14556224K), 0.5162910 secs]
2018-05-20T13:48:07.094+0000: 804926.715: [GC 8876392K->1803338K(14551488K), 0.5641220 secs]
2018-05-20T13:48:30.536+0000: 804950.156: [GC 8894730K->1797746K(14554752K), 0.5134920 secs]
2018-05-20T13:48:53.343+0000: 804972.963: [GC 8886322K->1805288K(14553920K), 0.5154720 secs]
2018-05-20T13:49:17.089+0000: 804996.710: [GC 8893864K->1801729K(14554752K), 0.4919920 secs]
2018-05-20T13:49:37.675+0000: 805017.295: [GC 8892289K->1812653K(14555328K), 0.4844410 secs]
2018-05-20T13:50:04.276+0000: 805043.896: [GC 8903213K->1813330K(14555904K), 0.4305990 secs]
2018-05-20T13:50:32.197+0000: 805071.817: [GC 8905298K->1812087K(14519552K), 0.4254340 secs]
2018-05-20T13:50:55.556+0000: 805095.177: [GC 8904055K->1836400K(14555520K), 0.5186930 secs]
2018-05-20T13:51:18.760+0000: 805118.380: [GC 8926000K->1834356K(14554176K), 0.4867790 secs]
2018-05-20T13:51:42.588+0000: 805142.209: [GC 8923956K->1838599K(14557056K), 0.4635580 secs]
2018-05-20T13:52:04.704+0000: 805164.325: [GC 8931847K->1856171K(14545792K), 0.5232890 secs]
2018-05-20T13:52:28.633+0000: 805188.253: [GC 8949419K->1849166K(14557120K), 0.4666920 secs]
2018-05-20T13:52:53.321+0000: 805212.942: [GC 8942158K->1882790K(14555968K), 0.6424260 secs]
2018-05-20T13:53:12.712+0000: 805232.333: [GC 8975782K->1877356K(14544192K), 0.5475320 secs]
2018-05-20T13:53:32.841+0000: 805252.461: [GC 8957420K->1884070K(14550080K), 0.5262940 secs]
2018-05-20T13:53:55.643+0000: 805275.263: [GC 8964134K->1885376K(14553664K), 0.4957700 secs]
2018-05-20T13:54:18.724+0000: 805298.345: [GC 8971072K->1900324K(14552128K), 0.5352010 secs]
2018-05-20T13:54:41.442+0000: 805321.062: [GC 8986020K->1905225K(14551872K), 0.5382230 secs]
2018-05-20T13:55:02.841+0000: 805342.462: [GC 8989769K->1919017K(14547520K), 0.5420770 secs]
2018-05-20T13:55:22.482+0000: 805362.102: [GC 9003561K->1908325K(14550016K), 0.4868520 secs]
2018-05-20T13:55:44.035+0000: 805383.656: [GC 8987301K->1928507K(14549056K), 0.5722370 secs]
2018-05-20T13:56:11.294+0000: 805410.914: [GC 9007483K->1937790K(14545664K), 0.5728200 secs]
2018-05-20T13:56:33.743+0000: 805433.364: [GC 9012606K->1934419K(14547456K), 0.5071510 secs]
2018-05-20T13:56:55.621+0000: 805455.241: [GC 9009235K->1947093K(14547712K), 0.5624880 secs]
2018-05-20T13:57:20.424+0000: 805480.045: [GC 9024213K->1944274K(14548608K), 0.5247560 secs]
2018-05-20T13:57:41.090+0000: 805500.711: [GC 9021394K->1959272K(14550080K), 0.5624590 secs]
2018-05-20T13:58:05.214+0000: 805524.834: [GC 9038760K->1950360K(14549504K), 0.4682200 secs]
2018-05-20T13:58:29.237+0000: 805548.858: [GC 9029848K->1957745K(14549632K), 0.4674310 secs]
2018-05-20T13:58:49.525+0000: 805569.146: [GC 9036849K->1973822K(14549568K), 0.4947320 secs]
2018-05-20T13:59:13.009+0000: 805592.629: [GC 9052926K->1979544K(14553472K), 0.5225120 secs]
2018-05-20T13:59:34.582+0000: 805614.203: [GC 9064536K->1993538K(14551616K), 0.5943740 secs]
2018-05-20T14:00:03.929+0000: 805643.550: [GC 9078530K->2002724K(14547072K), 0.5239710 secs]
2018-05-20T14:00:27.430+0000: 805667.051: [GC 9081380K->1987294K(14517632K), 0.4389480 secs]
2018-05-20T14:00:50.065+0000: 805689.686: [GC 9065950K->2005821K(14551040K), 0.5240050 secs]
2018-05-20T14:01:13.568+0000: 805713.189: [GC 9085885K->2012962K(14549120K), 0.5648290 secs]
2018-05-20T14:01:34.662+0000: 805734.283: [GC 9093026K->2016597K(14553664K), 0.5150000 secs]
2018-05-20T14:01:56.932+0000: 805756.552: [GC 9102037K->2021296K(14551872K), 0.5428650 secs]
2018-05-20T14:02:16.265+0000: 805775.886: [GC 9106736K->2021652K(14555584K), 0.5085370 secs]
2018-05-20T14:02:37.327+0000: 805796.948: [GC 9112212K->2037758K(14546880K), 0.5002700 secs]
2018-05-20T14:02:59.347+0000: 805818.968: [GC 9128318K->2047230K(14551296K), 0.5885120 secs]
2018-05-20T14:03:20.367+0000: 805839.988: [GC 9133182K->2053472K(14544192K), 0.5645150 secs]
2018-05-20T14:03:43.698+0000: 805863.318: [GC 9139424K->2045060K(14551552K), 0.4966660 secs]
2018-05-20T14:04:04.740+0000: 805884.360: [GC 9128708K->2053902K(14551872K), 0.5017640 secs]
2018-05-20T14:04:26.120+0000: 805905.741: [GC 9137550K->2064617K(14553792K), 0.5152200 secs]
2018-05-20T14:04:48.751+0000: 805928.372: [GC 9150697K->2072790K(14552384K), 0.5119930 secs]
2018-05-20T14:05:11.807+0000: 805951.427: [GC 9158870K->2083542K(14554112K), 0.5368280 secs]
2018-05-20T14:05:33.055+0000: 805972.676: [GC 9172950K->2091564K(14546816K), 0.5588420 secs]
2018-05-20T14:05:53.891+0000: 805993.511: [GC 9180972K->2084435K(14553856K), 0.4972590 secs]
2018-05-20T14:06:15.862+0000: 806015.483: [GC 9171987K->2092887K(14553792K), 0.4967930 secs]
2018-05-20T14:06:38.266+0000: 806037.887: [GC 9180439K->2105127K(14554752K), 0.5403140 secs]
2018-05-20T14:07:02.343+0000: 806061.964: [GC 9194663K->2096172K(14530624K), 0.4833960 secs]
2018-05-20T14:07:25.384+0000: 806085.005: [GC 9185708K->2115514K(14553664K), 0.5770620 secs]
2018-05-20T14:07:48.425+0000: 806108.045: [GC 9203642K->2114191K(14554112K), 0.5228450 secs]
2018-05-20T14:08:10.965+0000: 806130.586: [GC 9202319K->2123790K(14556480K), 0.5240280 secs]
2018-05-20T14:08:35.802+0000: 806155.423: [GC 9215566K->2116885K(14555392K), 0.4577050 secs]
2018-05-20T14:08:54.143+0000: 806173.763: [GC 9208661K->2141130K(14553216K), 0.5502990 secs]
2018-05-20T14:09:16.990+0000: 806196.611: [GC 9230154K->2138547K(14554560K), 0.4850190 secs]
2018-05-20T14:09:40.933+0000: 806220.553: [GC 9227571K->2137095K(14555904K), 0.4588500 secs]
2018-05-20T14:10:04.530+0000: 806244.151: [GC 9228807K->2148039K(14555904K), 0.4397830 secs]
2018-05-20T14:10:27.925+0000: 806267.545: [GC 9239751K->2158627K(14557696K), 0.4763330 secs]
2018-05-20T14:10:50.987+0000: 806290.608: [GC 9253091K->2169043K(14556864K), 0.5429110 secs]
2018-05-20T14:11:12.903+0000: 806312.523: [GC 9263507K->2172908K(14557440K), 0.5173460 secs]
2018-05-20T14:11:38.711+0000: 806338.331: [GC 9267692K->2174853K(14557440K), 0.5263620 secs]
2018-05-20T14:12:01.336+0000: 806360.956: [GC 9269637K->2182963K(14559040K), 0.5352520 secs]
2018-05-20T14:12:29.448+0000: 806389.069: [GC 9280563K->2190060K(14558656K), 0.5475820 secs]
2018-05-20T14:12:52.015+0000: 806411.636: [GC 9287660K->2196730K(14559040K), 0.5356670 secs]
2018-05-20T14:13:14.154+0000: 806433.775: [GC 9294458K->2207960K(14553984K), 0.5338610 secs]
2018-05-20T14:13:35.918+0000: 806455.539: [GC 9305688K->2206466K(14558720K), 0.5520280 secs]
2018-05-20T14:13:56.326+0000: 806475.947: [GC 9303106K->2213536K(14558016K), 0.5210350 secs]
2018-05-20T14:14:19.055+0000: 806498.675: [GC 9310176K->2227964K(14556032K), 0.5391850 secs]
2018-05-20T14:14:42.014+0000: 806521.634: [GC 9323388K->2227857K(14557760K), 0.5317630 secs]
2018-05-20T14:15:05.609+0000: 806545.229: [GC 9323281K->2241087K(14555968K), 0.5223600 secs]
2018-05-20T14:15:29.384+0000: 806569.005: [GC 9335743K->2236279K(14557376K), 0.4439810 secs]
2018-05-20T14:15:47.325+0000: 806586.945: [GC 9330935K->2260881K(14545216K), 0.6015910 secs]
2018-05-20T14:16:08.715+0000: 806608.335: [GC 9343505K->2259745K(14551360K), 0.5455210 secs]
2018-05-20T14:16:31.511+0000: 806631.132: [GC 9342369K->2259337K(14552704K), 0.4976840 secs]
2018-05-20T14:16:54.895+0000: 806654.516: [GC 9344009K->2261360K(14552064K), 0.4787730 secs]
2018-05-20T14:17:16.756+0000: 806676.377: [GC 9346032K->2281730K(14550848K), 0.5297240 secs]
2018-05-20T14:17:35.344+0000: 806694.965: [GC 9364738K->2288159K(14540736K), 0.5266080 secs]
2018-05-20T14:17:56.059+0000: 806715.680: [GC 9371167K->2298382K(14550272K), 0.5727520 secs]
2018-05-20T14:18:17.005+0000: 806736.626: [GC 9379854K->2305296K(14541760K), 0.5777070 secs]
2018-05-20T14:18:38.968+0000: 806758.589: [GC 9386768K->2299851K(14550336K), 0.5277120 secs]
2018-05-20T14:18:59.975+0000: 806779.596: [GC 9380043K->2297170K(14519872K), 0.4766090 secs]
2018-05-20T14:19:23.537+0000: 806803.158: [GC 9377362K->2312240K(14550912K), 0.5057430 secs]
2018-05-20T14:19:45.444+0000: 806825.064: [GC 9392624K->2322401K(14549568K), 0.5332650 secs]
2018-05-20T14:20:08.410+0000: 806848.031: [GC 9402785K->2324121K(14553536K), 0.4779910 secs]
2018-05-20T14:20:29.026+0000: 806868.647: [GC 9410137K->2345477K(14551168K), 0.5238770 secs]
2018-05-20T14:20:48.952+0000: 806888.573: [GC 9431493K->2337814K(14551040K), 0.5247960 secs]
2018-05-20T14:21:10.132+0000: 806909.753: [GC 9419926K->2345656K(14551104K), 0.5018560 secs]
2018-05-20T14:21:32.755+0000: 806932.375: [GC 9427768K->2354891K(14553792K), 0.5330910 secs]
2018-05-20T14:21:54.602+0000: 806954.223: [GC 9441035K->2365591K(14552448K), 0.5739940 secs]
2018-05-20T14:22:15.285+0000: 806974.906: [GC 9451735K->2376282K(14550528K), 0.5842970 secs]
2018-05-20T14:22:35.693+0000: 806995.313: [GC 9460186K->2372506K(14552000K), 0.5132940 secs]
2018-05-20T14:23:01.054+0000: 807020.674: [GC 9456410K->2364516K(14549568K), 0.4723620 secs]
2018-05-20T14:23:27.230+0000: 807046.851: [GC 9446756K->2365906K(14513600K), 0.4403390 secs]
2018-05-20T14:23:50.442+0000: 807070.062: [GC 9448146K->2386118K(14551168K), 0.5128730 secs]
2018-05-20T14:24:09.779+0000: 807089.399: [GC 9466630K->2389703K(14549440K), 0.4675870 secs]
2018-05-20T14:24:31.840+0000: 807111.461: [GC 9470215K->2406674K(14550464K), 0.5357100 secs]
2018-05-20T14:24:52.942+0000: 807132.562: [GC 9489426K->2416338K(14543552K), 0.5976090 secs]
2018-05-20T14:25:03.205+0000: 807142.826: [GC 5786151K->2365088K(14536128K), 0.2524250 secs]
2018-05-20T14:25:03.458+0000: 807143.078: [Full GC 2365088K->1276214K(14536128K), 3.8296940 secs]
2018-05-20T14:25:25.922+0000: 807165.543: [GC 8341430K->1386680K(14542656K), 0.4779380 secs]
2018-05-20T14:25:47.189+0000: 807186.810: [GC 8451896K->1385909K(14546112K), 0.4877190 secs]
2018-05-20T14:26:08.246+0000: 807207.867: [GC 8455989K->1402626K(14544064K), 0.5374130 secs]
2018-05-20T14:26:30.289+0000: 807229.910: [GC 8472706K->1412477K(14544256K), 0.5136360 secs]
2018-05-20T14:26:51.432+0000: 807251.053: [GC 8482941K->1423433K(14531328K), 0.5465270 secs]
2018-05-20T14:27:12.576+0000: 807272.197: [GC 8493897K->1425077K(14543616K), 0.5776020 secs]
2018-05-20T14:27:32.909+0000: 807292.530: [GC 8491637K->1418542K(14543040K), 0.4866070 secs]
2018-05-20T14:27:54.824+0000: 807314.445: [GC 8485102K->1435374K(14546560K), 0.5318100 secs]
2018-05-20T14:28:16.136+0000: 807335.757: [GC 8506990K->1449947K(14531584K), 0.5790560 secs]
2018-05-20T14:28:38.398+0000: 807358.019: [GC 8521563K->1449212K(14547008K), 0.5336190 secs]
2018-05-20T14:28:56.686+0000: 807376.307: [GC 8521084K->1456114K(14544960K), 0.5540840 secs]
2018-05-20T14:29:17.706+0000: 807397.327: [GC 8527986K->1462904K(14548480K), 0.5045050 secs]
2018-05-20T14:29:39.793+0000: 807419.414: [GC 8539448K->1467285K(14548160K), 0.5279730 secs]
2018-05-20T14:30:01.524+0000: 807441.144: [GC 8543829K->1475971K(14550016K), 0.5367980 secs]
2018-05-20T14:30:22.660+0000: 807462.281: [GC 8555331K->1480866K(14549440K), 0.5026390 secs]
2018-05-20T14:30:42.841+0000: 807482.462: [GC 8560226K->1485725K(14552448K), 0.4873970 secs]
2018-05-20T14:31:05.208+0000: 807504.829: [GC 8569117K->1499546K(14551040K), 0.5638630 secs]
2018-05-20T14:31:25.447+0000: 807525.068: [GC 8582938K->1509022K(14547520K), 0.5955890 secs]
2018-05-20T14:31:46.304+0000: 807545.925: [GC 8587678K->1503384K(14549376K), 0.5418380 secs]
2018-05-20T14:32:06.559+0000: 807566.180: [GC 8582040K->1511922K(14551872K), 0.5089090 secs]
2018-05-20T14:32:29.281+0000: 807588.902: [GC 8594098K->1514176K(14550400K), 0.4873880 secs]
2018-05-20T14:32:51.994+0000: 807611.615: [GC 8596352K->1518951K(14552896K), 0.5043860 secs]
2018-05-20T14:33:15.472+0000: 807635.093: [GC 8604263K->1530594K(14552512K), 0.5356230 secs]
2018-05-20T14:33:36.786+0000: 807656.406: [GC 8615906K->1539973K(14554752K), 0.5387420 secs]
2018-05-20T14:34:00.409+0000: 807680.029: [GC 8628869K->1532815K(14527744K), 0.4873960 secs]
2018-05-20T14:34:19.889+0000: 807699.509: [GC 8621711K->1546420K(14554560K), 0.5135850 secs]
2018-05-20T14:34:41.545+0000: 807721.165: [GC 8634676K->1559449K(14553792K), 0.5354250 secs]
2018-05-20T14:35:03.506+0000: 807743.126: [GC 8647705K->1572177K(14551296K), 0.5084650 secs]
2018-05-20T14:35:26.166+0000: 807765.786: [GC 8658257K->1571340K(14553088K), 0.4921130 secs]
2018-05-20T14:35:46.752+0000: 807786.373: [GC 8657420K->1585891K(14552960K), 0.5522630 secs]
2018-05-20T14:36:11.818+0000: 807811.439: [GC 8672739K->1570712K(14520128K), 0.4487190 secs]
2018-05-20T14:36:35.355+0000: 807834.976: [GC 8657560K->1582074K(14552000K), 0.4657960 secs]
2018-05-20T14:36:55.878+0000: 807855.498: [GC 8665786K->1590624K(14551808K), 0.4786200 secs]
2018-05-20T14:37:17.236+0000: 807876.857: [GC 8674336K->1606899K(14553728K), 0.5211630 secs]
2018-05-20T14:37:39.714+0000: 807899.335: [GC 8693299K->1611404K(14552768K), 0.4877830 secs]
2018-05-20T14:38:03.114+0000: 807922.734: [GC 8697804K->1613546K(14556224K), 0.4829470 secs]
2018-05-20T14:38:25.894+0000: 807945.515: [GC 8705194K->1624114K(14555520K), 0.5055660 secs]
2018-05-20T14:38:48.814+0000: 807968.435: [GC 8715762K->1629346K(14559232K), 0.5184840 secs]
2018-05-20T14:39:14.994+0000: 807994.614: [GC 8726306K->1645773K(14554944K), 0.5651700 secs]
2018-05-20T14:39:36.861+0000: 808016.482: [GC 8742733K->1649241K(14556800K), 0.5067210 secs]
2018-05-20T14:39:58.541+0000: 808038.162: [GC 8742745K->1655873K(14548096K), 0.4911640 secs]
2018-05-20T14:40:20.036+0000: 808059.657: [GC 8749377K->1658508K(14556928K), 0.4973850 secs]
2018-05-20T14:40:40.702+0000: 808080.322: [GC 8751564K->1655996K(14556224K), 0.4745530 secs]
2018-05-20T14:41:02.491+0000: 808102.112: [GC 8749052K->1673453K(14556160K), 0.5534360 secs]
2018-05-20T14:41:23.518+0000: 808123.138: [GC 8766573K->1680946K(14548992K), 0.5340130 secs]
2018-05-20T14:41:44.576+0000: 808144.197: [GC 8774066K->1696030K(14548480K), 0.6026180 secs]
2018-05-20T14:42:03.689+0000: 808163.309: [GC 8780190K->1689321K(14552128K), 0.5134330 secs]
2018-05-20T14:42:26.848+0000: 808186.468: [GC 8773481K->1697610K(14554688K), 0.5090080 secs]
2018-05-20T14:42:47.578+0000: 808207.199: [GC 8785738K->1709051K(14553536K), 0.5479380 secs]
2018-05-20T14:43:08.046+0000: 808227.666: [GC 8797179K->1725114K(14548864K), 0.6137050 secs]
2018-05-20T14:43:29.787+0000: 808249.407: [GC 8808890K->1715515K(14551936K), 0.5008280 secs]
2018-05-20T14:43:53.280+0000: 808272.901: [GC 8799291K->1714028K(14550784K), 0.4820090 secs]
2018-05-20T14:44:14.413+0000: 808294.034: [GC 8797164K->1723115K(14551616K), 0.4838860 secs]
2018-05-20T14:44:34.053+0000: 808313.673: [GC 8806251K->1744757K(14550336K), 0.5478020 secs]
2018-05-20T14:44:55.876+0000: 808335.496: [GC 8826741K->1749898K(14551040K), 0.4831540 secs]
2018-05-20T14:45:17.546+0000: 808357.167: [GC 8831882K->1768256K(14544128K), 0.5590700 secs]
2018-05-20T14:45:39.592+0000: 808379.212: [GC 8843840K->1751694K(14547840K), 0.4572340 secs]
2018-05-20T14:46:00.202+0000: 808399.823: [GC 8827278K->1771897K(14549440K), 0.5266360 secs]
2018-05-20T14:46:23.525+0000: 808423.146: [GC 8849081K->1771640K(14547840K), 0.4876570 secs]
2018-05-20T14:46:44.351+0000: 808443.972: [GC 8848824K->1788888K(14550464K), 0.5741360 secs]
2018-05-20T14:47:05.416+0000: 808465.037: [GC 8869720K->1797112K(14538944K), 0.5568710 secs]
2018-05-20T14:47:28.237+0000: 808487.857: [GC 8877944K->1789677K(14550080K), 0.4862280 secs]
2018-05-20T14:47:50.693+0000: 808510.314: [GC 8869485K->1792704K(14518208K), 0.4939300 secs]
2018-05-20T14:49:41.034+0000: 808620.655: [GC 8872512K->1866459K(14507776K), 0.7705820 secs]
2018-05-20T14:50:50.428+0000: 808690.049: [GC 8903899K->1899096K(14518144K), 0.6679340 secs]
2018-05-20T14:51:05.458+0000: 808705.079: [GC 8936536K->1854162K(14518976K), 0.3861800 secs]
2018-05-20T14:51:26.279+0000: 808725.900: [GC 8876242K->1853598K(14438784K), 0.3508610 secs]
2018-05-20T14:52:05.789+0000: 808765.410: [GC 8875678K->1876351K(14521088K), 0.4295490 secs]
2018-05-20T14:52:47.045+0000: 808806.665: [GC 8896319K->1908388K(14518976K), 0.5895620 secs]
2018-05-20T14:53:23.923+0000: 808843.544: [GC 8928356K->1907297K(14526784K), 0.5302350 secs]
2018-05-20T14:53:43.867+0000: 808863.487: [GC 8936417K->1891537K(14522432K), 0.3630990 secs]
2018-05-20T14:54:00.965+0000: 808880.586: [GC 8920657K->1902677K(14527616K), 0.3932380 secs]
2018-05-20T14:54:53.801+0000: 808933.421: [GC 8936597K->1951839K(14506688K), 0.6300070 secs]
2018-05-20T14:55:14.132+0000: 808953.753: [GC 8985759K->1942217K(14524224K), 0.5636670 secs]
2018-05-20T14:55:33.762+0000: 808973.382: [GC 8968585K->1941575K(14522240K), 0.4382360 secs]
2018-05-20T14:55:55.303+0000: 808994.923: [GC 8967943K->1952816K(14531584K), 0.5407190 secs]
2018-05-20T14:56:17.871+0000: 809017.491: [GC 8993008K->1953548K(14528704K), 0.5077820 secs]
2018-05-20T14:56:39.722+0000: 809039.342: [GC 8993740K->1957751K(14538112K), 0.5069990 secs]
2018-05-20T14:57:00.810+0000: 809060.431: [GC 9010935K->1973369K(14535168K), 0.5207000 secs]
2018-05-20T14:57:24.690+0000: 809084.311: [GC 9026553K->1968495K(14541248K), 0.4969270 secs]
2018-05-20T14:57:45.398+0000: 809105.019: [GC 9028719K->1984031K(14539072K), 0.5321360 secs]
2018-05-20T14:58:08.347+0000: 809127.967: [GC 9044255K->1980653K(14544128K), 0.4912650 secs]
2018-05-20T14:58:28.792+0000: 809148.413: [GC 9047405K->1991242K(14542720K), 0.4910760 secs]
2018-05-20T14:58:49.670+0000: 809169.291: [GC 9057994K->2003051K(14547136K), 0.5238510 secs]
2018-05-20T14:59:11.718+0000: 809191.338: [GC 9076779K->2003726K(14546688K), 0.4995620 secs]
2018-05-20T14:59:32.860+0000: 809212.481: [GC 9077454K->2017414K(14546944K), 0.5611590 secs]
2018-05-20T14:59:54.290+0000: 809233.910: [GC 9093766K->2017307K(14548224K), 0.5503460 secs]
2018-05-20T15:01:01.369+0000: 809300.989: [GC 9093659K->2107777K(14484672K), 1.0161690 secs]
2018-05-20T15:01:30.490+0000: 809330.111: [GC 9121793K->2103907K(14517056K), 0.2868680 secs]
2018-05-20T15:01:48.707+0000: 809348.328: [GC 9117923K->2093965K(14519872K), 0.4329750 secs]
2018-05-20T15:02:07.583+0000: 809367.204: [GC 9114125K->2111382K(14520128K), 0.5160480 secs]
2018-05-20T15:02:26.974+0000: 809386.595: [GC 9131542K->2109175K(14524032K), 0.4774750 secs]
2018-05-20T15:02:46.106+0000: 809405.727: [GC 9135735K->2125121K(14522624K), 0.5060270 secs]
2018-05-20T15:03:31.961+0000: 809451.581: [GC 9151681K->2174269K(14507008K), 0.7957940 secs]
2018-05-20T15:04:39.289+0000: 809518.909: [GC 9188541K->2222457K(14517184K), 1.0019040 secs]
2018-05-20T15:05:11.157+0000: 809550.778: [GC 9236729K->2195741K(14476224K), 0.5756630 secs]
2018-05-20T15:06:20.888+0000: 809620.509: [GC 9169053K->2238554K(14475520K), 0.7773710 secs]
2018-05-20T15:06:40.570+0000: 809640.190: [GC 9211866K->2170723K(14485184K), 0.3751840 secs]
2018-05-20T15:07:06.620+0000: 809666.241: [GC 9124707K->2187035K(14487040K), 0.4150140 secs]
2018-05-20T15:07:26.105+0000: 809685.726: [GC 9141019K->2187157K(14489664K), 0.4142900 secs]
2018-05-20T15:08:07.491+0000: 809727.112: [GC 9145301K->2212268K(14488576K), 0.5188720 secs]
2018-05-20T15:09:09.655+0000: 809789.276: [GC 9170412K->2310720K(14443136K), 0.9921490 secs]
2018-05-20T15:09:44.016+0000: 809823.637: [GC 9228864K->2260404K(14469120K), 0.6143380 secs]
2018-05-20T15:10:26.569+0000: 809866.190: [GC 9178548K->2283601K(14480384K), 0.6386700 secs]
2018-05-20T15:10:45.514+0000: 809885.134: [GC 9221457K->2258335K(14477568K), 0.4908010 secs]
2018-05-20T15:11:08.254+0000: 809907.875: [GC 9196191K->2268424K(14487936K), 0.5263260 secs]
2018-05-20T15:11:29.325+0000: 809928.946: [GC 9219848K->2267357K(14483584K), 0.4741540 secs]
2018-05-20T15:11:47.600+0000: 809947.221: [GC 9218781K->2270311K(14494400K), 0.4563640 secs]
2018-05-20T15:12:08.094+0000: 809967.715: [GC 9235879K->2283658K(14491264K), 0.5181790 secs]
2018-05-20T15:12:25.521+0000: 809985.142: [GC 9249226K->2287020K(14502976K), 0.4914700 secs]
2018-05-20T15:12:48.111+0000: 810007.731: [GC 9268972K->2308213K(14499072K), 0.3965760 secs]
2018-05-20T15:13:25.830+0000: 810045.451: [GC 9290165K->2361164K(14484288K), 0.8235390 secs]
2018-05-20T15:13:48.269+0000: 810067.890: [GC 9333708K->2316376K(14496320K), 0.5291660 secs]
2018-05-20T15:13:59.637+0000: 810079.258: [GC 9288920K->2306514K(14502272K), 0.2080780 secs]
2018-05-20T15:14:17.139+0000: 810096.759: [GC 9289554K->2319533K(14500864K), 0.4877420 secs]
2018-05-20T15:14:37.124+0000: 810116.745: [GC 9302573K->2330989K(14509952K), 0.5263990 secs]
2018-05-20T15:14:55.093+0000: 810134.714: [GC 9326317K->2338360K(14505472K), 0.5061880 secs]
2018-05-20T15:15:16.384+0000: 810156.004: [GC 9333688K->2349980K(14519360K), 0.4886990 secs]
2018-05-20T15:15:33.156+0000: 810172.777: [GC 9363612K->2347114K(14514368K), 0.4637810 secs]
2018-05-20T15:15:50.761+0000: 810190.381: [GC 9360746K->2352982K(14525824K), 0.4749720 secs]
2018-05-20T15:16:33.241+0000: 810232.862: [GC 9381270K->2379029K(14522560K), 0.6080020 secs]
2018-05-20T15:17:21.852+0000: 810281.472: [GC 9407317K->2407544K(14507712K), 0.3650190 secs]
2018-05-20T15:18:18.627+0000: 810338.248: [GC 9419640K->2442593K(14516096K), 0.8182670 secs]
2018-05-20T15:19:16.465+0000: 810396.085: [GC 9454689K->2462858K(14443904K), 0.8348460 secs]
2018-05-20T15:19:34.163+0000: 810413.784: [GC 9402762K->2412957K(14480000K), 0.4771850 secs]
2018-05-20T15:19:44.547+0000: 810424.167: [GC 9352861K->2398281K(14480704K), 0.3508950 secs]
2018-05-20T15:20:05.997+0000: 810445.618: [GC 9341513K->2438388K(14481664K), 0.4684450 secs]
2018-05-20T15:20:22.281+0000: 810461.901: [GC 9381620K->2439231K(14491776K), 0.4361630 secs]
2018-05-20T15:20:42.501+0000: 810482.122: [GC 9398719K->2446456K(14487808K), 0.4282790 secs]
2018-05-20T15:21:30.464+0000: 810530.085: [GC 9405944K->2535761K(14453632K), 0.9138790 secs]
2018-05-20T15:22:02.757+0000: 810562.377: [GC 9465297K->2492793K(14474816K), 0.6093030 secs]
2018-05-20T15:23:04.417+0000: 810624.038: [GC 9422329K->2566392K(14447104K), 0.9384330 secs]
2018-05-20T15:23:29.667+0000: 810649.288: [GC 9475192K->2508388K(14464448K), 0.5751270 secs]
2018-05-20T15:23:48.731+0000: 810668.352: [GC 9417188K->2503577K(14474752K), 0.4937610 secs]
2018-05-20T15:24:09.865+0000: 810689.486: [GC 9429337K->2512418K(14471104K), 0.4865250 secs]
2018-05-20T15:24:30.517+0000: 810710.138: [GC 9438178K->2513540K(14481664K), 0.4584280 secs]
2018-05-20T15:24:48.018+0000: 810727.638: [GC 9454212K->2527018K(14479104K), 0.5216700 secs]
2018-05-20T15:25:07.295+0000: 810746.916: [GC 4661611K->2482290K(14477504K), 0.2412410 secs]
2018-05-20T15:25:07.537+0000: 810747.157: [Full GC 2482290K->1153199K(14477504K), 3.5181340 secs]
2018-05-20T15:26:24.363+0000: 810823.984: [GC 8096559K->1338516K(14468736K), 0.9074350 secs]
2018-05-20T15:27:33.146+0000: 810892.766: [GC 8281876K->1354635K(14428416K), 0.8179720 secs]
2018-05-20T15:28:40.223+0000: 810959.844: [GC 8231691K->1365312K(14405568K), 0.8950720 secs]
2018-05-20T15:29:40.863+0000: 811020.484: [GC 8242368K->1376443K(14418368K), 0.9351020 secs]
2018-05-20T15:30:00.362+0000: 811039.982: [GC 8211643K->1290185K(14427648K), 0.3741540 secs]
2018-05-20T15:30:19.492+0000: 811059.113: [GC 8125385K->1304502K(14436096K), 0.4215780 secs]
2018-05-20T15:30:43.283+0000: 811082.904: [GC 8151286K->1315704K(14430784K), 0.4562150 secs]
2018-05-20T15:31:01.003+0000: 811100.624: [GC 8162488K->1307236K(14446656K), 0.4384490 secs]
2018-05-20T15:31:24.631+0000: 811124.252: [GC 8176356K->1331486K(14442560K), 0.5099100 secs]
2018-05-20T15:31:43.620+0000: 811143.240: [GC 8200606K->1317891K(14458880K), 0.4270470 secs]
2018-05-20T15:32:01.860+0000: 811161.480: [GC 8211459K->1330449K(14454784K), 0.4554200 secs]
2018-05-20T15:32:23.805+0000: 811183.425: [GC 8224017K->1350997K(14473664K), 0.5228260 secs]
2018-05-20T15:32:41.835+0000: 811201.456: [GC 8269333K->1339651K(14464768K), 0.4508800 secs]
2018-05-20T15:33:06.284+0000: 811225.905: [GC 8257987K->1358546K(14486336K), 0.5059390 secs]
2018-05-20T15:33:24.496+0000: 811244.117: [GC 8303634K->1354343K(14478848K), 0.4680280 secs]
2018-05-20T15:33:50.950+0000: 811270.570: [GC 8299431K->1375627K(14498304K), 0.5722310 secs]
2018-05-20T15:34:57.122+0000: 811336.742: [GC 8345099K->1460875K(14491264K), 0.9191050 secs]
2018-05-20T15:35:53.140+0000: 811392.761: [GC 8430347K->1483302K(14411264K), 0.9882690 secs]
2018-05-20T15:36:57.791+0000: 811457.412: [GC 8365734K->1496627K(14415552K), 0.9557630 secs]
2018-05-20T15:37:17.051+0000: 811476.672: [GC 8379059K->1412989K(14442432K), 0.4490370 secs]
2018-05-20T15:37:34.756+0000: 811494.377: [GC 8273149K->1421570K(14437824K), 0.4875840 secs]
2018-05-20T15:38:13.564+0000: 811533.184: [GC 8281730K->1488714K(14443200K), 0.8260370 secs]
2018-05-20T15:39:09.279+0000: 811588.900: [GC 8359370K->1527607K(14404096K), 1.0090290 secs]
2018-05-20T15:40:09.049+0000: 811648.670: [GC 8398263K->1533874K(14415168K), 0.9025840 secs]
2018-05-20T15:41:10.207+0000: 811709.828: [GC 8362162K->1539962K(14360704K), 0.8358270 secs]
2018-05-20T15:42:19.619+0000: 811779.240: [GC 8368250K->1544400K(14412288K), 0.9383630 secs]
2018-05-20T15:42:52.036+0000: 811811.657: [GC 8354256K->1494420K(14414976K), 0.6419180 secs]
2018-05-20T15:43:10.650+0000: 811830.270: [GC 8304276K->1484051K(14425600K), 0.5116330 secs]
2018-05-20T15:43:37.873+0000: 811857.493: [GC 8311443K->1501324K(14421888K), 0.5867980 secs]
2018-05-20T15:44:30.961+0000: 811910.582: [GC 8328716K->1577623K(14416640K), 0.9415940 secs]
2018-05-20T15:45:23.702+0000: 811963.323: [GC 8406295K->1590932K(14366464K), 1.0044160 secs]
2018-05-20T15:46:16.524+0000: 812016.145: [GC 8419604K->1597442K(14409600K), 0.9746940 secs]
2018-05-20T15:47:26.865+0000: 812086.486: [GC 8403970K->1602887K(14336832K), 0.9443730 secs]
2018-05-20T15:47:46.094+0000: 812105.715: [GC 8409415K->1532760K(14414080K), 0.5280080 secs]
2018-05-20T15:48:04.319+0000: 812123.940: [GC 8338968K->1532567K(14412224K), 0.4699740 secs]
2018-05-20T15:48:24.286+0000: 812143.907: [GC 8338775K->1550714K(14421312K), 0.5578310 secs]
2018-05-20T15:48:41.334+0000: 812160.954: [GC 8367994K->1546851K(14416064K), 0.5070510 secs]
2018-05-20T15:48:59.014+0000: 812178.635: [GC 8364131K->1551566K(14429376K), 0.4799220 secs]
2018-05-20T15:49:20.999+0000: 812200.620: [GC 8385806K->1568102K(14424960K), 0.5323820 secs]
2018-05-20T15:49:38.707+0000: 812218.328: [GC 8402342K->1560501K(14440384K), 0.4732660 secs]
2018-05-20T15:50:11.699+0000: 812251.319: [GC 8416885K->1609363K(14436096K), 0.6477510 secs]
2018-05-20T15:51:13.692+0000: 812313.313: [GC 8465747K->1672949K(14419648K), 0.8515670 secs]
2018-05-20T15:52:08.419+0000: 812368.040: [GC 8520181K->1683340K(14382976K), 0.9664980 secs]
2018-05-20T15:52:59.526+0000: 812419.147: [GC 8530572K->1695370K(14406272K), 0.9880820 secs]
2018-05-20T15:53:23.774+0000: 812443.394: [GC 8505098K->1625742K(14414912K), 0.5656270 secs]
2018-05-20T15:53:41.288+0000: 812460.909: [GC 8435470K->1617671K(14423744K), 0.4921940 secs]
2018-05-20T15:54:05.582+0000: 812485.203: [GC 8441735K->1633449K(14420416K), 0.5563810 secs]
2018-05-20T15:54:23.757+0000: 812503.377: [GC 8457513K->1628594K(14434304K), 0.4923710 secs]
2018-05-20T15:54:41.132+0000: 812520.753: [GC 8472754K->1634398K(14429952K), 0.4916850 secs]
2018-05-20T15:55:03.717+0000: 812543.338: [GC 8478558K->1644118K(14445760K), 0.4488120 secs]
2018-05-20T15:55:21.029+0000: 812560.650: [GC 8509270K->1639922K(14439488K), 0.4495090 secs]
2018-05-20T15:56:03.385+0000: 812603.006: [GC 8505074K->1702885K(14451072K), 0.7646230 secs]
2018-05-20T15:57:03.138+0000: 812662.759: [GC 8584101K->1754429K(14416640K), 0.9680960 secs]
2018-05-20T15:58:02.414+0000: 812722.035: [GC 8635645K->1758428K(14416128K), 0.9516470 secs]
2018-05-20T15:58:22.240+0000: 812741.861: [GC 8590684K->1666817K(14426176K), 0.4079740 secs]
2018-05-20T15:58:40.770+0000: 812760.391: [GC 8499073K->1686490K(14434624K), 0.4505980 secs]
2018-05-20T15:59:01.998+0000: 812781.618: [GC 8529690K->1697450K(14428672K), 0.4674740 secs]
2018-05-20T15:59:19.929+0000: 812799.550: [GC 8540650K->1700417K(14447296K), 0.4387860 secs]
2018-05-20T15:59:42.561+0000: 812822.182: [GC 8569025K->1726289K(14441408K), 0.5419180 secs]
2018-05-20T16:00:00.546+0000: 812840.167: [GC 8594897K->1733179K(14464768K), 0.5008250 secs]
2018-05-20T16:00:17.293+0000: 812856.913: [GC 8634491K->1735828K(14456640K), 0.5400200 secs]
2018-05-20T16:01:12.567+0000: 812912.188: [GC 8637140K->1803087K(14452608K), 0.8133350 secs]
2018-05-20T16:01:33.404+0000: 812933.025: [GC 8707151K->1737974K(14462080K), 0.4485850 secs]
2018-05-20T16:01:50.431+0000: 812950.052: [GC 8642038K->1756933K(14471680K), 0.5214910 secs]
2018-05-20T16:02:33.754+0000: 812993.374: [GC 8674117K->1817936K(14420608K), 0.7886080 secs]
2018-05-20T16:03:44.218+0000: 813063.839: [GC 8735120K->1858679K(14431808K), 0.8135580 secs]
2018-05-20T16:05:09.319+0000: 813148.940: [GC 8735607K->1865293K(14407936K), 0.8832720 secs]
2018-05-20T16:07:08.561+0000: 813268.181: [GC 8742221K->1871835K(14423424K), 0.9475430 secs]
2018-05-20T16:08:03.269+0000: 813322.890: [GC 8712283K->1849649K(14430272K), 0.7781320 secs]
2018-05-20T16:08:52.901+0000: 813372.522: [GC 8690097K->1833442K(14444736K), 0.5976230 secs]
2018-05-20T16:09:12.607+0000: 813392.228: [GC 8696290K->1810082K(14438208K), 0.4710830 secs]
2018-05-20T16:09:33.087+0000: 813412.707: [GC 8672930K->1830194K(14450368K), 0.5390280 secs]
2018-05-20T16:09:51.659+0000: 813431.279: [GC 8706290K->1826314K(14445824K), 0.4619750 secs]
2018-05-20T16:10:09.968+0000: 813449.589: [GC 8702410K->1835087K(14457920K), 0.4362340 secs]
2018-05-20T16:10:32.115+0000: 813471.736: [GC 8726415K->1839555K(14453504K), 0.4193850 secs]
2018-05-20T16:10:51.928+0000: 813491.549: [GC 8730883K->1850618K(14466944K), 0.4784980 secs]
2018-05-20T16:11:33.755+0000: 813533.375: [GC 8759674K->1888349K(14462208K), 0.5744240 secs]
2018-05-20T16:12:49.718+0000: 813609.339: [GC 8797405K->1959589K(14440384K), 0.9409860 secs]
2018-05-20T16:14:07.952+0000: 813687.573: [GC 8853669K->1972288K(14421184K), 0.9628660 secs]
2018-05-20T16:15:13.572+0000: 813753.193: [GC 8866368K->1993412K(14419008K), 0.8965040 secs]
2018-05-20T16:16:22.528+0000: 813822.148: [GC 8837700K->2011379K(14375616K), 0.9494620 secs]
2018-05-20T16:16:58.688+0000: 813858.309: [GC 8855667K->1978238K(14434432K), 0.6548280 secs]
2018-05-20T16:17:15.734+0000: 813875.354: [GC 8817150K->1950690K(14424576K), 0.4924410 secs]
2018-05-20T16:17:37.246+0000: 813896.867: [GC 8789602K->1971579K(14442240K), 0.5607810 secs]
2018-05-20T16:17:56.048+0000: 813915.669: [GC 8830779K->1971503K(14437056K), 0.3456860 secs]
2018-05-20T16:18:10.627+0000: 813930.248: [GC 8830703K->1981235K(14449408K), 0.4212040 secs]
2018-05-20T16:18:22.006+0000: 813941.627: [GC 8856371K->2000480K(14445824K), 0.4539870 secs]
2018-05-20T16:18:42.101+0000: 813961.722: [GC 8875616K->2026948K(14462720K), 0.5591040 secs]
2018-05-20T16:18:59.882+0000: 813979.503: [GC 8924420K->2032490K(14454848K), 0.5190080 secs]
2018-05-20T16:19:21.432+0000: 814001.053: [GC 8929962K->2040703K(14474368K), 0.5418000 secs]
2018-05-20T16:19:44.183+0000: 814023.804: [GC 8963711K->2043421K(14468736K), 0.5219590 secs]
2018-05-20T16:20:06.861+0000: 814046.482: [GC 8966429K->2047796K(14483776K), 0.4549530 secs]
2018-05-20T16:20:27.550+0000: 814067.170: [GC 8990516K->2064585K(14479040K), 0.5405050 secs]
2018-05-20T16:20:48.078+0000: 814087.699: [GC 9007305K->2055559K(14494272K), 0.4752500 secs]
2018-05-20T16:21:11.317+0000: 814110.938: [GC 9020167K->2065248K(14490432K), 0.4750800 secs]
2018-05-20T16:21:33.969+0000: 814133.589: [GC 9029856K->2072579K(14503168K), 0.4792780 secs]
2018-05-20T16:21:57.315+0000: 814156.935: [GC 9054211K->2075144K(14498560K), 0.4730560 secs]
2018-05-20T16:22:19.160+0000: 814178.781: [GC 9056776K->2091625K(14511744K), 0.5206230 secs]
2018-05-20T16:22:40.597+0000: 814200.218: [GC 9090025K->2101860K(14506752K), 0.5445330 secs]
2018-05-20T16:23:03.563+0000: 814223.184: [GC 9100260K->2101384K(14520576K), 0.5318310 secs]
2018-05-20T16:23:24.745+0000: 814244.365: [GC 9118792K->2107320K(14516928K), 0.5358270 secs]
2018-05-20T16:23:48.628+0000: 814268.249: [GC 9124728K->2112271K(14526144K), 0.4894300 secs]
2018-05-20T16:24:12.519+0000: 814292.140: [GC 9142031K->2124016K(14523712K), 0.4972340 secs]
2018-05-20T16:24:37.173+0000: 814316.794: [GC 9153776K->2133076K(14530880K), 0.4740270 secs]
2018-05-20T16:24:57.468+0000: 814337.089: [GC 9172628K->2150292K(14528768K), 0.4277360 secs]
2018-05-20T16:25:11.064+0000: 814350.685: [GC 6057650K->2123153K(14525568K), 0.3048880 secs]
2018-05-20T16:25:11.370+0000: 814350.990: [Full GC 2123153K->1030373K(14525568K), 4.0273830 secs]
2018-05-20T16:25:37.947+0000: 814377.567: [GC 8069605K->1135461K(14529664K), 0.4659880 secs]
2018-05-20T16:26:00.979+0000: 814400.600: [GC 8174690K->1143091K(14537152K), 0.4860790 secs]
2018-05-20T16:26:27.097+0000: 814426.718: [GC 8194227K->1154131K(14534080K), 0.4618670 secs]
2018-05-20T16:26:48.743+0000: 814448.364: [GC 8205267K->1166776K(14543360K), 0.4650580 secs]
2018-05-20T16:27:09.937+0000: 814469.558: [GC 8230264K->1194330K(14540224K), 0.5519130 secs]
2018-05-20T16:27:30.871+0000: 814490.492: [GC 8257818K->1194346K(14542784K), 0.5020340 secs]
2018-05-20T16:27:55.190+0000: 814514.811: [GC 8257834K->1203817K(14540800K), 0.5198790 secs]
2018-05-20T16:28:17.332+0000: 814536.953: [GC 8267305K->1216575K(14545344K), 0.5294900 secs]
2018-05-20T16:28:39.814+0000: 814559.434: [GC 8286399K->1225677K(14544576K), 0.5180890 secs]
2018-05-20T16:29:09.835+0000: 814589.455: [GC 8295501K->1238121K(14547520K), 0.4885390 secs]
2018-05-20T16:29:31.432+0000: 814611.052: [GC 8312233K->1253258K(14546688K), 0.5631450 secs]
2018-05-20T16:29:51.562+0000: 814631.183: [GC 8327370K->1270373K(14541632K), 0.5816470 secs]
2018-05-20T16:30:49.630+0000: 814689.251: [GC 8339290K->1304714K(14544512K), 0.7075530 secs]
2018-05-20T16:34:16.005+0000: 814895.626: [GC 8373642K->1361179K(14464384K), 0.8446420 secs]
2018-05-20T16:36:28.348+0000: 815027.969: [GC 8349979K->1446407K(14504448K), 0.9782990 secs]
2018-05-20T16:38:04.578+0000: 815124.199: [GC 8435207K->1477031K(14401920K), 0.8736930 secs]
2018-05-20T16:39:02.327+0000: 815181.948: [GC 8363303K->1498910K(14414336K), 0.9601150 secs]
2018-05-20T16:40:05.629+0000: 815245.249: [GC 8385182K->1507446K(14428800K), 0.8684830 secs]
2018-05-20T16:40:42.615+0000: 815282.236: [GC 8360054K->1450725K(14436352K), 0.6085100 secs]
2018-05-20T16:41:30.810+0000: 815330.431: [GC 8303333K->1487613K(14448064K), 0.7834410 secs]
2018-05-20T16:42:04.152+0000: 815363.773: [GC 8357245K->1471119K(14441664K), 0.6423520 secs]
2018-05-20T16:42:22.144+0000: 815381.765: [GC 8340751K->1446126K(14453184K), 0.4561210 secs]
2018-05-20T16:42:54.234+0000: 815413.855: [GC 8332654K->1490570K(14453312K), 0.6399020 secs]
2018-05-20T16:43:51.557+0000: 815471.177: [GC 8377098K->1557220K(14435072K), 0.9282970 secs]
2018-05-20T16:44:35.991+0000: 815515.612: [GC 8433380K->1540479K(14448128K), 0.8289670 secs]
2018-05-20T16:44:53.890+0000: 815533.511: [GC 8416639K->1496897K(14451968K), 0.4817630 secs]
2018-05-20T16:45:18.530+0000: 815558.151: [GC 8378625K->1522032K(14449856K), 0.6095370 secs]
2018-05-20T16:45:34.567+0000: 815574.188: [GC 8403760K->1494554K(14457152K), 0.4398330 secs]
2018-05-20T16:45:54.873+0000: 815594.493: [GC 8389530K->1517811K(14457536K), 0.5475440 secs]
2018-05-20T16:46:20.056+0000: 815619.677: [GC 8412787K->1523317K(14466112K), 0.5442470 secs]
2018-05-20T16:46:35.922+0000: 815635.542: [GC 8430837K->1522990K(14461504K), 0.4969820 secs]
2018-05-20T16:47:31.251+0000: 815690.872: [GC 8430510K->1589739K(14458048K), 0.8257730 secs]
2018-05-20T16:47:51.774+0000: 815711.395: [GC 8497387K->1517190K(14331520K), 0.3820880 secs]
2018-05-20T16:48:11.742+0000: 815731.362: [GC 8424838K->1547344K(14468672K), 0.5176880 secs]
2018-05-20T16:49:04.670+0000: 815784.290: [GC 8459664K->1640659K(14445888K), 0.9307090 secs]
2018-05-20T16:49:30.906+0000: 815810.526: [GC 8552979K->1581467K(14459840K), 0.5877200 secs]
2018-05-20T16:49:48.735+0000: 815828.356: [GC 8473499K->1575368K(14452288K), 0.5372330 secs]
2018-05-20T16:50:45.620+0000: 815885.240: [GC 8467400K->1617129K(14467840K), 0.6773430 secs]
2018-05-20T16:51:07.556+0000: 815907.177: [GC 8529257K->1578578K(14464384K), 0.4437170 secs]
2018-05-20T16:51:25.185+0000: 815924.805: [GC 8490706K->1592998K(14473600K), 0.4932650 secs]
2018-05-20T16:51:45.080+0000: 815944.700: [GC 8516390K->1602130K(14469888K), 0.5032540 secs]
2018-05-20T16:52:02.285+0000: 815961.906: [GC 8525522K->1606597K(14483008K), 0.5087310 secs]
2018-05-20T16:52:25.595+0000: 815985.216: [GC 8547909K->1621060K(14478400K), 0.5156070 secs]
2018-05-20T16:52:42.529+0000: 816002.150: [GC 8562372K->1630947K(14495232K), 0.5720030 secs]
2018-05-20T16:53:01.151+0000: 816020.772: [GC 8595363K->1630977K(14489280K), 0.5248880 secs]
2018-05-20T16:53:22.040+0000: 816041.660: [GC 8595393K->1634346K(14503232K), 0.4724850 secs]
2018-05-20T16:53:39.246+0000: 816058.867: [GC 8616938K->1656755K(14499456K), 0.5712570 secs]
2018-05-20T16:54:27.242+0000: 816106.863: [GC 8639347K->1691323K(14497536K), 0.6775560 secs]
2018-05-20T16:55:06.730+0000: 816146.351: [GC 8677435K->1669943K(14503104K), 0.4976870 secs]
2018-05-20T16:55:22.633+0000: 816162.253: [GC 8656055K->1665975K(14510912K), 0.4614160 secs]
2018-05-20T16:56:19.021+0000: 816218.641: [GC 8664951K->1744877K(14508160K), 0.8349060 secs]
2018-05-20T16:56:36.970+0000: 816236.590: [GC 8743853K->1690123K(14479616K), 0.4542560 secs]
2018-05-20T16:56:54.082+0000: 816253.703: [GC 8657803K->1698595K(14493888K), 0.4769490 secs]
2018-05-20T16:57:16.874+0000: 816276.495: [GC 8666275K->1717693K(14502336K), 0.5199290 secs]
2018-05-20T16:57:33.336+0000: 816292.957: [GC 8696701K->1721364K(14496768K), 0.5239720 secs]
2018-05-20T16:57:59.048+0000: 816318.669: [GC 8700372K->1748084K(14507392K), 0.6703760 secs]
2018-05-20T16:59:18.363+0000: 816397.983: [GC 8742132K->1817678K(14506752K), 0.9541660 secs]
2018-05-20T16:59:52.246+0000: 816431.866: [GC 8811726K->1795346K(14463360K), 0.6212740 secs]
2018-05-20T17:00:07.492+0000: 816447.112: [GC 8745362K->1779307K(14485056K), 0.4917690 secs]
2018-05-20T17:00:32.393+0000: 816472.014: [GC 8729323K->1797063K(14494720K), 0.5670850 secs]
2018-05-20T17:00:50.225+0000: 816489.845: [GC 8760519K->1798754K(14488832K), 0.5499740 secs]
2018-05-20T17:01:09.910+0000: 816509.531: [GC 8762210K->1808194K(14502720K), 0.5700370 secs]
2018-05-20T17:02:10.375+0000: 816569.996: [GC 8789506K->1825376K(14498688K), 0.5944410 secs]
2018-05-20T17:02:48.647+0000: 816608.267: [GC 8806688K->1837048K(14510208K), 0.6157970 secs]
2018-05-20T17:03:24.287+0000: 816643.908: [GC 8833912K->1862093K(14506752K), 0.7354430 secs]
2018-05-20T17:04:06.449+0000: 816686.070: [GC 8858957K->1850352K(14511552K), 0.5812640 secs]
2018-05-20T17:04:49.229+0000: 816728.849: [GC 8849456K->1899548K(14500928K), 0.7790900 secs]
2018-05-20T17:05:14.609+0000: 816754.230: [GC 8898652K->1887748K(14504960K), 0.5787730 secs]
2018-05-20T17:05:32.413+0000: 816772.034: [GC 8875332K->1866044K(14502720K), 0.4232830 secs]
2018-05-20T17:06:27.780+0000: 816827.400: [GC 8853628K->1893863K(14509760K), 0.6169250 secs]
2018-05-20T17:07:33.235+0000: 816892.855: [GC 8888615K->1945569K(14501952K), 0.7200530 secs]
2018-05-20T17:07:52.905+0000: 816912.526: [GC 8940321K->1898914K(14498752K), 0.5146090 secs]
2018-05-20T17:08:05.075+0000: 816924.696: [GC 8879522K->1889793K(14411776K), 0.4073640 secs]
2018-05-20T17:08:17.134+0000: 816936.755: [GC 8870401K->1897180K(14498176K), 0.4579470 secs]
2018-05-20T17:08:53.076+0000: 816972.697: [GC 8874076K->1941237K(14498496K), 0.6690150 secs]
2018-05-20T17:10:08.658+0000: 817048.279: [GC 8918133K->2007153K(14459392K), 0.8305430 secs]
2018-05-20T17:11:10.908+0000: 817110.529: [GC 8948209K->2030029K(14472896K), 0.9048260 secs]
2018-05-20T17:11:57.446+0000: 817157.067: [GC 8971085K->2024855K(14443328K), 0.8681830 secs]
2018-05-20T17:12:14.094+0000: 817173.715: [GC 8920983K->1964412K(14458112K), 0.5151600 secs]
2018-05-20T17:12:36.565+0000: 817196.186: [GC 8860540K->1982014K(14465088K), 0.6003020 secs]
2018-05-20T17:13:43.156+0000: 817262.776: [GC 8887166K->2067029K(14440832K), 0.8589270 secs]
2018-05-20T17:14:43.663+0000: 817323.283: [GC 8972181K->2074247K(14432512K), 0.8475960 secs]
2018-05-20T17:15:49.092+0000: 817388.713: [GC 8937223K->2083168K(14391808K), 0.8625220 secs]
2018-05-20T17:16:45.323+0000: 817444.943: [GC 8946144K->2064453K(14440960K), 0.7824760 secs]
2018-05-20T17:17:00.437+0000: 817460.058: [GC 8920197K->2030964K(14434880K), 0.5654630 secs]
2018-05-20T17:17:13.338+0000: 817472.959: [GC 8886708K->2027054K(14445824K), 0.3144390 secs]
2018-05-20T17:17:28.291+0000: 817487.912: [GC 8896558K->2025182K(14443776K), 0.4577790 secs]
2018-05-20T17:17:39.764+0000: 817499.384: [GC 8894686K->2020176K(14447616K), 0.3651500 secs]
2018-05-20T17:17:50.848+0000: 817510.469: [GC 8894864K->2041127K(14447168K), 0.4284860 secs]
2018-05-20T17:18:02.369+0000: 817521.990: [GC 8915815K->2049546K(14455808K), 0.4522600 secs]
2018-05-20T17:18:18.776+0000: 817538.397: [GC 8936778K->2063199K(14451520K), 0.4627590 secs]
2018-05-20T17:18:36.386+0000: 817556.007: [GC 8950431K->2079357K(14467648K), 0.5119150 secs]
2018-05-20T17:19:29.600+0000: 817609.221: [GC 8988029K->2158593K(14426944K), 0.8895690 secs]
2018-05-20T17:20:47.533+0000: 817687.153: [GC 9067265K->2182820K(14427072K), 0.9834320 secs]
2018-05-20T17:22:01.733+0000: 817761.354: [GC 9045796K->2129564K(14441536K), 0.6134630 secs]
2018-05-20T17:22:22.162+0000: 817781.783: [GC 8992540K->2101492K(14452480K), 0.4067620 secs]
2018-05-20T17:23:18.114+0000: 817837.735: [GC 8984692K->2159345K(14450816K), 0.7130820 secs]
2018-05-20T17:24:16.111+0000: 817895.732: [GC 9042545K->2222460K(14429376K), 0.9981970 secs]
2018-05-20T17:25:09.884+0000: 817949.505: [GC 9090044K->2230427K(14400448K), 0.8593650 secs]
2018-05-20T17:25:15.404+0000: 817955.025: [GC 3063997K->2072410K(14413824K), 0.1116070 secs]
2018-05-20T17:25:15.516+0000: 817955.137: [Full GC 2072410K->1023031K(14413824K), 3.3301450 secs]
2018-05-20T17:25:57.823+0000: 817997.443: [GC 7849783K->1183163K(14423424K), 0.7559960 secs]
2018-05-20T17:26:15.849+0000: 818015.469: [GC 8009915K->1135361K(14431040K), 0.4984320 secs]
2018-05-20T17:26:34.492+0000: 818034.112: [GC 7971393K->1146743K(14425088K), 0.4773930 secs]
2018-05-20T17:26:50.228+0000: 818049.849: [GC 7982775K->1143219K(14444352K), 0.4484790 secs]
2018-05-20T17:28:35.438+0000: 818155.059: [GC 8006067K->1243395K(14392832K), 0.9860350 secs]
2018-05-20T17:28:59.609+0000: 818179.229: [GC 8106243K->1162492K(14437376K), 0.4555100 secs]
2018-05-20T17:29:15.124+0000: 818194.744: [GC 8010876K->1162906K(14431104K), 0.4012930 secs]
2018-05-20T17:29:31.423+0000: 818211.043: [GC 8011290K->1167503K(14447680K), 0.4058040 secs]
2018-05-20T17:29:43.259+0000: 818222.880: [GC 8037519K->1165363K(14442432K), 0.3431940 secs]
2018-05-20T17:29:54.496+0000: 818234.116: [GC 8035379K->1174768K(14457984K), 0.2137250 secs]
2018-05-20T17:30:07.269+0000: 818246.889: [GC 8064880K->1185532K(14452224K), 0.4058780 secs]
2018-05-20T17:30:23.769+0000: 818263.389: [GC 8075644K->1171846K(14468992K), 0.2829160 secs]
2018-05-20T17:30:36.188+0000: 818275.809: [GC 8086086K->1191969K(14465344K), 0.3592040 secs]
2018-05-20T17:30:48.843+0000: 818288.464: [GC 8106209K->1201485K(14483712K), 0.4369440 secs]
2018-05-20T17:31:01.509+0000: 818301.130: [GC 8141005K->1201764K(14475904K), 0.3854830 secs]
2018-05-20T17:31:18.136+0000: 818317.757: [GC 8141284K->1206656K(14496512K), 0.4145550 secs]
2018-05-20T17:31:38.806+0000: 818338.427: [GC 8173248K->1248149K(14490176K), 0.5906440 secs]
2018-05-20T17:32:32.948+0000: 818392.568: [GC 8214741K->1318555K(14446208K), 0.9699330 secs]
2018-05-20T17:33:36.246+0000: 818455.867: [GC 8241435K->1333094K(14455040K), 0.8918960 secs]
2018-05-20T17:34:28.980+0000: 818508.601: [GC 8255974K->1309279K(14440064K), 0.7336880 secs]
2018-05-20T17:34:44.957+0000: 818524.577: [GC 8184287K->1262576K(14447552K), 0.5085960 secs]
2018-05-20T17:35:00.056+0000: 818539.677: [GC 8137584K->1253500K(14459968K), 0.3829310 secs]
2018-05-20T17:35:15.964+0000: 818555.585: [GC 8148348K->1247161K(14454976K), 0.2983030 secs]
2018-05-20T17:35:27.197+0000: 818566.818: [GC 8142009K->1267297K(14469120K), 0.2519800 secs]
2018-05-20T17:35:43.287+0000: 818582.907: [GC 8179553K->1289957K(14463232K), 0.4623480 secs]
2018-05-20T17:35:55.305+0000: 818594.926: [GC 8202213K->1286730K(14483200K), 0.4210660 secs]
2018-05-20T17:36:08.810+0000: 818608.431: [GC 8227466K->1291097K(14477632K), 0.3794500 secs]
2018-05-20T17:36:20.571+0000: 818620.192: [GC 8231833K->1301607K(14494208K), 0.4249720 secs]
2018-05-20T17:36:32.717+0000: 818632.337: [GC 8264103K->1311157K(14488384K), 0.2781970 secs]
2018-05-20T17:36:46.154+0000: 818645.775: [GC 8273653K->1312606K(14505536K), 0.4151340 secs]
2018-05-20T17:37:05.051+0000: 818664.671: [GC 8298718K->1317712K(14500672K), 0.4180890 secs]
2018-05-20T17:37:55.866+0000: 818715.487: [GC 8303824K->1382019K(14489216K), 0.7620140 secs]
2018-05-20T17:39:21.059+0000: 818800.680: [GC 8361475K->1432202K(14499776K), 1.0038120 secs]
2018-05-20T17:40:21.590+0000: 818861.210: [GC 8411658K->1454277K(14399808K), 0.9105480 secs]
2018-05-20T17:41:02.582+0000: 818902.203: [GC 8333765K->1425885K(14449792K), 0.7030620 secs]
2018-05-20T17:41:19.198+0000: 818918.819: [GC 8305373K->1400916K(14461696K), 0.5446910 secs]
2018-05-20T17:41:34.503+0000: 818934.123: [GC 8297300K->1402137K(14454784K), 0.4876350 secs]
2018-05-20T17:41:53.621+0000: 818953.242: [GC 8298521K->1393519K(14470848K), 0.3780070 secs]
2018-05-20T17:42:16.500+0000: 818976.121: [GC 8311919K->1426445K(14467648K), 0.5269720 secs]
2018-05-20T17:42:35.083+0000: 818994.704: [GC 8344845K->1410186K(14483520K), 0.4381890 secs]
2018-05-20T17:42:53.005+0000: 819012.626: [GC 8353226K->1431134K(14479616K), 0.5135030 secs]
2018-05-20T17:43:15.655+0000: 819035.276: [GC 8374174K->1436460K(14496896K), 0.5169160 secs]
2018-05-20T17:43:35.691+0000: 819055.311: [GC 8403692K->1423975K(14490432K), 0.4144100 secs]
2018-05-20T17:44:16.451+0000: 819096.071: [GC 8391207K->1476746K(14494784K), 0.6670550 secs]
2018-05-20T17:45:48.828+0000: 819188.448: [GC 8451082K->1538529K(14497216K), 0.9630130 secs]
2018-05-20T17:46:41.259+0000: 819240.880: [GC 8512865K->1515071K(14445376K), 0.7243640 secs]
2018-05-20T17:46:57.935+0000: 819257.556: [GC 8437567K->1479135K(14471296K), 0.4790320 secs]
2018-05-20T17:47:26.327+0000: 819285.948: [GC 8401631K->1501636K(14483968K), 0.5812790 secs]
2018-05-20T17:47:42.394+0000: 819302.014: [GC 8441668K->1497009K(14476160K), 0.5028970 secs]
2018-05-20T17:48:08.376+0000: 819327.997: [GC 8437041K->1517083K(14495360K), 0.6081180 secs]
2018-05-20T17:48:53.116+0000: 819372.737: [GC 8480859K->1550343K(14488512K), 0.7223130 secs]
2018-05-20T17:49:11.917+0000: 819391.537: [GC 8514119K->1501209K(14492096K), 0.4074240 secs]
2018-05-20T17:49:36.550+0000: 819416.171: [GC 8464281K->1536017K(14491072K), 0.5850590 secs]
2018-05-20T17:51:01.906+0000: 819501.527: [GC 8499089K->1612386K(14454144K), 0.9223500 secs]
2018-05-20T17:51:36.058+0000: 819535.679: [GC 8545122K->1570090K(14476416K), 0.6014820 secs]
2018-05-20T17:51:54.628+0000: 819554.249: [GC 8502826K->1558084K(14486784K), 0.5147450 secs]
2018-05-20T17:52:45.879+0000: 819605.500: [GC 8508420K->1620087K(14453952K), 0.7755720 secs]
2018-05-20T17:53:14.286+0000: 819633.907: [GC 8570423K->1576439K(14483648K), 0.5132280 secs]
2018-05-20T17:53:32.693+0000: 819652.314: [GC 8519607K->1599878K(14479616K), 0.6309910 secs]
2018-05-20T17:54:13.154+0000: 819692.775: [GC 8543046K->1604158K(14496448K), 0.6314760 secs]
2018-05-20T17:54:43.543+0000: 819723.164: [GC 8571006K->1607306K(14490496K), 0.6046580 secs]
2018-05-20T17:55:00.983+0000: 819740.604: [GC 8574154K->1587290K(14501184K), 0.3989520 secs]
2018-05-20T17:55:24.079+0000: 819763.699: [GC 8569818K->1616172K(14501312K), 0.5695630 secs]
2018-05-20T17:55:45.483+0000: 819785.104: [GC 8598700K->1598034K(14506880K), 0.4081340 secs]
2018-05-20T17:56:05.400+0000: 819805.020: [GC 8591122K->1605621K(14506304K), 0.4659810 secs]
2018-05-20T17:57:05.650+0000: 819865.271: [GC 8598709K->1711577K(14456896K), 1.0174700 secs]
2018-05-20T17:58:06.020+0000: 819925.640: [GC 8656089K->1743051K(14479872K), 0.9646900 secs]
2018-05-20T17:59:01.453+0000: 819981.074: [GC 8687563K->1748967K(14420864K), 0.9698790 secs]
2018-05-20T17:59:38.040+0000: 820017.660: [GC 8629607K->1673200K(14450368K), 0.5151800 secs]
2018-05-20T17:59:55.264+0000: 820034.884: [GC 8553840K->1681191K(14458688K), 0.4904700 secs]
2018-05-20T18:00:22.093+0000: 820061.714: [GC 8574183K->1670195K(14454400K), 0.3770440 secs]
2018-05-20T18:00:39.669+0000: 820079.290: [GC 8563187K->1688404K(14464064K), 0.4799560 secs]
2018-05-20T18:01:08.927+0000: 820108.548: [GC 8592660K->1716497K(14460288K), 0.5667530 secs]
2018-05-20T18:01:27.439+0000: 820127.060: [GC 8620753K->1719110K(14476928K), 0.5038310 secs]
2018-05-20T18:01:43.729+0000: 820143.350: [GC 8647430K->1726873K(14471488K), 0.4952190 secs]
2018-05-20T18:03:05.591+0000: 820225.211: [GC 8655193K->1824564K(14443648K), 0.9117540 secs]
2018-05-20T18:03:59.991+0000: 820279.612: [GC 8729652K->1852419K(14442048K), 0.9672940 secs]
2018-05-20T18:04:30.798+0000: 820310.418: [GC 8757507K->1797081K(14454592K), 0.6175900 secs]
2018-05-20T18:04:51.832+0000: 820331.452: [GC 8678105K->1777155K(14446528K), 0.4347160 secs]
2018-05-20T18:05:14.376+0000: 820353.997: [GC 8658179K->1801689K(14461376K), 0.5200390 secs]
2018-05-20T18:05:31.244+0000: 820370.865: [GC 8699289K->1804138K(14456320K), 0.4248810 secs]
2018-05-20T18:05:55.733+0000: 820395.354: [GC 8701738K->1815408K(14470464K), 0.4873210 secs]
2018-05-20T18:06:14.127+0000: 820413.748: [GC 8731184K->1819633K(14465408K), 0.4464930 secs]
2018-05-20T18:06:32.209+0000: 820431.829: [GC 8735409K->1829110K(14479360K), 0.4700590 secs]
2018-05-20T18:06:59.223+0000: 820458.844: [GC 8763126K->1853323K(14474752K), 0.5253530 secs]
2018-05-20T18:07:14.583+0000: 820474.203: [GC 8787339K->1860806K(14493184K), 0.5319080 secs]
2018-05-20T18:07:45.526+0000: 820505.147: [GC 8820742K->1868960K(14486848K), 0.5063940 secs]
2018-05-20T18:08:02.185+0000: 820521.805: [GC 8828896K->1866621K(14503040K), 0.4715670 secs]
2018-05-20T18:08:32.281+0000: 820551.902: [GC 8849213K->1875827K(14499648K), 0.4642430 secs]
2018-05-20T18:08:49.560+0000: 820569.181: [GC 8858419K->1886130K(14510336K), 0.4759010 secs]
2018-05-20T18:09:20.687+0000: 820600.308: [GC 8883314K->1926280K(14506944K), 0.6544590 secs]
2018-05-20T18:10:18.684+0000: 820658.305: [GC 8923464K->2007521K(14446784K), 0.9468380 secs]
2018-05-20T18:11:12.003+0000: 820711.624: [GC 8942945K->2057939K(14476032K), 0.9618740 secs]
2018-05-20T18:11:49.416+0000: 820749.037: [GC 8993363K->2009026K(14452736K), 0.6245020 secs]
2018-05-20T18:12:07.874+0000: 820767.495: [GC 8917698K->1986963K(14464384K), 0.4541150 secs]
2018-05-20T18:12:33.839+0000: 820793.460: [GC 8895635K->2010363K(14472256K), 0.5225710 secs]
2018-05-20T18:12:49.662+0000: 820809.283: [GC 8929403K->2020457K(14466880K), 0.5489570 secs]
2018-05-20T18:13:05.514+0000: 820825.135: [GC 8939497K->2025124K(14482368K), 0.5020030 secs]
2018-05-20T18:13:34.053+0000: 820853.674: [GC 8964836K->2042009K(14477440K), 0.5624490 secs]
2018-05-20T18:13:50.362+0000: 820869.983: [GC 8981721K->2037488K(14491840K), 0.4989780 secs]
2018-05-20T18:14:17.467+0000: 820897.088: [GC 8998192K->2063350K(14488960K), 0.5526800 secs]
2018-05-20T18:14:36.986+0000: 820916.607: [GC 9024054K->2054668K(14499904K), 0.4421220 secs]
2018-05-20T18:14:59.809+0000: 820939.429: [GC 9032780K->2077313K(14498304K), 0.4735340 secs]
2018-05-20T18:15:15.118+0000: 820954.739: [GC 9055425K->2086026K(14508032K), 0.4610400 secs]
2018-05-20T18:15:33.856+0000: 820973.477: [GC 9078154K->2097635K(14504192K), 0.5258900 secs]
2018-05-20T18:15:59.924+0000: 820999.545: [GC 9089763K->2110100K(14517248K), 0.5558120 secs]
2018-05-20T18:16:18.684+0000: 821018.305: [GC 9119828K->2127375K(14512576K), 0.5746720 secs]
2018-05-20T18:17:35.206+0000: 821094.826: [GC 9137103K->2192677K(14480576K), 0.8356010 secs]
2018-05-20T18:19:11.079+0000: 821190.699: [GC 9174565K->2246291K(14500992K), 1.0144000 secs]
2018-05-20T18:19:54.560+0000: 821234.180: [GC 9228179K->2226488K(14449664K), 0.6862210 secs]
2018-05-20T18:20:09.561+0000: 821249.182: [GC 9157048K->2194818K(14475328K), 0.4765620 secs]
2018-05-20T18:20:40.901+0000: 821280.522: [GC 9125378K->2208050K(14483008K), 0.5525820 secs]
2018-05-20T18:20:57.429+0000: 821297.049: [GC 9149170K->2202003K(14478208K), 0.4866090 secs]
2018-05-20T18:21:21.334+0000: 821320.955: [GC 9143123K->2222871K(14490368K), 0.5841120 secs]
2018-05-20T18:21:39.788+0000: 821339.409: [GC 9178199K->2208389K(14485056K), 0.4396040 secs]
2018-05-20T18:21:56.650+0000: 821356.271: [GC 9163717K->2224557K(14495552K), 0.5177340 secs]
2018-05-20T18:22:24.024+0000: 821383.645: [GC 9191981K->2243596K(14491968K), 0.5944000 secs]
2018-05-20T18:22:41.215+0000: 821400.836: [GC 9211020K->2234091K(14504128K), 0.4943380 secs]
2018-05-20T18:23:14.365+0000: 821433.986: [GC 9219755K->2260761K(14501632K), 0.5707560 secs]
2018-05-20T18:23:33.557+0000: 821453.178: [GC 9246425K->2242366K(14508864K), 0.4640080 secs]
2018-05-20T18:24:03.564+0000: 821483.185: [GC 9238846K->2269737K(14507712K), 0.5976360 secs]
2018-05-20T18:25:04.075+0000: 821543.696: [GC 9266217K->2351553K(14461760K), 0.8965010 secs]
2018-05-20T18:25:18.854+0000: 821558.475: [GC 4276545K->2252284K(14348096K), 0.2438190 secs]
2018-05-20T18:25:19.098+0000: 821558.719: [Full GC 2252284K->1048928K(14348096K), 3.6642790 secs]
2018-05-20T18:25:39.260+0000: 821578.880: [GC 8004192K->1145522K(14485568K), 0.4445530 secs]
2018-05-20T18:25:55.504+0000: 821595.125: [GC 8092594K->1161101K(14481600K), 0.5279270 secs]
2018-05-20T18:26:59.191+0000: 821658.811: [GC 8108173K->1254728K(14444608K), 0.8849610 secs]
2018-05-20T18:27:28.393+0000: 821688.014: [GC 8170440K->1186330K(14467904K), 0.5032720 secs]
2018-05-20T18:27:46.386+0000: 821706.007: [GC 8102042K->1173064K(14476416K), 0.4158460 secs]
2018-05-20T18:28:29.834+0000: 821749.455: [GC 8103432K->1248303K(14429184K), 0.8266760 secs]
2018-05-20T18:28:51.481+0000: 821771.102: [GC 8178671K->1203599K(14476288K), 0.5028170 secs]
2018-05-20T18:29:08.225+0000: 821787.846: [GC 8130063K->1193866K(14470272K), 0.4364460 secs]
2018-05-20T18:30:26.337+0000: 821865.958: [GC 8120330K->1286756K(14450368K), 0.7297370 secs]
2018-05-20T18:30:46.835+0000: 821886.456: [GC 8196580K->1215316K(14464960K), 0.4046470 secs]
2018-05-20T18:31:04.833+0000: 821904.454: [GC 8125140K->1222878K(14473472K), 0.4293260 secs]
2018-05-20T18:32:02.228+0000: 821961.849: [GC 8145118K->1308155K(14439488K), 0.9004980 secs]
2018-05-20T18:32:45.295+0000: 822004.916: [GC 8230395K->1290370K(14459200K), 0.6898160 secs]
2018-05-20T18:33:01.202+0000: 822020.823: [GC 8190338K->1259998K(14460032K), 0.5492650 secs]
2018-05-20T18:33:31.676+0000: 822051.296: [GC 8159966K->1280687K(14475008K), 0.6350870 secs]
2018-05-20T18:34:30.026+0000: 822109.647: [GC 8202415K->1352995K(14454976K), 0.9572850 secs]
2018-05-20T18:34:51.448+0000: 822131.069: [GC 8274723K->1287218K(14464384K), 0.5086810 secs]
2018-05-20T18:35:06.773+0000: 822146.394: [GC 8189746K->1266439K(14458240K), 0.3474190 secs]
2018-05-20T18:35:17.058+0000: 822156.678: [GC 8168967K->1278144K(14468224K), 0.3606600 secs]
2018-05-20T18:35:31.629+0000: 822171.249: [GC 8191488K->1289828K(14465216K), 0.4439520 secs]
2018-05-20T18:36:34.433+0000: 822234.053: [GC 8203172K->1363042K(14456512K), 0.8175730 secs]
2018-05-20T18:37:37.549+0000: 822297.169: [GC 8272354K->1396524K(14440128K), 0.9399820 secs]
2018-05-20T18:38:59.059+0000: 822378.680: [GC 8305836K->1402937K(14430016K), 0.9178570 secs]
2018-05-20T18:40:18.582+0000: 822458.203: [GC 8262585K->1409001K(14381120K), 0.8059590 secs]
2018-05-20T18:40:39.806+0000: 822479.427: [GC 8268649K->1319500K(14433088K), 0.3672780 secs]
2018-05-20T18:41:03.332+0000: 822502.952: [GC 8166476K->1333745K(14433536K), 0.4104450 secs]
2018-05-20T18:43:14.953+0000: 822634.573: [GC 8180721K->1435688K(14422336K), 0.7943360 secs]
2018-05-20T18:44:25.325+0000: 822704.946: [GC 8273960K->1462773K(14366464K), 0.9390790 secs]
2018-05-20T18:45:12.199+0000: 822751.819: [GC 8301045K->1459492K(14420160K), 0.7613430 secs]
2018-05-20T18:45:29.033+0000: 822768.653: [GC 8280868K->1403203K(14420736K), 0.4535370 secs]
2018-05-20T18:45:41.324+0000: 822780.945: [GC 8224579K->1399495K(14429376K), 0.4001850 secs]
2018-05-20T18:45:52.236+0000: 822791.857: [GC 8234951K->1409014K(14426176K), 0.3878030 secs]
2018-05-20T18:46:07.226+0000: 822806.846: [GC 8244470K->1432424K(14439744K), 0.4519100 secs]
2018-05-20T18:46:24.644+0000: 822824.264: [GC 8285032K->1445110K(14432960K), 0.4670690 secs]
2018-05-20T18:46:36.827+0000: 822836.448: [GC 8297718K->1446322K(14451328K), 0.2926840 secs]
2018-05-20T18:46:49.807+0000: 822849.427: [GC 8324210K->1465218K(14446656K), 0.3800730 secs]
2018-05-20T18:46:59.283+0000: 822858.903: [GC 8343106K->1478272K(14463296K), 0.2190890 secs]
2018-05-20T18:47:12.706+0000: 822872.327: [GC 8378880K->1508361K(14457408K), 0.3909800 secs]
2018-05-20T18:47:23.500+0000: 822883.121: [GC 8408969K->1518853K(14479936K), 0.3394500 secs]
2018-05-20T18:47:34.884+0000: 822894.505: [GC 8451013K->1524781K(14472320K), 0.4619320 secs]
2018-05-20T18:47:45.884+0000: 822905.505: [GC 8456941K->1530504K(14490688K), 0.3527870 secs]
2018-05-20T18:48:01.108+0000: 822920.729: [GC 8486792K->1547634K(14485696K), 0.4775330 secs]
2018-05-20T18:48:21.707+0000: 822941.328: [GC 8503922K->1560896K(14502848K), 0.4850830 secs]
2018-05-20T18:49:22.205+0000: 823001.825: [GC 8540352K->1658958K(14496704K), 0.9570030 secs]
2018-05-20T18:50:15.108+0000: 823054.729: [GC 8638414K->1687072K(14407616K), 0.8964830 secs]
2018-05-20T18:51:15.520+0000: 823115.140: [GC 8571296K->1697938K(14410432K), 0.9271000 secs]
2018-05-20T18:51:37.523+0000: 823137.143: [GC 8582162K->1622527K(14445824K), 0.4545580 secs]
2018-05-20T18:51:49.981+0000: 823149.602: [GC 8489023K->1637645K(14440768K), 0.3412910 secs]
2018-05-20T18:52:01.709+0000: 823161.329: [GC 8504141K->1641837K(14458432K), 0.5024900 secs]
2018-05-20T18:52:14.219+0000: 823173.840: [GC 8532525K->1625748K(14452352K), 0.2906540 secs]
2018-05-20T18:52:25.634+0000: 823185.255: [GC 8516436K->1642092K(14465664K), 0.4151240 secs]
2018-05-20T18:52:36.241+0000: 823195.861: [GC 8548460K->1645838K(14460800K), 0.3244590 secs]
2018-05-20T18:52:49.568+0000: 823209.188: [GC 8552206K->1662902K(14476736K), 0.4588820 secs]
2018-05-20T18:53:09.263+0000: 823228.884: [GC 8589942K->1660499K(14470400K), 0.4055770 secs]
2018-05-20T18:54:09.798+0000: 823289.419: [GC 8587539K->1748860K(14454464K), 0.8415040 secs]
2018-05-20T18:55:09.456+0000: 823349.077: [GC 8664316K->1777766K(14445376K), 0.9077960 secs]
2018-05-20T18:56:09.587+0000: 823409.208: [GC 8693222K->1787344K(14421696K), 0.9158600 secs]
2018-05-20T18:57:06.534+0000: 823466.155: [GC 8639568K->1792163K(14380032K), 0.8962710 secs]
2018-05-20T18:58:06.430+0000: 823526.051: [GC 8644387K->1805309K(14409536K), 0.7912750 secs]
2018-05-20T18:58:26.965+0000: 823546.585: [GC 8621437K->1741650K(14418112K), 0.5363820 secs]
2018-05-20T18:58:44.693+0000: 823564.314: [GC 8557778K->1726845K(14429440K), 0.4261500 secs]
2018-05-20T19:00:35.797+0000: 823675.418: [GC 8562109K->1777759K(14425920K), 0.6915990 secs]
2018-05-20T19:08:45.135+0000: 824164.755: [GC 8613023K->1796134K(14445888K), 0.6173930 secs]
2018-05-20T19:16:44.093+0000: 824643.714: [GC 8661094K->1829108K(14439168K), 0.6338940 secs]
2018-05-20T19:25:22.771+0000: 825162.391: [GC 8128441K->1846482K(14460672K), 0.5402930 secs]
2018-05-20T19:25:23.311+0000: 825162.932: [Full GC 1846482K->1076243K(14460672K), 3.2928470 secs]
2018-05-20T19:36:20.037+0000: 825819.658: [GC 7970899K->1205779K(14454080K), 0.5958030 secs]
2018-05-20T19:45:44.896+0000: 826384.516: [GC 8100435K->1230960K(14473984K), 0.6324080 secs]
2018-05-20T19:54:38.288+0000: 826917.908: [GC 8152624K->1254194K(14467776K), 0.6253020 secs]
2018-05-20T20:04:43.784+0000: 827523.405: [GC 8175858K->1269514K(14484096K), 0.6106570 secs]
2018-05-20T20:14:11.979+0000: 828091.599: [GC 8213258K->1295088K(14479744K), 0.5727200 secs]
2018-05-20T20:22:55.322+0000: 828614.942: [GC 8238832K->1315744K(14493312K), 0.5729570 secs]
2018-05-20T20:25:26.613+0000: 828766.234: [GC 3565401K->1258934K(14339904K), 0.1901100 secs]
2018-05-20T20:25:26.803+0000: 828766.424: [Full GC 1258934K->790724K(14339904K), 2.8076630 secs]
2018-05-20T20:35:23.642+0000: 829363.263: [GC 7753092K->909924K(14489984K), 0.5833380 secs]
2018-05-20T20:44:40.214+0000: 829919.835: [GC 7862756K->929020K(14482944K), 0.5719860 secs]
2018-05-20T20:54:42.261+0000: 830521.882: [GC 7881852K->951938K(14502464K), 0.5754310 secs]
2018-05-20T21:05:57.432+0000: 831197.053: [GC 7930562K->974201K(14496256K), 0.5681700 secs]
2018-05-20T21:17:37.147+0000: 831896.767: [GC 7952825K->993481K(14511808K), 0.5842210 secs]
2018-05-20T21:25:29.619+0000: 832369.239: [GC 4309200K->951892K(14392768K), 0.2301390 secs]
2018-05-20T21:25:29.849+0000: 832369.470: [Full GC 951892K->684206K(14392768K), 2.8492140 secs]
2018-05-20T21:43:29.553+0000: 833449.174: [GC 7683758K->797007K(14511104K), 0.5304750 secs]
2018-05-20T21:58:17.464+0000: 834337.085: [GC 7793167K->821357K(14505152K), 0.5565150 secs]
2018-05-20T22:13:46.729+0000: 835266.349: [GC 7817517K->839317K(14520256K), 0.5249700 secs]
2018-05-20T22:25:32.706+0000: 835972.326: [GC 4937034K->818429K(14516416K), 0.2937300 secs]
2018-05-20T22:25:33.000+0000: 835972.620: [Full GC 818429K->549430K(14516416K), 2.1737380 secs]
2018-05-20T22:50:31.713+0000: 837471.334: [GC 7565744K->661043K(14521024K), 0.4884470 secs]
2018-05-20T23:13:05.572+0000: 838825.193: [GC 7678835K->673565K(14516864K), 0.5310560 secs]
2018-05-20T23:25:35.181+0000: 839574.802: [GC 4518205K->647527K(14515136K), 0.2543650 secs]
2018-05-20T23:25:35.436+0000: 839575.057: [Full GC 647527K->503097K(14515136K), 2.0040360 secs]
2018-05-21T00:00:12.999+0000: 841652.620: [GC 7522489K->597589K(14519744K), 0.4881030 secs]
2018-05-21T00:25:37.448+0000: 843177.069: [GC 4004361K->568701K(14517952K), 0.2195920 secs]
2018-05-21T00:25:37.668+0000: 843177.289: [Full GC 568701K->444774K(14517952K), 2.1425120 secs]
2018-05-21T01:25:39.818+0000: 846779.439: [GC 6894081K->532393K(14521152K), 0.4468150 secs]
2018-05-21T01:25:40.265+0000: 846779.886: [Full GC 532393K->419432K(14521152K), 1.8693240 secs]
2018-05-21T02:25:42.144+0000: 850381.765: [GC 6634242K->502426K(14529856K), 0.4303600 secs]
2018-05-21T02:25:42.575+0000: 850382.196: [Full GC 502426K->363893K(14529856K), 1.7753230 secs]
2018-05-21T03:06:52.992+0000: 852852.613: [GC 7399669K->457416K(14526016K), 0.4813050 secs]
2018-05-21T03:25:44.359+0000: 853983.980: [GC 4820899K->438116K(14532032K), 0.2579080 secs]
2018-05-21T03:25:44.617+0000: 853984.238: [Full GC 438116K->332193K(14532032K), 1.4906320 secs]
2018-05-21T03:50:56.527+0000: 855496.148: [GC 7379489K->426658K(14533696K), 0.4409010 secs]
2018-05-21T04:14:10.227+0000: 856889.847: [GC 7473954K->443152K(14540992K), 0.5038460 secs]
2018-05-21T04:25:46.117+0000: 857585.737: [GC 4385938K->419368K(14537664K), 0.2527320 secs]
2018-05-21T04:25:46.370+0000: 857585.990: [Full GC 419368K->338514K(14537664K), 1.7933820 secs]
2018-05-21T04:44:00.700+0000: 858680.321: [GC 7397074K->435379K(14540864K), 0.4617320 secs]
2018-05-21T05:01:03.274+0000: 859702.894: [GC 7495283K->449757K(14539136K), 0.5005650 secs]
2018-05-21T05:17:02.251+0000: 860661.872: [GC 7509661K->466768K(14545216K), 0.4758100 secs]
2018-05-21T05:25:48.171+0000: 861187.792: [GC 4507146K->443559K(14543680K), 0.2504030 secs]
2018-05-21T05:25:48.429+0000: 861188.050: [Full GC 443559K->353523K(14543680K), 1.7408290 secs]
2018-05-21T05:39:35.306+0000: 862014.927: [GC 7422323K->455461K(14542784K), 0.5159050 secs]
2018-05-21T05:51:01.055+0000: 862700.675: [GC 7522597K->475089K(14514368K), 0.5303970 secs]
2018-05-21T06:05:18.598+0000: 863558.219: [GC 7542225K->498165K(14534272K), 0.4527430 secs]
2018-05-21T06:15:17.662+0000: 864157.283: [GC 7553653K->526757K(14509568K), 0.5031660 secs]
2018-05-21T06:25:34.494+0000: 864774.114: [GC 7582245K->553651K(14526784K), 0.5517230 secs]
2018-05-21T06:25:50.181+0000: 864789.802: [GC 662305K->468334K(14383296K), 0.0751000 secs]
2018-05-21T06:25:50.256+0000: 864789.877: [Full GC 468334K->366945K(14383296K), 1.8649460 secs]
2018-05-21T06:36:08.223+0000: 865407.843: [GC 7408353K->480726K(14514880K), 0.5382840 secs]
2018-05-21T06:47:07.748+0000: 866067.369: [GC 7495382K->503816K(14469632K), 0.5458720 secs]
2018-05-21T06:57:39.863+0000: 866699.483: [GC 7518472K->528837K(14512960K), 0.5473480 secs]
2018-05-21T07:09:31.141+0000: 867410.762: [GC 7537093K->557696K(14469440K), 0.5481840 secs]
2018-05-21T07:18:38.077+0000: 867957.697: [GC 7565952K->593476K(14504064K), 0.5739880 secs]
2018-05-21T07:25:52.131+0000: 868391.752: [GC 5418469K->586315K(14507776K), 0.4067930 secs]
2018-05-21T07:25:52.538+0000: 868392.159: [Full GC 586315K->530489K(14507776K), 2.2409130 secs]
2018-05-21T07:34:48.132+0000: 868927.753: [GC 7525945K->659269K(14504448K), 0.5661240 secs]
2018-05-21T07:45:19.108+0000: 869558.729: [GC 7656517K->687028K(14462848K), 0.5759740 secs]
2018-05-21T07:54:03.683+0000: 870083.304: [GC 7684276K->722293K(14503744K), 0.5957760 secs]
2018-05-21T08:01:24.558+0000: 870524.178: [GC 7712885K->767933K(14471488K), 0.6559900 secs]
2018-05-21T08:02:49.191+0000: 870608.812: [GC 7758525K->848122K(14431488K), 0.9741470 secs]
2018-05-21T08:04:08.471+0000: 870688.091: [GC 7758970K->859719K(14432704K), 0.8981240 secs]
2018-05-21T08:05:33.193+0000: 870772.814: [GC 7770567K->876446K(14427712K), 0.8581530 secs]
2018-05-21T08:07:08.384+0000: 870868.005: [GC 7736478K->880334K(14383936K), 0.9333340 secs]
2018-05-21T08:09:00.549+0000: 870980.170: [GC 7740366K->891450K(14418112K), 0.9221260 secs]
2018-05-21T08:10:37.470+0000: 871077.090: [GC 7721530K->900356K(14354048K), 0.9175760 secs]
2018-05-21T08:12:26.260+0000: 871185.880: [GC 7730436K->909014K(14417408K), 0.9461030 secs]
2018-05-21T08:13:50.999+0000: 871270.620: [GC 7727574K->920461K(14340736K), 0.9169240 secs]
2018-05-21T08:15:19.129+0000: 871358.750: [GC 7739021K->929441K(14419136K), 0.8597370 secs]
2018-05-21T08:16:40.846+0000: 871440.466: [GC 7747233K->945385K(14345536K), 0.9494070 secs]
2018-05-21T08:18:06.612+0000: 871526.233: [GC 7763177K->950206K(14419456K), 0.9101530 secs]
2018-05-21T08:19:09.356+0000: 871588.977: [GC 7767614K->942380K(14418048K), 0.7727000 secs]
2018-05-21T08:19:45.930+0000: 871625.550: [GC 7759788K->947827K(14436288K), 0.7491640 secs]
2018-05-21T08:20:31.109+0000: 871670.730: [GC 7793203K->968864K(14429184K), 0.7194620 secs]
2018-05-21T08:21:10.097+0000: 871709.718: [GC 7814240K->963536K(14449856K), 0.6751680 secs]
2018-05-21T08:21:55.453+0000: 871755.074: [GC 7837776K->976463K(14444480K), 0.7361990 secs]
2018-05-21T08:22:38.045+0000: 871797.666: [GC 7850703K->983306K(14460928K), 0.7001880 secs]
2018-05-21T08:23:22.148+0000: 871841.769: [GC 7879626K->990811K(14455488K), 0.7537730 secs]
2018-05-21T08:23:55.278+0000: 871874.899: [GC 7887131K->1004149K(14471104K), 0.7365380 secs]
2018-05-21T08:24:39.263+0000: 871918.884: [GC 7920885K->1013266K(14465728K), 0.7455200 secs]
2018-05-21T08:25:24.040+0000: 871963.661: [GC 7930002K->1028206K(14480064K), 0.6965270 secs]
2018-05-21T08:25:54.790+0000: 871994.411: [GC 5590729K->987091K(14383168K), 0.5312900 secs]
2018-05-21T08:25:55.321+0000: 871994.942: [Full GC 987091K->765475K(14383168K), 2.3805570 secs]
2018-05-21T08:26:49.608+0000: 872049.228: [GC 7701347K->917431K(14480832K), 0.6720840 secs]
2018-05-21T08:27:35.282+0000: 872094.903: [GC 7853879K->930962K(14475712K), 0.7548910 secs]
2018-05-21T08:28:21.357+0000: 872140.977: [GC 7867410K->937580K(14488192K), 0.7521160 secs]
2018-05-21T08:29:13.981+0000: 872193.602: [GC 7889772K->947119K(14484096K), 0.7329300 secs]
2018-05-21T08:29:54.123+0000: 872233.744: [GC 7899311K->960856K(14494848K), 0.6783950 secs]
2018-05-21T08:30:23.096+0000: 872262.717: [GC 7927192K->931327K(14491584K), 0.4402630 secs]
2018-05-21T08:30:39.193+0000: 872278.814: [GC 7897663K->936079K(14487040K), 0.4510940 secs]
2018-05-21T08:30:58.455+0000: 872298.075: [GC 7894799K->944970K(14413312K), 0.5550620 secs]
2018-05-21T08:31:25.206+0000: 872324.827: [GC 7903690K->952271K(14488832K), 0.5152290 secs]
2018-05-21T08:31:42.077+0000: 872341.698: [GC 7909647K->956636K(14404416K), 0.4936690 secs]
2018-05-21T08:32:00.738+0000: 872360.359: [GC 7914012K->962889K(14488704K), 0.5153220 secs]
2018-05-21T08:32:17.950+0000: 872377.571: [GC 7919881K->972735K(14488384K), 0.4824900 secs]
2018-05-21T08:32:36.023+0000: 872395.644: [GC 7929727K->990633K(14493696K), 0.5338570 secs]
2018-05-21T08:32:53.131+0000: 872412.751: [GC 7954089K->994992K(14489856K), 0.4829720 secs]
2018-05-21T08:33:14.044+0000: 872433.665: [GC 7958448K->996113K(14498688K), 0.4738690 secs]
2018-05-21T08:33:34.207+0000: 872453.828: [GC 7971217K->1003770K(14496512K), 0.4735330 secs]
2018-05-21T08:33:51.083+0000: 872470.704: [GC 7978874K->1018052K(14504320K), 0.5149360 secs]
2018-05-21T08:34:15.563+0000: 872495.183: [GC 8003140K->1039787K(14500864K), 0.6231530 secs]
2018-05-21T08:34:58.866+0000: 872538.487: [GC 8024875K->1081070K(14488384K), 0.7484020 secs]
2018-05-21T08:36:11.145+0000: 872610.765: [GC 8056942K->1055340K(14497984K), 0.5733770 secs]
2018-05-21T08:37:26.694+0000: 872686.315: [GC 8031212K->1066995K(14507648K), 0.6164470 secs]
2018-05-21T08:38:27.017+0000: 872746.638: [GC 8057459K->1099200K(14502912K), 0.6928040 secs]
2018-05-21T08:39:07.287+0000: 872786.908: [GC 8089664K->1115749K(14500160K), 0.7189310 secs]
2018-05-21T08:39:56.730+0000: 872836.351: [GC 8100965K->1131645K(14482880K), 0.6922840 secs]
2018-05-21T08:40:38.053+0000: 872877.674: [GC 8116861K->1139169K(14492736K), 0.7061420 secs]
2018-05-21T08:41:22.222+0000: 872921.843: [GC 8109281K->1155252K(14467392K), 0.7807640 secs]
2018-05-21T08:42:03.593+0000: 872963.214: [GC 8125364K->1157460K(14493312K), 0.7517120 secs]
2018-05-21T08:42:44.921+0000: 873004.542: [GC 8122772K->1170124K(14492096K), 0.7495760 secs]
2018-05-21T08:43:19.688+0000: 873039.309: [GC 8135436K->1176916K(14495168K), 0.7215220 secs]
2018-05-21T08:43:58.440+0000: 873078.061: [GC 8145300K->1186971K(14493312K), 0.7257490 secs]
2018-05-21T08:44:41.004+0000: 873120.625: [GC 8155355K->1199112K(14499136K), 0.7372490 secs]
2018-05-21T08:45:27.409+0000: 873167.029: [GC 8175624K->1210630K(14497472K), 0.6975870 secs]
2018-05-21T08:46:12.884+0000: 873212.505: [GC 8187142K->1205596K(14502400K), 0.6220660 secs]
2018-05-21T08:46:42.725+0000: 873242.346: [GC 8187932K->1233457K(14500032K), 0.7079490 secs]
2018-05-21T08:47:23.607+0000: 873283.227: [GC 8215793K->1241252K(14503616K), 0.6869620 secs]
2018-05-21T08:48:06.300+0000: 873325.921: [GC 8227556K->1252684K(14502784K), 0.7524030 secs]
2018-05-21T08:48:51.136+0000: 873370.757: [GC 8238988K->1264352K(14501760K), 0.6645610 secs]
2018-05-21T08:49:27.472+0000: 873407.093: [GC 8249440K->1282023K(14481856K), 0.7645260 secs]
2018-05-21T08:50:06.255+0000: 873445.875: [GC 8267111K->1287985K(14503488K), 0.7124770 secs]
2018-05-21T08:50:40.169+0000: 873479.789: [GC 8273073K->1296324K(14501696K), 0.7097340 secs]
2018-05-21T08:51:19.783+0000: 873519.404: [GC 8281412K->1303043K(14507968K), 0.6821960 secs]
2018-05-21T08:51:56.457+0000: 873556.078: [GC 8296259K->1314874K(14505344K), 0.7210150 secs]
2018-05-21T08:52:31.948+0000: 873591.569: [GC 8308090K->1324016K(14512384K), 0.7105990 secs]
2018-05-21T08:53:12.357+0000: 873631.978: [GC 8326640K->1328950K(14510336K), 0.6924930 secs]
2018-05-21T08:53:43.448+0000: 873663.069: [GC 8331574K->1335467K(14513472K), 0.6550010 secs]
2018-05-21T08:54:16.711+0000: 873696.331: [GC 8342059K->1350821K(14513216K), 0.6580310 secs]
2018-05-21T08:54:56.217+0000: 873735.837: [GC 8357413K->1351579K(14513856K), 0.5904920 secs]
2018-05-21T08:55:30.263+0000: 873769.884: [GC 8360091K->1370933K(14514304K), 0.5984440 secs]
2018-05-21T08:55:59.769+0000: 873799.390: [GC 8379445K->1384082K(14517760K), 0.7128000 secs]
2018-05-21T08:56:35.768+0000: 873835.389: [GC 8397714K->1393016K(14515968K), 0.6808950 secs]
2018-05-21T08:57:11.813+0000: 873871.434: [GC 8406648K->1409178K(14519488K), 0.7567270 secs]
2018-05-21T08:57:54.508+0000: 873914.128: [GC 8427866K->1405438K(14519296K), 0.6670830 secs]
2018-05-21T08:58:28.766+0000: 873948.387: [GC 8424126K->1417886K(14520896K), 0.6463020 secs]
2018-05-21T08:58:55.510+0000: 873975.131: [GC 8438686K->1429015K(14520000K), 0.6958870 secs]
2018-05-21T08:59:31.866+0000: 874011.486: [GC 8449815K->1443808K(14522240K), 0.7154130 secs]
2018-05-21T09:00:06.560+0000: 874046.181: [GC 8468064K->1441192K(14522112K), 0.5751990 secs]
2018-05-21T09:00:49.323+0000: 874088.944: [GC 8465448K->1467441K(14518784K), 0.7455340 secs]
2018-05-21T09:01:23.039+0000: 874122.660: [GC 8488625K->1475105K(14520640K), 0.6758340 secs]
2018-05-21T09:02:00.233+0000: 874159.854: [GC 8496289K->1479933K(14522048K), 0.6990890 secs]
2018-05-21T09:02:34.480+0000: 874194.101: [GC 8502909K->1485392K(14521024K), 0.6891970 secs]
2018-05-21T09:03:05.865+0000: 874225.485: [GC 8508368K->1491319K(14523072K), 0.6735370 secs]
2018-05-21T09:03:44.612+0000: 874264.233: [GC 8517175K->1515733K(14515648K), 0.7348190 secs]
2018-05-21T09:04:21.363+0000: 874300.984: [GC 8541589K->1491785K(14516352K), 0.5389070 secs]
2018-05-21T09:04:58.324+0000: 874337.944: [GC 8509513K->1526756K(14518912K), 0.6137290 secs]
2018-05-21T09:05:41.446+0000: 874381.067: [GC 8544484K->1537615K(14520768K), 0.7148990 secs]
2018-05-21T09:06:30.030+0000: 874429.650: [GC 8558735K->1546712K(14520448K), 0.6997700 secs]
2018-05-21T09:07:09.911+0000: 874469.531: [GC 8567832K->1559642K(14520896K), 0.7155810 secs]
2018-05-21T09:08:02.104+0000: 874521.724: [GC 8581146K->1577856K(14516032K), 0.7696790 secs]
2018-05-21T09:08:46.762+0000: 874566.383: [GC 8599360K->1591624K(14511104K), 0.7727820 secs]
2018-05-21T09:09:34.267+0000: 874613.888: [GC 8600392K->1612460K(14514432K), 0.8016650 secs]
2018-05-21T09:10:17.309+0000: 874656.930: [GC 8621228K->1629551K(14487040K), 0.8363960 secs]
2018-05-21T09:11:01.102+0000: 874700.722: [GC 8610927K->1627775K(14500736K), 0.7105740 secs]
2018-05-21T09:11:43.588+0000: 874743.208: [GC 8609151K->1635493K(14503296K), 0.7058460 secs]
2018-05-21T09:12:31.216+0000: 874790.837: [GC 8620005K->1640769K(14501312K), 0.7097490 secs]
2018-05-21T09:13:15.791+0000: 874835.411: [GC 8625281K->1649874K(14507520K), 0.7007540 secs]
2018-05-21T09:14:00.426+0000: 874880.046: [GC 8642962K->1672898K(14505664K), 0.7752680 secs]
2018-05-21T09:14:43.469+0000: 874923.090: [GC 8665986K->1679730K(14507904K), 0.7679530 secs]
2018-05-21T09:15:29.060+0000: 874968.681: [GC 8674482K->1696600K(14497664K), 0.6993740 secs]
2018-05-21T09:16:15.919+0000: 875015.540: [GC 8691352K->1713847K(14494848K), 0.8273450 secs]
2018-05-21T09:17:06.870+0000: 875066.491: [GC 8694071K->1731835K(14497984K), 0.9061280 secs]
2018-05-21T09:17:58.864+0000: 875118.485: [GC 8712059K->1741853K(14477376K), 0.8880360 secs]
2018-05-21T09:19:03.421+0000: 875183.041: [GC 8697117K->1750137K(14475840K), 0.8836490 secs]
2018-05-21T09:20:10.127+0000: 875249.747: [GC 8705401K->1757569K(14476928K), 0.7340480 secs]
2018-05-21T09:21:04.589+0000: 875304.210: [GC 8697345K->1767708K(14460672K), 0.7466780 secs]
2018-05-21T09:22:11.042+0000: 875370.662: [GC 8707484K->1774457K(14475200K), 0.8117340 secs]
2018-05-21T09:23:10.708+0000: 875430.329: [GC 8706553K->1783355K(14448576K), 0.8844770 secs]
2018-05-21T09:24:08.920+0000: 875488.541: [GC 8715451K->1803140K(14468352K), 0.8795340 secs]
2018-05-21T09:25:00.476+0000: 875540.096: [GC 8727300K->1811083K(14446976K), 0.7926200 secs]
2018-05-21T09:25:46.071+0000: 875585.692: [GC 8735243K->1789112K(14471808K), 0.7149160 secs]
2018-05-21T09:25:57.713+0000: 875597.334: [GC 5361417K->1707881K(14322048K), 0.2665320 secs]
2018-05-21T09:25:57.980+0000: 875597.601: [Full GC 1707881K->974285K(14322048K), 4.0689930 secs]
2018-05-21T09:26:20.158+0000: 875619.778: [GC 7896845K->1090112K(14456064K), 0.5297290 secs]
2018-05-21T09:26:41.531+0000: 875641.151: [GC 7983296K->1101818K(14456640K), 0.5541430 secs]
2018-05-21T09:27:03.822+0000: 875663.442: [GC 7995002K->1100915K(14456128K), 0.4947530 secs]
2018-05-21T09:27:23.184+0000: 875682.804: [GC 7993715K->1108272K(14456448K), 0.4852520 secs]
2018-05-21T09:27:45.423+0000: 875705.044: [GC 8001072K->1122430K(14461312K), 0.4976560 secs]
2018-05-21T09:28:06.630+0000: 875726.251: [GC 8021310K->1130350K(14457664K), 0.5408670 secs]
2018-05-21T09:28:27.620+0000: 875747.241: [GC 8029230K->1131734K(14468736K), 0.5457160 secs]
2018-05-21T09:28:47.606+0000: 875767.227: [GC 8045590K->1140424K(14465216K), 0.5014310 secs]
2018-05-21T09:29:08.677+0000: 875788.297: [GC 8054280K->1155944K(14478592K), 0.5366570 secs]
2018-05-21T09:29:30.924+0000: 875810.544: [GC 8087400K->1159005K(14472960K), 0.5449910 secs]
2018-05-21T09:29:53.863+0000: 875833.484: [GC 8090461K->1151910K(14485056K), 0.4494640 secs]
2018-05-21T09:30:12.023+0000: 875851.644: [GC 8099814K->1167571K(14482944K), 0.4447900 secs]
2018-05-21T09:30:33.843+0000: 875873.463: [GC 8115475K->1181816K(14494720K), 0.5591530 secs]
2018-05-21T09:30:54.373+0000: 875893.993: [GC 8145528K->1192871K(14489088K), 0.6019680 secs]
2018-05-21T09:31:14.934+0000: 875914.555: [GC 8156583K->1183534K(14503232K), 0.5055530 secs]
2018-05-21T09:31:39.597+0000: 875939.218: [GC 8167470K->1203408K(14500800K), 0.5743870 secs]
2018-05-21T09:32:01.156+0000: 875960.777: [GC 8187344K->1195041K(14509696K), 0.4575670 secs]
2018-05-21T09:32:25.060+0000: 875984.681: [GC 8192609K->1211423K(14507968K), 0.5058850 secs]
2018-05-21T09:32:47.583+0000: 876007.204: [GC 8208991K->1218984K(14517184K), 0.5401320 secs]
2018-05-21T09:33:10.196+0000: 876029.817: [GC 8229480K->1220968K(14513408K), 0.4496820 secs]
2018-05-21T09:33:29.692+0000: 876049.313: [GC 8231464K->1245881K(14521792K), 0.5703550 secs]
2018-05-21T09:33:53.715+0000: 876073.336: [GC 8267577K->1236747K(14520000K), 0.4968110 secs]
2018-05-21T09:34:10.561+0000: 876090.182: [GC 8258443K->1234490K(14525248K), 0.4337810 secs]
2018-05-21T09:34:32.825+0000: 876112.446: [GC 8264250K->1245856K(14524608K), 0.4598860 secs]
2018-05-21T09:34:50.625+0000: 876130.246: [GC 8275616K->1265220K(14530432K), 0.5171080 secs]
2018-05-21T09:35:10.157+0000: 876149.778: [GC 8302468K->1271859K(14526912K), 0.5163070 secs]
2018-05-21T09:35:30.454+0000: 876170.075: [GC 8309107K->1268461K(14535168K), 0.4256700 secs]
2018-05-21T09:35:52.939+0000: 876192.560: [GC 8317549K->1275034K(14534016K), 0.4570360 secs]
2018-05-21T09:36:10.660+0000: 876210.280: [GC 8324122K->1289264K(14539392K), 0.5048240 secs]
2018-05-21T09:36:31.140+0000: 876230.761: [GC 8345200K->1285167K(14536640K), 0.4398170 secs]
2018-05-21T09:36:49.487+0000: 876249.108: [GC 8341103K->1306687K(14542144K), 0.5118290 secs]
2018-05-21T09:37:09.707+0000: 876269.328: [GC 8368959K->1314227K(14540224K), 0.5176590 secs]
2018-05-21T09:37:28.823+0000: 876288.444: [GC 8376499K->1312206K(14545280K), 0.4599250 secs]
2018-05-21T09:37:50.464+0000: 876310.085: [GC 8381134K->1311479K(14543744K), 0.4329320 secs]
2018-05-21T09:38:11.030+0000: 876330.651: [GC 8380407K->1326961K(14548416K), 0.4987660 secs]
2018-05-21T09:38:28.781+0000: 876348.401: [GC 8401073K->1342375K(14545792K), 0.5248660 secs]
2018-05-21T09:38:48.030+0000: 876367.650: [GC 8416487K->1338319K(14550080K), 0.4846430 secs]
2018-05-21T09:39:07.599+0000: 876387.220: [GC 8416463K->1340985K(14548160K), 0.4813320 secs]
2018-05-21T09:39:29.857+0000: 876409.478: [GC 8419129K->1346049K(14552448K), 0.4369250 secs]
2018-05-21T09:39:50.695+0000: 876430.315: [GC 8429569K->1354469K(14551168K), 0.4972730 secs]
2018-05-21T09:40:12.059+0000: 876451.679: [GC 8437989K->1357618K(14554624K), 0.4495600 secs]
2018-05-21T09:40:31.918+0000: 876471.539: [GC 8446002K->1365380K(14553856K), 0.4562970 secs]
2018-05-21T09:40:52.132+0000: 876491.753: [GC 8453764K->1368283K(14556544K), 0.4458670 secs]
2018-05-21T09:41:11.434+0000: 876511.055: [GC 8460443K->1389044K(14545088K), 0.5513480 secs]
2018-05-21T09:41:32.512+0000: 876532.133: [GC 8481204K->1382968K(14556480K), 0.4649260 secs]
2018-05-21T09:41:50.813+0000: 876550.434: [GC 8474552K->1393544K(14555200K), 0.4993300 secs]
2018-05-21T09:42:11.144+0000: 876570.765: [GC 8485128K->1395227K(14559232K), 0.4946300 secs]
2018-05-21T09:42:31.042+0000: 876590.663: [GC 8492443K->1394249K(14558080K), 0.4416040 secs]
2018-05-21T09:42:51.341+0000: 876610.962: [GC 8491465K->1411279K(14559808K), 0.5047030 secs]
2018-05-21T09:43:09.435+0000: 876629.055: [GC 8510287K->1424150K(14550912K), 0.5462410 secs]
2018-05-21T09:43:29.350+0000: 876648.970: [GC 8523158K->1423965K(14560000K), 0.4895150 secs]
2018-05-21T09:43:52.740+0000: 876672.361: [GC 8522269K->1426713K(14558400K), 0.4641400 secs]
2018-05-21T09:44:12.162+0000: 876691.783: [GC 8525017K->1433739K(14561600K), 0.4879600 secs]
2018-05-21T09:44:30.920+0000: 876710.540: [GC 8536075K->1444723K(14560832K), 0.4949770 secs]
2018-05-21T09:44:49.893+0000: 876729.514: [GC 8547059K->1457924K(14559680K), 0.5161410 secs]
2018-05-21T09:45:11.540+0000: 876751.161: [GC 8560388K->1454361K(14561280K), 0.4491470 secs]
2018-05-21T09:45:29.401+0000: 876769.022: [GC 8556825K->1461973K(14563392K), 0.4155720 secs]
2018-05-21T09:45:50.132+0000: 876789.753: [GC 8567637K->1472331K(14562368K), 0.4960840 secs]
2018-05-21T09:46:11.643+0000: 876811.264: [GC 8577995K->1471330K(14564608K), 0.4625000 secs]
2018-05-21T09:46:30.555+0000: 876830.175: [GC 8580258K->1479257K(14564416K), 0.4633190 secs]
2018-05-21T09:46:51.704+0000: 876851.325: [GC 8588185K->1487915K(14566336K), 0.4697480 secs]
2018-05-21T09:47:12.068+0000: 876871.689: [GC 8599275K->1495401K(14565120K), 0.5130570 secs]
2018-05-21T09:47:31.694+0000: 876891.314: [GC 8606761K->1493837K(14567104K), 0.4397400 secs]
2018-05-21T09:47:51.475+0000: 876911.095: [GC 8607949K->1513178K(14562944K), 0.5291610 secs]
2018-05-21T09:48:13.530+0000: 876933.151: [GC 8627290K->1505598K(14565504K), 0.4707890 secs]
2018-05-21T09:48:35.895+0000: 876955.516: [GC 8616766K->1512980K(14565632K), 0.4498160 secs]
2018-05-21T09:48:54.372+0000: 876973.992: [GC 8624148K->1526562K(14566208K), 0.4831370 secs]
2018-05-21T09:49:15.044+0000: 876994.665: [GC 8638690K->1532333K(14566016K), 0.4826730 secs]
2018-05-21T09:49:35.159+0000: 877014.779: [GC 8644461K->1541093K(14565696K), 0.5059420 secs]
2018-05-21T09:49:56.199+0000: 877035.820: [GC 8653157K->1532686K(14544256K), 0.4272160 secs]
2018-05-21T09:50:14.933+0000: 877054.554: [GC 8644750K->1557549K(14560064K), 0.5307850 secs]
2018-05-21T09:50:35.954+0000: 877075.575: [GC 8662957K->1553543K(14562752K), 0.4833840 secs]
2018-05-21T09:50:55.222+0000: 877094.843: [GC 8658951K->1555715K(14564672K), 0.4564700 secs]
2018-05-21T09:51:16.872+0000: 877116.492: [GC 8664515K->1569396K(14564224K), 0.4884120 secs]
2018-05-21T09:51:37.340+0000: 877136.961: [GC 8678196K->1575842K(14566400K), 0.4664020 secs]
2018-05-21T09:51:57.606+0000: 877157.226: [GC 8687458K->1581569K(14565312K), 0.4981050 secs]
2018-05-21T09:52:17.198+0000: 877176.819: [GC 8693185K->1586730K(14567936K), 0.4826500 secs]
2018-05-21T09:52:36.226+0000: 877195.847: [GC 8701930K->1607986K(14567360K), 0.5364560 secs]
2018-05-21T09:52:54.739+0000: 877214.359: [GC 8723186K->1610731K(14557504K), 0.5070530 secs]
2018-05-21T09:53:14.351+0000: 877233.972: [GC 8715499K->1613025K(14562432K), 0.4977960 secs]
2018-05-21T09:53:35.907+0000: 877255.528: [GC 8717793K->1616445K(14564288K), 0.4806730 secs]
2018-05-21T09:53:53.950+0000: 877273.571: [GC 8724285K->1627803K(14563648K), 0.5104890 secs]
2018-05-21T09:54:14.335+0000: 877293.956: [GC 8735643K->1633766K(14566016K), 0.5061610 secs]
2018-05-21T09:54:36.048+0000: 877315.668: [GC 8744870K->1639197K(14565184K), 0.5124260 secs]
2018-05-21T09:54:55.323+0000: 877334.944: [GC 8750301K->1633964K(14564608K), 0.4146040 secs]
2018-05-21T09:55:15.106+0000: 877354.726: [GC 8745516K->1659845K(14563584K), 0.5277870 secs]
2018-05-21T09:55:34.114+0000: 877373.735: [GC 8771397K->1663590K(14561024K), 0.3668210 secs]
2018-05-21T09:55:52.122+0000: 877391.743: [GC 8768102K->1660457K(14562304K), 0.4406720 secs]
2018-05-21T09:56:11.545+0000: 877411.166: [GC 8764969K->1681418K(14557184K), 0.5295680 secs]
2018-05-21T09:56:32.107+0000: 877431.727: [GC 8781578K->1676508K(14560128K), 0.4829490 secs]
2018-05-21T09:56:50.824+0000: 877450.444: [GC 8776668K->1683854K(14561600K), 0.4762700 secs]
2018-05-21T09:57:14.930+0000: 877474.551: [GC 8786190K->1703372K(14556992K), 0.5079100 secs]
2018-05-21T09:57:35.029+0000: 877494.649: [GC 8805708K->1701961K(14560576K), 0.5056990 secs]
2018-05-21T09:57:55.311+0000: 877514.932: [GC 8801609K->1709779K(14559168K), 0.5044160 secs]
2018-05-21T09:58:14.680+0000: 877534.301: [GC 8809427K->1713781K(14562560K), 0.4873000 secs]
2018-05-21T09:58:33.540+0000: 877553.161: [GC 8817589K->1729835K(14558016K), 0.5644500 secs]
2018-05-21T09:58:51.926+0000: 877571.546: [GC 8833643K->1728884K(14561536K), 0.4932290 secs]
2018-05-21T09:59:12.384+0000: 877592.005: [GC 8830836K->1736770K(14560512K), 0.4916200 secs]
2018-05-21T09:59:33.354+0000: 877612.975: [GC 8838722K->1745326K(14563520K), 0.4943220 secs]
2018-05-21T09:59:51.741+0000: 877631.362: [GC 8851502K->1750820K(14562752K), 0.5040960 secs]
2018-05-21T10:00:11.114+0000: 877650.734: [GC 8856996K->1762607K(14564096K), 0.4707070 secs]
2018-05-21T10:00:32.985+0000: 877672.606: [GC 8870447K->1768461K(14563840K), 0.4649140 secs]
2018-05-21T10:00:50.427+0000: 877690.048: [GC 8876301K->1770689K(14564224K), 0.4663240 secs]
2018-05-21T10:01:10.341+0000: 877709.962: [GC 8879297K->1782274K(14564352K), 0.4877080 secs]
2018-05-21T10:01:28.567+0000: 877728.188: [GC 8890882K->1794245K(14563840K), 0.5278730 secs]
2018-05-21T10:01:47.819+0000: 877747.439: [GC 8903365K->1791718K(14548544K), 0.4580690 secs]
2018-05-21T10:02:07.198+0000: 877766.819: [GC 8900838K->1808298K(14562880K), 0.5099360 secs]
2018-05-21T10:02:25.657+0000: 877785.277: [GC 8915498K->1809559K(14563648K), 0.4402440 secs]
2018-05-21T10:02:45.732+0000: 877805.353: [GC 8916759K->1808773K(14563904K), 0.4742620 secs]
2018-05-21T10:03:07.862+0000: 877827.482: [GC 8916997K->1819800K(14564160K), 0.5077130 secs]
2018-05-21T10:03:29.749+0000: 877849.370: [GC 8928024K->1817547K(14564096K), 0.4680820 secs]
2018-05-21T10:03:50.509+0000: 877870.129: [GC 8926795K->1824654K(14545408K), 0.4715430 secs]
2018-05-21T10:04:18.351+0000: 877897.972: [GC 8933902K->1845805K(14560384K), 0.5035330 secs]
2018-05-21T10:04:36.173+0000: 877915.794: [GC 8950573K->1848159K(14562432K), 0.5364190 secs]
2018-05-21T10:04:55.752+0000: 877935.373: [GC 8952927K->1855527K(14563008K), 0.4985320 secs]
2018-05-21T10:05:14.446+0000: 877954.066: [GC 8961703K->1861956K(14554752K), 0.5078520 secs]
2018-05-21T10:05:31.766+0000: 877971.387: [GC 8968132K->1868467K(14562944K), 0.4824570 secs]
2018-05-21T10:05:51.851+0000: 877991.472: [GC 8974195K->1871120K(14562880K), 0.4891030 secs]
2018-05-21T10:06:12.771+0000: 878012.391: [GC 8976848K->1870941K(14563904K), 0.4642440 secs]
2018-05-21T10:06:31.060+0000: 878030.681: [GC 8978653K->1884131K(14563904K), 0.5138070 secs]
2018-05-21T10:06:50.572+0000: 878050.192: [GC 8991843K->1889679K(14565312K), 0.5138270 secs]
2018-05-21T10:07:11.343+0000: 878070.963: [GC 8999119K->1886338K(14564224K), 0.4616520 secs]
2018-05-21T10:07:30.954+0000: 878090.574: [GC 8995778K->1891237K(14564672K), 0.4620240 secs]
2018-05-21T10:07:52.605+0000: 878112.226: [GC 9000741K->1895098K(14564800K), 0.4626050 secs]
2018-05-21T10:08:13.008+0000: 878132.629: [GC 9004602K->1908000K(14566016K), 0.4926910 secs]
2018-05-21T10:08:33.394+0000: 878153.015: [GC 9018720K->1908273K(14564800K), 0.4866910 secs]
2018-05-21T10:08:52.950+0000: 878172.570: [GC 9018993K->1914169K(14566656K), 0.4823580 secs]
2018-05-21T10:09:14.691+0000: 878194.311: [GC 9026937K->1918631K(14566208K), 0.4556020 secs]
2018-05-21T10:09:36.379+0000: 878216.000: [GC 9031399K->1924524K(14567296K), 0.4350080 secs]
2018-05-21T10:09:53.521+0000: 878233.142: [GC 9038636K->1950389K(14566912K), 0.5620920 secs]
2018-05-21T10:10:13.088+0000: 878252.709: [GC 9064501K->1950142K(14554624K), 0.4581330 secs]
2018-05-21T10:10:38.302+0000: 878277.922: [GC 9051582K->1978903K(14560768K), 0.5623360 secs]
2018-05-21T10:10:57.225+0000: 878296.846: [GC 9080343K->1973709K(14544256K), 0.4962210 secs]
2018-05-21T10:11:17.193+0000: 878316.814: [GC 9058637K->1978691K(14552512K), 0.5050740 secs]
2018-05-21T10:11:35.298+0000: 878334.919: [GC 9063619K->1989548K(14555648K), 0.4995480 secs]
2018-05-21T10:11:55.155+0000: 878354.775: [GC 9079212K->1986369K(14554112K), 0.4685430 secs]
2018-05-21T10:12:14.545+0000: 878374.166: [GC 9076033K->1986552K(14555968K), 0.4329160 secs]
2018-05-21T10:12:35.141+0000: 878394.762: [GC 9078520K->2008517K(14542080K), 0.5227820 secs]
2018-05-21T10:12:54.446+0000: 878414.067: [GC 9100485K->2012190K(14557312K), 0.5193350 secs]
2018-05-21T10:13:15.214+0000: 878434.835: [GC 9105246K->2019083K(14555840K), 0.4908460 secs]
2018-05-21T10:13:34.990+0000: 878454.611: [GC 9112139K->2004380K(14554304K), 0.3794180 secs]
2018-05-21T10:13:57.426+0000: 878477.047: [GC 9097116K->2017599K(14556416K), 0.4231420 secs]
2018-05-21T10:14:22.719+0000: 878502.339: [GC 9110335K->2014421K(14553472K), 0.3606870 secs]
2018-05-21T10:14:44.182+0000: 878523.803: [GC 9104213K->2021814K(14510912K), 0.3747620 secs]
2018-05-21T10:15:06.816+0000: 878546.437: [GC 9111606K->2026711K(14554432K), 0.3499250 secs]
2018-05-21T10:15:31.596+0000: 878571.217: [GC 9115415K->2030202K(14554368K), 0.3365540 secs]
2018-05-21T10:15:54.407+0000: 878594.027: [GC 9118906K->2037384K(14555648K), 0.3754980 secs]
2018-05-21T10:16:17.105+0000: 878616.726: [GC 9127688K->2052341K(14554752K), 0.4335420 secs]
2018-05-21T10:16:37.450+0000: 878637.071: [GC 9142645K->2068798K(14558336K), 0.4866450 secs]
2018-05-21T10:16:58.142+0000: 878657.763: [GC 9165502K->2075696K(14539264K), 0.4813360 secs]
2018-05-21T10:17:20.797+0000: 878680.417: [GC 9172400K->2090834K(14551680K), 0.5139840 secs]
2018-05-21T10:17:41.585+0000: 878701.205: [GC 9180370K->2084584K(14554816K), 0.4594790 secs]
2018-05-21T10:18:02.088+0000: 878721.708: [GC 9174120K->2098709K(14554752K), 0.5059520 secs]
2018-05-21T10:18:21.895+0000: 878741.515: [GC 9190293K->2100514K(14555840K), 0.4804780 secs]
2018-05-21T10:18:42.062+0000: 878761.682: [GC 9192098K->2109459K(14556864K), 0.5059280 secs]
2018-05-21T10:19:09.569+0000: 878789.190: [GC 9203027K->2134604K(14555328K), 0.5878430 secs]
2018-05-21T10:20:13.775+0000: 878853.396: [GC 9228172K->2222793K(14471232K), 0.9327570 secs]
2018-05-21T10:21:05.180+0000: 878904.801: [GC 9229257K->2313855K(14513280K), 0.9946570 secs]
2018-05-21T10:22:02.299+0000: 878961.920: [GC 9320319K->2357638K(14397440K), 0.9649840 secs]
2018-05-21T10:22:57.509+0000: 879017.130: [GC 9248262K->2392216K(14419072K), 0.9301050 secs]
2018-05-21T10:23:42.818+0000: 879062.438: [GC 9282840K->2416755K(14416640K), 0.9780840 secs]
2018-05-21T10:24:37.115+0000: 879116.736: [GC 9256819K->2420289K(14370176K), 0.8526910 secs]
2018-05-21T10:25:31.751+0000: 879171.371: [GC 9260353K->2433865K(14412672K), 0.7462780 secs]
2018-05-21T10:26:02.059+0000: 879201.680: [GC 6434413K->2365242K(14418048K), 0.5474610 secs]
2018-05-21T10:26:02.607+0000: 879202.228: [Full GC 2365242K->1208093K(14418048K), 3.9519140 secs]
2018-05-21T10:27:02.490+0000: 879262.111: [GC 8024093K->1398048K(14413248K), 0.9259390 secs]
2018-05-21T10:27:51.390+0000: 879311.010: [GC 8213536K->1411401K(14345856K), 0.9873940 secs]
2018-05-21T10:28:43.395+0000: 879363.016: [GC 8226889K->1418697K(14412352K), 0.9193790 secs]
2018-05-21T10:29:48.110+0000: 879427.730: [GC 8225737K->1422552K(14413568K), 0.8304240 secs]
2018-05-21T10:30:42.369+0000: 879481.990: [GC 8229592K->1432067K(14417920K), 0.8524160 secs]
2018-05-21T10:31:42.556+0000: 879542.177: [GC 8244995K->1449806K(14415104K), 0.9595950 secs]
2018-05-21T10:32:33.886+0000: 879593.507: [GC 8262734K->1462794K(14418624K), 0.9444390 secs]
2018-05-21T10:33:26.531+0000: 879646.152: [GC 8279690K->1469843K(14418368K), 0.9517300 secs]
2018-05-21T10:34:19.065+0000: 879698.686: [GC 8286739K->1484502K(14422080K), 0.9637540 secs]
2018-05-21T10:35:07.398+0000: 879747.019: [GC 8307286K->1494735K(14420800K), 0.8474900 secs]
2018-05-21T10:35:59.282+0000: 879798.903: [GC 8317519K->1501643K(14427200K), 0.9102620 secs]
2018-05-21T10:36:54.203+0000: 879853.824: [GC 8333131K->1512065K(14424384K), 0.8256620 secs]
2018-05-21T10:37:54.956+0000: 879914.577: [GC 8343553K->1524269K(14432320K), 0.8927890 secs]
2018-05-21T10:38:46.514+0000: 879966.135: [GC 8366317K->1532846K(14429824K), 0.8971180 secs]
2018-05-21T10:39:40.168+0000: 880019.788: [GC 8374894K->1547512K(14436416K), 0.8579180 secs]
2018-05-21T10:40:39.197+0000: 880078.817: [GC 8398584K->1549639K(14434752K), 0.9188590 secs]
2018-05-21T10:41:36.764+0000: 880136.384: [GC 8400711K->1560755K(14443328K), 0.7816030 secs]
2018-05-21T10:42:33.470+0000: 880193.091: [GC 8424691K->1571626K(14440704K), 0.9597460 secs]
2018-05-21T10:43:29.669+0000: 880249.290: [GC 8435562K->1581776K(14447104K), 0.8251450 secs]
2018-05-21T10:44:28.879+0000: 880308.500: [GC 8453904K->1588438K(14445120K), 0.9489100 secs]
2018-05-21T10:45:26.083+0000: 880365.704: [GC 8460566K->1600497K(14451456K), 0.8153940 secs]
2018-05-21T10:46:22.552+0000: 880422.173: [GC 8481777K->1610703K(14449920K), 0.8855550 secs]
2018-05-21T10:47:19.701+0000: 880479.322: [GC 8491983K->1616655K(14457664K), 0.8235870 secs]
2018-05-21T10:48:15.243+0000: 880534.864: [GC 8508495K->1626624K(14454272K), 0.8915140 secs]
2018-05-21T10:49:04.524+0000: 880584.145: [GC 8518464K->1639716K(14462784K), 0.9741020 secs]
2018-05-21T10:49:37.297+0000: 880616.917: [GC 8543588K->1596454K(14380288K), 0.6212020 secs]
2018-05-21T10:49:58.042+0000: 880637.663: [GC 8500326K->1583000K(14442624K), 0.4939380 secs]
2018-05-21T10:50:33.646+0000: 880673.266: [GC 8462744K->1596683K(14341248K), 0.6067980 secs]
2018-05-21T10:52:20.628+0000: 880780.249: [GC 8476234K->1661487K(14450496K), 0.8505680 secs]
2018-05-21T10:53:17.648+0000: 880837.269: [GC 8538223K->1635761K(14446336K), 0.6525290 secs]
2018-05-21T10:53:36.949+0000: 880856.569: [GC 8512497K->1621871K(14444032K), 0.5252830 secs]
2018-05-21T10:53:58.246+0000: 880877.866: [GC 8496367K->1633315K(14328832K), 0.5222290 secs]
2018-05-21T10:54:21.180+0000: 880900.801: [GC 8507811K->1643770K(14447488K), 0.5389540 secs]
2018-05-21T10:54:44.385+0000: 880924.006: [GC 8517626K->1643315K(14446464K), 0.5463300 secs]
2018-05-21T10:55:07.102+0000: 880946.723: [GC 8517171K->1650778K(14450176K), 0.4943950 secs]
2018-05-21T10:55:27.296+0000: 880966.917: [GC 8528986K->1653563K(14448128K), 0.4803160 secs]
2018-05-21T10:55:48.771+0000: 880988.392: [GC 8531771K->1658810K(14455296K), 0.4880240 secs]
2018-05-21T10:56:13.418+0000: 881013.039: [GC 8546170K->1668804K(14452160K), 0.5142970 secs]
2018-05-21T10:56:34.293+0000: 881033.914: [GC 8556164K->1674190K(14464064K), 0.5374210 secs]
2018-05-21T10:56:56.234+0000: 881055.854: [GC 8577870K->1682375K(14459712K), 0.5311340 secs]
2018-05-21T10:57:16.289+0000: 881075.909: [GC 8586055K->1683986K(14473280K), 0.5181470 secs]
2018-05-21T10:57:40.039+0000: 881099.660: [GC 8606290K->1691668K(14469120K), 0.4890570 secs]
2018-05-21T10:58:00.642+0000: 881120.263: [GC 8613972K->1702846K(14482816K), 0.5263720 secs]
2018-05-21T10:58:21.907+0000: 881141.527: [GC 8643518K->1714502K(14477952K), 0.5599940 secs]
2018-05-21T10:58:44.369+0000: 881163.989: [GC 8655174K->1711121K(14492736K), 0.5191450 secs]
2018-05-21T10:59:07.588+0000: 881187.208: [GC 8672657K->1710877K(14488896K), 0.4774970 secs]
2018-05-21T10:59:27.653+0000: 881207.273: [GC 8672413K->1721438K(14498496K), 0.4685630 secs]
2018-05-21T10:59:50.480+0000: 881230.101: [GC 8694814K->1735607K(14494976K), 0.5110470 secs]
2018-05-21T11:00:23.601+0000: 881263.222: [GC 8708983K->1766524K(14502784K), 0.5914780 secs]
2018-05-21T11:00:59.730+0000: 881299.351: [GC 8752636K->1786286K(14471360K), 0.6113190 secs]
2018-05-21T11:01:55.240+0000: 881354.860: [GC 8772398K->1837170K(14455744K), 0.7870240 secs]
2018-05-21T11:02:32.364+0000: 881391.985: [GC 8771954K->1788358K(14477440K), 0.5755670 secs]
2018-05-21T11:03:32.345+0000: 881451.966: [GC 8723142K->1868508K(14449792K), 0.9406850 secs]
2018-05-21T11:04:23.134+0000: 881502.755: [GC 8781404K->1876229K(14436160K), 0.5427910 secs]
2018-05-21T11:04:57.189+0000: 881536.809: [GC 8789125K->1837578K(14463488K), 0.6042230 secs]
2018-05-21T11:06:04.034+0000: 881603.655: [GC 8737290K->1902422K(14425920K), 0.8419470 secs]
2018-05-21T11:06:42.639+0000: 881642.259: [GC 8802134K->1891816K(14453952K), 0.6640420 secs]
2018-05-21T11:07:25.317+0000: 881684.938: [GC 8779304K->1897422K(14453632K), 0.7965660 secs]
2018-05-21T11:08:15.972+0000: 881735.593: [GC 8784910K->1935676K(14440832K), 0.9379350 secs]
2018-05-21T11:09:01.563+0000: 881781.183: [GC 8813244K->1909902K(14448832K), 0.6067300 secs]
2018-05-21T11:09:41.967+0000: 881821.588: [GC 8787470K->1938465K(14456768K), 0.8657190 secs]
2018-05-21T11:10:36.865+0000: 881876.486: [GC 8830881K->1965057K(14417984K), 0.9327290 secs]
2018-05-21T11:11:39.252+0000: 881938.873: [GC 8857473K->1952355K(14456256K), 0.7491520 secs]
2018-05-21T11:12:35.504+0000: 881995.125: [GC 8840291K->1997905K(14419392K), 0.9710980 secs]
2018-05-21T11:13:38.293+0000: 882057.914: [GC 8885841K->2007309K(14443328K), 0.8047520 secs]
2018-05-21T11:14:34.092+0000: 882113.713: [GC 8880781K->2015323K(14399744K), 0.9373630 secs]
2018-05-21T11:15:14.336+0000: 882153.956: [GC 8888795K->1984701K(14448128K), 0.6503580 secs]
2018-05-21T11:16:12.305+0000: 882211.926: [GC 8857981K->2042019K(14445248K), 0.7234590 secs]
2018-05-21T11:17:24.869+0000: 882284.490: [GC 8915299K->2031963K(14452352K), 0.8244460 secs]
2018-05-21T11:19:03.666+0000: 882383.287: [GC 8910235K->2062991K(14446016K), 0.8784810 secs]
2018-05-21T11:20:09.727+0000: 882449.348: [GC 8941263K->2073040K(14452288K), 0.8114960 secs]
2018-05-21T11:21:10.994+0000: 882510.614: [GC 8956432K->2084898K(14451200K), 0.8955620 secs]
2018-05-21T11:22:22.731+0000: 882582.352: [GC 8968290K->2098403K(14454336K), 0.9046560 secs]
2018-05-21T11:23:32.764+0000: 882652.384: [GC 8986403K->2109586K(14453760K), 0.7932140 secs]
2018-05-21T11:24:39.429+0000: 882719.050: [GC 8997586K->2117493K(14457280K), 0.9498330 secs]
2018-05-21T11:25:35.003+0000: 882774.624: [GC 9010165K->2131364K(14455488K), 0.8535830 secs]
2018-05-21T11:26:06.569+0000: 882806.190: [GC 5823160K->2055402K(14442624K), 0.4894200 secs]
2018-05-21T11:26:07.059+0000: 882806.679: [Full GC 2055402K->1172009K(14442624K), 4.2689550 secs]
2018-05-21T11:27:05.632+0000: 882865.252: [GC 8052521K->1356796K(14405376K), 0.9301240 secs]
2018-05-21T11:28:01.331+0000: 882920.952: [GC 8237308K->1368126K(14450688K), 0.8815710 secs]
2018-05-21T11:29:12.082+0000: 882991.703: [GC 8248894K->1375503K(14450176K), 0.8970470 secs]
2018-05-21T11:30:08.584+0000: 883048.205: [GC 8256271K->1383595K(14453696K), 0.8403310 secs]
2018-05-21T11:31:17.714+0000: 883117.335: [GC 8268907K->1391418K(14451712K), 0.8797460 secs]
2018-05-21T11:31:46.123+0000: 883145.743: [GC 8276730K->1347637K(14448960K), 0.6021540 secs]
2018-05-21T11:32:11.100+0000: 883170.720: [GC 8232117K->1343783K(14337536K), 0.5387690 secs]
2018-05-21T11:32:31.378+0000: 883190.999: [GC 8228263K->1345451K(14442240K), 0.4874180 secs]
2018-05-21T11:32:52.125+0000: 883211.746: [GC 8216235K->1361391K(14445440K), 0.5468960 secs]
2018-05-21T11:33:14.553+0000: 883234.174: [GC 8232175K->1363693K(14446336K), 0.5039220 secs]
2018-05-21T11:33:34.553+0000: 883254.173: [GC 8235629K->1378888K(14445696K), 0.5936370 secs]
2018-05-21T11:33:55.879+0000: 883275.500: [GC 8250824K->1367443K(14450432K), 0.5092110 secs]
2018-05-21T11:34:16.840+0000: 883296.460: [GC 8247507K->1384808K(14449728K), 0.5165740 secs]
2018-05-21T11:34:40.646+0000: 883320.267: [GC 8264872K->1384476K(14457216K), 0.4656400 secs]
2018-05-21T11:35:03.533+0000: 883343.154: [GC 8275932K->1401970K(14454336K), 0.4987340 secs]
2018-05-21T11:35:25.533+0000: 883365.154: [GC 8293426K->1404080K(14467392K), 0.4757340 secs]
2018-05-21T11:35:45.187+0000: 883384.808: [GC 8314032K->1404873K(14462656K), 0.5082890 secs]
2018-05-21T11:36:09.108+0000: 883408.728: [GC 8314825K->1412050K(14475904K), 0.4918940 secs]
2018-05-21T11:36:31.492+0000: 883431.112: [GC 8339218K->1420840K(14471360K), 0.4724180 secs]
2018-05-21T11:36:52.587+0000: 883452.208: [GC 8348008K->1442174K(14488064K), 0.5844190 secs]
2018-05-21T11:37:10.704+0000: 883470.325: [GC 8390910K->1451476K(14480768K), 0.5980200 secs]
2018-05-21T11:37:31.802+0000: 883491.423: [GC 8400212K->1447630K(14498816K), 0.5169560 secs]
2018-05-21T11:37:53.798+0000: 883513.419: [GC 8421134K->1458204K(14494784K), 0.5484430 secs]
2018-05-21T11:38:16.359+0000: 883535.979: [GC 8431708K->1457923K(14506624K), 0.5272010 secs]
2018-05-21T11:38:40.204+0000: 883559.825: [GC 8447811K->1452573K(14503360K), 0.4525650 secs]
2018-05-21T11:39:02.665+0000: 883582.285: [GC 8442461K->1474964K(14512512K), 0.5433840 secs]
2018-05-21T11:39:21.545+0000: 883601.166: [GC 8475540K->1478813K(14508160K), 0.5158680 secs]
2018-05-21T11:39:42.195+0000: 883621.816: [GC 8479389K->1493415K(14520128K), 0.5757290 secs]
2018-05-21T11:40:05.697+0000: 883645.318: [GC 8509863K->1481722K(14516416K), 0.4405940 secs]
2018-05-21T11:40:27.884+0000: 883667.504: [GC 8498170K->1497333K(14525248K), 0.5167090 secs]
2018-05-21T11:40:51.619+0000: 883691.239: [GC 8524149K->1491458K(14521664K), 0.4870610 secs]
2018-05-21T11:41:14.742+0000: 883714.363: [GC 8518274K->1503831K(14529408K), 0.4885680 secs]
2018-05-21T11:41:31.542+0000: 883731.162: [GC 8539799K->1534243K(14526656K), 0.5060490 secs]
2018-05-21T11:41:50.761+0000: 883750.381: [GC 8570211K->1535693K(14527552K), 0.6062410 secs]
2018-05-21T11:42:09.423+0000: 883769.044: [GC 8570125K->1528896K(14526976K), 0.5378040 secs]
2018-05-21T11:42:33.044+0000: 883792.665: [GC 8563328K->1533494K(14532864K), 0.5225480 secs]
2018-05-21T11:42:53.063+0000: 883812.683: [GC 8576630K->1542683K(14530368K), 0.5382110 secs]
2018-05-21T11:43:12.704+0000: 883832.324: [GC 8585819K->1559293K(14535872K), 0.6221580 secs]
2018-05-21T11:43:32.085+0000: 883851.705: [GC 8610493K->1546927K(14535424K), 0.5151820 secs]
2018-05-21T11:43:54.096+0000: 883873.716: [GC 8598127K->1558266K(14538816K), 0.5238760 secs]
2018-05-21T11:44:15.775+0000: 883895.395: [GC 8613690K->1567548K(14536704K), 0.5587070 secs]
2018-05-21T11:44:36.429+0000: 883916.050: [GC 8622972K->1580577K(14541696K), 0.6102240 secs]
2018-05-21T11:44:58.871+0000: 883938.491: [GC 8643617K->1569930K(14541440K), 0.4699170 secs]
2018-05-21T11:45:18.357+0000: 883957.978: [GC 8632970K->1576540K(14543040K), 0.4956910 secs]
2018-05-21T11:45:39.321+0000: 883978.942: [GC 8641564K->1593241K(14542080K), 0.5371300 secs]
2018-05-21T11:46:03.285+0000: 884002.905: [GC 8658265K->1597567K(14544960K), 0.5406200 secs]
2018-05-21T11:46:25.107+0000: 884024.728: [GC 8666239K->1598752K(14543808K), 0.5457300 secs]
2018-05-21T11:46:46.795+0000: 884046.415: [GC 8667413K->1603609K(14547840K), 0.5382260 secs]
2018-05-21T11:47:07.815+0000: 884067.436: [GC 8678041K->1625191K(14539840K), 0.5718080 secs]
2018-05-21T11:47:25.802+0000: 884085.423: [GC 8699623K->1622428K(14546880K), 0.5472480 secs]
2018-05-21T11:47:46.881+0000: 884106.502: [GC 8694364K->1628267K(14545152K), 0.5372930 secs]
2018-05-21T11:48:06.916+0000: 884126.536: [GC 8700203K->1624514K(14547776K), 0.4771980 secs]
2018-05-21T11:48:29.817+0000: 884149.438: [GC 8700738K->1646104K(14548160K), 0.5319120 secs]
2018-05-21T11:48:50.938+0000: 884170.558: [GC 8722328K->1659206K(14546944K), 0.5805850 secs]
2018-05-21T11:49:11.994+0000: 884191.615: [GC 8734790K->1666468K(14547840K), 0.5780790 secs]
2018-05-21T11:49:31.646+0000: 884211.266: [GC 8742052K->1659145K(14548160K), 0.5017630 secs]
2018-05-21T11:49:53.677+0000: 884233.298: [GC 8735177K->1675592K(14547968K), 0.5264380 secs]
2018-05-21T11:50:14.930+0000: 884254.551: [GC 8751624K->1683270K(14551488K), 0.4888690 secs]
2018-05-21T11:50:37.917+0000: 884277.538: [GC 8764614K->1679634K(14549952K), 0.4835480 secs]
2018-05-21T11:51:00.040+0000: 884299.661: [GC 8760978K->1707909K(14544768K), 0.6082910 secs]
2018-05-21T11:51:20.419+0000: 884320.039: [GC 8784133K->1693242K(14518464K), 0.5014630 secs]
2018-05-21T11:51:41.368+0000: 884340.988: [GC 8769466K->1706563K(14549504K), 0.4986260 secs]
2018-05-21T11:52:02.978+0000: 884362.599: [GC 8784067K->1719555K(14548096K), 0.5548660 secs]
2018-05-21T11:52:25.517+0000: 884385.138: [GC 8797059K->1733083K(14545152K), 0.5762410 secs]
2018-05-21T11:52:46.665+0000: 884406.285: [GC 8807771K->1730078K(14547392K), 0.5708500 secs]
2018-05-21T11:53:07.759+0000: 884427.380: [GC 8804766K->1733857K(14549632K), 0.4876040 secs]
2018-05-21T11:53:29.037+0000: 884448.657: [GC 8812001K->1746581K(14548608K), 0.5384290 secs]
2018-05-21T11:53:51.712+0000: 884471.333: [GC 8824725K->1752438K(14552576K), 0.5467960 secs]
2018-05-21T11:54:15.427+0000: 884495.048: [GC 8836278K->1751943K(14551360K), 0.5017200 secs]
2018-05-21T11:54:36.830+0000: 884516.451: [GC 8835783K->1773041K(14550592K), 0.5374730 secs]
2018-05-21T11:54:58.605+0000: 884538.226: [GC 8856177K->1775938K(14551616K), 0.5337690 secs]
2018-05-21T11:55:19.023+0000: 884558.644: [GC 8859074K->1774368K(14553088K), 0.4972270 secs]
2018-05-21T11:55:39.153+0000: 884578.774: [GC 8860256K->1787022K(14552896K), 0.4708720 secs]
2018-05-21T11:56:02.600+0000: 884602.221: [GC 8872910K->1791241K(14555648K), 0.4821990 secs]
2018-05-21T11:56:23.982+0000: 884623.602: [GC 8881353K->1796873K(14554560K), 0.5359520 secs]
2018-05-21T11:56:45.293+0000: 884644.914: [GC 8886985K->1809117K(14555840K), 0.5516890 secs]
2018-05-21T11:57:14.212+0000: 884673.833: [GC 8901085K->1810470K(14556032K), 0.5046620 secs]
2018-05-21T11:57:36.838+0000: 884696.458: [GC 8902438K->1817716K(14557952K), 0.5066180 secs]
2018-05-21T11:57:57.820+0000: 884717.441: [GC 8912820K->1836378K(14557248K), 0.5957330 secs]
2018-05-21T11:58:20.963+0000: 884740.584: [GC 8931482K->1834303K(14550336K), 0.5580040 secs]
2018-05-21T11:58:40.996+0000: 884760.617: [GC 8921791K->1830045K(14531584K), 0.4792040 secs]
2018-05-21T11:59:02.487+0000: 884782.108: [GC 8917533K->1838807K(14554176K), 0.5205610 secs]
2018-05-21T11:59:25.065+0000: 884804.686: [GC 8926487K->1852723K(14553600K), 0.5342150 secs]
2018-05-21T11:59:46.357+0000: 884825.977: [GC 8940403K->1850026K(14554560K), 0.5032900 secs]
2018-05-21T12:00:08.161+0000: 884847.782: [GC 8938410K->1863769K(14553920K), 0.5485510 secs]
2018-05-21T12:00:29.697+0000: 884869.318: [GC 8952153K->1864169K(14555584K), 0.4697980 secs]
2018-05-21T12:00:51.563+0000: 884891.183: [GC 8954217K->1870372K(14554560K), 0.4883280 secs]
2018-05-21T12:01:11.427+0000: 884911.047: [GC 8960420K->1881539K(14556544K), 0.5661460 secs]
2018-05-21T12:01:33.182+0000: 884932.803: [GC 8974531K->1880570K(14556544K), 0.5376330 secs]
2018-05-21T12:01:54.366+0000: 884953.987: [GC 8973562K->1895291K(14554752K), 0.5787130 secs]
2018-05-21T12:02:14.286+0000: 884973.907: [GC 8987003K->1888914K(14536128K), 0.5269130 secs]
2018-05-21T12:02:36.454+0000: 884996.074: [GC 8980626K->1896420K(14556160K), 0.4922260 secs]
2018-05-21T12:02:57.998+0000: 885017.619: [GC 8988260K->1909307K(14555776K), 0.5149420 secs]
2018-05-21T12:03:22.727+0000: 885042.347: [GC 9001147K->1916775K(14555840K), 0.5222770 secs]
2018-05-21T12:03:43.659+0000: 885063.280: [GC 9008743K->1932060K(14552384K), 0.5985990 secs]
2018-05-21T12:04:05.355+0000: 885084.976: [GC 9024028K->1936696K(14554304K), 0.5735680 secs]
2018-05-21T12:04:24.890+0000: 885104.511: [GC 9024952K->1935281K(14554048K), 0.4648510 secs]
2018-05-21T12:04:47.402+0000: 885127.022: [GC 9023537K->1952552K(14555584K), 0.5057410 secs]
2018-05-21T12:05:09.855+0000: 885149.476: [GC 9042728K->1955656K(14554688K), 0.4528620 secs]
2018-05-21T12:05:31.076+0000: 885170.697: [GC 9045832K->1969702K(14555136K), 0.5292750 secs]
2018-05-21T12:05:53.895+0000: 885193.515: [GC 9060774K->1964787K(14555584K), 0.5102850 secs]
2018-05-21T12:06:14.539+0000: 885214.159: [GC 9055859K->1970304K(14555904K), 0.5333980 secs]
2018-05-21T12:06:34.990+0000: 885234.610: [GC 9061888K->1977801K(14555776K), 0.4898270 secs]
2018-05-21T12:07:00.509+0000: 885260.130: [GC 9069385K->1990599K(14556800K), 0.5313180 secs]
2018-05-21T12:07:23.460+0000: 885283.080: [GC 9083847K->1992132K(14556544K), 0.5049200 secs]
2018-05-21T12:07:45.062+0000: 885304.683: [GC 9085380K->2007268K(14555648K), 0.5686700 secs]
2018-05-21T12:08:06.096+0000: 885325.716: [GC 9100004K->2018740K(14552256K), 0.5924030 secs]
2018-05-21T12:08:25.548+0000: 885345.169: [GC 9111476K->2017689K(14555520K), 0.5106580 secs]
2018-05-21T12:08:46.364+0000: 885365.985: [GC 9107609K->2033238K(14554496K), 0.5298470 secs]
2018-05-21T12:09:08.217+0000: 885387.838: [GC 9123158K->2040113K(14553856K), 0.5603880 secs]
2018-05-21T12:09:30.438+0000: 885410.058: [GC 9128625K->2041872K(14554304K), 0.5110910 secs]
2018-05-21T12:09:49.539+0000: 885429.160: [GC 9130384K->2050510K(14556480K), 0.4983400 secs]
2018-05-21T12:10:09.829+0000: 885449.450: [GC 9142350K->2067714K(14555456K), 0.5286910 secs]
2018-05-21T12:10:30.545+0000: 885470.165: [GC 9159554K->2076071K(14536640K), 0.5941960 secs]
2018-05-21T12:10:54.086+0000: 885493.707: [GC 9148071K->2066952K(14546048K), 0.5143880 secs]
2018-05-21T12:11:14.208+0000: 885513.829: [GC 9138952K->2081774K(14547840K), 0.5607600 secs]
2018-05-21T12:11:35.153+0000: 885534.774: [GC 9156142K->2086132K(14546624K), 0.5380170 secs]
2018-05-21T12:11:56.834+0000: 885556.455: [GC 9160500K->2094372K(14550720K), 0.5550790 secs]
2018-05-21T12:12:15.857+0000: 885575.478: [GC 9174372K->2096771K(14549376K), 0.5337690 secs]
2018-05-21T12:12:37.099+0000: 885596.720: [GC 9176771K->2106199K(14552832K), 0.5633080 secs]
2018-05-21T12:12:59.968+0000: 885619.589: [GC 9190423K->2103004K(14551488K), 0.5148860 secs]
2018-05-21T12:13:21.329+0000: 885640.949: [GC 9187228K->2120964K(14552384K), 0.5678960 secs]
2018-05-21T12:13:42.756+0000: 885662.376: [GC 9205572K->2127661K(14552320K), 0.5648730 secs]
2018-05-21T12:14:05.984+0000: 885685.605: [GC 9212269K->2121024K(14551232K), 0.4906620 secs]
2018-05-21T12:14:29.362+0000: 885708.982: [GC 9205440K->2130146K(14552256K), 0.5043090 secs]
2018-05-21T12:14:49.086+0000: 885728.707: [GC 9214562K->2138842K(14552320K), 0.4941800 secs]
2018-05-21T12:15:16.417+0000: 885756.038: [GC 9223386K->2136495K(14520256K), 0.4475270 secs]
2018-05-21T12:15:38.706+0000: 885778.327: [GC 9221039K->2150881K(14551680K), 0.4723800 secs]
2018-05-21T12:16:02.821+0000: 885802.442: [GC 9233697K->2152842K(14551232K), 0.4511120 secs]
2018-05-21T12:16:23.504+0000: 885823.125: [GC 9235658K->2172112K(14553024K), 0.5309400 secs]
2018-05-21T12:16:45.738+0000: 885845.359: [GC 9256528K->2168676K(14551488K), 0.4765630 secs]
2018-05-21T12:17:13.444+0000: 885873.065: [GC 9253092K->2171258K(14553664K), 0.4702170 secs]
2018-05-21T12:17:32.252+0000: 885891.873: [GC 9258298K->2188605K(14553472K), 0.5171370 secs]
2018-05-21T12:17:53.617+0000: 885913.238: [GC 9275645K->2197902K(14553088K), 0.5580070 secs]
2018-05-21T12:18:15.117+0000: 885934.738: [GC 9285518K->2209097K(14546880K), 0.5781570 secs]
2018-05-21T12:18:37.636+0000: 885957.257: [GC 9296713K->2201453K(14552832K), 0.5112880 secs]
2018-05-21T12:18:56.783+0000: 885976.403: [GC 9285485K->2208864K(14551296K), 0.5281180 secs]
2018-05-21T12:19:18.819+0000: 885998.440: [GC 9292896K->2225955K(14551168K), 0.5601170 secs]
2018-05-21T12:19:39.483+0000: 886019.104: [GC 9311523K->2223187K(14552832K), 0.4979660 secs]
2018-05-21T12:20:01.157+0000: 886040.778: [GC 9308755K->2236825K(14554368K), 0.4917370 secs]
2018-05-21T12:20:22.455+0000: 886062.075: [GC 9325145K->2244538K(14554048K), 0.5420330 secs]
2018-05-21T12:20:44.752+0000: 886084.373: [GC 9332858K->2237821K(14554560K), 0.4684920 secs]
2018-05-21T12:21:05.093+0000: 886104.714: [GC 9326461K->2248481K(14554176K), 0.5036660 secs]
2018-05-21T12:21:26.825+0000: 886126.446: [GC 9337121K->2258954K(14556032K), 0.6481770 secs]
2018-05-21T12:21:52.052+0000: 886151.673: [GC 9350410K->2263998K(14555520K), 0.5025480 secs]
2018-05-21T12:22:11.564+0000: 886171.184: [GC 9355454K->2267682K(14557568K), 0.5253920 secs]
2018-05-21T12:22:34.627+0000: 886194.247: [GC 9361570K->2271343K(14556416K), 0.4979820 secs]
2018-05-21T12:22:55.246+0000: 886214.867: [GC 9365231K->2289516K(14555072K), 0.5619980 secs]
2018-05-21T12:23:17.140+0000: 886236.760: [GC 9382636K->2283972K(14556608K), 0.4893420 secs]
2018-05-21T12:23:37.554+0000: 886257.175: [GC 9377092K->2291134K(14557824K), 0.4832690 secs]
2018-05-21T12:23:59.841+0000: 886279.461: [GC 9385918K->2298271K(14557056K), 0.4872670 secs]
2018-05-21T12:24:22.455+0000: 886302.076: [GC 9393055K->2306088K(14559872K), 0.5191990 secs]
2018-05-21T12:24:45.655+0000: 886325.275: [GC 9404712K->2312092K(14558848K), 0.4883330 secs]
2018-05-21T12:25:07.309+0000: 886346.930: [GC 9410716K->2326986K(14557376K), 0.4863650 secs]
2018-05-21T12:25:29.733+0000: 886369.354: [GC 9425098K->2328288K(14559104K), 0.2929950 secs]
2018-05-21T12:25:52.754+0000: 886392.375: [GC 9426400K->2335008K(14560768K), 0.5140870 secs]
2018-05-21T12:26:11.338+0000: 886410.959: [GC 9359920K->2345888K(14559808K), 0.5151860 secs]
2018-05-21T12:26:11.853+0000: 886411.474: [Full GC 2345888K->1348305K(14559808K), 4.2680870 secs]
2018-05-21T12:26:36.832+0000: 886436.452: [GC 8448785K->1462914K(14558464K), 0.5264910 secs]
2018-05-21T12:26:58.739+0000: 886458.360: [GC 8561794K->1470965K(14559488K), 0.4949220 secs]
2018-05-21T12:27:19.653+0000: 886479.274: [GC 8569845K->1491843K(14548288K), 0.5770180 secs]
2018-05-21T12:27:40.828+0000: 886500.449: [GC 8580227K->1495996K(14545472K), 0.5694720 secs]
2018-05-21T12:28:01.035+0000: 886520.656: [GC 8584380K->1494695K(14554816K), 0.5199750 secs]
2018-05-21T12:28:22.018+0000: 886541.639: [GC 8582951K->1501113K(14553536K), 0.5042340 secs]
2018-05-21T12:28:45.545+0000: 886565.165: [GC 8589369K->1490289K(14553472K), 0.4318070 secs]
2018-05-21T12:29:08.030+0000: 886587.651: [GC 8579697K->1513539K(14544128K), 0.5091370 secs]
2018-05-21T12:29:29.497+0000: 886609.118: [GC 8602947K->1520459K(14553408K), 0.5865320 secs]
2018-05-21T12:29:51.575+0000: 886631.196: [GC 8608331K->1517726K(14553984K), 0.5324560 secs]
2018-05-21T12:30:15.048+0000: 886654.668: [GC 8605598K->1509145K(14552576K), 0.4030190 secs]
2018-05-21T12:30:32.760+0000: 886672.381: [GC 8596633K->1528875K(14553792K), 0.5043080 secs]
2018-05-21T12:30:53.620+0000: 886693.241: [GC 8616363K->1528976K(14555584K), 0.4451470 secs]
2018-05-21T12:31:13.731+0000: 886713.351: [GC 8619664K->1538823K(14555200K), 0.5267890 secs]
2018-05-21T12:31:34.108+0000: 886733.729: [GC 8629511K->1530404K(14554112K), 0.4181140 secs]
2018-05-21T12:31:57.997+0000: 886757.618: [GC 8621220K->1546377K(14555456K), 0.4847810 secs]
2018-05-21T12:32:17.392+0000: 886777.013: [GC 8637193K->1551744K(14556544K), 0.4630680 secs]
2018-05-21T12:32:37.416+0000: 886797.036: [GC 8644288K->1562580K(14556096K), 0.5123040 secs]
2018-05-21T12:32:58.313+0000: 886817.933: [GC 8655124K->1562970K(14558592K), 0.4696060 secs]
2018-05-21T12:33:22.299+0000: 886841.920: [GC 8659482K->1567462K(14558016K), 0.4586120 secs]
2018-05-21T12:33:44.342+0000: 886863.963: [GC 8663974K->1571934K(14559168K), 0.4379530 secs]
2018-05-21T12:34:04.467+0000: 886884.088: [GC 8669918K->1588125K(14558912K), 0.4936020 secs]
2018-05-21T12:34:25.698+0000: 886905.318: [GC 8686109K->1585698K(14560576K), 0.4435210 secs]
2018-05-21T12:34:45.813+0000: 886925.434: [GC 8686050K->1602983K(14559872K), 0.5103210 secs]
2018-05-21T12:35:06.147+0000: 886945.767: [GC 8703335K->1606711K(14560640K), 0.4583190 secs]
2018-05-21T12:35:28.034+0000: 886967.655: [GC 8707511K->1605980K(14560256K), 0.4460180 secs]
2018-05-21T12:35:45.900+0000: 886985.521: [GC 8706780K->1619405K(14561792K), 0.4582210 secs]
2018-05-21T12:36:07.153+0000: 887006.774: [GC 8722829K->1620152K(14561728K), 0.4861290 secs]
2018-05-21T12:36:27.411+0000: 887027.032: [GC 8723576K->1628234K(14563648K), 0.4850150 secs]
2018-05-21T12:36:47.651+0000: 887047.272: [GC 8734986K->1625444K(14563200K), 0.4632570 secs]
2018-05-21T12:37:08.515+0000: 887068.136: [GC 8732196K->1636135K(14564160K), 0.4503840 secs]
2018-05-21T12:37:26.699+0000: 887086.320: [GC 8743655K->1650542K(14555648K), 0.5105940 secs]
2018-05-21T12:37:46.768+0000: 887106.389: [GC 8758062K->1655506K(14562624K), 0.5007090 secs]
2018-05-21T12:38:07.078+0000: 887126.698: [GC 8761426K->1660671K(14563008K), 0.4783400 secs]
2018-05-21T12:38:25.266+0000: 887144.887: [GC 8766591K->1669397K(14564096K), 0.5008660 secs]
2018-05-21T12:38:45.418+0000: 887165.039: [GC 8777429K->1676833K(14556672K), 0.5107150 secs]
2018-05-21T12:39:07.197+0000: 887186.818: [GC 8784865K->1683352K(14563584K), 0.5128650 secs]
2018-05-21T12:39:28.395+0000: 887208.015: [GC 8790360K->1684461K(14563520K), 0.5003130 secs]
2018-05-21T12:39:47.263+0000: 887226.883: [GC 8791469K->1690954K(14565248K), 0.5124720 secs]
2018-05-21T12:40:07.571+0000: 887247.192: [GC 8800522K->1697794K(14564416K), 0.4356580 secs]
2018-05-21T12:40:28.066+0000: 887267.687: [GC 8807362K->1706497K(14566144K), 0.4676880 secs]
2018-05-21T12:40:45.517+0000: 887285.138: [GC 8818817K->1719711K(14566208K), 0.5281230 secs]
2018-05-21T12:41:05.920+0000: 887305.541: [GC 8832031K->1726805K(14555840K), 0.5345850 secs]
2018-05-21T12:41:25.004+0000: 887324.624: [GC 8828757K->1730224K(14561024K), 0.5045500 secs]
2018-05-21T12:41:46.200+0000: 887345.821: [GC 8832176K->1733300K(14562496K), 0.4719690 secs]
2018-05-21T12:42:16.205+0000: 887375.826: [GC 8837940K->1750903K(14558016K), 0.5522470 secs]
2018-05-21T12:42:39.197+0000: 887398.818: [GC 8855543K->1743085K(14560960K), 0.4786000 secs]
2018-05-21T12:43:03.790+0000: 887423.411: [GC 8844899K->1760413K(14553664K), 0.5539530 secs]
2018-05-21T12:43:26.069+0000: 887445.690: [GC 8862237K->1752222K(14559360K), 0.5261700 secs]
2018-05-21T12:43:45.339+0000: 887464.960: [GC 8851614K->1763752K(14559744K), 0.4753050 secs]
2018-05-21T12:44:05.507+0000: 887485.128: [GC 8863144K->1777075K(14560448K), 0.4928970 secs]
2018-05-21T12:44:31.598+0000: 887511.219: [GC 8878131K->1798300K(14560576K), 0.6008400 secs]
2018-05-21T12:45:39.414+0000: 887579.034: [GC 8899356K->1880165K(14479680K), 0.9565480 secs]
2018-05-21T12:46:47.761+0000: 887647.382: [GC 8900325K->1968518K(14520128K), 1.0076050 secs]
2018-05-21T12:48:16.653+0000: 887736.274: [GC 8988678K->2011567K(14417728K), 0.9510260 secs]
2018-05-21T12:49:47.440+0000: 887827.061: [GC 8929327K->2047151K(14439872K), 0.9299550 secs]
2018-05-21T12:51:44.760+0000: 887944.381: [GC 8964911K->2055619K(14446976K), 0.7914300 secs]
2018-05-21T12:52:52.544+0000: 888012.165: [GC 8941379K->2081990K(14411776K), 0.9408800 secs]
2018-05-21T12:53:57.752+0000: 888077.373: [GC 8967750K->2087749K(14436160K), 0.9171430 secs]
2018-05-21T12:55:05.182+0000: 888144.803: [GC 8949189K->2100251K(14388480K), 0.8317050 secs]
2018-05-21T12:56:01.674+0000: 888201.295: [GC 8961691K->2117497K(14426368K), 0.9392980 secs]
2018-05-21T12:57:07.741+0000: 888267.362: [GC 8959993K->2120512K(14367616K), 0.9142820 secs]
2018-05-21T12:58:07.565+0000: 888327.186: [GC 8963008K->2134464K(14427904K), 0.9183610 secs]
2018-05-21T12:59:01.271+0000: 888380.891: [GC 8972608K->2144455K(14366912K), 0.9591920 secs]
2018-05-21T13:00:00.391+0000: 888440.012: [GC 8982599K->2154966K(14428608K), 0.7879850 secs]
2018-05-21T13:00:25.602+0000: 888465.223: [GC 8992022K->2083927K(14288192K), 0.5142680 secs]
2018-05-21T13:00:52.079+0000: 888491.700: [GC 8920983K->2087893K(14426816K), 0.5330010 secs]
2018-05-21T13:01:17.162+0000: 888516.783: [GC 8921813K->2094709K(14427008K), 0.5096430 secs]
2018-05-21T13:01:42.557+0000: 888542.178: [GC 8928629K->2106233K(14431168K), 0.5111020 secs]
2018-05-21T13:02:04.652+0000: 888564.273: [GC 8945529K->2117163K(14428224K), 0.5362060 secs]
2018-05-21T13:02:28.264+0000: 888587.885: [GC 8956459K->2134583K(14442176K), 0.5921700 secs]
2018-05-21T13:02:50.249+0000: 888609.869: [GC 8992183K->2128415K(14435520K), 0.5225750 secs]
2018-05-21T13:03:14.726+0000: 888634.347: [GC 8986015K->2148786K(14453312K), 0.6351340 secs]
2018-05-21T13:03:36.581+0000: 888656.201: [GC 9028338K->2148604K(14446336K), 0.5621520 secs]
2018-05-21T13:03:58.536+0000: 888678.157: [GC 9028156K->2158342K(14465152K), 0.6035890 secs]
2018-05-21T13:04:21.686+0000: 888701.307: [GC 9062534K->2158753K(14459136K), 0.5892050 secs]
2018-05-21T13:04:43.560+0000: 888723.181: [GC 9062945K->2165109K(14475008K), 0.5959160 secs]
2018-05-21T13:05:04.275+0000: 888743.895: [GC 9090037K->2153580K(14470016K), 0.4155570 secs]
2018-05-21T13:05:23.700+0000: 888763.320: [GC 9078508K->2170822K(14480832K), 0.4249270 secs]
2018-05-21T13:05:43.415+0000: 888783.035: [GC 9108102K->2174478K(14476544K), 0.5127670 secs]
2018-05-21T13:06:03.799+0000: 888803.419: [GC 9111758K->2162697K(14486144K), 0.4418250 secs]
2018-05-21T13:06:23.145+0000: 888822.765: [GC 9113673K->2183955K(14484928K), 0.5034970 secs]
2018-05-21T13:06:45.104+0000: 888844.725: [GC 9134931K->2183041K(14494400K), 0.4737710 secs]
2018-05-21T13:07:05.196+0000: 888864.817: [GC 9148289K->2187405K(14490944K), 0.4725100 secs]
2018-05-21T13:07:23.339+0000: 888882.960: [GC 9152653K->2198756K(14502400K), 0.4898670 secs]
2018-05-21T13:07:44.767+0000: 888904.387: [GC 9178788K->2196966K(14497728K), 0.4586560 secs]
2018-05-21T13:08:05.522+0000: 888925.143: [GC 9176998K->2209244K(14510464K), 0.4950620 secs]
2018-05-21T13:08:24.904+0000: 888944.525: [GC 9205404K->2208164K(14505792K), 0.4793910 secs]
2018-05-21T13:08:44.405+0000: 888964.026: [GC 9204324K->2220028K(14518656K), 0.5021090 secs]
2018-05-21T13:09:04.985+0000: 888984.606: [GC 9232380K->2226557K(14513792K), 0.5017290 secs]
2018-05-21T13:09:25.379+0000: 889005.000: [GC 9238909K->2227911K(14526592K), 0.4765940 secs]
2018-05-21T13:09:44.608+0000: 889024.228: [GC 9257671K->2232424K(14523264K), 0.4797990 secs]
2018-05-21T13:10:05.981+0000: 889045.602: [GC 9262184K->2239949K(14533312K), 0.4661050 secs]
2018-05-21T13:10:26.122+0000: 889065.743: [GC 9282957K->2243999K(14529792K), 0.4622680 secs]
2018-05-21T13:10:46.624+0000: 889086.245: [GC 9287007K->2245071K(14538368K), 0.4588280 secs]
2018-05-21T13:11:08.049+0000: 889107.669: [GC 9299471K->2257832K(14536128K), 0.4769970 secs]
2018-05-21T13:11:27.790+0000: 889127.411: [GC 9312232K->2266787K(14544384K), 0.4898210 secs]
2018-05-21T13:11:56.315+0000: 889155.935: [GC 9332963K->2285721K(14541888K), 0.5805810 secs]
2018-05-21T13:12:24.860+0000: 889184.480: [GC 9351897K->2273462K(14544448K), 0.4902240 secs]
2018-05-21T13:12:43.595+0000: 889203.216: [GC 9340150K->2277137K(14542336K), 0.4696530 secs]
2018-05-21T13:13:01.702+0000: 889221.323: [GC 9343825K->2279069K(14546688K), 0.4257220 secs]
2018-05-21T13:13:26.119+0000: 889245.739: [GC 9351517K->2313897K(14534848K), 0.5776380 secs]
2018-05-21T13:13:51.315+0000: 889270.936: [GC 9386345K->2315874K(14540480K), 0.5379220 secs]
2018-05-21T13:14:14.996+0000: 889294.616: [GC 9379298K->2334942K(14531328K), 0.6226010 secs]
2018-05-21T13:14:38.858+0000: 889318.478: [GC 9398366K->2330900K(14537728K), 0.5686120 secs]
2018-05-21T13:15:04.224+0000: 889343.844: [GC 9385876K->2328090K(14537344K), 0.4698850 secs]
2018-05-21T13:15:29.182+0000: 889368.803: [GC 9383066K->2339260K(14542272K), 0.3242350 secs]
2018-05-21T13:15:55.675+0000: 889395.295: [GC 9401980K->2342912K(14540544K), 0.5296110 secs]
2018-05-21T13:16:20.177+0000: 889419.797: [GC 9405632K->2355118K(14542656K), 0.5657180 secs]
2018-05-21T13:16:45.553+0000: 889445.174: [GC 9421870K->2360139K(14543424K), 0.5710490 secs]
2018-05-21T13:17:10.759+0000: 889470.379: [GC 9426891K->2370211K(14542080K), 0.5968250 secs]
2018-05-21T13:17:35.222+0000: 889494.843: [GC 9436195K->2376479K(14527680K), 0.5868560 secs]
2018-05-21T13:17:59.689+0000: 889519.309: [GC 9442463K->2376404K(14543872K), 0.5391500 secs]
2018-05-21T13:18:24.599+0000: 889544.220: [GC 9442452K->2381831K(14542272K), 0.5424320 secs]
2018-05-21T13:18:49.700+0000: 889569.321: [GC 9447879K->2390916K(14547392K), 0.5356950 secs]
2018-05-21T13:19:14.544+0000: 889594.164: [GC 9464260K->2418948K(14546048K), 0.6648950 secs]
2018-05-21T13:19:35.718+0000: 889615.339: [GC 9492292K->2414163K(14534784K), 0.5486760 secs]
2018-05-21T13:19:59.678+0000: 889639.299: [GC 9474899K->2419135K(14540416K), 0.5086960 secs]
2018-05-21T13:20:24.455+0000: 889664.076: [GC 9479871K->2432983K(14541568K), 0.5453940 secs]
2018-05-21T13:20:48.395+0000: 889688.016: [GC 9496663K->2439683K(14541888K), 0.5601810 secs]
2018-05-21T13:21:13.137+0000: 889712.757: [GC 9503363K->2439884K(14543744K), 0.5473980 secs]
2018-05-21T13:21:35.370+0000: 889734.990: [GC 9505996K->2459009K(14533696K), 0.6158890 secs]
2018-05-21T13:21:59.985+0000: 889759.606: [GC 9525121K->2447066K(14542144K), 0.5190060 secs]
2018-05-21T13:22:24.048+0000: 889783.669: [GC 9511130K->2460539K(14542016K), 0.5661550 secs]
2018-05-21T13:22:47.791+0000: 889807.412: [GC 9524603K->2465378K(14545600K), 0.5569630 secs]
2018-05-21T13:23:15.523+0000: 889835.144: [GC 9534882K->2459580K(14544000K), 0.4632630 secs]
2018-05-21T13:23:40.770+0000: 889860.391: [GC 9529084K->2488140K(14540672K), 0.5957800 secs]
2018-05-21T13:23:59.834+0000: 889879.454: [GC 9553996K->2500927K(14539456K), 0.6277270 secs]
2018-05-21T13:24:20.829+0000: 889900.450: [GC 9566783K->2497008K(14540032K), 0.5981830 secs]
2018-05-21T13:24:42.968+0000: 889922.588: [GC 9556400K->2494607K(14539456K), 0.5266620 secs]
2018-05-21T13:25:07.183+0000: 889946.803: [GC 9553999K->2498609K(14542016K), 0.4804280 secs]
2018-05-21T13:25:32.398+0000: 889972.018: [GC 9561585K->2504894K(14541056K), 0.5217950 secs]
2018-05-21T13:25:51.829+0000: 889991.450: [GC 9567870K->2530211K(14535936K), 0.6185810 secs]
2018-05-21T13:26:16.132+0000: 890015.752: [GC 9331233K->2518559K(14539456K), 0.5348550 secs]
2018-05-21T13:26:16.667+0000: 890016.288: [Full GC 2518559K->1366247K(14539456K), 4.4723490 secs]
2018-05-21T13:26:40.529+0000: 890040.150: [GC 8425063K->1492632K(14539008K), 0.5246270 secs]
2018-05-21T13:27:00.276+0000: 890059.896: [GC 8552344K->1521792K(14539904K), 0.6838550 secs]
2018-05-21T13:27:19.791+0000: 890079.411: [GC 8581504K->1511464K(14533504K), 0.5576990 secs]
2018-05-21T13:27:42.445+0000: 890102.065: [GC 8564776K->1515343K(14536704K), 0.5320070 secs]
2018-05-21T13:28:05.175+0000: 890124.795: [GC 8568655K->1526571K(14539648K), 0.5685800 secs]
2018-05-21T13:28:27.843+0000: 890147.464: [GC 8584107K->1533157K(14537984K), 0.6153100 secs]
2018-05-21T13:28:49.872+0000: 890169.493: [GC 8590693K->1537049K(14542336K), 0.5626330 secs]
2018-05-21T13:29:11.870+0000: 890191.491: [GC 8600153K->1539587K(14540864K), 0.5546750 secs]
2018-05-21T13:29:33.164+0000: 890212.785: [GC 8602691K->1536010K(14541120K), 0.4936000 secs]
2018-05-21T13:29:54.671+0000: 890234.292: [GC 8599946K->1559378K(14542016K), 0.5592990 secs]
2018-05-21T13:30:16.896+0000: 890256.517: [GC 8623314K->1568886K(14544448K), 0.5250590 secs]
2018-05-21T13:30:39.317+0000: 890278.937: [GC 8636662K->1571209K(14543424K), 0.5242640 secs]
2018-05-21T13:31:03.976+0000: 890303.597: [GC 8638985K->1579898K(14547136K), 0.5560860 secs]
2018-05-21T13:31:26.029+0000: 890325.649: [GC 8652602K->1582849K(14545664K), 0.5251120 secs]
2018-05-21T13:31:47.256+0000: 890346.877: [GC 8655553K->1589314K(14546880K), 0.5028730 secs]
2018-05-21T13:32:11.451+0000: 890371.072: [GC 8663490K->1607546K(14547136K), 0.5444240 secs]
2018-05-21T13:32:32.249+0000: 890391.870: [GC 8681722K->1602813K(14547008K), 0.4844800 secs]
2018-05-21T13:32:47.799+0000: 890407.420: [GC 8678013K->1601164K(14510912K), 0.4667900 secs]
2018-05-21T13:33:07.950+0000: 890427.571: [GC 8676364K->1618673K(14546560K), 0.4914610 secs]
2018-05-21T13:33:29.461+0000: 890449.081: [GC 8690993K->1615465K(14506944K), 0.4518660 secs]
2018-05-21T13:33:48.707+0000: 890468.327: [GC 8687785K->1630727K(14546496K), 0.5164660 secs]
2018-05-21T13:34:08.202+0000: 890487.823: [GC 8702599K->1639281K(14545472K), 0.4648680 secs]
2018-05-21T13:34:28.264+0000: 890507.885: [GC 8711153K->1656922K(14548032K), 0.5453000 secs]
2018-05-21T13:34:47.141+0000: 890526.761: [GC 8732826K->1649139K(14513408K), 0.4711230 secs]
2018-05-21T13:35:07.385+0000: 890547.006: [GC 8725043K->1657299K(14548480K), 0.4634790 secs]
2018-05-21T13:35:27.824+0000: 890567.445: [GC 8733587K->1670648K(14547904K), 0.5121290 secs]
2018-05-21T13:35:47.445+0000: 890587.065: [GC 8746936K->1673088K(14552128K), 0.4920120 secs]
2018-05-21T13:36:06.682+0000: 890606.303: [GC 8755712K->1676789K(14550592K), 0.5017480 secs]
2018-05-21T13:36:42.685+0000: 890642.306: [GC 8759413K->1703257K(14544960K), 0.5988140 secs]
2018-05-21T13:37:57.075+0000: 890716.696: [GC 8780889K->1736643K(14548864K), 0.7149180 secs]
2018-05-21T13:38:29.540+0000: 890749.161: [GC 8814275K->1732977K(14520704K), 0.5757690 secs]
2018-05-21T13:38:54.503+0000: 890774.123: [GC 8782449K->1729289K(14534784K), 0.5007210 secs]
2018-05-21T13:39:25.091+0000: 890804.712: [GC 8778761K->1755808K(14532160K), 0.5994950 secs]
2018-05-21T13:39:48.955+0000: 890828.576: [GC 8804896K->1741344K(14534592K), 0.4966550 secs]
2018-05-21T13:40:18.624+0000: 890858.245: [GC 8790432K->1773180K(14529152K), 0.5830860 secs]
2018-05-21T13:40:41.874+0000: 890881.495: [GC 8818172K->1760667K(14532544K), 0.5033420 secs]
2018-05-21T13:41:07.589+0000: 890907.210: [GC 8805659K->1777746K(14535680K), 0.5176450 secs]
2018-05-21T13:41:32.025+0000: 890931.646: [GC 8827922K->1771455K(14534592K), 0.4653030 secs]
2018-05-21T13:41:55.771+0000: 890955.392: [GC 8821631K->1788568K(14539200K), 0.5100930 secs]
2018-05-21T13:42:17.596+0000: 890977.217: [GC 8845016K->1789032K(14537344K), 0.5057340 secs]
2018-05-21T13:42:41.494+0000: 891001.114: [GC 8845480K->1795310K(14543296K), 0.5326240 secs]
2018-05-21T13:43:03.755+0000: 891023.376: [GC 8859822K->1806544K(14541312K), 0.5566210 secs]
2018-05-21T13:43:22.987+0000: 891042.608: [GC 8871056K->1802565K(14545664K), 0.5024900 secs]
2018-05-21T13:43:56.830+0000: 891076.451: [GC 8873605K->1837489K(14544640K), 0.6384840 secs]
2018-05-21T13:44:51.091+0000: 891130.712: [GC 8908529K->1878456K(14497152K), 0.7681630 secs]
2018-05-21T13:45:07.654+0000: 891147.275: [GC 8900152K->1862460K(14520896K), 0.4295450 secs]
2018-05-21T13:45:24.945+0000: 891164.566: [GC 8884156K->1867615K(14522496K), 0.4265900 secs]
2018-05-21T13:45:44.173+0000: 891183.793: [GC 8891679K->1878394K(14521664K), 0.4389820 secs]
2018-05-21T13:46:04.473+0000: 891204.094: [GC 8902458K->1892196K(14527552K), 0.4914030 secs]
2018-05-21T13:46:23.305+0000: 891222.926: [GC 8924068K->1890753K(14524416K), 0.4336340 secs]
2018-05-21T13:46:43.005+0000: 891242.626: [GC 8922625K->1900160K(14530368K), 0.4326080 secs]
2018-05-21T13:47:03.098+0000: 891262.719: [GC 8939200K->1907534K(14528768K), 0.4890650 secs]
2018-05-21T13:47:22.824+0000: 891282.444: [GC 8946574K->1909240K(14533952K), 0.4933500 secs]
2018-05-21T13:47:42.425+0000: 891302.046: [GC 8955640K->1918154K(14532544K), 0.4775090 secs]
2018-05-21T13:48:03.020+0000: 891322.640: [GC 8964554K->1923500K(14537856K), 0.4932890 secs]
2018-05-21T13:48:22.927+0000: 891342.548: [GC 8977260K->1930261K(14536000K), 0.5244330 secs]
2018-05-21T13:48:41.623+0000: 891361.244: [GC 8984021K->1933266K(14541952K), 0.4788280 secs]
2018-05-21T13:49:04.103+0000: 891383.724: [GC 8995282K->1941338K(14540160K), 0.5042130 secs]
2018-05-21T13:49:28.003+0000: 891407.624: [GC 9003354K->1961688K(14541824K), 0.5519920 secs]
2018-05-21T13:49:52.667+0000: 891432.288: [GC 9027416K->1967491K(14523264K), 0.5884370 secs]
2018-05-21T13:50:19.187+0000: 891458.808: [GC 9033219K->1972590K(14542528K), 0.5607340 secs]
2018-05-21T13:50:39.260+0000: 891478.880: [GC 9037550K->1985778K(14527552K), 0.5830660 secs]
2018-05-21T13:51:06.751+0000: 891506.371: [GC 9050738K->1980952K(14543488K), 0.5401460 secs]
2018-05-21T13:51:30.592+0000: 891530.213: [GC 9045080K->1992275K(14540736K), 0.5635600 secs]
2018-05-21T13:51:52.359+0000: 891551.980: [GC 9056403K->1999275K(14545408K), 0.5579720 secs]
2018-05-21T13:52:14.109+0000: 891573.730: [GC 9068907K->2016401K(14536576K), 0.5656980 secs]
2018-05-21T13:52:38.670+0000: 891598.291: [GC 9086033K->2028514K(14533184K), 0.6373660 secs]
2018-05-21T13:53:01.278+0000: 891620.899: [GC 9083874K->2007796K(14537728K), 0.4771180 secs]
2018-05-21T13:53:23.793+0000: 891643.413: [GC 9063156K->2035681K(14535232K), 0.6322750 secs]
2018-05-21T13:53:53.296+0000: 891672.917: [GC 9089377K->2042824K(14521152K), 0.6596930 secs]
2018-05-21T13:55:13.124+0000: 891752.745: [GC 9096520K->2127307K(14470656K), 0.8411620 secs]
2018-05-21T13:56:18.546+0000: 891818.166: [GC 9113163K->2201670K(14502976K), 0.8218570 secs]
2018-05-21T13:57:20.378+0000: 891879.999: [GC 9187526K->2231847K(14405696K), 0.8579740 secs]
2018-05-21T13:58:17.880+0000: 891937.501: [GC 9120423K->2258801K(14419968K), 0.9623010 secs]
2018-05-21T13:59:22.881+0000: 892002.502: [GC 9147377K->2257089K(14437376K), 0.8043080 secs]
2018-05-21T14:00:19.087+0000: 892058.708: [GC 9119041K->2250085K(14441024K), 0.7593900 secs]
2018-05-21T14:01:11.067+0000: 892110.688: [GC 9112037K->2277001K(14437440K), 0.9011540 secs]
2018-05-21T14:02:35.964+0000: 892195.585: [GC 9138441K->2290474K(14388160K), 0.9266060 secs]
2018-05-21T14:03:42.327+0000: 892261.947: [GC 9151914K->2307254K(14428992K), 0.8755300 secs]
2018-05-21T14:05:22.396+0000: 892362.016: [GC 9153846K->2307725K(14433344K), 0.7564640 secs]
2018-05-21T14:07:18.338+0000: 892477.959: [GC 9154317K->2321574K(14434624K), 0.9347450 secs]
2018-05-21T14:08:22.470+0000: 892542.090: [GC 9170214K->2330857K(14434112K), 0.7979910 secs]
2018-05-21T14:09:24.387+0000: 892604.008: [GC 9179497K->2339447K(14440256K), 0.8854910 secs]
2018-05-21T14:10:25.823+0000: 892665.444: [GC 9197111K->2351118K(14437504K), 0.8045590 secs]
2018-05-21T14:11:21.067+0000: 892720.688: [GC 9208782K->2361134K(14444736K), 0.9155360 secs]
2018-05-21T14:12:23.775+0000: 892783.395: [GC 9228590K->2366638K(14442816K), 0.8336180 secs]
2018-05-21T14:13:31.685+0000: 892851.306: [GC 9234094K->2376746K(14451840K), 0.8816670 secs]
2018-05-21T14:14:35.668+0000: 892915.289: [GC 9256682K->2388590K(14448192K), 0.8675380 secs]
2018-05-21T14:15:36.637+0000: 892976.257: [GC 9268526K->2409020K(14456832K), 0.8438030 secs]
2018-05-21T14:16:38.172+0000: 893037.792: [GC 9301244K->2411290K(14455488K), 0.6080410 secs]
2018-05-21T14:16:49.816+0000: 893049.437: [GC 9303514K->2313354K(14431360K), 0.3302300 secs]
2018-05-21T14:17:44.886+0000: 893104.507: [GC 9185034K->2440893K(14397504K), 0.8248720 secs]
2018-05-21T14:18:49.830+0000: 893169.451: [GC 9312573K->2441708K(14446976K), 0.8925400 secs]
2018-05-21T14:19:48.687+0000: 893228.308: [GC 9313388K->2459601K(14444800K), 0.9130310 secs]
2018-05-21T14:20:53.392+0000: 893293.013: [GC 9331281K->2464881K(14449984K), 0.8061500 secs]
2018-05-21T14:21:55.514+0000: 893355.135: [GC 9342641K->2474696K(14447872K), 0.8869940 secs]
2018-05-21T14:22:53.785+0000: 893413.406: [GC 9352456K->2477833K(14456320K), 0.7989160 secs]
2018-05-21T14:23:32.979+0000: 893452.600: [GC 9366345K->2438458K(14452288K), 0.5792320 secs]
2018-05-21T14:23:54.362+0000: 893473.982: [GC 9326970K->2432931K(14447168K), 0.5523130 secs]
2018-05-21T14:24:14.661+0000: 893494.282: [GC 9313955K->2423426K(14316288K), 0.4462680 secs]
2018-05-21T14:24:36.064+0000: 893515.685: [GC 9304450K->2425385K(14440064K), 0.4151410 secs]
2018-05-21T14:24:59.736+0000: 893539.357: [GC 9291433K->2426261K(14289856K), 0.3353040 secs]
2018-05-21T14:25:23.593+0000: 893563.213: [GC 9292309K->2445107K(14442944K), 0.4116740 secs]
2018-05-21T14:25:45.825+0000: 893585.446: [GC 9308915K->2456496K(14440960K), 0.4410800 secs]
2018-05-21T14:26:07.480+0000: 893607.101: [GC 9320304K->2474439K(14451776K), 0.4935170 secs]
2018-05-21T14:26:21.150+0000: 893620.770: [GC 6594485K->2436609K(14446272K), 0.2402110 secs]
2018-05-21T14:26:21.390+0000: 893621.011: [Full GC 2436609K->1287129K(14446272K), 4.3998510 secs]
2018-05-21T14:26:45.332+0000: 893644.953: [GC 8165081K->1381227K(14454528K), 0.4009910 secs]
2018-05-21T14:27:04.088+0000: 893663.708: [GC 8264235K->1419363K(14448576K), 0.5505250 secs]
2018-05-21T14:27:24.803+0000: 893684.423: [GC 8302371K->1417490K(14470848K), 0.4526380 secs]
2018-05-21T14:27:46.640+0000: 893706.260: [GC 8332370K->1430217K(14464128K), 0.4796450 secs]
2018-05-21T14:28:05.663+0000: 893725.284: [GC 8345097K->1437059K(14482880K), 0.4344550 secs]
2018-05-21T14:28:29.006+0000: 893748.626: [GC 8377027K->1435547K(14477184K), 0.3816450 secs]
2018-05-21T14:28:50.405+0000: 893770.025: [GC 8375515K->1463365K(14493312K), 0.4739070 secs]
2018-05-21T14:29:08.286+0000: 893787.907: [GC 8423045K->1485221K(14486464K), 0.5456690 secs]
2018-05-21T14:29:31.791+0000: 893811.412: [GC 8444901K->1476495K(14503680K), 0.4244540 secs]
2018-05-21T14:29:51.840+0000: 893831.461: [GC 8459407K->1493876K(14499328K), 0.4759400 secs]
2018-05-21T14:30:13.761+0000: 893853.381: [GC 8476788K->1504960K(14513792K), 0.4551960 secs]
2018-05-21T14:30:32.580+0000: 893872.201: [GC 8507648K->1521401K(14508992K), 0.4453480 secs]
2018-05-21T14:30:54.502+0000: 893894.123: [GC 8524089K->1530366K(14524032K), 0.4502880 secs]
2018-05-21T14:31:12.673+0000: 893912.294: [GC 8553598K->1550243K(14519296K), 0.5340660 secs]
2018-05-21T14:31:31.466+0000: 893931.086: [GC 8573475K->1559974K(14528128K), 0.5571080 secs]
2018-05-21T14:31:53.531+0000: 893953.151: [GC 8594278K->1551304K(14526272K), 0.4802180 secs]
2018-05-21T14:32:12.838+0000: 893972.459: [GC 8585608K->1565716K(14533440K), 0.4673130 secs]
2018-05-21T14:32:33.740+0000: 893993.360: [GC 8609428K->1578045K(14530368K), 0.4510770 secs]
2018-05-21T14:32:53.605+0000: 894013.226: [GC 8621757K->1587596K(14540096K), 0.4820630 secs]
2018-05-21T14:33:16.035+0000: 894035.656: [GC 8644556K->1588648K(14536960K), 0.4279720 secs]
2018-05-21T14:33:37.651+0000: 894057.272: [GC 8645608K->1607178K(14544832K), 0.4658620 secs]
2018-05-21T14:33:59.013+0000: 894078.634: [GC 8673674K->1621283K(14541760K), 0.4853400 secs]
2018-05-21T14:34:17.937+0000: 894097.558: [GC 8687779K->1637451K(14546752K), 0.5265550 secs]
2018-05-21T14:34:47.776+0000: 894127.397: [GC 8710731K->1639061K(14546624K), 0.4576420 secs]
2018-05-21T14:35:15.420+0000: 894155.041: [GC 8712341K->1649139K(14550272K), 0.3876010 secs]
2018-05-21T14:35:36.418+0000: 894176.039: [GC 8728243K->1706229K(14548928K), 0.6343980 secs]
2018-05-21T14:35:57.736+0000: 894197.357: [GC 8785333K->1721666K(14511040K), 0.6062210 secs]
2018-05-21T14:36:18.602+0000: 894218.223: [GC 8761538K->1728929K(14505600K), 0.5969810 secs]
2018-05-21T14:36:41.796+0000: 894241.417: [GC 8768801K->1742858K(14525184K), 0.5973810 secs]
2018-05-21T14:37:05.318+0000: 894264.939: [GC 8776970K->1751919K(14501440K), 0.6061100 secs]
2018-05-21T14:37:27.846+0000: 894287.467: [GC 8786031K->1759946K(14528448K), 0.5626610 secs]
2018-05-21T14:37:49.983+0000: 894309.604: [GC 8794890K->1775020K(14526592K), 0.6068650 secs]
2018-05-21T14:38:15.194+0000: 894334.815: [GC 8809964K->1769919K(14530624K), 0.5048810 secs]
2018-05-21T14:38:34.886+0000: 894354.506: [GC 8809087K->1801615K(14528640K), 0.6301980 secs]
2018-05-21T14:38:56.589+0000: 894376.210: [GC 8840783K->1802076K(14531392K), 0.5248120 secs]
2018-05-21T14:39:19.763+0000: 894399.383: [GC 8842076K->1818948K(14528704K), 0.6019300 secs]
2018-05-21T14:39:43.112+0000: 894422.733: [GC 8858948K->1821056K(14533824K), 0.5475000 secs]
2018-05-21T14:40:02.418+0000: 894442.038: [GC 8866368K->1858434K(14528768K), 0.6201680 secs]
2018-05-21T14:40:25.205+0000: 894464.825: [GC 8903746K->1849752K(14530432K), 0.5360120 secs]
2018-05-21T14:40:48.190+0000: 894487.810: [GC 8888856K->1861496K(14528768K), 0.5876700 secs]
2018-05-21T14:41:08.231+0000: 894507.851: [GC 8900600K->1870439K(14535296K), 0.5484550 secs]
2018-05-21T14:41:31.750+0000: 894531.370: [GC 8918823K->1889091K(14533184K), 0.5848250 secs]
2018-05-21T14:41:57.876+0000: 894557.497: [GC 8937475K->1885425K(14535808K), 0.5049580 secs]
2018-05-21T14:42:27.585+0000: 894587.206: [GC 8936689K->1891499K(14495680K), 0.4678550 secs]
2018-05-21T14:43:09.263+0000: 894628.884: [GC 8942763K->1970556K(14492928K), 0.7949100 secs]
2018-05-21T14:44:15.996+0000: 894695.616: [GC 8978684K->2044551K(14514112K), 0.9077510 secs]
2018-05-21T14:45:25.734+0000: 894765.355: [GC 9052679K->2104073K(14398784K), 0.9208770 secs]
2018-05-21T14:46:31.196+0000: 894830.816: [GC 8996873K->2159601K(14429696K), 0.9406250 secs]
2018-05-21T14:48:22.460+0000: 894942.080: [GC 9052401K->2169741K(14435648K), 0.8305370 secs]
2018-05-21T14:49:39.150+0000: 895018.771: [GC 9030157K->2206619K(14388288K), 0.8822650 secs]
2018-05-21T14:50:31.405+0000: 895071.026: [GC 9067035K->2234961K(14428352K), 0.8124020 secs]
2018-05-21T14:51:20.962+0000: 895120.583: [GC 9079249K->2256267K(14376064K), 0.9184240 secs]
2018-05-21T14:52:12.605+0000: 895172.226: [GC 9100555K->2277497K(14422528K), 0.8626880 secs]
2018-05-21T14:52:35.614+0000: 895195.235: [GC 9109113K->2210762K(14278912K), 0.4890600 secs]
2018-05-21T14:52:53.008+0000: 895212.629: [GC 9042378K->2228957K(14426496K), 0.5699660 secs]
2018-05-21T14:53:14.392+0000: 895234.012: [GC 9059997K->2230861K(14424640K), 0.5256190 secs]
2018-05-21T14:53:32.466+0000: 895252.087: [GC 9061901K->2240196K(14430976K), 0.5325200 secs]
2018-05-21T14:53:50.349+0000: 895269.970: [GC 9079236K->2249765K(14428160K), 0.4984230 secs]
2018-05-21T14:54:10.753+0000: 895290.373: [GC 9088805K->2259710K(14438848K), 0.5114550 secs]
2018-05-21T14:54:29.817+0000: 895309.438: [GC 9113022K->2265411K(14434560K), 0.4751200 secs]
2018-05-21T14:54:50.474+0000: 895330.095: [GC 9118723K->2274724K(14447360K), 0.4636720 secs]
2018-05-21T14:55:10.446+0000: 895350.067: [GC 9144804K->2290788K(14442816K), 0.5164020 secs]
2018-05-21T14:55:30.512+0000: 895370.133: [GC 9160868K->2303472K(14460224K), 0.4928050 secs]
2018-05-21T14:55:49.253+0000: 895388.874: [GC 9197104K->2308400K(14453504K), 0.5209890 secs]
2018-05-21T14:56:08.661+0000: 895408.282: [GC 9202032K->2310352K(14469888K), 0.4590960 secs]
2018-05-21T14:56:29.147+0000: 895428.768: [GC 9225872K->2332288K(14465728K), 0.5481580 secs]
2018-05-21T14:56:48.573+0000: 895448.194: [GC 9247808K->2338102K(14482112K), 0.4977260 secs]
2018-05-21T14:57:08.898+0000: 895468.519: [GC 9276662K->2350907K(14476544K), 0.4925000 secs]
2018-05-21T14:57:29.116+0000: 895488.737: [GC 9289467K->2361924K(14493376K), 0.5330740 secs]
2018-05-21T14:57:48.316+0000: 895507.936: [GC 9322820K->2371260K(14487616K), 0.5033350 secs]
2018-05-21T14:58:07.493+0000: 895527.114: [GC 9332156K->2379717K(14503616K), 0.5236940 secs]
2018-05-21T14:58:26.365+0000: 895545.986: [GC 9362053K->2386210K(14498816K), 0.4982990 secs]
2018-05-21T14:58:46.513+0000: 895566.134: [GC 9368546K->2403979K(14512640K), 0.5352140 secs]
2018-05-21T14:59:07.533+0000: 895587.154: [GC 9403979K->2408830K(14507456K), 0.4958850 secs]
2018-05-21T14:59:26.543+0000: 895606.163: [GC 9408830K->2417848K(14520128K), 0.4797640 secs]
2018-05-21T14:59:49.490+0000: 895629.111: [GC 9434488K->2416458K(14516608K), 0.4195370 secs]
2018-05-21T15:00:09.169+0000: 895648.789: [GC 9433098K->2445573K(14525440K), 0.4848230 secs]
2018-05-21T15:00:29.429+0000: 895669.049: [GC 9472261K->2444149K(14521344K), 0.4420000 secs]
2018-05-21T15:00:50.946+0000: 895690.566: [GC 9470837K->2459311K(14531520K), 0.5223370 secs]
2018-05-21T15:01:09.644+0000: 895709.264: [GC 9498735K->2468990K(14528000K), 0.4863780 secs]
2018-05-21T15:01:31.638+0000: 895731.259: [GC 9508414K->2475872K(14536000K), 0.4436610 secs]
2018-05-21T15:01:50.144+0000: 895749.764: [GC 9526048K->2512447K(14514304K), 0.6204290 secs]
2018-05-21T15:02:07.685+0000: 895767.306: [GC 9562623K->2517884K(14534080K), 0.5376060 secs]
2018-05-21T15:02:28.291+0000: 895787.911: [GC 9565884K->2516246K(14534016K), 0.4910310 secs]
2018-05-21T15:02:49.424+0000: 895809.045: [GC 9564246K->2529742K(14538880K), 0.4981260 secs]
2018-05-21T15:03:09.736+0000: 895829.356: [GC 9584974K->2538479K(14536448K), 0.4531750 secs]
2018-05-21T15:03:31.056+0000: 895850.676: [GC 9593711K->2551505K(14542208K), 0.4742060 secs]
2018-05-21T15:03:53.573+0000: 895873.194: [GC 9614033K->2565756K(14540416K), 0.5187030 secs]
2018-05-21T15:04:19.180+0000: 895898.800: [GC 9628284K->2564081K(14543744K), 0.4029890 secs]
2018-05-21T15:04:43.256+0000: 895922.877: [GC 9632113K->2573050K(14497408K), 0.4361560 secs]
2018-05-21T15:05:05.834+0000: 895945.455: [GC 9641082K->2576144K(14542784K), 0.3449590 secs]
2018-05-21T15:05:26.960+0000: 895966.581: [GC 9642768K->2616290K(14521408K), 0.4945770 secs]
2018-05-21T15:05:48.316+0000: 895987.936: [GC 9682914K->2608318K(14544576K), 0.4506320 secs]
2018-05-21T15:06:10.171+0000: 896009.791: [GC 9675198K->2621584K(14542400K), 0.4587020 secs]
2018-05-21T15:06:30.965+0000: 896030.586: [GC 9688464K->2636029K(14549440K), 0.4931040 secs]
2018-05-21T15:06:50.045+0000: 896049.666: [GC 9712381K->2651376K(14547008K), 0.5037330 secs]
2018-05-21T15:07:09.045+0000: 896068.666: [GC 9727728K->2660631K(14551552K), 0.5118800 secs]
2018-05-21T15:07:28.437+0000: 896088.058: [GC 9742359K->2681347K(14540800K), 0.5829060 secs]
2018-05-21T15:07:49.825+0000: 896109.446: [GC 9763075K->2674741K(14550656K), 0.4682760 secs]
2018-05-21T15:08:09.615+0000: 896129.235: [GC 9753781K->2681625K(14548480K), 0.4339110 secs]
2018-05-21T15:08:31.770+0000: 896151.391: [GC 9760665K->2697211K(14554304K), 0.4967600 secs]
2018-05-21T15:08:53.950+0000: 896173.571: [GC 9783483K->2696928K(14552064K), 0.4519140 secs]
2018-05-21T15:09:14.291+0000: 896193.912: [GC 9783200K->2722240K(14553024K), 0.5590400 secs]
2018-05-21T15:09:33.787+0000: 896213.408: [GC 9809984K->2733049K(14540544K), 0.5323230 secs]
2018-05-21T15:09:52.771+0000: 896232.391: [GC 9820793K->2743510K(14551424K), 0.5700000 secs]
2018-05-21T15:10:11.646+0000: 896251.266: [GC 9827926K->2748428K(14552256K), 0.4523890 secs]
2018-05-21T15:10:33.221+0000: 896272.841: [GC 9832844K->2760876K(14553472K), 0.4744170 secs]
2018-05-21T15:10:51.939+0000: 896291.560: [GC 9847468K->2768828K(14553216K), 0.4876710 secs]
2018-05-21T15:11:11.994+0000: 896311.615: [GC 9855420K->2793321K(14549888K), 0.5619910 secs]
2018-05-21T15:11:33.423+0000: 896333.043: [GC 9878377K->2807907K(14545536K), 0.5560570 secs]
2018-05-21T15:11:54.493+0000: 896354.114: [GC 9892963K->2802653K(14549760K), 0.4307970 secs]
2018-05-21T15:12:15.297+0000: 896374.917: [GC 9882333K->2836692K(14537024K), 0.5504350 secs]
2018-05-21T15:12:33.737+0000: 896393.358: [GC 9916372K->2854970K(14542336K), 0.6203560 secs]
2018-05-21T15:12:53.335+0000: 896412.956: [GC 9925946K->2852986K(14545536K), 0.5126920 secs]
2018-05-21T15:13:15.218+0000: 896434.839: [GC 9923962K->2860128K(14548672K), 0.4659940 secs]
2018-05-21T15:13:35.179+0000: 896454.800: [GC 9936480K->2881280K(14547776K), 0.5057690 secs]
2018-05-21T15:13:57.095+0000: 896476.716: [GC 9957632K->2889363K(14551488K), 0.4814810 secs]
2018-05-21T15:14:14.969+0000: 896494.590: [GC 9970643K->2912676K(14542208K), 0.5867010 secs]
2018-05-21T15:14:34.417+0000: 896514.037: [GC 9993956K->2921324K(14546944K), 0.6752650 secs]
2018-05-21T15:14:55.595+0000: 896535.215: [GC 9997548K->2916616K(14548160K), 0.4777600 secs]
2018-05-21T15:15:17.032+0000: 896556.653: [GC 9992840K->2923852K(14549248K), 0.4620450 secs]
2018-05-21T15:15:33.734+0000: 896573.354: [GC 10001612K->2950362K(14541888K), 0.5797070 secs]
2018-05-21T15:16:12.135+0000: 896611.756: [GC 10028122K->2975038K(14523328K), 0.7127780 secs]
2018-05-21T15:17:30.164+0000: 896689.785: [GC 10024510K->3012693K(14534784K), 0.5056010 secs]
2018-05-21T15:18:13.382+0000: 896733.002: [GC 10062165K->3004331K(14507136K), 0.5997070 secs]
2018-05-21T15:18:35.903+0000: 896755.524: [GC 10026155K->3019250K(14520960K), 0.5994210 secs]
2018-05-21T15:19:00.546+0000: 896780.167: [GC 10041074K->3015163K(14525312K), 0.5479510 secs]
2018-05-21T15:19:24.247+0000: 896803.868: [GC 10043067K->3028969K(14522688K), 0.5783100 secs]
2018-05-21T15:19:48.995+0000: 896828.616: [GC 10056873K->3028034K(14529728K), 0.7530730 secs]
2018-05-21T15:20:14.878+0000: 896854.499: [GC 10065346K->3035856K(14527680K), 0.4996260 secs]
2018-05-21T15:20:40.571+0000: 896880.192: [GC 10073168K->3049057K(14533632K), 0.5818760 secs]
2018-05-21T15:21:03.472+0000: 896903.092: [GC 10094625K->3052159K(14532032K), 0.5682150 secs]
2018-05-21T15:21:32.956+0000: 896932.576: [GC 10097727K->3052268K(14537024K), 0.5233420 secs]
2018-05-21T15:21:56.857+0000: 896956.477: [GC 10105132K->3064589K(14535936K), 0.5684240 secs]
2018-05-21T15:22:17.633+0000: 896977.254: [GC 10117453K->3072230K(14541120K), 0.5796600 secs]
2018-05-21T15:22:40.490+0000: 897000.111: [GC 10132262K->3085209K(14539008K), 0.5803370 secs]
2018-05-21T15:23:02.997+0000: 897022.617: [GC 10145241K->3088008K(14542144K), 0.5682110 secs]
2018-05-21T15:23:24.573+0000: 897044.193: [GC 10150600K->3103758K(14540544K), 0.6208110 secs]
2018-05-21T15:23:47.054+0000: 897066.675: [GC 10166350K->3106816K(14541824K), 0.5688710 secs]
2018-05-21T15:24:09.343+0000: 897088.964: [GC 10169792K->3118841K(14532864K), 0.6626980 secs]
2018-05-21T15:24:34.461+0000: 897114.082: [GC 10181817K->3108613K(14540480K), 0.5334380 secs]
2018-05-21T15:24:59.972+0000: 897139.592: [GC 10169413K->3117828K(14540416K), 0.5095330 secs]
2018-05-21T15:25:24.841+0000: 897164.462: [GC 10178628K->3125909K(14542336K), 0.4976610 secs]
2018-05-21T15:25:51.060+0000: 897190.681: [GC 10189653K->3122774K(14541504K), 0.4915800 secs]
2018-05-21T15:26:15.642+0000: 897215.262: [GC 10186518K->3141099K(14543424K), 0.7047590 secs]
2018-05-21T15:26:25.800+0000: 897225.421: [GC 5908655K->3081928K(14454208K), 0.2133100 secs]
2018-05-21T15:26:26.014+0000: 897225.634: [Full GC 3081928K->1246262K(14454208K), 4.0637610 secs]
2018-05-21T15:26:50.840+0000: 897250.461: [GC 8310198K->1367225K(14533696K), 0.5412940 secs]
2018-05-21T15:27:14.945+0000: 897274.566: [GC 8414457K->1380486K(14533632K), 0.5648000 secs]
2018-05-21T15:27:38.258+0000: 897297.878: [GC 8427718K->1391198K(14534400K), 0.5412040 secs]
2018-05-21T15:28:01.261+0000: 897320.881: [GC 8440158K->1399966K(14534528K), 0.5868800 secs]
2018-05-21T15:28:25.401+0000: 897345.022: [GC 8448926K->1403990K(14537792K), 0.5495560 secs]
2018-05-21T15:28:48.793+0000: 897368.414: [GC 8456918K->1413189K(14535232K), 0.5732820 secs]
2018-05-21T15:29:13.958+0000: 897393.579: [GC 8466117K->1422113K(14540160K), 0.6088390 secs]
2018-05-21T15:30:19.784+0000: 897459.405: [GC 8481249K->1485513K(14539072K), 0.8445740 secs]
2018-05-21T15:31:14.648+0000: 897514.268: [GC 8544649K->1552504K(14442048K), 0.9858070 secs]
2018-05-21T15:32:16.634+0000: 897576.255: [GC 8513528K->1612865K(14490176K), 0.9710040 secs]
2018-05-21T15:33:21.890+0000: 897641.511: [GC 8573889K->1619151K(14436032K), 0.9564930 secs]
2018-05-21T15:34:19.126+0000: 897698.746: [GC 8525263K->1631750K(14436224K), 0.9609090 secs]
2018-05-21T15:35:18.414+0000: 897758.034: [GC 8537862K->1632851K(14443712K), 0.8368110 secs]
2018-05-21T15:36:24.875+0000: 897824.496: [GC 8509267K->1643170K(14398976K), 0.9452310 secs]
2018-05-21T15:37:30.214+0000: 897889.835: [GC 8519586K->1653119K(14438912K), 0.9020350 secs]
2018-05-21T15:38:30.327+0000: 897949.948: [GC 8516351K->1664570K(14388416K), 0.8742530 secs]
2018-05-21T15:39:21.854+0000: 898001.474: [GC 8527802K->1678869K(14431680K), 0.9981810 secs]
2018-05-21T15:40:20.658+0000: 898060.278: [GC 8529685K->1685710K(14379712K), 0.8737150 secs]
2018-05-21T15:41:11.910+0000: 898111.531: [GC 8536526K->1696732K(14431424K), 0.9180820 secs]
2018-05-21T15:42:05.779+0000: 898165.400: [GC 8541916K->1707864K(14432640K), 0.9319970 secs]
2018-05-21T15:43:03.721+0000: 898223.342: [GC 8553048K->1723078K(14432128K), 0.9190560 secs]
2018-05-21T15:44:02.127+0000: 898281.748: [GC 8568390K->1726901K(14432704K), 0.9048050 secs]
2018-05-21T15:44:59.096+0000: 898338.717: [GC 8572213K->1738701K(14435264K), 0.8336780 secs]
2018-05-21T15:46:00.019+0000: 898399.639: [GC 8588429K->1747335K(14434560K), 0.9573900 secs]
2018-05-21T15:46:53.645+0000: 898453.266: [GC 8597063K->1759575K(14436736K), 0.9614920 secs]
2018-05-21T15:47:51.142+0000: 898510.762: [GC 8612311K->1767883K(14436096K), 0.9800740 secs]
2018-05-21T15:48:49.888+0000: 898569.509: [GC 8620619K->1773010K(14440320K), 0.8877560 secs]
2018-05-21T15:49:53.276+0000: 898632.896: [GC 8631250K->1781086K(14438016K), 0.9360080 secs]
2018-05-21T15:50:42.686+0000: 898682.306: [GC 8639326K->1796074K(14443904K), 0.9841700 secs]
2018-05-21T15:51:37.760+0000: 898737.380: [GC 8662954K->1798031K(14443072K), 0.8943220 secs]
2018-05-21T15:52:40.092+0000: 898799.713: [GC 8664911K->1811547K(14447808K), 0.9459460 secs]
2018-05-21T15:53:38.299+0000: 898857.920: [GC 8686107K->1815422K(14446848K), 0.9492910 secs]
2018-05-21T15:54:41.458+0000: 898921.079: [GC 8689982K->1827903K(14454016K), 0.9180170 secs]
2018-05-21T15:55:38.092+0000: 898977.713: [GC 8713535K->1839514K(14451712K), 0.8552110 secs]
2018-05-21T15:56:33.183+0000: 899032.803: [GC 8725146K->1853918K(14457920K), 0.9586920 secs]
2018-05-21T15:57:34.025+0000: 899093.646: [GC 8747358K->1863400K(14455616K), 0.9473120 secs]
2018-05-21T15:58:43.485+0000: 899163.105: [GC 8756840K->1871047K(14464128K), 0.8717900 secs]
2018-05-21T15:59:44.240+0000: 899223.860: [GC 8776135K->1884356K(14461056K), 0.9242150 secs]
2018-05-21T16:00:42.717+0000: 899282.338: [GC 8789444K->1896911K(14468416K), 0.9244600 secs]
2018-05-21T16:01:41.777+0000: 899341.398: [GC 8811471K->1908462K(14466240K), 0.9089510 secs]
2018-05-21T16:02:37.680+0000: 899397.300: [GC 8823022K->1920025K(14472128K), 0.9336950 secs]
2018-05-21T16:03:37.712+0000: 899457.333: [GC 8842393K->1930675K(14470336K), 0.9276960 secs]
2018-05-21T16:04:24.118+0000: 899503.739: [GC 8853043K->1946374K(14470848K), 0.9872160 secs]
2018-05-21T16:05:22.954+0000: 899562.575: [GC 8869894K->1949800K(14471808K), 0.7750250 secs]
2018-05-21T16:06:22.011+0000: 899621.631: [GC 8873320K->1956991K(14474432K), 0.9343270 secs]
2018-05-21T16:07:31.144+0000: 899690.765: [GC 8884287K->1962631K(14472960K), 0.8621210 secs]
2018-05-21T16:08:20.267+0000: 899739.888: [GC 8889927K->1981804K(14475264K), 0.9043470 secs]
2018-05-21T16:09:21.476+0000: 899801.097: [GC 8912172K->1986828K(14475200K), 0.9614680 secs]
2018-05-21T16:10:21.741+0000: 899861.362: [GC 8917196K->1999002K(14476736K), 0.8719620 secs]
2018-05-21T16:11:24.531+0000: 899924.152: [GC 8932122K->2013946K(14469504K), 0.9641210 secs]
2018-05-21T16:12:37.409+0000: 899997.030: [GC 8947066K->2022838K(14474176K), 0.9266820 secs]
2018-05-21T16:13:41.290+0000: 900060.911: [GC 8952374K->2033973K(14465472K), 0.9672040 secs]
2018-05-21T16:14:43.645+0000: 900123.266: [GC 8963509K->2050062K(14472256K), 0.8926800 secs]
2018-05-21T16:15:47.342+0000: 900186.963: [GC 8976526K->2069166K(14473280K), 0.8739000 secs]
2018-05-21T16:16:47.805+0000: 900247.426: [GC 8995630K->2094451K(14472768K), 0.9645660 secs]
2018-05-21T16:17:48.948+0000: 900308.569: [GC 9021043K->2113973K(14473344K), 0.8628580 secs]
2018-05-21T16:18:42.862+0000: 900362.482: [GC 9040565K->2127546K(14474176K), 0.8535380 secs]
2018-05-21T16:19:30.960+0000: 900410.580: [GC 9055546K->2162711K(14468352K), 0.8632010 secs]
2018-05-21T16:20:24.962+0000: 900464.582: [GC 9090711K->2179032K(14471232K), 0.7815830 secs]
2018-05-21T16:21:17.877+0000: 900517.498: [GC 9102680K->2199801K(14462784K), 0.8951580 secs]
2018-05-21T16:22:08.010+0000: 900567.630: [GC 9123449K->2219607K(14471232K), 0.8243100 secs]
2018-05-21T16:23:12.184+0000: 900631.805: [GC 9141975K->2240991K(14462400K), 0.9503890 secs]
2018-05-21T16:24:03.484+0000: 900683.104: [GC 9163359K->2262262K(14470016K), 0.9520340 secs]
2018-05-21T16:24:58.966+0000: 900738.586: [GC 9182838K->2280032K(14470336K), 0.7894790 secs]
2018-05-21T16:25:52.986+0000: 900792.606: [GC 9200608K->2299270K(14468480K), 0.9539860 secs]
2018-05-21T16:26:30.088+0000: 900829.708: [GC 7474136K->2257301K(14407168K), 0.6364890 secs]
2018-05-21T16:26:30.724+0000: 900830.345: [Full GC 2257301K->1161387K(14407168K), 4.4286080 secs]
2018-05-21T16:27:46.051+0000: 900905.672: [GC 8080811K->1367824K(14456960K), 0.9568970 secs]
2018-05-21T16:29:39.410+0000: 901019.031: [GC 8267536K->1370688K(14459904K), 0.8859280 secs]
2018-05-21T16:30:32.572+0000: 901072.193: [GC 8270400K->1347831K(14450496K), 0.6467420 secs]
2018-05-21T16:30:52.738+0000: 901092.359: [GC 8239479K->1336109K(14350400K), 0.5382110 secs]
2018-05-21T16:31:13.228+0000: 901112.849: [GC 8227757K->1344735K(14437120K), 0.4267400 secs]
2018-05-21T16:31:33.036+0000: 901132.657: [GC 8209631K->1348204K(14307840K), 0.4932090 secs]
2018-05-21T16:31:53.279+0000: 901152.899: [GC 8213100K->1375994K(14435264K), 0.5312050 secs]
2018-05-21T16:32:13.043+0000: 901172.664: [GC 8227834K->1385239K(14305152K), 0.5412690 secs]
2018-05-21T16:32:33.767+0000: 901193.388: [GC 8237079K->1397025K(14436992K), 0.5149820 secs]
2018-05-21T16:32:53.027+0000: 901212.648: [GC 8249697K->1405973K(14435776K), 0.5360030 secs]
2018-05-21T16:33:11.691+0000: 901231.311: [GC 8258645K->1409735K(14440960K), 0.4866960 secs]
2018-05-21T16:33:31.837+0000: 901251.458: [GC 8269575K->1422709K(14438976K), 0.5269380 secs]
2018-05-21T16:33:46.631+0000: 901266.251: [GC 8282549K->1420823K(14447232K), 0.4783680 secs]
2018-05-21T16:34:04.106+0000: 901283.726: [GC 8292759K->1436685K(14444800K), 0.5162810 secs]
2018-05-21T16:34:24.047+0000: 901303.668: [GC 8308621K->1449770K(14457664K), 0.5295080 secs]
2018-05-21T16:34:45.686+0000: 901325.307: [GC 8339242K->1460102K(14451904K), 0.5310180 secs]
2018-05-21T16:35:06.505+0000: 901346.125: [GC 8349574K->1479269K(14471040K), 0.5463930 secs]
2018-05-21T16:35:28.048+0000: 901367.668: [GC 8393701K->1476051K(14463488K), 0.5204180 secs]
2018-05-21T16:35:49.702+0000: 901389.323: [GC 8390483K->1473692K(14480320K), 0.4937810 secs]
2018-05-21T16:36:10.328+0000: 901409.948: [GC 8410396K->1489060K(14476480K), 0.5500840 secs]
2018-05-21T16:36:30.976+0000: 901430.597: [GC 8425764K->1501039K(14491712K), 0.5912240 secs]
2018-05-21T16:36:51.014+0000: 901450.634: [GC 8458409K->1493260K(14485760K), 0.5129540 secs]
2018-05-21T16:37:12.818+0000: 901472.439: [GC 8450636K->1505486K(14499264K), 0.5054560 secs]
2018-05-21T16:37:34.816+0000: 901494.436: [GC 8479502K->1512595K(14494848K), 0.5412240 secs]
2018-05-21T16:37:56.698+0000: 901516.319: [GC 8486611K->1520837K(14507968K), 0.5592660 secs]
2018-05-21T16:38:17.363+0000: 901536.984: [GC 8512069K->1523966K(14503360K), 0.5539920 secs]
2018-05-21T16:38:39.173+0000: 901558.794: [GC 8515198K->1519997K(14513792K), 0.4539150 secs]
2018-05-21T16:39:01.981+0000: 901581.602: [GC 8525437K->1537338K(14511744K), 0.5123000 secs]
2018-05-21T16:39:25.613+0000: 901605.233: [GC 8542778K->1549454K(14521920K), 0.5317550 secs]
2018-05-21T16:39:47.866+0000: 901627.487: [GC 8568974K->1552376K(14517696K), 0.5454020 secs]
2018-05-21T16:40:07.663+0000: 901647.283: [GC 8571896K->1558827K(14528768K), 0.4640530 secs]
2018-05-21T16:40:27.523+0000: 901667.144: [GC 8592939K->1570545K(14525440K), 0.5320610 secs]
2018-05-21T16:40:47.597+0000: 901687.218: [GC 8604657K->1587495K(14530816K), 0.6499750 secs]
2018-05-21T16:41:08.048+0000: 901707.669: [GC 8629799K->1579182K(14531200K), 0.5323430 secs]
2018-05-21T16:41:29.340+0000: 901728.961: [GC 8621486K->1590998K(14536256K), 0.5476020 secs]
2018-05-21T16:41:51.587+0000: 901751.208: [GC 8640598K->1598802K(14533440K), 0.5336480 secs]
2018-05-21T16:42:12.823+0000: 901772.444: [GC 8648402K->1610949K(14540352K), 0.5668580 secs]
2018-05-21T16:42:33.706+0000: 901793.327: [GC 8670085K->1605769K(14538880K), 0.5020860 secs]
2018-05-21T16:42:55.830+0000: 901815.450: [GC 8664905K->1615873K(14542528K), 0.5047850 secs]
2018-05-21T16:43:18.590+0000: 901838.210: [GC 8679489K->1627342K(14541184K), 0.5356800 secs]
2018-05-21T16:43:40.999+0000: 901860.620: [GC 8690958K->1637046K(14545792K), 0.5656940 secs]
2018-05-21T16:44:04.967+0000: 901884.588: [GC 8707126K->1637116K(14544384K), 0.5329020 secs]
2018-05-21T16:44:27.645+0000: 901907.266: [GC 8707196K->1646490K(14548160K), 0.5427180 secs]
2018-05-21T16:44:49.389+0000: 901929.010: [GC 8721306K->1645735K(14546752K), 0.5060700 secs]
2018-05-21T16:45:12.250+0000: 901951.871: [GC 8720551K->1651952K(14548864K), 0.4457220 secs]
2018-05-21T16:45:35.722+0000: 901975.342: [GC 8729136K->1667713K(14548416K), 0.4772080 secs]
2018-05-21T16:45:59.817+0000: 901999.437: [GC 8744897K->1670386K(14551168K), 0.5344670 secs]
2018-05-21T16:46:22.763+0000: 902022.384: [GC 8751090K->1664746K(14549632K), 0.4506960 secs]
2018-05-21T16:46:44.251+0000: 902043.872: [GC 8745450K->1688309K(14549120K), 0.5474340 secs]
2018-05-21T16:47:06.331+0000: 902065.952: [GC 8767861K->1695260K(14537536K), 0.5525430 secs]
2018-05-21T16:47:26.421+0000: 902086.042: [GC 8774812K->1707116K(14545920K), 0.5310750 secs]
2018-05-21T16:47:49.485+0000: 902109.106: [GC 8782444K->1709728K(14515968K), 0.4680500 secs]
2018-05-21T16:48:11.249+0000: 902130.870: [GC 8785056K->1725907K(14548992K), 0.5102120 secs]
2018-05-21T16:48:32.768+0000: 902152.389: [GC 8802067K->1738495K(14547264K), 0.5311550 secs]
2018-05-21T16:48:54.853+0000: 902174.474: [GC 8814655K->1750146K(14549248K), 0.5484160 secs]
2018-05-21T16:49:15.885+0000: 902195.505: [GC 8828546K->1760956K(14539392K), 0.6030880 secs]
2018-05-21T16:49:50.980+0000: 902230.601: [GC 8839356K->1797281K(14519744K), 0.7099500 secs]
2018-05-21T16:50:48.271+0000: 902287.892: [GC 8845089K->1871473K(14533952K), 0.6865190 secs]
2018-05-21T16:51:50.900+0000: 902350.520: [GC 8919281K->1932224K(14425280K), 0.9907780 secs]
2018-05-21T16:52:51.698+0000: 902411.318: [GC 8871360K->1988778K(14469440K), 0.9516480 secs]
2018-05-21T16:53:14.995+0000: 902434.615: [GC 8927914K->1908876K(14463296K), 0.4902070 secs]
2018-05-21T16:53:34.252+0000: 902453.873: [GC 8821516K->1924203K(14466368K), 0.4948030 secs]
2018-05-21T16:53:53.428+0000: 902473.049: [GC 8836843K->1918450K(14470848K), 0.4745800 secs]
2018-05-21T16:54:27.934+0000: 902507.555: [GC 8838642K->1956549K(14469440K), 0.6190130 secs]
2018-05-21T16:55:27.787+0000: 902567.408: [GC 8876741K->2030100K(14445056K), 0.8795970 secs]
2018-05-21T16:56:25.871+0000: 902625.492: [GC 8933652K->2036918K(14433728K), 0.9597750 secs]
2018-05-21T16:57:15.772+0000: 902675.393: [GC 8940470K->2049266K(14429184K), 0.9752480 secs]
2018-05-21T16:58:14.187+0000: 902733.808: [GC 8908530K->2055057K(14388480K), 0.8936070 secs]
2018-05-21T16:59:11.120+0000: 902790.740: [GC 8914321K->2064560K(14424128K), 0.9084010 secs]
2018-05-21T16:59:41.924+0000: 902821.545: [GC 8902064K->2030846K(14428800K), 0.7222550 secs]
2018-05-21T17:00:00.649+0000: 902840.270: [GC 8868350K->2003542K(14437504K), 0.4640950 secs]
2018-05-21T17:00:53.453+0000: 902893.074: [GC 8857238K->2090780K(14380736K), 0.8225450 secs]
2018-05-21T17:01:41.825+0000: 902941.446: [GC 8944476K->2102352K(14424640K), 0.8354040 secs]
2018-05-21T17:02:45.528+0000: 903005.149: [GC 8939856K->2107979K(14362048K), 0.7958870 secs]
2018-05-21T17:03:47.780+0000: 903067.401: [GC 8945483K->2117303K(14427264K), 0.8941910 secs]
2018-05-21T17:04:47.427+0000: 903127.047: [GC 8952503K->2128802K(14427648K), 0.9346360 secs]
2018-05-21T17:05:42.483+0000: 903182.104: [GC 8964002K->2144058K(14427136K), 0.9911820 secs]
2018-05-21T17:06:41.527+0000: 903241.148: [GC 8979130K->2150448K(14427584K), 0.8662060 secs]
2018-05-21T17:07:42.521+0000: 903302.141: [GC 8985520K->2163144K(14429440K), 0.9739200 secs]
2018-05-21T17:08:53.661+0000: 903373.282: [GC 9000776K->2172948K(14428288K), 0.9758740 secs]
2018-05-21T17:10:06.464+0000: 903446.084: [GC 9010580K->2181721K(14433408K), 0.8320620 secs]
2018-05-21T17:11:24.950+0000: 903524.571: [GC 9026265K->2191327K(14431232K), 0.9130160 secs]
2018-05-21T17:12:22.706+0000: 903582.327: [GC 9035871K->2206995K(14439552K), 0.9223550 secs]
2018-05-21T17:13:19.882+0000: 903639.503: [GC 9063443K->2211891K(14436992K), 0.8731090 secs]
2018-05-21T17:14:17.084+0000: 903696.705: [GC 9068339K->2219954K(14448704K), 0.8975190 secs]
2018-05-21T17:15:09.986+0000: 903749.606: [GC 9093234K->2228644K(14444672K), 0.9158890 secs]
2018-05-21T17:16:05.166+0000: 903804.787: [GC 9101924K->2239332K(14456064K), 0.8381780 secs]
2018-05-21T17:16:57.802+0000: 903857.422: [GC 9127908K->2255240K(14452608K), 0.8933480 secs]
2018-05-21T17:17:57.403+0000: 903917.023: [GC 9143816K->2261490K(14461760K), 0.8764270 secs]
2018-05-21T17:18:54.441+0000: 903974.062: [GC 9160754K->2277194K(14457600K), 0.9161840 secs]
2018-05-21T17:19:50.784+0000: 904030.405: [GC 9176458K->2292736K(14463936K), 0.8892210 secs]
2018-05-21T17:20:47.655+0000: 904087.276: [GC 9200448K->2303306K(14463872K), 0.8090230 secs]
2018-05-21T17:22:01.402+0000: 904161.023: [GC 9211018K->2310222K(14465088K), 0.8833340 secs]
2018-05-21T17:23:00.381+0000: 904220.002: [GC 9219406K->2323754K(14464192K), 0.9337750 secs]
2018-05-21T17:24:03.950+0000: 904283.570: [GC 9232938K->2335690K(14466112K), 0.8887280 secs]
2018-05-21T17:24:57.872+0000: 904337.493: [GC 9248202K->2345714K(14444608K), 0.8604280 secs]
2018-05-21T17:25:56.251+0000: 904395.872: [GC 9258226K->2350121K(14467072K), 0.9277410 secs]
2018-05-21T17:26:35.164+0000: 904434.785: [GC 6931496K->2298575K(14380480K), 0.6074730 secs]
2018-05-21T17:26:35.772+0000: 904435.393: [Full GC 2298575K->1218113K(14380480K), 4.3544260 secs]
2018-05-21T17:27:33.484+0000: 904493.105: [GC 8131137K->1411989K(14457280K), 0.9622930 secs]
2018-05-21T17:28:28.766+0000: 904548.386: [GC 8309397K->1422669K(14458752K), 0.9313590 secs]
2018-05-21T17:29:36.353+0000: 904615.974: [GC 8320077K->1432496K(14459840K), 0.9123110 secs]
2018-05-21T17:30:09.881+0000: 904649.502: [GC 8331632K->1345254K(14329216K), 0.1942190 secs]
2018-05-21T17:31:22.163+0000: 904721.784: [GC 8244390K->1420993K(14451008K), 0.6865770 secs]
2018-05-21T17:32:45.640+0000: 904805.260: [GC 8299841K->1458654K(14447936K), 0.9293410 secs]
2018-05-21T17:33:56.437+0000: 904876.058: [GC 8337502K->1470937K(14450176K), 0.9135250 secs]
2018-05-21T17:34:58.316+0000: 904937.937: [GC 8351961K->1480091K(14450560K), 0.8507920 secs]
2018-05-21T17:36:01.061+0000: 905000.681: [GC 8361115K->1492919K(14451328K), 0.9311400 secs]
2018-05-21T17:37:02.036+0000: 905061.656: [GC 8375287K->1503608K(14451136K), 0.9391380 secs]
2018-05-21T17:38:11.834+0000: 905131.455: [GC 8385976K->1512835K(14453696K), 0.9210480 secs]
2018-05-21T17:39:28.125+0000: 905207.745: [GC 8398467K->1524703K(14452032K), 0.9635980 secs]
2018-05-21T17:40:30.555+0000: 905270.176: [GC 8410335K->1532980K(14457408K), 0.8064460 secs]
2018-05-21T17:41:26.592+0000: 905326.212: [GC 8425140K->1540126K(14454848K), 0.9062790 secs]
2018-05-21T17:42:36.289+0000: 905395.910: [GC 8432286K->1544004K(14464384K), 0.8817800 secs]
2018-05-21T17:43:35.372+0000: 905454.992: [GC 8449284K->1558646K(14460992K), 0.8959350 secs]
2018-05-21T17:44:54.807+0000: 905534.428: [GC 8463926K->1570303K(14468160K), 0.7824080 secs]
2018-05-21T17:45:49.199+0000: 905588.820: [GC 8485759K->1574734K(14467392K), 0.9073800 secs]
2018-05-21T17:46:50.227+0000: 905649.848: [GC 8490190K->1590781K(14471488K), 0.9045350 secs]
2018-05-21T17:47:47.890+0000: 905707.510: [GC 8513021K->1601837K(14470848K), 0.8878550 secs]
2018-05-21T17:48:56.233+0000: 905775.854: [GC 8524077K->1613167K(14472192K), 0.8530220 secs]
2018-05-21T17:49:52.408+0000: 905832.028: [GC 8537263K->1632926K(14458368K), 0.9124540 secs]
2018-05-21T17:50:47.902+0000: 905887.522: [GC 8557022K->1637884K(14471232K), 0.8862260 secs]
2018-05-21T17:51:40.725+0000: 905940.346: [GC 8559612K->1650980K(14470592K), 0.9604250 secs]
2018-05-21T17:52:38.405+0000: 905998.025: [GC 8572708K->1657177K(14472320K), 0.9466300 secs]
2018-05-21T17:53:28.078+0000: 906047.699: [GC 8580313K->1652434K(14470912K), 0.8871050 secs]
2018-05-21T17:54:22.737+0000: 906102.358: [GC 8575570K->1665434K(14474432K), 0.8479400 secs]
2018-05-21T17:55:10.005+0000: 906149.625: [GC 8592474K->1672426K(14472704K), 0.7538610 secs]
2018-05-21T17:55:59.413+0000: 906199.034: [GC 8599466K->1672856K(14474944K), 0.8572830 secs]
2018-05-21T17:57:01.683+0000: 906261.304: [GC 8603160K->1682495K(14475200K), 0.8483870 secs]
2018-05-21T17:58:11.924+0000: 906331.545: [GC 8612799K->1699802K(14477632K), 0.8719270 secs]
2018-05-21T17:59:13.708+0000: 906393.328: [GC 8633050K->1702757K(14475712K), 0.8670670 secs]
2018-05-21T18:00:06.533+0000: 906446.153: [GC 8636005K->1704799K(14478528K), 0.7283430 secs]
2018-05-21T18:01:01.279+0000: 906500.900: [GC 8641759K->1722567K(14478528K), 0.9368220 secs]
2018-05-21T18:02:26.947+0000: 906586.568: [GC 8659527K->1715097K(14478976K), 0.7851240 secs]
2018-05-21T18:03:33.347+0000: 906652.968: [GC 8654361K->1709573K(14426176K), 0.7507670 secs]
2018-05-21T18:04:28.629+0000: 906708.249: [GC 8648837K->1715128K(14472128K), 0.6593020 secs]
2018-05-21T18:05:12.560+0000: 906752.181: [GC 8644024K->1734209K(14474496K), 0.6703930 secs]
2018-05-21T18:05:54.291+0000: 906793.912: [GC 8663105K->1748781K(14476800K), 0.7290090 secs]
2018-05-21T18:06:54.906+0000: 906854.527: [GC 8680429K->1755558K(14474944K), 0.8066830 secs]
2018-05-21T18:07:45.784+0000: 906905.404: [GC 8687206K->1776096K(14480512K), 0.8638720 secs]
2018-05-21T18:08:41.848+0000: 906961.468: [GC 8715360K->1788398K(14478848K), 0.8127140 secs]
2018-05-21T18:09:31.904+0000: 907011.525: [GC 8727662K->1795712K(14481792K), 0.8637120 secs]
2018-05-21T18:10:27.905+0000: 907067.525: [GC 8737472K->1808242K(14480064K), 0.8483640 secs]
2018-05-21T18:11:27.941+0000: 907127.562: [GC 8750002K->1820222K(14479424K), 0.9006010 secs]
2018-05-21T18:12:26.863+0000: 907186.484: [GC 8761406K->1831237K(14465728K), 0.9202780 secs]
2018-05-21T18:13:24.813+0000: 907244.434: [GC 8772421K->1835054K(14478720K), 0.8898840 secs]
2018-05-21T18:14:36.014+0000: 907315.635: [GC 8772142K->1842747K(14478464K), 0.8886640 secs]
2018-05-21T18:15:34.376+0000: 907373.997: [GC 8779835K->1854479K(14477824K), 0.8420440 secs]
2018-05-21T18:16:29.024+0000: 907428.645: [GC 8790799K->1862634K(14458624K), 0.8426610 secs]
2018-05-21T18:17:27.999+0000: 907487.620: [GC 8798954K->1872496K(14477760K), 0.8549210 secs]
2018-05-21T18:18:38.292+0000: 907557.913: [GC 8808304K->1875448K(14477952K), 0.8889140 secs]
2018-05-21T18:19:51.722+0000: 907631.342: [GC 8811256K->1886062K(14482624K), 0.9215330 secs]
2018-05-21T18:21:04.768+0000: 907704.389: [GC 8829038K->1898403K(14480448K), 0.8913040 secs]
2018-05-21T18:21:59.931+0000: 907759.552: [GC 8841379K->1913244K(14480512K), 0.9472330 secs]
2018-05-21T18:23:07.448+0000: 907827.069: [GC 8856988K->1919354K(14467584K), 0.8775920 secs]
2018-05-21T18:24:12.776+0000: 907892.396: [GC 8863098K->1939265K(14477056K), 0.9123770 secs]
2018-05-21T18:25:14.711+0000: 907954.332: [GC 8877889K->1944586K(14464064K), 0.8330570 secs]
2018-05-21T18:26:12.702+0000: 908012.323: [GC 8883210K->1955375K(14476288K), 0.9305390 secs]
2018-05-21T18:26:40.136+0000: 908039.757: [GC 5336620K->1869152K(14365632K), 0.4472470 secs]
2018-05-21T18:26:40.584+0000: 908040.205: [Full GC 1869152K->1153369K(14365632K), 3.4797940 secs]
2018-05-21T18:27:38.556+0000: 908098.177: [GC 8088793K->1337254K(14464320K), 0.8297860 secs]
2018-05-21T18:28:42.155+0000: 908161.776: [GC 8245926K->1348368K(14464384K), 0.8088430 secs]
2018-05-21T18:29:53.715+0000: 908233.335: [GC 8257040K->1354375K(14466048K), 0.9350700 secs]
2018-05-21T18:30:53.311+0000: 908292.932: [GC 8265351K->1363378K(14465024K), 0.8045600 secs]
2018-05-21T18:31:55.367+0000: 908354.988: [GC 8274354K->1374780K(14467776K), 0.9034440 secs]
2018-05-21T18:33:00.266+0000: 908419.887: [GC 8289788K->1384146K(14467328K), 0.8758580 secs]
2018-05-21T18:33:59.329+0000: 908478.949: [GC 8299154K->1389925K(14470528K), 0.9254360 secs]
2018-05-21T18:35:01.478+0000: 908541.098: [GC 8309029K->1404707K(14468672K), 0.8383750 secs]
2018-05-21T18:36:04.981+0000: 908604.602: [GC 8323811K->1410000K(14471872K), 0.8827920 secs]
2018-05-21T18:37:15.820+0000: 908675.441: [GC 8331600K->1426043K(14469824K), 0.8942800 secs]
2018-05-21T18:38:18.199+0000: 908737.820: [GC 8347643K->1442090K(14470784K), 0.8130920 secs]
2018-05-21T18:39:28.106+0000: 908807.726: [GC 8364842K->1451391K(14471424K), 0.9002630 secs]
2018-05-21T18:40:37.535+0000: 908877.156: [GC 8374143K->1459314K(14472768K), 0.8506690 secs]
2018-05-21T18:41:38.160+0000: 908937.780: [GC 8383666K->1474632K(14456512K), 0.9025570 secs]
2018-05-21T18:42:51.778+0000: 909011.399: [GC 8398984K->1488303K(14469312K), 0.8912660 secs]
2018-05-21T18:44:03.638+0000: 909083.259: [GC 8409007K->1503144K(14455104K), 0.7948530 secs]
2018-05-21T18:45:08.943+0000: 909148.563: [GC 8423848K->1526815K(14467008K), 0.8328920 secs]
2018-05-21T18:46:03.682+0000: 909203.303: [GC 8442783K->1543659K(14452032K), 0.9469610 secs]
2018-05-21T18:47:10.419+0000: 909270.039: [GC 8459627K->1551108K(14468160K), 0.9095160 secs]
2018-05-21T18:48:02.983+0000: 909322.604: [GC 8466052K->1561400K(14466880K), 0.8765830 secs]
2018-05-21T18:49:04.656+0000: 909384.277: [GC 8476344K->1572506K(14471424K), 0.8969700 secs]
2018-05-21T18:50:04.018+0000: 909443.638: [GC 8493722K->1583535K(14469888K), 0.8501310 secs]
2018-05-21T18:51:04.937+0000: 909504.557: [GC 8504751K->1592199K(14475136K), 0.9250500 secs]
2018-05-21T18:52:08.425+0000: 909568.046: [GC 8520711K->1605008K(14473472K), 0.9543670 secs]
2018-05-21T18:53:16.639+0000: 909636.260: [GC 8533520K->1616333K(14478080K), 0.9100520 secs]
2018-05-21T18:54:26.238+0000: 909705.859: [GC 8550925K->1629528K(14476608K), 0.9461400 secs]
2018-05-21T18:55:40.132+0000: 909779.752: [GC 8564120K->1643893K(14475904K), 0.8236550 secs]
2018-05-21T18:56:47.737+0000: 909847.358: [GC 8578421K->1656942K(14469632K), 0.8003220 secs]
2018-05-21T18:57:49.001+0000: 909908.621: [GC 8591470K->1682218K(14473472K), 0.9145870 secs]
2018-05-21T18:58:43.571+0000: 909963.192: [GC 8611882K->1701925K(14474880K), 0.9280320 secs]
2018-05-21T19:00:14.012+0000: 910053.633: [GC 8631589K->1709455K(14476736K), 0.8364800 secs]
2018-05-21T19:10:59.033+0000: 910698.654: [GC 8642063K->1682946K(14419584K), 0.5939070 secs]
2018-05-21T19:19:42.611+0000: 911222.232: [GC 8615554K->1710112K(14457920K), 0.6599860 secs]
2018-05-21T19:26:44.075+0000: 911643.695: [GC 7401275K->1709573K(14353280K), 0.5218560 secs]
2018-05-21T19:26:44.597+0000: 911644.217: [Full GC 1709573K->1114439K(14353280K), 3.7945690 secs]
2018-05-21T19:36:18.671+0000: 912218.292: [GC 8023111K->1240407K(14449728K), 0.5934220 secs]
2018-05-21T19:44:32.973+0000: 912712.593: [GC 8125143K->1265784K(14352768K), 0.6033000 secs]
2018-05-21T19:51:56.477+0000: 913156.097: [GC 8150520K->1281796K(14449408K), 0.6052680 secs]
2018-05-21T20:01:08.141+0000: 913707.761: [GC 8162692K->1299628K(14450496K), 0.5977150 secs]
2018-05-21T20:10:56.453+0000: 914296.073: [GC 8180524K->1313401K(14450944K), 0.5599740 secs]
2018-05-21T20:19:46.036+0000: 914825.656: [GC 8194745K->1335692K(14450496K), 0.5744510 secs]
2018-05-21T20:26:48.402+0000: 915248.022: [GC 5875116K->1316005K(14445568K), 0.3563170 secs]
2018-05-21T20:26:48.758+0000: 915248.379: [Full GC 1316005K->806312K(14445568K), 2.5543250 secs]
2018-05-21T20:37:05.679+0000: 915865.299: [GC 7684648K->923976K(14449216K), 0.5623100 secs]
2018-05-21T20:46:02.065+0000: 916401.686: [GC 7802312K->949228K(14459904K), 0.5834730 secs]
2018-05-21T20:57:14.468+0000: 917074.089: [GC 7843244K->966204K(14454208K), 0.5672930 secs]
2018-05-21T21:08:15.358+0000: 917734.978: [GC 7860220K->984790K(14469056K), 0.5783370 secs]
2018-05-21T21:22:10.375+0000: 918569.996: [GC 7898518K->1000468K(14464768K), 0.5329980 secs]
2018-05-21T21:26:51.323+0000: 918850.943: [GC 3965309K->962780K(14460928K), 0.2468920 secs]
2018-05-21T21:26:51.570+0000: 918851.191: [Full GC 962780K->669072K(14460928K), 2.6645910 secs]
2018-05-21T21:39:22.643+0000: 919602.263: [GC 7582992K->775376K(14467008K), 0.5205660 secs]
2018-05-21T21:56:59.908+0000: 920659.529: [GC 7689296K->788480K(14479168K), 0.5295780 secs]
2018-05-21T22:15:07.980+0000: 921747.601: [GC 7720896K->806935K(14473344K), 0.4730730 secs]
2018-05-21T22:26:54.245+0000: 922453.866: [GC 5180886K->787393K(14482432K), 0.3424120 secs]
2018-05-21T22:26:54.587+0000: 922454.208: [Full GC 787393K->515945K(14482432K), 2.0487000 secs]
2018-05-21T22:54:41.350+0000: 924120.971: [GC 7463529K->627241K(14483840K), 0.5386360 secs]
2018-05-21T23:13:29.920+0000: 925249.541: [GC 7574825K->640432K(14496960K), 0.5263700 secs]
2018-05-21T23:26:56.647+0000: 926056.267: [GC 4456670K->611166K(14492032K), 0.2654590 secs]
2018-05-21T23:26:56.912+0000: 926056.533: [Full GC 611166K->471581K(14492032K), 2.2649180 secs]
2018-05-22T00:08:13.749+0000: 928533.370: [GC 7440477K->567431K(14500480K), 0.5092400 secs]
2018-05-22T00:26:59.187+0000: 929658.808: [GC 2885023K->522262K(14493824K), 0.1727340 secs]
2018-05-22T00:26:59.360+0000: 929658.981: [Full GC 522262K->394646K(14493824K), 1.6217360 secs]
2018-05-22T01:27:00.994+0000: 933260.614: [GC 6602440K->479608K(14502720K), 0.4631960 secs]
2018-05-22T01:27:01.457+0000: 933261.078: [Full GC 479608K->395960K(14502720K), 1.8152310 secs]
2018-05-22T02:26:44.789+0000: 936844.410: [GC 7374584K->483754K(14496000K), 0.4990840 secs]
2018-05-22T02:27:03.283+0000: 936862.904: [GC 568140K->416619K(14492864K), 0.0451630 secs]
2018-05-22T02:27:03.328+0000: 936862.949: [Full GC 416619K->295187K(14492864K), 1.7530920 secs]
2018-05-22T03:05:58.010+0000: 939197.630: [GC 7277587K->381510K(14501248K), 0.4572820 secs]
2018-05-22T03:27:05.092+0000: 940464.713: [GC 5399598K->376243K(14515200K), 0.3241690 secs]
2018-05-22T03:27:05.416+0000: 940465.037: [Full GC 376243K->340418K(14515200K), 1.9232310 secs]
2018-05-22T03:47:38.807+0000: 941698.428: [GC 7345794K->429042K(14510272K), 0.4317050 secs]
2018-05-22T04:04:49.196+0000: 942728.817: [GC 7434418K->447525K(14526208K), 0.4582210 secs]
2018-05-22T04:24:05.094+0000: 943884.714: [GC 7475045K->468559K(14521408K), 0.4792560 secs]
2018-05-22T04:27:07.351+0000: 944066.971: [GC 1664977K->411204K(14518784K), 0.1117950 secs]
2018-05-22T04:27:07.463+0000: 944067.083: [Full GC 411204K->319770K(14518784K), 1.5758840 secs]
2018-05-22T04:42:16.059+0000: 944975.680: [GC 7347226K->422218K(14469952K), 0.4784320 secs]
2018-05-22T04:58:25.591+0000: 945945.212: [GC 7449674K->435565K(14525952K), 0.4708520 secs]
2018-05-22T05:14:08.264+0000: 946887.885: [GC 7464301K->455555K(14522880K), 0.5118760 secs]
2018-05-22T05:26:53.904+0000: 947653.524: [GC 7484291K->476924K(14526208K), 0.5279080 secs]
2018-05-22T05:27:09.047+0000: 947668.668: [GC 595900K->396970K(14374912K), 0.0509570 secs]
2018-05-22T05:27:09.099+0000: 947668.719: [Full GC 396970K->341681K(14374912K), 1.7134730 secs]
2018-05-22T05:38:15.271+0000: 948334.892: [GC 7374513K->443984K(14517440K), 0.4848250 secs]
2018-05-22T05:50:25.060+0000: 949064.681: [GC 7460176K->462701K(14462848K), 0.4608640 secs]
2018-05-22T06:00:42.253+0000: 949681.874: [GC 7478893K->485071K(14513408K), 0.4894470 secs]
2018-05-22T06:09:50.094+0000: 950229.714: [GC 7494991K->514239K(14470848K), 0.5479310 secs]
2018-05-22T06:18:05.482+0000: 950725.103: [GC 7524159K->542093K(14502848K), 0.5553930 secs]
2018-05-22T06:27:10.822+0000: 951270.443: [GC 7077224K->560558K(14506368K), 0.4975480 secs]
2018-05-22T06:27:11.321+0000: 951270.941: [Full GC 560558K->502671K(14506368K), 1.7432920 secs]
2018-05-22T06:36:53.664+0000: 951853.285: [GC 7495311K->617263K(14507392K), 0.5274740 secs]
2018-05-22T06:47:31.673+0000: 952491.294: [GC 7611567K->643557K(14507008K), 0.5665730 secs]
2018-05-22T06:58:13.980+0000: 953133.601: [GC 7637861K->671276K(14507200K), 0.5767630 secs]
2018-05-22T07:09:06.581+0000: 953786.202: [GC 7665836K->716088K(14471936K), 0.5426050 secs]
2018-05-22T07:18:02.338+0000: 954321.959: [GC 7710648K->754017K(14498048K), 0.5642380 secs]
2018-05-22T07:26:46.119+0000: 954845.740: [GC 7732833K->788433K(14499456K), 0.5526800 secs]
2018-05-22T07:27:13.074+0000: 954872.695: [GC 1345036K->711813K(14480960K), 0.1152970 secs]
2018-05-22T07:27:13.190+0000: 954872.811: [Full GC 711813K->559184K(14480960K), 2.6137410 secs]
2018-05-22T07:34:28.038+0000: 955307.659: [GC 7519952K->679824K(14490432K), 0.5186830 secs]
2018-05-22T07:43:34.558+0000: 955854.179: [GC 7640592K->714295K(14487552K), 0.5549850 secs]
2018-05-22T07:52:24.396+0000: 956384.017: [GC 7673143K->744929K(14489472K), 0.5531910 secs]
2018-05-22T08:01:06.451+0000: 956906.071: [GC 7703777K->768999K(14494400K), 0.5292430 secs]
2018-05-22T08:02:33.796+0000: 956993.417: [GC 7733927K->874205K(14490624K), 0.9639660 secs]
2018-05-22T08:04:05.097+0000: 957084.717: [GC 7839133K->889886K(14402304K), 0.9213780 secs]
2018-05-22T08:05:38.380+0000: 957178.001: [GC 7762718K->895291K(14387200K), 0.7906470 secs]
2018-05-22T08:06:29.158+0000: 957228.779: [GC 7768123K->914000K(14425024K), 0.8714470 secs]
2018-05-22T08:07:32.630+0000: 957292.250: [GC 7757904K->920974K(14362880K), 0.8640780 secs]
2018-05-22T08:08:57.727+0000: 957377.347: [GC 7764878K->921287K(14427200K), 0.8397900 secs]
2018-05-22T08:10:17.233+0000: 957456.854: [GC 7755335K->930238K(14426944K), 0.8269510 secs]
2018-05-22T08:11:32.384+0000: 957532.005: [GC 7764286K->923814K(14433984K), 0.7891430 secs]
2018-05-22T08:12:27.298+0000: 957586.919: [GC 7765094K->916523K(14427392K), 0.6865590 secs]
2018-05-22T08:13:17.783+0000: 957637.403: [GC 7757803K->915550K(14449344K), 0.6544360 secs]
2018-05-22T08:14:14.524+0000: 957694.145: [GC 7787806K->919171K(14443008K), 0.6009100 secs]
2018-05-22T08:15:12.683+0000: 957752.303: [GC 7791427K->920387K(14459072K), 0.4930300 secs]
2018-05-22T08:15:36.222+0000: 957775.842: [GC 7814211K->899805K(14454848K), 0.3416920 secs]
2018-05-22T08:15:56.969+0000: 957796.590: [GC 7793629K->929828K(14461632K), 0.4613020 secs]
2018-05-22T08:16:14.351+0000: 957813.972: [GC 7829028K->938628K(14457664K), 0.4634870 secs]
2018-05-22T08:16:34.733+0000: 957834.354: [GC 7837828K->943999K(14468544K), 0.4398130 secs]
2018-05-22T08:16:54.412+0000: 957854.032: [GC 7857791K->963715K(14465344K), 0.5092180 secs]
2018-05-22T08:17:19.096+0000: 957878.716: [GC 7877507K->944303K(14475648K), 0.3404330 secs]
2018-05-22T08:17:40.034+0000: 957899.655: [GC 7874223K->974922K(14474368K), 0.4690850 secs]
2018-05-22T08:18:04.408+0000: 957924.028: [GC 7904842K->961262K(14483328K), 0.3830350 secs]
2018-05-22T08:18:25.892+0000: 957945.513: [GC 7906030K->985290K(14481536K), 0.4327390 secs]
2018-05-22T08:18:43.527+0000: 957963.148: [GC 7930058K->1000558K(14495232K), 0.4726820 secs]
2018-05-22T08:19:03.884+0000: 957983.504: [GC 7964654K->1009601K(14488960K), 0.4220110 secs]
2018-05-22T08:19:26.253+0000: 958005.873: [GC 7973697K->1036642K(14506880K), 0.5086070 secs]
2018-05-22T08:19:46.996+0000: 958026.617: [GC 8023842K->1056718K(14500416K), 0.5109740 secs]
2018-05-22T08:20:09.536+0000: 958049.156: [GC 8043918K->1064343K(14516800K), 0.4503590 secs]
2018-05-22T08:20:52.785+0000: 958092.406: [GC 8072791K->1143792K(14511744K), 0.8200400 secs]
2018-05-22T08:21:56.564+0000: 958156.185: [GC 8152240K->1133319K(14479616K), 0.6053930 secs]
2018-05-22T08:22:20.137+0000: 958179.758: [GC 8104583K->1128594K(14495680K), 0.4943220 secs]
2018-05-22T08:22:36.149+0000: 958195.770: [GC 8099858K->1139874K(14506496K), 0.5552100 secs]
2018-05-22T08:22:54.766+0000: 958214.386: [GC 8127586K->1155118K(14501312K), 0.5705690 secs]
2018-05-22T08:23:11.868+0000: 958231.489: [GC 8142830K->1155196K(14513984K), 0.5198850 secs]
2018-05-22T08:23:30.286+0000: 958249.907: [GC 8159548K->1156432K(14510464K), 0.4372720 secs]
2018-05-22T08:23:50.186+0000: 958269.807: [GC 8160784K->1164893K(14518912K), 0.4604570 secs]
2018-05-22T08:24:06.939+0000: 958286.560: [GC 8179997K->1184209K(14516288K), 0.5451790 secs]
2018-05-22T08:24:26.129+0000: 958305.750: [GC 8199313K->1200855K(14524160K), 0.5841970 secs]
2018-05-22T08:24:44.832+0000: 958324.453: [GC 8228439K->1193318K(14523520K), 0.4790730 secs]
2018-05-22T08:25:04.632+0000: 958344.253: [GC 8220902K->1208206K(14529920K), 0.4413900 secs]
2018-05-22T08:25:28.170+0000: 958367.791: [GC 8244494K->1221994K(14526464K), 0.5215580 secs]
2018-05-22T08:25:48.928+0000: 958388.549: [GC 8258282K->1221916K(14534144K), 0.5445140 secs]
2018-05-22T08:26:06.601+0000: 958406.221: [GC 8267164K->1229512K(14531200K), 0.5020040 secs]
2018-05-22T08:26:26.445+0000: 958426.066: [GC 8274760K->1239430K(14539712K), 0.5390480 secs]
2018-05-22T08:26:43.868+0000: 958443.488: [GC 8295942K->1244171K(14536896K), 0.5125480 secs]
2018-05-22T08:27:02.828+0000: 958462.449: [GC 8300683K->1256199K(14543296K), 0.5232500 secs]
2018-05-22T08:27:15.814+0000: 958475.435: [GC 6124151K->1228456K(14481280K), 0.3521700 secs]
2018-05-22T08:27:16.167+0000: 958475.788: [Full GC 1228456K->833722K(14481280K), 3.3281530 secs]
2018-05-22T08:27:36.910+0000: 958496.531: [GC 7894906K->951611K(14540032K), 0.4988860 secs]
2018-05-22T08:27:56.385+0000: 958516.005: [GC 8011323K->962324K(14539776K), 0.5407760 secs]
2018-05-22T08:28:15.988+0000: 958535.608: [GC 8022036K->960969K(14543424K), 0.4617400 secs]
2018-05-22T08:28:36.291+0000: 958555.912: [GC 8026185K->981271K(14541888K), 0.4999720 secs]
2018-05-22T08:29:03.345+0000: 958582.966: [GC 8046487K->989443K(14544128K), 0.5153800 secs]
2018-05-22T08:29:23.551+0000: 958603.171: [GC 8056643K->1001811K(14543168K), 0.5136590 secs]
2018-05-22T08:29:42.668+0000: 958622.289: [GC 8069011K->1017531K(14541504K), 0.5523340 secs]
2018-05-22T08:30:00.392+0000: 958640.013: [GC 8083899K->1012615K(14543232K), 0.4436970 secs]
2018-05-22T08:30:20.425+0000: 958660.045: [GC 8078983K->1041542K(14538432K), 0.5911750 secs]
2018-05-22T08:30:38.231+0000: 958677.852: [GC 8104582K->1031085K(14541568K), 0.4587330 secs]
2018-05-22T08:30:58.012+0000: 958697.633: [GC 8094125K->1045957K(14544384K), 0.5249240 secs]
2018-05-22T08:31:15.757+0000: 958715.377: [GC 8113093K->1054731K(14542848K), 0.5626160 secs]
2018-05-22T08:31:34.812+0000: 958734.432: [GC 8121867K->1051881K(14546304K), 0.4942920 secs]
2018-05-22T08:31:55.104+0000: 958754.725: [GC 8123369K->1066601K(14545280K), 0.5508090 secs]
2018-05-22T08:32:15.949+0000: 958775.569: [GC 8138089K->1068995K(14548608K), 0.5604070 secs]
2018-05-22T08:32:41.375+0000: 958800.996: [GC 8144835K->1053921K(14504512K), 0.4111710 secs]
2018-05-22T08:32:59.247+0000: 958818.868: [GC 8129761K->1083689K(14547648K), 0.5286740 secs]
2018-05-22T08:33:19.316+0000: 958838.937: [GC 8157289K->1082142K(14546048K), 0.4904410 secs]
2018-05-22T08:33:42.823+0000: 958862.444: [GC 8155742K->1093817K(14550592K), 0.5055450 secs]
2018-05-22T08:34:01.979+0000: 958881.600: [GC 8173113K->1107714K(14548800K), 0.5431040 secs]
2018-05-22T08:34:19.952+0000: 958899.573: [GC 8187010K->1109641K(14551104K), 0.5030690 secs]
2018-05-22T08:34:39.717+0000: 958919.338: [GC 8190601K->1122871K(14549952K), 0.5050590 secs]
2018-05-22T08:34:56.669+0000: 958936.290: [GC 8203831K->1129172K(14551168K), 0.4486840 secs]
2018-05-22T08:35:15.016+0000: 958954.637: [GC 8210260K->1130716K(14550016K), 0.4668340 secs]
2018-05-22T08:35:35.957+0000: 958975.578: [GC 8211804K->1145085K(14552832K), 0.4507750 secs]
2018-05-22T08:35:52.586+0000: 958992.207: [GC 8229565K->1159766K(14551744K), 0.5512330 secs]
2018-05-22T08:36:14.427+0000: 959014.048: [GC 8244246K->1167870K(14550656K), 0.5543800 secs]
2018-05-22T08:36:33.359+0000: 959032.980: [GC 8250750K->1170765K(14551488K), 0.5586990 secs]
2018-05-22T08:36:54.618+0000: 959054.239: [GC 8253645K->1174335K(14553536K), 0.5047500 secs]
2018-05-22T08:37:14.849+0000: 959074.470: [GC 8260607K->1182292K(14552832K), 0.5011700 secs]
2018-05-22T08:37:36.803+0000: 959096.423: [GC 8268564K->1193074K(14555392K), 0.5389650 secs]
2018-05-22T08:37:57.623+0000: 959117.244: [GC 8282802K->1205580K(14550336K), 0.5622510 secs]
2018-05-22T08:38:18.956+0000: 959138.577: [GC 8295308K->1208266K(14554176K), 0.5135060 secs]
2018-05-22T08:38:39.638+0000: 959159.258: [GC 8296138K->1208222K(14531392K), 0.5062740 secs]
2018-05-22T08:38:59.756+0000: 959179.377: [GC 8296094K->1212986K(14553088K), 0.4681510 secs]
2018-05-22T08:39:23.808+0000: 959203.429: [GC 8299578K->1225677K(14553344K), 0.4965790 secs]
2018-05-22T08:39:46.491+0000: 959226.112: [GC 8312269K->1220495K(14552704K), 0.4438260 secs]
2018-05-22T08:40:09.142+0000: 959248.763: [GC 8307599K->1244730K(14543680K), 0.4931180 secs]
2018-05-22T08:40:29.707+0000: 959269.328: [GC 8331834K->1244124K(14554048K), 0.4999770 secs]
2018-05-22T08:40:50.394+0000: 959290.015: [GC 8331036K->1243339K(14552960K), 0.4605370 secs]
2018-05-22T08:41:12.064+0000: 959311.685: [GC 8330251K->1269915K(14547584K), 0.5552980 secs]
2018-05-22T08:41:34.524+0000: 959334.144: [GC 8351515K->1265698K(14550848K), 0.5058180 secs]
2018-05-22T08:41:56.224+0000: 959355.845: [GC 8347298K->1282768K(14549440K), 0.5604120 secs]
2018-05-22T08:42:20.491+0000: 959380.112: [GC 8364368K->1284544K(14550848K), 0.5352580 secs]
2018-05-22T08:42:44.360+0000: 959403.981: [GC 8366144K->1286267K(14552192K), 0.5050510 secs]
2018-05-22T08:43:05.467+0000: 959425.087: [GC 8369659K->1295604K(14551296K), 0.5086620 secs]
2018-05-22T08:43:23.681+0000: 959443.302: [GC 8378996K->1301854K(14554816K), 0.4805660 secs]
2018-05-22T08:43:42.366+0000: 959461.986: [GC 8390238K->1323748K(14552000K), 0.6124120 secs]
2018-05-22T08:44:02.176+0000: 959481.797: [GC 8412132K->1324309K(14551616K), 0.5666520 secs]
2018-05-22T08:44:22.968+0000: 959502.588: [GC 8407829K->1323779K(14551808K), 0.4925380 secs]
2018-05-22T08:44:42.707+0000: 959522.327: [GC 8407299K->1331622K(14552896K), 0.5065620 secs]
2018-05-22T08:45:06.305+0000: 959545.926: [GC 8416806K->1343380K(14552384K), 0.4756790 secs]
2018-05-22T08:45:28.280+0000: 959567.901: [GC 8428564K->1357965K(14552064K), 0.5057130 secs]
2018-05-22T08:45:50.476+0000: 959590.097: [GC 8444173K->1353980K(14553152K), 0.4822830 secs]
2018-05-22T08:46:10.063+0000: 959609.684: [GC 8440188K->1373355K(14551232K), 0.5597490 secs]
2018-05-22T08:46:30.944+0000: 959630.565: [GC 8457899K->1367068K(14552320K), 0.4702570 secs]
2018-05-22T08:46:49.603+0000: 959649.223: [GC 8451612K->1379983K(14553920K), 0.4956220 secs]
2018-05-22T08:47:12.200+0000: 959671.820: [GC 8466447K->1381660K(14552640K), 0.4224630 secs]
2018-05-22T08:47:34.178+0000: 959693.798: [GC 8468124K->1402523K(14554624K), 0.4972120 secs]
2018-05-22T08:47:54.441+0000: 959714.061: [GC 8490459K->1426754K(14548416K), 0.5455470 secs]
2018-05-22T08:48:11.525+0000: 959731.146: [GC 8514690K->1437113K(14550144K), 0.5313860 secs]
2018-05-22T08:48:29.349+0000: 959748.970: [GC 8519609K->1459704K(14551296K), 0.5838010 secs]
2018-05-22T08:48:48.722+0000: 959768.343: [GC 8542200K->1479154K(14512896K), 0.6187620 secs]
2018-05-22T08:49:06.965+0000: 959786.585: [GC 8523250K->1490770K(14532096K), 0.5729200 secs]
2018-05-22T08:49:25.980+0000: 959805.601: [GC 8534866K->1496113K(14535104K), 0.5207370 secs]
2018-05-22T08:49:44.910+0000: 959824.531: [GC 8543601K->1495168K(14532480K), 0.5368340 secs]
2018-05-22T08:50:03.158+0000: 959842.779: [GC 8542656K->1495465K(14536192K), 0.4453760 secs]
2018-05-22T08:50:28.223+0000: 959867.843: [GC 8547753K->1502800K(14536192K), 0.4301320 secs]
2018-05-22T08:50:46.213+0000: 959885.834: [GC 8555088K->1522291K(14539328K), 0.5426630 secs]
2018-05-22T08:51:03.436+0000: 959903.056: [GC 8578355K->1522230K(14536832K), 0.4972220 secs]
2018-05-22T08:51:24.990+0000: 959924.610: [GC 8578294K->1539688K(14541760K), 0.5294420 secs]
2018-05-22T08:51:43.093+0000: 959942.714: [GC 8601768K->1532379K(14540416K), 0.4702120 secs]
2018-05-22T08:52:05.684+0000: 959965.305: [GC 8594459K->1547726K(14543616K), 0.4818300 secs]
2018-05-22T08:52:23.221+0000: 959982.842: [GC 8613006K->1545238K(14541760K), 0.4532380 secs]
2018-05-22T08:52:39.722+0000: 959999.343: [GC 8610518K->1572954K(14544064K), 0.5201370 secs]
2018-05-22T08:52:56.836+0000: 960016.457: [GC 8640154K->1583630K(14543232K), 0.5017770 secs]
2018-05-22T08:53:12.307+0000: 960031.928: [GC 8650830K->1603554K(14540224K), 0.5731260 secs]
2018-05-22T08:53:28.651+0000: 960048.272: [GC 8668130K->1597912K(14542336K), 0.4818160 secs]
2018-05-22T08:53:45.968+0000: 960065.589: [GC 8662488K->1605791K(14544704K), 0.4823450 secs]
2018-05-22T08:54:04.327+0000: 960083.947: [GC 8674143K->1621738K(14543744K), 0.5025070 secs]
2018-05-22T08:54:22.371+0000: 960101.992: [GC 8690090K->1612538K(14544448K), 0.4203830 secs]
2018-05-22T08:54:40.703+0000: 960120.324: [GC 8683514K->1634218K(14545536K), 0.4841030 secs]
2018-05-22T08:54:55.813+0000: 960135.434: [GC 8705194K->1650915K(14547200K), 0.5412680 secs]
2018-05-22T08:55:15.377+0000: 960154.998: [GC 8725475K->1635616K(14508608K), 0.3702890 secs]
2018-05-22T08:55:33.633+0000: 960173.254: [GC 8710176K->1652890K(14547840K), 0.4981000 secs]
2018-05-22T08:55:55.645+0000: 960195.266: [GC 8727194K->1652428K(14546560K), 0.4778690 secs]
2018-05-22T08:56:14.757+0000: 960214.378: [GC 8726732K->1663030K(14549824K), 0.4772560 secs]
2018-05-22T08:56:31.246+0000: 960230.866: [GC 8741046K->1680497K(14548288K), 0.5404630 secs]
2018-05-22T08:56:49.530+0000: 960249.151: [GC 8758513K->1678245K(14551424K), 0.4693330 secs]
2018-05-22T08:57:08.684+0000: 960268.305: [GC 8759845K->1697100K(14550272K), 0.5251870 secs]
2018-05-22T08:57:27.131+0000: 960286.752: [GC 8778700K->1694533K(14552256K), 0.4574010 secs]
2018-05-22T08:57:48.858+0000: 960308.479: [GC 8777669K->1697911K(14550976K), 0.4211910 secs]
2018-05-22T08:58:09.825+0000: 960329.445: [GC 8781047K->1706018K(14553984K), 0.4691870 secs]
2018-05-22T08:58:28.657+0000: 960348.278: [GC 8792738K->1723248K(14552832K), 0.4918740 secs]
2018-05-22T08:58:49.334+0000: 960368.954: [GC 8809968K->1725569K(14556288K), 0.4739390 secs]
2018-05-22T08:59:11.172+0000: 960390.793: [GC 8816513K->1730992K(14554752K), 0.4529180 secs]
2018-05-22T08:59:31.033+0000: 960410.654: [GC 8821936K->1750860K(14555008K), 0.5188600 secs]
2018-05-22T08:59:48.178+0000: 960427.799: [GC 8842828K->1754252K(14556032K), 0.5446310 secs]
2018-05-22T09:00:08.804+0000: 960448.425: [GC 8846220K->1761223K(14557120K), 0.4454450 secs]
2018-05-22T09:00:26.596+0000: 960466.217: [GC 8854855K->1777985K(14550912K), 0.5050470 secs]
2018-05-22T09:00:44.147+0000: 960483.768: [GC 8871617K->1778487K(14556160K), 0.4930540 secs]
2018-05-22T09:01:33.308+0000: 960532.929: [GC 8869431K->1798707K(14554176K), 0.5307930 secs]
2018-05-22T09:01:54.111+0000: 960553.732: [GC 8889651K->1783307K(14548416K), 0.4501610 secs]
2018-05-22T09:02:12.385+0000: 960572.005: [GC 8865803K->1784976K(14508800K), 0.3998980 secs]
2018-05-22T09:03:07.928+0000: 960627.549: [GC 8867472K->1844619K(14524992K), 0.5953320 secs]
2018-05-22T09:04:08.024+0000: 960687.645: [GC 8899211K->1859167K(14525696K), 0.5539670 secs]
2018-05-22T09:04:51.390+0000: 960731.011: [GC 8913759K->1846421K(14535360K), 0.4422110 secs]
2018-05-22T09:05:08.077+0000: 960747.698: [GC 8894421K->1834738K(14532736K), 0.2789740 secs]
2018-05-22T09:05:19.586+0000: 960759.207: [GC 8882738K->1856570K(14535552K), 0.3768440 secs]
2018-05-22T09:05:35.267+0000: 960774.887: [GC 8905914K->1870302K(14533888K), 0.4373940 secs]
2018-05-22T09:05:53.886+0000: 960793.507: [GC 8919646K->1898682K(14533760K), 0.5807760 secs]
2018-05-22T09:06:16.939+0000: 960816.559: [GC 8950970K->1882825K(14536192K), 0.5077780 secs]
2018-05-22T09:06:43.751+0000: 960843.372: [GC 8935113K->1893758K(14540992K), 0.4646080 secs]
2018-05-22T09:07:06.236+0000: 960865.857: [GC 8952574K->1910232K(14537920K), 0.5815810 secs]
2018-05-22T09:07:24.291+0000: 960883.912: [GC 8969048K->1919347K(14541760K), 0.4690350 secs]
2018-05-22T09:07:44.473+0000: 960904.094: [GC 8982643K->1926017K(14541632K), 0.5031350 secs]
2018-05-22T09:08:02.726+0000: 960922.347: [GC 8989313K->1939438K(14542144K), 0.5619700 secs]
2018-05-22T09:08:22.188+0000: 960941.809: [GC 9004654K->1942394K(14542656K), 0.4869300 secs]
2018-05-22T09:08:43.167+0000: 960962.787: [GC 9007610K->1959347K(14544576K), 0.5419660 secs]
2018-05-22T09:09:04.091+0000: 960983.712: [GC 9028787K->1956479K(14544768K), 0.5022330 secs]
2018-05-22T09:09:24.004+0000: 961003.625: [GC 9025919K->1960190K(14547200K), 0.4433550 secs]
2018-05-22T09:09:45.675+0000: 961025.295: [GC 9033598K->1988920K(14535232K), 0.5250880 secs]
2018-05-22T09:10:03.418+0000: 961043.038: [GC 9062328K->1994870K(14545408K), 0.5013560 secs]
2018-05-22T09:10:23.030+0000: 961062.651: [GC 9065142K->1997865K(14544960K), 0.5302180 secs]
2018-05-22T09:10:41.408+0000: 961081.029: [GC 9068137K->2012739K(14547584K), 0.5223850 secs]
2018-05-22T09:11:00.938+0000: 961100.558: [GC 9087811K->2000622K(14513664K), 0.4714020 secs]
2018-05-22T09:11:21.532+0000: 961121.152: [GC 9075694K->2018573K(14549632K), 0.4756500 secs]
2018-05-22T09:11:38.820+0000: 961138.440: [GC 9095501K->2025809K(14547392K), 0.4767050 secs]
2018-05-22T09:11:59.542+0000: 961159.162: [GC 9102737K->2040077K(14550784K), 0.5578040 secs]
2018-05-22T09:12:18.159+0000: 961177.780: [GC 9122189K->2044235K(14551104K), 0.5442710 secs]
2018-05-22T09:12:36.503+0000: 961196.123: [GC 9126347K->2039888K(14552256K), 0.4838320 secs]
2018-05-22T09:12:58.405+0000: 961218.025: [GC 9124432K->2065792K(14544768K), 0.5623030 secs]
2018-05-22T09:13:14.435+0000: 961234.055: [GC 9150336K->2062990K(14551488K), 0.5145150 secs]
2018-05-22T09:13:32.849+0000: 961252.470: [GC 9144718K->2080219K(14550336K), 0.5836980 secs]
2018-05-22T09:13:51.778+0000: 961271.399: [GC 9161947K->2087178K(14550720K), 0.5503810 secs]
2018-05-22T09:14:10.996+0000: 961290.617: [GC 9168778K->2086747K(14550848K), 0.4883900 secs]
2018-05-22T09:14:29.968+0000: 961309.589: [GC 9168347K->2105663K(14549568K), 0.5750820 secs]
2018-05-22T09:14:48.471+0000: 961328.092: [GC 9186879K->2098306K(14550656K), 0.4710320 secs]
2018-05-22T09:15:12.741+0000: 961352.362: [GC 9179522K->2137300K(14530688K), 0.5512670 secs]
2018-05-22T09:15:30.830+0000: 961370.451: [GC 9199060K->2132593K(14540928K), 0.4721530 secs]
2018-05-22T09:15:49.723+0000: 961389.343: [GC 9194353K->2138924K(14543552K), 0.4625550 secs]
2018-05-22T09:16:12.564+0000: 961412.185: [GC 9204908K->2156539K(14542528K), 0.5502830 secs]
2018-05-22T09:16:34.124+0000: 961433.744: [GC 9222523K->2163471K(14544384K), 0.5701260 secs]
2018-05-22T09:16:55.413+0000: 961455.034: [GC 9231887K->2168317K(14544128K), 0.5059010 secs]
2018-05-22T09:17:13.755+0000: 961473.375: [GC 9236733K->2180944K(14544064K), 0.5962140 secs]
2018-05-22T09:17:34.889+0000: 961494.510: [GC 9249872K->2184301K(14544512K), 0.5589560 secs]
2018-05-22T09:17:56.849+0000: 961516.470: [GC 9253229K->2197167K(14542976K), 0.5898420 secs]
2018-05-22T09:18:17.862+0000: 961537.482: [GC 9265711K->2206426K(14536640K), 0.6232390 secs]
2018-05-22T09:18:37.270+0000: 961556.891: [GC 9274970K->2203582K(14543936K), 0.5828830 secs]
2018-05-22T09:18:57.815+0000: 961577.435: [GC 9269374K->2212968K(14541952K), 0.5168720 secs]
2018-05-22T09:19:20.176+0000: 961599.796: [GC 9278760K->2232176K(14539136K), 0.6180150 secs]
2018-05-22T09:19:41.149+0000: 961620.770: [GC 9296112K->2236350K(14542016K), 0.6065150 secs]
2018-05-22T09:20:06.670+0000: 961646.291: [GC 9300286K->2223530K(14540416K), 0.4571640 secs]
2018-05-22T09:20:31.623+0000: 961671.243: [GC 9285930K->2223416K(14498880K), 0.4230940 secs]
2018-05-22T09:20:55.155+0000: 961694.776: [GC 9285816K->2234642K(14539904K), 0.4827150 secs]
2018-05-22T09:21:18.015+0000: 961717.636: [GC 9294162K->2241165K(14539712K), 0.5125860 secs]
2018-05-22T09:21:46.210+0000: 961745.830: [GC 9300685K->2237370K(14538752K), 0.4477020 secs]
2018-05-22T09:22:13.669+0000: 961773.289: [GC 9296314K->2235606K(14483712K), 0.4119520 secs]
2018-05-22T09:22:39.391+0000: 961799.012: [GC 9294550K->2241048K(14537088K), 0.3991720 secs]
2018-05-22T09:23:06.718+0000: 961826.338: [GC 9296024K->2254341K(14537536K), 0.4441160 secs]
2018-05-22T09:23:28.648+0000: 961848.268: [GC 9309317K->2286534K(14536704K), 0.5130240 secs]
2018-05-22T09:23:50.375+0000: 961869.995: [GC 9342406K->2294273K(14513728K), 0.5823040 secs]
2018-05-22T09:24:13.193+0000: 961892.814: [GC 9350145K->2294613K(14539136K), 0.5430500 secs]
2018-05-22T09:24:37.897+0000: 961917.517: [GC 9350997K->2286886K(14537344K), 0.4468540 secs]
2018-05-22T09:25:00.692+0000: 961940.313: [GC 9343270K->2309955K(14542336K), 0.4843830 secs]
2018-05-22T09:25:23.573+0000: 961963.193: [GC 9372419K->2313106K(14540224K), 0.4736200 secs]
2018-05-22T09:25:47.069+0000: 961986.689: [GC 9375570K->2317567K(14547008K), 0.4895690 secs]
2018-05-22T09:26:06.305+0000: 962005.925: [GC 9389439K->2334877K(14544960K), 0.5350080 secs]
2018-05-22T09:26:27.220+0000: 962026.841: [GC 9406749K->2347943K(14542336K), 0.5638690 secs]
2018-05-22T09:26:49.338+0000: 962048.959: [GC 9417127K->2350569K(14544640K), 0.5375980 secs]
2018-05-22T09:27:12.806+0000: 962072.427: [GC 9419753K->2350820K(14547904K), 0.4699190 secs]
2018-05-22T09:27:19.503+0000: 962079.124: [GC 4739613K->2292087K(14445120K), 0.1385590 secs]
2018-05-22T09:27:19.642+0000: 962079.263: [Full GC 2292087K->1142323K(14445120K), 4.8793340 secs]
2018-05-22T09:27:43.195+0000: 962102.816: [GC 8213043K->1268373K(14527360K), 0.5096880 secs]
2018-05-22T09:28:06.036+0000: 962125.657: [GC 8313365K->1285434K(14512320K), 0.5899220 secs]
2018-05-22T09:28:28.691+0000: 962148.311: [GC 8330426K->1274318K(14532032K), 0.5195560 secs]
2018-05-22T09:28:53.338+0000: 962172.958: [GC 8314318K->1268375K(14528064K), 0.4407060 secs]
2018-05-22T09:29:14.778+0000: 962194.399: [GC 8308375K->1288427K(14536832K), 0.5355650 secs]
2018-05-22T09:29:36.701+0000: 962216.322: [GC 8339563K->1284459K(14534400K), 0.4604860 secs]
2018-05-22T09:29:58.358+0000: 962237.979: [GC 8335595K->1299259K(14542272K), 0.4524800 secs]
2018-05-22T09:30:19.694+0000: 962259.314: [GC 8361147K->1317456K(14539712K), 0.5622460 secs]
2018-05-22T09:30:39.343+0000: 962278.964: [GC 8379344K->1329094K(14533056K), 0.6169720 secs]
2018-05-22T09:30:59.685+0000: 962299.306: [GC 8382534K->1314048K(14536768K), 0.4644030 secs]
2018-05-22T09:31:21.807+0000: 962321.428: [GC 8367488K->1333120K(14540032K), 0.5693630 secs]
2018-05-22T09:31:42.793+0000: 962342.414: [GC 8392704K->1341642K(14520256K), 0.5562910 secs]
2018-05-22T09:32:03.802+0000: 962363.422: [GC 8401226K->1346029K(14539712K), 0.5606600 secs]
2018-05-22T09:32:23.999+0000: 962383.620: [GC 8404397K->1345974K(14538752K), 0.5073130 secs]
2018-05-22T09:32:46.265+0000: 962405.886: [GC 8404342K->1366011K(14540288K), 0.5622950 secs]
2018-05-22T09:33:08.008+0000: 962427.629: [GC 8428411K->1373766K(14522560K), 0.5573730 secs]
2018-05-22T09:33:30.880+0000: 962450.501: [GC 8436166K->1374262K(14543296K), 0.5299340 secs]
2018-05-22T09:33:54.114+0000: 962473.735: [GC 8438198K->1377815K(14540736K), 0.4904880 secs]
2018-05-22T09:34:14.124+0000: 962493.745: [GC 8441751K->1385012K(14545984K), 0.4881750 secs]
2018-05-22T09:34:37.783+0000: 962517.404: [GC 8455668K->1389564K(14544768K), 0.4790030 secs]
2018-05-22T09:35:00.859+0000: 962540.480: [GC 8460220K->1401166K(14548736K), 0.4495860 secs]
2018-05-22T09:35:28.017+0000: 962567.637: [GC 8476814K->1406410K(14547008K), 0.4829410 secs]
2018-05-22T09:35:48.293+0000: 962587.913: [GC 8482058K->1431804K(14547072K), 0.5294110 secs]
2018-05-22T09:36:08.689+0000: 962608.310: [GC 8508412K->1458809K(14548352K), 0.6176120 secs]
2018-05-22T09:36:27.505+0000: 962627.125: [GC 8535417K->1477319K(14505088K), 0.6121710 secs]
2018-05-22T09:36:47.432+0000: 962647.053: [GC 8510663K->1478874K(14526720K), 0.5468670 secs]
2018-05-22T09:37:09.381+0000: 962669.002: [GC 8512218K->1485284K(14532224K), 0.5514420 secs]
2018-05-22T09:37:31.888+0000: 962691.509: [GC 8526628K->1499736K(14529216K), 0.5893800 secs]
2018-05-22T09:37:55.258+0000: 962714.879: [GC 8541080K->1487366K(14533184K), 0.4817000 secs]
2018-05-22T09:38:13.973+0000: 962733.593: [GC 8533766K->1502686K(14533248K), 0.5266790 secs]
2018-05-22T09:38:37.243+0000: 962756.864: [GC 8549086K->1503933K(14536256K), 0.4942930 secs]
2018-05-22T09:39:02.505+0000: 962782.126: [GC 8555261K->1521659K(14535168K), 0.5229300 secs]
2018-05-22T09:39:24.989+0000: 962804.610: [GC 8572987K->1538112K(14538688K), 0.5582950 secs]
2018-05-22T09:39:45.757+0000: 962825.377: [GC 8595520K->1545021K(14538752K), 0.5523530 secs]
2018-05-22T09:40:14.978+0000: 962854.599: [GC 8602429K->1547988K(14540800K), 0.5417020 secs]
2018-05-22T09:40:35.370+0000: 962874.990: [GC 8607508K->1557381K(14538816K), 0.5404940 secs]
2018-05-22T09:40:54.867+0000: 962894.487: [GC 8616901K->1558196K(14543424K), 0.5250170 secs]
2018-05-22T09:41:19.688+0000: 962919.309: [GC 8623540K->1570040K(14542016K), 0.5142810 secs]
2018-05-22T09:41:41.278+0000: 962940.899: [GC 8635384K->1582919K(14546304K), 0.5586800 secs]
2018-05-22T09:42:03.021+0000: 962962.641: [GC 8654407K->1590324K(14545280K), 0.5930530 secs]
2018-05-22T09:42:31.223+0000: 962990.843: [GC 8661812K->1592969K(14548672K), 0.5537590 secs]
2018-05-22T09:42:56.997+0000: 963016.618: [GC 8668873K->1590562K(14547328K), 0.4753020 secs]
2018-05-22T09:43:22.102+0000: 963041.723: [GC 8666466K->1593815K(14546176K), 0.4462620 secs]
2018-05-22T09:43:43.817+0000: 963063.438: [GC 8667991K->1617500K(14547136K), 0.5380810 secs]
2018-05-22T09:44:05.077+0000: 963084.697: [GC 8691676K->1623164K(14549184K), 0.5667770 secs]
2018-05-22T09:44:25.553+0000: 963105.174: [GC 8700284K->1618736K(14548032K), 0.5011200 secs]
2018-05-22T09:44:46.607+0000: 963126.228: [GC 8695856K->1628203K(14550336K), 0.4916140 secs]
2018-05-22T09:45:09.061+0000: 963148.682: [GC 8707755K->1638191K(14549312K), 0.4877790 secs]
2018-05-22T09:45:30.135+0000: 963169.756: [GC 8717743K->1653771K(14547968K), 0.5251870 secs]
2018-05-22T09:45:52.974+0000: 963192.595: [GC 8733579K->1647394K(14549952K), 0.5361440 secs]
2018-05-22T09:46:14.238+0000: 963213.859: [GC 8727202K->1651634K(14551552K), 0.5118020 secs]
2018-05-22T09:46:36.313+0000: 963235.933: [GC 8733938K->1659139K(14550848K), 0.5241020 secs]
2018-05-22T09:46:57.774+0000: 963257.395: [GC 8741443K->1662261K(14553536K), 0.5145160 secs]
2018-05-22T09:47:21.707+0000: 963281.328: [GC 8748533K->1671080K(14552832K), 0.5083130 secs]
2018-05-22T09:47:42.892+0000: 963302.513: [GC 8757352K->1678591K(14555840K), 0.5571420 secs]
2018-05-22T09:48:00.876+0000: 963320.496: [GC 8769279K->1679666K(14554944K), 0.4967740 secs]
2018-05-22T09:48:22.955+0000: 963342.576: [GC 8770354K->1684190K(14556672K), 0.5086030 secs]
2018-05-22T09:48:43.266+0000: 963362.887: [GC 8777182K->1701060K(14549824K), 0.5458490 secs]
2018-05-22T09:49:01.668+0000: 963381.289: [GC 8794052K->1698082K(14556416K), 0.4888570 secs]
2018-05-22T09:49:22.694+0000: 963402.315: [GC 8789986K->1713055K(14548800K), 0.5290450 secs]
2018-05-22T09:49:41.388+0000: 963421.008: [GC 8804959K->1718580K(14556224K), 0.5514070 secs]
2018-05-22T09:50:01.930+0000: 963441.551: [GC 8810100K->1715872K(14555392K), 0.4406750 secs]
2018-05-22T09:50:23.051+0000: 963462.672: [GC 8807392K->1746201K(14549376K), 0.5359740 secs]
2018-05-22T09:50:45.200+0000: 963484.821: [GC 8831385K->1748782K(14542400K), 0.5894160 secs]
2018-05-22T09:51:04.891+0000: 963504.511: [GC 8833966K->1744544K(14552704K), 0.4872450 secs]
2018-05-22T09:51:26.927+0000: 963526.548: [GC 8829344K->1759134K(14552192K), 0.5212160 secs]
2018-05-22T09:51:49.956+0000: 963549.577: [GC 8843934K->1762233K(14554624K), 0.5290090 secs]
2018-05-22T09:52:11.529+0000: 963571.150: [GC 8850361K->1774156K(14553600K), 0.5538480 secs]
2018-05-22T09:52:35.019+0000: 963594.640: [GC 8862284K->1769712K(14554880K), 0.4846530 secs]
2018-05-22T09:52:54.747+0000: 963614.367: [GC 8859056K->1782567K(14554560K), 0.5302030 secs]
2018-05-22T09:53:17.748+0000: 963637.369: [GC 8871911K->1790402K(14557184K), 0.5384570 secs]
2018-05-22T09:53:39.765+0000: 963659.386: [GC 8883586K->1803689K(14551104K), 0.5560570 secs]
2018-05-22T09:54:02.722+0000: 963682.343: [GC 8896873K->1801202K(14556608K), 0.5116890 secs]
2018-05-22T09:54:23.201+0000: 963702.821: [GC 8893618K->1826225K(14555904K), 0.5959750 secs]
2018-05-22T09:54:43.797+0000: 963723.417: [GC 8918641K->1821708K(14545408K), 0.5062640 secs]
2018-05-22T09:55:05.504+0000: 963745.125: [GC 8902924K->1831844K(14550656K), 0.4795560 secs]
2018-05-22T09:55:27.021+0000: 963766.641: [GC 8913060K->1852022K(14546944K), 0.5363330 secs]
2018-05-22T09:55:49.773+0000: 963789.394: [GC 8930934K->1852574K(14549504K), 0.5589480 secs]
2018-05-22T09:56:09.495+0000: 963809.116: [GC 8931486K->1854844K(14551488K), 0.5023410 secs]
2018-05-22T09:56:30.689+0000: 963830.310: [GC 8937212K->1867474K(14550976K), 0.5468580 secs]
2018-05-22T09:56:52.801+0000: 963852.421: [GC 8949842K->1875610K(14552192K), 0.5601700 secs]
2018-05-22T09:57:11.987+0000: 963871.607: [GC 8959834K->1880922K(14552128K), 0.5543110 secs]
2018-05-22T09:57:33.325+0000: 963892.946: [GC 8965146K->1881929K(14553920K), 0.4944230 secs]
2018-05-22T09:57:56.138+0000: 963915.759: [GC 8969161K->1898228K(14547008K), 0.5733500 secs]
2018-05-22T09:58:15.955+0000: 963935.575: [GC 8985460K->1901014K(14554112K), 0.5538470 secs]
2018-05-22T09:58:34.655+0000: 963954.276: [GC 8987990K->1899414K(14552960K), 0.4817820 secs]
2018-05-22T09:58:56.939+0000: 963976.559: [GC 8986390K->1912123K(14555264K), 0.5457530 secs]
2018-05-22T09:59:18.465+0000: 963998.086: [GC 9001403K->1919107K(14554112K), 0.5323410 secs]
2018-05-22T09:59:40.376+0000: 964019.996: [GC 9008387K->1924758K(14556608K), 0.5380070 secs]
2018-05-22T10:00:01.179+0000: 964040.800: [GC 9017174K->1931116K(14555904K), 0.4886760 secs]
2018-05-22T10:00:30.940+0000: 964070.560: [GC 9023532K->1942697K(14556416K), 0.4297790 secs]
2018-05-22T10:00:52.172+0000: 964091.793: [GC 9036457K->1954059K(14552448K), 0.5144760 secs]
2018-05-22T10:01:13.415+0000: 964113.036: [GC 9047819K->1951655K(14555712K), 0.5345800 secs]
2018-05-22T10:01:33.721+0000: 964133.342: [GC 9043367K->1954656K(14535872K), 0.4593790 secs]
2018-05-22T10:01:56.238+0000: 964155.858: [GC 9046368K->1962203K(14555072K), 0.5142850 secs]
2018-05-22T10:02:20.010+0000: 964179.631: [GC 9052507K->1969952K(14555200K), 0.4935180 secs]
2018-05-22T10:02:41.135+0000: 964200.756: [GC 9060256K->1985182K(14555520K), 0.5292550 secs]
2018-05-22T10:03:03.189+0000: 964222.809: [GC 9075806K->1988487K(14555200K), 0.5578410 secs]
2018-05-22T10:03:23.822+0000: 964243.443: [GC 9079111K->1989170K(14557248K), 0.5388200 secs]
2018-05-22T10:03:42.611+0000: 964262.232: [GC 9082930K->1996741K(14556608K), 0.5007680 secs]
2018-05-22T10:04:02.455+0000: 964282.076: [GC 9090501K->2010984K(14554944K), 0.5681190 secs]
2018-05-22T10:04:23.372+0000: 964302.993: [GC 9103464K->2011949K(14556288K), 0.5623330 secs]
2018-05-22T10:04:46.804+0000: 964326.425: [GC 9104429K->2007975K(14556032K), 0.4807360 secs]
2018-05-22T10:05:06.147+0000: 964345.767: [GC 9101095K->2020857K(14556608K), 0.5100620 secs]
2018-05-22T10:05:28.204+0000: 964367.825: [GC 9113977K->2026875K(14558400K), 0.4925050 secs]
2018-05-22T10:05:49.229+0000: 964388.850: [GC 9122747K->2039713K(14551744K), 0.5289210 secs]
2018-05-22T10:06:10.567+0000: 964410.187: [GC 9135585K->2041922K(14558016K), 0.5372340 secs]
2018-05-22T10:06:32.393+0000: 964432.014: [GC 9137282K->2050532K(14557440K), 0.5689690 secs]
2018-05-22T10:06:56.643+0000: 964456.263: [GC 9145892K->2038771K(14555840K), 0.4483060 secs]
2018-05-22T10:07:15.876+0000: 964475.497: [GC 9133043K->2060545K(14557184K), 0.5474980 secs]
2018-05-22T10:07:36.725+0000: 964496.345: [GC 9154817K->2071091K(14556032K), 0.5511800 secs]
2018-05-22T10:07:58.726+0000: 964518.347: [GC 9164211K->2077348K(14556608K), 0.5236640 secs]
2018-05-22T10:08:19.951+0000: 964539.571: [GC 9170468K->2085087K(14556800K), 0.5551540 secs]
2018-05-22T10:08:44.430+0000: 964564.051: [GC 9178591K->2079358K(14535296K), 0.4703750 secs]
2018-05-22T10:09:05.466+0000: 964585.087: [GC 9172862K->2103771K(14555264K), 0.5993360 secs]
2018-05-22T10:09:26.229+0000: 964605.850: [GC 9195355K->2098948K(14555840K), 0.5110260 secs]
2018-05-22T10:09:47.891+0000: 964627.512: [GC 9190532K->2118131K(14553920K), 0.5257650 secs]
2018-05-22T10:10:08.970+0000: 964648.591: [GC 9208435K->2126576K(14549952K), 0.5099890 secs]
2018-05-22T10:10:30.187+0000: 964669.808: [GC 9216880K->2134998K(14550464K), 0.5627240 secs]
2018-05-22T10:10:49.748+0000: 964689.369: [GC 9218774K->2131397K(14551936K), 0.5022200 secs]
2018-05-22T10:11:11.543+0000: 964711.164: [GC 9215173K->2137227K(14553216K), 0.5009160 secs]
2018-05-22T10:11:34.676+0000: 964734.296: [GC 9223051K->2160781K(14550208K), 0.5954080 secs]
2018-05-22T10:11:56.491+0000: 964756.112: [GC 9246605K->2149443K(14550528K), 0.4999090 secs]
2018-05-22T10:12:19.732+0000: 964779.352: [GC 9230083K->2156797K(14550208K), 0.4853440 secs]
2018-05-22T10:12:44.844+0000: 964804.465: [GC 9237437K->2159362K(14551296K), 0.4554060 secs]
2018-05-22T10:13:10.236+0000: 964829.857: [GC 9241794K->2156272K(14513024K), 0.4181480 secs]
2018-05-22T10:13:34.312+0000: 964853.933: [GC 9238704K->2170521K(14550016K), 0.4703320 secs]
2018-05-22T10:13:58.686+0000: 964878.306: [GC 9250137K->2175560K(14549696K), 0.4524550 secs]
2018-05-22T10:14:26.449+0000: 964906.070: [GC 9255176K->2182152K(14551424K), 0.4767540 secs]
2018-05-22T10:14:46.491+0000: 964926.112: [GC 9264072K->2193744K(14550592K), 0.4871130 secs]
2018-05-22T10:15:08.498+0000: 964948.118: [GC 9275664K->2208515K(14551744K), 0.4909490 secs]
2018-05-22T10:15:31.413+0000: 964971.033: [GC 9293827K->2212285K(14552704K), 0.4969650 secs]
2018-05-22T10:15:52.949+0000: 964992.570: [GC 9297597K->2219067K(14553856K), 0.5007130 secs]
2018-05-22T10:16:19.762+0000: 965019.383: [GC 9306299K->2230143K(14542656K), 0.5175800 secs]
2018-05-22T10:16:41.493+0000: 965041.114: [GC 9317375K->2238998K(14551232K), 0.5395830 secs]
2018-05-22T10:17:02.792+0000: 965062.413: [GC 9322902K->2241064K(14552000K), 0.5225260 secs]
2018-05-22T10:17:24.232+0000: 965083.853: [GC 9324968K->2242202K(14554240K), 0.5182720 secs]
2018-05-22T10:17:47.185+0000: 965106.805: [GC 9328986K->2236362K(14552640K), 0.4205810 secs]
2018-05-22T10:18:07.584+0000: 965127.205: [GC 9323146K->2259432K(14554304K), 0.4966080 secs]
2018-05-22T10:18:28.424+0000: 965148.045: [GC 9347496K->2268664K(14553856K), 0.5096670 secs]
2018-05-22T10:18:49.485+0000: 965169.106: [GC 9356728K->2283586K(14549120K), 0.5498550 secs]
2018-05-22T10:19:11.679+0000: 965191.300: [GC 9367234K->2283291K(14551872K), 0.5246200 secs]
2018-05-22T10:19:32.797+0000: 965212.417: [GC 9366939K->2282847K(14553344K), 0.4701210 secs]
2018-05-22T10:19:53.549+0000: 965233.169: [GC 9369183K->2298732K(14553088K), 0.4962230 secs]
2018-05-22T10:20:18.113+0000: 965257.734: [GC 9385068K->2308493K(14556480K), 0.5160630 secs]
2018-05-22T10:20:38.338+0000: 965277.959: [GC 9399949K->2325339K(14555072K), 0.4597070 secs]
2018-05-22T10:21:00.642+0000: 965300.262: [GC 9416795K->2328945K(14556480K), 0.5066480 secs]
2018-05-22T10:21:22.931+0000: 965322.552: [GC 9420401K->2336935K(14555072K), 0.5246670 secs]
2018-05-22T10:21:46.641+0000: 965346.261: [GC 9428391K->2331594K(14556032K), 0.4715100 secs]
2018-05-22T10:22:07.486+0000: 965367.107: [GC 9424970K->2355438K(14551040K), 0.5650520 secs]
2018-05-22T10:22:25.775+0000: 965385.396: [GC 9448814K->2359309K(14555456K), 0.5153150 secs]
2018-05-22T10:22:50.533+0000: 965410.154: [GC 9449549K->2394056K(14554880K), 0.5712640 secs]
2018-05-22T10:23:12.707+0000: 965432.328: [GC 9484296K->2407876K(14534912K), 0.5234880 secs]
2018-05-22T10:23:35.275+0000: 965454.896: [GC 9477572K->2416936K(14544896K), 0.5007840 secs]
2018-05-22T10:23:56.185+0000: 965475.805: [GC 9486632K->2429656K(14547520K), 0.5144660 secs]
2018-05-22T10:24:18.301+0000: 965497.922: [GC 9503576K->2436670K(14546496K), 0.5468020 secs]
2018-05-22T10:24:39.026+0000: 965518.647: [GC 9510590K->2456824K(14543552K), 0.5326370 secs]
2018-05-22T10:24:58.277+0000: 965537.897: [GC 9529592K->2467759K(14546432K), 0.4697090 secs]
2018-05-22T10:25:18.408+0000: 965558.029: [GC 9540527K->2504928K(14526656K), 0.5338790 secs]
2018-05-22T10:25:39.651+0000: 965579.272: [GC 9559136K->2516730K(14537152K), 0.5386670 secs]
2018-05-22T10:26:00.217+0000: 965599.837: [GC 9570938K->2518040K(14540800K), 0.5377180 secs]
2018-05-22T10:26:19.292+0000: 965618.913: [GC 9578200K->2543430K(14528768K), 0.4899340 secs]
2018-05-22T10:26:40.153+0000: 965639.774: [GC 9603590K->2557044K(14540736K), 0.5178290 secs]
2018-05-22T10:26:59.603+0000: 965659.224: [GC 9616308K->2573783K(14538624K), 0.5914630 secs]
2018-05-22T10:27:20.202+0000: 965679.823: [GC 9633047K->2557756K(14538688K), 0.4850870 secs]
2018-05-22T10:27:24.531+0000: 965684.152: [GC 3555203K->2487081K(14419904K), 0.0958980 secs]
2018-05-22T10:27:24.628+0000: 965684.248: [Full GC 2487081K->1242351K(14419904K), 4.3110990 secs]
2018-05-22T10:27:47.478+0000: 965707.098: [GC 8301167K->1352673K(14529152K), 0.4931970 secs]
2018-05-22T10:28:09.085+0000: 965728.705: [GC 8387361K->1379038K(14525632K), 0.4667850 secs]
2018-05-22T10:28:34.073+0000: 965753.694: [GC 8413726K->1396520K(14532224K), 0.4945350 secs]
2018-05-22T10:28:54.685+0000: 965774.305: [GC 8436840K->1416562K(14528192K), 0.5750360 secs]
2018-05-22T10:29:12.961+0000: 965792.582: [GC 8456882K->1412468K(14534912K), 0.4841880 secs]
2018-05-22T10:29:33.091+0000: 965812.712: [GC 8458996K->1430724K(14531712K), 0.5583420 secs]
2018-05-22T10:29:55.350+0000: 965834.971: [GC 8477252K->1427385K(14537920K), 0.4903920 secs]
2018-05-22T10:30:14.590+0000: 965854.211: [GC 8480249K->1434918K(14535040K), 0.5038350 secs]
2018-05-22T10:30:39.787+0000: 965879.408: [GC 8487782K->1432408K(14542144K), 0.4725660 secs]
2018-05-22T10:31:00.719+0000: 965900.340: [GC 8495384K->1447684K(14540928K), 0.4804150 secs]
2018-05-22T10:31:21.916+0000: 965921.536: [GC 8510660K->1461175K(14544896K), 0.5747440 secs]
2018-05-22T10:31:42.178+0000: 965941.799: [GC 8530743K->1473037K(14533184K), 0.5754700 secs]
2018-05-22T10:32:05.574+0000: 965965.194: [GC 8542605K->1469623K(14543808K), 0.5612870 secs]
2018-05-22T10:32:45.840+0000: 966005.461: [GC 8535735K->1493458K(14536192K), 0.6266450 secs]
2018-05-22T10:33:13.341+0000: 966032.962: [GC 8559570K->1457110K(14534848K), 0.3763620 secs]
2018-05-22T10:33:35.731+0000: 966055.351: [GC 8511318K->1461940K(14474624K), 0.3773290 secs]
2018-05-22T10:35:10.065+0000: 966149.686: [GC 8516148K->1527305K(14519488K), 0.5930870 secs]
2018-05-22T10:35:33.499+0000: 966173.120: [GC 8561929K->1516815K(14527360K), 0.5481630 secs]
2018-05-22T10:35:54.461+0000: 966194.082: [GC 8551439K->1529893K(14531712K), 0.5528790 secs]
2018-05-22T10:36:15.507+0000: 966215.128: [GC 8572645K->1534957K(14531136K), 0.5800600 secs]
2018-05-22T10:36:35.407+0000: 966235.028: [GC 8577709K->1533849K(14536192K), 0.5191220 secs]
2018-05-22T10:36:55.626+0000: 966255.246: [GC 8582745K->1543908K(14532800K), 0.5281500 secs]
2018-05-22T10:37:17.271+0000: 966276.892: [GC 8592804K->1555085K(14539072K), 0.5691350 secs]
2018-05-22T10:37:38.868+0000: 966298.489: [GC 8612237K->1558612K(14538176K), 0.5280380 secs]
2018-05-22T10:38:00.524+0000: 966320.144: [GC 8615764K->1566753K(14544256K), 0.5621430 secs]
2018-05-22T10:38:26.146+0000: 966345.767: [GC 8632737K->1545513K(14490560K), 0.3865350 secs]
2018-05-22T10:38:51.074+0000: 966370.695: [GC 8611497K->1562950K(14541824K), 0.4324450 secs]
2018-05-22T10:39:13.304+0000: 966392.925: [GC 8626374K->1586180K(14541696K), 0.5498520 secs]
2018-05-22T10:39:32.720+0000: 966412.341: [GC 8649604K->1614356K(14531328K), 0.6733340 secs]
2018-05-22T10:39:52.917+0000: 966432.538: [GC 8669844K->1602518K(14537792K), 0.5207600 secs]
2018-05-22T10:40:16.127+0000: 966455.748: [GC 8658006K->1614917K(14539392K), 0.4967630 secs]
2018-05-22T10:40:38.585+0000: 966478.205: [GC 8673477K->1626757K(14519616K), 0.5304890 secs]
2018-05-22T10:41:01.499+0000: 966501.120: [GC 8685317K->1636539K(14537280K), 0.5681640 secs]
2018-05-22T10:41:22.790+0000: 966522.411: [GC 8692795K->1648387K(14523200K), 0.5694460 secs]
2018-05-22T10:41:44.882+0000: 966544.502: [GC 8704643K->1656258K(14532032K), 0.6379740 secs]
2018-05-22T10:42:06.527+0000: 966566.148: [GC 8704450K->1651863K(14534144K), 0.5570360 secs]
2018-05-22T10:42:28.477+0000: 966588.098: [GC 8700055K->1652515K(14538432K), 0.5680360 secs]
2018-05-22T10:42:51.406+0000: 966611.026: [GC 8707619K->1672450K(14536768K), 0.6107640 secs]
2018-05-22T10:43:10.984+0000: 966630.605: [GC 8727554K->1672463K(14540672K), 0.5085340 secs]
2018-05-22T10:43:32.588+0000: 966652.208: [GC 8731407K->1679711K(14538368K), 0.5134660 secs]
2018-05-22T10:43:55.053+0000: 966674.673: [GC 8738655K->1676910K(14542720K), 0.4967380 secs]
2018-05-22T10:44:18.019+0000: 966697.640: [GC 8742062K->1681929K(14542528K), 0.5196800 secs]
2018-05-22T10:44:39.521+0000: 966719.141: [GC 8747081K->1694441K(14544832K), 0.5564120 secs]
2018-05-22T10:45:00.270+0000: 966739.890: [GC 8762217K->1692412K(14543040K), 0.4511280 secs]
2018-05-22T10:45:21.007+0000: 966760.628: [GC 8760188K->1703389K(14546048K), 0.4963260 secs]
2018-05-22T10:45:45.760+0000: 966785.381: [GC 8774365K->1698561K(14545024K), 0.4589000 secs]
2018-05-22T10:46:10.682+0000: 966810.302: [GC 8769537K->1708500K(14546112K), 0.4923130 secs]
2018-05-22T10:46:34.438+0000: 966834.058: [GC 8779924K->1716450K(14545408K), 0.4980950 secs]
2018-05-22T10:46:55.379+0000: 966855.000: [GC 8787874K->1735371K(14547456K), 0.5285240 secs]
2018-05-22T10:47:16.967+0000: 966876.588: [GC 8809995K->1743843K(14547264K), 0.5147380 secs]
2018-05-22T10:47:38.871+0000: 966898.491: [GC 8818467K->1754825K(14546816K), 0.5398120 secs]
2018-05-22T10:48:00.131+0000: 966919.752: [GC 8829769K->1762019K(14547520K), 0.5587320 secs]
2018-05-22T10:48:22.223+0000: 966941.843: [GC 8836963K->1764027K(14549952K), 0.5464000 secs]
2018-05-22T10:48:45.316+0000: 966964.937: [GC 8841787K->1763530K(14547904K), 0.4999600 secs]
2018-05-22T10:49:08.730+0000: 966988.350: [GC 8841290K->1767869K(14550848K), 0.4481820 secs]
2018-05-22T10:49:27.073+0000: 967006.694: [GC 8848957K->1788707K(14550336K), 0.5388830 secs]
2018-05-22T10:49:48.443+0000: 967028.064: [GC 8869795K->1792701K(14551936K), 0.5310880 secs]
2018-05-22T10:50:09.981+0000: 967049.602: [GC 8875517K->1806982K(14543360K), 0.5263560 secs]
2018-05-22T10:50:33.338+0000: 967072.958: [GC 8889798K->1799272K(14550848K), 0.4562090 secs]
2018-05-22T10:50:57.293+0000: 967096.913: [GC 8880040K->1809147K(14550016K), 0.5230910 secs]
2018-05-22T10:51:18.598+0000: 967118.219: [GC 8889915K->1823168K(14551552K), 0.5565230 secs]
2018-05-22T10:51:39.847+0000: 967139.468: [GC 8906944K->1827508K(14551936K), 0.5623320 secs]
2018-05-22T10:52:00.058+0000: 967159.679: [GC 8911284K->1823123K(14552704K), 0.5039640 secs]
2018-05-22T10:52:21.255+0000: 967180.876: [GC 8907923K->1834564K(14552192K), 0.4887950 secs]
2018-05-22T10:52:42.504+0000: 967202.125: [GC 8919364K->1845476K(14553856K), 0.5589170 secs]
2018-05-22T10:53:07.537+0000: 967227.158: [GC 8933348K->1846016K(14553984K), 0.5369710 secs]
2018-05-22T10:53:30.107+0000: 967249.728: [GC 8933888K->1852721K(14556160K), 0.5242240 secs]
2018-05-22T10:53:53.673+0000: 967273.294: [GC 8943793K->1851700K(14555008K), 0.4928190 secs]
2018-05-22T10:54:14.430+0000: 967294.051: [GC 8942772K->1867831K(14556160K), 0.5633660 secs]
2018-05-22T10:54:33.650+0000: 967313.271: [GC 8960055K->1869495K(14556160K), 0.5250110 secs]
2018-05-22T10:54:55.209+0000: 967334.830: [GC 8961719K->1878263K(14557888K), 0.5033090 secs]
2018-05-22T10:55:16.148+0000: 967355.769: [GC 8972855K->1894443K(14553600K), 0.5529280 secs]
2018-05-22T10:55:37.439+0000: 967377.059: [GC 8989035K->1898491K(14554432K), 0.5627290 secs]
2018-05-22T10:55:59.181+0000: 967398.801: [GC 8988667K->1894063K(14555136K), 0.5154050 secs]
2018-05-22T10:56:23.661+0000: 967423.282: [GC 8984239K->1885471K(14551616K), 0.4256820 secs]
2018-05-22T10:56:47.096+0000: 967446.717: [GC 8972575K->1900277K(14553600K), 0.4848520 secs]
2018-05-22T10:57:09.056+0000: 967468.677: [GC 8987381K->1915746K(14554688K), 0.5212830 secs]
2018-05-22T10:57:28.535+0000: 967488.155: [GC 9004194K->1925213K(14553856K), 0.5403740 secs]
2018-05-22T10:57:48.254+0000: 967507.875: [GC 9013661K->1931349K(14556032K), 0.5196890 secs]
2018-05-22T10:58:09.621+0000: 967529.241: [GC 9022677K->1944093K(14548608K), 0.5385150 secs]
2018-05-22T10:58:33.293+0000: 967552.914: [GC 9035421K->1947748K(14554368K), 0.5342950 secs]
2018-05-22T10:58:53.003+0000: 967572.624: [GC 9036516K->1950391K(14554432K), 0.5356690 secs]
2018-05-22T10:59:13.611+0000: 967593.232: [GC 9039159K->1963999K(14554752K), 0.5468830 secs]
2018-05-22T10:59:33.214+0000: 967612.834: [GC 9054303K->1960341K(14555200K), 0.4842930 secs]
2018-05-22T10:59:53.787+0000: 967633.408: [GC 9050645K->1981086K(14551488K), 0.5933870 secs]
2018-05-22T11:00:15.394+0000: 967655.015: [GC 9068318K->1984064K(14543936K), 0.4980190 secs]
2018-05-22T11:00:35.906+0000: 967675.526: [GC 9071296K->1994686K(14551296K), 0.5422210 secs]
2018-05-22T11:00:56.706+0000: 967696.326: [GC 9078974K->1991112K(14552192K), 0.4888350 secs]
2018-05-22T11:01:17.884+0000: 967717.505: [GC 9075400K->1990803K(14553216K), 0.4714480 secs]
2018-05-22T11:01:39.016+0000: 967738.637: [GC 9077075K->2013436K(14546752K), 0.5802880 secs]
2018-05-22T11:01:59.763+0000: 967759.384: [GC 9099708K->2019393K(14550592K), 0.5754810 secs]
2018-05-22T11:02:19.358+0000: 967778.978: [GC 9101249K->2030102K(14543040K), 0.5716110 secs]
2018-05-22T11:02:38.672+0000: 967798.293: [GC 9111958K->2028690K(14550400K), 0.5005500 secs]
2018-05-22T11:02:59.543+0000: 967819.163: [GC 9108434K->2046942K(14540096K), 0.5997310 secs]
2018-05-22T11:03:20.954+0000: 967840.575: [GC 9126686K->2041731K(14550336K), 0.5345340 secs]
2018-05-22T11:03:46.355+0000: 967865.976: [GC 9121347K->2059162K(14542208K), 0.5766710 secs]
2018-05-22T11:04:07.592+0000: 967887.213: [GC 9138778K->2055111K(14549824K), 0.5146660 secs]
2018-05-22T11:04:39.256+0000: 967918.877: [GC 9133383K->2077160K(14544512K), 0.6235520 secs]
2018-05-22T11:05:19.932+0000: 967959.553: [GC 9155432K->2067667K(14547648K), 0.4125220 secs]
2018-05-22T11:05:47.282+0000: 967986.903: [GC 9142163K->2067158K(14494144K), 0.3119470 secs]
2018-05-22T11:06:13.818+0000: 968013.439: [GC 9141654K->2096804K(14540032K), 0.3321890 secs]
2018-05-22T11:06:29.307+0000: 968028.928: [GC 9160228K->2192619K(14541760K), 0.7014060 secs]
2018-05-22T11:07:08.323+0000: 968067.944: [GC 9256043K->2255249K(14439872K), 0.8070680 secs]
2018-05-22T11:07:55.432+0000: 968115.053: [GC 9216785K->2335354K(14490816K), 0.9793060 secs]
2018-05-22T11:08:36.855+0000: 968156.476: [GC 9296890K->2340657K(14419520K), 0.7955430 secs]
2018-05-22T11:08:55.488+0000: 968175.109: [GC 9230897K->2283339K(14455168K), 0.4577400 secs]
2018-05-22T11:09:12.900+0000: 968192.520: [GC 9173579K->2301881K(14460864K), 0.5028880 secs]
2018-05-22T11:09:39.403+0000: 968219.023: [GC 9199481K->2326317K(14456832K), 0.5308020 secs]
2018-05-22T11:09:56.629+0000: 968236.250: [GC 9223917K->2350628K(14475264K), 0.5966620 secs]
2018-05-22T11:10:17.318+0000: 968256.938: [GC 9273316K->2362374K(14467520K), 0.5202590 secs]
2018-05-22T11:10:38.885+0000: 968278.506: [GC 9285062K->2327253K(14479488K), 0.3338220 secs]
2018-05-22T11:11:03.786+0000: 968303.407: [GC 9269205K->2337591K(14481024K), 0.3950200 secs]
2018-05-22T11:12:37.749+0000: 968397.370: [GC 9279543K->2423235K(14466560K), 0.7913000 secs]
2018-05-22T11:13:36.640+0000: 968456.260: [GC 9351363K->2466644K(14457792K), 0.7650260 secs]
2018-05-22T11:14:28.085+0000: 968507.706: [GC 9394772K->2485122K(14431296K), 0.7947570 secs]
2018-05-22T11:15:06.190+0000: 968545.811: [GC 9354498K->2476426K(14382848K), 0.5778840 secs]
2018-05-22T11:15:47.421+0000: 968587.042: [GC 9345802K->2481835K(14440512K), 0.7218660 secs]
2018-05-22T11:16:09.254+0000: 968608.875: [GC 9343403K->2433257K(14440832K), 0.4987960 secs]
2018-05-22T11:16:26.665+0000: 968626.285: [GC 9294825K->2436461K(14447424K), 0.4772310 secs]
2018-05-22T11:17:04.097+0000: 968663.718: [GC 9308013K->2491416K(14444224K), 0.7244700 secs]
2018-05-22T11:17:55.137+0000: 968714.758: [GC 9362968K->2544245K(14427456K), 0.8087100 secs]
2018-05-22T11:18:53.273+0000: 968772.894: [GC 9403381K->2548042K(14386432K), 0.9246680 secs]
2018-05-22T11:19:46.491+0000: 968826.112: [GC 9407178K->2556513K(14424896K), 0.8344380 secs]
2018-05-22T11:20:12.039+0000: 968851.660: [GC 9394401K->2497373K(14428992K), 0.4956990 secs]
2018-05-22T11:20:29.431+0000: 968869.052: [GC 9335261K->2491164K(14434304K), 0.4615450 secs]
2018-05-22T11:20:51.913+0000: 968891.534: [GC 9338204K->2508146K(14432832K), 0.5062430 secs]
2018-05-22T11:21:10.575+0000: 968910.195: [GC 9355186K->2500875K(14441344K), 0.4224670 secs]
2018-05-22T11:21:31.980+0000: 968931.601: [GC 9361099K->2527053K(14438976K), 0.5433370 secs]
2018-05-22T11:21:49.779+0000: 968949.399: [GC 9387277K->2526356K(14453504K), 0.4961230 secs]
2018-05-22T11:22:12.531+0000: 968972.152: [GC 9407828K->2528682K(14448064K), 0.4612500 secs]
2018-05-22T11:22:53.602+0000: 969013.223: [GC 9410154K->2591778K(14455616K), 0.6861200 secs]
2018-05-22T11:24:46.135+0000: 969125.755: [GC 9485602K->2631251K(14420608K), 0.7967110 secs]
2018-05-22T11:25:08.726+0000: 969148.346: [GC 9525075K->2553474K(14445632K), 0.3299690 secs]
2018-05-22T11:25:37.077+0000: 969176.697: [GC 9424386K->2560407K(14445376K), 0.3142520 secs]
2018-05-22T11:25:56.915+0000: 969196.535: [GC 9431319K->2568548K(14448064K), 0.3116220 secs]
2018-05-22T11:26:30.860+0000: 969230.481: [GC 9442916K->2622611K(14446400K), 0.5439610 secs]
2018-05-22T11:27:16.405+0000: 969276.026: [GC 9496979K->2669672K(14454336K), 0.7249640 secs]
2018-05-22T11:27:28.949+0000: 969288.570: [GC 7068990K->2589211K(14289152K), 0.2623610 secs]
2018-05-22T11:27:29.212+0000: 969288.832: [Full GC 2589211K->1331369K(14289152K), 4.5116850 secs]
2018-05-22T11:27:50.795+0000: 969310.415: [GC 8224041K->1429562K(14463360K), 0.4116070 secs]
2018-05-22T11:28:12.131+0000: 969331.752: [GC 8328186K->1455052K(14455360K), 0.5130690 secs]
2018-05-22T11:28:30.048+0000: 969349.669: [GC 8353676K->1451634K(14479488K), 0.4420030 secs]
2018-05-22T11:29:03.785+0000: 969383.406: [GC 8383922K->1513417K(14472896K), 0.7266760 secs]
2018-05-22T11:30:12.394+0000: 969452.015: [GC 8445705K->1572621K(14433536K), 0.8272880 secs]
2018-05-22T11:31:06.212+0000: 969505.833: [GC 8460685K->1597869K(14427648K), 0.9512970 secs]
2018-05-22T11:32:00.795+0000: 969560.416: [GC 8485933K->1616386K(14410688K), 0.9056760 secs]
2018-05-22T11:32:24.105+0000: 969583.726: [GC 8443138K->1548169K(14423424K), 0.5248600 secs]
2018-05-22T11:32:41.987+0000: 969601.608: [GC 8374921K->1556231K(14437120K), 0.4823180 secs]
2018-05-22T11:32:58.598+0000: 969618.218: [GC 8403975K->1568181K(14430720K), 0.4759250 secs]
2018-05-22T11:33:20.495+0000: 969640.115: [GC 8415925K->1580975K(14450624K), 0.5223230 secs]
2018-05-22T11:33:37.614+0000: 969657.234: [GC 8455215K->1586479K(14443712K), 0.4833670 secs]
2018-05-22T11:34:28.744+0000: 969708.365: [GC 8460719K->1685916K(14425728K), 0.9200660 secs]
2018-05-22T11:35:24.258+0000: 969763.879: [GC 8548252K->1709023K(14398912K), 0.8795800 secs]
2018-05-22T11:36:15.987+0000: 969815.608: [GC 8571359K->1727195K(14406784K), 0.9821090 secs]
2018-05-22T11:37:04.508+0000: 969864.129: [GC 8541659K->1743989K(14349056K), 0.9295570 secs]
2018-05-22T11:37:54.682+0000: 969914.303: [GC 8558453K->1767234K(14397312K), 0.8580420 secs]
2018-05-22T11:38:56.031+0000: 969975.652: [GC 8554818K->1789463K(14325248K), 0.8085770 secs]
2018-05-22T11:39:43.679+0000: 970023.300: [GC 8577047K->1811636K(14398848K), 0.9313570 secs]
2018-05-22T11:40:14.798+0000: 970054.419: [GC 8590260K->1771665K(14399360K), 0.5540550 secs]
2018-05-22T11:40:31.866+0000: 970071.487: [GC 8550289K->1758358K(14409152K), 0.4742620 secs]
2018-05-22T11:41:00.044+0000: 970099.664: [GC 8554326K->1785879K(14406912K), 0.5843300 secs]
2018-05-22T11:42:14.152+0000: 970173.773: [GC 8581847K->1865958K(14407104K), 0.9354750 secs]
2018-05-22T11:43:25.299+0000: 970244.919: [GC 8668518K->1866813K(14411328K), 0.8792280 secs]
2018-05-22T11:43:43.492+0000: 970263.113: [GC 8669373K->1800455K(14414336K), 0.4509170 secs]
2018-05-22T11:44:00.850+0000: 970280.470: [GC 8608391K->1813146K(14413696K), 0.4619320 secs]
2018-05-22T11:44:20.841+0000: 970300.461: [GC 8621082K->1823356K(14421696K), 0.4947700 secs]
2018-05-22T11:44:38.447+0000: 970318.068: [GC 8642108K->1823022K(14417152K), 0.4517440 secs]
2018-05-22T11:45:13.740+0000: 970353.360: [GC 8641774K->1872285K(14436672K), 0.6249010 secs]
2018-05-22T11:46:15.617+0000: 970415.238: [GC 8714269K->1933903K(14425408K), 0.8843560 secs]
2018-05-22T11:47:22.956+0000: 970482.577: [GC 8775887K->1940337K(14416896K), 0.9425910 secs]
2018-05-22T11:48:10.790+0000: 970530.410: [GC 8764913K->1957126K(14355968K), 0.9332640 secs]
2018-05-22T11:48:57.089+0000: 970576.710: [GC 8781702K->1950264K(14418496K), 0.8859710 secs]
2018-05-22T11:49:16.097+0000: 970595.718: [GC 8765624K->1890380K(14416960K), 0.5023130 secs]
2018-05-22T11:49:33.035+0000: 970612.656: [GC 8705740K->1895551K(14424320K), 0.4904290 secs]
2018-05-22T11:51:15.820+0000: 970715.441: [GC 8720703K->1980748K(14349568K), 0.9173590 secs]
2018-05-22T11:52:15.998+0000: 970775.619: [GC 8805900K->1937270K(14428608K), 0.6408950 secs]
2018-05-22T11:52:36.738+0000: 970796.358: [GC 8766518K->1916089K(14420736K), 0.4672400 secs]
2018-05-22T11:52:56.678+0000: 970816.299: [GC 8745337K->1926717K(14434752K), 0.4855490 secs]
2018-05-22T11:53:14.644+0000: 970834.265: [GC 8772349K->1928435K(14430976K), 0.4616340 secs]
2018-05-22T11:53:31.732+0000: 970851.353: [GC 8774067K->1936250K(14443264K), 0.4597160 secs]
2018-05-22T11:53:54.756+0000: 970874.377: [GC 8797818K->1959166K(14438400K), 0.5273240 secs]
2018-05-22T11:54:12.033+0000: 970891.654: [GC 8820734K->1954183K(14456576K), 0.5055170 secs]
2018-05-22T11:54:36.197+0000: 970915.818: [GC 8842055K->1960783K(14451392K), 0.4835740 secs]
2018-05-22T11:54:53.154+0000: 970932.774: [GC 8848655K->1966832K(14467776K), 0.4732470 secs]
2018-05-22T11:55:13.152+0000: 970952.773: [GC 8876720K->1971610K(14462208K), 0.4336760 secs]
2018-05-22T11:56:18.600+0000: 971018.220: [GC 8881498K->2076597K(14432832K), 0.9762370 secs]
2018-05-22T11:57:10.462+0000: 971070.082: [GC 8962485K->2087274K(14423616K), 0.9714050 secs]
2018-05-22T11:57:49.350+0000: 971108.971: [GC 8973162K->2060700K(14437952K), 0.7751910 secs]
2018-05-22T11:58:09.458+0000: 971129.078: [GC 8915356K->2020271K(14436800K), 0.5176360 secs]
2018-05-22T11:58:26.670+0000: 971146.291: [GC 8874927K->2018483K(14448384K), 0.4596210 secs]
2018-05-22T11:59:16.324+0000: 971195.944: [GC 8890739K->2106925K(14393728K), 0.9087470 secs]
2018-05-22T12:00:20.177+0000: 971259.798: [GC 8979181K->2125130K(14421376K), 0.9143590 secs]
2018-05-22T12:01:16.958+0000: 971316.579: [GC 8966090K->2134500K(14368704K), 0.8771180 secs]
2018-05-22T12:02:18.902+0000: 971378.523: [GC 8975460K->2144573K(14417920K), 0.9140990 secs]
2018-05-22T12:02:47.400+0000: 971407.021: [GC 8966461K->2073122K(14420992K), 0.4792330 secs]
2018-05-22T12:03:05.942+0000: 971425.563: [GC 8895010K->2073511K(14426624K), 0.4517740 secs]
2018-05-22T12:03:29.703+0000: 971449.324: [GC 8904039K->2089116K(14424000K), 0.4833980 secs]
2018-05-22T12:03:53.524+0000: 971473.145: [GC 8919644K->2080645K(14434304K), 0.3982100 secs]
2018-05-22T12:04:26.529+0000: 971506.150: [GC 8926533K->2136353K(14431680K), 0.6341020 secs]
2018-05-22T12:05:26.865+0000: 971566.486: [GC 8982241K->2202781K(14424704K), 0.8965090 secs]
2018-05-22T12:06:31.985+0000: 971631.606: [GC 9052957K->2210380K(14373824K), 0.8863430 secs]
2018-05-22T12:07:24.648+0000: 971684.269: [GC 9060556K->2216041K(14422976K), 0.7746770 secs]
2018-05-22T12:08:17.037+0000: 971736.658: [GC 9047529K->2183574K(14425792K), 0.6317110 secs]
2018-05-22T12:08:35.073+0000: 971754.694: [GC 9015062K->2149173K(14435776K), 0.4275910 secs]
2018-05-22T12:09:17.342+0000: 971796.963: [GC 8999797K->2180317K(14434944K), 0.5527070 secs]
2018-05-22T12:10:20.658+0000: 971860.279: [GC 9030941K->2256405K(14427840K), 0.8091470 secs]
2018-05-22T12:11:22.754+0000: 971922.374: [GC 9106581K->2267698K(14370432K), 0.7679370 secs]
2018-05-22T12:11:45.688+0000: 971945.309: [GC 9117874K->2213260K(14435968K), 0.5542280 secs]
2018-05-22T12:12:59.427+0000: 972019.047: [GC 9060108K->2289513K(14369920K), 0.9406130 secs]
2018-05-22T12:14:03.146+0000: 972082.767: [GC 9136361K->2301121K(14423488K), 0.8957520 secs]
2018-05-22T12:14:56.320+0000: 972135.940: [GC 9135425K->2313738K(14360064K), 0.8253170 secs]
2018-05-22T12:16:01.817+0000: 972201.437: [GC 9148042K->2323799K(14421632K), 0.8668160 secs]
2018-05-22T12:16:24.578+0000: 972224.199: [GC 9149527K->2263689K(14422912K), 0.5110270 secs]
2018-05-22T12:16:43.483+0000: 972243.103: [GC 9089417K->2259246K(14426944K), 0.4366180 secs]
2018-05-22T12:17:17.483+0000: 972277.104: [GC 9091822K->2323036K(14425728K), 0.7128380 secs]
2018-05-22T12:18:10.151+0000: 972329.771: [GC 9155612K->2376219K(14416448K), 0.7464230 secs]
2018-05-22T12:19:12.745+0000: 972392.366: [GC 9206939K->2378640K(14359168K), 0.8825900 secs]
2018-05-22T12:20:06.195+0000: 972445.816: [GC 9209360K->2397944K(14413184K), 0.8793520 secs]
2018-05-22T12:20:59.859+0000: 972499.480: [GC 9213432K->2403846K(14346944K), 0.9355240 secs]
2018-05-22T12:21:18.621+0000: 972518.242: [GC 9219334K->2327369K(14416128K), 0.4886800 secs]
2018-05-22T12:21:35.625+0000: 972535.246: [GC 9139913K->2340656K(14416320K), 0.5339680 secs]
2018-05-22T12:22:07.952+0000: 972567.573: [GC 9153200K->2385776K(14427904K), 0.7151520 secs]
2018-05-22T12:23:08.709+0000: 972628.330: [GC 9211888K->2440363K(14418304K), 0.9435670 secs]
2018-05-22T12:24:18.435+0000: 972698.056: [GC 9266475K->2443906K(14423680K), 0.8493080 secs]
2018-05-22T12:25:09.408+0000: 972749.028: [GC 9271554K->2431882K(14423872K), 0.7339710 secs]
2018-05-22T12:25:26.188+0000: 972765.809: [GC 9259530K->2381731K(14430016K), 0.4302790 secs]
2018-05-22T12:25:43.942+0000: 972783.563: [GC 9223715K->2383219K(14431040K), 0.4186740 secs]
2018-05-22T12:26:04.460+0000: 972804.081: [GC 9225203K->2387886K(14432512K), 0.4323300 secs]
2018-05-22T12:26:22.130+0000: 972821.750: [GC 9231342K->2391998K(14431040K), 0.4380510 secs]
2018-05-22T12:26:45.148+0000: 972844.769: [GC 9235454K->2412409K(14441024K), 0.5257840 secs]
2018-05-22T12:27:03.529+0000: 972863.150: [GC 9268345K->2406514K(14435008K), 0.4708520 secs]
2018-05-22T12:27:23.467+0000: 972883.088: [GC 9262450K->2424590K(14451520K), 0.5299410 secs]
2018-05-22T12:27:33.734+0000: 972893.355: [GC 3734032K->2360454K(14444736K), 0.1824270 secs]
2018-05-22T12:27:33.917+0000: 972893.537: [Full GC 2360454K->1295894K(14444736K), 3.9266450 secs]
2018-05-22T12:28:44.050+0000: 972963.671: [GC 8172054K->1476185K(14423936K), 0.8050120 secs]
2018-05-22T12:29:51.988+0000: 973031.609: [GC 8326233K->1480443K(14362496K), 0.8409570 secs]
2018-05-22T12:30:08.975+0000: 973048.595: [GC 8330491K->1422112K(14436736K), 0.4581680 secs]
2018-05-22T12:30:27.186+0000: 973066.806: [GC 8268320K->1425915K(14429568K), 0.4839570 secs]
2018-05-22T12:30:47.968+0000: 973087.588: [GC 8272123K->1437876K(14451904K), 0.4963860 secs]
2018-05-22T12:31:06.327+0000: 973105.948: [GC 8313332K->1439678K(14443648K), 0.4895650 secs]
2018-05-22T12:31:35.353+0000: 973134.973: [GC 8315134K->1468490K(14467648K), 0.5997480 secs]
2018-05-22T12:32:34.508+0000: 973194.129: [GC 8375050K->1542541K(14437888K), 0.9205330 secs]
2018-05-22T12:33:37.174+0000: 973256.794: [GC 8449101K->1556343K(14422464K), 0.9078500 secs]
2018-05-22T12:34:38.595+0000: 973318.215: [GC 8409463K->1554268K(14375680K), 0.8952840 secs]
2018-05-22T12:34:55.773+0000: 973335.394: [GC 8407388K->1489223K(14435072K), 0.4679740 secs]
2018-05-22T12:35:11.811+0000: 973351.431: [GC 8333959K->1496400K(14429760K), 0.4466410 secs]
2018-05-22T12:35:50.750+0000: 973390.371: [GC 8341136K->1563309K(14436928K), 0.6754770 secs]
2018-05-22T12:36:39.238+0000: 973438.859: [GC 8420909K->1600876K(14394048K), 0.9447660 secs]
2018-05-22T12:37:41.915+0000: 973501.536: [GC 8458476K->1603296K(14411968K), 0.9431620 secs]
2018-05-22T12:38:36.571+0000: 973556.192: [GC 8422240K->1606097K(14345408K), 0.9214430 secs]
2018-05-22T12:38:55.694+0000: 973575.314: [GC 8425041K->1526984K(14418560K), 0.4456360 secs]
2018-05-22T12:39:11.790+0000: 973591.411: [GC 8341768K->1543231K(14416320K), 0.4486090 secs]
2018-05-22T12:39:32.041+0000: 973611.662: [GC 8358015K->1555603K(14430144K), 0.5604270 secs]
2018-05-22T12:39:49.687+0000: 973629.308: [GC 8389267K->1547061K(14423616K), 0.4819660 secs]
2018-05-22T12:40:10.969+0000: 973650.590: [GC 8380725K->1569433K(14442496K), 0.5448650 secs]
2018-05-22T12:40:29.300+0000: 973668.920: [GC 8426265K->1560636K(14434432K), 0.4409730 secs]
2018-05-22T12:40:47.064+0000: 973686.685: [GC 8417468K->1564426K(14452608K), 0.4017300 secs]
2018-05-22T12:41:29.849+0000: 973729.470: [GC 8444490K->1628477K(14447552K), 0.7877370 secs]
2018-05-22T12:42:30.925+0000: 973790.546: [GC 8508541K->1667512K(14425856K), 0.8752090 secs]
2018-05-22T12:43:36.729+0000: 973856.350: [GC 8524216K->1636192K(14438400K), 0.7237230 secs]
2018-05-22T12:43:55.350+0000: 973874.971: [GC 8492896K->1612262K(14449600K), 0.5483630 secs]
2018-05-22T12:44:47.720+0000: 973927.341: [GC 8485030K->1658850K(14443264K), 0.7293720 secs]
2018-05-22T12:47:09.578+0000: 974069.198: [GC 8531618K->1675720K(14450816K), 0.7657500 secs]
2018-05-22T12:47:30.363+0000: 974089.983: [GC 8558408K->1610663K(14302912K), 0.3781760 secs]
2018-05-22T12:48:12.225+0000: 974131.845: [GC 8493351K->1631358K(14452544K), 0.4493530 secs]
2018-05-22T12:48:55.363+0000: 974174.984: [GC 8513790K->1668795K(14449984K), 0.5692360 secs]
2018-05-22T12:49:14.874+0000: 974194.495: [GC 8551227K->1658786K(14465536K), 0.4816040 secs]
2018-05-22T12:49:37.572+0000: 974217.193: [GC 8565346K->1661846K(14461120K), 0.4566750 secs]
2018-05-22T12:49:54.480+0000: 974234.101: [GC 8568406K->1668509K(14473984K), 0.4417110 secs]
2018-05-22T12:50:12.651+0000: 974252.272: [GC 8591965K->1668320K(14469568K), 0.4054570 secs]
2018-05-22T12:51:10.635+0000: 974310.256: [GC 8591776K->1745069K(14459904K), 0.8134620 secs]
2018-05-22T12:52:23.815+0000: 974383.435: [GC 8662445K->1776304K(14443648K), 0.9585740 secs]
2018-05-22T12:53:35.449+0000: 974455.069: [GC 8693680K->1787449K(14432192K), 0.8831320 secs]
2018-05-22T12:54:41.917+0000: 974521.537: [GC 8653881K->1793843K(14388224K), 0.8824940 secs]
2018-05-22T12:55:54.080+0000: 974593.701: [GC 8660275K->1812969K(14421632K), 0.7938360 secs]
2018-05-22T12:57:01.858+0000: 974661.478: [GC 8650729K->1823919K(14366208K), 0.8967920 secs]
2018-05-22T12:57:59.161+0000: 974718.782: [GC 8661679K->1834013K(14416640K), 0.8557100 secs]
2018-05-22T12:58:47.086+0000: 974766.707: [GC 8653981K->1790771K(14420032K), 0.6169750 secs]
2018-05-22T12:59:04.175+0000: 974783.796: [GC 8610739K->1765796K(14428800K), 0.4721150 secs]
2018-05-22T12:59:32.052+0000: 974811.672: [GC 8602084K->1792130K(14427584K), 0.5967630 secs]
2018-05-22T13:00:27.749+0000: 974867.370: [GC 8628418K->1850722K(14433728K), 0.7932250 secs]
2018-05-22T13:01:28.546+0000: 974928.166: [GC 8699490K->1878520K(14376960K), 0.8796830 secs]
2018-05-22T13:02:29.041+0000: 974988.662: [GC 8727288K->1881026K(14428672K), 0.8240260 secs]
2018-05-22T13:03:30.474+0000: 975050.095: [GC 8718530K->1895474K(14360320K), 0.5217890 secs]
2018-05-22T13:04:08.923+0000: 975088.544: [GC 8732978K->1864667K(14434304K), 0.6625600 secs]
2018-05-22T13:05:12.695+0000: 975152.315: [GC 8706523K->1920932K(14427648K), 0.8197600 secs]
2018-05-22T13:05:32.349+0000: 975171.969: [GC 8762788K->1835281K(14425664K), 0.3722260 secs]
2018-05-22T13:05:51.954+0000: 975191.575: [GC 8673169K->1863443K(14428992K), 0.4678130 secs]
2018-05-22T13:06:55.119+0000: 975254.740: [GC 8701331K->1941965K(14432832K), 0.6927830 secs]
2018-05-22T13:07:48.036+0000: 975307.656: [GC 8785229K->1933017K(14430528K), 0.6317410 secs]
2018-05-22T13:08:09.512+0000: 975329.133: [GC 8776281K->1914084K(14441984K), 0.4204090 secs]
2018-05-22T13:08:38.113+0000: 975357.734: [GC 8776484K->1958317K(14440512K), 0.6097800 secs]
2018-05-22T13:10:05.085+0000: 975444.706: [GC 8820717K->2040212K(14425216K), 0.7827060 secs]
2018-05-22T13:10:48.467+0000: 975488.088: [GC 8894740K->1997487K(14437312K), 0.5417060 secs]
2018-05-22T13:11:35.240+0000: 975534.860: [GC 8852015K->2054105K(14444608K), 0.5346770 secs]
2018-05-22T13:12:19.817+0000: 975579.438: [GC 8922265K->2078700K(14443648K), 0.8430950 secs]
2018-05-22T13:13:24.774+0000: 975644.394: [GC 8946860K->2125587K(14425472K), 0.9633640 secs]
2018-05-22T13:14:52.321+0000: 975731.942: [GC 8975891K->2137316K(14377856K), 0.9364810 secs]
2018-05-22T13:15:17.873+0000: 975757.494: [GC 8987620K->2070623K(14432128K), 0.4545630 secs]
2018-05-22T13:15:33.437+0000: 975773.058: [GC 8914399K->2083819K(14431744K), 0.4399830 secs]
2018-05-22T13:16:13.443+0000: 975813.063: [GC 8927595K->2134478K(14442752K), 0.7288150 secs]
2018-05-22T13:16:51.186+0000: 975850.807: [GC 8991438K->2132093K(14434304K), 0.6521320 secs]
2018-05-22T13:17:09.383+0000: 975869.004: [GC 8989053K->2104138K(14449728K), 0.4424430 secs]
2018-05-22T13:17:21.487+0000: 975881.107: [GC 8983882K->2094004K(14296704K), 0.3403780 secs]
2018-05-22T13:18:13.786+0000: 975933.406: [GC 8973748K->2206981K(14434176K), 0.8420480 secs]
2018-05-22T13:18:43.337+0000: 975962.958: [GC 9068805K->2170939K(14440960K), 0.5867440 secs]
2018-05-22T13:19:16.102+0000: 975995.723: [GC 9032763K->2181043K(14455104K), 0.5585660 secs]
2018-05-22T13:19:38.325+0000: 976017.946: [GC 9064563K->2189256K(14448512K), 0.5587400 secs]
2018-05-22T13:20:00.283+0000: 976039.904: [GC 9072776K->2194435K(14465408K), 0.4615960 secs]
2018-05-22T13:20:21.457+0000: 976061.078: [GC 9100483K->2208055K(14460736K), 0.4490400 secs]
2018-05-22T13:20:43.410+0000: 976083.031: [GC 9114103K->2234509K(14477056K), 0.5432900 secs]
2018-05-22T13:21:07.431+0000: 976107.052: [GC 9161805K->2252316K(14470336K), 0.5860690 secs]
2018-05-22T13:21:30.342+0000: 976129.963: [GC 9179612K->2261712K(14488576K), 0.5847630 secs]
2018-05-22T13:21:47.578+0000: 976147.198: [GC 9213840K->2249621K(14483648K), 0.4061480 secs]
2018-05-22T13:22:06.327+0000: 976165.948: [GC 9201749K->2274810K(14491392K), 0.4649680 secs]
2018-05-22T13:22:39.046+0000: 976198.667: [GC 9234746K->2327434K(14488640K), 0.6814980 secs]
2018-05-22T13:23:41.932+0000: 976261.553: [GC 9287370K->2400421K(14437632K), 1.0123370 secs]
2018-05-22T13:24:42.927+0000: 976322.548: [GC 9309093K->2424684K(14447360K), 0.9583090 secs]
2018-05-22T13:25:39.325+0000: 976378.946: [GC 9333356K->2433719K(14426432K), 0.8823240 secs]
2018-05-22T13:26:35.820+0000: 976435.440: [GC 9288503K->2442279K(14385024K), 0.9194190 secs]
2018-05-22T13:27:37.854+0000: 976497.475: [GC 7708799K->2412503K(14440256K), 0.7042710 secs]
2018-05-22T13:27:38.559+0000: 976498.179: [Full GC 2412503K->1392506K(14440256K), 4.5143870 secs]
2018-05-22T13:28:51.065+0000: 976570.686: [GC 8243194K->1597952K(14396224K), 0.8602380 secs]
2018-05-22T13:29:13.159+0000: 976592.780: [GC 8448640K->1520867K(14426944K), 0.4424890 secs]
2018-05-22T13:29:33.683+0000: 976613.304: [GC 8356323K->1531464K(14427776K), 0.4016220 secs]
2018-05-22T13:30:35.920+0000: 976675.541: [GC 8366920K->1610929K(14433472K), 0.6576790 secs]
2018-05-22T13:30:54.866+0000: 976694.487: [GC 8452465K->1564481K(14428160K), 0.3949150 secs]
2018-05-22T13:31:19.088+0000: 976718.709: [GC 8406017K->1579800K(14436736K), 0.4282810 secs]
2018-05-22T13:31:40.382+0000: 976740.002: [GC 8430360K->1587840K(14433920K), 0.4094920 secs]
2018-05-22T13:31:58.887+0000: 976758.508: [GC 8438400K->1605181K(14445120K), 0.4212760 secs]
2018-05-22T13:32:23.639+0000: 976783.260: [GC 8470077K->1631120K(14439872K), 0.5088780 secs]
2018-05-22T13:32:42.108+0000: 976801.729: [GC 8496016K->1633304K(14459136K), 0.4944150 secs]
2018-05-22T13:33:13.436+0000: 976833.057: [GC 8525784K->1677232K(14453440K), 0.6709610 secs]
2018-05-22T13:34:05.380+0000: 976885.001: [GC 8569712K->1747936K(14431680K), 0.9266250 secs]
2018-05-22T13:34:47.608+0000: 976927.229: [GC 8624864K->1726763K(14448512K), 0.7392240 secs]
2018-05-22T13:35:05.871+0000: 976945.492: [GC 8603691K->1705670K(14456960K), 0.4887750 secs]
2018-05-22T13:35:48.591+0000: 976988.212: [GC 8592902K->1769195K(14450368K), 0.8345600 secs]
2018-05-22T13:36:43.874+0000: 977043.495: [GC 8656427K->1817306K(14423040K), 0.9353710 secs]
2018-05-22T13:37:39.524+0000: 977099.145: [GC 8673242K->1833111K(14394944K), 0.8859530 secs]
2018-05-22T13:38:31.324+0000: 977150.945: [GC 8689047K->1854965K(14407360K), 0.9407330 secs]
2018-05-22T13:39:24.553+0000: 977204.174: [GC 8668789K->1872851K(14352000K), 0.9630640 secs]
2018-05-22T13:40:24.063+0000: 977263.683: [GC 8686675K->1892767K(14402560K), 0.8262920 secs]
2018-05-22T13:40:41.659+0000: 977281.280: [GC 8686239K->1830696K(14406784K), 0.4787820 secs]
2018-05-22T13:40:59.634+0000: 977299.255: [GC 8624168K->1835020K(14411776K), 0.4915400 secs]
2018-05-22T13:41:22.354+0000: 977321.974: [GC 8635852K->1855500K(14409152K), 0.5216600 secs]
2018-05-22T13:41:39.129+0000: 977338.749: [GC 8656332K->1859633K(14421760K), 0.4993220 secs]
2018-05-22T13:41:58.588+0000: 977358.208: [GC 8678321K->1866374K(14417024K), 0.4789750 secs]
2018-05-22T13:42:18.368+0000: 977377.989: [GC 8685062K->1881112K(14432704K), 0.4851240 secs]
2018-05-22T13:42:36.529+0000: 977396.150: [GC 8720152K->1890669K(14426432K), 0.4876410 secs]
2018-05-22T13:43:12.384+0000: 977432.005: [GC 8729709K->1944136K(14443392K), 0.7211360 secs]
2018-05-22T13:44:05.599+0000: 977485.219: [GC 8806344K->2007634K(14401920K), 0.9554720 secs]
2018-05-22T13:45:05.760+0000: 977545.380: [GC 8869842K->2027708K(14408512K), 0.8326470 secs]
2018-05-22T13:46:05.663+0000: 977605.284: [GC 8845500K->2043509K(14351232K), 0.8339850 secs]
2018-05-22T13:46:24.630+0000: 977624.251: [GC 8861301K->1965539K(14414208K), 0.4041970 secs]
2018-05-22T13:46:41.857+0000: 977641.478: [GC 8772707K->1988736K(14413056K), 0.4431180 secs]
2018-05-22T13:47:04.275+0000: 977663.896: [GC 8795904K->2005314K(14425536K), 0.4862140 secs]
2018-05-22T13:47:22.476+0000: 977682.096: [GC 8829570K->1998487K(14418816K), 0.4012590 secs]
2018-05-22T13:47:46.218+0000: 977705.839: [GC 8822743K->2029276K(14437184K), 0.5105820 secs]
2018-05-22T13:48:04.545+0000: 977724.165: [GC 8875548K->2021755K(14429184K), 0.4002050 secs]
2018-05-22T13:48:22.612+0000: 977742.233: [GC 8868027K->2032488K(14446912K), 0.4195830 secs]
2018-05-22T13:48:47.020+0000: 977766.640: [GC 8900968K->2055889K(14441664K), 0.5019780 secs]
2018-05-22T13:49:06.916+0000: 977786.536: [GC 8924369K->2057081K(14461312K), 0.4681550 secs]
2018-05-22T13:49:47.888+0000: 977827.509: [GC 8953337K->2120357K(14455040K), 0.7170760 secs]
2018-05-22T13:50:52.924+0000: 977892.545: [GC 9016613K->2181247K(14422848K), 0.8175070 secs]
2018-05-22T13:51:42.394+0000: 977942.015: [GC 9043711K->2190507K(14395520K), 0.8904870 secs]
2018-05-22T13:52:39.064+0000: 977998.685: [GC 9052971K->2211731K(14407680K), 0.9505190 secs]
2018-05-22T13:53:38.680+0000: 978058.301: [GC 9028115K->2217981K(14346688K), 0.8239290 secs]
2018-05-22T13:54:35.113+0000: 978114.734: [GC 9034365K->2226269K(14405184K), 0.9774230 secs]
2018-05-22T13:55:32.786+0000: 978172.407: [GC 9023709K->2235913K(14326528K), 0.7902790 secs]
2018-05-22T13:56:06.022+0000: 978205.642: [GC 9033353K->2161108K(14410048K), 0.4572800 secs]
2018-05-22T13:56:23.403+0000: 978223.024: [GC 8957844K->2160388K(14406784K), 0.4247360 secs]
2018-05-22T13:56:47.118+0000: 978246.739: [GC 8957124K->2186167K(14420416K), 0.5245050 secs]
2018-05-22T13:57:03.349+0000: 978262.969: [GC 8999351K->2191331K(14412864K), 0.5359280 secs]
2018-05-22T13:57:20.091+0000: 978279.712: [GC 9004515K->2191212K(14433600K), 0.5061160 secs]
2018-05-22T13:58:14.514+0000: 978334.134: [GC 9032172K->2268730K(14427456K), 0.9091710 secs]
2018-05-22T13:59:22.812+0000: 978402.433: [GC 9109690K->2293106K(14412608K), 0.9042890 secs]
2018-05-22T13:59:44.728+0000: 978424.349: [GC 9114482K->2264148K(14420736K), 0.6644490 secs]
2018-05-22T14:00:09.864+0000: 978449.485: [GC 9085524K->2255304K(14438592K), 0.6268750 secs]
2018-05-22T14:00:33.123+0000: 978472.743: [GC 9103176K->2225446K(14429376K), 0.4373240 secs]
2018-05-22T14:00:55.306+0000: 978494.926: [GC 9073318K->2242241K(14445440K), 0.4496910 secs]
2018-05-22T14:01:14.767+0000: 978514.388: [GC 9108289K->2261469K(14440704K), 0.5729970 secs]
2018-05-22T14:01:37.145+0000: 978536.766: [GC 9127517K->2262585K(14458752K), 0.5673920 secs]
2018-05-22T14:01:58.379+0000: 978557.999: [GC 9154105K->2253617K(14452864K), 0.4606630 secs]
2018-05-22T14:02:18.866+0000: 978578.487: [GC 9145137K->2281921K(14468608K), 0.5111690 secs]
2018-05-22T14:02:40.017+0000: 978599.638: [GC 9192001K->2291760K(14461568K), 0.5492710 secs]
2018-05-22T14:03:01.614+0000: 978621.234: [GC 9201840K->2298485K(14480128K), 0.5531390 secs]
2018-05-22T14:03:25.105+0000: 978644.726: [GC 9233077K->2298598K(14474560K), 0.4961430 secs]
2018-05-22T14:03:45.397+0000: 978665.017: [GC 9233190K->2311950K(14488192K), 0.4891850 secs]
2018-05-22T14:04:12.540+0000: 978692.160: [GC 9264270K->2338570K(14484224K), 0.5766650 secs]
2018-05-22T14:04:38.672+0000: 978718.293: [GC 9290890K->2314826K(14493440K), 0.3878480 secs]
2018-05-22T14:05:03.472+0000: 978743.092: [GC 9283018K->2345069K(14494144K), 0.4352240 secs]
2018-05-22T14:05:25.742+0000: 978765.363: [GC 9313261K->2358549K(14502080K), 0.4963030 secs]
2018-05-22T14:05:47.033+0000: 978786.654: [GC 9338517K->2378131K(14497984K), 0.5369700 secs]
2018-05-22T14:06:07.784+0000: 978807.405: [GC 9358099K->2377841K(14510464K), 0.4815440 secs]
2018-05-22T14:06:30.747+0000: 978830.368: [GC 9375473K->2391997K(14507264K), 0.5116460 secs]
2018-05-22T14:06:53.524+0000: 978853.144: [GC 9389629K->2409729K(14519424K), 0.5489220 secs]
2018-05-22T14:07:14.791+0000: 978874.412: [GC 9423489K->2422457K(14514432K), 0.5446230 secs]
2018-05-22T14:07:35.075+0000: 978894.696: [GC 9436217K->2434492K(14525696K), 0.5800880 secs]
2018-05-22T14:07:55.618+0000: 978915.238: [GC 9463356K->2425813K(14523264K), 0.4665800 secs]
2018-05-22T14:08:18.738+0000: 978938.359: [GC 9454677K->2438710K(14529792K), 0.4665210 secs]
2018-05-22T14:08:41.947+0000: 978961.568: [GC 9475894K->2451828K(14527488K), 0.4628480 secs]
2018-05-22T14:09:06.632+0000: 978986.252: [GC 9489012K->2469712K(14534848K), 0.5407690 secs]
2018-05-22T14:09:27.886+0000: 979007.507: [GC 9517136K->2473699K(14532672K), 0.5286890 secs]
2018-05-22T14:09:51.347+0000: 979030.968: [GC 9521123K->2483355K(14539584K), 0.4804330 secs]
2018-05-22T14:10:12.855+0000: 979052.475: [GC 9540059K->2503093K(14537216K), 0.5058510 secs]
2018-05-22T14:10:34.137+0000: 979073.758: [GC 9559797K->2508489K(14542976K), 0.5072250 secs]
2018-05-22T14:10:55.829+0000: 979095.450: [GC 9571849K->2516500K(14540480K), 0.4471610 secs]
2018-05-22T14:11:18.727+0000: 979118.347: [GC 9579860K->2533542K(14546752K), 0.5316120 secs]
2018-05-22T14:11:42.515+0000: 979142.136: [GC 9604710K->2547124K(14544512K), 0.5544620 secs]
2018-05-22T14:12:04.453+0000: 979164.074: [GC 9618292K->2550860K(14548480K), 0.4937980 secs]
2018-05-22T14:12:28.046+0000: 979187.666: [GC 9626060K->2555036K(14546816K), 0.4791670 secs]
2018-05-22T14:12:52.412+0000: 979212.033: [GC 9630236K->2561449K(14549760K), 0.4529440 secs]
2018-05-22T14:13:16.481+0000: 979236.102: [GC 9640425K->2587409K(14538112K), 0.5421110 secs]
2018-05-22T14:13:36.412+0000: 979256.032: [GC 9666385K->2583168K(14549120K), 0.4694940 secs]
2018-05-22T14:13:58.532+0000: 979278.153: [GC 9660672K->2606300K(14548480K), 0.5432840 secs]
2018-05-22T14:14:20.953+0000: 979300.573: [GC 9683804K->2618645K(14548160K), 0.5492880 secs]
2018-05-22T14:14:43.183+0000: 979322.804: [GC 9695381K->2626285K(14548416K), 0.5686080 secs]
2018-05-22T14:15:06.537+0000: 979346.158: [GC 9703021K->2628585K(14549760K), 0.4541290 secs]
2018-05-22T14:15:30.100+0000: 979369.721: [GC 9707113K->2645790K(14548864K), 0.4524840 secs]
2018-05-22T14:15:47.679+0000: 979387.299: [GC 9724318K->2667109K(14544960K), 0.5460030 secs]
2018-05-22T14:16:10.055+0000: 979409.676: [GC 9743077K->2674190K(14534400K), 0.5525910 secs]
2018-05-22T14:16:34.233+0000: 979433.854: [GC 9750158K->2668730K(14547968K), 0.4715770 secs]
2018-05-22T14:16:56.160+0000: 979455.781: [GC 9744442K->2694574K(14534336K), 0.5500210 secs]
2018-05-22T14:17:17.633+0000: 979477.254: [GC 9770286K->2703506K(14547264K), 0.5745590 secs]
2018-05-22T14:17:37.964+0000: 979497.585: [GC 9778322K->2699834K(14547456K), 0.4770890 secs]
2018-05-22T14:17:59.199+0000: 979518.819: [GC 9774650K->2725908K(14545088K), 0.5507590 secs]
2018-05-22T14:18:21.437+0000: 979541.058: [GC 9798804K->2733637K(14546496K), 0.5301840 secs]
2018-05-22T14:18:42.635+0000: 979562.255: [GC 9806533K->2754603K(14546944K), 0.5888070 secs]
2018-05-22T14:19:10.957+0000: 979590.577: [GC 9829419K->2751522K(14547456K), 0.4612940 secs]
2018-05-22T14:19:35.229+0000: 979614.850: [GC 9826338K->2769467K(14549760K), 0.5262680 secs]
2018-05-22T14:19:55.352+0000: 979634.972: [GC 9847099K->2778643K(14547968K), 0.4964530 secs]
2018-05-22T14:20:16.314+0000: 979655.935: [GC 9856275K->2792717K(14551424K), 0.5210380 secs]
2018-05-22T14:20:35.647+0000: 979675.267: [GC 9875405K->2790819K(14551360K), 0.4369020 secs]
2018-05-22T14:20:58.501+0000: 979698.122: [GC 9873507K->2814181K(14548608K), 0.5068910 secs]
2018-05-22T14:21:20.290+0000: 979719.910: [GC 9894245K->2824395K(14539968K), 0.5273270 secs]
2018-05-22T14:21:41.265+0000: 979740.886: [GC 9904459K->2834638K(14549184K), 0.5459580 secs]
2018-05-22T14:22:00.961+0000: 979760.582: [GC 9913166K->2829999K(14523008K), 0.4766200 secs]
2018-05-22T14:22:22.663+0000: 979782.284: [GC 9908457K->2855678K(14548224K), 0.5331620 secs]
2018-05-22T14:22:44.092+0000: 979803.713: [GC 9932926K->2868203K(14537600K), 0.5755960 secs]
2018-05-22T14:23:04.441+0000: 979824.062: [GC 9945451K->2881062K(14545920K), 0.5429970 secs]
2018-05-22T14:23:23.351+0000: 979842.972: [GC 9955110K->2882394K(14547072K), 0.5161040 secs]
2018-05-22T14:23:44.408+0000: 979864.028: [GC 9956442K->2906179K(14544256K), 0.5692920 secs]
2018-05-22T14:24:03.805+0000: 979883.426: [GC 9978307K->2920747K(14540544K), 0.6045570 secs]
2018-05-22T14:24:22.841+0000: 979902.461: [GC 9992875K->2912003K(14544000K), 0.5147610 secs]
2018-05-22T14:24:44.406+0000: 979924.027: [GC 9979267K->2929804K(14543360K), 0.5224900 secs]
2018-05-22T14:25:06.654+0000: 979946.275: [GC 9997068K->2949479K(14543168K), 0.5473300 secs]
2018-05-22T14:25:24.434+0000: 979964.054: [GC 10018407K->2953380K(14544512K), 0.5177340 secs]
2018-05-22T14:25:44.673+0000: 979984.294: [GC 10022308K->2965243K(14546816K), 0.5064570 secs]
2018-05-22T14:26:04.944+0000: 980004.564: [GC 10037883K->2980412K(14538432K), 0.5219970 secs]
2018-05-22T14:26:27.616+0000: 980027.237: [GC 10053052K->2973555K(14545600K), 0.4665260 secs]
2018-05-22T14:26:49.166+0000: 980048.786: [GC 10044467K->2980980K(14517568K), 0.4518750 secs]
2018-05-22T14:27:13.141+0000: 980072.762: [GC 10051892K->2989386K(14544064K), 0.4258930 secs]
2018-05-22T14:27:34.422+0000: 980094.042: [GC 10058698K->3004924K(14512448K), 0.4533350 secs]
2018-05-22T14:27:43.084+0000: 980102.704: [GC 6218365K->2982777K(14532608K), 0.2901950 secs]
2018-05-22T14:27:43.374+0000: 980102.995: [Full GC 2982777K->1356250K(14532608K), 4.7769580 secs]
2018-05-22T14:28:04.438+0000: 980124.058: [GC 8413402K->1484235K(14525184K), 0.5454710 secs]
2018-05-22T14:28:25.801+0000: 980145.421: [GC 8541387K->1494813K(14536064K), 0.5778170 secs]
2018-05-22T14:28:44.989+0000: 980164.610: [GC 8545693K->1501652K(14534912K), 0.4969750 secs]
2018-05-22T14:29:05.763+0000: 980185.383: [GC 8552532K->1517131K(14538880K), 0.5373490 secs]
2018-05-22T14:29:27.373+0000: 980206.993: [GC 8574603K->1531024K(14518912K), 0.5453010 secs]
2018-05-22T14:29:48.992+0000: 980228.612: [GC 8588496K->1546219K(14538560K), 0.5973870 secs]
2018-05-22T14:30:10.863+0000: 980250.484: [GC 8603179K->1556394K(14538496K), 0.4850500 secs]
2018-05-22T14:30:28.946+0000: 980268.567: [GC 8613354K->1573460K(14541312K), 0.5080810 secs]
2018-05-22T14:30:50.871+0000: 980290.492: [GC 8635156K->1586819K(14540480K), 0.4713950 secs]
2018-05-22T14:31:12.780+0000: 980312.401: [GC 8648515K->1611570K(14540992K), 0.5136710 secs]
2018-05-22T14:31:34.335+0000: 980333.956: [GC 8675122K->1622273K(14541824K), 0.5252710 secs]
2018-05-22T14:31:55.707+0000: 980355.327: [GC 8685825K->1623554K(14543552K), 0.5129410 secs]
2018-05-22T14:32:16.346+0000: 980375.967: [GC 8689730K->1638738K(14542720K), 0.5104600 secs]
2018-05-22T14:32:38.667+0000: 980398.288: [GC 8704914K->1657939K(14545664K), 0.5391400 secs]
2018-05-22T14:33:00.633+0000: 980420.254: [GC 8728339K->1676499K(14544832K), 0.5396810 secs]
2018-05-22T14:33:28.510+0000: 980448.131: [GC 8746899K->1697611K(14541248K), 0.6143300 secs]
2018-05-22T14:34:08.306+0000: 980487.927: [GC 8764619K->1720422K(14543552K), 0.6409000 secs]
2018-05-22T14:34:27.885+0000: 980507.506: [GC 8787430K->1719760K(14528064K), 0.5728170 secs]
2018-05-22T14:34:48.586+0000: 980528.207: [GC 8771280K->1715884K(14535808K), 0.4882970 secs]
2018-05-22T14:35:07.024+0000: 980546.644: [GC 8767335K->1715905K(14532864K), 0.3818450 secs]
2018-05-22T14:35:25.728+0000: 980565.349: [GC 8764609K->1735125K(14534400K), 0.4403510 secs]
2018-05-22T14:35:47.956+0000: 980587.577: [GC 8783829K->1759970K(14537920K), 0.4961450 secs]
2018-05-22T14:36:25.272+0000: 980624.893: [GC 8812770K->1807809K(14534976K), 0.6369400 secs]
2018-05-22T14:37:50.011+0000: 980709.632: [GC 8860609K->1876563K(14451136K), 0.9961420 secs]
2018-05-22T14:38:53.185+0000: 980772.805: [GC 8842579K->1945185K(14493056K), 0.8644870 secs]
2018-05-22T14:39:57.438+0000: 980837.058: [GC 8911201K->1965113K(14405504K), 0.9262470 secs]
2018-05-22T14:40:47.700+0000: 980887.321: [GC 8843577K->1983890K(14414528K), 1.0021170 secs]
2018-05-22T14:41:26.729+0000: 980926.350: [GC 8862354K->1924675K(14444096K), 0.5730780 secs]
2018-05-22T14:41:46.047+0000: 980945.668: [GC 8787523K->1909632K(14438848K), 0.4550150 secs]
2018-05-22T14:42:07.398+0000: 980967.019: [GC 8772480K->1914539K(14446912K), 0.4646580 secs]
2018-05-22T14:42:28.843+0000: 980988.464: [GC 8786539K->1900632K(14445184K), 0.3545380 secs]
2018-05-22T14:42:54.912+0000: 981014.533: [GC 8772632K->1917265K(14448960K), 0.3866050 secs]
2018-05-22T14:43:15.431+0000: 981035.052: [GC 8792209K->1913721K(14446080K), 0.3557440 secs]
2018-05-22T14:43:45.770+0000: 981065.391: [GC 8788665K->1950048K(14458560K), 0.5305330 secs]
2018-05-22T14:45:19.881+0000: 981159.502: [GC 8838944K->2038719K(14417984K), 0.8460290 secs]
2018-05-22T14:46:08.957+0000: 981208.577: [GC 8927615K->2026441K(14438080K), 0.7296180 secs]
2018-05-22T14:46:26.735+0000: 981226.356: [GC 8887881K->1970618K(14440768K), 0.4777720 secs]
2018-05-22T14:46:45.814+0000: 981245.435: [GC 8832058K->1975953K(14451264K), 0.4618120 secs]
2018-05-22T14:47:06.811+0000: 981266.432: [GC 8852817K->1985498K(14445696K), 0.4600290 secs]
2018-05-22T14:47:23.939+0000: 981283.559: [GC 8862362K->1994508K(14464512K), 0.4810560 secs]
2018-05-22T14:47:45.674+0000: 981305.294: [GC 8896652K->2017968K(14457728K), 0.6093770 secs]
2018-05-22T14:48:03.358+0000: 981322.979: [GC 8920112K->1999643K(14477888K), 0.4444560 secs]
2018-05-22T14:48:23.137+0000: 981342.758: [GC 8931099K->2012050K(14473664K), 0.4975400 secs]
2018-05-22T14:49:31.679+0000: 981411.300: [GC 8943506K->2104918K(14446144K), 0.9422060 secs]
2018-05-22T14:50:46.079+0000: 981485.700: [GC 9014486K->2116017K(14440832K), 0.8554090 secs]
2018-05-22T14:51:09.617+0000: 981509.238: [GC 9025585K->2043901K(14455168K), 0.4994690 secs]
2018-05-22T14:51:27.675+0000: 981527.296: [GC 8928061K->2046731K(14449088K), 0.4826610 secs]
2018-05-22T14:52:02.156+0000: 981561.777: [GC 8930891K->2097260K(14461696K), 0.7242200 secs]
2018-05-22T14:52:56.087+0000: 981615.708: [GC 8999404K->2150422K(14436224K), 0.9589350 secs]
2018-05-22T14:53:50.346+0000: 981669.967: [GC 9052566K->2160547K(14424000K), 0.9586310 secs]
2018-05-22T14:55:11.694+0000: 981751.314: [GC 9010851K->2161831K(14373952K), 0.9348920 secs]
2018-05-22T14:57:17.547+0000: 981877.168: [GC 9012135K->2166425K(14425856K), 0.8979550 secs]
2018-05-22T14:57:35.827+0000: 981895.447: [GC 9001881K->2094560K(14427776K), 0.4237190 secs]
2018-05-22T14:57:54.116+0000: 981913.736: [GC 8930016K->2110991K(14432384K), 0.4915670 secs]
2018-05-22T14:58:36.705+0000: 981956.325: [GC 8951695K->2180477K(14428416K), 0.7484900 secs]
2018-05-22T14:59:39.015+0000: 982018.636: [GC 9021181K->2218651K(14417152K), 0.9532590 secs]
2018-05-22T15:00:45.850+0000: 982085.471: [GC 9049243K->2228060K(14358848K), 0.9313620 secs]
2018-05-22T15:01:19.749+0000: 982119.369: [GC 9058652K->2175506K(14427136K), 0.5513780 secs]
2018-05-22T15:01:37.495+0000: 982137.116: [GC 9003218K->2157405K(14420672K), 0.4154180 secs]
2018-05-22T15:01:56.972+0000: 982156.592: [GC 8985117K->2169722K(14432192K), 0.4549270 secs]
2018-05-22T15:03:01.076+0000: 982220.696: [GC 9010810K->2233580K(14428992K), 0.7998180 secs]
2018-05-22T15:04:01.912+0000: 982281.533: [GC 9074668K->2274820K(14422912K), 0.9576840 secs]
2018-05-22T15:04:32.823+0000: 982312.443: [GC 9114628K->2214418K(14429952K), 0.5303420 secs]
2018-05-22T15:04:56.133+0000: 982335.753: [GC 9054226K->2209594K(14439104K), 0.4738570 secs]
2018-05-22T15:05:16.739+0000: 982356.359: [GC 9064186K->2231175K(14435584K), 0.5588740 secs]
2018-05-22T15:05:39.469+0000: 982379.090: [GC 9085767K->2227658K(14450752K), 0.5134320 secs]
2018-05-22T15:06:02.609+0000: 982402.230: [GC 9104266K->2229779K(14445952K), 0.4847160 secs]
2018-05-22T15:06:27.144+0000: 982426.765: [GC 9106387K->2234922K(14459584K), 0.4580350 secs]
2018-05-22T15:06:49.188+0000: 982448.809: [GC 9129514K->2241128K(14455104K), 0.4666420 secs]
2018-05-22T15:07:11.932+0000: 982471.553: [GC 9135720K->2250768K(14469312K), 0.4508200 secs]
2018-05-22T15:07:35.648+0000: 982495.268: [GC 9163856K->2261437K(14463872K), 0.4957710 secs]
2018-05-22T15:07:57.846+0000: 982517.466: [GC 9174525K->2270700K(14481792K), 0.5010550 secs]
2018-05-22T15:08:20.883+0000: 982540.504: [GC 9207724K->2280639K(14475328K), 0.5031470 secs]
2018-05-22T15:08:43.237+0000: 982562.858: [GC 9217663K->2288246K(14494912K), 0.5203830 secs]
2018-05-22T15:09:05.116+0000: 982584.737: [GC 9251510K->2293078K(14488448K), 0.5261750 secs]
2018-05-22T15:09:26.999+0000: 982606.620: [GC 9256342K->2291890K(14504448K), 0.5123210 secs]
2018-05-22T15:09:49.851+0000: 982629.471: [GC 9276850K->2292757K(14500608K), 0.4637230 secs]
2018-05-22T15:10:10.829+0000: 982650.450: [GC 9277717K->2310783K(14512704K), 0.4331200 secs]
2018-05-22T15:10:33.670+0000: 982673.291: [GC 9311039K->2326262K(14507648K), 0.4924470 secs]
2018-05-22T15:10:55.728+0000: 982695.349: [GC 9326518K->2333918K(14523008K), 0.5084530 secs]
2018-05-22T15:11:19.388+0000: 982719.009: [GC 9354910K->2344023K(14518080K), 0.4807510 secs]
2018-05-22T15:11:41.073+0000: 982740.693: [GC 9365015K->2333718K(14527808K), 0.4204540 secs]
2018-05-22T15:12:03.051+0000: 982762.672: [GC 9367382K->2342644K(14525952K), 0.4609120 secs]
2018-05-22T15:12:24.354+0000: 982783.975: [GC 9376308K->2363371K(14531648K), 0.5228260 secs]
2018-05-22T15:12:45.584+0000: 982805.205: [GC 9404971K->2371292K(14530048K), 0.5942290 secs]
2018-05-22T15:13:08.180+0000: 982827.801: [GC 9412892K->2373609K(14534720K), 0.5495960 secs]
2018-05-22T15:13:26.445+0000: 982846.065: [GC 9420457K->2381203K(14532224K), 0.5567910 secs]
2018-05-22T15:13:48.959+0000: 982868.579: [GC 9428051K->2382854K(14539392K), 0.5302700 secs]
2018-05-22T15:14:10.696+0000: 982890.316: [GC 9438790K->2400219K(14536640K), 0.6017900 secs]
2018-05-22T15:14:31.355+0000: 982910.976: [GC 9456155K->2396233K(14540800K), 0.5253450 secs]
2018-05-22T15:14:51.105+0000: 982930.725: [GC 9455625K->2397634K(14538688K), 0.4964300 secs]
2018-05-22T15:15:14.244+0000: 982953.865: [GC 9457026K->2406413K(14543744K), 0.4796910 secs]
2018-05-22T15:15:36.209+0000: 982975.830: [GC 9472077K->2423667K(14542016K), 0.4980200 secs]
2018-05-22T15:15:57.011+0000: 982996.632: [GC 9489331K->2438382K(14538240K), 0.5233130 secs]
2018-05-22T15:16:20.575+0000: 983020.196: [GC 9500654K->2429751K(14541184K), 0.4676730 secs]
2018-05-22T15:16:38.671+0000: 983038.291: [GC 9492023K->2447597K(14543872K), 0.5274890 secs]
2018-05-22T15:17:00.752+0000: 983060.372: [GC 9514093K->2455060K(14542720K), 0.5306430 secs]
2018-05-22T15:17:22.339+0000: 983081.960: [GC 9521556K->2467135K(14543424K), 0.5493490 secs]
2018-05-22T15:17:43.520+0000: 983103.140: [GC 9535167K->2466078K(14544064K), 0.5564710 secs]
2018-05-22T15:18:06.599+0000: 983126.219: [GC 9534110K->2461077K(14545600K), 0.4953200 secs]
2018-05-22T15:18:32.399+0000: 983152.020: [GC 9532565K->2461343K(14505216K), 0.4289120 secs]
2018-05-22T15:18:54.439+0000: 983174.060: [GC 9532831K->2480251K(14546112K), 0.4900380 secs]
2018-05-22T15:19:13.215+0000: 983192.836: [GC 9550843K->2500956K(14532608K), 0.5805360 secs]
2018-05-22T15:19:35.529+0000: 983215.149: [GC 9571548K->2504336K(14544192K), 0.5802850 secs]
2018-05-22T15:19:56.362+0000: 983235.983: [GC 9572752K->2503716K(14544256K), 0.4816960 secs]
2018-05-22T15:20:16.853+0000: 983256.474: [GC 9572132K->2511152K(14548160K), 0.4792280 secs]
2018-05-22T15:20:38.852+0000: 983278.473: [GC 9585456K->2512056K(14546240K), 0.4429170 secs]
2018-05-22T15:21:00.500+0000: 983300.121: [GC 9586360K->2531681K(14548608K), 0.5149640 secs]
2018-05-22T15:21:21.238+0000: 983320.859: [GC 9609057K->2537628K(14548736K), 0.4838440 secs]
2018-05-22T15:21:41.442+0000: 983341.062: [GC 9615004K->2559577K(14542144K), 0.5396960 secs]
2018-05-22T15:22:00.346+0000: 983359.967: [GC 9631193K->2549094K(14545856K), 0.4595530 secs]
2018-05-22T15:22:22.639+0000: 983382.259: [GC 9620710K->2563150K(14548352K), 0.5247900 secs]
2018-05-22T15:22:44.040+0000: 983403.661: [GC 9638350K->2576241K(14546944K), 0.5478260 secs]
2018-05-22T15:23:04.651+0000: 983424.272: [GC 9651441K->2588754K(14544640K), 0.5836310 secs]
2018-05-22T15:23:27.447+0000: 983447.067: [GC 9661650K->2582013K(14546496K), 0.5259060 secs]
2018-05-22T15:23:49.678+0000: 983469.298: [GC 9654909K->2581120K(14547200K), 0.4855730 secs]
2018-05-22T15:24:11.079+0000: 983490.699: [GC 9655680K->2588192K(14547328K), 0.4885370 secs]
2018-05-22T15:24:32.725+0000: 983512.345: [GC 9662752K->2605275K(14548992K), 0.5523120 secs]
2018-05-22T15:24:56.454+0000: 983536.074: [GC 9681691K->2599492K(14547520K), 0.4240060 secs]
2018-05-22T15:25:17.407+0000: 983557.028: [GC 9675908K->2632151K(14541440K), 0.6254860 secs]
2018-05-22T15:25:35.746+0000: 983575.367: [GC 9702615K->2638214K(14536256K), 0.6216030 secs]
2018-05-22T15:25:56.698+0000: 983596.319: [GC 9708678K->2624902K(14543552K), 0.4926140 secs]
2018-05-22T15:26:19.199+0000: 983618.819: [GC 9691078K->2637348K(14542720K), 0.5199160 secs]
2018-05-22T15:26:42.561+0000: 983642.181: [GC 9703524K->2640929K(14546688K), 0.4958780 secs]
2018-05-22T15:27:05.437+0000: 983665.058: [GC 9713249K->2651318K(14545728K), 0.5187490 secs]
2018-05-22T15:27:28.305+0000: 983687.925: [GC 9723638K->2654616K(14549696K), 0.5257250 secs]
2018-05-22T15:27:48.162+0000: 983707.782: [GC 9689595K->2680331K(14541440K), 0.5890610 secs]
2018-05-22T15:27:48.751+0000: 983708.372: [Full GC 2680331K->1290905K(14541440K), 4.0410660 secs]
2018-05-22T15:28:08.678+0000: 983728.298: [GC 8365849K->1415783K(14541824K), 0.5243060 secs]
2018-05-22T15:28:28.954+0000: 983748.575: [GC 8483687K->1423664K(14544000K), 0.5185180 secs]
2018-05-22T15:28:50.779+0000: 983770.399: [GC 8491568K->1442925K(14544448K), 0.5413770 secs]
2018-05-22T15:29:11.608+0000: 983791.228: [GC 8513133K->1446508K(14545152K), 0.5716280 secs]
2018-05-22T15:29:33.780+0000: 983813.401: [GC 8516716K->1448464K(14547776K), 0.5275680 secs]
2018-05-22T15:29:54.174+0000: 983833.795: [GC 8522704K->1455078K(14546560K), 0.5148980 secs]
2018-05-22T15:30:15.842+0000: 983855.462: [GC 8529318K->1471873K(14549568K), 0.4912400 secs]
2018-05-22T15:30:37.647+0000: 983877.268: [GC 8550081K->1468652K(14548736K), 0.3989670 secs]
2018-05-22T15:31:00.971+0000: 983900.591: [GC 8546860K->1480520K(14549568K), 0.5204280 secs]
2018-05-22T15:31:24.527+0000: 983924.147: [GC 8558984K->1481233K(14548992K), 0.4705990 secs]
2018-05-22T15:31:46.894+0000: 983946.515: [GC 8559697K->1494255K(14551232K), 0.5084930 secs]
2018-05-22T15:32:10.673+0000: 983970.294: [GC 8575087K->1494323K(14549696K), 0.5139430 secs]
2018-05-22T15:32:33.245+0000: 983992.866: [GC 8575155K->1505350K(14553472K), 0.5310650 secs]
2018-05-22T15:32:56.585+0000: 984016.206: [GC 8590534K->1499759K(14551808K), 0.4686890 secs]
2018-05-22T15:33:18.632+0000: 984038.253: [GC 8584943K->1523520K(14551680K), 0.5608020 secs]
2018-05-22T15:33:40.908+0000: 984060.528: [GC 8608320K->1525500K(14552448K), 0.5466610 secs]
2018-05-22T15:34:01.456+0000: 984081.077: [GC 8610300K->1524527K(14554304K), 0.4846200 secs]
2018-05-22T15:34:23.389+0000: 984103.009: [GC 8612143K->1523764K(14553408K), 0.4758350 secs]
2018-05-22T15:34:46.529+0000: 984126.149: [GC 8611380K->1532544K(14554432K), 0.4676920 secs]
2018-05-22T15:35:09.073+0000: 984148.694: [GC 8620928K->1555759K(14547520K), 0.5027650 secs]
2018-05-22T15:35:29.549+0000: 984169.169: [GC 8644143K->1560153K(14551168K), 0.5389240 secs]
2018-05-22T15:35:53.417+0000: 984193.038: [GC 8643417K->1555614K(14551680K), 0.4420320 secs]
2018-05-22T15:36:16.400+0000: 984216.020: [GC 8638878K->1572833K(14553088K), 0.4874170 secs]
2018-05-22T15:36:33.736+0000: 984233.357: [GC 8658081K->1605830K(14552256K), 0.6172500 secs]
2018-05-22T15:36:56.770+0000: 984256.390: [GC 8691078K->1595042K(14533056K), 0.4708630 secs]
2018-05-22T15:37:19.643+0000: 984279.263: [GC 8660258K->1609276K(14542656K), 0.4845610 secs]
2018-05-22T15:37:39.228+0000: 984298.849: [GC 8674492K->1643769K(14535360K), 0.5980700 secs]
2018-05-22T15:37:59.275+0000: 984318.896: [GC 8703225K->1650715K(14525504K), 0.5813680 secs]
2018-05-22T15:38:19.447+0000: 984339.068: [GC 8710171K->1647530K(14539840K), 0.5559250 secs]
2018-05-22T15:38:38.509+0000: 984358.129: [GC 8705066K->1656446K(14537792K), 0.5329220 secs]
2018-05-22T15:39:02.862+0000: 984382.483: [GC 8713982K->1650363K(14542400K), 0.4709220 secs]
2018-05-22T15:39:27.449+0000: 984407.070: [GC 8714875K->1647183K(14495424K), 0.4346160 secs]
2018-05-22T15:39:55.090+0000: 984434.711: [GC 8711695K->1651009K(14539648K), 0.4175110 secs]
2018-05-22T15:40:19.762+0000: 984459.383: [GC 8711745K->1656952K(14540416K), 0.3889390 secs]
2018-05-22T15:40:45.344+0000: 984484.964: [GC 8717688K->1657848K(14540032K), 0.3613450 secs]
2018-05-22T15:41:10.039+0000: 984509.659: [GC 8718200K->1671464K(14540224K), 0.4296870 secs]
2018-05-22T15:41:37.737+0000: 984537.357: [GC 8731816K->1681862K(14544000K), 0.4700730 secs]
2018-05-22T15:42:04.802+0000: 984564.423: [GC 8747718K->1677999K(14541952K), 0.3922040 secs]
2018-05-22T15:42:29.971+0000: 984589.592: [GC 8743855K->1689921K(14545984K), 0.4105900 secs]
2018-05-22T15:42:52.892+0000: 984612.513: [GC 8759873K->1712574K(14544064K), 0.5236440 secs]
2018-05-22T15:43:12.164+0000: 984631.785: [GC 8782526K->1730156K(14539136K), 0.5637110 secs]
2018-05-22T15:43:32.363+0000: 984651.984: [GC 8795628K->1730003K(14517568K), 0.5148450 secs]
2018-05-22T15:43:53.603+0000: 984673.224: [GC 8795475K->1739580K(14541056K), 0.5414860 secs]
2018-05-22T15:44:15.756+0000: 984695.376: [GC 8803260K->1748985K(14520576K), 0.5812770 secs]
2018-05-22T15:44:36.966+0000: 984716.587: [GC 8812665K->1749529K(14542720K), 0.5253550 secs]
2018-05-22T15:44:56.530+0000: 984736.150: [GC 8812889K->1756057K(14540736K), 0.4643740 secs]
2018-05-22T15:45:18.252+0000: 984757.872: [GC 8819417K->1768477K(14542784K), 0.4886160 secs]
2018-05-22T15:45:37.250+0000: 984776.870: [GC 8835357K->1781515K(14528576K), 0.5254320 secs]
2018-05-22T15:45:57.082+0000: 984796.703: [GC 8848395K->1768617K(14543040K), 0.4788050 secs]
2018-05-22T15:46:19.088+0000: 984818.709: [GC 8832745K->1785246K(14541184K), 0.5354020 secs]
2018-05-22T15:46:40.597+0000: 984840.217: [GC 8849374K->1788920K(14544640K), 0.5405460 secs]
2018-05-22T15:47:01.920+0000: 984861.540: [GC 8856760K->1798962K(14543296K), 0.5564730 secs]
2018-05-22T15:47:20.769+0000: 984880.389: [GC 8866802K->1802852K(14547072K), 0.5169170 secs]
2018-05-22T15:47:41.507+0000: 984901.128: [GC 8875172K->1814236K(14545344K), 0.5576970 secs]
2018-05-22T15:48:05.109+0000: 984924.730: [GC 8886556K->1825346K(14543680K), 0.5906150 secs]
2018-05-22T15:48:27.767+0000: 984947.388: [GC 8895426K->1823338K(14545088K), 0.5145080 secs]
2018-05-22T15:48:48.606+0000: 984968.227: [GC 8893418K->1839364K(14545152K), 0.5669190 secs]
2018-05-22T15:49:08.039+0000: 984987.659: [GC 8911236K->1832451K(14545984K), 0.4957870 secs]
2018-05-22T15:49:31.941+0000: 985011.561: [GC 8904323K->1843761K(14548544K), 0.4947380 secs]
2018-05-22T15:49:52.565+0000: 985032.186: [GC 8919025K->1856721K(14546816K), 0.5313600 secs]
2018-05-22T15:50:14.139+0000: 985053.759: [GC 8931985K->1870742K(14546048K), 0.5657750 secs]
2018-05-22T15:50:34.692+0000: 985074.313: [GC 8946454K->1876943K(14535232K), 0.5207940 secs]
2018-05-22T15:50:55.742+0000: 985095.363: [GC 8952655K->1872748K(14548352K), 0.5052020 secs]
2018-05-22T15:51:17.998+0000: 985117.619: [GC 8948324K->1883977K(14547328K), 0.5181970 secs]
2018-05-22T15:51:39.996+0000: 985139.617: [GC 8959561K->1892448K(14551360K), 0.5390180 secs]
2018-05-22T15:52:02.891+0000: 985162.512: [GC 8973728K->1897152K(14550016K), 0.5196560 secs]
2018-05-22T15:52:24.163+0000: 985183.784: [GC 8978432K->1908992K(14552832K), 0.5706790 secs]
2018-05-22T15:52:46.057+0000: 985205.677: [GC 8994432K->1901243K(14527872K), 0.4911200 secs]
2018-05-22T15:53:07.119+0000: 985226.740: [GC 8986683K->1909382K(14552960K), 0.4719270 secs]
2018-05-22T15:53:29.149+0000: 985248.769: [GC 8994694K->1925350K(14552448K), 0.5034790 secs]
2018-05-22T15:53:50.496+0000: 985270.117: [GC 9010662K->1944411K(14547840K), 0.5651280 secs]
2018-05-22T15:54:11.669+0000: 985291.290: [GC 9025115K->1947131K(14550400K), 0.5759380 secs]
2018-05-22T15:54:31.797+0000: 985311.418: [GC 9027835K->1944747K(14550464K), 0.4808370 secs]
2018-05-22T15:54:53.242+0000: 985332.863: [GC 9025579K->1957052K(14550464K), 0.5282900 secs]
2018-05-22T15:55:15.009+0000: 985354.630: [GC 9037884K->1965523K(14552960K), 0.5338450 secs]
2018-05-22T15:55:35.751+0000: 985375.372: [GC 9049939K->1980615K(14546368K), 0.5241360 secs]
2018-05-22T15:55:55.808+0000: 985395.429: [GC 9065031K->1981739K(14552384K), 0.5145900 secs]
2018-05-22T15:56:16.681+0000: 985416.301: [GC 9064875K->1996982K(14550848K), 0.5078860 secs]
2018-05-22T15:56:39.261+0000: 985438.882: [GC 9080118K->2003593K(14554688K), 0.5258400 secs]
2018-05-22T15:57:00.902+0000: 985460.523: [GC 9091657K->2015148K(14553472K), 0.5309800 secs]
2018-05-22T15:57:22.786+0000: 985482.406: [GC 9103212K->2017152K(14554752K), 0.5315510 secs]
2018-05-22T15:57:43.320+0000: 985502.941: [GC 9105408K->2014013K(14553600K), 0.5037520 secs]
2018-05-22T15:58:04.520+0000: 985524.140: [GC 9102269K->2021611K(14554176K), 0.4687750 secs]
2018-05-22T15:58:31.087+0000: 985550.708: [GC 9109803K->2026842K(14530240K), 0.4837380 secs]
2018-05-22T15:58:51.126+0000: 985570.747: [GC 9115034K->2040519K(14555200K), 0.5074870 secs]
2018-05-22T15:59:15.136+0000: 985594.757: [GC 9129543K->2040160K(14553920K), 0.4773570 secs]
2018-05-22T15:59:37.720+0000: 985617.341: [GC 9129184K->2053985K(14556480K), 0.4951210 secs]
2018-05-22T16:00:01.080+0000: 985640.700: [GC 9145633K->2058115K(14555264K), 0.4657810 secs]
2018-05-22T16:00:25.006+0000: 985664.627: [GC 9149763K->2068837K(14558208K), 0.4461120 secs]
2018-05-22T16:00:47.101+0000: 985686.721: [GC 9164005K->2083175K(14557056K), 0.5458680 secs]
2018-05-22T16:01:09.058+0000: 985708.679: [GC 9178343K->2094784K(14556096K), 0.5339980 secs]
2018-05-22T16:01:31.611+0000: 985731.232: [GC 9189056K->2100060K(14557184K), 0.5402920 secs]
2018-05-22T16:01:53.781+0000: 985753.402: [GC 9194332K->2107212K(14559296K), 0.5252260 secs]
2018-05-22T16:02:13.574+0000: 985773.195: [GC 9204748K->2113585K(14558336K), 0.5242020 secs]
2018-05-22T16:02:33.932+0000: 985793.553: [GC 9211121K->2120424K(14561088K), 0.5234480 secs]
2018-05-22T16:02:55.530+0000: 985815.150: [GC 9221672K->2129878K(14560256K), 0.5459900 secs]
2018-05-22T16:03:17.161+0000: 985836.782: [GC 9231126K->2137859K(14561344K), 0.5639780 secs]
2018-05-22T16:03:37.219+0000: 985856.840: [GC 9240387K->2153349K(14561280K), 0.5968980 secs]
2018-05-22T16:03:56.948+0000: 985876.569: [GC 9255877K->2145877K(14549760K), 0.5033470 secs]
2018-05-22T16:04:18.216+0000: 985897.836: [GC 9236821K->2164139K(14546368K), 0.5474960 secs]
2018-05-22T16:04:39.134+0000: 985918.754: [GC 9255083K->2175534K(14552128K), 0.5687230 secs]
2018-05-22T16:04:59.570+0000: 985939.191: [GC 9262894K->2183684K(14548928K), 0.5226870 secs]
2018-05-22T16:05:26.210+0000: 985965.831: [GC 9271044K->2164685K(14548608K), 0.4343970 secs]
2018-05-22T16:05:47.462+0000: 985987.082: [GC 9245005K->2174274K(14519808K), 0.4324420 secs]
2018-05-22T16:06:09.533+0000: 986009.154: [GC 9254594K->2189248K(14551680K), 0.4505960 secs]
2018-05-22T16:06:29.081+0000: 986028.701: [GC 9270784K->2189313K(14549952K), 0.4348370 secs]
2018-05-22T16:06:51.741+0000: 986051.362: [GC 9270849K->2196250K(14552960K), 0.4846200 secs]
2018-05-22T16:07:13.288+0000: 986072.909: [GC 9281370K->2213333K(14552256K), 0.5352270 secs]
2018-05-22T16:07:42.684+0000: 986102.305: [GC 9298453K->2237464K(14534016K), 0.6240110 secs]
2018-05-22T16:08:41.686+0000: 986161.306: [GC 9303832K->2318544K(14543232K), 0.9607450 secs]
2018-05-22T16:09:52.781+0000: 986232.402: [GC 9384912K->2383786K(14427392K), 0.9342080 secs]
2018-05-22T16:10:43.483+0000: 986283.104: [GC 9334314K->2459678K(14484864K), 0.9291690 secs]
2018-05-22T16:11:45.309+0000: 986344.930: [GC 9410206K->2472769K(14423552K), 0.8236320 secs]
2018-05-22T16:12:39.179+0000: 986398.799: [GC 9361089K->2484177K(14422912K), 0.8592220 secs]
2018-05-22T16:13:35.218+0000: 986454.839: [GC 9372497K->2500155K(14424064K), 0.9136920 secs]
2018-05-22T16:15:37.377+0000: 986576.998: [GC 9347387K->2509536K(14373696K), 0.7147310 secs]
2018-05-22T16:17:04.741+0000: 986664.362: [GC 9356768K->2537468K(14423872K), 0.9056640 secs]
2018-05-22T16:18:22.818+0000: 986742.439: [GC 9371772K->2567889K(14366208K), 0.7921620 secs]
2018-05-22T16:19:15.180+0000: 986794.800: [GC 9402193K->2594278K(14423552K), 0.8504990 secs]
2018-05-22T16:20:09.095+0000: 986848.716: [GC 9422310K->2614651K(14360448K), 0.8131830 secs]
2018-05-22T16:21:02.829+0000: 986902.449: [GC 9442683K->2634449K(14424320K), 0.9349930 secs]
2018-05-22T16:21:20.010+0000: 986919.630: [GC 9461777K->2581886K(14278272K), 0.4885930 secs]
2018-05-22T16:21:39.461+0000: 986939.081: [GC 9409214K->2590731K(14420608K), 0.4774160 secs]
2018-05-22T16:22:00.358+0000: 986959.979: [GC 9414027K->2600613K(14421696K), 0.4798030 secs]
2018-05-22T16:22:17.408+0000: 986977.029: [GC 9423909K->2606860K(14423872K), 0.4666620 secs]
2018-05-22T16:22:40.295+0000: 986999.916: [GC 9432908K->2630936K(14422272K), 0.5163760 secs]
2018-05-22T16:23:01.093+0000: 987020.714: [GC 9456984K->2640858K(14434176K), 0.5230920 secs]
2018-05-22T16:23:18.387+0000: 987038.007: [GC 9484186K->2641458K(14429248K), 0.4595980 secs]
2018-05-22T16:23:58.416+0000: 987078.036: [GC 9484786K->2713340K(14438144K), 0.6783970 secs]
2018-05-22T16:24:54.221+0000: 987133.842: [GC 9569212K->2753520K(14384832K), 0.9064100 secs]
2018-05-22T16:25:18.990+0000: 987158.611: [GC 9609392K->2695940K(14435008K), 0.4920400 secs]
2018-05-22T16:25:36.228+0000: 987175.848: [GC 9540932K->2704264K(14430080K), 0.4423870 secs]
2018-05-22T16:25:56.643+0000: 987196.264: [GC 9549256K->2730704K(14447808K), 0.5945140 secs]
2018-05-22T16:26:14.170+0000: 987213.791: [GC 9598288K->2725799K(14439872K), 0.4829110 secs]
2018-05-22T16:26:31.177+0000: 987230.797: [GC 9593383K->2743724K(14457664K), 0.4976690 secs]
2018-05-22T16:26:52.979+0000: 987252.600: [GC 9633644K->2769516K(14452352K), 0.5579320 secs]
2018-05-22T16:27:10.478+0000: 987270.099: [GC 9659436K->2768855K(14468992K), 0.4639110 secs]
2018-05-22T16:27:34.094+0000: 987293.715: [GC 9682711K->2813309K(14464960K), 0.6412160 secs]
2018-05-22T16:27:52.803+0000: 987312.423: [GC 5501481K->2778666K(14474880K), 0.3763150 secs]
2018-05-22T16:27:53.179+0000: 987312.800: [Full GC 2778666K->1252490K(14474880K), 4.2471630 secs]
2018-05-22T16:28:48.191+0000: 987367.811: [GC 8182154K->1452409K(14469632K), 0.9035490 secs]
2018-05-22T16:29:38.187+0000: 987417.807: [GC 8382073K->1468112K(14413056K), 0.9343400 secs]
2018-05-22T16:30:07.112+0000: 987446.733: [GC 8330704K->1397388K(14441344K), 0.5406360 secs]
2018-05-22T16:35:36.568+0000: 987776.189: [GC 8259980K->1451591K(14448448K), 0.6538320 secs]
2018-05-22T16:36:47.818+0000: 987847.439: [GC 8326855K->1483603K(14446912K), 0.7094360 secs]
2018-05-22T16:37:04.058+0000: 987863.679: [GC 8358867K->1445323K(14455104K), 0.5148630 secs]
2018-05-22T16:37:18.673+0000: 987878.294: [GC 8333451K->1439741K(14453120K), 0.4071120 secs]
2018-05-22T16:37:35.245+0000: 987894.866: [GC 8327869K->1441907K(14458112K), 0.3754590 secs]
2018-05-22T16:37:47.113+0000: 987906.734: [GC 8336243K->1448069K(14456320K), 0.3878560 secs]
2018-05-22T16:38:02.319+0000: 987921.939: [GC 8342405K->1454768K(14464832K), 0.3899770 secs]
2018-05-22T16:38:53.143+0000: 987972.764: [GC 8360304K->1556292K(14427776K), 0.9079170 secs]
2018-05-22T16:40:00.205+0000: 988039.826: [GC 8461828K->1573046K(14422144K), 0.8259310 secs]
2018-05-22T16:41:01.501+0000: 988101.122: [GC 8425654K->1584906K(14382784K), 0.9750040 secs]
2018-05-22T16:41:22.310+0000: 988121.931: [GC 8437514K->1517307K(14432640K), 0.4891450 secs]
2018-05-22T16:41:39.084+0000: 988138.705: [GC 8355387K->1526382K(14425536K), 0.4657190 secs]
2018-05-22T16:42:13.426+0000: 988173.047: [GC 8364462K->1577823K(14443392K), 0.6684890 secs]
2018-05-22T16:43:15.745+0000: 988235.365: [GC 8440735K->1627140K(14392256K), 0.9273070 secs]
2018-05-22T16:44:01.377+0000: 988280.997: [GC 8490052K->1594448K(14441664K), 0.6515610 secs]
2018-05-22T16:44:17.922+0000: 988297.542: [GC 8448897K->1559642K(14432896K), 0.4894960 secs]
2018-05-22T16:44:30.920+0000: 988310.541: [GC 8414106K->1558601K(14447168K), 0.4408110 secs]
2018-05-22T16:44:47.107+0000: 988326.728: [GC 8430217K->1550084K(14444544K), 0.3118660 secs]
2018-05-22T16:44:58.488+0000: 988338.108: [GC 8421700K->1570292K(14452992K), 0.3823930 secs]
2018-05-22T16:45:11.826+0000: 988351.447: [GC 8451636K->1578394K(14448448K), 0.3606060 secs]
2018-05-22T16:45:24.946+0000: 988364.566: [GC 8459738K->1590805K(14464448K), 0.4136050 secs]
2018-05-22T16:45:42.874+0000: 988382.495: [GC 8493461K->1595432K(14458304K), 0.4367330 secs]
2018-05-22T16:46:32.957+0000: 988432.578: [GC 8498088K->1668676K(14456640K), 0.7349530 secs]
2018-05-22T16:47:45.405+0000: 988505.025: [GC 8575428K->1714539K(14440384K), 0.9862360 secs]
2018-05-22T16:48:55.655+0000: 988575.275: [GC 8621291K->1723622K(14419136K), 0.8845550 secs]
2018-05-22T16:49:47.007+0000: 988626.628: [GC 8568038K->1741424K(14378688K), 0.9631080 secs]
2018-05-22T16:50:53.575+0000: 988693.195: [GC 8585840K->1743520K(14408704K), 0.8380470 secs]
2018-05-22T16:52:11.330+0000: 988770.950: [GC 8552992K->1756620K(14336128K), 0.9066270 secs]
2018-05-22T16:52:50.348+0000: 988809.969: [GC 8566092K->1723741K(14421824K), 0.6535550 secs]
2018-05-22T16:53:07.167+0000: 988826.788: [GC 8536413K->1702114K(14410944K), 0.5055050 secs]
2018-05-22T16:53:21.535+0000: 988841.155: [GC 8514786K->1702476K(14430208K), 0.4556930 secs]
2018-05-22T16:53:36.910+0000: 988856.531: [GC 8539020K->1696453K(14426432K), 0.3468170 secs]
2018-05-22T16:53:49.018+0000: 988868.638: [GC 8532997K->1720005K(14437056K), 0.3980290 secs]
2018-05-22T16:54:00.165+0000: 988879.786: [GC 8569029K->1727045K(14432064K), 0.3899380 secs]
2018-05-22T16:54:12.113+0000: 988891.734: [GC 8576069K->1742567K(14448960K), 0.4421880 secs]
2018-05-22T16:54:30.237+0000: 988909.858: [GC 8613735K->1746234K(14442304K), 0.4258640 secs]
2018-05-22T16:54:58.542+0000: 988938.162: [GC 8617402K->1785495K(14463808K), 0.5239810 secs]
2018-05-22T16:55:58.929+0000: 988998.549: [GC 8683927K->1833384K(14454720K), 0.6648490 secs]
2018-05-22T16:56:15.207+0000: 989014.828: [GC 8731816K->1812352K(14465792K), 0.5102850 secs]
2018-05-22T16:56:30.172+0000: 989029.792: [GC 8715712K->1807290K(14457664K), 0.4382840 secs]
2018-05-22T16:56:48.508+0000: 989048.129: [GC 8710650K->1792776K(14472192K), 0.3473170 secs]
2018-05-22T16:57:16.432+0000: 989076.053: [GC 8715656K->1843007K(14470784K), 0.5585060 secs]
2018-05-22T16:58:15.864+0000: 989135.485: [GC 8765887K->1933633K(14427904K), 0.8799200 secs]
2018-05-22T16:59:08.806+0000: 989188.427: [GC 8821691K->1930408K(14404736K), 0.8218390 secs]
2018-05-22T16:59:24.905+0000: 989204.526: [GC 8818472K->1883956K(14451968K), 0.5171030 secs]
2018-05-22T16:59:42.744+0000: 989222.365: [GC 8761396K->1900659K(14445568K), 0.5765560 secs]
2018-05-22T17:00:41.180+0000: 989280.800: [GC 8778099K->1994898K(14423872K), 0.8561120 secs]
2018-05-22T17:01:18.656+0000: 989318.277: [GC 8858258K->1977910K(14441728K), 0.7751940 secs]
2018-05-22T17:01:38.017+0000: 989337.638: [GC 8841270K->1943234K(14448064K), 0.5045200 secs]
2018-05-22T17:01:55.140+0000: 989354.760: [GC 8814082K->1948310K(14442880K), 0.4680980 secs]
2018-05-22T17:02:44.382+0000: 989404.003: [GC 8819158K->2048616K(14427008K), 0.8293040 secs]
2018-05-22T17:03:40.852+0000: 989460.473: [GC 8907368K->2067049K(14400192K), 0.9508330 secs]
2018-05-22T17:04:39.684+0000: 989519.305: [GC 8925801K->2079209K(14406336K), 0.8891610 secs]
2018-05-22T17:05:19.329+0000: 989558.950: [GC 8891625K->2018479K(14416256K), 0.5222650 secs]
2018-05-22T17:06:19.116+0000: 989618.737: [GC 8830895K->2103065K(14408320K), 0.9188430 secs]
2018-05-22T17:07:27.644+0000: 989687.265: [GC 8913945K->2118974K(14348288K), 0.9595390 secs]
2018-05-22T17:08:41.263+0000: 989760.884: [GC 8929854K->2135008K(14403904K), 0.9977910 secs]
2018-05-22T17:09:34.611+0000: 989814.232: [GC 8928736K->2147964K(14329152K), 0.9304910 secs]
2018-05-22T17:10:06.518+0000: 989846.139: [GC 8941692K->2110874K(14413504K), 0.6188560 secs]
2018-05-22T17:10:23.129+0000: 989862.749: [GC 8909466K->2073596K(14405184K), 0.3934380 secs]
2018-05-22T17:10:43.096+0000: 989882.717: [GC 8872188K->2102104K(14417472K), 0.4875940 secs]
2018-05-22T17:11:03.032+0000: 989902.653: [GC 8912472K->2128895K(14412992K), 0.5939810 secs]
2018-05-22T17:11:20.633+0000: 989920.254: [GC 8939263K->2108710K(14426944K), 0.4420990 secs]
2018-05-22T17:11:51.008+0000: 989950.628: [GC 8940710K->2161186K(14425152K), 0.6905300 secs]
2018-05-22T17:12:20.605+0000: 989980.225: [GC 8993186K->2142676K(14442048K), 0.5122030 secs]
2018-05-22T17:12:36.229+0000: 989995.850: [GC 9002132K->2148419K(14437504K), 0.5450060 secs]
2018-05-22T17:13:51.432+0000: 990071.053: [GC 9007875K->2213669K(14442048K), 0.7896290 secs]
2018-05-22T17:14:48.380+0000: 990128.000: [GC 9082149K->2238023K(14389056K), 0.8952600 secs]
2018-05-22T17:15:05.866+0000: 990145.487: [GC 9106503K->2170819K(14441088K), 0.4460400 secs]
2018-05-22T17:15:22.543+0000: 990162.164: [GC 9031107K->2175916K(14439296K), 0.3977710 secs]
2018-05-22T17:16:11.378+0000: 990210.999: [GC 9036204K->2249770K(14443584K), 0.6914980 secs]
2018-05-22T17:16:27.049+0000: 990226.669: [GC 9116394K->2208848K(14443136K), 0.4879270 secs]
2018-05-22T17:16:54.102+0000: 990253.723: [GC 9075472K->2231845K(14455232K), 0.6088020 secs]
2018-05-22T17:17:12.768+0000: 990272.389: [GC 9114719K->2217310K(14447744K), 0.4624670 secs]
2018-05-22T17:18:00.791+0000: 990320.411: [GC 9100190K->2277152K(14459904K), 0.7247090 secs]
2018-05-22T17:18:57.134+0000: 990376.755: [GC 9174880K->2338645K(14434880K), 0.9844670 secs]
2018-05-22T17:20:16.702+0000: 990456.322: [GC 9236373K->2280377K(14452288K), 0.5225860 secs]
2018-05-22T17:20:34.064+0000: 990473.685: [GC 9157305K->2246452K(14444736K), 0.3397310 secs]
2018-05-22T17:23:20.572+0000: 990640.192: [GC 9123380K->2343088K(14443008K), 0.7879480 secs]
2018-05-22T17:24:38.484+0000: 990718.104: [GC 9216944K->2342425K(14446976K), 0.7541040 secs]
2018-05-22T17:24:57.595+0000: 990737.216: [GC 9216281K->2293600K(14452672K), 0.3893680 secs]
2018-05-22T17:25:19.615+0000: 990759.236: [GC 9177952K->2315995K(14451776K), 0.4768360 secs]
2018-05-22T17:26:18.214+0000: 990817.834: [GC 9200347K->2411817K(14429120K), 0.9052700 secs]
2018-05-22T17:26:37.263+0000: 990836.884: [GC 9278249K->2334253K(14443264K), 0.5157210 secs]
2018-05-22T17:26:52.253+0000: 990851.874: [GC 9200685K->2349446K(14454912K), 0.5560010 secs]
2018-05-22T17:27:46.958+0000: 990906.579: [GC 9232710K->2411435K(14448448K), 0.8622500 secs]
2018-05-22T17:27:57.437+0000: 990917.057: [GC 3402153K->2279214K(14433344K), 0.1391900 secs]
2018-05-22T17:27:57.576+0000: 990917.197: [Full GC 2279214K->1170049K(14433344K), 3.8385880 secs]
2018-05-22T17:28:56.555+0000: 990976.176: [GC 8033281K->1363555K(14396800K), 0.9632990 secs]
2018-05-22T17:29:37.627+0000: 991017.248: [GC 8226787K->1318859K(14436480K), 0.6584650 secs]
2018-05-22T17:29:54.503+0000: 991034.124: [GC 8162571K->1289861K(14427328K), 0.4845160 secs]
2018-05-22T17:30:16.451+0000: 991056.072: [GC 8133573K->1303721K(14450688K), 0.5079480 secs]
2018-05-22T17:30:33.208+0000: 991072.828: [GC 8177065K->1300622K(14442752K), 0.5242430 secs]
2018-05-22T17:30:49.347+0000: 991088.968: [GC 8173966K->1319892K(14465344K), 0.4709210 secs]
2018-05-22T17:31:34.528+0000: 991134.148: [GC 8221908K->1354042K(14456768K), 0.7490270 secs]
2018-05-22T17:32:07.427+0000: 991167.048: [GC 8256058K->1351446K(14470912K), 0.6681430 secs]
2018-05-22T17:32:24.676+0000: 991184.296: [GC 8268246K->1326031K(14465984K), 0.4923000 secs]
2018-05-22T17:32:46.844+0000: 991206.465: [GC 8242831K->1342683K(14481088K), 0.5938510 secs]
2018-05-22T17:33:05.520+0000: 991225.141: [GC 8278555K->1336105K(14474880K), 0.4762720 secs]
2018-05-22T17:33:23.614+0000: 991243.235: [GC 8271977K->1342100K(14488896K), 0.4782970 secs]
2018-05-22T17:33:45.585+0000: 991265.205: [GC 8295636K->1357380K(14484736K), 0.5234250 secs]
2018-05-22T17:34:02.806+0000: 991282.427: [GC 8310916K->1356351K(14499136K), 0.4921920 secs]
2018-05-22T17:34:28.768+0000: 991308.388: [GC 8330431K->1382452K(14495040K), 0.5928780 secs]
2018-05-22T17:35:20.722+0000: 991360.342: [GC 8356532K->1404446K(14498560K), 0.6452980 secs]
2018-05-22T17:36:38.697+0000: 991438.317: [GC 8385822K->1468560K(14500736K), 0.9423010 secs]
2018-05-22T17:37:45.985+0000: 991505.606: [GC 8449936K->1495904K(14407936K), 0.8499860 secs]
2018-05-22T17:39:14.626+0000: 991594.246: [GC 8384480K->1513794K(14417280K), 0.9222100 secs]
2018-05-22T17:39:50.128+0000: 991629.749: [GC 8402370K->1474985K(14452864K), 0.7217170 secs]
2018-05-22T17:40:23.011+0000: 991662.632: [GC 8351657K->1453842K(14443904K), 0.4694340 secs]
2018-05-22T17:40:38.972+0000: 991678.593: [GC 8330514K->1455330K(14457984K), 0.4370770 secs]
2018-05-22T17:41:03.877+0000: 991703.498: [GC 8349282K->1457331K(14456064K), 0.4460930 secs]
2018-05-22T17:41:20.219+0000: 991719.840: [GC 8351283K->1471865K(14465024K), 0.4832850 secs]
2018-05-22T17:41:39.866+0000: 991739.487: [GC 8377273K->1472197K(14460480K), 0.5099660 secs]
2018-05-22T17:42:38.628+0000: 991798.249: [GC 8377605K->1581653K(14426880K), 0.9283800 secs]
2018-05-22T17:43:48.477+0000: 991868.098: [GC 8457557K->1593070K(14404800K), 0.8861750 secs]
2018-05-22T17:44:23.251+0000: 991902.872: [GC 8468974K->1524555K(14442112K), 0.5240660 secs]
2018-05-22T17:44:38.997+0000: 991918.617: [GC 8383819K->1529621K(14437248K), 0.5190520 secs]
2018-05-22T17:45:11.825+0000: 991951.446: [GC 8388885K->1548401K(14454720K), 0.4938830 secs]
2018-05-22T17:45:27.836+0000: 991967.456: [GC 8429937K->1542739K(14446912K), 0.4511820 secs]
2018-05-22T17:45:52.890+0000: 991992.510: [GC 8424275K->1550352K(14465536K), 0.5311490 secs]
2018-05-22T17:46:10.279+0000: 992009.900: [GC 8455504K->1559301K(14459712K), 0.5063030 secs]
2018-05-22T17:46:26.638+0000: 992026.258: [GC 8464453K->1562410K(14476800K), 0.5191220 secs]
2018-05-22T17:46:49.225+0000: 992048.845: [GC 8490858K->1563878K(14471744K), 0.4780820 secs]
2018-05-22T17:47:05.965+0000: 992065.586: [GC 8492326K->1575945K(14486528K), 0.5059710 secs]
2018-05-22T17:47:38.655+0000: 992098.276: [GC 8523657K->1592819K(14481280K), 0.5557520 secs]
2018-05-22T17:49:00.165+0000: 992179.785: [GC 8540531K->1675517K(14447168K), 0.9122480 secs]
2018-05-22T17:50:06.845+0000: 992246.466: [GC 8596221K->1692622K(14450176K), 0.8361250 secs]
2018-05-22T17:50:46.327+0000: 992285.948: [GC 8613326K->1662163K(14459520K), 0.6944310 secs]
2018-05-22T17:51:01.694+0000: 992301.314: [GC 8557139K->1636869K(14455552K), 0.5682650 secs]
2018-05-22T17:51:36.726+0000: 992336.347: [GC 8531845K->1655374K(14471424K), 0.6231200 secs]
2018-05-22T17:51:54.697+0000: 992354.318: [GC 8570894K->1645949K(14464192K), 0.5072990 secs]
2018-05-22T17:52:14.870+0000: 992374.491: [GC 8561469K->1636833K(14477184K), 0.4555010 secs]
2018-05-22T17:52:34.349+0000: 992393.969: [GC 8569377K->1660207K(14475456K), 0.5288680 secs]
2018-05-22T17:52:50.703+0000: 992410.324: [GC 8592751K->1666268K(14487936K), 0.5251330 secs]
2018-05-22T17:53:16.799+0000: 992436.420: [GC 8616860K->1663341K(14482752K), 0.5080700 secs]
2018-05-22T17:54:20.597+0000: 992500.217: [GC 8613933K->1761367K(14445056K), 1.0094890 secs]
2018-05-22T17:54:50.951+0000: 992530.571: [GC 8677847K->1713349K(14468288K), 0.6183600 secs]
2018-05-22T17:55:06.060+0000: 992545.680: [GC 8629829K->1697046K(14479552K), 0.4679540 secs]
2018-05-22T17:55:38.010+0000: 992577.631: [GC 8632534K->1723046K(14476032K), 0.5250910 secs]
2018-05-22T17:55:55.512+0000: 992595.132: [GC 8658534K->1713315K(14489728K), 0.5142050 secs]
2018-05-22T17:56:41.064+0000: 992640.685: [GC 8669155K->1757672K(14486208K), 0.7304060 secs]
2018-05-22T17:57:27.944+0000: 992687.564: [GC 8713512K->1762492K(14486848K), 0.7002100 secs]
2018-05-22T17:57:45.263+0000: 992704.884: [GC 8717116K->1729113K(14487360K), 0.4918000 secs]
2018-05-22T17:58:09.418+0000: 992729.039: [GC 8683737K->1740586K(14492736K), 0.5476710 secs]
2018-05-22T17:58:27.196+0000: 992746.817: [GC 8702378K->1732566K(14489152K), 0.4439670 secs]
2018-05-22T17:58:45.840+0000: 992765.461: [GC 8694358K->1744310K(14496320K), 0.4583560 secs]
2018-05-22T17:59:36.733+0000: 992816.354: [GC 8714166K->1827491K(14488000K), 0.9272980 secs]
2018-05-22T18:00:26.386+0000: 992866.006: [GC 8797347K->1802353K(14474816K), 0.6208190 secs]
2018-05-22T18:00:44.389+0000: 992884.010: [GC 8745073K->1753435K(14481408K), 0.3981270 secs]
2018-05-22T18:01:15.574+0000: 992915.194: [GC 8696155K->1787705K(14488256K), 0.5592550 secs]
2018-05-22T18:01:31.920+0000: 992931.541: [GC 8737593K->1781326K(14481728K), 0.5071300 secs]
2018-05-22T18:02:06.961+0000: 992966.582: [GC 8731214K->1827000K(14488448K), 0.6369620 secs]
2018-05-22T18:03:03.638+0000: 993023.259: [GC 8787000K->1881687K(14488704K), 0.9568200 secs]
2018-05-22T18:03:23.426+0000: 993043.046: [GC 8841687K->1794781K(14459008K), 0.4331170 secs]
2018-05-22T18:03:42.604+0000: 993062.225: [GC 8722397K->1816042K(14473856K), 0.5105080 secs]
2018-05-22T18:04:00.156+0000: 993079.777: [GC 8743658K->1840772K(14485504K), 0.6309100 secs]
2018-05-22T18:04:19.461+0000: 993099.082: [GC 8784836K->1821885K(14478656K), 0.4772540 secs]
2018-05-22T18:04:32.135+0000: 993111.756: [GC 8765949K->1807429K(14486464K), 0.3354650 secs]
2018-05-22T18:04:44.574+0000: 993124.195: [GC 8761925K->1836903K(14487296K), 0.4260130 secs]
2018-05-22T18:04:56.295+0000: 993135.916: [GC 8791399K->1839653K(14494272K), 0.2777960 secs]
2018-05-22T18:05:11.205+0000: 993150.825: [GC 8805221K->1847251K(14491392K), 0.3066640 secs]
2018-05-22T18:05:22.457+0000: 993162.077: [GC 8812819K->1859178K(14500736K), 0.4175740 secs]
2018-05-22T18:05:37.044+0000: 993176.664: [GC 8837162K->1885480K(14497344K), 0.4910530 secs]
2018-05-22T18:06:25.176+0000: 993224.796: [GC 8863464K->1949560K(14481472K), 0.7784930 secs]
2018-05-22T18:07:16.889+0000: 993276.510: [GC 8918520K->1991967K(14494528K), 0.9697940 secs]
2018-05-22T18:08:19.177+0000: 993338.798: [GC 8960927K->2006205K(14403264K), 0.9472120 secs]
2018-05-22T18:09:16.907+0000: 993396.528: [GC 8883901K->2018037K(14404864K), 0.9401790 secs]
2018-05-22T18:10:26.271+0000: 993465.891: [GC 8895733K->2026122K(14422976K), 0.9448040 secs]
2018-05-22T18:11:13.630+0000: 993513.251: [GC 8867082K->2038009K(14370752K), 0.9299750 secs]
2018-05-22T18:11:46.870+0000: 993546.490: [GC 8878969K->1980008K(14430848K), 0.5614930 secs]
2018-05-22T18:12:03.360+0000: 993562.980: [GC 8814184K->1970459K(14423424K), 0.5131330 secs]
2018-05-22T18:12:16.732+0000: 993576.353: [GC 8804635K->1965226K(14436992K), 0.4296410 secs]
2018-05-22T18:12:31.766+0000: 993591.387: [GC 8816810K->1963560K(14434688K), 0.3146170 secs]
2018-05-22T18:12:43.186+0000: 993602.806: [GC 8815144K->1981270K(14443392K), 0.4149770 secs]
2018-05-22T18:12:54.680+0000: 993614.301: [GC 8843414K->1993922K(14438848K), 0.4109350 secs]
2018-05-22T18:13:09.773+0000: 993629.394: [GC 8856066K->2007999K(14456832K), 0.4879080 secs]
2018-05-22T18:13:28.116+0000: 993647.736: [GC 8894399K->2009086K(14449664K), 0.4518250 secs]
2018-05-22T18:14:23.227+0000: 993702.847: [GC 8895486K->2061266K(14464192K), 0.7258180 secs]
2018-05-22T18:15:24.501+0000: 993764.122: [GC 8967890K->2118261K(14436544K), 0.9673690 secs]
2018-05-22T18:16:27.561+0000: 993827.181: [GC 9024885K->2122913K(14426112K), 0.9149760 secs]
2018-05-22T18:16:44.150+0000: 993843.771: [GC 8977057K->2052555K(14437120K), 0.4835540 secs]
2018-05-22T18:16:59.581+0000: 993859.201: [GC 8906699K->2064592K(14449728K), 0.5104520 secs]
2018-05-22T18:18:00.026+0000: 993919.646: [GC 8937168K->2151024K(14401088K), 0.8935810 secs]
2018-05-22T18:19:03.717+0000: 993983.338: [GC 9023600K->2166999K(14416000K), 0.9571340 secs]
2018-05-22T18:19:53.688+0000: 994033.309: [GC 9000535K->2173769K(14363776K), 0.9677550 secs]
2018-05-22T18:20:29.685+0000: 994069.306: [GC 9007305K->2091373K(14423360K), 0.4674300 secs]
2018-05-22T18:20:48.006+0000: 994087.627: [GC 8914157K->2099416K(14419520K), 0.4860550 secs]
2018-05-22T18:21:29.495+0000: 994129.116: [GC 8922200K->2159879K(14432704K), 0.7842700 secs]
2018-05-22T18:22:10.747+0000: 994170.368: [GC 9000199K->2163059K(14427712K), 0.7151290 secs]
2018-05-22T18:22:27.376+0000: 994186.997: [GC 9003379K->2142161K(14445632K), 0.5720530 secs]
2018-05-22T18:22:58.453+0000: 994218.073: [GC 9006481K->2157277K(14438784K), 0.6088560 secs]
2018-05-22T18:23:36.154+0000: 994255.774: [GC 9021597K->2186194K(14457920K), 0.7100160 secs]
2018-05-22T18:23:55.706+0000: 994275.327: [GC 9077650K->2155134K(14453632K), 0.4943200 secs]
2018-05-22T18:24:13.714+0000: 994293.335: [GC 9046590K->2167768K(14465984K), 0.5092840 secs]
2018-05-22T18:25:08.677+0000: 994348.298: [GC 9074840K->2243760K(14431680K), 0.8432440 secs]
2018-05-22T18:26:08.822+0000: 994408.443: [GC 9150832K->2258058K(14434816K), 0.9559220 secs]
2018-05-22T18:27:08.967+0000: 994468.587: [GC 9127690K->2270044K(14400768K), 0.8343800 secs]
2018-05-22T18:27:46.978+0000: 994506.599: [GC 9139676K->2183821K(14437184K), 0.4146230 secs]
2018-05-22T18:28:01.426+0000: 994521.047: [GC 7817672K->2182490K(14436224K), 0.3668700 secs]
2018-05-22T18:28:01.793+0000: 994521.414: [Full GC 2182490K->1255481K(14436224K), 3.6116210 secs]
2018-05-22T18:28:26.154+0000: 994545.775: [GC 8108793K->1375417K(14444736K), 0.5183130 secs]
2018-05-22T18:28:43.948+0000: 994563.569: [GC 8236921K->1373625K(14436864K), 0.4560380 secs]
2018-05-22T18:29:07.195+0000: 994586.815: [GC 8235129K->1399216K(14455616K), 0.5509310 secs]
2018-05-22T18:29:24.897+0000: 994604.518: [GC 8283376K->1401476K(14448640K), 0.5068240 secs]
2018-05-22T18:29:44.081+0000: 994623.702: [GC 8285636K->1413719K(14466688K), 0.5081620 secs]
2018-05-22T18:30:22.485+0000: 994662.106: [GC 8321431K->1475038K(14461120K), 0.6779950 secs]
2018-05-22T18:31:25.399+0000: 994725.019: [GC 8382750K->1526353K(14428864K), 0.8680150 secs]
2018-05-22T18:32:25.582+0000: 994785.203: [GC 8397905K->1531027K(14405824K), 0.9156690 secs]
2018-05-22T18:33:15.273+0000: 994834.893: [GC 8402579K->1522021K(14428928K), 0.8166830 secs]
2018-05-22T18:33:31.967+0000: 994851.588: [GC 8364773K->1469098K(14431424K), 0.5225480 secs]
2018-05-22T18:33:49.540+0000: 994869.161: [GC 8311850K->1465368K(14439104K), 0.4529310 secs]
2018-05-22T18:34:20.911+0000: 994900.532: [GC 8320536K->1476237K(14436160K), 0.4441140 secs]
2018-05-22T18:34:37.101+0000: 994916.722: [GC 8331405K->1480907K(14447680K), 0.4695560 secs]
2018-05-22T18:35:25.064+0000: 994964.685: [GC 8352203K->1505026K(14443712K), 0.4996690 secs]
2018-05-22T18:36:01.332+0000: 995000.953: [GC 8376322K->1493985K(14459712K), 0.3940220 secs]
2018-05-22T18:36:30.878+0000: 995030.499: [GC 8389281K->1516371K(14455680K), 0.5385670 secs]
2018-05-22T18:37:26.909+0000: 995086.530: [GC 8411667K->1536670K(14474496K), 0.5179100 secs]
2018-05-22T18:37:44.427+0000: 995104.047: [GC 8456990K->1535053K(14465920K), 0.4770180 secs]
2018-05-22T18:38:11.791+0000: 995131.412: [GC 8455373K->1546054K(14484032K), 0.4633180 secs]
2018-05-22T18:38:31.632+0000: 995151.252: [GC 8488966K->1539363K(14478976K), 0.3725500 secs]
2018-05-22T18:39:01.835+0000: 995181.456: [GC 8482275K->1583108K(14492416K), 0.5711940 secs]
2018-05-22T18:39:17.651+0000: 995197.271: [GC 8540804K->1592258K(14485376K), 0.5471860 secs]
2018-05-22T18:39:56.892+0000: 995236.512: [GC 8549954K->1615240K(14500736K), 0.5305430 secs]
2018-05-22T18:42:04.873+0000: 995364.494: [GC 8595080K->1683828K(14499200K), 0.8513560 secs]
2018-05-22T18:42:27.238+0000: 995386.859: [GC 8663668K->1611052K(14455296K), 0.3743400 secs]
2018-05-22T18:42:52.471+0000: 995412.092: [GC 8545452K->1631929K(14477248K), 0.4379100 secs]
2018-05-22T18:43:11.064+0000: 995430.684: [GC 8566329K->1632001K(14481408K), 0.3185880 secs]
2018-05-22T18:43:23.478+0000: 995443.098: [GC 8573377K->1658882K(14480064K), 0.4464070 secs]
2018-05-22T18:43:38.503+0000: 995458.123: [GC 8600258K->1678965K(14492864K), 0.4443070 secs]
2018-05-22T18:43:53.864+0000: 995473.485: [GC 8637749K->1701999K(14486016K), 0.5475150 secs]
2018-05-22T18:44:58.582+0000: 995538.203: [GC 8660783K->1799716K(14439168K), 0.8578300 secs]
2018-05-22T18:45:32.040+0000: 995571.660: [GC 8718244K->1753085K(14469312K), 0.5032070 secs]
2018-05-22T18:45:50.762+0000: 995590.383: [GC 8671613K->1744331K(14480000K), 0.3795410 secs]
2018-05-22T18:46:32.460+0000: 995632.080: [GC 8681227K->1834610K(14444416K), 0.7921950 secs]
2018-05-22T18:47:30.153+0000: 995689.774: [GC 8771506K->1882174K(14431424K), 0.9376830 secs]
2018-05-22T18:48:07.251+0000: 995726.871: [GC 8762942K->1850249K(14450432K), 0.6737680 secs]
2018-05-22T18:48:23.178+0000: 995742.799: [GC 8731017K->1830465K(14459136K), 0.5101470 secs]
2018-05-22T18:48:59.889+0000: 995779.510: [GC 8722625K->1869817K(14453120K), 0.7031460 secs]
2018-05-22T18:49:45.119+0000: 995824.739: [GC 8761977K->1894371K(14460096K), 0.7117060 secs]
2018-05-22T18:50:01.841+0000: 995841.461: [GC 8797667K->1854884K(14461696K), 0.4280720 secs]
2018-05-22T18:50:43.999+0000: 995883.619: [GC 8758180K->1913744K(14465536K), 0.7133970 secs]
2018-05-22T18:51:14.671+0000: 995914.291: [GC 8823632K->1899934K(14464448K), 0.5394190 secs]
2018-05-22T18:51:34.035+0000: 995933.656: [GC 8809822K->1886531K(14473728K), 0.4351490 secs]
2018-05-22T18:52:23.893+0000: 995983.514: [GC 8812099K->1945773K(14471936K), 0.6933170 secs]
2018-05-22T18:53:32.143+0000: 996051.764: [GC 8871341K->2011817K(14439104K), 0.9572620 secs]
2018-05-22T18:54:25.715+0000: 996105.335: [GC 8905897K->2035503K(14432640K), 0.9656120 secs]
2018-05-22T18:55:21.336+0000: 996160.957: [GC 8929583K->2054554K(14420672K), 0.9375650 secs]
2018-05-22T18:56:16.075+0000: 996215.695: [GC 8897690K->2070526K(14376192K), 0.9094770 secs]
2018-05-22T18:56:49.390+0000: 996249.011: [GC 8913662K->2098525K(14410048K), 1.0027410 secs]
2018-05-22T18:57:50.703+0000: 996310.324: [GC 8913373K->2105694K(14347648K), 0.9420950 secs]
2018-05-22T18:58:06.815+0000: 996326.435: [GC 8920542K->2044763K(14416384K), 0.5499300 secs]
2018-05-22T18:58:22.195+0000: 996341.815: [GC 8855835K->2050246K(14414784K), 0.4718620 secs]
2018-05-22T18:58:38.628+0000: 996358.248: [GC 8861318K->2040953K(14418944K), 0.4016270 secs]
2018-05-22T18:58:49.881+0000: 996369.502: [GC 8858297K->2049324K(14418496K), 0.2763540 secs]
2018-05-22T18:59:03.028+0000: 996382.648: [GC 8866668K->2053703K(14422976K), 0.3589430 secs]
2018-05-22T19:01:17.481+0000: 996517.102: [GC 8877383K->2144858K(14420800K), 0.7656340 secs]
2018-05-22T19:08:52.832+0000: 996972.453: [GC 8968538K->2140791K(14434368K), 0.6220520 secs]
2018-05-22T19:17:16.330+0000: 997475.951: [GC 8978871K->2170260K(14423808K), 0.6203550 secs]
2018-05-22T19:28:05.416+0000: 998125.036: [GC 8815980K->2189346K(14452288K), 0.6211490 secs]
2018-05-22T19:28:06.037+0000: 998125.658: [Full GC 2189346K->1197014K(14452288K), 3.5463280 secs]
2018-05-22T19:40:21.267+0000: 998860.888: [GC 8074326K->1321494K(14445120K), 0.5036320 secs]
2018-05-22T19:49:44.007+0000: 999423.628: [GC 8198806K->1344914K(14466176K), 0.5893370 secs]
2018-05-22T19:59:01.238+0000: 999980.858: [GC 8251026K->1371315K(14460032K), 0.5913190 secs]
2018-05-22T20:08:43.579+0000: 1000563.200: [GC 8277427K->1390679K(14478080K), 0.5505020 secs]
2018-05-22T20:17:04.310+0000: 1001063.931: [GC 8321751K->1407263K(14473088K), 0.5462570 secs]
2018-05-22T20:26:45.257+0000: 1001644.877: [GC 8338335K->1423861K(14486016K), 0.5240880 secs]
2018-05-22T20:28:09.594+0000: 1001729.215: [GC 2627655K->1358263K(14307904K), 0.1188660 secs]
2018-05-22T20:28:09.713+0000: 1001729.334: [Full GC 1358263K->831432K(14307904K), 2.7742230 secs]
2018-05-22T20:37:34.411+0000: 1002294.032: [GC 7779400K->936264K(14482240K), 0.5061930 secs]
2018-05-22T20:50:04.841+0000: 1003044.462: [GC 7873352K->951940K(14474944K), 0.4697460 secs]
2018-05-22T21:00:58.143+0000: 1003697.764: [GC 7889028K->974278K(14496064K), 0.5461760 secs]
2018-05-22T21:11:44.087+0000: 1004343.708: [GC 7939462K->989388K(14489216K), 0.5245770 secs]
2018-05-22T21:23:06.319+0000: 1005025.940: [GC 7954572K->1007395K(14507520K), 0.5395120 secs]
2018-05-22T21:28:12.498+0000: 1005332.119: [GC 3939981K->962631K(14501888K), 0.2295090 secs]
2018-05-22T21:28:12.728+0000: 1005332.348: [Full GC 962631K->694525K(14501888K), 2.3722300 secs]
2018-05-22T21:44:55.321+0000: 1006334.941: [GC 7683837K->800605K(14508672K), 0.4553580 secs]
2018-05-22T22:01:40.267+0000: 1007339.887: [GC 7791197K->823772K(14502016K), 0.4896990 secs]
2018-05-22T22:17:59.374+0000: 1008318.995: [GC 7814364K->843756K(14519040K), 0.4912430 secs]
2018-05-22T22:28:15.110+0000: 1008934.731: [GC 4665754K->819484K(14513536K), 0.2722940 secs]
2018-05-22T22:28:15.383+0000: 1008935.003: [Full GC 819484K->511488K(14513536K), 2.3230440 secs]
2018-05-22T22:52:18.362+0000: 1010377.983: [GC 7523968K->619952K(14519296K), 0.5004010 secs]
2018-05-22T23:11:13.217+0000: 1011512.838: [GC 7635376K->639722K(14516224K), 0.4966640 secs]
2018-05-22T23:28:17.716+0000: 1012537.337: [GC 6966011K->647777K(14528384K), 0.4495980 secs]
2018-05-22T23:28:18.166+0000: 1012537.787: [Full GC 647777K->505286K(14528384K), 2.1592030 secs]
2018-05-23T00:05:03.746+0000: 1014743.367: [GC 7538310K->606721K(14524736K), 0.4356350 secs]
2018-05-23T00:28:20.336+0000: 1016139.957: [GC 4041615K->578894K(14525184K), 0.2455680 secs]
2018-05-23T00:28:20.582+0000: 1016140.203: [Full GC 578894K->433051K(14525184K), 1.9031690 secs]
2018-05-23T01:28:22.496+0000: 1019742.117: [GC 7403303K->527822K(14529024K), 0.5465940 secs]
2018-05-23T01:28:23.043+0000: 1019742.664: [Full GC 527822K->431136K(14529024K), 2.0255370 secs]
2018-05-23T02:25:03.253+0000: 1023142.874: [GC 7469088K->522334K(14539136K), 0.4513440 secs]
2018-05-23T02:28:25.079+0000: 1023344.700: [GC 1013810K->460443K(14400768K), 0.0710930 secs]
2018-05-23T02:28:25.150+0000: 1023344.771: [Full GC 460443K->318761K(14400768K), 1.5879240 secs]
2018-05-23T03:05:44.651+0000: 1025584.271: [GC 7372393K->413531K(14532096K), 0.4190580 secs]
2018-05-23T03:28:26.749+0000: 1026946.369: [GC 7362276K->431086K(14528960K), 0.4556550 secs]
2018-05-23T03:28:27.205+0000: 1026946.825: [Full GC 431086K->375936K(14528960K), 1.8315660 secs]
2018-05-23T03:47:13.773+0000: 1028073.394: [GC 7416896K->470497K(14539968K), 0.3939620 secs]
2018-05-23T04:04:01.047+0000: 1029080.667: [GC 7527649K->493965K(14537280K), 0.4838570 secs]
2018-05-23T04:25:46.338+0000: 1030385.959: [GC 7551117K->507918K(14547200K), 0.4436290 secs]
2018-05-23T04:28:29.046+0000: 1030548.667: [GC 1771630K->456136K(14430144K), 0.1042900 secs]
2018-05-23T04:28:29.151+0000: 1030548.771: [Full GC 456136K->339992K(14430144K), 1.6808540 secs]
2018-05-23T04:47:29.367+0000: 1031688.988: [GC 7409496K->440568K(14537728K), 0.4295590 secs]
2018-05-23T05:02:47.891+0000: 1032607.511: [GC 7498360K->458027K(14497408K), 0.5045240 secs]
2018-05-23T05:16:12.221+0000: 1033411.842: [GC 7515819K->476666K(14539328K), 0.5075730 secs]
2018-05-23T05:27:37.544+0000: 1034097.164: [GC 7534650K->498465K(14503616K), 0.5088060 secs]
2018-05-23T05:28:30.842+0000: 1034150.463: [GC 997486K->422814K(14521152K), 0.0742420 secs]
2018-05-23T05:28:30.917+0000: 1034150.538: [Full GC 422814K->361856K(14521152K), 1.7241280 secs]
2018-05-23T05:40:35.331+0000: 1034874.952: [GC 7400576K->464784K(14481728K), 0.5109650 secs]
2018-05-23T05:52:04.805+0000: 1035564.426: [GC 7503504K->482817K(14526528K), 0.5187800 secs]
2018-05-23T06:04:37.656+0000: 1036317.277: [GC 7517313K->489398K(14527296K), 0.4915780 secs]
2018-05-23T06:15:22.924+0000: 1036962.545: [GC 7523894K->506484K(14531456K), 0.4643670 secs]
2018-05-23T06:25:48.008+0000: 1037587.628: [GC 7548852K->532703K(14497728K), 0.5168280 secs]
2018-05-23T06:28:32.652+0000: 1037752.272: [GC 2365928K->475848K(14519232K), 0.1722400 secs]
2018-05-23T06:28:32.824+0000: 1037752.445: [Full GC 475848K->413490K(14519232K), 1.9344850 secs]
2018-05-23T06:38:51.254+0000: 1038370.875: [GC 7439794K->520947K(14473856K), 0.5203660 secs]
2018-05-23T06:50:07.234+0000: 1039046.855: [GC 7547251K->541468K(14518336K), 0.4625970 secs]
2018-05-23T07:00:54.466+0000: 1039694.086: [GC 7561500K->566484K(14473408K), 0.5605180 secs]
2018-05-23T07:12:43.743+0000: 1040403.364: [GC 7586516K->576026K(14522880K), 0.5201260 secs]
2018-05-23T07:24:34.997+0000: 1041114.617: [GC 7596826K->607460K(14518016K), 0.5418640 secs]
2018-05-23T07:28:34.770+0000: 1041354.391: [GC 2886069K->556422K(14512960K), 0.2117170 secs]
2018-05-23T07:28:34.982+0000: 1041354.603: [Full GC 556422K->469322K(14512960K), 1.9474360 secs]
2018-05-23T07:43:30.090+0000: 1042249.711: [GC 7482058K->558682K(14516416K), 0.4535860 secs]
2018-05-23T07:54:46.968+0000: 1042926.589: [GC 7571418K->571227K(14528384K), 0.4947170 secs]
2018-05-23T08:01:57.330+0000: 1043356.951: [GC 7603099K->627250K(14515456K), 0.6926100 secs]
2018-05-23T08:03:19.532+0000: 1043439.153: [GC 7659122K->690940K(14444288K), 0.9941270 secs]
2018-05-23T08:05:03.329+0000: 1043542.950: [GC 7630588K->711509K(14457600K), 0.8373780 secs]
2018-05-23T08:06:41.339+0000: 1043640.960: [GC 7651157K->711397K(14438784K), 0.8792490 secs]
2018-05-23T08:08:13.323+0000: 1043732.943: [GC 7592677K->716179K(14392192K), 0.8523990 secs]
2018-05-23T08:10:04.791+0000: 1043844.412: [GC 7597459K->719384K(14434368K), 0.7934830 secs]
2018-05-23T08:11:50.157+0000: 1043949.778: [GC 7576216K->733119K(14371072K), 0.7389240 secs]
2018-05-23T08:13:06.492+0000: 1044026.112: [GC 7589951K->748809K(14424896K), 0.8382290 secs]
2018-05-23T08:14:45.518+0000: 1044125.138: [GC 7586441K->742248K(14428864K), 0.7433370 secs]
2018-05-23T08:16:07.553+0000: 1044207.173: [GC 7579880K->751315K(14437184K), 0.7133440 secs]
2018-05-23T08:17:20.306+0000: 1044279.926: [GC 7600979K->777199K(14432576K), 0.7752240 secs]
2018-05-23T08:18:22.358+0000: 1044341.979: [GC 7626863K->769335K(14443136K), 0.7088190 secs]
2018-05-23T08:19:09.203+0000: 1044388.824: [GC 7628727K->773148K(14436352K), 0.6029400 secs]
2018-05-23T08:19:50.572+0000: 1044430.193: [GC 7632540K->782287K(14458624K), 0.6010850 secs]
2018-05-23T08:20:28.733+0000: 1044468.354: [GC 7673103K->799743K(14452288K), 0.5521500 secs]
2018-05-23T08:20:47.706+0000: 1044487.327: [GC 7690559K->786897K(14466304K), 0.4895510 secs]
2018-05-23T08:21:10.458+0000: 1044510.079: [GC 7698577K->829418K(14465472K), 0.5797510 secs]
2018-05-23T08:21:30.096+0000: 1044529.717: [GC 7741098K->836281K(14475392K), 0.5167780 secs]
2018-05-23T08:21:47.893+0000: 1044547.514: [GC 7763769K->869056K(14472192K), 0.5761020 secs]
2018-05-23T08:22:06.873+0000: 1044566.494: [GC 7796544K->877972K(14485824K), 0.5776720 secs]
2018-05-23T08:22:43.811+0000: 1044603.432: [GC 7824660K->904177K(14480960K), 0.6610580 secs]
2018-05-23T08:23:20.434+0000: 1044640.054: [GC 7850865K->919175K(14492480K), 0.6875310 secs]
2018-05-23T08:23:53.727+0000: 1044673.348: [GC 7881735K->932501K(14490176K), 0.6588320 secs]
2018-05-23T08:24:28.549+0000: 1044708.170: [GC 7895061K->939455K(14495872K), 0.7107400 secs]
2018-05-23T08:24:49.609+0000: 1044729.230: [GC 7908671K->895213K(14399552K), 0.3885090 secs]
2018-05-23T08:25:12.259+0000: 1044751.879: [GC 7864429K->906304K(14487360K), 0.3452610 secs]
2018-05-23T08:25:58.447+0000: 1044798.068: [GC 7866048K->947270K(14489920K), 0.5025270 secs]
2018-05-23T08:26:58.457+0000: 1044858.078: [GC 7907014K->982094K(14497088K), 0.6498700 secs]
2018-05-23T08:28:01.329+0000: 1044920.949: [GC 7953678K->1055839K(14494592K), 0.9863860 secs]
2018-05-23T08:28:36.941+0000: 1044956.561: [GC 5254529K->1010714K(14459648K), 0.6109070 secs]
2018-05-23T08:28:37.552+0000: 1044957.173: [Full GC 1010714K->649073K(14459648K), 2.4670120 secs]
2018-05-23T08:29:25.655+0000: 1045005.276: [GC 7583217K->809572K(14434688K), 0.6854440 secs]
2018-05-23T08:29:45.130+0000: 1045024.751: [GC 7743716K->764031K(14474688K), 0.4568240 secs]
2018-05-23T08:30:04.531+0000: 1045044.152: [GC 7693055K->779684K(14474432K), 0.4886000 secs]
2018-05-23T08:31:04.569+0000: 1045104.190: [GC 7708708K->874889K(14442944K), 0.9671050 secs]
2018-05-23T08:31:52.998+0000: 1045152.618: [GC 7775241K->883191K(14434304K), 0.9753860 secs]
2018-05-23T08:32:47.174+0000: 1045206.795: [GC 7783543K->892958K(14427008K), 0.8167260 secs]
2018-05-23T08:33:40.799+0000: 1045260.419: [GC 7747486K->901395K(14388608K), 0.8722540 secs]
2018-05-23T08:34:31.562+0000: 1045311.183: [GC 7755923K->907841K(14422848K), 0.9323760 secs]
2018-05-23T08:35:19.338+0000: 1045358.959: [GC 7740481K->920906K(14364544K), 0.9472370 secs]
2018-05-23T08:36:12.892+0000: 1045412.513: [GC 7753546K->932088K(14417536K), 0.9946720 secs]
2018-05-23T08:37:08.531+0000: 1045468.152: [GC 7752568K->932966K(14420288K), 0.8465940 secs]
2018-05-23T08:37:53.730+0000: 1045513.351: [GC 7753446K->916908K(14429248K), 0.8134490 secs]
2018-05-23T08:38:34.615+0000: 1045554.236: [GC 7746924K->921225K(14420864K), 0.7079280 secs]
2018-05-23T08:39:05.940+0000: 1045585.561: [GC 7751241K->917875K(14439744K), 0.6827350 secs]
2018-05-23T08:39:23.288+0000: 1045602.909: [GC 7773491K->887276K(14435968K), 0.4471100 secs]
2018-05-23T08:39:40.666+0000: 1045620.287: [GC 7742892K->895060K(14434880K), 0.3991240 secs]
2018-05-23T08:40:29.715+0000: 1045669.335: [GC 7746260K->969184K(14435648K), 0.6598940 secs]
2018-05-23T08:41:32.154+0000: 1045731.775: [GC 7820384K->977120K(14442432K), 0.7395750 secs]
2018-05-23T08:42:36.257+0000: 1045795.878: [GC 7837728K->991383K(14438272K), 0.8114130 secs]
2018-05-23T08:43:42.866+0000: 1045862.486: [GC 7851991K->1004065K(14447168K), 0.8602730 secs]
2018-05-23T08:45:23.343+0000: 1045962.963: [GC 7876193K->1034900K(14401344K), 0.8730320 secs]
2018-05-23T08:47:15.784+0000: 1046075.405: [GC 7907028K->1055611K(14431360K), 0.9590270 secs]
2018-05-23T08:48:37.002+0000: 1046156.622: [GC 7909499K->1069285K(14389568K), 0.9687180 secs]
2018-05-23T08:50:14.220+0000: 1046253.840: [GC 7923173K->1076330K(14430592K), 0.8557010 secs]
2018-05-23T08:50:31.630+0000: 1046271.251: [GC 7919722K->990929K(14278016K), 0.4372920 secs]
2018-05-23T08:50:48.134+0000: 1046287.755: [GC 7834321K->998196K(14422208K), 0.4248750 secs]
2018-05-23T08:51:15.463+0000: 1046315.084: [GC 7827380K->1044776K(14424640K), 0.6690310 secs]
2018-05-23T08:51:58.918+0000: 1046358.539: [GC 7873960K->1048573K(14436928K), 0.5269040 secs]
2018-05-23T08:52:18.918+0000: 1046378.539: [GC 7896765K->1049686K(14431360K), 0.5326590 secs]
2018-05-23T08:52:34.497+0000: 1046394.118: [GC 7897878K->1056934K(14444224K), 0.5172410 secs]
2018-05-23T08:52:50.042+0000: 1046409.663: [GC 7921446K->1053646K(14440384K), 0.4621070 secs]
2018-05-23T08:53:06.843+0000: 1046426.464: [GC 7918158K->1072887K(14450752K), 0.5258300 secs]
2018-05-23T08:53:23.205+0000: 1046442.825: [GC 7949559K->1074696K(14446016K), 0.4995400 secs]
2018-05-23T08:54:06.899+0000: 1046486.520: [GC 7951368K->1134942K(14454976K), 0.7277820 secs]
2018-05-23T08:54:57.888+0000: 1046537.509: [GC 8024542K->1154773K(14394816K), 0.7357580 secs]
2018-05-23T08:55:19.513+0000: 1046559.134: [GC 8044373K->1104055K(14456064K), 0.4409510 secs]
2018-05-23T08:55:35.081+0000: 1046574.702: [GC 7993015K->1111809K(14452992K), 0.4904080 secs]
2018-05-23T08:55:55.318+0000: 1046594.939: [GC 8000769K->1133149K(14466752K), 0.5809190 secs]
2018-05-23T08:56:44.936+0000: 1046644.557: [GC 8039709K->1184001K(14459904K), 0.7952450 secs]
2018-05-23T08:57:27.946+0000: 1046687.566: [GC 8090561K->1185175K(14463488K), 0.7618750 secs]
2018-05-23T08:58:09.733+0000: 1046729.354: [GC 8090967K->1191876K(14462400K), 0.7254730 secs]
2018-05-23T08:59:12.924+0000: 1046792.545: [GC 8097668K->1249489K(14439488K), 0.9652730 secs]
2018-05-23T09:00:03.958+0000: 1046843.579: [GC 8134343K->1260848K(14420736K), 0.8113870 secs]
2018-05-23T09:01:02.053+0000: 1046901.674: [GC 8145712K->1268485K(14427584K), 0.9423070 secs]
2018-05-23T09:01:38.274+0000: 1046937.895: [GC 8117509K->1239101K(14434560K), 0.6252040 secs]
2018-05-23T09:01:54.680+0000: 1046954.301: [GC 8088125K->1214386K(14445952K), 0.5347040 secs]
2018-05-23T09:02:13.003+0000: 1046972.624: [GC 8084018K->1233139K(14443776K), 0.5830280 secs]
2018-05-23T09:02:33.422+0000: 1046993.043: [GC 8102771K->1225553K(14452736K), 0.4991260 secs]
2018-05-23T09:02:51.118+0000: 1047010.739: [GC 8108945K->1229092K(14450752K), 0.4872830 secs]
2018-05-23T09:03:14.018+0000: 1047033.639: [GC 8112484K->1246407K(14459456K), 0.5778710 secs]
2018-05-23T09:03:33.547+0000: 1047053.168: [GC 8140487K->1236283K(14454720K), 0.4746170 secs]
2018-05-23T09:03:59.545+0000: 1047079.166: [GC 8130363K->1262365K(14467584K), 0.5695380 secs]
2018-05-23T09:05:41.383+0000: 1047181.004: [GC 8171101K->1338447K(14438080K), 0.9432270 secs]
2018-05-23T09:06:30.835+0000: 1047230.456: [GC 8247183K->1279805K(14459392K), 0.5702750 secs]
2018-05-23T09:06:51.366+0000: 1047250.987: [GC 8173693K->1252530K(14454592K), 0.3762820 secs]
2018-05-23T09:07:18.550+0000: 1047278.170: [GC 8146418K->1281322K(14463104K), 0.5033020 secs]
2018-05-23T09:07:40.022+0000: 1047299.643: [GC 8182634K->1279098K(14458304K), 0.4658340 secs]
2018-05-23T09:08:14.682+0000: 1047334.303: [GC 8180410K->1338425K(14465600K), 0.7419850 secs]
2018-05-23T09:09:03.966+0000: 1047383.587: [GC 8250553K->1372877K(14428032K), 0.8481350 secs]
2018-05-23T09:09:40.388+0000: 1047420.009: [GC 8285005K->1358452K(14459200K), 0.7001090 secs]
2018-05-23T09:10:19.764+0000: 1047459.385: [GC 8254324K->1361693K(14456768K), 0.7173410 secs]
2018-05-23T09:11:02.134+0000: 1047501.755: [GC 8257565K->1377737K(14467392K), 0.7140370 secs]
2018-05-23T09:11:46.633+0000: 1047546.254: [GC 8289673K->1390761K(14464640K), 0.6971890 secs]
2018-05-23T09:12:09.797+0000: 1047569.418: [GC 8302697K->1357826K(14471808K), 0.4961660 secs]
2018-05-23T09:12:27.615+0000: 1047587.235: [GC 8279106K->1359756K(14469568K), 0.4895780 secs]
2018-05-23T09:12:45.462+0000: 1047605.082: [GC 8281036K->1373806K(14477120K), 0.5181720 secs]
2018-05-23T09:13:02.292+0000: 1047621.912: [GC 8304430K->1375222K(14473600K), 0.4527310 secs]
2018-05-23T09:13:18.931+0000: 1047638.552: [GC 8305846K->1386274K(14482944K), 0.4651040 secs]
2018-05-23T09:13:43.755+0000: 1047663.376: [GC 8328738K->1419181K(14479616K), 0.5950030 secs]
2018-05-23T09:14:30.561+0000: 1047710.182: [GC 8361645K->1473098K(14471296K), 0.7665660 secs]
2018-05-23T09:15:12.098+0000: 1047751.719: [GC 8413642K->1481896K(14444928K), 0.7353860 secs]
2018-05-23T09:16:05.144+0000: 1047804.764: [GC 8422440K->1501904K(14459392K), 0.7735370 secs]
2018-05-23T09:16:48.902+0000: 1047848.522: [GC 8415312K->1504800K(14416704K), 0.8364970 secs]
2018-05-23T09:17:33.957+0000: 1047893.578: [GC 8418208K->1506697K(14465024K), 0.7976570 secs]
2018-05-23T09:18:11.461+0000: 1047931.082: [GC 8416009K->1510907K(14464384K), 0.7480990 secs]
2018-05-23T09:18:37.082+0000: 1047956.702: [GC 8420219K->1477037K(14469504K), 0.5071160 secs]
2018-05-23T09:18:54.476+0000: 1047974.096: [GC 8394093K->1472303K(14467648K), 0.4498710 secs]
2018-05-23T09:19:14.172+0000: 1047993.793: [GC 8389359K->1484839K(14471936K), 0.4777480 secs]
2018-05-23T09:19:30.886+0000: 1048010.507: [GC 8406375K->1487864K(14469696K), 0.4448560 secs]
2018-05-23T09:19:48.870+0000: 1048028.491: [GC 8409400K->1498044K(14477184K), 0.4565760 secs]
2018-05-23T09:20:06.248+0000: 1048045.869: [GC 8429052K->1506292K(14473920K), 0.4308440 secs]
2018-05-23T09:20:22.313+0000: 1048061.934: [GC 8437300K->1520931K(14485760K), 0.4618830 secs]
2018-05-23T09:20:37.784+0000: 1048077.405: [GC 8467619K->1522566K(14481024K), 0.4312090 secs]
2018-05-23T09:21:12.710+0000: 1048112.331: [GC 8469254K->1586261K(14474880K), 0.7032480 secs]
2018-05-23T09:21:54.082+0000: 1048153.702: [GC 8530517K->1598133K(14445696K), 0.7720460 secs]
2018-05-23T09:22:47.191+0000: 1048206.812: [GC 8542389K->1621385K(14456384K), 0.8547840 secs]
2018-05-23T09:23:19.858+0000: 1048239.479: [GC 8533257K->1590746K(14465984K), 0.6003920 secs]
2018-05-23T09:23:36.806+0000: 1048256.427: [GC 8502618K->1571317K(14475776K), 0.4607030 secs]
2018-05-23T09:23:54.450+0000: 1048274.071: [GC 8500661K->1578800K(14473664K), 0.4540370 secs]
2018-05-23T09:24:38.950+0000: 1048318.571: [GC 8508144K->1637017K(14475840K), 0.7380880 secs]
2018-05-23T09:25:31.527+0000: 1048371.148: [GC 8571417K->1646057K(14425984K), 0.7427530 secs]
2018-05-23T09:26:22.674+0000: 1048422.295: [GC 8580457K->1651042K(14477632K), 0.7004020 secs]
2018-05-23T09:27:02.247+0000: 1048461.868: [GC 8584610K->1664618K(14476032K), 0.6571930 secs]
2018-05-23T09:27:45.777+0000: 1048505.398: [GC 8598186K->1677715K(14477760K), 0.7150340 secs]
2018-05-23T09:28:29.207+0000: 1048548.827: [GC 8613779K->1697991K(14438848K), 0.7228720 secs]
2018-05-23T09:28:40.029+0000: 1048559.650: [GC 3466490K->1592364K(14455360K), 0.2130630 secs]
2018-05-23T09:28:40.243+0000: 1048559.863: [Full GC 1592364K->841348K(14455360K), 3.3938730 secs]
2018-05-23T09:30:20.242+0000: 1048659.862: [GC 7751300K->1026026K(14434688K), 0.7780960 secs]
2018-05-23T09:32:01.031+0000: 1048760.652: [GC 7935978K->1041095K(14432576K), 0.9052690 secs]
2018-05-23T09:33:14.228+0000: 1048833.849: [GC 7906503K->1052376K(14390272K), 0.8882920 secs]
2018-05-23T09:34:07.785+0000: 1048887.405: [GC 7917784K->1059373K(14427840K), 0.8318150 secs]
2018-05-23T09:34:42.211+0000: 1048921.831: [GC 7902893K->1022259K(14431808K), 0.6557350 secs]
2018-05-23T09:34:59.977+0000: 1048939.598: [GC 7865779K->995689K(14441280K), 0.4163040 secs]
2018-05-23T09:35:19.336+0000: 1048958.957: [GC 7856553K->1018143K(14439680K), 0.5584910 secs]
2018-05-23T09:35:41.101+0000: 1048980.722: [GC 7879007K->1015696K(14450624K), 0.5012140 secs]
2018-05-23T09:35:57.857+0000: 1048997.478: [GC 7892752K->1015313K(14446528K), 0.4682860 secs]
2018-05-23T09:36:26.832+0000: 1049026.453: [GC 7892369K->1045375K(14461632K), 0.5817550 secs]
2018-05-23T09:37:16.993+0000: 1049076.614: [GC 7940607K->1097052K(14453696K), 0.8184070 secs]
2018-05-23T09:38:07.437+0000: 1049127.058: [GC 7992284K->1100224K(14453760K), 0.8069740 secs]
2018-05-23T09:38:53.157+0000: 1049172.777: [GC 7990080K->1111071K(14394304K), 0.7379700 secs]
2018-05-23T09:39:28.206+0000: 1049207.826: [GC 8000927K->1119030K(14455744K), 0.7297550 secs]
2018-05-23T09:40:05.977+0000: 1049245.598: [GC 8008694K->1122465K(14454016K), 0.6872110 secs]
2018-05-23T09:40:31.674+0000: 1049271.295: [GC 8012129K->1090594K(14461888K), 0.4393200 secs]
2018-05-23T09:40:51.943+0000: 1049291.563: [GC 7992098K->1093313K(14459712K), 0.4961320 secs]
2018-05-23T09:41:09.444+0000: 1049309.065: [GC 7994817K->1095398K(14465280K), 0.4564740 secs]
2018-05-23T09:41:28.062+0000: 1049327.682: [GC 8004390K->1095920K(14463808K), 0.4109020 secs]
2018-05-23T09:42:02.750+0000: 1049362.371: [GC 8004912K->1137837K(14474560K), 0.6293270 secs]
2018-05-23T09:42:58.052+0000: 1049417.673: [GC 8058733K->1174302K(14466432K), 0.7866840 secs]
2018-05-23T09:43:45.562+0000: 1049465.182: [GC 8095198K->1179671K(14473152K), 0.7282740 secs]
2018-05-23T09:44:32.413+0000: 1049512.034: [GC 8105559K->1201204K(14427136K), 0.8171920 secs]
2018-05-23T09:45:23.935+0000: 1049563.556: [GC 8127092K->1212187K(14464768K), 0.7703480 secs]
2018-05-23T09:46:12.911+0000: 1049612.532: [GC 8127131K->1216604K(14415168K), 0.7909560 secs]
2018-05-23T09:46:58.026+0000: 1049657.647: [GC 8131548K->1216202K(14471296K), 0.7100960 secs]
2018-05-23T09:47:17.368+0000: 1049676.989: [GC 8134410K->1173319K(14467008K), 0.3945750 secs]
2018-05-23T09:47:39.324+0000: 1049698.944: [GC 8091527K->1192714K(14470976K), 0.4566140 secs]
2018-05-23T09:47:59.526+0000: 1049719.146: [GC 8113162K->1218230K(14469568K), 0.5313390 secs]
2018-05-23T09:48:16.191+0000: 1049735.812: [GC 8138678K->1234017K(14481408K), 0.5471010 secs]
2018-05-23T09:48:36.695+0000: 1049756.316: [GC 8171489K->1235202K(14476160K), 0.4599950 secs]
2018-05-23T09:48:56.906+0000: 1049776.526: [GC 8172674K->1246514K(14486144K), 0.4556370 secs]
2018-05-23T09:49:18.865+0000: 1049798.485: [GC 8196722K->1263503K(14484160K), 0.4466940 secs]
2018-05-23T09:49:37.432+0000: 1049817.053: [GC 8213711K->1277108K(14492032K), 0.4545750 secs]
2018-05-23T09:49:55.195+0000: 1049834.815: [GC 8238132K->1289757K(14489088K), 0.4472560 secs]
2018-05-23T09:50:32.814+0000: 1049872.434: [GC 8250781K->1371004K(14465536K), 0.8117760 secs]
2018-05-23T09:51:43.418+0000: 1049943.039: [GC 8311932K->1404736K(14476544K), 0.9435380 secs]
2018-05-23T09:52:38.077+0000: 1049997.698: [GC 8345664K->1416348K(14419840K), 0.8717050 secs]
2018-05-23T09:52:55.733+0000: 1050015.354: [GC 8292636K->1338240K(14448192K), 0.4617040 secs]
2018-05-23T09:53:13.353+0000: 1050032.974: [GC 8214528K->1358271K(14457472K), 0.5288160 secs]
2018-05-23T09:53:30.563+0000: 1050050.183: [GC 8247359K->1362863K(14451712K), 0.5366510 secs]
2018-05-23T09:53:47.798+0000: 1050067.419: [GC 8251951K->1354962K(14465216K), 0.4155620 secs]
2018-05-23T09:54:03.876+0000: 1050083.497: [GC 8262674K->1375559K(14462592K), 0.4813390 secs]
2018-05-23T09:54:24.094+0000: 1050103.715: [GC 8283271K->1387768K(14476224K), 0.4923200 secs]
2018-05-23T09:54:40.826+0000: 1050120.447: [GC 8314488K->1391786K(14470592K), 0.4804160 secs]
2018-05-23T09:54:57.373+0000: 1050136.994: [GC 8318506K->1392244K(14484288K), 0.4096880 secs]
2018-05-23T09:55:43.782+0000: 1050183.402: [GC 8337140K->1452305K(14435328K), 0.7257300 secs]
2018-05-23T09:56:10.880+0000: 1050210.501: [GC 8397201K->1421791K(14485824K), 0.5019920 secs]
2018-05-23T09:56:27.762+0000: 1050227.383: [GC 8367775K->1423723K(14480256K), 0.4632310 secs]
2018-05-23T09:56:43.814+0000: 1050243.435: [GC 8369707K->1436602K(14495488K), 0.5175740 secs]
2018-05-23T09:57:25.746+0000: 1050285.367: [GC 8402234K->1486383K(14457728K), 0.7311820 secs]
2018-05-23T09:57:49.244+0000: 1050308.865: [GC 8452015K->1467524K(14494720K), 0.5796490 secs]
2018-05-23T09:58:06.461+0000: 1050326.081: [GC 8431556K->1448920K(14489408K), 0.4577350 secs]
2018-05-23T09:58:22.739+0000: 1050342.360: [GC 8412952K->1464333K(14501248K), 0.4839420 secs]
2018-05-23T09:58:39.466+0000: 1050359.086: [GC 8442573K->1469124K(14497088K), 0.4545950 secs]
2018-05-23T09:58:55.861+0000: 1050375.482: [GC 8447364K->1477026K(14509120K), 0.4524390 secs]
2018-05-23T09:59:13.846+0000: 1050393.466: [GC 8471390K->1487368K(14505344K), 0.4832030 secs]
2018-05-23T09:59:31.122+0000: 1050410.742: [GC 8481736K->1483637K(14514944K), 0.4419260 secs]
2018-05-23T09:59:49.942+0000: 1050429.562: [GC 8491637K->1495978K(14513152K), 0.4461450 secs]
2018-05-23T10:00:23.455+0000: 1050463.076: [GC 8503978K->1518855K(14521920K), 0.2867310 secs]
2018-05-23T10:01:17.540+0000: 1050517.161: [GC 8538567K->1594255K(14517888K), 0.8351520 secs]
2018-05-23T10:01:57.613+0000: 1050557.234: [GC 8613967K->1614027K(14459392K), 0.7670910 secs]
2018-05-23T10:02:29.932+0000: 1050589.553: [GC 8571211K->1632330K(14464192K), 0.8240060 secs]
2018-05-23T10:02:57.436+0000: 1050617.056: [GC 8589514K->1634910K(14470720K), 0.7726940 secs]
2018-05-23T10:03:43.778+0000: 1050663.399: [GC 8564830K->1636025K(14421696K), 0.6598550 secs]
2018-05-23T10:04:15.844+0000: 1050695.465: [GC 8565945K->1653716K(14470464K), 0.6584870 secs]
2018-05-23T10:04:32.211+0000: 1050711.832: [GC 8578772K->1634286K(14472576K), 0.5278530 secs]
2018-05-23T10:04:50.191+0000: 1050729.812: [GC 8559342K->1647774K(14481152K), 0.5638770 secs]
2018-05-23T10:05:10.227+0000: 1050749.848: [GC 8585886K->1665200K(14477056K), 0.5108640 secs]
2018-05-23T10:05:28.015+0000: 1050767.636: [GC 8603312K->1670399K(14488960K), 0.5124570 secs]
2018-05-23T10:05:56.424+0000: 1050796.044: [GC 8625471K->1691201K(14486208K), 0.5084680 secs]
2018-05-23T10:06:18.058+0000: 1050817.678: [GC 8646273K->1698827K(14495232K), 0.5014230 secs]
2018-05-23T10:06:37.689+0000: 1050837.310: [GC 8667403K->1728018K(14493440K), 0.5280900 secs]
2018-05-23T10:06:54.395+0000: 1050854.016: [GC 8696594K->1749764K(14505088K), 0.5727390 secs]
2018-05-23T10:07:12.240+0000: 1050871.861: [GC 8734468K->1757245K(14499712K), 0.5307200 secs]
2018-05-23T10:07:42.338+0000: 1050901.959: [GC 8741949K->1836975K(14464448K), 0.8961790 secs]
2018-05-23T10:08:30.946+0000: 1050950.566: [GC 8790063K->1881610K(14486592K), 1.0421670 secs]
2018-05-23T10:09:21.212+0000: 1051000.833: [GC 8834698K->1899637K(14399168K), 1.0237960 secs]
2018-05-23T10:10:29.350+0000: 1051068.971: [GC 8765301K->1906394K(14396480K), 0.8069270 secs]
2018-05-23T10:11:37.355+0000: 1051136.975: [GC 8772058K->1922639K(14422784K), 0.9055630 secs]
2018-05-23T10:12:32.340+0000: 1051191.961: [GC 8761039K->1934404K(14369984K), 0.8484960 secs]
2018-05-23T10:13:45.776+0000: 1051265.397: [GC 8772804K->1946339K(14421120K), 0.9601530 secs]
2018-05-23T10:14:40.837+0000: 1051320.458: [GC 8772835K->1956527K(14423296K), 0.9353290 secs]
2018-05-23T10:14:59.489+0000: 1051339.109: [GC 8783023K->1869642K(14416128K), 0.3582290 secs]
2018-05-23T10:15:18.275+0000: 1051357.896: [GC 8688970K->1884380K(14419712K), 0.3944670 secs]
2018-05-23T10:15:38.749+0000: 1051378.370: [GC 8703708K->1901067K(14423040K), 0.4314050 secs]
2018-05-23T10:15:55.292+0000: 1051394.912: [GC 8723915K->1899745K(14419904K), 0.4349990 secs]
2018-05-23T10:16:18.840+0000: 1051418.461: [GC 8722593K->1926457K(14432320K), 0.5247020 secs]
2018-05-23T10:16:36.322+0000: 1051435.942: [GC 8764089K->1920302K(14425408K), 0.4684100 secs]
2018-05-23T10:16:53.417+0000: 1051453.037: [GC 8757934K->1927271K(14440128K), 0.4355450 secs]
2018-05-23T10:17:14.493+0000: 1051474.113: [GC 8783015K->1951894K(14435712K), 0.5404270 secs]
2018-05-23T10:17:33.044+0000: 1051492.665: [GC 8807638K->1943046K(14453248K), 0.4635370 secs]
2018-05-23T10:17:53.435+0000: 1051513.055: [GC 8824518K->1957586K(14448320K), 0.5035940 secs]
2018-05-23T10:18:55.637+0000: 1051575.258: [GC 8839058K->2041400K(14435008K), 0.9019810 secs]
2018-05-23T10:19:37.294+0000: 1051616.915: [GC 8916408K->2019242K(14447552K), 0.7112160 secs]
2018-05-23T10:19:54.313+0000: 1051633.934: [GC 8894250K->1984826K(14455040K), 0.5052840 secs]
2018-05-23T10:20:12.554+0000: 1051652.174: [GC 8870010K->1989588K(14450240K), 0.4540280 secs]
2018-05-23T10:21:02.287+0000: 1051701.908: [GC 8874772K->2074320K(14438784K), 0.7770070 secs]
2018-05-23T10:21:56.518+0000: 1051756.138: [GC 8952656K->2090705K(14400576K), 0.8961790 secs]
2018-05-23T10:22:15.220+0000: 1051774.841: [GC 8969041K->2016653K(14443712K), 0.4090360 secs]
2018-05-23T10:22:30.795+0000: 1051790.416: [GC 8880845K->2040138K(14440576K), 0.4752180 secs]
2018-05-23T10:23:06.224+0000: 1051825.844: [GC 8904330K->2077674K(14455552K), 0.6663890 secs]
2018-05-23T10:23:55.534+0000: 1051875.155: [GC 8963498K->2117215K(14399104K), 0.8589370 secs]
2018-05-23T10:24:48.587+0000: 1051928.208: [GC 9003039K->2130089K(14438912K), 0.8454840 secs]
2018-05-23T10:25:45.195+0000: 1051984.816: [GC 8998441K->2131996K(14379392K), 0.7722600 secs]
2018-05-23T10:26:43.001+0000: 1052042.622: [GC 9000348K->2153940K(14432896K), 0.9042320 secs]
2018-05-23T10:27:05.034+0000: 1052064.655: [GC 9009108K->2086600K(14437632K), 0.4418620 secs]
2018-05-23T10:27:22.733+0000: 1052082.353: [GC 8941768K->2090385K(14441664K), 0.4408370 secs]
2018-05-23T10:27:43.504+0000: 1052103.125: [GC 8951633K->2116176K(14439680K), 0.4701130 secs]
2018-05-23T10:27:59.424+0000: 1052119.044: [GC 8977424K->2131099K(14454464K), 0.4965010 secs]
2018-05-23T10:28:18.026+0000: 1052137.646: [GC 9013467K->2129555K(14448000K), 0.4963240 secs]
2018-05-23T10:28:39.696+0000: 1052159.317: [GC 9011923K->2140064K(14462464K), 0.4666630 secs]
2018-05-23T10:28:43.647+0000: 1052163.268: [GC 3409691K->2073986K(14253056K), 0.1010170 secs]
2018-05-23T10:28:43.749+0000: 1052163.369: [Full GC 2073986K->990594K(14253056K), 3.7716200 secs]
2018-05-23T10:29:04.193+0000: 1052183.814: [GC 7883394K->1107092K(14463936K), 0.4973980 secs]
2018-05-23T10:29:26.085+0000: 1052205.706: [GC 8004052K->1118477K(14453120K), 0.5366050 secs]
2018-05-23T10:29:44.146+0000: 1052223.767: [GC 8015437K->1111447K(14477696K), 0.4210290 secs]
2018-05-23T10:30:05.394+0000: 1052245.015: [GC 8041943K->1141220K(14472896K), 0.4728910 secs]
2018-05-23T10:30:24.630+0000: 1052264.251: [GC 8071716K->1141506K(14492224K), 0.4688730 secs]
2018-05-23T10:30:42.332+0000: 1052281.953: [GC 8099842K->1150429K(14486208K), 0.4071660 secs]
2018-05-23T10:31:29.013+0000: 1052328.634: [GC 8108765K->1243974K(14451968K), 0.8829880 secs]
2018-05-23T10:32:25.253+0000: 1052384.874: [GC 8173126K->1273115K(14468160K), 0.9303350 secs]
2018-05-23T10:33:18.564+0000: 1052438.185: [GC 8202267K->1283537K(14412864K), 0.9064020 secs]
2018-05-23T10:34:51.628+0000: 1052531.248: [GC 8144465K->1282187K(14379200K), 0.8095500 secs]
2018-05-23T10:35:10.592+0000: 1052550.212: [GC 8143115K->1206653K(14434624K), 0.3000210 secs]
2018-05-23T10:35:37.450+0000: 1052577.071: [GC 8055741K->1237485K(14434560K), 0.4236870 secs]
2018-05-23T10:37:09.237+0000: 1052668.858: [GC 8086573K->1332002K(14427072K), 0.8164810 secs]
2018-05-23T10:38:24.767+0000: 1052744.388: [GC 8178082K->1357029K(14361856K), 0.8637200 secs]
2018-05-23T10:39:18.827+0000: 1052798.448: [GC 8203109K->1376090K(14419200K), 0.7400710 secs]
2018-05-23T10:40:09.815+0000: 1052849.435: [GC 8203738K->1392803K(14354368K), 0.7243590 secs]
2018-05-23T10:40:41.475+0000: 1052881.096: [GC 8220451K->1344234K(14426752K), 0.5632800 secs]
2018-05-23T10:40:57.830+0000: 1052897.450: [GC 8169386K->1349869K(14418496K), 0.5443440 secs]
2018-05-23T10:41:20.468+0000: 1052920.089: [GC 8175021K->1349459K(14439744K), 0.5598850 secs]
2018-05-23T10:42:14.927+0000: 1052974.548: [GC 8202835K->1422056K(14433728K), 0.9094110 secs]
2018-05-23T10:43:04.193+0000: 1053023.814: [GC 8275432K->1438125K(14421888K), 0.9251670 secs]
2018-05-23T10:43:56.665+0000: 1053076.286: [GC 8274349K->1440034K(14357184K), 0.8753250 secs]
2018-05-23T10:44:47.681+0000: 1053127.301: [GC 8276258K->1415959K(14435456K), 0.6839510 secs]
2018-05-23T10:45:04.355+0000: 1053143.976: [GC 8257495K->1390096K(14426176K), 0.4615200 secs]
2018-05-23T10:45:20.856+0000: 1053160.477: [GC 8231632K->1401682K(14441152K), 0.4913700 secs]
2018-05-23T10:45:38.798+0000: 1053178.419: [GC 8260178K->1398846K(14437440K), 0.4201810 secs]
2018-05-23T10:45:56.383+0000: 1053196.004: [GC 8257342K->1411251K(14448256K), 0.4852130 secs]
2018-05-23T10:46:18.085+0000: 1053217.706: [GC 8283187K->1422761K(14443776K), 0.5465100 secs]
2018-05-23T10:46:36.352+0000: 1053235.972: [GC 8294697K->1415581K(14457280K), 0.4485980 secs]
2018-05-23T10:46:55.757+0000: 1053255.378: [GC 8306717K->1425416K(14453952K), 0.4690920 secs]
2018-05-23T10:47:49.760+0000: 1053309.380: [GC 8316552K->1514084K(14438336K), 0.8836460 secs]
2018-05-23T10:48:42.766+0000: 1053362.386: [GC 8394212K->1479677K(14450112K), 0.6501420 secs]
2018-05-23T10:49:00.800+0000: 1053380.421: [GC 8359805K->1466361K(14463616K), 0.5198050 secs]
2018-05-23T10:49:19.665+0000: 1053399.286: [GC 8368057K->1452825K(14458176K), 0.4106050 secs]
2018-05-23T10:50:25.037+0000: 1053464.658: [GC 8354521K->1557779K(14436160K), 0.8293530 secs]
2018-05-23T10:51:21.336+0000: 1053520.957: [GC 8439443K->1573606K(14413888K), 0.9112690 secs]
2018-05-23T10:52:10.538+0000: 1053570.159: [GC 8455270K->1587487K(14419456K), 0.9523520 secs]
2018-05-23T10:53:02.033+0000: 1053621.654: [GC 8425375K->1597293K(14367872K), 0.9803890 secs]
2018-05-23T10:53:58.099+0000: 1053677.720: [GC 8435181K->1603163K(14416320K), 0.9173790 secs]
2018-05-23T10:54:48.235+0000: 1053727.856: [GC 8422107K->1613114K(14344000K), 0.9220950 secs]
2018-05-23T10:55:16.500+0000: 1053756.120: [GC 8432058K->1545481K(14420352K), 0.4826710 secs]
2018-05-23T10:55:33.306+0000: 1053772.927: [GC 8363977K->1542397K(14418240K), 0.4302630 secs]
2018-05-23T10:56:12.167+0000: 1053811.788: [GC 8360893K->1600634K(14431488K), 0.7297130 secs]
2018-05-23T10:57:15.246+0000: 1053874.867: [GC 8434106K->1644434K(14422080K), 0.9058740 secs]
2018-05-23T10:58:13.251+0000: 1053932.872: [GC 8477906K->1659786K(14421376K), 0.9095640 secs]
2018-05-23T10:58:32.430+0000: 1053952.051: [GC 8488970K->1590637K(14424640K), 0.4948020 secs]
2018-05-23T10:58:48.903+0000: 1053968.523: [GC 8419821K->1600070K(14430400K), 0.4853870 secs]
2018-05-23T10:59:10.260+0000: 1053989.881: [GC 8437126K->1626567K(14426752K), 0.6152250 secs]
2018-05-23T10:59:27.530+0000: 1054007.150: [GC 8463623K->1615460K(14441792K), 0.4926390 secs]
2018-05-23T10:59:44.012+0000: 1054023.633: [GC 8475108K->1620375K(14437952K), 0.4843070 secs]
2018-05-23T11:00:32.160+0000: 1054071.781: [GC 8480023K->1689187K(14442688K), 0.6732810 secs]
2018-05-23T11:01:25.061+0000: 1054124.682: [GC 8557667K->1717925K(14393600K), 0.9386290 secs]
2018-05-23T11:01:45.464+0000: 1054145.085: [GC 8586405K->1655240K(14441024K), 0.5017120 secs]
2018-05-23T11:02:02.785+0000: 1054162.405: [GC 8512968K->1661029K(14436800K), 0.4892650 secs]
2018-05-23T11:02:23.167+0000: 1054182.788: [GC 8518757K->1677482K(14451392K), 0.4774340 secs]
2018-05-23T11:03:03.708+0000: 1054223.329: [GC 8554282K->1734710K(14445504K), 0.8106170 secs]
2018-05-23T11:03:25.078+0000: 1054244.699: [GC 8611510K->1693258K(14455296K), 0.5176980 secs]
2018-05-23T11:03:44.578+0000: 1054264.198: [GC 8579338K->1701925K(14450880K), 0.5148590 secs]
2018-05-23T11:04:16.359+0000: 1054295.980: [GC 8588005K->1746637K(14464768K), 0.7128210 secs]
2018-05-23T11:05:13.109+0000: 1054352.730: [GC 8651405K->1798058K(14430656K), 0.8344030 secs]
2018-05-23T11:05:53.451+0000: 1054393.072: [GC 8702826K->1759086K(14461568K), 0.5484740 secs]
2018-05-23T11:06:43.441+0000: 1054443.062: [GC 8653934K->1821524K(14420224K), 0.8936580 secs]
2018-05-23T11:07:19.570+0000: 1054479.190: [GC 8716372K->1781221K(14459008K), 0.6226050 secs]
2018-05-23T11:07:37.524+0000: 1054497.144: [GC 8672165K->1757483K(14452032K), 0.4656560 secs]
2018-05-23T11:07:59.840+0000: 1054519.461: [GC 8648427K->1775543K(14463360K), 0.5244320 secs]
2018-05-23T11:09:18.757+0000: 1054598.377: [GC 8678391K->1833801K(14459584K), 0.8166600 secs]
2018-05-23T11:10:17.426+0000: 1054657.046: [GC 8736649K->1866354K(14444032K), 0.7773180 secs]
2018-05-23T11:10:41.622+0000: 1054681.243: [GC 8751602K->1814984K(14452672K), 0.5466680 secs]
2018-05-23T11:11:37.158+0000: 1054736.778: [GC 8700232K->1890793K(14437504K), 0.9074000 secs]
2018-05-23T11:13:15.742+0000: 1054835.362: [GC 8766185K->1887881K(14391360K), 0.8651960 secs]
2018-05-23T11:14:31.542+0000: 1054911.163: [GC 8763273K->1873681K(14453248K), 0.7247720 secs]
2018-05-23T11:14:50.426+0000: 1054930.047: [GC 8751825K->1823525K(14444992K), 0.3875110 secs]
2018-05-23T11:15:15.996+0000: 1054955.617: [GC 8701669K->1834531K(14449536K), 0.3500980 secs]
2018-05-23T11:15:32.928+0000: 1054972.549: [GC 8713891K->1842650K(14449728K), 0.3742020 secs]
2018-05-23T11:16:11.237+0000: 1055010.858: [GC 8722010K->1871086K(14457344K), 0.5528880 secs]
2018-05-23T11:17:25.129+0000: 1055084.750: [GC 8759406K->1955023K(14414272K), 0.9313820 secs]
2018-05-23T11:18:25.871+0000: 1055145.492: [GC 8843343K->1965701K(14428288K), 0.8495810 secs]
2018-05-23T11:19:14.763+0000: 1055194.384: [GC 8819717K->1959904K(14437056K), 0.8397820 secs]
2018-05-23T11:19:32.720+0000: 1055212.341: [GC 8813920K->1897578K(14439040K), 0.4443080 secs]
2018-05-23T11:19:49.743+0000: 1055229.364: [GC 8753962K->1906426K(14437440K), 0.4509820 secs]
2018-05-23T11:20:42.665+0000: 1055282.285: [GC 8762810K->1995895K(14427968K), 0.8301660 secs]
2018-05-23T11:21:36.617+0000: 1055336.237: [GC 8846199K->2012515K(14379712K), 0.9054110 secs]
2018-05-23T11:22:31.294+0000: 1055390.915: [GC 8862819K->2027742K(14410752K), 0.8322500 secs]
2018-05-23T11:23:15.374+0000: 1055434.995: [GC 8845406K->2026209K(14343872K), 0.8324580 secs]
2018-05-23T11:24:02.790+0000: 1055482.410: [GC 8843873K->2037044K(14412032K), 0.8252240 secs]
2018-05-23T11:25:02.593+0000: 1055542.214: [GC 8845236K->2043329K(14414144K), 0.8316750 secs]
2018-05-23T11:25:56.833+0000: 1055596.453: [GC 8851521K->2051324K(14416512K), 0.9406040 secs]
2018-05-23T11:27:11.981+0000: 1055671.601: [GC 8862204K->2055064K(14414464K), 0.8280450 secs]
2018-05-23T11:27:31.487+0000: 1055691.108: [GC 8865944K->1972915K(14411392K), 0.3455680 secs]
2018-05-23T11:27:57.211+0000: 1055716.831: [GC 8784563K->1992456K(14415872K), 0.4411800 secs]
2018-05-23T11:28:47.530+0000: 1055767.151: [GC 4999745K->1987468K(14416320K), 0.3820110 secs]
2018-05-23T11:28:47.913+0000: 1055767.533: [Full GC 1987468K->1149973K(14416320K), 4.1360480 secs]
2018-05-23T11:29:58.390+0000: 1055838.010: [GC 7962453K->1339850K(14342400K), 0.8428790 secs]
2018-05-23T11:30:56.686+0000: 1055896.307: [GC 8152330K->1350388K(14402880K), 0.9246990 secs]
2018-05-23T11:31:59.629+0000: 1055959.250: [GC 8143860K->1356451K(14321792K), 0.9576720 secs]
2018-05-23T11:32:53.608+0000: 1056013.229: [GC 8149923K->1351535K(14411584K), 0.8474310 secs]
2018-05-23T11:33:13.646+0000: 1056033.266: [GC 8148271K->1287994K(14405248K), 0.4386540 secs]
2018-05-23T11:33:33.652+0000: 1056053.273: [GC 8084730K->1304578K(14417280K), 0.5026720 secs]
2018-05-23T11:33:50.585+0000: 1056070.205: [GC 8114562K->1313640K(14412800K), 0.4926300 secs]
2018-05-23T11:34:07.632+0000: 1056087.253: [GC 8123624K->1313794K(14427328K), 0.4684450 secs]
2018-05-23T11:34:39.619+0000: 1056119.240: [GC 8143746K->1355855K(14422720K), 0.6409200 secs]
2018-05-23T11:35:32.777+0000: 1056172.398: [GC 8185807K->1418226K(14420992K), 0.9025250 secs]
2018-05-23T11:36:29.719+0000: 1056229.340: [GC 8257394K->1433094K(14374400K), 0.9861700 secs]
2018-05-23T11:37:36.082+0000: 1056295.702: [GC 8272262K->1442393K(14412992K), 0.9458760 secs]
2018-05-23T11:37:56.642+0000: 1056316.263: [GC 8256473K->1372254K(14417088K), 0.4767880 secs]
2018-05-23T11:38:14.106+0000: 1056333.726: [GC 8186334K->1379316K(14423744K), 0.4822880 secs]
2018-05-23T11:38:35.390+0000: 1056355.011: [GC 8203124K->1395860K(14420160K), 0.5231350 secs]
2018-05-23T11:38:52.464+0000: 1056372.085: [GC 8219668K->1393938K(14434112K), 0.4584770 secs]
2018-05-23T11:39:12.046+0000: 1056391.667: [GC 8237650K->1407862K(14429696K), 0.5071810 secs]
2018-05-23T11:40:05.726+0000: 1056445.346: [GC 8251574K->1496739K(14419328K), 0.9145180 secs]
2018-05-23T11:41:23.407+0000: 1056523.028: [GC 8336291K->1502216K(14366592K), 0.9160810 secs]
2018-05-23T11:42:19.818+0000: 1056579.438: [GC 8341768K->1514852K(14413568K), 0.8970240 secs]
2018-05-23T11:43:25.270+0000: 1056644.891: [GC 8331620K->1523100K(14342976K), 0.9096000 secs]
2018-05-23T11:44:12.327+0000: 1056691.947: [GC 8339868K->1522493K(14417920K), 0.7951330 secs]
2018-05-23T11:44:31.193+0000: 1056710.813: [GC 8336061K->1463520K(14415744K), 0.4609750 secs]
2018-05-23T11:44:48.160+0000: 1056727.780: [GC 8277088K->1470457K(14422656K), 0.4572590 secs]
2018-05-23T11:45:06.764+0000: 1056746.385: [GC 8292729K->1484028K(14419712K), 0.5016130 secs]
2018-05-23T11:45:23.705+0000: 1056763.325: [GC 8306300K->1479827K(14432384K), 0.4417580 secs]
2018-05-23T11:45:49.427+0000: 1056789.048: [GC 8320211K->1512421K(14428096K), 0.6340540 secs]
2018-05-23T11:46:38.727+0000: 1056838.347: [GC 8352805K->1541706K(14446336K), 0.7154090 secs]
2018-05-23T11:46:55.683+0000: 1056855.303: [GC 8410046K->1505291K(14442112K), 0.4897830 secs]
2018-05-23T11:47:15.446+0000: 1056875.066: [GC 8373643K->1510762K(14454592K), 0.4980020 secs]
2018-05-23T11:47:35.429+0000: 1056895.050: [GC 8395434K->1522698K(14450176K), 0.5173450 secs]
2018-05-23T11:47:53.772+0000: 1056913.393: [GC 8407370K->1528426K(14465920K), 0.5309340 secs]
2018-05-23T11:48:28.533+0000: 1056948.153: [GC 8434794K->1582065K(14460544K), 0.7386270 secs]
2018-05-23T11:49:23.525+0000: 1057003.146: [GC 8488433K->1633848K(14430272K), 1.0354010 secs]
2018-05-23T11:50:20.973+0000: 1057060.593: [GC 8508472K->1639956K(14411008K), 0.8846380 secs]
2018-05-23T11:51:13.263+0000: 1057112.883: [GC 8514580K->1648645K(14416832K), 0.9463130 secs]
2018-05-23T11:52:03.301+0000: 1057162.922: [GC 8480389K->1660105K(14370688K), 0.8505270 secs]
2018-05-23T11:52:56.889+0000: 1057216.510: [GC 8491849K->1661674K(14411200K), 0.7880770 secs]
2018-05-23T11:53:15.638+0000: 1057235.258: [GC 8470506K->1576353K(14240064K), 0.4449090 secs]
2018-05-23T11:53:32.635+0000: 1057252.256: [GC 8385185K->1589993K(14417088K), 0.4592710 secs]
2018-05-23T11:53:55.578+0000: 1057275.198: [GC 8401129K->1601657K(14414144K), 0.4718270 secs]
2018-05-23T11:54:13.952+0000: 1057293.573: [GC 8412793K->1608277K(14427072K), 0.4993950 secs]
2018-05-23T11:54:35.916+0000: 1057315.537: [GC 8437269K->1618165K(14422016K), 0.4941890 secs]
2018-05-23T11:54:52.868+0000: 1057332.488: [GC 8447157K->1618364K(14438144K), 0.4825640 secs]
2018-05-23T11:55:09.213+0000: 1057348.833: [GC 8469884K->1621766K(14433472K), 0.4054050 secs]
2018-05-23T11:55:55.191+0000: 1057394.812: [GC 8473286K->1708755K(14427136K), 0.9103260 secs]
2018-05-23T11:56:50.507+0000: 1057450.128: [GC 8559187K->1736638K(14386816K), 0.9324020 secs]
2018-05-23T11:57:56.558+0000: 1057516.178: [GC 8587070K->1740432K(14408512K), 0.9478800 secs]
2018-05-23T11:58:51.446+0000: 1057571.067: [GC 8551696K->1756352K(14347648K), 0.9053250 secs]
2018-05-23T11:59:27.807+0000: 1057607.427: [GC 8567616K->1725506K(14418944K), 0.7484890 secs]
2018-05-23T12:00:51.406+0000: 1057691.027: [GC 8532674K->1767528K(14408320K), 0.8053560 secs]
2018-05-23T12:01:21.218+0000: 1057720.838: [GC 8574696K->1701433K(14419520K), 0.5021880 secs]
2018-05-23T12:01:39.278+0000: 1057738.899: [GC 8517305K->1696448K(14416448K), 0.4365350 secs]
2018-05-23T12:02:31.193+0000: 1057790.813: [GC 8512320K->1751991K(14432576K), 0.7160180 secs]
2018-05-23T12:03:26.363+0000: 1057845.984: [GC 8585655K->1820280K(14421184K), 0.9053690 secs]
2018-05-23T12:04:19.166+0000: 1057898.787: [GC 8653944K->1836557K(14416448K), 0.8408990 secs]
2018-05-23T12:05:10.516+0000: 1057950.137: [GC 8655501K->1808748K(14419520K), 0.5467680 secs]
2018-05-23T12:05:27.793+0000: 1057967.414: [GC 8627692K->1781641K(14430848K), 0.4834700 secs]
2018-05-23T12:05:45.527+0000: 1057985.148: [GC 8621705K->1809450K(14429312K), 0.5498740 secs]
2018-05-23T12:06:05.774+0000: 1058005.395: [GC 8649514K->1810305K(14441344K), 0.5308870 secs]
2018-05-23T12:06:22.927+0000: 1058022.548: [GC 8668481K->1815660K(14436928K), 0.4883760 secs]
2018-05-23T12:06:57.338+0000: 1058056.958: [GC 8673836K->1873028K(14447936K), 0.6912800 secs]
2018-05-23T12:07:53.053+0000: 1058112.673: [GC 8746244K->1918187K(14406912K), 0.9494350 secs]
2018-05-23T12:08:47.140+0000: 1058166.760: [GC 8791403K->1928089K(14422336K), 0.9740160 secs]
2018-05-23T12:10:09.732+0000: 1058249.353: [GC 8767513K->1935593K(14370304K), 0.8465660 secs]
2018-05-23T12:11:23.814+0000: 1058323.435: [GC 8775017K->1949526K(14416768K), 0.9456930 secs]
2018-05-23T12:12:01.333+0000: 1058360.954: [GC 8770774K->1908285K(14420672K), 0.6437140 secs]
2018-05-23T12:12:20.523+0000: 1058380.144: [GC 8729533K->1881486K(14428672K), 0.4677600 secs]
2018-05-23T12:12:41.881+0000: 1058401.502: [GC 8717838K->1892643K(14427776K), 0.5355640 secs]
2018-05-23T12:13:41.530+0000: 1058461.151: [GC 8728995K->1979908K(14419456K), 0.9208540 secs]
2018-05-23T12:14:21.639+0000: 1058501.259: [GC 8810884K->1973394K(14425536K), 0.7929910 secs]
2018-05-23T12:14:44.578+0000: 1058524.198: [GC 8804370K->1928953K(14431936K), 0.4727240 secs]
2018-05-23T12:15:03.007+0000: 1058542.628: [GC 8770553K->1940293K(14429760K), 0.4447780 secs]
2018-05-23T12:15:17.970+0000: 1058557.591: [GC 8781893K->1945665K(14438784K), 0.4498690 secs]
2018-05-23T12:15:35.003+0000: 1058574.624: [GC 8799681K->1953246K(14435328K), 0.4609450 secs]
2018-05-23T12:15:56.233+0000: 1058595.854: [GC 8807262K->1979901K(14449920K), 0.5540540 secs]
2018-05-23T12:16:13.646+0000: 1058613.267: [GC 8852157K->1973440K(14442432K), 0.4750110 secs]
2018-05-23T12:16:30.722+0000: 1058630.342: [GC 8845696K->1979570K(14458624K), 0.4490470 secs]
2018-05-23T12:17:11.060+0000: 1058670.681: [GC 8872242K->2048950K(14454144K), 0.8062810 secs]
2018-05-23T12:17:55.443+0000: 1058715.064: [GC 8941622K->2078622K(14434112K), 0.9581860 secs]
2018-05-23T12:18:36.083+0000: 1058755.704: [GC 8946974K->2088112K(14393600K), 0.9472830 secs]
2018-05-23T12:19:27.886+0000: 1058807.507: [GC 8956464K->2108610K(14416576K), 0.9855430 secs]
2018-05-23T12:20:03.211+0000: 1058842.832: [GC 8941506K->2067979K(14426496K), 0.6188570 secs]
2018-05-23T12:20:20.741+0000: 1058860.362: [GC 8900875K->2041411K(14438400K), 0.4587110 secs]
2018-05-23T12:20:42.530+0000: 1058882.150: [GC 8895811K->2062458K(14436096K), 0.4586300 secs]
2018-05-23T12:21:02.405+0000: 1058902.025: [GC 8916858K->2067223K(14448256K), 0.5166960 secs]
2018-05-23T12:21:20.295+0000: 1058919.916: [GC 8939287K->2074154K(14443904K), 0.3820640 secs]
2018-05-23T12:21:39.126+0000: 1058938.747: [GC 8946218K->2085354K(14457600K), 0.4861260 secs]
2018-05-23T12:21:57.064+0000: 1058956.684: [GC 8975338K->2085954K(14452480K), 0.4532330 secs]
2018-05-23T12:22:14.985+0000: 1058974.605: [GC 8975938K->2103907K(14466688K), 0.4686740 secs]
2018-05-23T12:23:03.287+0000: 1059022.908: [GC 9011555K->2197173K(14441216K), 0.8753500 secs]
2018-05-23T12:23:56.090+0000: 1059075.710: [GC 9104821K->2203645K(14428672K), 0.9177140 secs]
2018-05-23T12:24:58.514+0000: 1059138.134: [GC 9062781K->2216946K(14392256K), 0.8756470 secs]
2018-05-23T12:25:48.679+0000: 1059188.300: [GC 9076082K->2217049K(14423168K), 0.9204990 secs]
2018-05-23T12:26:28.654+0000: 1059228.274: [GC 9049817K->2190274K(14426432K), 0.6794820 secs]
2018-05-23T12:26:46.748+0000: 1059246.368: [GC 9023042K->2150564K(14437696K), 0.4774650 secs]
2018-05-23T12:27:07.743+0000: 1059267.364: [GC 9005092K->2168188K(14436928K), 0.5130440 secs]
2018-05-23T12:27:25.853+0000: 1059285.474: [GC 9022716K->2174003K(14446144K), 0.4960410 secs]
2018-05-23T12:27:42.795+0000: 1059302.416: [GC 9041843K->2175633K(14441792K), 0.4615980 secs]
2018-05-23T12:28:12.451+0000: 1059332.072: [GC 9043473K->2219278K(14457728K), 0.6605960 secs]
2018-05-23T12:28:47.805+0000: 1059367.426: [GC 9106830K->2230926K(14449920K), 0.6973370 secs]
2018-05-23T12:28:52.059+0000: 1059371.680: [GC 2963438K->2119978K(14440896K), 0.0985950 secs]
2018-05-23T12:28:52.158+0000: 1059371.779: [Full GC 2119978K->1198913K(14440896K), 3.4228170 secs]
2018-05-23T12:29:56.557+0000: 1059436.177: [GC 8083649K->1380131K(14406016K), 0.8148880 secs]
2018-05-23T12:30:53.539+0000: 1059493.160: [GC 8264867K->1392290K(14424064K), 0.9128750 secs]
2018-05-23T12:31:23.838+0000: 1059523.459: [GC 8237346K->1351173K(14432576K), 0.6391870 secs]
2018-05-23T12:31:43.755+0000: 1059543.376: [GC 8196229K->1335979K(14449984K), 0.5559020 secs]
2018-05-23T12:32:05.222+0000: 1059564.843: [GC 8209643K->1339531K(14443776K), 0.5029100 secs]
2018-05-23T12:32:25.943+0000: 1059585.564: [GC 8213195K->1357343K(14462976K), 0.5203160 secs]
2018-05-23T12:32:47.461+0000: 1059607.081: [GC 8256031K->1362999K(14455808K), 0.5350600 secs]
2018-05-23T12:33:09.552+0000: 1059629.173: [GC 8261687K->1362205K(14474560K), 0.4860110 secs]
2018-05-23T12:33:27.917+0000: 1059647.537: [GC 8286173K->1369482K(14469504K), 0.4719860 secs]
2018-05-23T12:33:48.537+0000: 1059668.158: [GC 8293450K->1381016K(14486272K), 0.5267430 secs]
2018-05-23T12:34:08.968+0000: 1059688.588: [GC 8327128K->1395224K(14479936K), 0.5800170 secs]
2018-05-23T12:34:31.346+0000: 1059710.966: [GC 8341336K->1384434K(14496832K), 0.4902470 secs]
2018-05-23T12:34:49.778+0000: 1059729.399: [GC 8354418K->1396890K(14493248K), 0.4995190 secs]
2018-05-23T12:35:10.295+0000: 1059749.916: [GC 8366874K->1405930K(14506304K), 0.5046720 secs]
2018-05-23T12:35:31.695+0000: 1059771.315: [GC 8393514K->1417292K(14501376K), 0.5385180 secs]
2018-05-23T12:35:56.786+0000: 1059796.407: [GC 8404876K->1416414K(14515008K), 0.4982500 secs]
2018-05-23T12:36:18.949+0000: 1059818.570: [GC 8422942K->1431195K(14511616K), 0.5154340 secs]
2018-05-23T12:36:37.914+0000: 1059837.535: [GC 8437723K->1440706K(14523648K), 0.5549500 secs]
2018-05-23T12:36:57.489+0000: 1059857.110: [GC 8464002K->1436889K(14519744K), 0.4492280 secs]
2018-05-23T12:37:20.024+0000: 1059879.645: [GC 8460185K->1455117K(14528512K), 0.5317930 secs]
2018-05-23T12:37:40.338+0000: 1059899.959: [GC 8489549K->1464108K(14526016K), 0.5881960 secs]
2018-05-23T12:38:01.218+0000: 1059920.838: [GC 8498540K->1463984K(14533120K), 0.5004760 secs]
2018-05-23T12:38:24.959+0000: 1059944.580: [GC 8507248K->1453460K(14530240K), 0.4253960 secs]
2018-05-23T12:38:44.749+0000: 1059964.370: [GC 8496724K->1466958K(14534400K), 0.4891370 secs]
2018-05-23T12:39:04.566+0000: 1059984.187: [GC 8514382K->1479611K(14533120K), 0.5133140 secs]
2018-05-23T12:39:25.697+0000: 1060005.317: [GC 8527035K->1492685K(14538880K), 0.5635660 secs]
2018-05-23T12:39:45.756+0000: 1060025.376: [GC 8548557K->1499800K(14537088K), 0.5920900 secs]
2018-05-23T12:40:06.681+0000: 1060046.302: [GC 8555672K->1491559K(14541184K), 0.4640270 secs]
2018-05-23T12:40:30.878+0000: 1060070.499: [GC 8552743K->1505032K(14540096K), 0.5097640 secs]
2018-05-23T12:40:51.640+0000: 1060091.261: [GC 8566216K->1511727K(14545984K), 0.5016210 secs]
2018-05-23T12:41:11.117+0000: 1060110.738: [GC 8581295K->1526321K(14543680K), 0.5591950 secs]
2018-05-23T12:41:33.296+0000: 1060132.917: [GC 8595889K->1538248K(14544256K), 0.5678610 secs]
2018-05-23T12:41:54.858+0000: 1060154.479: [GC 8609224K->1541242K(14545536K), 0.5667140 secs]
2018-05-23T12:42:15.724+0000: 1060175.345: [GC 8612218K->1545342K(14547456K), 0.5648830 secs]
2018-05-23T12:42:36.429+0000: 1060196.050: [GC 8618686K->1539629K(14545984K), 0.4741650 secs]
2018-05-23T12:42:57.040+0000: 1060216.661: [GC 8612973K->1551167K(14548544K), 0.5146010 secs]
2018-05-23T12:43:19.323+0000: 1060238.944: [GC 8627007K->1559516K(14547392K), 0.5211400 secs]
2018-05-23T12:44:10.660+0000: 1060290.281: [GC 8635356K->1577852K(14545152K), 0.5936840 secs]
2018-05-23T12:44:31.843+0000: 1060311.463: [GC 8652924K->1553981K(14502720K), 0.3996560 secs]
2018-05-23T12:45:36.894+0000: 1060376.514: [GC 8629053K->1602093K(14536064K), 0.6102030 secs]
2018-05-23T12:45:56.768+0000: 1060396.389: [GC 8663085K->1566227K(14483648K), 0.3788960 secs]
2018-05-23T12:46:16.999+0000: 1060416.620: [GC 8627219K->1575177K(14535936K), 0.3868170 secs]
2018-05-23T12:47:18.391+0000: 1060478.012: [GC 8629129K->1631157K(14529280K), 0.6174950 secs]
2018-05-23T12:47:39.632+0000: 1060499.253: [GC 8685109K->1618554K(14534144K), 0.5370740 secs]
2018-05-23T12:48:01.721+0000: 1060521.341: [GC 8662842K->1615341K(14530240K), 0.5057760 secs]
2018-05-23T12:48:23.677+0000: 1060543.298: [GC 8659629K->1633925K(14537920K), 0.5124070 secs]
2018-05-23T12:48:45.639+0000: 1060565.259: [GC 8687941K->1648371K(14536192K), 0.5809470 secs]
2018-05-23T12:49:07.519+0000: 1060587.140: [GC 8702387K->1645912K(14538880K), 0.5395250 secs]
2018-05-23T12:49:27.644+0000: 1060607.265: [GC 8700888K->1652872K(14536192K), 0.5390990 secs]
2018-05-23T12:49:48.764+0000: 1060628.385: [GC 8707848K->1663905K(14543040K), 0.5202700 secs]
2018-05-23T12:50:11.237+0000: 1060650.858: [GC 8728481K->1669739K(14541632K), 0.4879340 secs]
2018-05-23T12:50:32.756+0000: 1060672.377: [GC 8734315K->1688575K(14538304K), 0.5417100 secs]
2018-05-23T12:50:52.564+0000: 1060692.185: [GC 8751359K->1681246K(14541440K), 0.5293160 secs]
2018-05-23T12:51:14.234+0000: 1060713.855: [GC 8744030K->1685105K(14545280K), 0.5304000 secs]
2018-05-23T12:51:37.051+0000: 1060736.672: [GC 8753905K->1700001K(14543616K), 0.5312060 secs]
2018-05-23T12:52:09.816+0000: 1060769.437: [GC 8768801K->1715825K(14540544K), 0.6153170 secs]
2018-05-23T12:52:33.113+0000: 1060792.734: [GC 8782321K->1698141K(14543296K), 0.4863830 secs]
2018-05-23T12:52:52.988+0000: 1060812.609: [GC 8764637K->1717346K(14545216K), 0.5320470 secs]
2018-05-23T12:53:15.472+0000: 1060835.092: [GC 8786018K->1717565K(14543552K), 0.4890990 secs]
2018-05-23T12:53:40.585+0000: 1060860.205: [GC 8786237K->1717676K(14545920K), 0.4606250 secs]
2018-05-23T12:54:06.250+0000: 1060885.871: [GC 8789932K->1723172K(14509824K), 0.4903800 secs]
2018-05-23T12:54:36.165+0000: 1060915.786: [GC 8795428K->1724946K(14545024K), 0.4617120 secs]
2018-05-23T12:55:02.658+0000: 1060942.279: [GC 8795922K->1724614K(14497344K), 0.3590410 secs]
2018-05-23T12:55:28.485+0000: 1060968.105: [GC 8795590K->1739326K(14545536K), 0.3744230 secs]
2018-05-23T12:55:53.288+0000: 1060992.909: [GC 8809150K->1750544K(14544384K), 0.4895540 secs]
2018-05-23T12:56:09.665+0000: 1061009.285: [GC 8820368K->1748122K(14548992K), 0.4262950 secs]
2018-05-23T12:56:22.759+0000: 1061022.380: [GC 8825114K->1752659K(14548096K), 0.4308000 secs]
2018-05-23T12:56:37.098+0000: 1061036.718: [GC 8829651K->1759319K(14550592K), 0.4249040 secs]
2018-05-23T12:56:50.550+0000: 1061050.171: [GC 8839447K->1761247K(14549632K), 0.3929260 secs]
2018-05-23T12:57:13.852+0000: 1061073.473: [GC 8841375K->1787662K(14550272K), 0.5014640 secs]
2018-05-23T12:57:38.647+0000: 1061098.268: [GC 8869006K->1786224K(14550720K), 0.4662270 secs]
2018-05-23T12:58:01.963+0000: 1061121.584: [GC 8867568K->1812762K(14548288K), 0.5330590 secs]
2018-05-23T12:58:21.014+0000: 1061140.635: [GC 8894106K->1833521K(14543040K), 0.5672440 secs]
2018-05-23T12:58:44.179+0000: 1061163.799: [GC 8914865K->1839221K(14546496K), 0.5259570 secs]
2018-05-23T12:59:05.785+0000: 1061185.405: [GC 8911861K->1861208K(14537408K), 0.5872450 secs]
2018-05-23T12:59:28.042+0000: 1061207.663: [GC 8933848K->1858439K(14542848K), 0.5477410 secs]
2018-05-23T12:59:50.679+0000: 1061230.299: [GC 8923207K->1863974K(14542016K), 0.5488390 secs]
2018-05-23T13:00:32.355+0000: 1061271.976: [GC 8928742K->1905395K(14518016K), 0.6507900 secs]
2018-05-23T13:01:15.603+0000: 1061315.224: [GC 8948211K->1920633K(14524672K), 0.3716060 secs]
2018-05-23T13:01:49.066+0000: 1061348.686: [GC 8963449K->1909525K(14527424K), 0.5437110 secs]
2018-05-23T13:02:07.385+0000: 1061367.006: [GC 8941525K->1900019K(14524672K), 0.4726280 secs]
2018-05-23T13:02:30.046+0000: 1061389.667: [GC 8932019K->1916536K(14531968K), 0.5115270 secs]
2018-05-23T13:02:50.007+0000: 1061409.628: [GC 8956984K->1911246K(14528576K), 0.4553850 secs]
2018-05-23T13:03:10.845+0000: 1061430.466: [GC 8951694K->1939752K(14533312K), 0.5620560 secs]
2018-05-23T13:04:02.471+0000: 1061482.092: [GC 8985896K->2004165K(14532928K), 0.7355170 secs]
2018-05-23T13:04:22.470+0000: 1061502.091: [GC 9050309K->1977184K(14492096K), 0.5319640 secs]
2018-05-23T13:05:36.545+0000: 1061576.166: [GC 8982112K->2073890K(14512512K), 1.0026890 secs]
2018-05-23T13:06:12.798+0000: 1061612.419: [GC 9078818K->2042106K(14473472K), 0.5996210 secs]
2018-05-23T13:07:36.402+0000: 1061696.023: [GC 9007994K->2121435K(14492992K), 0.8457440 secs]
2018-05-23T13:08:23.152+0000: 1061742.773: [GC 9087323K->2073456K(14459840K), 0.6220420 secs]
2018-05-23T13:09:42.687+0000: 1061822.307: [GC 9006192K->2148633K(14464640K), 0.9612860 secs]
2018-05-23T13:10:55.691+0000: 1061895.311: [GC 9081369K->2152572K(14440192K), 0.9322500 secs]
2018-05-23T13:11:32.616+0000: 1061932.237: [GC 9037308K->2094527K(14452416K), 0.5965500 secs]
2018-05-23T13:12:24.876+0000: 1061984.497: [GC 8979263K->2157220K(14449088K), 0.8868330 secs]
2018-05-23T13:12:43.490+0000: 1062003.111: [GC 9042980K->2088025K(14323008K), 0.4611900 secs]
2018-05-23T13:13:03.378+0000: 1062022.999: [GC 8973785K->2088156K(14453440K), 0.4189500 secs]
2018-05-23T13:13:40.885+0000: 1062060.505: [GC 8974364K->2130863K(14452864K), 0.5253620 secs]
2018-05-23T13:14:21.046+0000: 1062100.666: [GC 9017071K->2136545K(14468224K), 0.6501040 secs]
2018-05-23T13:14:57.648+0000: 1062137.269: [GC 9045985K->2140260K(14461312K), 0.5460880 secs]
2018-05-23T13:16:08.710+0000: 1062208.331: [GC 9049700K->2217892K(14446016K), 0.9414020 secs]
2018-05-23T13:17:16.871+0000: 1062276.491: [GC 9117604K->2229532K(14432512K), 0.9654570 secs]
2018-05-23T13:18:46.119+0000: 1062365.740: [GC 9129244K->2238223K(14433536K), 0.9183670 secs]
2018-05-23T13:19:46.260+0000: 1062425.881: [GC 9099791K->2240705K(14378624K), 0.8900850 secs]
2018-05-23T13:20:04.450+0000: 1062444.071: [GC 9102273K->2171235K(14437120K), 0.4011690 secs]
2018-05-23T13:20:21.794+0000: 1062461.415: [GC 9027683K->2183483K(14438272K), 0.4035040 secs]
2018-05-23T13:21:34.062+0000: 1062533.683: [GC 9039931K->2262858K(14436672K), 0.8410900 secs]
2018-05-23T13:22:37.496+0000: 1062597.117: [GC 9119306K->2290634K(14385344K), 0.9126700 secs]
2018-05-23T13:23:47.555+0000: 1062667.176: [GC 9147082K->2305176K(14421632K), 0.9671620 secs]
2018-05-23T13:24:52.212+0000: 1062731.832: [GC 9138200K->2313711K(14359552K), 0.9396840 secs]
2018-05-23T13:25:34.723+0000: 1062774.344: [GC 9146735K->2292084K(14433856K), 0.7752370 secs]
2018-05-23T13:26:26.147+0000: 1062825.768: [GC 9129972K->2282243K(14424128K), 0.6938320 secs]
2018-05-23T13:27:59.534+0000: 1062919.154: [GC 9120131K->2338734K(14434624K), 0.9146750 secs]
2018-05-23T13:28:55.591+0000: 1062975.212: [GC 3813038K->2205481K(14228032K), 0.1656220 secs]
2018-05-23T13:28:55.757+0000: 1062975.378: [Full GC 2205481K->1281495K(14228032K), 3.8468600 secs]
2018-05-23T13:39:29.105+0000: 1063608.726: [GC 8134487K->1425024K(14435840K), 0.5817240 secs]
2018-05-23T13:48:50.482+0000: 1064170.102: [GC 8265664K->1469071K(14424896K), 0.6178660 secs]
2018-05-23T13:58:52.885+0000: 1064772.505: [GC 8309711K->1506312K(14454336K), 0.6250930 secs]
2018-05-23T14:07:31.641+0000: 1065291.262: [GC 8386312K->1547126K(14445760K), 0.6104410 secs]
2018-05-23T14:16:42.103+0000: 1065841.723: [GC 8427126K->1579389K(14467136K), 0.6018630 secs]
2018-05-23T14:26:16.840+0000: 1066416.461: [GC 8488125K->1617188K(14461696K), 0.5436400 secs]
2018-05-23T14:28:59.614+0000: 1066579.235: [GC 3633382K->1563088K(14452672K), 0.2091470 secs]
2018-05-23T14:28:59.823+0000: 1066579.444: [Full GC 1563088K->1085487K(14452672K), 3.1719360 secs]
2018-05-23T14:38:48.023+0000: 1067167.644: [GC 7991087K->1231921K(14462848K), 0.5640980 secs]
2018-05-23T14:49:17.487+0000: 1067797.108: [GC 8137521K->1263039K(14473024K), 0.5582510 secs]
2018-05-23T14:58:48.580+0000: 1068368.201: [GC 8181951K->1297886K(14465984K), 0.5441310 secs]
2018-05-23T15:03:10.884+0000: 1068630.505: [GC 8216798K->1284635K(14473728K), 0.2731570 secs]
2018-05-23T15:07:38.188+0000: 1068897.809: [GC 8217371K->1311490K(14476416K), 0.1999210 secs]
2018-05-23T15:13:17.260+0000: 1069236.881: [GC 8244226K->1334398K(14479424K), 0.4140670 secs]
2018-05-23T15:19:01.357+0000: 1069580.978: [GC 8270846K->1359888K(14477120K), 0.3546340 secs]
2018-05-23T15:27:56.765+0000: 1070116.386: [GC 8296336K->1415685K(14486784K), 0.5358680 secs]
2018-05-23T15:29:03.005+0000: 1070182.626: [GC 2332653K->1346488K(14306816K), 0.1432670 secs]
2018-05-23T15:29:03.149+0000: 1070182.770: [Full GC 1346488K->913072K(14306816K), 3.2013790 secs]
2018-05-23T15:37:46.133+0000: 1070705.754: [GC 7863664K->1048331K(14475712K), 0.5951940 secs]
2018-05-23T15:39:47.701+0000: 1070827.322: [GC 7980939K->1131286K(14458816K), 1.0224010 secs]
2018-05-23T15:41:15.276+0000: 1070914.897: [GC 8063894K->1153720K(14422976K), 0.9880350 secs]
2018-05-23T15:42:48.247+0000: 1071007.867: [GC 8015416K->1167598K(14395712K), 0.9143230 secs]
2018-05-23T15:44:25.560+0000: 1071105.180: [GC 8029294K->1187915K(14410560K), 0.9519090 secs]
2018-05-23T15:45:57.478+0000: 1071197.099: [GC 8005323K->1194288K(14343680K), 0.8487500 secs]
2018-05-23T15:47:45.535+0000: 1071305.156: [GC 8011696K->1205533K(14405696K), 0.9158790 secs]
2018-05-23T15:48:36.113+0000: 1071355.733: [GC 8004381K->1194806K(14409472K), 0.6908790 secs]
2018-05-23T15:48:53.571+0000: 1071373.192: [GC 7993654K->1142221K(14419776K), 0.4918910 secs]
2018-05-23T15:49:10.786+0000: 1071390.407: [GC 7958413K->1147319K(14416512K), 0.4471440 secs]
2018-05-23T15:49:37.486+0000: 1071417.107: [GC 7963511K->1170039K(14431680K), 0.5411090 secs]
2018-05-23T15:49:54.913+0000: 1071434.534: [GC 8005559K->1165687K(14423936K), 0.3138360 secs]
2018-05-23T15:50:16.455+0000: 1071456.076: [GC 8001207K->1170386K(14442816K), 0.4968800 secs]
2018-05-23T15:50:34.850+0000: 1071474.470: [GC 8030354K->1179135K(14437248K), 0.4570860 secs]
2018-05-23T15:50:52.758+0000: 1071492.379: [GC 8039103K->1178165K(14454336K), 0.4836780 secs]
2018-05-23T15:51:18.615+0000: 1071518.236: [GC 8061429K->1192601K(14449024K), 0.5112910 secs]
2018-05-23T15:51:36.919+0000: 1071536.539: [GC 8075865K->1189089K(14466496K), 0.4464470 secs]
2018-05-23T15:52:01.904+0000: 1071561.525: [GC 8096865K->1201775K(14461376K), 0.4625960 secs]
2018-05-23T15:52:19.794+0000: 1071579.414: [GC 8109551K->1204384K(14477888K), 0.4355510 secs]
2018-05-23T15:52:48.092+0000: 1071607.712: [GC 8135072K->1230051K(14472896K), 0.5701430 secs]
2018-05-23T15:53:36.810+0000: 1071656.431: [GC 8160739K->1273540K(14474240K), 0.7302730 secs]
2018-05-23T15:53:54.997+0000: 1071674.618: [GC 8214084K->1227672K(14480320K), 0.4893610 secs]
2018-05-23T15:54:14.125+0000: 1071693.745: [GC 8168216K->1238371K(14490368K), 0.4891710 secs]
2018-05-23T15:54:36.832+0000: 1071716.452: [GC 8193443K->1253783K(14484800K), 0.5266470 secs]
2018-05-23T15:54:54.046+0000: 1071733.667: [GC 8208855K->1250813K(14501632K), 0.4952000 secs]
2018-05-23T15:55:15.469+0000: 1071755.090: [GC 8229501K->1263072K(14497152K), 0.4927350 secs]
2018-05-23T15:55:32.621+0000: 1071772.242: [GC 8241760K->1261082K(14510464K), 0.4596480 secs]
2018-05-23T15:55:50.587+0000: 1071790.208: [GC 8258394K->1264956K(14506944K), 0.4875700 secs]
2018-05-23T15:56:18.316+0000: 1071817.937: [GC 8262268K->1282609K(14518912K), 0.5074550 secs]
2018-05-23T15:56:37.222+0000: 1071836.843: [GC 8295025K->1275428K(14513600K), 0.4456600 secs]
2018-05-23T15:57:36.744+0000: 1071896.365: [GC 8287844K->1343071K(14497408K), 0.8004060 secs]
2018-05-23T15:58:42.945+0000: 1071962.565: [GC 8340959K->1387478K(14508992K), 0.9337670 secs]
2018-05-23T16:00:02.393+0000: 1072042.013: [GC 8385366K->1413262K(14417856K), 0.8428380 secs]
2018-05-23T16:01:04.004+0000: 1072103.624: [GC 8320014K->1427807K(14419584K), 0.7773570 secs]
2018-05-23T16:02:09.459+0000: 1072169.080: [GC 8334559K->1451031K(14436160K), 0.8363130 secs]
2018-05-23T16:03:07.136+0000: 1072226.756: [GC 8323479K->1462124K(14398272K), 0.7617610 secs]
2018-05-23T16:04:15.519+0000: 1072295.140: [GC 8334572K->1471567K(14425856K), 0.9745780 secs]
2018-05-23T16:05:12.677+0000: 1072352.297: [GC 8315983K->1483466K(14373056K), 0.8935950 secs]
2018-05-23T16:05:52.421+0000: 1072392.042: [GC 8327882K->1446048K(14435968K), 0.6736470 secs]
2018-05-23T16:06:10.542+0000: 1072410.163: [GC 8289376K->1408572K(14427456K), 0.4487130 secs]
2018-05-23T16:06:38.362+0000: 1072437.983: [GC 8251900K->1430170K(14439680K), 0.5315710 secs]
2018-05-23T16:07:34.562+0000: 1072494.183: [GC 8285466K->1513020K(14384256K), 0.8988530 secs]
2018-05-23T16:08:45.493+0000: 1072565.114: [GC 8368316K->1519364K(14422144K), 0.8633420 secs]
2018-05-23T16:10:04.896+0000: 1072644.517: [GC 8353796K->1527368K(14360768K), 0.8432550 secs]
2018-05-23T16:10:46.729+0000: 1072686.350: [GC 8361800K->1492287K(14431936K), 0.6033990 secs]
2018-05-23T16:11:05.628+0000: 1072705.249: [GC 8328703K->1463199K(14424576K), 0.4598270 secs]
2018-05-23T16:11:39.995+0000: 1072739.616: [GC 8299615K->1494602K(14438016K), 0.5896370 secs]
2018-05-23T16:12:37.045+0000: 1072796.666: [GC 8344650K->1572340K(14382528K), 0.9420220 secs]
2018-05-23T16:13:31.274+0000: 1072850.895: [GC 8422388K->1576905K(14422720K), 0.9337710 secs]
2018-05-23T16:14:40.332+0000: 1072919.952: [GC 8409929K->1580474K(14356480K), 0.8703110 secs]
2018-05-23T16:15:45.633+0000: 1072985.254: [GC 8413498K->1593751K(14423744K), 0.7710030 secs]
2018-05-23T16:16:46.086+0000: 1073045.707: [GC 8423063K->1603895K(14424704K), 0.8110600 secs]
2018-05-23T16:17:38.811+0000: 1073098.432: [GC 8433207K->1613098K(14428096K), 0.9094580 secs]
2018-05-23T16:18:35.063+0000: 1073154.684: [GC 8446890K->1625557K(14425792K), 0.8644050 secs]
2018-05-23T16:19:35.508+0000: 1073215.129: [GC 8459349K->1623315K(14435968K), 0.8412130 secs]
2018-05-23T16:19:53.299+0000: 1073232.920: [GC 8468435K->1561346K(14429248K), 0.4342660 secs]
2018-05-23T16:20:11.718+0000: 1073251.338: [GC 8406466K->1577100K(14432384K), 0.4366840 secs]
2018-05-23T16:20:32.712+0000: 1073272.333: [GC 8421708K->1592017K(14432320K), 0.4820200 secs]
2018-05-23T16:20:49.611+0000: 1073289.232: [GC 8436625K->1588024K(14435776K), 0.4653680 secs]
2018-05-23T16:21:28.781+0000: 1073328.401: [GC 8438264K->1627754K(14434560K), 0.6219050 secs]
2018-05-23T16:22:22.127+0000: 1073381.748: [GC 8477994K->1693377K(14432960K), 0.9214010 secs]
2018-05-23T16:23:26.187+0000: 1073445.807: [GC 8550209K->1706327K(14383872K), 0.7801260 secs]
2018-05-23T16:24:40.689+0000: 1073520.310: [GC 8563159K->1717691K(14427072K), 0.8719930 secs]
2018-05-23T16:25:42.539+0000: 1073582.160: [GC 8558267K->1726795K(14368192K), 0.7681910 secs]
2018-05-23T16:26:31.495+0000: 1073631.116: [GC 8567371K->1739439K(14423104K), 0.8843730 secs]
2018-05-23T16:27:23.523+0000: 1073683.144: [GC 8570415K->1756710K(14367808K), 1.0133030 secs]
2018-05-23T16:27:51.249+0000: 1073710.870: [GC 8587686K->1698112K(14424448K), 0.5823070 secs]
2018-05-23T16:28:09.495+0000: 1073729.116: [GC 8524480K->1686448K(14422016K), 0.5099740 secs]
2018-05-23T16:28:31.617+0000: 1073751.238: [GC 8512816K->1701838K(14427584K), 0.5709940 secs]
2018-05-23T16:28:48.953+0000: 1073768.573: [GC 8533774K->1688613K(14424448K), 0.4755840 secs]
2018-05-23T16:29:06.159+0000: 1073785.780: [GC 8520549K->1695721K(14430144K), 0.4742910 secs]
2018-05-23T16:29:06.672+0000: 1073786.292: [GC 1713999K->1693651K(14177024K), 0.2313590 secs]
2018-05-23T16:29:06.903+0000: 1073786.524: [Full GC 1693651K->1038729K(14177024K), 3.3670560 secs]
2018-05-23T16:30:48.568+0000: 1073888.188: [GC 7874057K->1227037K(14399360K), 0.9013760 secs]
2018-05-23T16:35:53.616+0000: 1074193.237: [GC 8023453K->1211381K(14408256K), 0.5913370 secs]
2018-05-23T16:36:10.499+0000: 1074210.120: [GC 8007797K->1176636K(14420288K), 0.3834130 secs]
2018-05-23T16:36:56.659+0000: 1074256.280: [GC 7992380K->1222379K(14415552K), 0.5998050 secs]
2018-05-23T16:38:02.586+0000: 1074322.207: [GC 8038123K->1286567K(14415744K), 0.9379340 secs]
2018-05-23T16:38:50.791+0000: 1074370.412: [GC 8114855K->1235484K(14424192K), 0.5482800 secs]
2018-05-23T16:39:08.459+0000: 1074388.079: [GC 8063772K->1207076K(14437120K), 0.3561110 secs]
2018-05-23T16:39:19.928+0000: 1074399.549: [GC 8058404K->1230439K(14434304K), 0.4323490 secs]
2018-05-23T16:39:32.730+0000: 1074412.351: [GC 8081767K->1231017K(14447936K), 0.3991320 secs]
2018-05-23T16:39:46.136+0000: 1074425.757: [GC 8101865K->1232422K(14443008K), 0.3874160 secs]
2018-05-23T16:40:00.542+0000: 1074440.163: [GC 8103270K->1232954K(14455808K), 0.2994140 secs]
2018-05-23T16:40:11.993+0000: 1074451.614: [GC 8120698K->1248968K(14452032K), 0.3539460 secs]
2018-05-23T16:40:24.063+0000: 1074463.683: [GC 8136712K->1263992K(14468672K), 0.3546820 secs]
2018-05-23T16:40:39.998+0000: 1074479.619: [GC 8173944K->1273955K(14461376K), 0.4208160 secs]
2018-05-23T16:40:57.112+0000: 1074496.733: [GC 8183907K->1286220K(14483968K), 0.4696310 secs]
2018-05-23T16:41:45.215+0000: 1074544.835: [GC 8226060K->1367901K(14451328K), 0.8061980 secs]
2018-05-23T16:42:35.595+0000: 1074595.215: [GC 8307741K->1411491K(14426368K), 0.9179800 secs]
2018-05-23T16:43:26.197+0000: 1074645.818: [GC 8286755K->1420789K(14402496K), 0.7671070 secs]
2018-05-23T16:44:16.206+0000: 1074695.826: [GC 8296053K->1435665K(14410176K), 0.8950760 secs]
2018-05-23T16:45:05.172+0000: 1074744.792: [GC 8260241K->1437216K(14347200K), 0.8624650 secs]
2018-05-23T16:45:22.802+0000: 1074762.423: [GC 8261792K->1366781K(14422144K), 0.4051970 secs]
2018-05-23T16:45:35.740+0000: 1074775.361: [GC 8185725K->1379404K(14416896K), 0.3829370 secs]
2018-05-23T16:45:46.768+0000: 1074786.388: [GC 8198348K->1398259K(14435264K), 0.4686820 secs]
2018-05-23T16:46:02.393+0000: 1074802.014: [GC 8241395K->1420849K(14427968K), 0.5518960 secs]
2018-05-23T16:46:47.188+0000: 1074846.809: [GC 8263985K->1495712K(14427136K), 0.8460600 secs]
2018-05-23T16:47:29.324+0000: 1074888.945: [GC 8347424K->1523456K(14380992K), 0.9853300 secs]
2018-05-23T16:48:17.935+0000: 1074937.555: [GC 8375168K->1521495K(14420992K), 0.7976610 secs]
2018-05-23T16:48:34.135+0000: 1074953.756: [GC 8348503K->1473818K(14423552K), 0.5476660 secs]
2018-05-23T16:48:48.683+0000: 1074968.304: [GC 8300826K->1461266K(14432704K), 0.3794050 secs]
2018-05-23T16:49:00.874+0000: 1074980.495: [GC 8303634K->1481095K(14429760K), 0.4037930 secs]
2018-05-23T16:49:16.205+0000: 1074995.825: [GC 8323463K->1510537K(14446464K), 0.5269850 secs]
2018-05-23T16:50:06.770+0000: 1075046.391: [GC 8374601K->1589144K(14387328K), 0.7522900 secs]
2018-05-23T16:51:01.129+0000: 1075100.750: [GC 8453208K->1603730K(14424384K), 0.9177580 secs]
2018-05-23T16:51:57.626+0000: 1075157.247: [GC 8444946K->1612100K(14360000K), 0.8642980 secs]
2018-05-23T16:52:27.763+0000: 1075187.383: [GC 8453316K->1569974K(14434688K), 0.5904000 secs]
2018-05-23T16:52:45.000+0000: 1075204.621: [GC 8411638K->1559766K(14427072K), 0.4676760 secs]
2018-05-23T16:53:06.291+0000: 1075225.912: [GC 8401430K->1590474K(14447936K), 0.6099050 secs]
2018-05-23T16:54:12.780+0000: 1075292.401: [GC 8457226K->1656056K(14438912K), 0.9065530 secs]
2018-05-23T16:55:20.420+0000: 1075360.041: [GC 8522808K->1667545K(14427264K), 0.8826140 secs]
2018-05-23T16:56:26.178+0000: 1075425.798: [GC 8513753K->1691054K(14384320K), 0.8576970 secs]
2018-05-23T16:56:53.167+0000: 1075452.788: [GC 8537262K->1652814K(14430912K), 0.5875450 secs]
2018-05-23T16:57:06.998+0000: 1075466.619: [GC 8487630K->1637610K(14424000K), 0.3868130 secs]
2018-05-23T16:57:18.765+0000: 1075478.386: [GC 8472426K->1640909K(14435584K), 0.4662600 secs]
2018-05-23T16:57:34.135+0000: 1075493.756: [GC 8489549K->1639526K(14433152K), 0.3639910 secs]
2018-05-23T16:57:45.146+0000: 1075504.767: [GC 8488166K->1662193K(14441984K), 0.4633030 secs]
2018-05-23T16:57:59.144+0000: 1075518.764: [GC 8521265K->1684614K(14437184K), 0.4713470 secs]
2018-05-23T16:58:47.699+0000: 1075567.319: [GC 8543686K->1745743K(14443456K), 0.8148020 secs]
2018-05-23T16:59:41.731+0000: 1075621.351: [GC 8618703K->1785000K(14404224K), 0.9965020 secs]
2018-05-23T17:00:33.455+0000: 1075673.076: [GC 8657960K->1779448K(14428608K), 0.7794700 secs]
2018-05-23T17:01:36.686+0000: 1075736.307: [GC 8622968K->1807628K(14375488K), 0.8602750 secs]
2018-05-23T17:02:03.466+0000: 1075763.086: [GC 8651148K->1755197K(14431616K), 0.5437610 secs]
2018-05-23T17:02:22.402+0000: 1075782.022: [GC 8590845K->1736965K(14424128K), 0.4103460 secs]
2018-05-23T17:02:47.105+0000: 1075806.726: [GC 8572613K->1777933K(14443392K), 0.5874490 secs]
2018-05-23T17:03:31.824+0000: 1075851.444: [GC 8635277K->1784750K(14434048K), 0.5980130 secs]
2018-05-23T17:04:33.202+0000: 1075912.823: [GC 8642094K->1853576K(14432896K), 0.9988650 secs]
2018-05-23T17:05:15.325+0000: 1075954.945: [GC 8717448K->1796534K(14441984K), 0.4856250 secs]
2018-05-23T17:05:35.670+0000: 1075975.291: [GC 8660406K->1758941K(14441216K), 0.3122630 secs]
2018-05-23T17:06:07.921+0000: 1076007.542: [GC 8627421K->1776187K(14444288K), 0.3390330 secs]
2018-05-23T17:06:27.523+0000: 1076027.144: [GC 8644667K->1804048K(14449728K), 0.4285760 secs]
2018-05-23T17:06:49.340+0000: 1076048.961: [GC 8678608K->1822248K(14444928K), 0.4850190 secs]
2018-05-23T17:07:10.311+0000: 1076069.932: [GC 8696808K->1812300K(14459008K), 0.3615170 secs]
2018-05-23T17:08:38.030+0000: 1076157.650: [GC 8707340K->1892333K(14456128K), 0.6437470 secs]
2018-05-23T17:09:13.496+0000: 1076193.116: [GC 8787373K->1910908K(14461952K), 0.6332550 secs]
2018-05-23T17:09:31.666+0000: 1076211.287: [GC 8810556K->1893664K(14457792K), 0.4699200 secs]
2018-05-23T17:09:55.585+0000: 1076235.205: [GC 8793312K->1929245K(14475264K), 0.6036300 secs]
2018-05-23T17:10:49.835+0000: 1076289.455: [GC 8852445K->2015540K(14466048K), 0.9701410 secs]
2018-05-23T17:11:26.143+0000: 1076325.764: [GC 8938740K->1980462K(14445696K), 0.6483210 secs]
2018-05-23T17:11:42.677+0000: 1076342.298: [GC 8872110K->1963238K(14455872K), 0.5520570 secs]
2018-05-23T17:12:15.652+0000: 1076375.273: [GC 8854886K->1993257K(14469056K), 0.6097170 secs]
2018-05-23T17:12:34.808+0000: 1076394.429: [GC 8904745K->1970628K(14462528K), 0.4350810 secs]
2018-05-23T17:12:53.071+0000: 1076412.692: [GC 8882116K->1982912K(14473984K), 0.4519960 secs]
2018-05-23T17:13:13.209+0000: 1076432.830: [GC 8907712K->2005738K(14470912K), 0.5235560 secs]
2018-05-23T17:13:33.360+0000: 1076452.980: [GC 8930538K->2007784K(14484288K), 0.4995530 secs]
2018-05-23T17:13:52.283+0000: 1076471.904: [GC 8951976K->2029151K(14480000K), 0.5487350 secs]
2018-05-23T17:14:11.330+0000: 1076490.951: [GC 8973343K->2029158K(14494656K), 0.4744810 secs]
2018-05-23T17:14:30.753+0000: 1076510.374: [GC 8994278K->2039523K(14490560K), 0.4774210 secs]
2018-05-23T17:15:01.729+0000: 1076541.349: [GC 9004643K->2119311K(14470208K), 0.8141950 secs]
2018-05-23T17:15:54.951+0000: 1076594.572: [GC 9068175K->2161319K(14484480K), 0.9886780 secs]
2018-05-23T17:16:59.081+0000: 1076658.702: [GC 9110183K->2181614K(14386816K), 0.8893130 secs]
2018-05-23T17:17:20.211+0000: 1076679.832: [GC 9032814K->2106989K(14435648K), 0.4723760 secs]
2018-05-23T17:17:37.725+0000: 1076697.346: [GC 8958189K->2118488K(14444736K), 0.4761440 secs]
2018-05-23T17:18:20.257+0000: 1076739.878: [GC 8983384K->2187178K(14440256K), 0.7629150 secs]
2018-05-23T17:19:21.295+0000: 1076800.916: [GC 9052074K->2235743K(14418944K), 0.9536200 secs]
2018-05-23T17:20:07.721+0000: 1076847.341: [GC 9079135K->2217864K(14431744K), 0.7385160 secs]
2018-05-23T17:20:22.386+0000: 1076862.007: [GC 9061256K->2176126K(14438208K), 0.5473360 secs]
2018-05-23T17:20:51.365+0000: 1076890.986: [GC 9027838K->2180764K(14433600K), 0.5413230 secs]
2018-05-23T17:21:10.824+0000: 1076910.444: [GC 9032476K->2161598K(14443392K), 0.3902490 secs]
2018-05-23T17:21:42.234+0000: 1076941.855: [GC 9027902K->2171301K(14443008K), 0.4126090 secs]
2018-05-23T17:23:59.681+0000: 1077079.301: [GC 9037605K->2213536K(14455936K), 0.5679110 secs]
2018-05-23T17:24:15.449+0000: 1077095.070: [GC 9095392K->2183237K(14446016K), 0.2558050 secs]
2018-05-23T17:24:26.722+0000: 1077106.343: [GC 9065093K->2200928K(14461312K), 0.3999760 secs]
2018-05-23T17:24:38.392+0000: 1077118.013: [GC 9099360K->2204287K(14457216K), 0.3515720 secs]
2018-05-23T17:25:02.676+0000: 1077142.297: [GC 9102719K->2215331K(14471680K), 0.3864780 secs]
2018-05-23T17:26:50.041+0000: 1077249.661: [GC 9132643K->2299326K(14428544K), 0.8425290 secs]
2018-05-23T17:27:23.958+0000: 1077283.579: [GC 9216638K->2253702K(14468352K), 0.5388150 secs]
2018-05-23T17:27:41.888+0000: 1077301.508: [GC 9161862K->2249722K(14459904K), 0.4767090 secs]
2018-05-23T17:28:32.423+0000: 1077352.043: [GC 9157882K->2312577K(14463936K), 0.7698000 secs]
2018-05-23T17:29:10.282+0000: 1077389.902: [GC 5534995K->2261640K(14468864K), 0.4517050 secs]
2018-05-23T17:29:10.734+0000: 1077390.354: [Full GC 2261640K->1126331K(14468864K), 3.4379670 secs]
2018-05-23T17:30:12.032+0000: 1077451.653: [GC 8043963K->1327422K(14429568K), 0.9112430 secs]
2018-05-23T17:31:23.643+0000: 1077523.264: [GC 8210494K->1333987K(14417536K), 0.8685310 secs]
2018-05-23T17:32:37.254+0000: 1077596.874: [GC 8217059K->1347534K(14413120K), 0.8697810 secs]
2018-05-23T17:33:07.526+0000: 1077627.146: [GC 8177102K->1283261K(14424832K), 0.5476590 secs]
2018-05-23T17:33:27.242+0000: 1077646.863: [GC 8112829K->1278488K(14437632K), 0.4842680 secs]
2018-05-23T17:33:49.898+0000: 1077669.519: [GC 8128664K->1299549K(14432640K), 0.5286210 secs]
2018-05-23T17:34:08.203+0000: 1077687.823: [GC 8149725K->1315868K(14451968K), 0.5307980 secs]
2018-05-23T17:34:25.389+0000: 1077705.010: [GC 8192412K->1325999K(14444672K), 0.5279760 secs]
2018-05-23T17:34:46.863+0000: 1077726.483: [GC 8202543K->1351337K(14465920K), 0.5434640 secs]
2018-05-23T17:35:04.093+0000: 1077743.714: [GC 8255209K->1353554K(14458048K), 0.4585420 secs]
2018-05-23T17:35:38.719+0000: 1077778.340: [GC 8257426K->1418310K(14462528K), 0.7544760 secs]
2018-05-23T17:36:59.202+0000: 1077858.822: [GC 8331462K->1467459K(14446784K), 0.9741670 secs]
2018-05-23T17:37:21.158+0000: 1077880.779: [GC 8380611K->1408476K(14458240K), 0.5629840 secs]
2018-05-23T17:37:37.281+0000: 1077896.901: [GC 8297244K->1399103K(14450624K), 0.4877930 secs]
2018-05-23T17:38:27.845+0000: 1077947.466: [GC 8287871K->1486952K(14438592K), 0.9662330 secs]
2018-05-23T17:39:43.861+0000: 1078023.482: [GC 8367336K->1502407K(14411328K), 0.9548730 secs]
2018-05-23T17:40:48.366+0000: 1078087.987: [GC 8382791K->1511121K(14424320K), 0.9202720 secs]
2018-05-23T17:41:50.861+0000: 1078150.482: [GC 8354385K->1524746K(14373568K), 0.9390030 secs]
2018-05-23T17:42:09.870+0000: 1078169.491: [GC 8368010K->1442657K(14426816K), 0.4244070 secs]
2018-05-23T17:42:27.354+0000: 1078186.974: [GC 8274657K->1449953K(14425280K), 0.4392010 secs]
2018-05-23T17:43:23.454+0000: 1078243.075: [GC 8281953K->1522599K(14432128K), 0.7934700 secs]
2018-05-23T17:44:36.436+0000: 1078316.057: [GC 8363943K->1561474K(14374720K), 0.9215860 secs]
2018-05-23T17:45:48.109+0000: 1078387.730: [GC 8402818K->1567341K(14416192K), 0.8912250 secs]
2018-05-23T17:46:51.536+0000: 1078451.157: [GC 8387053K->1547039K(14419904K), 0.7627670 secs]
2018-05-23T17:47:09.013+0000: 1078468.633: [GC 8366751K->1494123K(14428672K), 0.4198280 secs]
2018-05-23T17:47:26.807+0000: 1078486.428: [GC 8331051K->1506135K(14428352K), 0.4677180 secs]
2018-05-23T17:47:50.131+0000: 1078509.752: [GC 8343063K->1518442K(14436416K), 0.5032070 secs]
2018-05-23T17:48:10.769+0000: 1078530.390: [GC 8366122K->1492325K(14431360K), 0.3293410 secs]
2018-05-23T17:48:37.247+0000: 1078556.868: [GC 8340005K->1521497K(14441536K), 0.4619300 secs]
2018-05-23T17:48:54.229+0000: 1078573.849: [GC 8378969K->1520060K(14436032K), 0.4249150 secs]
2018-05-23T17:49:27.811+0000: 1078607.432: [GC 8377532K->1542931K(14453760K), 0.4900080 secs]
2018-05-23T17:49:44.795+0000: 1078624.416: [GC 8422291K->1538926K(14445696K), 0.4464210 secs]
2018-05-23T17:50:55.084+0000: 1078694.705: [GC 8418286K->1603816K(14453120K), 0.7536480 secs]
2018-05-23T17:51:13.813+0000: 1078713.434: [GC 8496232K->1563800K(14456256K), 0.4829780 secs]
2018-05-23T17:51:50.928+0000: 1078750.549: [GC 8456216K->1594292K(14470272K), 0.6213220 secs]
2018-05-23T17:53:06.197+0000: 1078825.818: [GC 8507572K->1666692K(14442176K), 0.9552810 secs]
2018-05-23T17:54:13.315+0000: 1078892.936: [GC 8579972K->1675633K(14426432K), 0.9456870 secs]
2018-05-23T17:55:04.205+0000: 1078943.825: [GC 8536177K->1612995K(14440320K), 0.5054060 secs]
2018-05-23T17:55:18.963+0000: 1078958.584: [GC 8473539K->1607824K(14453312K), 0.4524940 secs]
2018-05-23T17:55:50.942+0000: 1078990.562: [GC 8489424K->1629629K(14448384K), 0.5728400 secs]
2018-05-23T17:56:08.972+0000: 1079008.593: [GC 8511229K->1612085K(14464704K), 0.4595650 secs]
2018-05-23T17:56:31.130+0000: 1079030.750: [GC 8518133K->1637700K(14461440K), 0.6073820 secs]
2018-05-23T17:56:49.312+0000: 1079048.933: [GC 8543748K->1616093K(14474688K), 0.4115940 secs]
2018-05-23T17:57:05.872+0000: 1079065.493: [GC 8542941K->1637659K(14472256K), 0.5201870 secs]
2018-05-23T17:57:28.382+0000: 1079088.003: [GC 8564507K->1662275K(14486144K), 0.6112610 secs]
2018-05-23T17:57:45.443+0000: 1079105.064: [GC 8608835K->1647304K(14480512K), 0.5133010 secs]
2018-05-23T17:58:12.329+0000: 1079131.949: [GC 8593864K->1645996K(14493952K), 0.4988310 secs]
2018-05-23T17:59:34.358+0000: 1079213.978: [GC 8610284K->1747590K(14490432K), 0.9930640 secs]
2018-05-23T18:00:53.797+0000: 1079293.418: [GC 8711878K->1760581K(14412352K), 0.9212350 secs]
2018-05-23T18:01:32.090+0000: 1079331.711: [GC 8643269K->1699640K(14451392K), 0.5856240 secs]
2018-05-23T18:01:49.819+0000: 1079349.440: [GC 8582328K->1673885K(14460416K), 0.3969830 secs]
2018-05-23T18:02:24.294+0000: 1079383.915: [GC 8573085K->1717052K(14458880K), 0.5877320 secs]
2018-05-23T18:02:42.086+0000: 1079401.706: [GC 8616252K->1715726K(14475200K), 0.5707680 secs]
2018-05-23T18:03:19.263+0000: 1079438.884: [GC 8640206K->1742835K(14469376K), 0.6193360 secs]
2018-05-23T18:04:34.047+0000: 1079513.667: [GC 8667315K->1819388K(14446080K), 0.9320950 secs]
2018-05-23T18:04:52.544+0000: 1079532.165: [GC 8726908K->1736436K(14463808K), 0.4028220 secs]
2018-05-23T18:05:20.934+0000: 1079560.555: [GC 8643956K->1783332K(14472256K), 0.5266940 secs]
2018-05-23T18:05:38.216+0000: 1079577.837: [GC 8699684K->1764669K(14464192K), 0.4118930 secs]
2018-05-23T18:06:14.820+0000: 1079614.441: [GC 8681021K->1786187K(14480128K), 0.5037480 secs]
2018-05-23T18:07:15.419+0000: 1079675.039: [GC 8720715K->1841297K(14474496K), 0.7355670 secs]
2018-05-23T18:07:36.155+0000: 1079695.776: [GC 8775825K->1798220K(14478976K), 0.4623320 secs]
2018-05-23T18:07:57.499+0000: 1079717.119: [GC 8733836K->1829087K(14476736K), 0.5674750 secs]
2018-05-23T18:08:15.984+0000: 1079735.605: [GC 8764703K->1821039K(14488448K), 0.4659060 secs]
2018-05-23T18:08:36.817+0000: 1079756.438: [GC 8774831K->1806716K(14485440K), 0.3265570 secs]
2018-05-23T18:09:30.468+0000: 1079810.088: [GC 8760508K->1883829K(14482880K), 0.6448840 secs]
2018-05-23T18:09:49.061+0000: 1079828.681: [GC 8834357K->1856984K(14485312K), 0.4723280 secs]
2018-05-23T18:10:39.658+0000: 1079879.279: [GC 8807512K->1929609K(14469568K), 0.7206820 secs]
2018-05-23T18:11:19.641+0000: 1079919.262: [GC 8868873K->1952493K(14449600K), 0.8280530 secs]
2018-05-23T18:11:38.111+0000: 1079937.731: [GC 8891757K->1907825K(14474880K), 0.5126270 secs]
2018-05-23T18:11:59.294+0000: 1079958.915: [GC 8831857K->1911096K(14469248K), 0.4586130 secs]
2018-05-23T18:12:47.625+0000: 1080007.246: [GC 8835128K->2019822K(14439616K), 0.9766920 secs]
2018-05-23T18:13:29.951+0000: 1080049.572: [GC 8917870K->2003024K(14404224K), 0.7904870 secs]
2018-05-23T18:13:46.264+0000: 1080065.885: [GC 8901072K->1960977K(14459712K), 0.5269410 secs]
2018-05-23T18:14:46.674+0000: 1080126.295: [GC 8854993K->2039380K(14413440K), 0.8411600 secs]
2018-05-23T18:15:27.255+0000: 1080166.876: [GC 8933396K->2033336K(14451776K), 0.6312410 secs]
2018-05-23T18:15:47.632+0000: 1080187.252: [GC 8915448K->1995428K(14450432K), 0.4450130 secs]
2018-05-23T18:16:39.371+0000: 1080238.991: [GC 8877540K->2093881K(14431232K), 0.9410020 secs]
2018-05-23T18:16:56.886+0000: 1080256.506: [GC 8960313K->2014798K(14443264K), 0.4600590 secs]
2018-05-23T18:17:09.013+0000: 1080268.634: [GC 8881230K->2022602K(14449344K), 0.4379600 secs]
2018-05-23T18:17:22.431+0000: 1080282.052: [GC 8897738K->2029496K(14445888K), 0.4405190 secs]
2018-05-23T18:17:36.846+0000: 1080296.466: [GC 8904632K->2028763K(14455616K), 0.2775670 secs]
2018-05-23T18:17:48.785+0000: 1080308.406: [GC 8917147K->2042752K(14452864K), 0.3363480 secs]
2018-05-23T18:18:00.193+0000: 1080319.814: [GC 8931136K->2049419K(14465536K), 0.3205590 secs]
2018-05-23T18:18:13.724+0000: 1080333.345: [GC 8955211K->2057125K(14460352K), 0.4504400 secs]
2018-05-23T18:18:32.349+0000: 1080351.970: [GC 8962917K->2060756K(14476672K), 0.4153570 secs]
2018-05-23T18:18:51.733+0000: 1080371.354: [GC 8988564K->2081138K(14471232K), 0.4762960 secs]
2018-05-23T18:19:07.884+0000: 1080387.505: [GC 9008946K->2082580K(14489792K), 0.3514550 secs]
2018-05-23T18:19:22.734+0000: 1080402.355: [GC 9036500K->2095245K(14484224K), 0.3936310 secs]
2018-05-23T18:19:40.671+0000: 1080420.292: [GC 9049165K->2123566K(14499776K), 0.5467430 secs]
2018-05-23T18:20:13.545+0000: 1080453.166: [GC 9099054K->2175238K(14471424K), 0.7337530 secs]
2018-05-23T18:21:11.565+0000: 1080511.185: [GC 9150726K->2229230K(14434560K), 0.9349110 secs]
2018-05-23T18:22:11.498+0000: 1080571.119: [GC 9133550K->2248187K(14442944K), 1.0088310 secs]
2018-05-23T18:22:50.826+0000: 1080610.446: [GC 9152507K->2222986K(14441600K), 0.7750060 secs]
2018-05-23T18:23:07.672+0000: 1080627.293: [GC 9088522K->2168938K(14442816K), 0.4663530 secs]
2018-05-23T18:23:19.769+0000: 1080639.389: [GC 9034474K->2173416K(14450752K), 0.4082330 secs]
2018-05-23T18:23:31.403+0000: 1080651.023: [GC 9051112K->2188656K(14447040K), 0.4340970 secs]
2018-05-23T18:23:44.569+0000: 1080664.189: [GC 9066352K->2204074K(14461760K), 0.4285540 secs]
2018-05-23T18:24:02.194+0000: 1080681.815: [GC 9101482K->2219494K(14455744K), 0.5070110 secs]
2018-05-23T18:24:19.158+0000: 1080698.778: [GC 9116902K->2243834K(14477184K), 0.5669190 secs]
2018-05-23T18:25:09.114+0000: 1080748.735: [GC 9169658K->2318109K(14447360K), 0.7662760 secs]
2018-05-23T18:26:07.182+0000: 1080806.803: [GC 9243933K->2348511K(14428736K), 0.8737130 secs]
2018-05-23T18:27:06.485+0000: 1080866.106: [GC 9219935K->2352383K(14402880K), 0.9522020 secs]
2018-05-23T18:27:23.946+0000: 1080883.567: [GC 9223807K->2262806K(14436736K), 0.4305080 secs]
2018-05-23T18:27:39.862+0000: 1080899.483: [GC 9113814K->2279537K(14434368K), 0.4620970 secs]
2018-05-23T18:27:56.251+0000: 1080915.872: [GC 9130545K->2270050K(14445248K), 0.3940350 secs]
2018-05-23T18:28:08.445+0000: 1080928.066: [GC 9137442K->2280898K(14442240K), 0.4001650 secs]
2018-05-23T18:28:19.337+0000: 1080938.957: [GC 9148290K->2282091K(14454336K), 0.2748660 secs]
2018-05-23T18:28:30.568+0000: 1080950.189: [GC 9166059K->2286189K(14449728K), 0.2652820 secs]
2018-05-23T18:28:46.555+0000: 1080966.176: [GC 9170157K->2295221K(14465600K), 0.4488530 secs]
2018-05-23T18:29:04.279+0000: 1080983.900: [GC 9200117K->2306060K(14459392K), 0.4629100 secs]
2018-05-23T18:29:14.182+0000: 1080993.803: [GC 4200900K->2258410K(14468928K), 0.2149870 secs]
2018-05-23T18:29:14.398+0000: 1080994.018: [Full GC 2258410K->1090575K(14468928K), 3.5687270 secs]
2018-05-23T18:30:31.237+0000: 1081070.857: [GC 8012303K->1280323K(14451520K), 0.8774520 secs]
2018-05-23T18:31:34.639+0000: 1081134.259: [GC 8202051K->1296510K(14409920K), 1.0209460 secs]
2018-05-23T18:32:05.215+0000: 1081164.836: [GC 8137854K->1248636K(14430720K), 0.6235200 secs]
2018-05-23T18:32:21.262+0000: 1081180.883: [GC 8089980K->1224808K(14446016K), 0.4938750 secs]
2018-05-23T18:32:47.861+0000: 1081207.481: [GC 8088040K->1241727K(14437312K), 0.5538870 secs]
2018-05-23T18:33:03.424+0000: 1081223.045: [GC 8104959K->1242577K(14464576K), 0.5208970 secs]
2018-05-23T18:33:28.534+0000: 1081248.155: [GC 8143505K->1252256K(14456448K), 0.5771250 secs]
2018-05-23T18:33:49.753+0000: 1081269.374: [GC 8153184K->1251744K(14479744K), 0.5177870 secs]
2018-05-23T18:34:08.564+0000: 1081288.185: [GC 8184544K->1255519K(14473152K), 0.4814650 secs]
2018-05-23T18:34:31.787+0000: 1081311.408: [GC 8188319K->1279196K(14492224K), 0.5567110 secs]
2018-05-23T18:34:48.047+0000: 1081327.668: [GC 8236892K->1275562K(14485568K), 0.5075810 secs]
2018-05-23T18:35:31.960+0000: 1081371.581: [GC 8233258K->1334285K(14477312K), 0.7970570 secs]
2018-05-23T18:36:00.152+0000: 1081399.773: [GC 8289293K->1292107K(14487552K), 0.5260610 secs]
2018-05-23T18:36:18.218+0000: 1081417.839: [GC 8247115K->1295413K(14497856K), 0.5003080 secs]
2018-05-23T18:36:53.368+0000: 1081452.989: [GC 8266229K->1339842K(14493056K), 0.7071180 secs]
2018-05-23T18:37:47.800+0000: 1081507.421: [GC 8310658K->1399578K(14443520K), 0.9974270 secs]
2018-05-23T18:38:41.348+0000: 1081560.969: [GC 8316698K->1419248K(14452672K), 0.9554060 secs]
2018-05-23T18:39:18.848+0000: 1081598.469: [GC 8336368K->1377220K(14458944K), 0.6986770 secs]
2018-05-23T18:39:35.443+0000: 1081615.064: [GC 8268740K->1349442K(14452672K), 0.5039610 secs]
2018-05-23T18:40:03.226+0000: 1081642.847: [GC 8240962K->1364584K(14466944K), 0.4992630 secs]
2018-05-23T18:40:18.590+0000: 1081658.210: [GC 8273256K->1376300K(14461824K), 0.4815310 secs]
2018-05-23T18:40:48.067+0000: 1081687.688: [GC 8284972K->1382370K(14477440K), 0.5646770 secs]
2018-05-23T18:42:40.138+0000: 1081799.759: [GC 8312226K->1463422K(14458048K), 0.9016910 secs]
2018-05-23T18:43:18.916+0000: 1081838.537: [GC 8393278K->1377681K(14463168K), 0.3981500 secs]
2018-05-23T18:43:41.374+0000: 1081860.995: [GC 8283601K->1376430K(14462848K), 0.3785900 secs]
2018-05-23T18:44:42.086+0000: 1081921.707: [GC 8282350K->1486157K(14437248K), 0.8501120 secs]
2018-05-23T18:45:36.583+0000: 1081976.203: [GC 8366669K->1510977K(14417024K), 0.9490620 secs]
2018-05-23T18:45:57.350+0000: 1081996.971: [GC 8391489K->1430946K(14440192K), 0.4598790 secs]
2018-05-23T18:46:13.923+0000: 1082013.543: [GC 8286946K->1435324K(14435904K), 0.4468270 secs]
2018-05-23T18:47:05.927+0000: 1082065.548: [GC 8291324K->1524348K(14428288K), 0.8545830 secs]
2018-05-23T18:47:26.610+0000: 1082086.230: [GC 8377084K->1443697K(14436416K), 0.4141130 secs]
2018-05-23T18:47:45.637+0000: 1082105.257: [GC 8296433K->1465182K(14445120K), 0.4790530 secs]
2018-05-23T18:48:32.935+0000: 1082152.555: [GC 8329246K->1554750K(14389568K), 0.9222220 secs]
2018-05-23T18:49:05.297+0000: 1082184.917: [GC 8418814K->1523007K(14441984K), 0.6763550 secs]
2018-05-23T18:49:21.713+0000: 1082201.334: [GC 8379327K->1490141K(14434432K), 0.4659830 secs]
2018-05-23T18:50:02.235+0000: 1082241.855: [GC 8346461K->1545870K(14449344K), 0.6808570 secs]
2018-05-23T18:50:33.565+0000: 1082273.186: [GC 8421774K->1511125K(14446656K), 0.4791020 secs]
2018-05-23T18:50:52.128+0000: 1082291.749: [GC 8387029K->1514684K(14460032K), 0.5003570 secs]
2018-05-23T18:51:13.635+0000: 1082313.256: [GC 8409532K->1530357K(14454912K), 0.5708090 secs]
2018-05-23T18:51:35.905+0000: 1082335.526: [GC 8425205K->1507185K(14468928K), 0.3907680 secs]
2018-05-23T18:51:56.851+0000: 1082356.472: [GC 8423153K->1532738K(14467136K), 0.5127550 secs]
2018-05-23T18:52:55.229+0000: 1082414.849: [GC 8448706K->1631933K(14434240K), 1.0018500 secs]
2018-05-23T18:53:56.563+0000: 1082476.184: [GC 8521021K->1635917K(14420992K), 0.8983650 secs]
2018-05-23T18:54:55.215+0000: 1082534.836: [GC 8525005K->1644851K(14420032K), 0.8333060 secs]
2018-05-23T18:55:35.215+0000: 1082574.836: [GC 8485683K->1611571K(14430464K), 0.6276170 secs]
2018-05-23T18:55:49.863+0000: 1082589.483: [GC 8452403K->1586076K(14444480K), 0.5285100 secs]
2018-05-23T18:56:24.268+0000: 1082623.889: [GC 8450204K->1616248K(14439744K), 0.6181290 secs]
2018-05-23T18:57:00.854+0000: 1082660.475: [GC 8480376K->1616780K(14461312K), 0.6216880 secs]
2018-05-23T18:57:19.320+0000: 1082678.941: [GC 8511820K->1599527K(14453824K), 0.4903350 secs]
2018-05-23T18:57:41.342+0000: 1082700.963: [GC 8494567K->1615042K(14468480K), 0.5274300 secs]
2018-05-23T18:57:58.875+0000: 1082718.496: [GC 8527298K->1606376K(14463872K), 0.4760190 secs]
2018-05-23T18:58:15.934+0000: 1082735.554: [GC 8518632K->1616810K(14474240K), 0.4548480 secs]
2018-05-23T19:00:08.970+0000: 1082848.591: [GC 8541546K->1692691K(14437056K), 0.7396470 secs]
2018-05-23T19:08:49.080+0000: 1083368.701: [GC 8617427K->1674921K(14469824K), 0.6100200 secs]
2018-05-23T19:18:51.899+0000: 1083971.520: [GC 8589609K->1699276K(14464960K), 0.5910330 secs]
2018-05-23T19:29:17.977+0000: 1084597.598: [GC 6917406K->1695855K(14479168K), 0.4333430 secs]
2018-05-23T19:29:18.411+0000: 1084598.031: [Full GC 1695855K->1082877K(14479168K), 3.3666470 secs]
2018-05-23T19:42:38.482+0000: 1085398.103: [GC 8019581K->1204393K(14477632K), 0.5562690 secs]
2018-05-23T19:51:59.456+0000: 1085959.077: [GC 8141097K->1231567K(14491648K), 0.5991120 secs]
2018-05-23T20:02:57.984+0000: 1086617.605: [GC 8188559K->1251683K(14485440K), 0.5648450 secs]
2018-05-23T20:12:47.912+0000: 1087207.532: [GC 8208675K->1272234K(14500800K), 0.5512680 secs]
2018-05-23T20:25:06.728+0000: 1087946.348: [GC 8249578K->1286019K(14496640K), 0.4747140 secs]
2018-05-23T20:29:21.788+0000: 1088201.409: [GC 4715454K->1255348K(14491072K), 0.2783720 secs]
2018-05-23T20:29:22.067+0000: 1088201.687: [Full GC 1255348K->817470K(14491072K), 3.1188710 secs]
2018-05-23T20:40:26.379+0000: 1088865.999: [GC 7792190K->925822K(14497408K), 0.5130490 secs]
2018-05-23T20:50:59.420+0000: 1089499.041: [GC 7900542K->944206K(14507392K), 0.5159610 secs]
2018-05-23T21:03:33.271+0000: 1090252.892: [GC 7934030K->963947K(14502528K), 0.5184390 secs]
2018-05-23T21:17:40.207+0000: 1091099.828: [GC 7953771K->984546K(14516736K), 0.5087760 secs]
2018-05-23T21:29:25.196+0000: 1091804.817: [GC 7742253K->1004574K(14512192K), 0.5094360 secs]
2018-05-23T21:29:25.706+0000: 1091805.327: [Full GC 1004574K->767300K(14512192K), 2.6011710 secs]
2018-05-23T21:43:52.455+0000: 1092672.075: [GC 7776132K->873156K(14523648K), 0.4928730 secs]
2018-05-23T22:00:58.379+0000: 1093698.000: [GC 7896964K->900411K(14520256K), 0.4922590 secs]
2018-05-23T22:20:44.717+0000: 1094884.338: [GC 7924219K->919462K(14530624K), 0.5072740 secs]
2018-05-23T22:29:28.318+0000: 1095407.938: [GC 3704282K->881147K(14420032K), 0.2245830 secs]
2018-05-23T22:29:28.542+0000: 1095408.163: [Full GC 881147K->503241K(14420032K), 2.3608820 secs]
2018-05-23T22:53:30.254+0000: 1096849.875: [GC 7541193K->614233K(14525504K), 0.5308490 secs]
2018-05-23T23:10:53.710+0000: 1097893.331: [GC 7642009K->633414K(14522368K), 0.4963290 secs]
2018-05-23T23:29:30.915+0000: 1099010.536: [GC 7450649K->656273K(14533312K), 0.4862240 secs]
2018-05-23T23:29:31.402+0000: 1099011.022: [Full GC 656273K->532256K(14533312K), 2.3943750 secs]
2018-05-24T00:08:25.703+0000: 1101345.324: [GC 7574944K->639837K(14529472K), 0.5276130 secs]
2018-05-24T00:29:33.808+0000: 1102613.429: [GC 3524034K->606970K(14523648K), 0.2358280 secs]
2018-05-24T00:29:34.044+0000: 1102613.665: [Full GC 606970K->464882K(14523648K), 1.9053950 secs]
2018-05-24T01:21:23.914+0000: 1105723.535: [GC 7505010K->563445K(14530112K), 0.5328970 secs]
2018-05-24T01:29:35.959+0000: 1106215.580: [GC 1500709K->506263K(14516160K), 0.1069420 secs]
2018-05-24T01:29:36.066+0000: 1106215.687: [Full GC 506263K->406653K(14516160K), 1.8040610 secs]
2018-05-24T02:28:27.728+0000: 1109747.349: [GC 7437821K->500944K(14525632K), 0.4912010 secs]
2018-05-24T02:29:37.882+0000: 1109817.503: [GC 724701K->436960K(14512576K), 0.0691500 secs]
2018-05-24T02:29:37.951+0000: 1109817.572: [Full GC 436960K->348576K(14512576K), 1.6872810 secs]
2018-05-24T03:07:31.311+0000: 1112090.932: [GC 7371808K->446754K(14521664K), 0.4642690 secs]
2018-05-24T03:29:39.651+0000: 1113419.272: [GC 7181509K->464637K(14528064K), 0.4579570 secs]
2018-05-24T03:29:40.109+0000: 1113419.730: [Full GC 464637K->398537K(14528064K), 1.8961920 secs]
2018-05-24T03:45:45.488+0000: 1114385.109: [GC 7429961K->499290K(14523456K), 0.4683030 secs]
2018-05-24T04:05:19.110+0000: 1115558.731: [GC 7530714K->523481K(14529152K), 0.4076620 secs]
2018-05-24T04:23:58.641+0000: 1116678.262: [GC 7561433K->542531K(14528896K), 0.4875460 secs]
2018-05-24T04:29:42.016+0000: 1117021.637: [GC 2799276K->502502K(14525440K), 0.1713960 secs]
2018-05-24T04:29:42.188+0000: 1117021.809: [Full GC 502502K->378294K(14525440K), 1.9121460 secs]
2018-05-24T04:46:07.064+0000: 1118006.685: [GC 7415606K->475814K(14528704K), 0.4527820 secs]
2018-05-24T05:02:10.712+0000: 1118970.333: [GC 7513126K->498777K(14530752K), 0.4989800 secs]
2018-05-24T05:15:41.138+0000: 1119780.758: [GC 7539801K->520951K(14530368K), 0.4955030 secs]
2018-05-24T05:26:39.850+0000: 1120439.470: [GC 7561975K->544689K(14529280K), 0.5218480 secs]
2018-05-24T05:29:44.112+0000: 1120623.733: [GC 1930491K->482241K(14403392K), 0.1275150 secs]
2018-05-24T05:29:44.240+0000: 1120623.860: [Full GC 482241K->410014K(14403392K), 1.8435000 secs]
2018-05-24T05:40:56.750+0000: 1121296.371: [GC 7450910K->512261K(14525120K), 0.4685320 secs]
2018-05-24T05:53:03.854+0000: 1122023.475: [GC 7542213K->529689K(14524928K), 0.5095620 secs]
2018-05-24T06:04:44.890+0000: 1122724.510: [GC 7559641K->551423K(14523776K), 0.5058760 secs]
2018-05-24T06:14:58.179+0000: 1123337.799: [GC 7580159K->579064K(14482304K), 0.4792750 secs]
2018-05-24T06:25:13.512+0000: 1123953.133: [GC 7607800K->601620K(14520768K), 0.4551750 secs]
2018-05-24T06:29:46.093+0000: 1124225.714: [GC 2938000K->552992K(14402048K), 0.1993860 secs]
2018-05-24T06:29:46.293+0000: 1124225.914: [Full GC 552992K->476351K(14402048K), 2.1823160 secs]
2018-05-24T06:40:38.285+0000: 1124877.906: [GC 7499071K->592767K(14512448K), 0.5078060 secs]
2018-05-24T06:53:08.551+0000: 1125628.172: [GC 7603839K->614681K(14463744K), 0.5367180 secs]
2018-05-24T07:04:05.425+0000: 1126285.045: [GC 7625753K->644372K(14512704K), 0.5402990 secs]
2018-05-24T07:13:16.918+0000: 1126836.539: [GC 7651860K->685932K(14474496K), 0.5647630 secs]
2018-05-24T07:23:29.863+0000: 1127449.484: [GC 7693420K->708671K(14509504K), 0.5432180 secs]
2018-05-24T07:29:48.487+0000: 1127828.108: [GC 4799876K->683562K(14509184K), 0.3284410 secs]
2018-05-24T07:29:48.816+0000: 1127828.437: [Full GC 683562K->575808K(14509184K), 2.4158600 secs]
2018-05-24T07:40:02.899+0000: 1128442.520: [GC 7574400K->694930K(14509056K), 0.4915730 secs]
2018-05-24T07:50:15.832+0000: 1129055.452: [GC 7694866K->715995K(14510016K), 0.4880370 secs]
2018-05-24T08:00:00.545+0000: 1129640.165: [GC 7715931K->744697K(14512832K), 0.4671340 secs]
2018-05-24T08:02:28.665+0000: 1129788.286: [GC 7750649K->828158K(14513024K), 0.8797610 secs]
2018-05-24T08:03:49.646+0000: 1129869.267: [GC 7834110K->864564K(14401536K), 0.9680020 secs]
2018-05-24T08:05:19.714+0000: 1129959.334: [GC 7759028K->887138K(14413568K), 0.7840110 secs]
2018-05-24T08:06:33.456+0000: 1130033.077: [GC 7781602K->894836K(14432704K), 0.8600890 secs]
2018-05-24T08:07:41.843+0000: 1130101.464: [GC 7753460K->905261K(14374656K), 0.8773780 secs]
2018-05-24T08:09:10.693+0000: 1130190.314: [GC 7763885K->904137K(14433728K), 0.8118170 secs]
2018-05-24T08:10:36.825+0000: 1130276.446: [GC 7751625K->918025K(14358208K), 0.8136730 secs]
2018-05-24T08:12:00.779+0000: 1130360.400: [GC 7765513K->921785K(14435776K), 0.7720410 secs]
2018-05-24T08:13:23.640+0000: 1130443.260: [GC 7770297K->927524K(14432832K), 0.7322830 secs]
2018-05-24T08:15:06.745+0000: 1130546.366: [GC 7776036K->964509K(14433216K), 0.7372020 secs]
2018-05-24T08:15:45.423+0000: 1130585.044: [GC 7818781K->962602K(14437184K), 0.7003020 secs]
2018-05-24T08:16:55.516+0000: 1130655.136: [GC 7816874K->984255K(14453888K), 0.7145950 secs]
2018-05-24T08:17:52.625+0000: 1130712.245: [GC 7863999K->995629K(14445952K), 0.6444640 secs]
2018-05-24T08:18:18.614+0000: 1130738.234: [GC 7875373K->1014818K(14465472K), 0.6355020 secs]
2018-05-24T08:19:04.213+0000: 1130783.833: [GC 7920098K->1026016K(14459904K), 0.6186720 secs]
2018-05-24T08:19:39.790+0000: 1130819.411: [GC 7931296K->1040423K(14474112K), 0.6007900 secs]
2018-05-24T08:20:05.295+0000: 1130844.915: [GC 7964583K->1068783K(14470144K), 0.6230650 secs]
2018-05-24T08:20:38.727+0000: 1130878.348: [GC 7992943K->1088211K(14484160K), 0.6190240 secs]
2018-05-24T08:21:20.681+0000: 1130920.302: [GC 8031891K->1105422K(14479616K), 0.5635940 secs]
2018-05-24T08:22:07.912+0000: 1130967.533: [GC 8049102K->1127147K(14493312K), 0.6532180 secs]
2018-05-24T08:22:39.178+0000: 1130998.799: [GC 8089131K->1147862K(14488768K), 0.7006790 secs]
2018-05-24T08:23:11.713+0000: 1131031.334: [GC 8109846K->1166103K(14495424K), 0.7451100 secs]
2018-05-24T08:24:02.786+0000: 1131082.407: [GC 8137111K->1160619K(14495552K), 0.6680780 secs]
2018-05-24T08:25:05.948+0000: 1131145.569: [GC 8131627K->1159615K(14498176K), 0.5566800 secs]
2018-05-24T08:25:27.671+0000: 1131167.292: [GC 8135487K->1161252K(14431744K), 0.4972030 secs]
2018-05-24T08:25:45.095+0000: 1131184.716: [GC 8137124K->1160592K(14494976K), 0.4837460 secs]
2018-05-24T08:26:03.225+0000: 1131202.846: [GC 8133008K->1166199K(14417984K), 0.4943430 secs]
2018-05-24T08:26:41.195+0000: 1131240.816: [GC 8138615K->1221863K(14489856K), 0.7372900 secs]
2018-05-24T08:27:19.809+0000: 1131279.430: [GC 8187239K->1233152K(14459904K), 0.7441150 secs]
2018-05-24T08:28:03.985+0000: 1131323.606: [GC 8198528K->1243786K(14489728K), 0.7725410 secs]
2018-05-24T08:28:35.205+0000: 1131354.826: [GC 8204426K->1235236K(14490368K), 0.6105000 secs]
2018-05-24T08:28:51.663+0000: 1131371.284: [GC 8195876K->1216763K(14492608K), 0.4867890 secs]
2018-05-24T08:29:09.022+0000: 1131388.642: [GC 8184059K->1222617K(14410496K), 0.4593110 secs]
2018-05-24T08:29:30.170+0000: 1131409.791: [GC 8189913K->1245205K(14496256K), 0.5625470 secs]
2018-05-24T08:29:51.243+0000: 1131430.863: [GC 5266040K->1223083K(14493312K), 0.4102880 secs]
2018-05-24T08:29:51.653+0000: 1131431.274: [Full GC 1223083K->746639K(14493312K), 2.8762770 secs]
2018-05-24T08:30:19.184+0000: 1131458.805: [GC 7716111K->865169K(14498688K), 0.4815000 secs]
2018-05-24T08:30:37.118+0000: 1131476.738: [GC 7837841K->864978K(14494080K), 0.4402160 secs]
2018-05-24T08:30:54.016+0000: 1131493.637: [GC 7837650K->876555K(14504384K), 0.5222230 secs]
2018-05-24T08:31:45.456+0000: 1131545.076: [GC 7861835K->942742K(14496384K), 0.7733240 secs]
2018-05-24T08:32:39.609+0000: 1131599.230: [GC 7928022K->964565K(14465280K), 0.8691470 secs]
2018-05-24T08:33:31.493+0000: 1131651.113: [GC 7906133K->964885K(14441728K), 0.8020980 secs]
2018-05-24T08:34:22.229+0000: 1131701.850: [GC 7906453K->970831K(14472512K), 0.7829600 secs]
2018-05-24T08:35:07.170+0000: 1131746.791: [GC 7900367K->959394K(14474816K), 0.5873190 secs]
2018-05-24T08:35:25.080+0000: 1131764.700: [GC 7888930K->933671K(14480384K), 0.4290310 secs]
2018-05-24T08:35:43.774+0000: 1131783.394: [GC 7874855K->943119K(14480640K), 0.4350110 secs]
2018-05-24T08:36:20.132+0000: 1131819.753: [GC 7884303K->1000315K(14478976K), 0.7556310 secs]
2018-05-24T08:37:13.925+0000: 1131873.546: [GC 7940987K->1014901K(14440320K), 0.7000440 secs]
2018-05-24T08:37:54.234+0000: 1131913.855: [GC 7955573K->1024399K(14473344K), 0.7646490 secs]
2018-05-24T08:38:21.543+0000: 1131941.163: [GC 7954703K->999497K(14475200K), 0.5440290 secs]
2018-05-24T08:38:38.204+0000: 1131957.824: [GC 7929801K->991610K(14480832K), 0.4750290 secs]
2018-05-24T08:38:55.269+0000: 1131974.889: [GC 7931962K->991095K(14479616K), 0.4444140 secs]
2018-05-24T08:39:27.523+0000: 1132007.143: [GC 7931447K->1055230K(14475008K), 0.7694870 secs]
2018-05-24T08:40:16.588+0000: 1132056.208: [GC 7991806K->1067567K(14438976K), 0.7725070 secs]
2018-05-24T08:41:09.354+0000: 1132108.974: [GC 8004143K->1076107K(14470144K), 0.7214920 secs]
2018-05-24T08:41:35.200+0000: 1132134.821: [GC 8000395K->1038501K(14472192K), 0.5010600 secs]
2018-05-24T08:41:52.620+0000: 1132152.241: [GC 7962789K->1032168K(14474752K), 0.4206200 secs]
2018-05-24T08:42:13.706+0000: 1132173.326: [GC 7961064K->1040039K(14474240K), 0.4097110 secs]
2018-05-24T08:42:31.010+0000: 1132190.631: [GC 7968935K->1054827K(14479168K), 0.4237460 secs]
2018-05-24T08:42:47.985+0000: 1132207.606: [GC 7990315K->1067963K(14476416K), 0.4619230 secs]
2018-05-24T08:43:05.954+0000: 1132225.575: [GC 8003451K->1083526K(14486592K), 0.4599540 secs]
2018-05-24T08:43:22.834+0000: 1132242.455: [GC 8032454K->1097339K(14482432K), 0.4707970 secs]
2018-05-24T08:43:39.363+0000: 1132258.983: [GC 8046267K->1106383K(14495040K), 0.4596640 secs]
2018-05-24T08:43:56.576+0000: 1132276.197: [GC 8072399K->1111830K(14491072K), 0.4244840 secs]
2018-05-24T08:44:14.532+0000: 1132294.153: [GC 8077846K->1119078K(14500864K), 0.3950010 secs]
2018-05-24T08:44:33.837+0000: 1132313.458: [GC 8097958K->1140156K(14498112K), 0.4472900 secs]
2018-05-24T08:45:06.255+0000: 1132345.876: [GC 8119036K->1213511K(14479360K), 0.7170430 secs]
2018-05-24T08:45:50.507+0000: 1132390.128: [GC 8178247K->1232715K(14473152K), 0.8199780 secs]
2018-05-24T08:46:29.491+0000: 1132429.112: [GC 8197451K->1227392K(14472576K), 0.7127690 secs]
2018-05-24T08:47:03.176+0000: 1132462.797: [GC 8160256K->1226689K(14476480K), 0.6565850 secs]
2018-05-24T08:47:19.308+0000: 1132478.929: [GC 8159553K->1202692K(14482560K), 0.4845550 secs]
2018-05-24T08:47:35.819+0000: 1132495.440: [GC 8143364K->1208029K(14478208K), 0.4940690 secs]
2018-05-24T08:47:58.600+0000: 1132518.221: [GC 8148701K->1234359K(14492800K), 0.6291050 secs]
2018-05-24T08:48:29.299+0000: 1132548.920: [GC 8193783K->1271150K(14486720K), 0.7768940 secs]
2018-05-24T08:49:07.760+0000: 1132587.380: [GC 8230574K->1287777K(14474176K), 0.7645090 secs]
2018-05-24T08:49:54.082+0000: 1132633.703: [GC 8228961K->1292737K(14438848K), 0.7443830 secs]
2018-05-24T08:50:36.374+0000: 1132675.995: [GC 8233921K->1312623K(14467904K), 0.7118090 secs]
2018-05-24T08:51:13.452+0000: 1132713.073: [GC 8237807K->1310720K(14421760K), 0.7574000 secs]
2018-05-24T08:51:49.203+0000: 1132748.824: [GC 8235904K->1331705K(14463552K), 0.8226710 secs]
2018-05-24T08:52:31.189+0000: 1132790.810: [GC 8247289K->1326999K(14467840K), 0.7593290 secs]
2018-05-24T08:52:52.244+0000: 1132811.865: [GC 8242583K->1281596K(14468800K), 0.4420480 secs]
2018-05-24T08:53:09.244+0000: 1132828.865: [GC 8200636K->1303722K(14469568K), 0.4749980 secs]
2018-05-24T08:53:33.375+0000: 1132852.995: [GC 8222762K->1314726K(14476288K), 0.5484830 secs]
2018-05-24T08:54:19.432+0000: 1132899.053: [GC 8243430K->1365815K(14472512K), 0.8040620 secs]
2018-05-24T08:55:07.968+0000: 1132947.589: [GC 8294519K->1370746K(14471552K), 0.6524800 secs]
2018-05-24T08:55:50.987+0000: 1132990.607: [GC 8295930K->1378537K(14472640K), 0.6189970 secs]
2018-05-24T08:56:27.114+0000: 1133026.735: [GC 8303721K->1383572K(14475072K), 0.7188680 secs]
2018-05-24T08:56:47.467+0000: 1133047.088: [GC 8311508K->1351245K(14472960K), 0.4922740 secs]
2018-05-24T08:57:03.636+0000: 1133063.257: [GC 8279181K->1357811K(14476736K), 0.4747610 secs]
2018-05-24T08:57:20.216+0000: 1133079.836: [GC 8290035K->1361262K(14475584K), 0.4881650 secs]
2018-05-24T08:57:56.016+0000: 1133115.637: [GC 8293486K->1412512K(14479552K), 0.7001780 secs]
2018-05-24T08:58:44.272+0000: 1133163.893: [GC 8350240K->1430562K(14432512K), 0.7550870 secs]
2018-05-24T08:59:28.077+0000: 1133207.698: [GC 8368290K->1442393K(14473856K), 0.7954450 secs]
2018-05-24T09:00:13.042+0000: 1133252.663: [GC 8374361K->1444700K(14476032K), 0.6272090 secs]
2018-05-24T09:00:51.365+0000: 1133290.986: [GC 8376668K->1450743K(14480512K), 0.6529290 secs]
2018-05-24T09:01:38.775+0000: 1133338.396: [GC 8388279K->1476587K(14477120K), 0.7777130 secs]
2018-05-24T09:02:25.378+0000: 1133384.999: [GC 8414123K->1477239K(14481024K), 0.7267510 secs]
2018-05-24T09:03:19.458+0000: 1133439.078: [GC 8416055K->1459695K(14477888K), 0.5835870 secs]
2018-05-24T09:04:30.523+0000: 1133510.143: [GC 8398511K->1462776K(14483648K), 0.5460400 secs]
2018-05-24T09:05:33.739+0000: 1133573.360: [GC 8409208K->1469013K(14482880K), 0.5472720 secs]
2018-05-24T09:06:21.082+0000: 1133620.703: [GC 8415445K->1479691K(14485696K), 0.4675730 secs]
2018-05-24T09:06:38.029+0000: 1133637.650: [GC 8429579K->1486175K(14484288K), 0.4635750 secs]
2018-05-24T09:06:54.723+0000: 1133654.343: [GC 8436063K->1492383K(14488256K), 0.4835800 secs]
2018-05-24T09:07:57.531+0000: 1133717.152: [GC 8447327K->1546411K(14443968K), 0.6770550 secs]
2018-05-24T09:08:45.236+0000: 1133764.857: [GC 8501355K->1566581K(14480576K), 0.7517930 secs]
2018-05-24T09:09:36.205+0000: 1133815.826: [GC 8513397K->1579538K(14443712K), 0.7671970 secs]
2018-05-24T09:10:15.570+0000: 1133855.191: [GC 8526354K->1593282K(14476096K), 0.6664080 secs]
2018-05-24T09:10:32.457+0000: 1133872.078: [GC 8529730K->1555300K(14373120K), 0.4072500 secs]
2018-05-24T09:10:48.224+0000: 1133887.844: [GC 8491748K->1594140K(14484032K), 0.5553490 secs]
2018-05-24T09:11:08.569+0000: 1133908.190: [GC 8536284K->1584977K(14478208K), 0.4245730 secs]
2018-05-24T09:11:23.464+0000: 1133923.085: [GC 8527121K->1606449K(14491008K), 0.5340300 secs]
2018-05-24T09:11:41.284+0000: 1133940.905: [GC 8563825K->1619191K(14486464K), 0.5524430 secs]
2018-05-24T09:11:59.161+0000: 1133958.781: [GC 8576567K->1628274K(14498944K), 0.5062580 secs]
2018-05-24T09:12:18.007+0000: 1133977.627: [GC 8602866K->1629027K(14495744K), 0.4549160 secs]
2018-05-24T09:12:34.026+0000: 1133993.647: [GC 8603619K->1663119K(14504960K), 0.5286240 secs]
2018-05-24T09:13:06.070+0000: 1134025.691: [GC 8647567K->1708976K(14477760K), 0.7639570 secs]
2018-05-24T09:13:57.650+0000: 1134077.271: [GC 8693424K->1728109K(14483392K), 0.8143870 secs]
2018-05-24T09:14:42.634+0000: 1134122.255: [GC 8690157K->1736627K(14461696K), 0.7753570 secs]
2018-05-24T09:15:29.423+0000: 1134169.044: [GC 8698675K->1746909K(14476608K), 0.5718130 secs]
2018-05-24T09:16:18.396+0000: 1134218.016: [GC 8689117K->1755699K(14438592K), 0.7010100 secs]
2018-05-24T09:17:19.416+0000: 1134279.036: [GC 8697907K->1785817K(14464768K), 0.7710220 secs]
2018-05-24T09:19:02.503+0000: 1134382.124: [GC 8710105K->1804474K(14444864K), 0.8947060 secs]
2018-05-24T09:20:32.426+0000: 1134472.047: [GC 8728762K->1831196K(14439104K), 0.8132790 secs]
2018-05-24T09:21:08.609+0000: 1134508.230: [GC 8714396K->1796080K(14451648K), 0.5627920 secs]
2018-05-24T09:21:25.219+0000: 1134524.840: [GC 8679280K->1781206K(14455808K), 0.4944950 secs]
2018-05-24T09:21:41.118+0000: 1134540.739: [GC 8672534K->1793505K(14455616K), 0.4829550 secs]
2018-05-24T09:22:30.195+0000: 1134589.816: [GC 8684833K->1866172K(14448512K), 0.8601850 secs]
2018-05-24T09:23:24.795+0000: 1134644.416: [GC 8752572K->1885446K(14409856K), 0.8648950 secs]
2018-05-24T09:24:32.726+0000: 1134712.347: [GC 8771846K->1892834K(14439104K), 0.8915200 secs]
2018-05-24T09:25:26.560+0000: 1134766.180: [GC 8758626K->1900663K(14386048K), 0.7695170 secs]
2018-05-24T09:26:31.246+0000: 1134830.867: [GC 8766455K->1911580K(14439232K), 0.8499630 secs]
2018-05-24T09:26:52.963+0000: 1134852.584: [GC 8771356K->1837598K(14292672K), 0.4131760 secs]
2018-05-24T09:27:11.777+0000: 1134871.397: [GC 8697374K->1856490K(14438720K), 0.4860390 secs]
2018-05-24T09:27:35.401+0000: 1134895.022: [GC 8712682K->1874130K(14437568K), 0.5331030 secs]
2018-05-24T09:27:53.786+0000: 1134913.407: [GC 8730322K->1865905K(14444160K), 0.4296330 secs]
2018-05-24T09:28:25.492+0000: 1134945.113: [GC 8732657K->1912340K(14442688K), 0.6185880 secs]
2018-05-24T09:29:19.429+0000: 1134999.050: [GC 8779092K->1978471K(14430912K), 0.8151080 secs]
2018-05-24T09:29:54.541+0000: 1135034.161: [GC 6363460K->1917245K(14442112K), 0.5441830 secs]
2018-05-24T09:29:55.085+0000: 1135034.706: [Full GC 1917245K->1027139K(14442112K), 3.8895300 secs]
2018-05-24T09:30:50.309+0000: 1135089.930: [GC 7891267K->1218262K(14428864K), 0.8082530 secs]
2018-05-24T09:31:53.889+0000: 1135153.509: [GC 8075350K->1227400K(14386752K), 0.8444140 secs]
2018-05-24T09:32:50.039+0000: 1135209.660: [GC 8084488K->1243236K(14421760K), 0.9085800 secs]
2018-05-24T09:33:46.539+0000: 1135266.160: [GC 8076644K->1250019K(14361152K), 0.9342400 secs]
2018-05-24T09:34:49.296+0000: 1135328.917: [GC 8083427K->1260527K(14420544K), 0.9542670 secs]
2018-05-24T09:35:39.861+0000: 1135379.482: [GC 8085103K->1265526K(14351872K), 0.7734350 secs]
2018-05-24T09:36:37.462+0000: 1135437.083: [GC 8090102K->1273180K(14422400K), 0.9341220 secs]
2018-05-24T09:37:17.747+0000: 1135477.368: [GC 8097500K->1238866K(14422016K), 0.6892600 secs]
2018-05-24T09:37:35.252+0000: 1135494.873: [GC 8063186K->1200193K(14423488K), 0.4707840 secs]
2018-05-24T09:37:56.072+0000: 1135515.693: [GC 8031681K->1221482K(14425792K), 0.5292270 secs]
2018-05-24T09:38:49.747+0000: 1135569.368: [GC 8052970K->1299673K(14423488K), 0.9503770 secs]
2018-05-24T09:39:08.025+0000: 1135587.646: [GC 8131417K->1216995K(14263936K), 0.4263180 secs]
2018-05-24T09:39:24.601+0000: 1135604.222: [GC 8048739K->1236587K(14428032K), 0.4601470 secs]
2018-05-24T09:39:46.504+0000: 1135626.125: [GC 8069483K->1255756K(14424960K), 0.5520080 secs]
2018-05-24T09:40:02.915+0000: 1135642.535: [GC 8088652K->1254053K(14438016K), 0.4315050 secs]
2018-05-24T09:40:19.034+0000: 1135658.655: [GC 8105957K->1255202K(14433984K), 0.4354830 secs]
2018-05-24T09:40:40.999+0000: 1135680.620: [GC 8107106K->1254239K(14444864K), 0.3882710 secs]
2018-05-24T09:40:55.772+0000: 1135695.393: [GC 8120671K->1278233K(14441664K), 0.4809460 secs]
2018-05-24T09:41:34.025+0000: 1135733.646: [GC 8144665K->1317691K(14455616K), 0.6481420 secs]
2018-05-24T09:42:35.019+0000: 1135794.640: [GC 8205179K->1371031K(14420096K), 0.9427240 secs]
2018-05-24T09:43:41.869+0000: 1135861.489: [GC 8258519K->1372427K(14427072K), 0.9174790 secs]
2018-05-24T09:44:38.772+0000: 1135918.393: [GC 8221323K->1346841K(14434496K), 0.7075210 secs]
2018-05-24T09:44:56.363+0000: 1135935.984: [GC 8195737K->1303288K(14444032K), 0.4144830 secs]
2018-05-24T09:45:23.765+0000: 1135963.385: [GC 8169848K->1310851K(14442624K), 0.4471100 secs]
2018-05-24T09:46:04.355+0000: 1136003.976: [GC 8177411K->1343707K(14455232K), 0.5825280 secs]
2018-05-24T09:46:54.136+0000: 1136053.756: [GC 8225883K->1408864K(14403456K), 0.9045870 secs]
2018-05-24T09:47:53.051+0000: 1136112.672: [GC 8291040K->1415924K(14433472K), 0.8857860 secs]
2018-05-24T09:48:46.201+0000: 1136165.822: [GC 8275572K->1422965K(14376832K), 0.8892860 secs]
2018-05-24T09:49:28.574+0000: 1136208.195: [GC 8282613K->1398062K(14446080K), 0.6106470 secs]
2018-05-24T09:49:47.091+0000: 1136226.711: [GC 8260526K->1367872K(14436480K), 0.4880640 secs]
2018-05-24T09:50:03.730+0000: 1136243.350: [GC 8230336K->1367998K(14450752K), 0.4160040 secs]
2018-05-24T09:50:53.858+0000: 1136293.479: [GC 8247166K->1452907K(14398656K), 0.9389470 secs]
2018-05-24T09:51:17.381+0000: 1136317.001: [GC 8332075K->1389161K(14448256K), 0.4945290 secs]
2018-05-24T09:51:34.323+0000: 1136333.943: [GC 8261545K->1396669K(14444224K), 0.5221240 secs]
2018-05-24T09:51:54.281+0000: 1136353.902: [GC 8269053K->1402522K(14456896K), 0.4927180 secs]
2018-05-24T09:52:11.846+0000: 1136371.466: [GC 8291546K->1408387K(14452224K), 0.5096900 secs]
2018-05-24T09:52:54.998+0000: 1136414.619: [GC 8297411K->1462579K(14460992K), 0.7549990 secs]
2018-05-24T09:53:44.777+0000: 1136464.398: [GC 8364851K->1499492K(14424768K), 0.8802920 secs]
2018-05-24T09:54:30.691+0000: 1136510.311: [GC 8401764K->1505041K(14439488K), 0.8712880 secs]
2018-05-24T09:55:24.541+0000: 1136564.162: [GC 8375569K->1515399K(14388864K), 0.8532340 secs]
2018-05-24T09:56:13.783+0000: 1136613.404: [GC 8385927K->1525132K(14435200K), 0.8704590 secs]
2018-05-24T09:57:17.538+0000: 1136677.159: [GC 8381068K->1529782K(14438016K), 0.7604520 secs]
2018-05-24T09:57:57.164+0000: 1136716.784: [GC 8385718K->1545040K(14433664K), 0.8650370 secs]
2018-05-24T09:58:48.822+0000: 1136768.443: [GC 8396624K->1547157K(14435840K), 0.8255770 secs]
2018-05-24T09:59:18.585+0000: 1136798.206: [GC 8398741K->1500828K(14440192K), 0.5246420 secs]
2018-05-24T09:59:35.139+0000: 1136814.759: [GC 8358620K->1497351K(14437696K), 0.4855010 secs]
2018-05-24T10:00:04.566+0000: 1136844.186: [GC 8355143K->1509359K(14444672K), 0.4772950 secs]
2018-05-24T10:00:59.627+0000: 1136899.248: [GC 8375279K->1574005K(14441344K), 0.9032880 secs]
2018-05-24T10:01:39.902+0000: 1136939.523: [GC 8439925K->1555418K(14452544K), 0.6599330 secs]
2018-05-24T10:01:57.360+0000: 1136956.981: [GC 8432410K->1521174K(14444544K), 0.4429660 secs]
2018-05-24T10:02:22.359+0000: 1136981.980: [GC 8398166K->1531134K(14454528K), 0.4559700 secs]
2018-05-24T10:02:40.086+0000: 1136999.707: [GC 8417982K->1533791K(14452416K), 0.4571920 secs]
2018-05-24T10:02:57.927+0000: 1137017.548: [GC 8420639K->1569274K(14464512K), 0.6192850 secs]
2018-05-24T10:03:18.340+0000: 1137037.960: [GC 8470202K->1554566K(14456512K), 0.4833450 secs]
2018-05-24T10:03:36.907+0000: 1137056.528: [GC 8455494K->1553512K(14470720K), 0.4596050 secs]
2018-05-24T10:04:09.624+0000: 1137089.245: [GC 8472296K->1586121K(14468160K), 0.6524920 secs]
2018-05-24T10:05:27.226+0000: 1137166.846: [GC 8504905K->1655496K(14447168K), 0.9367260 secs]
2018-05-24T10:06:29.282+0000: 1137228.903: [GC 8561352K->1669803K(14438016K), 0.9742390 secs]
2018-05-24T10:07:18.453+0000: 1137278.074: [GC 8575659K->1638463K(14454208K), 0.7261340 secs]
2018-05-24T10:07:38.459+0000: 1137298.080: [GC 8521983K->1599907K(14449408K), 0.4849730 secs]
2018-05-24T10:07:56.630+0000: 1137316.251: [GC 8483427K->1615423K(14461184K), 0.5121580 secs]
2018-05-24T10:08:16.205+0000: 1137335.826: [GC 8513215K->1624412K(14456704K), 0.5348600 secs]
2018-05-24T10:08:34.285+0000: 1137353.906: [GC 8522204K->1622045K(14469888K), 0.4915910 secs]
2018-05-24T10:08:55.733+0000: 1137375.354: [GC 8538205K->1639079K(14466368K), 0.5631980 secs]
2018-05-24T10:09:12.802+0000: 1137392.423: [GC 8555239K->1641365K(14480192K), 0.5281230 secs]
2018-05-24T10:09:34.020+0000: 1137413.640: [GC 8577429K->1641665K(14475968K), 0.4807850 secs]
2018-05-24T10:09:53.448+0000: 1137433.069: [GC 8577729K->1664470K(14489920K), 0.5258250 secs]
2018-05-24T10:10:10.557+0000: 1137450.178: [GC 8617942K->1656888K(14483648K), 0.4357910 secs]
2018-05-24T10:10:31.295+0000: 1137470.915: [GC 8610360K->1692086K(14496512K), 0.5423410 secs]
2018-05-24T10:10:49.809+0000: 1137489.429: [GC 8661558K->1681043K(14493056K), 0.4731600 secs]
2018-05-24T10:11:07.856+0000: 1137507.476: [GC 8650515K->1670670K(14501440K), 0.4397260 secs]
2018-05-24T10:12:12.163+0000: 1137571.783: [GC 8652366K->1783440K(14500352K), 0.9925490 secs]
2018-05-24T10:12:59.592+0000: 1137619.213: [GC 8765136K->1817095K(14402304K), 0.9889470 secs]
2018-05-24T10:14:00.252+0000: 1137679.873: [GC 8699655K->1839077K(14413568K), 0.9109970 secs]
2018-05-24T10:15:25.831+0000: 1137765.452: [GC 8721637K->1838059K(14429632K), 0.7923710 secs]
2018-05-24T10:16:19.491+0000: 1137819.112: [GC 8687467K->1854499K(14371776K), 0.8911400 secs]
2018-05-24T10:17:00.619+0000: 1137860.240: [GC 8703907K->1831364K(14440896K), 0.6522200 secs]
2018-05-24T10:17:19.292+0000: 1137878.913: [GC 8682948K->1795991K(14430784K), 0.4580940 secs]
2018-05-24T10:17:37.051+0000: 1137896.672: [GC 8647575K->1801872K(14444160K), 0.4651650 secs]
2018-05-24T10:17:57.294+0000: 1137916.914: [GC 8668239K->1818210K(14442304K), 0.5233420 secs]
2018-05-24T10:18:15.233+0000: 1137934.854: [GC 8684578K->1810151K(14451328K), 0.4621160 secs]
2018-05-24T10:18:54.475+0000: 1137974.096: [GC 8690407K->1864134K(14449024K), 0.6809290 secs]
2018-05-24T10:19:46.466+0000: 1138026.087: [GC 8744390K->1911165K(14437632K), 0.8895060 secs]
2018-05-24T10:20:41.322+0000: 1138080.943: [GC 8785661K->1926175K(14401600K), 0.8829950 secs]
2018-05-24T10:21:51.067+0000: 1138150.688: [GC 8800671K->1933483K(14430272K), 0.9702270 secs]
2018-05-24T10:22:34.051+0000: 1138193.672: [GC 8782379K->1940036K(14366272K), 0.8536410 secs]
2018-05-24T10:22:50.933+0000: 1138210.553: [GC 8788932K->1884507K(14435392K), 0.5000180 secs]
2018-05-24T10:23:07.879+0000: 1138227.500: [GC 8732891K->1887557K(14433088K), 0.4747790 secs]
2018-05-24T10:23:28.404+0000: 1138248.025: [GC 8735941K->1902012K(14443456K), 0.5160730 secs]
2018-05-24T10:23:45.123+0000: 1138264.743: [GC 8763580K->1904306K(14438208K), 0.5029290 secs]
2018-05-24T10:24:06.251+0000: 1138285.872: [GC 8765874K->1910670K(14452672K), 0.5424730 secs]
2018-05-24T10:25:10.417+0000: 1138350.038: [GC 8791054K->1994678K(14406720K), 0.7903180 secs]
2018-05-24T10:26:04.412+0000: 1138404.033: [GC 8875062K->2004268K(14426304K), 0.8654780 secs]
2018-05-24T10:26:51.776+0000: 1138451.397: [GC 8852780K->2015557K(14373952K), 0.9048220 secs]
2018-05-24T10:27:28.471+0000: 1138488.092: [GC 8864069K->1982654K(14438784K), 0.6939300 secs]
2018-05-24T10:27:45.958+0000: 1138505.579: [GC 8830206K->1948962K(14428864K), 0.4937770 secs]
2018-05-24T10:28:08.811+0000: 1138528.432: [GC 8796514K->1960615K(14443840K), 0.5301130 secs]
2018-05-24T10:29:04.337+0000: 1138583.958: [GC 8824615K->2047003K(14390912K), 0.8707020 secs]
2018-05-24T10:29:58.982+0000: 1138638.602: [GC 8410033K->2046407K(14434944K), 0.7821520 secs]
2018-05-24T10:29:59.764+0000: 1138639.385: [Full GC 2046407K->1140608K(14434944K), 3.6755370 secs]
2018-05-24T10:30:44.871+0000: 1138684.492: [GC 7991168K->1289443K(14435328K), 0.6453430 secs]
2018-05-24T10:31:07.319+0000: 1138706.940: [GC 8140003K->1256227K(14444992K), 0.4136520 secs]
2018-05-24T10:31:24.358+0000: 1138723.979: [GC 8125347K->1274438K(14444224K), 0.4864470 secs]
2018-05-24T10:31:42.007+0000: 1138741.628: [GC 8143558K->1272180K(14451328K), 0.4578460 secs]
2018-05-24T10:32:00.209+0000: 1138759.830: [GC 8152180K->1281093K(14448768K), 0.4774820 secs]
2018-05-24T10:32:24.836+0000: 1138784.457: [GC 8161093K->1290276K(14459712K), 0.4881570 secs]
2018-05-24T10:32:43.471+0000: 1138803.092: [GC 8184932K->1279285K(14455040K), 0.3883080 secs]
2018-05-24T10:33:38.537+0000: 1138858.158: [GC 8173941K->1335030K(14467328K), 0.6209970 secs]
2018-05-24T10:35:37.463+0000: 1138977.084: [GC 8243766K->1386532K(14416320K), 0.7802830 secs]
2018-05-24T10:36:21.258+0000: 1139020.879: [GC 8295268K->1381739K(14461376K), 0.6545780 secs]
2018-05-24T10:36:38.431+0000: 1139038.051: [GC 8283371K->1347892K(14460352K), 0.4687300 secs]
2018-05-24T10:36:58.667+0000: 1139058.287: [GC 8249524K->1359998K(14469888K), 0.5054790 secs]
2018-05-24T10:37:18.074+0000: 1139077.695: [GC 8275006K->1358190K(14465216K), 0.4424310 secs]
2018-05-24T10:37:34.986+0000: 1139094.607: [GC 8273198K->1370701K(14478208K), 0.4836870 secs]
2018-05-24T10:37:57.825+0000: 1139117.446: [GC 8302093K->1387920K(14473280K), 0.5468950 secs]
2018-05-24T10:38:17.011+0000: 1139136.632: [GC 8319312K->1375955K(14487616K), 0.4168950 secs]
2018-05-24T10:38:39.449+0000: 1139159.070: [GC 8328467K->1415183K(14484992K), 0.5963040 secs]
2018-05-24T10:39:54.336+0000: 1139233.957: [GC 8367695K->1485136K(14458240K), 0.8685470 secs]
2018-05-24T10:40:56.672+0000: 1139296.292: [GC 8416976K->1493479K(14456448K), 0.9371270 secs]
2018-05-24T10:41:55.762+0000: 1139355.383: [GC 8425319K->1490142K(14447872K), 0.8470250 secs]
2018-05-24T10:42:13.849+0000: 1139373.470: [GC 8379614K->1428024K(14454784K), 0.4470140 secs]
2018-05-24T10:42:31.913+0000: 1139391.534: [GC 8317496K->1446305K(14463040K), 0.5329650 secs]
2018-05-24T10:42:52.720+0000: 1139412.340: [GC 8346913K->1461162K(14457664K), 0.5394840 secs]
2018-05-24T10:43:12.875+0000: 1139432.495: [GC 8361770K->1456180K(14474176K), 0.4882980 secs]
2018-05-24T10:43:38.654+0000: 1139458.274: [GC 8380212K->1489597K(14469952K), 0.6276950 secs]
2018-05-24T10:44:46.471+0000: 1139526.092: [GC 8413629K->1556861K(14445248K), 0.9831620 secs]
2018-05-24T10:45:44.906+0000: 1139584.527: [GC 8461437K->1568994K(14439488K), 0.9139350 secs]
2018-05-24T10:46:43.489+0000: 1139643.110: [GC 8473570K->1560081K(14437504K), 0.8637840 secs]
2018-05-24T10:47:02.130+0000: 1139661.751: [GC 8425361K->1482439K(14442688K), 0.4137640 secs]
2018-05-24T10:47:21.336+0000: 1139680.957: [GC 8347719K->1505034K(14448384K), 0.5080180 secs]
2018-05-24T10:47:41.274+0000: 1139700.895: [GC 8376650K->1515806K(14443328K), 0.5297500 secs]
2018-05-24T10:47:58.850+0000: 1139718.470: [GC 8387422K->1514785K(14459008K), 0.4930840 secs]
2018-05-24T10:48:24.860+0000: 1139744.481: [GC 8408353K->1539724K(14454656K), 0.6047110 secs]
2018-05-24T10:49:18.549+0000: 1139798.170: [GC 8433292K->1615227K(14436480K), 0.8822190 secs]
2018-05-24T10:50:29.684+0000: 1139869.305: [GC 8498683K->1618391K(14409664K), 0.8520290 secs]
2018-05-24T10:51:30.132+0000: 1139929.753: [GC 8501847K->1633939K(14424000K), 0.9349880 secs]
2018-05-24T10:52:21.210+0000: 1139980.830: [GC 8480275K->1649734K(14380352K), 0.9109170 secs]
2018-05-24T10:53:20.627+0000: 1140040.248: [GC 8496070K->1654471K(14420416K), 0.8879250 secs]
2018-05-24T10:54:18.593+0000: 1140098.214: [GC 8480327K->1667225K(14350464K), 0.9296850 secs]
2018-05-24T10:54:57.388+0000: 1140137.009: [GC 8493081K->1625737K(14428160K), 0.5835190 secs]
2018-05-24T10:55:16.514+0000: 1140156.135: [GC 8455881K->1600335K(14422080K), 0.4003260 secs]
2018-05-24T10:55:37.964+0000: 1140177.584: [GC 8430479K->1612615K(14431232K), 0.4325430 secs]
2018-05-24T10:55:55.816+0000: 1140195.437: [GC 8452231K->1618478K(14428480K), 0.4380470 secs]
2018-05-24T10:56:12.227+0000: 1140211.847: [GC 8458094K->1622272K(14438720K), 0.4727570 secs]
2018-05-24T10:56:33.400+0000: 1140233.021: [GC 8475840K->1637274K(14434944K), 0.4548580 secs]
2018-05-24T10:56:50.147+0000: 1140249.768: [GC 8490842K->1639903K(14449664K), 0.4983220 secs]
2018-05-24T10:57:16.397+0000: 1140276.018: [GC 8514271K->1658935K(14444800K), 0.5775030 secs]
2018-05-24T10:58:21.933+0000: 1140341.553: [GC 8533303K->1734893K(14432960K), 0.9426590 secs]
2018-05-24T10:59:22.242+0000: 1140401.863: [GC 8604909K->1744188K(14398144K), 0.9442610 secs]
2018-05-24T11:00:12.025+0000: 1140451.646: [GC 8614204K->1741285K(14433024K), 0.7865140 secs]
2018-05-24T11:00:38.064+0000: 1140477.685: [GC 8589925K->1704398K(14434368K), 0.5480430 secs]
2018-05-24T11:00:54.989+0000: 1140494.610: [GC 8553038K->1693530K(14444992K), 0.4657480 secs]
2018-05-24T11:01:24.243+0000: 1140523.863: [GC 8559642K->1717088K(14441216K), 0.6237450 secs]
2018-05-24T11:02:07.139+0000: 1140566.760: [GC 8583200K->1748401K(14456704K), 0.6952590 secs]
2018-05-24T11:02:25.448+0000: 1140585.068: [GC 8637105K->1704762K(14452096K), 0.4336760 secs]
2018-05-24T11:02:49.992+0000: 1140609.613: [GC 8593466K->1731053K(14463232K), 0.5578160 secs]
2018-05-24T11:04:02.602+0000: 1140682.223: [GC 8631661K->1806905K(14426048K), 0.9277670 secs]
2018-05-24T11:05:11.245+0000: 1140750.866: [GC 8707513K->1818945K(14434112K), 0.8709040 secs]
2018-05-24T11:05:30.434+0000: 1140770.055: [GC 8684993K->1746479K(14443072K), 0.4900360 secs]
2018-05-24T11:05:42.267+0000: 1140781.888: [GC 8612527K->1742196K(14446784K), 0.1881490 secs]
2018-05-24T11:06:00.413+0000: 1140800.034: [GC 8614644K->1765382K(14445760K), 0.5008850 secs]
2018-05-24T11:06:19.556+0000: 1140819.177: [GC 8637830K->1765346K(14455360K), 0.4376010 secs]
2018-05-24T11:06:37.763+0000: 1140837.384: [GC 8652130K->1774316K(14451520K), 0.4507820 secs]
2018-05-24T11:06:59.140+0000: 1140858.760: [GC 8661100K->1800671K(14468096K), 0.5215300 secs]
2018-05-24T11:07:17.189+0000: 1140876.810: [GC 8708383K->1795667K(14459712K), 0.4776930 secs]
2018-05-24T11:08:02.921+0000: 1140922.541: [GC 8703379K->1830932K(14478016K), 0.6242520 secs]
2018-05-24T11:09:19.150+0000: 1140998.771: [GC 8762580K->1829103K(14473728K), 0.5533950 secs]
2018-05-24T11:10:56.278+0000: 1141095.899: [GC 8760751K->1907304K(14454592K), 0.9111420 secs]
2018-05-24T11:12:42.067+0000: 1141201.688: [GC 8826472K->1918387K(14440064K), 0.8953030 secs]
2018-05-24T11:13:43.680+0000: 1141263.301: [GC 8837555K->1891569K(14464320K), 0.6890590 secs]
2018-05-24T11:14:03.571+0000: 1141283.192: [GC 8794033K->1858543K(14458240K), 0.4671580 secs]
2018-05-24T11:14:25.049+0000: 1141304.670: [GC 8761007K->1865531K(14469376K), 0.4365650 secs]
2018-05-24T11:14:45.723+0000: 1141325.344: [GC 8781179K->1880133K(14466368K), 0.4837090 secs]
2018-05-24T11:15:07.036+0000: 1141346.657: [GC 8795781K->1882226K(14477952K), 0.4270240 secs]
2018-05-24T11:15:28.732+0000: 1141368.352: [GC 8814258K->1889115K(14474176K), 0.4213650 secs]
2018-05-24T11:15:48.751+0000: 1141388.372: [GC 8821147K->1901381K(14485568K), 0.4709960 secs]
2018-05-24T11:16:07.834+0000: 1141407.454: [GC 8848389K->1937031K(14481536K), 0.5230240 secs]
2018-05-24T11:16:27.937+0000: 1141427.558: [GC 8884039K->1951480K(14498944K), 0.5519160 secs]
2018-05-24T11:16:48.610+0000: 1141448.230: [GC 8922616K->1953570K(14492288K), 0.4862800 secs]
2018-05-24T11:17:07.194+0000: 1141466.815: [GC 8924706K->1965668K(14507328K), 0.4858030 secs]
2018-05-24T11:17:26.449+0000: 1141486.069: [GC 8956068K->1993098K(14503168K), 0.5431080 secs]
2018-05-24T11:17:43.930+0000: 1141503.551: [GC 8983498K->2008354K(14513152K), 0.6201060 secs]
2018-05-24T11:18:01.358+0000: 1141520.979: [GC 9012578K->2007612K(14511168K), 0.5517090 secs]
2018-05-24T11:18:21.768+0000: 1141541.389: [GC 9011836K->2007087K(14520896K), 0.4875920 secs]
2018-05-24T11:18:40.740+0000: 1141560.361: [GC 9025775K->2015825K(14517888K), 0.5266770 secs]
2018-05-24T11:18:59.514+0000: 1141579.135: [GC 9034513K->2015935K(14526912K), 0.5102980 secs]
2018-05-24T11:19:17.677+0000: 1141597.298: [GC 9047103K->2031018K(14524352K), 0.5676490 secs]
2018-05-24T11:19:37.568+0000: 1141617.189: [GC 9062186K->2021731K(14531520K), 0.4790590 secs]
2018-05-24T11:19:57.323+0000: 1141636.943: [GC 9063523K->2024387K(14530368K), 0.4083770 secs]
2018-05-24T11:20:16.752+0000: 1141656.373: [GC 9066179K->2044831K(14535872K), 0.4732020 secs]
2018-05-24T11:20:36.775+0000: 1141676.395: [GC 9092831K->2047284K(14532224K), 0.4912980 secs]
2018-05-24T11:20:57.617+0000: 1141697.237: [GC 9095284K->2040661K(14539456K), 0.4343670 secs]
2018-05-24T11:21:20.480+0000: 1141720.101: [GC 9098709K->2043254K(14538688K), 0.4432190 secs]
2018-05-24T11:21:38.521+0000: 1141738.141: [GC 9101302K->2068745K(14540992K), 0.5379750 secs]
2018-05-24T11:21:58.143+0000: 1141757.764: [GC 9129801K->2075200K(14540160K), 0.5507550 secs]
2018-05-24T11:23:22.975+0000: 1141842.595: [GC 9136256K->2147089K(14489536K), 0.9201280 secs]
2018-05-24T11:25:06.352+0000: 1141945.973: [GC 9158033K->2200834K(14515520K), 0.8285680 secs]
2018-05-24T11:25:27.233+0000: 1141966.854: [GC 9211778K->2154002K(14474688K), 0.4893580 secs]
2018-05-24T11:25:48.357+0000: 1141987.978: [GC 9124114K->2164306K(14495104K), 0.4589000 secs]
2018-05-24T11:26:10.792+0000: 1142010.413: [GC 9134418K->2165766K(14502592K), 0.4668260 secs]
2018-05-24T11:26:29.833+0000: 1142029.453: [GC 9147334K->2203788K(14499072K), 0.6493240 secs]
2018-05-24T11:26:48.496+0000: 1142048.117: [GC 9185356K->2181507K(14504640K), 0.5077300 secs]
2018-05-24T11:27:09.884+0000: 1142069.504: [GC 9166979K->2199911K(14500928K), 0.5762670 secs]
2018-05-24T11:27:31.241+0000: 1142090.862: [GC 9185383K->2203219K(14513984K), 0.5765910 secs]
2018-05-24T11:27:52.529+0000: 1142112.149: [GC 9206675K->2204021K(14509568K), 0.5301840 secs]
2018-05-24T11:28:12.947+0000: 1142132.568: [GC 9207477K->2209555K(14519872K), 0.5004320 secs]
2018-05-24T11:28:34.948+0000: 1142154.569: [GC 9226387K->2224460K(14517056K), 0.5672820 secs]
2018-05-24T11:28:55.089+0000: 1142174.709: [GC 9241292K->2238056K(14524800K), 0.6070930 secs]
2018-05-24T11:29:12.857+0000: 1142192.477: [GC 9266600K->2236850K(14523840K), 0.5483630 secs]
2018-05-24T11:29:33.727+0000: 1142213.348: [GC 9265394K->2247215K(14529792K), 0.5820060 secs]
2018-05-24T11:29:54.163+0000: 1142233.784: [GC 9285295K->2253051K(14528384K), 0.5861260 secs]
2018-05-24T11:30:03.447+0000: 1142243.068: [GC 5282746K->2179433K(14510720K), 0.1642210 secs]
2018-05-24T11:30:03.612+0000: 1142243.232: [Full GC 2179433K->1138641K(14510720K), 3.5118960 secs]
2018-05-24T11:30:27.504+0000: 1142267.125: [GC 8161745K->1248914K(14521600K), 0.4446940 secs]
2018-05-24T11:30:51.182+0000: 1142290.803: [GC 8272018K->1251057K(14528960K), 0.4617950 secs]
2018-05-24T11:31:14.926+0000: 1142314.547: [GC 8286001K->1262145K(14526080K), 0.5434780 secs]
2018-05-24T11:31:37.331+0000: 1142336.951: [GC 8297089K->1267091K(14536000K), 0.5159420 secs]
2018-05-24T11:31:59.996+0000: 1142359.617: [GC 8315795K->1276843K(14532800K), 0.5096100 secs]
2018-05-24T11:32:21.321+0000: 1142380.942: [GC 8325547K->1292688K(14537280K), 0.5816980 secs]
2018-05-24T11:32:41.187+0000: 1142400.807: [GC 8348560K->1281573K(14537984K), 0.4932820 secs]
2018-05-24T11:33:05.358+0000: 1142424.979: [GC 8337445K->1308979K(14535232K), 0.6062330 secs]
2018-05-24T11:33:26.652+0000: 1142446.273: [GC 8363827K->1291846K(14537472K), 0.4528280 secs]
2018-05-24T11:33:48.677+0000: 1142468.298: [GC 8346694K->1320074K(14538176K), 0.5454080 secs]
2018-05-24T11:34:10.562+0000: 1142490.183: [GC 8375882K->1323884K(14537728K), 0.5670940 secs]
2018-05-24T11:34:33.616+0000: 1142513.237: [GC 8379692K->1324333K(14542208K), 0.5344690 secs]
2018-05-24T11:34:54.491+0000: 1142534.111: [GC 8386797K->1326990K(14540352K), 0.4574230 secs]
2018-05-24T11:35:16.362+0000: 1142555.983: [GC 8389454K->1336074K(14545728K), 0.4293980 secs]
2018-05-24T11:35:40.559+0000: 1142580.180: [GC 8405322K->1340195K(14543616K), 0.3001950 secs]
2018-05-24T11:36:04.787+0000: 1142604.408: [GC 8409443K->1361322K(14545344K), 0.5383300 secs]
2018-05-24T11:36:25.699+0000: 1142625.320: [GC 8433322K->1363052K(14546048K), 0.5105760 secs]
2018-05-24T11:36:47.008+0000: 1142646.628: [GC 8435052K->1378585K(14546560K), 0.5664710 secs]
2018-05-24T11:37:07.603+0000: 1142667.224: [GC 8453145K->1377541K(14547328K), 0.5479510 secs]
2018-05-24T11:37:28.844+0000: 1142688.464: [GC 8452101K->1372985K(14549696K), 0.4655370 secs]
2018-05-24T11:37:50.720+0000: 1142710.340: [GC 8452025K->1391375K(14549440K), 0.5182610 secs]
2018-05-24T11:38:11.751+0000: 1142731.372: [GC 8470415K->1404323K(14547584K), 0.5447960 secs]
2018-05-24T11:38:32.741+0000: 1142752.361: [GC 8482467K->1409417K(14535104K), 0.5588250 secs]
2018-05-24T11:38:51.448+0000: 1142771.069: [GC 8487561K->1410701K(14550656K), 0.5298710 secs]
2018-05-24T11:39:12.951+0000: 1142792.572: [GC 8490125K->1420964K(14548864K), 0.5051670 secs]
2018-05-24T11:39:35.005+0000: 1142814.626: [GC 8500388K->1429698K(14552000K), 0.5284460 secs]
2018-05-24T11:39:57.478+0000: 1142837.098: [GC 8513410K->1429414K(14551808K), 0.4732260 secs]
2018-05-24T11:40:19.647+0000: 1142859.267: [GC 8513126K->1445537K(14551552K), 0.5159720 secs]
2018-05-24T11:40:38.326+0000: 1142877.947: [GC 8530081K->1443699K(14552320K), 0.4792020 secs]
2018-05-24T11:40:59.951+0000: 1142899.572: [GC 8528243K->1458210K(14552576K), 0.5041690 secs]
2018-05-24T11:41:20.957+0000: 1142920.577: [GC 8543650K->1470470K(14547840K), 0.6204700 secs]
2018-05-24T11:41:40.388+0000: 1142940.008: [GC 8555910K->1468763K(14551488K), 0.5582730 secs]
2018-05-24T11:42:01.814+0000: 1142961.435: [GC 8550619K->1470761K(14550464K), 0.5143790 secs]
2018-05-24T11:42:23.339+0000: 1142982.960: [GC 8552617K->1483364K(14552128K), 0.5600840 secs]
2018-05-24T11:42:43.623+0000: 1143003.244: [GC 8568164K->1496890K(14549120K), 0.5705140 secs]
2018-05-24T11:43:05.541+0000: 1143025.162: [GC 8581690K->1493368K(14551232K), 0.5417570 secs]
2018-05-24T11:43:27.658+0000: 1143047.278: [GC 8574456K->1491379K(14549952K), 0.5109360 secs]
2018-05-24T11:43:51.939+0000: 1143071.559: [GC 8572467K->1493426K(14549696K), 0.4865890 secs]
2018-05-24T11:44:16.786+0000: 1143096.407: [GC 8573874K->1490300K(14512768K), 0.4330460 secs]
2018-05-24T11:44:42.612+0000: 1143122.233: [GC 8570748K->1495552K(14546496K), 0.3973130 secs]
2018-05-24T11:45:08.176+0000: 1143147.797: [GC 8570624K->1511725K(14547584K), 0.3960260 secs]
2018-05-24T11:45:29.303+0000: 1143168.923: [GC 8586797K->1545843K(14540224K), 0.5576690 secs]
2018-05-24T11:45:47.854+0000: 1143187.475: [GC 8614259K->1536404K(14544256K), 0.4630920 secs]
2018-05-24T11:46:10.577+0000: 1143210.197: [GC 8604820K->1539529K(14548480K), 0.5052050 secs]
2018-05-24T11:46:33.091+0000: 1143232.711: [GC 8614537K->1548646K(14546624K), 0.5115980 secs]
2018-05-24T11:46:54.265+0000: 1143253.886: [GC 8623654K->1560595K(14549248K), 0.5410610 secs]
2018-05-24T11:47:13.826+0000: 1143273.446: [GC 8640147K->1569042K(14535040K), 0.5663500 secs]
2018-05-24T11:47:35.990+0000: 1143295.610: [GC 8648594K->1557305K(14549760K), 0.4612620 secs]
2018-05-24T11:47:56.314+0000: 1143315.935: [GC 8636601K->1582147K(14536768K), 0.5227940 secs]
2018-05-24T11:48:17.008+0000: 1143336.629: [GC 8661443K->1591249K(14545984K), 0.5671680 secs]
2018-05-24T11:48:35.094+0000: 1143354.715: [GC 8665937K->1593220K(14547392K), 0.5646170 secs]
2018-05-24T11:48:56.171+0000: 1143375.791: [GC 8667908K->1597217K(14549760K), 0.5218440 secs]
2018-05-24T11:49:19.783+0000: 1143399.404: [GC 8675041K->1616698K(14543680K), 0.5693030 secs]
2018-05-24T11:49:38.472+0000: 1143418.092: [GC 8694522K->1612944K(14548288K), 0.5233720 secs]
2018-05-24T11:49:59.265+0000: 1143438.886: [GC 8687440K->1622504K(14546304K), 0.4823490 secs]
2018-05-24T11:50:22.737+0000: 1143462.357: [GC 8697000K->1644585K(14540992K), 0.5418690 secs]
2018-05-24T11:50:45.727+0000: 1143485.347: [GC 8714665K->1648688K(14533120K), 0.5358070 secs]
2018-05-24T11:51:06.155+0000: 1143505.776: [GC 8718768K->1653197K(14544256K), 0.5072050 secs]
2018-05-24T11:51:31.567+0000: 1143531.187: [GC 8721357K->1652476K(14544000K), 0.5597500 secs]
2018-05-24T11:51:53.284+0000: 1143552.905: [GC 8720636K->1658934K(14547200K), 0.4829600 secs]
2018-05-24T11:52:23.293+0000: 1143582.913: [GC 8731894K->1664787K(14545856K), 0.5191300 secs]
2018-05-24T11:52:53.366+0000: 1143612.986: [GC 8737747K->1696160K(14532224K), 0.4000300 secs]
2018-05-24T11:53:13.009+0000: 1143632.630: [GC 8756256K->1679931K(14540096K), 0.4559140 secs]
2018-05-24T11:53:34.064+0000: 1143653.685: [GC 8740027K->1697827K(14542400K), 0.5500030 secs]
2018-05-24T11:53:53.669+0000: 1143673.289: [GC 8760803K->1713873K(14540672K), 0.5582100 secs]
2018-05-24T11:54:13.835+0000: 1143693.456: [GC 8776849K->1697210K(14540288K), 0.4711440 secs]
2018-05-24T11:54:34.880+0000: 1143714.500: [GC 8758202K->1712468K(14540544K), 0.5216600 secs]
2018-05-24T11:54:54.881+0000: 1143734.501: [GC 8773460K->1732913K(14539712K), 0.5657160 secs]
2018-05-24T11:55:12.731+0000: 1143752.352: [GC 8794801K->1727414K(14540992K), 0.4706520 secs]
2018-05-24T11:55:34.276+0000: 1143773.896: [GC 8789302K->1734286K(14544000K), 0.4716320 secs]
2018-05-24T11:55:55.644+0000: 1143795.265: [GC 8800782K->1748398K(14542592K), 0.5001690 secs]
2018-05-24T11:56:15.600+0000: 1143815.221: [GC 8814894K->1755330K(14546496K), 0.3804460 secs]
2018-05-24T11:56:36.455+0000: 1143836.076: [GC 8826754K->1745488K(14545024K), 0.4510780 secs]
2018-05-24T11:56:58.656+0000: 1143858.276: [GC 8816912K->1766840K(14546752K), 0.4796410 secs]
2018-05-24T11:57:19.309+0000: 1143878.930: [GC 8839416K->1775198K(14545920K), 0.5017210 secs]
2018-05-24T11:57:40.526+0000: 1143900.147: [GC 8847774K->1783173K(14547776K), 0.5690410 secs]
2018-05-24T11:57:58.985+0000: 1143918.605: [GC 8858309K->1786568K(14547456K), 0.5079980 secs]
2018-05-24T11:58:19.814+0000: 1143939.435: [GC 8861704K->1795348K(14550336K), 0.5053520 secs]
2018-05-24T11:58:40.875+0000: 1143960.496: [GC 8874516K->1805947K(14548928K), 0.5471480 secs]
2018-05-24T11:58:59.435+0000: 1143979.056: [GC 8885115K->1806627K(14551872K), 0.5478820 secs]
2018-05-24T11:59:20.873+0000: 1144000.493: [GC 8889507K->1809653K(14551104K), 0.5088470 secs]
2018-05-24T11:59:46.650+0000: 1144026.270: [GC 8892533K->1835970K(14539328K), 0.6330280 secs]
2018-05-24T12:00:07.530+0000: 1144047.151: [GC 8907330K->1832630K(14545728K), 0.4814190 secs]
2018-05-24T12:00:30.368+0000: 1144069.989: [GC 8903990K->1846629K(14547712K), 0.5696940 secs]
2018-05-24T12:00:50.382+0000: 1144090.003: [GC 8921637K->1849089K(14547392K), 0.4949330 secs]
2018-05-24T12:01:08.049+0000: 1144107.670: [GC 8924097K->1861473K(14550272K), 0.5485810 secs]
2018-05-24T12:01:28.060+0000: 1144127.680: [GC 8940641K->1873060K(14548992K), 0.5715840 secs]
2018-05-24T12:01:46.360+0000: 1144145.980: [GC 8952228K->1877433K(14549568K), 0.5539270 secs]
2018-05-24T12:02:07.271+0000: 1144166.892: [GC 8956409K->1882514K(14549504K), 0.5389650 secs]
2018-05-24T12:02:25.660+0000: 1144185.280: [GC 8961490K->1899923K(14544192K), 0.5739880 secs]
2018-05-24T12:02:44.783+0000: 1144204.404: [GC 8974099K->1899723K(14547136K), 0.5632510 secs]
2018-05-24T12:03:04.105+0000: 1144223.726: [GC 8973899K->1909027K(14548992K), 0.5476410 secs]
2018-05-24T12:03:23.581+0000: 1144243.202: [GC 8985827K->1921769K(14547904K), 0.5890950 secs]
2018-05-24T12:03:43.186+0000: 1144262.806: [GC 8998569K->1913821K(14547200K), 0.5098060 secs]
2018-05-24T12:04:04.114+0000: 1144283.734: [GC 8989405K->1919561K(14522944K), 0.5200250 secs]
2018-05-24T12:04:25.167+0000: 1144304.788: [GC 8995145K->1934321K(14548928K), 0.5342730 secs]
2018-05-24T12:04:45.517+0000: 1144325.138: [GC 9010609K->1945924K(14547456K), 0.5840740 secs]
2018-05-24T12:05:10.388+0000: 1144350.009: [GC 9022212K->1942437K(14549440K), 0.5057250 secs]
2018-05-24T12:05:31.982+0000: 1144371.603: [GC 9020517K->1955148K(14548736K), 0.5598140 secs]
2018-05-24T12:05:53.629+0000: 1144393.250: [GC 9033228K->1957675K(14550976K), 0.5358420 secs]
2018-05-24T12:06:12.246+0000: 1144411.867: [GC 9039083K->1977024K(14545216K), 0.5582000 secs]
2018-05-24T12:06:32.424+0000: 1144432.045: [GC 9058432K->1980367K(14549888K), 0.5669820 secs]
2018-05-24T12:06:56.052+0000: 1144455.673: [GC 9059663K->1967584K(14518208K), 0.4843580 secs]
2018-05-24T12:07:22.182+0000: 1144481.802: [GC 9046880K->1982385K(14548160K), 0.4948190 secs]
2018-05-24T12:07:45.252+0000: 1144504.873: [GC 9058481K->1992329K(14548032K), 0.4936070 secs]
2018-05-24T12:08:06.525+0000: 1144526.146: [GC 9068425K->2009018K(14549312K), 0.5830280 secs]
2018-05-24T12:08:28.277+0000: 1144547.897: [GC 9087162K->2010105K(14548928K), 0.5489350 secs]
2018-05-24T12:08:49.940+0000: 1144569.561: [GC 9088249K->2008196K(14549824K), 0.4890450 secs]
2018-05-24T12:09:17.409+0000: 1144597.030: [GC 9088516K->2009944K(14517568K), 0.4511080 secs]
2018-05-24T12:09:34.950+0000: 1144614.571: [GC 9090264K->2038928K(14547264K), 0.5494510 secs]
2018-05-24T12:09:55.757+0000: 1144635.378: [GC 9115280K->2041667K(14548224K), 0.4975530 secs]
2018-05-24T12:10:16.283+0000: 1144655.904: [GC 9118019K->2055556K(14545088K), 0.5235580 secs]
2018-05-24T12:10:35.556+0000: 1144675.177: [GC 9129220K->2049857K(14546880K), 0.4506370 secs]
2018-05-24T12:10:58.067+0000: 1144697.688: [GC 9123521K->2077021K(14540224K), 0.5500360 secs]
2018-05-24T12:11:18.686+0000: 1144718.307: [GC 9145181K->2083698K(14532928K), 0.5683970 secs]
2018-05-24T12:11:36.870+0000: 1144736.491: [GC 9151858K->2078191K(14543744K), 0.4978450 secs]
2018-05-24T12:11:58.489+0000: 1144758.110: [GC 9144431K->2091400K(14542592K), 0.5260110 secs]
2018-05-24T12:12:19.752+0000: 1144779.373: [GC 9157640K->2099637K(14546816K), 0.4984170 secs]
2018-05-24T12:12:42.076+0000: 1144801.697: [GC 9171637K->2102974K(14545280K), 0.5629800 secs]
2018-05-24T12:13:06.045+0000: 1144825.665: [GC 9174974K->2091604K(14544064K), 0.4494080 secs]
2018-05-24T12:13:30.127+0000: 1144849.748: [GC 9163604K->2101247K(14510528K), 0.4032260 secs]
2018-05-24T12:13:51.420+0000: 1144871.040: [GC 9173247K->2123315K(14546624K), 0.5290500 secs]
2018-05-24T12:14:10.475+0000: 1144890.096: [GC 9195507K->2125804K(14545664K), 0.5466800 secs]
2018-05-24T12:14:30.397+0000: 1144910.017: [GC 9197996K->2135699K(14549120K), 0.5148970 secs]
2018-05-24T12:14:52.823+0000: 1144932.444: [GC 9213395K->2135696K(14548672K), 0.5019090 secs]
2018-05-24T12:15:12.413+0000: 1144952.034: [GC 9213392K->2151429K(14549120K), 0.5269140 secs]
2018-05-24T12:15:32.016+0000: 1144971.637: [GC 9230853K->2157289K(14549760K), 0.4739620 secs]
2018-05-24T12:15:54.437+0000: 1144994.058: [GC 9236713K->2164789K(14550400K), 0.5159320 secs]
2018-05-24T12:16:16.781+0000: 1145016.402: [GC 9245237K->2180094K(14545472K), 0.5988670 secs]
2018-05-24T12:16:35.468+0000: 1145035.089: [GC 9260542K->2176440K(14549440K), 0.5540200 secs]
2018-05-24T12:17:44.304+0000: 1145103.925: [GC 9253496K->2249894K(14547712K), 0.9121550 secs]
2018-05-24T12:18:41.134+0000: 1145160.755: [GC 9326950K->2327770K(14442624K), 0.9500890 secs]
2018-05-24T12:19:32.596+0000: 1145212.217: [GC 9298010K->2394002K(14495168K), 0.8253980 secs]
2018-05-24T12:20:24.074+0000: 1145263.695: [GC 9364242K->2407553K(14424000K), 0.8390100 secs]
2018-05-24T12:21:14.184+0000: 1145313.805: [GC 9306625K->2420843K(14427968K), 0.8455110 secs]
2018-05-24T12:22:05.549+0000: 1145365.170: [GC 9319915K->2427697K(14438336K), 1.0403950 secs]
2018-05-24T12:22:57.477+0000: 1145417.098: [GC 9296433K->2432961K(14391808K), 0.9402760 secs]
2018-05-24T12:23:43.413+0000: 1145463.034: [GC 9301697K->2420868K(14448000K), 0.7969240 secs]
2018-05-24T12:24:01.407+0000: 1145481.028: [GC 9289988K->2365631K(14441216K), 0.4591790 secs]
2018-05-24T12:24:18.739+0000: 1145498.360: [GC 9234751K->2378336K(14446144K), 0.4751370 secs]
2018-05-24T12:24:38.643+0000: 1145518.264: [GC 9249888K->2395419K(14445504K), 0.5422080 secs]
2018-05-24T12:24:56.633+0000: 1145536.254: [GC 9266971K->2398744K(14453184K), 0.4798310 secs]
2018-05-24T12:25:15.812+0000: 1145555.433: [GC 9281624K->2406945K(14449792K), 0.4721110 secs]
2018-05-24T12:25:32.169+0000: 1145571.790: [GC 9289825K->2409825K(14460480K), 0.4402810 secs]
2018-05-24T12:25:48.407+0000: 1145588.028: [GC 9307297K->2415308K(14457088K), 0.4402770 secs]
2018-05-24T12:26:09.624+0000: 1145609.245: [GC 9312780K->2437166K(14470976K), 0.5129830 secs]
2018-05-24T12:26:26.171+0000: 1145625.792: [GC 9352174K->2426293K(14464128K), 0.4807930 secs]
2018-05-24T12:26:47.194+0000: 1145646.815: [GC 9341301K->2441524K(14479552K), 0.5256030 secs]
2018-05-24T12:27:46.550+0000: 1145706.170: [GC 9375220K->2524548K(14458240K), 0.9481060 secs]
2018-05-24T12:28:33.075+0000: 1145752.695: [GC 9458244K->2539604K(14438912K), 0.8352410 secs]
2018-05-24T12:29:35.442+0000: 1145815.063: [GC 9423188K->2539807K(14401984K), 0.8533550 secs]
2018-05-24T12:30:07.132+0000: 1145846.753: [GC 8859328K->2508927K(14454464K), 0.5703450 secs]
2018-05-24T12:30:07.702+0000: 1145847.323: [Full GC 2508927K->1393568K(14454464K), 4.2059640 secs]
2018-05-24T12:30:27.595+0000: 1145867.216: [GC 8273248K->1504230K(14445312K), 0.4095980 secs]
2018-05-24T12:30:46.574+0000: 1145886.195: [GC 8383910K->1507899K(14459584K), 0.4085270 secs]
2018-05-24T12:31:04.595+0000: 1145904.216: [GC 8405435K->1526000K(14458048K), 0.4301480 secs]
2018-05-24T12:31:21.880+0000: 1145921.501: [GC 8423536K->1539433K(14469440K), 0.4947470 secs]
2018-05-24T12:31:42.314+0000: 1145941.935: [GC 8452713K->1554923K(14463936K), 0.5835120 secs]
2018-05-24T12:32:34.953+0000: 1145994.574: [GC 8468203K->1632868K(14444800K), 0.9023850 secs]
2018-05-24T12:33:18.613+0000: 1146038.233: [GC 8533860K->1636059K(14425984K), 0.8242570 secs]
2018-05-24T12:34:06.445+0000: 1146086.065: [GC 8537051K->1642597K(14436416K), 0.8431870 secs]
2018-05-24T12:35:01.782+0000: 1146141.403: [GC 8509157K->1653327K(14390080K), 0.8160190 secs]
2018-05-24T12:36:12.882+0000: 1146212.503: [GC 8519887K->1660733K(14430720K), 0.9349570 secs]
2018-05-24T12:38:00.543+0000: 1146320.164: [GC 8509245K->1667749K(14369152K), 0.9073410 secs]
2018-05-24T12:40:36.860+0000: 1146476.481: [GC 8516261K->1671864K(14435776K), 0.7602120 secs]
2018-05-24T12:41:16.716+0000: 1146516.337: [GC 8520312K->1625364K(14432768K), 0.5007990 secs]
2018-05-24T12:41:56.748+0000: 1146556.368: [GC 8473812K->1661840K(14443520K), 0.6348520 secs]
2018-05-24T12:42:16.014+0000: 1146575.635: [GC 8522064K->1619949K(14436800K), 0.4024550 secs]
2018-05-24T12:42:38.399+0000: 1146598.020: [GC 8480173K->1642364K(14443840K), 0.4629570 secs]
2018-05-24T12:42:56.216+0000: 1146615.837: [GC 8507260K->1645753K(14441152K), 0.4629080 secs]
2018-05-24T12:43:14.905+0000: 1146634.525: [GC 8510649K->1651979K(14450112K), 0.4678200 secs]
2018-05-24T12:43:40.335+0000: 1146659.956: [GC 8528587K->1660397K(14446592K), 0.4814880 secs]
2018-05-24T12:43:57.318+0000: 1146676.938: [GC 8537005K->1670376K(14460544K), 0.4994400 secs]
2018-05-24T12:44:34.920+0000: 1146714.540: [GC 8565864K->1715165K(14455040K), 0.7403540 secs]
2018-05-24T12:45:38.925+0000: 1146778.546: [GC 8610653K->1762409K(14440320K), 0.8614560 secs]
2018-05-24T12:46:41.203+0000: 1146840.823: [GC 8646377K->1776073K(14410176K), 0.9211310 secs]
2018-05-24T12:47:40.223+0000: 1146899.844: [GC 8660041K->1791287K(14422400K), 0.7753830 secs]
2018-05-24T12:48:24.237+0000: 1146943.857: [GC 8635447K->1769048K(14432128K), 0.7649230 secs]
2018-05-24T12:48:41.860+0000: 1146961.480: [GC 8613208K->1727109K(14441088K), 0.4520230 secs]
2018-05-24T12:49:04.486+0000: 1146984.106: [GC 8587205K->1735060K(14439104K), 0.5103780 secs]
2018-05-24T12:49:26.328+0000: 1147005.949: [GC 8595156K->1733174K(14447168K), 0.4235270 secs]
2018-05-24T12:49:43.883+0000: 1147023.503: [GC 8604662K->1747586K(14444416K), 0.4555470 secs]
2018-05-24T12:50:05.876+0000: 1147045.497: [GC 8619074K->1771807K(14459648K), 0.5234630 secs]
2018-05-24T12:50:56.434+0000: 1147096.054: [GC 8662879K->1791948K(14451520K), 0.6041170 secs]
2018-05-24T12:51:16.604+0000: 1147116.224: [GC 8683020K->1771449K(14471424K), 0.4517710 secs]
2018-05-24T12:52:20.192+0000: 1147179.813: [GC 8690681K->1820229K(14467904K), 0.7024950 secs]
2018-05-24T12:53:16.663+0000: 1147236.283: [GC 8739461K->1866210K(14451136K), 0.8308420 secs]
2018-05-24T12:53:36.471+0000: 1147256.092: [GC 8771170K->1797958K(14462528K), 0.4649420 secs]
2018-05-24T12:53:55.141+0000: 1147274.762: [GC 8702918K->1802266K(14467648K), 0.4561020 secs]
2018-05-24T12:54:17.464+0000: 1147297.084: [GC 8714778K->1817991K(14464960K), 0.4988730 secs]
2018-05-24T12:54:34.667+0000: 1147314.288: [GC 8730503K->1827505K(14478592K), 0.4804780 secs]
2018-05-24T12:55:27.086+0000: 1147366.707: [GC 8758769K->1869255K(14472768K), 0.6297710 secs]
2018-05-24T12:56:29.299+0000: 1147428.919: [GC 8800519K->1924375K(14448640K), 0.9460870 secs]
2018-05-24T12:57:36.196+0000: 1147495.816: [GC 8832663K->1931243K(14434240K), 0.8889530 secs]
2018-05-24T12:58:19.001+0000: 1147538.622: [GC 8839531K->1896920K(14459456K), 0.6597830 secs]
2018-05-24T12:58:37.047+0000: 1147556.668: [GC 8788056K->1866860K(14451776K), 0.4442090 secs]
2018-05-24T12:58:59.078+0000: 1147578.699: [GC 8757996K->1890902K(14467264K), 0.5446810 secs]
2018-05-24T12:59:18.034+0000: 1147597.655: [GC 8799574K->1885017K(14461504K), 0.4521580 secs]
2018-05-24T12:59:35.757+0000: 1147615.378: [GC 8793689K->1886786K(14473536K), 0.4224640 secs]
2018-05-24T12:59:58.458+0000: 1147638.079: [GC 8811074K->1901893K(14470848K), 0.4091110 secs]
2018-05-24T13:00:16.513+0000: 1147656.134: [GC 8826181K->1904734K(14482240K), 0.4137210 secs]
2018-05-24T13:00:47.828+0000: 1147687.449: [GC 8844894K->1943478K(14478016K), 0.5751880 secs]
2018-05-24T13:01:35.628+0000: 1147735.248: [GC 8883638K->1958663K(14487232K), 0.6274460 secs]
2018-05-24T13:01:54.229+0000: 1147753.850: [GC 8911879K->1936560K(14486080K), 0.4952970 secs]
2018-05-24T13:02:20.079+0000: 1147779.700: [GC 8889776K->1948577K(14496576K), 0.5107550 secs]
2018-05-24T13:02:56.751+0000: 1147816.371: [GC 8916257K->1966503K(14491200K), 0.6295280 secs]
2018-05-24T13:03:55.937+0000: 1147875.558: [GC 8934183K->2040459K(14455552K), 0.9850630 secs]
2018-05-24T13:04:44.794+0000: 1147924.414: [GC 8977291K->2032047K(14438336K), 0.5880590 secs]
2018-05-24T13:05:35.248+0000: 1147974.868: [GC 8968879K->2033350K(14471808K), 0.7489250 secs]
2018-05-24T13:05:51.625+0000: 1147991.246: [GC 8958278K->1987607K(14472512K), 0.2321110 secs]
2018-05-24T13:06:04.335+0000: 1148003.955: [GC 8912535K->1983243K(14474688K), 0.4010800 secs]
2018-05-24T13:06:30.701+0000: 1148030.321: [GC 8911947K->2030116K(14474112K), 0.6558800 secs]
2018-05-24T13:07:22.970+0000: 1148082.591: [GC 8958820K->2050841K(14483008K), 0.6955140 secs]
2018-05-24T13:07:49.596+0000: 1148109.217: [GC 8995481K->2021748K(14481728K), 0.5122640 secs]
2018-05-24T13:08:37.670+0000: 1148157.291: [GC 8966388K->2045219K(14492864K), 0.6415340 secs]
2018-05-24T13:09:33.823+0000: 1148213.444: [GC 9004323K->2121863K(14486336K), 0.9681980 secs]
2018-05-24T13:10:37.216+0000: 1148276.836: [GC 9080967K->2133939K(14428864K), 0.7405550 secs]
2018-05-24T13:11:32.113+0000: 1148331.734: [GC 9029043K->2130192K(14405504K), 0.4718920 secs]
2018-05-24T13:12:12.159+0000: 1148371.780: [GC 9025296K->2117461K(14460224K), 0.6637840 secs]
2018-05-24T13:13:01.321+0000: 1148420.941: [GC 9011733K->2140328K(14454144K), 0.7771580 secs]
2018-05-24T13:13:20.241+0000: 1148439.862: [GC 9034600K->2091633K(14461056K), 0.4825210 secs]
2018-05-24T13:13:38.336+0000: 1148457.957: [GC 8993137K->2093298K(14460544K), 0.4465450 secs]
2018-05-24T13:14:01.153+0000: 1148480.773: [GC 8994802K->2123913K(14467904K), 0.5930900 secs]
2018-05-24T13:14:18.416+0000: 1148498.037: [GC 9033609K->2118838K(14461888K), 0.4941420 secs]
2018-05-24T13:14:48.599+0000: 1148528.220: [GC 9028534K->2147213K(14478400K), 0.6345570 secs]
2018-05-24T13:15:37.890+0000: 1148577.511: [GC 9076557K->2216068K(14460288K), 0.8918080 secs]
2018-05-24T13:16:33.829+0000: 1148633.450: [GC 9145412K->2224416K(14440000K), 0.9289160 secs]
2018-05-24T13:17:17.373+0000: 1148676.994: [GC 9107744K->2200735K(14451712K), 0.6151370 secs]
2018-05-24T13:18:18.178+0000: 1148737.798: [GC 9084063K->2230728K(14448384K), 0.7682810 secs]
2018-05-24T13:19:13.497+0000: 1148793.118: [GC 9114440K->2252713K(14410240K), 0.9435460 secs]
2018-05-24T13:19:42.019+0000: 1148821.640: [GC 9136425K->2196458K(14448960K), 0.5649050 secs]
2018-05-24T13:19:59.008+0000: 1148838.628: [GC 9070762K->2189867K(14445440K), 0.4653710 secs]
2018-05-24T13:20:21.460+0000: 1148861.081: [GC 9064171K->2205958K(14453888K), 0.4824070 secs]
2018-05-24T13:20:37.857+0000: 1148877.478: [GC 9089734K->2204007K(14449984K), 0.4403850 secs]
2018-05-24T13:20:56.436+0000: 1148896.056: [GC 9087783K->2205945K(14458880K), 0.4716710 secs]
2018-05-24T13:21:44.348+0000: 1148943.969: [GC 9101177K->2286979K(14411392K), 0.8870830 secs]
2018-05-24T13:22:46.152+0000: 1149005.772: [GC 9182211K->2299665K(14439744K), 0.8810390 secs]
2018-05-24T13:23:06.123+0000: 1149025.743: [GC 9171345K->2237660K(14445888K), 0.5002970 secs]
2018-05-24T13:23:24.723+0000: 1149044.344: [GC 9109340K->2246583K(14451968K), 0.4843290 secs]
2018-05-24T13:24:17.582+0000: 1149097.203: [GC 9126711K->2285283K(14448256K), 0.6444670 secs]
2018-05-24T13:24:38.997+0000: 1149118.617: [GC 9165411K->2262764K(14463232K), 0.4834130 secs]
2018-05-24T13:24:56.266+0000: 1149135.887: [GC 9166636K->2272825K(14460736K), 0.4379220 secs]
2018-05-24T13:25:35.995+0000: 1149175.616: [GC 9176697K->2333455K(14462656K), 0.7036880 secs]
2018-05-24T13:26:35.643+0000: 1149235.264: [GC 9242639K->2378677K(14438336K), 0.9627650 secs]
2018-05-24T13:27:01.286+0000: 1149260.907: [GC 9287861K->2321424K(14458432K), 0.5558800 secs]
2018-05-24T13:27:18.994+0000: 1149278.615: [GC 9211472K->2309525K(14451712K), 0.4740530 secs]
2018-05-24T13:27:41.606+0000: 1149301.227: [GC 9199573K->2321837K(14465408K), 0.5030390 secs]
2018-05-24T13:27:58.267+0000: 1149317.888: [GC 9228205K->2331082K(14461056K), 0.5088060 secs]
2018-05-24T13:28:16.112+0000: 1149335.732: [GC 9237450K->2330903K(14473216K), 0.4584840 secs]
2018-05-24T13:28:37.464+0000: 1149357.085: [GC 9253847K->2359915K(14469824K), 0.5755760 secs]
2018-05-24T13:28:54.650+0000: 1149374.270: [GC 9282859K->2343754K(14483904K), 0.4794610 secs]
2018-05-24T13:29:28.172+0000: 1149407.793: [GC 9288522K->2378190K(14480960K), 0.6023710 secs]
2018-05-24T13:30:11.917+0000: 1149451.538: [GC 6341311K->2369192K(14494080K), 0.5085200 secs]
2018-05-24T13:30:12.426+0000: 1149452.046: [Full GC 2369192K->1308816K(14494080K), 4.5778140 secs]
2018-05-24T13:31:09.908+0000: 1149509.529: [GC 8272592K->1500260K(14489792K), 0.9108700 secs]
2018-05-24T13:32:06.348+0000: 1149565.969: [GC 8464036K->1519862K(14416832K), 0.9407500 secs]
2018-05-24T13:33:00.444+0000: 1149620.064: [GC 8406390K->1532123K(14418432K), 0.9641140 secs]
2018-05-24T13:33:55.891+0000: 1149675.511: [GC 8418651K->1542365K(14424448K), 0.8988130 secs]
2018-05-24T13:34:57.837+0000: 1149737.458: [GC 8388317K->1553927K(14372608K), 0.8107250 secs]
2018-05-24T13:35:54.733+0000: 1149794.353: [GC 8399879K->1559867K(14425280K), 0.8340890 secs]
2018-05-24T13:36:10.823+0000: 1149810.443: [GC 8393147K->1497698K(14426688K), 0.4758420 secs]
2018-05-24T13:36:27.688+0000: 1149827.309: [GC 8330978K->1504983K(14431232K), 0.4203800 secs]
2018-05-24T13:36:51.046+0000: 1149850.667: [GC 8344471K->1518171K(14428352K), 0.5150470 secs]
2018-05-24T13:37:08.344+0000: 1149867.965: [GC 8357659K->1516624K(14439808K), 0.4609480 secs]
2018-05-24T13:37:28.295+0000: 1149887.915: [GC 8372624K->1536597K(14436288K), 0.5380720 secs]
2018-05-24T13:37:47.950+0000: 1149907.571: [GC 8392597K->1530182K(14450176K), 0.4442370 secs]
2018-05-24T13:38:05.255+0000: 1149924.876: [GC 8406534K->1540685K(14446272K), 0.4583910 secs]
2018-05-24T13:38:27.779+0000: 1149947.399: [GC 8417037K->1566164K(14463616K), 0.5387860 secs]
2018-05-24T13:38:45.100+0000: 1149964.721: [GC 8464788K->1552975K(14455104K), 0.4709680 secs]
2018-05-24T13:39:01.991+0000: 1149981.612: [GC 8451599K->1562115K(14472960K), 0.4749870 secs]
2018-05-24T13:39:53.862+0000: 1150033.482: [GC 8482947K->1654959K(14449280K), 0.8791900 secs]
2018-05-24T13:41:08.504+0000: 1150108.124: [GC 8575791K->1663985K(14434112K), 0.9193170 secs]
2018-05-24T13:42:03.815+0000: 1150163.435: [GC 8535025K->1685200K(14407168K), 0.9619610 secs]
2018-05-24T13:42:54.736+0000: 1150214.356: [GC 8556240K->1691027K(14416576K), 0.7879210 secs]
2018-05-24T13:43:26.493+0000: 1150246.114: [GC 8520339K->1636145K(14424704K), 0.5914960 secs]
2018-05-24T13:43:45.848+0000: 1150265.468: [GC 8465457K->1625801K(14435584K), 0.5140500 secs]
2018-05-24T13:44:07.345+0000: 1150286.966: [GC 8473033K->1627415K(14431744K), 0.4504050 secs]
2018-05-24T13:44:25.765+0000: 1150305.386: [GC 8474647K->1630894K(14443008K), 0.4443490 secs]
2018-05-24T13:44:42.817+0000: 1150322.438: [GC 8493166K->1645870K(14439360K), 0.4772040 secs]
2018-05-24T13:45:03.586+0000: 1150343.207: [GC 8508142K->1656990K(14456128K), 0.4767500 secs]
2018-05-24T13:45:20.941+0000: 1150360.561: [GC 8542046K->1662876K(14449024K), 0.4635380 secs]
2018-05-24T13:45:48.574+0000: 1150388.195: [GC 8547932K->1690131K(14470720K), 0.5829810 secs]
2018-05-24T13:46:43.451+0000: 1150443.071: [GC 8603475K->1761180K(14446464K), 0.9019870 secs]
2018-05-24T13:47:27.598+0000: 1150487.218: [GC 8674524K->1774138K(14426368K), 0.9588870 secs]
2018-05-24T13:48:13.452+0000: 1150533.072: [GC 8634554K->1778280K(14391424K), 0.9340580 secs]
2018-05-24T13:48:58.957+0000: 1150578.578: [GC 8638696K->1762343K(14434048K), 0.7624440 secs]
2018-05-24T13:49:18.235+0000: 1150597.855: [GC 8607335K->1703840K(14431040K), 0.4581700 secs]
2018-05-24T13:49:35.571+0000: 1150615.192: [GC 8548832K->1712058K(14438592K), 0.4607850 secs]
2018-05-24T13:49:56.862+0000: 1150636.483: [GC 8565946K->1727971K(14435392K), 0.4466790 secs]
2018-05-24T13:50:15.023+0000: 1150654.644: [GC 8581859K->1732661K(14449984K), 0.4588890 secs]
2018-05-24T13:50:50.362+0000: 1150689.982: [GC 8607093K->1773485K(14444544K), 0.6361500 secs]
2018-05-24T13:51:37.323+0000: 1150736.944: [GC 8647917K->1802468K(14452160K), 0.6497780 secs]
2018-05-24T13:51:54.567+0000: 1150754.188: [GC 8691172K->1756077K(14454400K), 0.5376670 secs]
2018-05-24T13:52:12.453+0000: 1150772.074: [GC 8644781K->1757300K(14462080K), 0.4198170 secs]
2018-05-24T13:52:33.455+0000: 1150793.076: [GC 8657716K->1769985K(14458432K), 0.4934870 secs]
2018-05-24T13:52:52.035+0000: 1150811.655: [GC 8670401K->1772002K(14472320K), 0.5176180 secs]
2018-05-24T13:53:12.277+0000: 1150831.897: [GC 8691810K->1790321K(14467584K), 0.4880300 secs]
2018-05-24T13:53:29.286+0000: 1150848.907: [GC 8710129K->1783703K(14483072K), 0.4712060 secs]
2018-05-24T13:53:47.418+0000: 1150867.038: [GC 8725847K->1794764K(14479168K), 0.4991410 secs]
2018-05-24T13:54:25.509+0000: 1150905.130: [GC 8736908K->1859036K(14469184K), 0.6876530 secs]
2018-05-24T13:55:15.692+0000: 1150955.312: [GC 8796380K->1889758K(14466688K), 0.8902340 secs]
2018-05-24T13:55:47.083+0000: 1150986.704: [GC 8827102K->1845221K(14469696K), 0.6303950 secs]
2018-05-24T13:56:05.330+0000: 1151004.951: [GC 8761509K->1824693K(14466688K), 0.4565690 secs]
2018-05-24T13:56:26.702+0000: 1151026.322: [GC 8740981K->1837608K(14477824K), 0.5413920 secs]
2018-05-24T13:56:44.404+0000: 1151044.025: [GC 8768360K->1827928K(14473024K), 0.4662020 secs]
2018-05-24T13:57:02.017+0000: 1151061.638: [GC 8758680K->1837130K(14483648K), 0.4864200 secs]
2018-05-24T13:57:49.320+0000: 1151108.940: [GC 8780682K->1891464K(14480000K), 0.7406910 secs]
2018-05-24T13:58:55.837+0000: 1151175.457: [GC 8835016K->1930868K(14453248K), 0.8585350 secs]
2018-05-24T14:00:03.657+0000: 1151243.277: [GC 8844788K->1946287K(14440768K), 0.7903650 secs]
2018-05-24T14:00:55.861+0000: 1151295.482: [GC 8860207K->1958090K(14433024K), 0.8648640 secs]
2018-05-24T14:01:49.688+0000: 1151349.309: [GC 8825418K->1969279K(14395456K), 0.8371820 secs]
2018-05-24T14:02:38.803+0000: 1151398.423: [GC 8836607K->1978678K(14422464K), 0.9785880 secs]
2018-05-24T14:03:38.224+0000: 1151457.845: [GC 8816950K->1983802K(14362496K), 0.9085400 secs]
2018-05-24T14:04:30.390+0000: 1151510.011: [GC 8822074K->1996180K(14422784K), 0.8964640 secs]
2018-05-24T14:04:48.223+0000: 1151527.844: [GC 8825620K->1922409K(14424768K), 0.4738870 secs]
2018-05-24T14:05:05.947+0000: 1151545.567: [GC 8751849K->1926637K(14427136K), 0.3935890 secs]
2018-05-24T14:05:27.723+0000: 1151567.344: [GC 8759149K->1951098K(14425472K), 0.5626310 secs]
2018-05-24T14:05:45.297+0000: 1151584.918: [GC 8783610K->1947378K(14436544K), 0.4887430 secs]
2018-05-24T14:06:05.879+0000: 1151605.500: [GC 8796530K->1952134K(14432704K), 0.4414040 secs]
2018-05-24T14:06:25.125+0000: 1151624.746: [GC 8801286K->1954695K(14444672K), 0.4038440 secs]
2018-05-24T14:06:42.627+0000: 1151642.248: [GC 8820039K->1961345K(14440768K), 0.2879360 secs]
2018-05-24T14:07:22.039+0000: 1151681.660: [GC 8826689K->2032917K(14443072K), 0.8199590 secs]
2018-05-24T14:08:23.811+0000: 1151743.431: [GC 8904981K->2065187K(14399360K), 0.8870230 secs]
2018-05-24T14:09:17.518+0000: 1151797.138: [GC 8937251K->2076796K(14419968K), 0.9022270 secs]
2018-05-24T14:10:14.266+0000: 1151853.886: [GC 8912636K->2081421K(14361088K), 0.7254650 secs]
2018-05-24T14:11:05.639+0000: 1151905.260: [GC 8917261K->2082757K(14424192K), 0.8150720 secs]
2018-05-24T14:11:22.420+0000: 1151922.041: [GC 8910149K->2022914K(14423296K), 0.4870080 secs]
2018-05-24T14:11:41.615+0000: 1151941.236: [GC 8850306K->2034769K(14431488K), 0.4828290 secs]
2018-05-24T14:12:22.042+0000: 1151981.662: [GC 8873041K->2097634K(14426880K), 0.7764150 secs]
2018-05-24T14:12:52.876+0000: 1152012.496: [GC 8935906K->2083565K(14443264K), 0.6085640 secs]
2018-05-24T14:13:10.669+0000: 1152030.289: [GC 8940781K->2056096K(14434048K), 0.4479440 secs]
2018-05-24T14:13:32.967+0000: 1152052.588: [GC 8913312K->2082991K(14451328K), 0.5697520 secs]
2018-05-24T14:13:53.907+0000: 1152073.528: [GC 8959151K->2069974K(14444928K), 0.4664550 secs]
2018-05-24T14:14:12.298+0000: 1152091.919: [GC 8946134K->2083172K(14457984K), 0.4861100 secs]
2018-05-24T14:14:33.166+0000: 1152112.787: [GC 8975204K->2085211K(14454144K), 0.4496290 secs]
2018-05-24T14:15:08.930+0000: 1152148.550: [GC 8977243K->2119897K(14470400K), 0.5214490 secs]
2018-05-24T14:15:28.443+0000: 1152168.063: [GC 9031629K->2110580K(14461440K), 0.4586860 secs]
2018-05-24T14:15:46.612+0000: 1152186.233: [GC 9022324K->2122707K(14480512K), 0.4992810 secs]
2018-05-24T14:16:05.228+0000: 1152204.848: [GC 9058067K->2127652K(14474944K), 0.4373700 secs]
2018-05-24T14:16:22.171+0000: 1152221.792: [GC 9063012K->2125074K(14489152K), 0.4743450 secs]
2018-05-24T14:16:42.968+0000: 1152242.589: [GC 9079826K->2143418K(14485696K), 0.5549080 secs]
2018-05-24T14:17:43.429+0000: 1152303.050: [GC 9098170K->2232607K(14447040K), 0.8750660 secs]
2018-05-24T14:18:31.316+0000: 1152350.937: [GC 9154719K->2258253K(14459328K), 0.7758500 secs]
2018-05-24T14:19:28.432+0000: 1152408.052: [GC 9180365K->2263913K(14422720K), 0.9196350 secs]
2018-05-24T14:20:20.248+0000: 1152459.869: [GC 9125865K->2274297K(14395840K), 0.8837870 secs]
2018-05-24T14:21:04.484+0000: 1152504.105: [GC 9136249K->2282654K(14417280K), 0.8472260 secs]
2018-05-24T14:22:00.750+0000: 1152560.371: [GC 9110686K->2283671K(14353088K), 0.8902400 secs]
2018-05-24T14:23:02.453+0000: 1152622.074: [GC 9111703K->2299381K(14416512K), 0.8959220 secs]
2018-05-24T14:24:05.740+0000: 1152685.360: [GC 9117429K->2308025K(14419072K), 0.8297360 secs]
2018-05-24T14:24:53.557+0000: 1152733.178: [GC 9126073K->2317705K(14420096K), 0.8339920 secs]
2018-05-24T14:25:09.549+0000: 1152749.170: [GC 9136777K->2257467K(14419072K), 0.4794360 secs]
2018-05-24T14:25:25.529+0000: 1152765.150: [GC 9076539K->2253382K(14422208K), 0.4260880 secs]
2018-05-24T14:26:18.154+0000: 1152817.775: [GC 9076870K->2305027K(14421376K), 0.6211680 secs]
2018-05-24T14:27:21.427+0000: 1152881.047: [GC 9128515K->2361735K(14419328K), 0.9252130 secs]
2018-05-24T14:28:13.780+0000: 1152933.400: [GC 9193221K->2336792K(14425792K), 0.7422350 secs]
2018-05-24T14:28:31.035+0000: 1152950.656: [GC 9168280K->2295555K(14433088K), 0.4505050 secs]
2018-05-24T14:28:54.346+0000: 1152973.967: [GC 9143043K->2309510K(14433792K), 0.4849830 secs]
2018-05-24T14:29:15.317+0000: 1152994.938: [GC 9156998K->2330664K(14439936K), 0.5174040 secs]
2018-05-24T14:29:31.622+0000: 1153011.243: [GC 9185768K->2342349K(14435264K), 0.5508170 secs]
2018-05-24T14:29:51.664+0000: 1153031.284: [GC 9197453K->2345872K(14448128K), 0.4866670 secs]
2018-05-24T14:30:08.525+0000: 1153048.146: [GC 9218384K->2360472K(14444480K), 0.4609920 secs]
2018-05-24T14:30:17.011+0000: 1153056.632: [GC 5768030K->2319019K(14444480K), 0.2264690 secs]
2018-05-24T14:30:17.238+0000: 1153056.859: [Full GC 2319019K->1270314K(14444480K), 3.7042310 secs]
2018-05-24T14:31:06.916+0000: 1153106.537: [GC 8147242K->1434143K(14380800K), 0.7358020 secs]
2018-05-24T14:31:58.030+0000: 1153157.651: [GC 8311071K->1494190K(14415232K), 0.9978860 secs]
2018-05-24T14:33:06.790+0000: 1153226.410: [GC 8333998K->1508459K(14372096K), 0.9075960 secs]
2018-05-24T14:33:58.606+0000: 1153278.226: [GC 8348267K->1483023K(14431296K), 0.6377020 secs]
2018-05-24T14:34:19.885+0000: 1153299.506: [GC 8314639K->1460033K(14420416K), 0.4617690 secs]
2018-05-24T14:34:40.893+0000: 1153320.514: [GC 8291649K->1452763K(14435456K), 0.3507560 secs]
2018-05-24T14:35:00.224+0000: 1153339.844: [GC 8302619K->1456410K(14434496K), 0.2814320 secs]
2018-05-24T14:35:31.256+0000: 1153370.876: [GC 8306266K->1483771K(14441984K), 0.3498670 secs]
2018-05-24T14:35:49.274+0000: 1153388.894: [GC 8342075K->1483330K(14436416K), 0.3109320 secs]
2018-05-24T14:36:16.360+0000: 1153415.980: [GC 8341634K->1520255K(14455040K), 0.4214780 secs]
2018-05-24T14:36:35.478+0000: 1153435.098: [GC 8400767K->1511370K(14445568K), 0.3554670 secs]
2018-05-24T14:37:02.557+0000: 1153462.178: [GC 8391882K->1544326K(14470400K), 0.5003260 secs]
2018-05-24T14:37:53.678+0000: 1153513.299: [GC 8455238K->1642604K(14445696K), 0.9258810 secs]
2018-05-24T14:38:44.375+0000: 1153563.996: [GC 8553516K->1666454K(14415040K), 0.9535260 secs]
2018-05-24T14:39:33.391+0000: 1153613.012: [GC 8510742K->1680042K(14375936K), 0.9384420 secs]
2018-05-24T14:40:16.705+0000: 1153656.325: [GC 8524330K->1690008K(14408768K), 0.7250170 secs]
2018-05-24T14:40:32.813+0000: 1153672.434: [GC 8499096K->1631206K(14414592K), 0.4455030 secs]
2018-05-24T14:40:49.077+0000: 1153688.697: [GC 8440294K->1644138K(14429056K), 0.4830110 secs]
2018-05-24T14:41:22.041+0000: 1153721.662: [GC 8474858K->1706158K(14421760K), 0.6833520 secs]
2018-05-24T14:42:08.401+0000: 1153768.022: [GC 8536878K->1758598K(14408960K), 0.7563670 secs]
2018-05-24T14:42:58.774+0000: 1153818.395: [GC 8578950K->1780080K(14353856K), 0.7397140 secs]
2018-05-24T14:43:35.445+0000: 1153855.066: [GC 8600432K->1763193K(14420608K), 0.6890190 secs]
2018-05-24T14:43:53.170+0000: 1153872.791: [GC 8576441K->1728685K(14412736K), 0.4673750 secs]
2018-05-24T14:44:10.262+0000: 1153889.883: [GC 8541933K->1743737K(14429504K), 0.5138700 secs]
2018-05-24T14:44:29.901+0000: 1153909.521: [GC 8577273K->1764211K(14424128K), 0.5182040 secs]
2018-05-24T14:44:47.166+0000: 1153926.787: [GC 8597747K->1758584K(14441664K), 0.4558910 secs]
2018-05-24T14:45:07.712+0000: 1153947.333: [GC 8617144K->1791220K(14436992K), 0.5406670 secs]
2018-05-24T14:45:24.747+0000: 1153964.368: [GC 8649780K->1786153K(14455552K), 0.4606280 secs]
2018-05-24T14:45:40.801+0000: 1153980.422: [GC 8672425K->1810446K(14450816K), 0.4975370 secs]
2018-05-24T14:46:01.990+0000: 1154001.610: [GC 8696718K->1819885K(14468800K), 0.4746620 secs]
2018-05-24T14:46:18.735+0000: 1154018.356: [GC 8731053K->1827954K(14462464K), 0.4474760 secs]
2018-05-24T14:46:36.451+0000: 1154036.072: [GC 8739122K->1843309K(14480064K), 0.5179410 secs]
2018-05-24T14:46:59.346+0000: 1154058.966: [GC 8777517K->1866969K(14474240K), 0.5604760 secs]
2018-05-24T14:47:17.041+0000: 1154076.662: [GC 8801177K->1874128K(14492224K), 0.5077820 secs]
2018-05-24T14:47:36.729+0000: 1154096.350: [GC 8833424K->1893431K(14487168K), 0.5309430 secs]
2018-05-24T14:47:54.820+0000: 1154114.440: [GC 8852727K->1903726K(14502336K), 0.5170340 secs]
2018-05-24T14:48:14.122+0000: 1154133.742: [GC 8884014K->1909176K(14498048K), 0.4496570 secs]
2018-05-24T14:49:45.234+0000: 1154224.854: [GC 8889464K->2003569K(14458944K), 0.8311860 secs]
2018-05-24T14:51:17.390+0000: 1154317.011: [GC 8947057K->2029248K(14464960K), 0.8632140 secs]
2018-05-24T14:51:50.916+0000: 1154350.537: [GC 8972736K->1964868K(14471168K), 0.4841860 secs]
2018-05-24T14:52:12.045+0000: 1154371.666: [GC 8884804K->1960208K(14468864K), 0.3761970 secs]
2018-05-24T14:52:35.978+0000: 1154395.598: [GC 8880144K->2000009K(14479104K), 0.5627890 secs]
2018-05-24T14:52:53.699+0000: 1154413.320: [GC 8930697K->1990239K(14471680K), 0.4979190 secs]
2018-05-24T14:53:17.616+0000: 1154437.237: [GC 8920927K->2017779K(14490176K), 0.5784170 secs]
2018-05-24T14:54:12.065+0000: 1154491.686: [GC 8970675K->2096772K(14482816K), 0.9421550 secs]
2018-05-24T14:55:22.125+0000: 1154561.746: [GC 9049668K->2101617K(14427776K), 0.8103360 secs]
2018-05-24T14:56:18.214+0000: 1154617.834: [GC 8992113K->2117590K(14418176K), 0.7503060 secs]
2018-05-24T14:56:41.730+0000: 1154641.351: [GC 9008086K->2055969K(14449600K), 0.5556700 secs]
2018-05-24T14:56:58.653+0000: 1154658.273: [GC 8930465K->2057352K(14444992K), 0.4966770 secs]
2018-05-24T14:57:45.630+0000: 1154705.251: [GC 8931848K->2146688K(14430912K), 0.8643970 secs]
2018-05-24T14:58:36.316+0000: 1154755.937: [GC 9011200K->2152293K(14390272K), 0.8949510 secs]
2018-05-24T14:59:33.673+0000: 1154813.294: [GC 9016805K->2159426K(14425984K), 0.8994270 secs]
2018-05-24T15:00:24.811+0000: 1154864.431: [GC 9000642K->2173878K(14367168K), 0.7576870 secs]
2018-05-24T15:01:34.546+0000: 1154934.167: [GC 9015094K->2181146K(14425664K), 0.8663160 secs]
2018-05-24T15:02:31.743+0000: 1154991.364: [GC 9013786K->2197649K(14357632K), 0.8359980 secs]
2018-05-24T15:03:24.674+0000: 1155044.295: [GC 9030289K->2209252K(14422144K), 0.8783820 secs]
2018-05-24T15:03:51.331+0000: 1155070.952: [GC 9036644K->2154962K(14423744K), 0.5636170 secs]
2018-05-24T15:04:39.007+0000: 1155118.627: [GC 8982354K->2200641K(14435520K), 0.7405330 secs]
2018-05-24T15:04:52.375+0000: 1155131.996: [GC 9042497K->2157649K(14426432K), 0.2422810 secs]
2018-05-24T15:05:05.560+0000: 1155145.181: [GC 8999505K->2166237K(14435328K), 0.4065080 secs]
2018-05-24T15:05:35.227+0000: 1155174.848: [GC 9016221K->2209740K(14434752K), 0.6541000 secs]
2018-05-24T15:06:31.560+0000: 1155231.180: [GC 9059724K->2270976K(14430336K), 0.9523310 secs]
2018-05-24T15:07:08.801+0000: 1155268.422: [GC 9124608K->2223685K(14436864K), 0.6360420 secs]
2018-05-24T15:07:26.386+0000: 1155286.006: [GC 9077317K->2199836K(14443968K), 0.4579170 secs]
2018-05-24T15:07:55.455+0000: 1155315.076: [GC 9067036K->2230837K(14443328K), 0.6073970 secs]
2018-05-24T15:08:48.261+0000: 1155367.882: [GC 9098037K->2306062K(14431808K), 0.8325890 secs]
2018-05-24T15:09:31.620+0000: 1155411.241: [GC 9167502K->2277914K(14440768K), 0.7517490 secs]
2018-05-24T15:09:49.788+0000: 1155429.409: [GC 9139354K->2229553K(14447040K), 0.4163240 secs]
2018-05-24T15:10:13.993+0000: 1155453.613: [GC 9104305K->2253266K(14447424K), 0.4945550 secs]
2018-05-24T15:11:16.342+0000: 1155515.962: [GC 9128018K->2336929K(14432192K), 0.8773330 secs]
2018-05-24T15:12:15.564+0000: 1155575.185: [GC 9200545K->2341881K(14386816K), 0.9374280 secs]
2018-05-24T15:13:14.309+0000: 1155633.929: [GC 9205497K->2358191K(14422912K), 0.9551450 secs]
2018-05-24T15:13:42.141+0000: 1155661.762: [GC 9197615K->2303934K(14429760K), 0.5574430 secs]
2018-05-24T15:13:59.144+0000: 1155678.765: [GC 9143358K->2306458K(14438784K), 0.3789930 secs]
2018-05-24T15:14:09.425+0000: 1155689.045: [GC 9160154K->2287174K(14435008K), 0.3989100 secs]
2018-05-24T15:14:29.242+0000: 1155708.862: [GC 9140870K->2321906K(14444032K), 0.5137190 secs]
2018-05-24T15:14:49.191+0000: 1155728.812: [GC 9184114K->2314663K(14438272K), 0.4379560 secs]
2018-05-24T15:15:07.633+0000: 1155747.253: [GC 9176871K->2353319K(14456448K), 0.4191210 secs]
2018-05-24T15:15:41.261+0000: 1155780.881: [GC 9236775K->2368738K(14447104K), 0.6087730 secs]
2018-05-24T15:16:06.439+0000: 1155806.060: [GC 9252194K->2368655K(14470976K), 0.5229260 secs]
2018-05-24T15:16:25.540+0000: 1155825.160: [GC 9283663K->2353285K(14464128K), 0.4055030 secs]
2018-05-24T15:16:51.063+0000: 1155850.684: [GC 9268293K->2410117K(14473216K), 0.7454360 secs]
2018-05-24T15:17:36.430+0000: 1155896.050: [GC 9336325K->2429392K(14429376K), 0.7738300 secs]
2018-05-24T15:17:55.900+0000: 1155915.521: [GC 9355600K->2378697K(14471296K), 0.4682660 secs]
2018-05-24T15:18:14.677+0000: 1155934.297: [GC 9298825K->2379525K(14468928K), 0.4402470 secs]
2018-05-24T15:18:56.735+0000: 1155976.355: [GC 9299653K->2481494K(14440320K), 0.9473440 secs]
2018-05-24T15:19:49.134+0000: 1156028.755: [GC 9374806K->2484731K(14422272K), 0.8791430 secs]
2018-05-24T15:20:39.960+0000: 1156079.580: [GC 9378043K->2493988K(14426560K), 0.8546280 secs]
2018-05-24T15:21:01.050+0000: 1156100.671: [GC 9345828K->2416792K(14435968K), 0.4267240 secs]
2018-05-24T15:21:20.467+0000: 1156120.088: [GC 9268632K->2428482K(14443328K), 0.5317430 secs]
2018-05-24T15:21:42.062+0000: 1156141.682: [GC 9290562K->2432031K(14438848K), 0.4643000 secs]
2018-05-24T15:22:01.177+0000: 1156160.798: [GC 9294111K->2435083K(14451904K), 0.4174750 secs]
2018-05-24T15:22:20.348+0000: 1156179.969: [GC 9314891K->2469072K(14448000K), 0.5645280 secs]
2018-05-24T15:22:41.746+0000: 1156201.367: [GC 9348880K->2459186K(14465024K), 0.4639660 secs]
2018-05-24T15:22:59.707+0000: 1156219.327: [GC 9365170K->2483852K(14461056K), 0.5780440 secs]
2018-05-24T15:23:17.582+0000: 1156237.203: [GC 9389836K->2495947K(14479168K), 0.5926250 secs]
2018-05-24T15:23:35.949+0000: 1156255.569: [GC 9427019K->2490084K(14472000K), 0.5070540 secs]
2018-05-24T15:23:53.783+0000: 1156273.403: [GC 9421156K->2499456K(14487360K), 0.5068700 secs]
2018-05-24T15:24:17.275+0000: 1156296.896: [GC 9449728K->2510425K(14483008K), 0.5316780 secs]
2018-05-24T15:24:36.670+0000: 1156316.291: [GC 9460697K->2496015K(14493312K), 0.4009750 secs]
2018-05-24T15:25:07.730+0000: 1156347.351: [GC 9461519K->2576580K(14467776K), 0.7130790 secs]
2018-05-24T15:25:58.624+0000: 1156398.245: [GC 9542084K->2618298K(14446848K), 0.8362720 secs]
2018-05-24T15:26:52.185+0000: 1156451.806: [GC 9528762K->2621970K(14439680K), 0.9325580 secs]
2018-05-24T15:27:53.535+0000: 1156513.156: [GC 9532434K->2631312K(14429184K), 0.9506530 secs]
2018-05-24T15:28:16.092+0000: 1156535.712: [GC 9491984K->2566564K(14440384K), 0.5628530 secs]
2018-05-24T15:28:33.514+0000: 1156553.135: [GC 9427236K->2566633K(14450560K), 0.4848190 secs]
2018-05-24T15:28:52.583+0000: 1156572.204: [GC 9443305K->2576561K(14446208K), 0.4880380 secs]
2018-05-24T15:29:10.115+0000: 1156589.735: [GC 9453233K->2573094K(14459584K), 0.4565960 secs]
2018-05-24T15:29:27.076+0000: 1156606.696: [GC 9468454K->2582552K(14455872K), 0.4699420 secs]
2018-05-24T15:30:18.689+0000: 1156658.309: [GC 9477912K->2675077K(14435840K), 0.7870020 secs]
2018-05-24T15:30:20.950+0000: 1156660.570: [GC 2802386K->2508706K(14224448K), 0.0499080 secs]
2018-05-24T15:30:21.000+0000: 1156660.620: [Full GC 2508706K->1196745K(14224448K), 3.9595610 secs]
2018-05-24T15:31:13.292+0000: 1156712.913: [GC 8076617K->1382315K(14413824K), 0.7547720 secs]
2018-05-24T15:31:32.219+0000: 1156731.839: [GC 8213931K->1310371K(14425856K), 0.4699240 secs]
2018-05-24T15:31:49.137+0000: 1156748.758: [GC 8141987K->1326014K(14443200K), 0.5033260 secs]
2018-05-24T15:32:42.661+0000: 1156802.282: [GC 8182910K->1395237K(14433792K), 0.8444060 secs]
2018-05-24T15:34:01.394+0000: 1156881.014: [GC 8252133K->1419104K(14418624K), 0.9193010 secs]
2018-05-24T15:34:22.316+0000: 1156901.937: [GC 8254432K->1341289K(14427712K), 0.4484140 secs]
2018-05-24T15:34:40.338+0000: 1156919.958: [GC 8176617K->1346645K(14439424K), 0.3888100 secs]
2018-05-24T15:35:27.669+0000: 1156967.290: [GC 8199509K->1410041K(14433536K), 0.7122830 secs]
2018-05-24T15:36:20.291+0000: 1157019.911: [GC 8262905K->1450639K(14421248K), 0.8026870 secs]
2018-05-24T15:37:05.908+0000: 1157065.529: [GC 8292495K->1462548K(14369472K), 0.8541790 secs]
2018-05-24T15:37:33.636+0000: 1157093.256: [GC 8304404K->1400581K(14430016K), 0.5524330 secs]
2018-05-24T15:37:51.922+0000: 1157111.542: [GC 8233157K->1397811K(14422656K), 0.4712840 secs]
2018-05-24T15:38:22.467+0000: 1157142.088: [GC 8230387K->1438901K(14444480K), 0.6806970 secs]
2018-05-24T15:39:18.209+0000: 1157197.830: [GC 8298805K->1499213K(14391616K), 0.8711600 secs]
2018-05-24T15:40:12.193+0000: 1157251.813: [GC 8359117K->1506005K(14418432K), 0.8614500 secs]
2018-05-24T15:40:44.562+0000: 1157284.183: [GC 8337621K->1457235K(14425856K), 0.6387550 secs]
2018-05-24T15:41:04.603+0000: 1157304.224: [GC 8288851K->1448168K(14440000K), 0.5041480 secs]
2018-05-24T15:41:23.598+0000: 1157323.219: [GC 8302760K->1450309K(14434688K), 0.5125330 secs]
2018-05-24T15:41:41.420+0000: 1157341.041: [GC 8304901K->1453881K(14449344K), 0.4951240 secs]
2018-05-24T15:41:58.839+0000: 1157358.460: [GC 8327929K->1458944K(14444800K), 0.4685190 secs]
2018-05-24T15:42:18.231+0000: 1157377.852: [GC 8332992K->1476810K(14461056K), 0.5632260 secs]
2018-05-24T15:42:35.085+0000: 1157394.706: [GC 8371722K->1473830K(14453952K), 0.5142580 secs]
2018-05-24T15:42:54.191+0000: 1157413.811: [GC 8368742K->1481896K(14471168K), 0.5313030 secs]
2018-05-24T15:43:37.336+0000: 1157456.957: [GC 8398760K->1551124K(14426560K), 0.8617970 secs]
2018-05-24T15:44:36.262+0000: 1157515.883: [GC 8467988K->1578674K(14437888K), 0.9790930 secs]
2018-05-24T15:45:26.312+0000: 1157565.933: [GC 8459570K->1581846K(14402944K), 0.7499050 secs]
2018-05-24T15:46:22.138+0000: 1157621.759: [GC 8462742K->1551277K(14451712K), 0.6120320 secs]
2018-05-24T15:46:40.782+0000: 1157640.403: [GC 8425645K->1509917K(14442752K), 0.4034460 secs]
2018-05-24T15:47:02.738+0000: 1157662.359: [GC 8384285K->1546979K(14458816K), 0.6006550 secs]
2018-05-24T15:47:19.587+0000: 1157679.207: [GC 8437795K->1546168K(14452096K), 0.4979880 secs]
2018-05-24T15:47:36.656+0000: 1157696.277: [GC 8436984K->1556802K(14467648K), 0.4888210 secs]
2018-05-24T15:47:58.003+0000: 1157717.624: [GC 8467650K->1583196K(14463296K), 0.5666500 secs]
2018-05-24T15:48:15.953+0000: 1157735.574: [GC 8494044K->1576100K(14477888K), 0.4532110 secs]
2018-05-24T15:48:54.380+0000: 1157774.001: [GC 8508708K->1628942K(14474816K), 0.6604340 secs]
2018-05-24T15:49:59.041+0000: 1157838.661: [GC 8561550K->1674796K(14453824K), 0.8322320 secs]
2018-05-24T15:50:52.438+0000: 1157892.058: [GC 8586796K->1693987K(14441216K), 0.9271240 secs]
2018-05-24T15:51:49.022+0000: 1157948.643: [GC 8605987K->1702147K(14435456K), 0.9198560 secs]
2018-05-24T15:52:38.205+0000: 1157997.826: [GC 8570883K->1712850K(14393536K), 0.8581770 secs]
2018-05-24T15:53:01.825+0000: 1158021.445: [GC 8581586K->1649738K(14441408K), 0.4955810 secs]
2018-05-24T15:53:20.270+0000: 1158039.891: [GC 8509386K->1659415K(14438336K), 0.5275190 secs]
2018-05-24T15:53:41.957+0000: 1158061.578: [GC 8519063K->1664118K(14448832K), 0.4834960 secs]
2018-05-24T15:54:01.246+0000: 1158080.867: [GC 8537910K->1675909K(14445056K), 0.4944150 secs]
2018-05-24T15:54:18.476+0000: 1158098.096: [GC 8549701K->1674261K(14456960K), 0.4704420 secs]
2018-05-24T15:54:40.888+0000: 1158120.508: [GC 8564885K->1695745K(14453760K), 0.5192790 secs]
2018-05-24T15:54:59.307+0000: 1158138.928: [GC 8586369K->1694575K(14467648K), 0.4358880 secs]
2018-05-24T15:55:28.526+0000: 1158168.147: [GC 8605551K->1734612K(14463424K), 0.6196530 secs]
2018-05-24T15:56:34.438+0000: 1158234.059: [GC 8645588K->1799745K(14445248K), 0.9363640 secs]
2018-05-24T15:57:33.727+0000: 1158293.348: [GC 8697921K->1807773K(14422656K), 0.8953420 secs]
2018-05-24T15:58:29.987+0000: 1158349.608: [GC 8705949K->1820676K(14433024K), 0.9032690 secs]
2018-05-24T15:58:47.277+0000: 1158366.898: [GC 8682628K->1754817K(14441024K), 0.4907460 secs]
2018-05-24T15:59:04.836+0000: 1158384.456: [GC 8616769K->1758363K(14447488K), 0.4630080 secs]
2018-05-24T15:59:25.420+0000: 1158405.041: [GC 8629915K->1781092K(14444160K), 0.5248930 secs]
2018-05-24T15:59:43.248+0000: 1158422.869: [GC 8652644K->1766117K(14456768K), 0.4369280 secs]
2018-05-24T16:00:01.951+0000: 1158441.572: [GC 8656869K->1787961K(14454080K), 0.4874850 secs]
2018-05-24T16:00:41.463+0000: 1158481.083: [GC 8678713K->1828349K(14465536K), 0.6470990 secs]
2018-05-24T16:01:09.898+0000: 1158509.519: [GC 8736637K->1812499K(14462848K), 0.4880430 secs]
2018-05-24T16:01:28.877+0000: 1158528.498: [GC 8720787K->1815079K(14477248K), 0.5419730 secs]
2018-05-24T16:01:48.764+0000: 1158548.385: [GC 8744103K->1825060K(14471872K), 0.5258620 secs]
2018-05-24T16:02:05.828+0000: 1158565.449: [GC 8754084K->1833721K(14487872K), 0.5357040 secs]
2018-05-24T16:02:22.865+0000: 1158582.485: [GC 8784377K->1834970K(14482880K), 0.4850270 secs]
2018-05-24T16:03:01.219+0000: 1158620.839: [GC 8785626K->1896933K(14476480K), 0.8025460 secs]
2018-05-24T16:03:44.981+0000: 1158664.601: [GC 8845029K->1855598K(14484096K), 0.5205600 secs]
2018-05-24T16:04:05.211+0000: 1158684.832: [GC 8803694K->1837501K(14486656K), 0.3788570 secs]
2018-05-24T16:05:37.470+0000: 1158777.091: [GC 8792381K->1919210K(14450624K), 0.7054140 secs]
2018-05-24T16:06:53.716+0000: 1158853.337: [GC 8874090K->1965932K(14453120K), 0.9055390 secs]
2018-05-24T16:07:38.499+0000: 1158898.120: [GC 8880620K->1936897K(14467392K), 0.6221560 secs]
2018-05-24T16:07:57.967+0000: 1158917.588: [GC 8851585K->1893992K(14471424K), 0.4053040 secs]
2018-05-24T16:08:25.247+0000: 1158944.867: [GC 8816616K->1913610K(14471296K), 0.4147120 secs]
2018-05-24T16:08:43.535+0000: 1158963.155: [GC 8836234K->1929659K(14477824K), 0.4508090 secs]
2018-05-24T16:09:01.607+0000: 1158981.228: [GC 8861755K->1954313K(14474368K), 0.5110640 secs]
2018-05-24T16:09:23.253+0000: 1159002.874: [GC 8886409K->1979497K(14490240K), 0.5759430 secs]
2018-05-24T16:09:41.750+0000: 1159021.371: [GC 8933481K->1987915K(14483840K), 0.5201680 secs]
2018-05-24T16:10:00.929+0000: 1159040.550: [GC 8941899K->2009744K(14502656K), 0.5079220 secs]
2018-05-24T16:10:19.189+0000: 1159058.810: [GC 8988752K->2014874K(14496448K), 0.4534390 secs]
2018-05-24T16:10:35.463+0000: 1159075.084: [GC 8993882K->2035993K(14511744K), 0.4885240 secs]
2018-05-24T16:11:17.303+0000: 1159116.924: [GC 9034393K->2115315K(14506752K), 0.8084220 secs]
2018-05-24T16:12:13.015+0000: 1159172.636: [GC 9113715K->2157492K(14420480K), 0.9770680 secs]
2018-05-24T16:13:08.186+0000: 1159227.807: [GC 9064628K->2184446K(14435136K), 0.9220990 secs]
2018-05-24T16:14:02.070+0000: 1159281.691: [GC 9091582K->2195239K(14434176K), 0.9102570 secs]
2018-05-24T16:14:53.395+0000: 1159333.015: [GC 9061287K->2172555K(14443072K), 0.6560080 secs]
2018-05-24T16:15:11.382+0000: 1159351.002: [GC 9038603K->2121142K(14446720K), 0.3673100 secs]
2018-05-24T16:15:31.010+0000: 1159370.631: [GC 8996278K->2143465K(14447616K), 0.4558310 secs]
2018-05-24T16:16:21.937+0000: 1159421.558: [GC 9018586K->2234671K(14430656K), 0.8998190 secs]
2018-05-24T16:17:15.444+0000: 1159475.065: [GC 9096495K->2239576K(14384064K), 0.8941640 secs]
2018-05-24T16:18:03.285+0000: 1159522.906: [GC 9101400K->2254057K(14424512K), 0.9190340 secs]
2018-05-24T16:18:46.856+0000: 1159566.477: [GC 9094249K->2266316K(14367232K), 0.8142320 secs]
2018-05-24T16:19:08.870+0000: 1159588.491: [GC 9106508K->2193309K(14428096K), 0.4751110 secs]
2018-05-24T16:19:26.151+0000: 1159605.771: [GC 9027805K->2189609K(14426496K), 0.3896070 secs]
2018-05-24T16:19:49.955+0000: 1159629.576: [GC 9024105K->2197669K(14430720K), 0.4131910 secs]
2018-05-24T16:20:07.814+0000: 1159647.434: [GC 9036901K->2195648K(14428608K), 0.3405350 secs]
2018-05-24T16:21:10.296+0000: 1159709.916: [GC 9034880K->2263357K(14439104K), 0.7086190 secs]
2018-05-24T16:22:30.156+0000: 1159789.776: [GC 9114621K->2309536K(14432256K), 0.8887530 secs]
2018-05-24T16:23:30.498+0000: 1159850.119: [GC 9160800K->2330953K(14420416K), 0.9003970 secs]
2018-05-24T16:24:24.762+0000: 1159904.383: [GC 9165001K->2345962K(14361856K), 0.9810170 secs]
2018-05-24T16:25:21.589+0000: 1159961.210: [GC 9180010K->2345743K(14421888K), 0.7923420 secs]
2018-05-24T16:25:38.319+0000: 1159977.940: [GC 9168975K->2285544K(14421440K), 0.4166930 secs]
2018-05-24T16:25:54.945+0000: 1159994.566: [GC 9108776K->2295768K(14428800K), 0.4299390 secs]
2018-05-24T16:26:16.841+0000: 1160016.462: [GC 9129112K->2315038K(14424640K), 0.5364650 secs]
2018-05-24T16:26:34.535+0000: 1160034.156: [GC 9148382K->2312312K(14441024K), 0.4694070 secs]
2018-05-24T16:26:56.274+0000: 1160055.895: [GC 9169336K->2329586K(14436096K), 0.5800750 secs]
2018-05-24T16:27:16.340+0000: 1160075.961: [GC 9186610K->2321869K(14451712K), 0.4539810 secs]
2018-05-24T16:27:33.995+0000: 1160093.616: [GC 9201165K->2326927K(14447680K), 0.4505020 secs]
2018-05-24T16:28:29.204+0000: 1160148.825: [GC 9206223K->2399819K(14446976K), 0.8027240 secs]
2018-05-24T16:29:31.776+0000: 1160211.397: [GC 9282635K->2436487K(14414400K), 0.9553690 secs]
2018-05-24T16:30:24.967+0000: 1160264.587: [GC 6763379K->2380072K(14445952K), 0.5446870 secs]
2018-05-24T16:30:25.511+0000: 1160265.132: [Full GC 2380072K->1245573K(14445952K), 4.1264180 secs]
2018-05-24T16:35:44.332+0000: 1160583.952: [GC 8110149K->1419951K(14438720K), 0.7177030 secs]
2018-05-24T16:37:03.158+0000: 1160662.779: [GC 8284527K->1467467K(14422080K), 0.9967360 secs]
2018-05-24T16:37:22.793+0000: 1160682.414: [GC 8310731K->1378248K(14431680K), 0.4054070 secs]
2018-05-24T16:37:38.733+0000: 1160698.353: [GC 8221512K->1408906K(14439488K), 0.5352980 secs]
2018-05-24T16:38:00.080+0000: 1160719.700: [GC 8261450K->1411615K(14433152K), 0.5157290 secs]
2018-05-24T16:38:17.882+0000: 1160737.503: [GC 8264159K->1404130K(14449088K), 0.4588840 secs]
2018-05-24T16:38:35.636+0000: 1160755.257: [GC 8278498K->1431504K(14445376K), 0.5662080 secs]
2018-05-24T16:39:24.582+0000: 1160804.203: [GC 8305872K->1488228K(14448384K), 0.8229920 secs]
2018-05-24T16:39:53.808+0000: 1160833.429: [GC 8373476K->1445245K(14452672K), 0.5194670 secs]
2018-05-24T16:40:36.146+0000: 1160875.767: [GC 8330493K->1469232K(14467776K), 0.5526660 secs]
2018-05-24T16:41:14.414+0000: 1160914.034: [GC 8376048K->1489129K(14459136K), 0.6654490 secs]
2018-05-24T16:42:00.684+0000: 1160960.305: [GC 8395945K->1517609K(14464000K), 0.7663810 secs]
2018-05-24T16:42:17.996+0000: 1160977.617: [GC 8433065K->1474064K(14467776K), 0.5166240 secs]
2018-05-24T16:42:40.360+0000: 1160999.981: [GC 8389520K->1459848K(14470208K), 0.3853250 secs]
2018-05-24T16:42:59.701+0000: 1161019.322: [GC 8380936K->1476681K(14470592K), 0.4175440 secs]
2018-05-24T16:43:15.674+0000: 1161035.295: [GC 8397769K->1516620K(14480704K), 0.6091360 secs]
2018-05-24T16:43:45.894+0000: 1161065.515: [GC 8450252K->1515714K(14473024K), 0.5098130 secs]
2018-05-24T16:44:03.385+0000: 1161083.005: [GC 8449346K->1521630K(14491072K), 0.5080380 secs]
2018-05-24T16:44:41.572+0000: 1161121.193: [GC 8479262K->1553056K(14486656K), 0.6658160 secs]
2018-05-24T16:45:43.405+0000: 1161183.025: [GC 8510688K->1622665K(14447744K), 0.8581100 secs]
2018-05-24T16:46:10.975+0000: 1161210.596: [GC 8544137K->1561298K(14470784K), 0.4698520 secs]
2018-05-24T16:46:28.244+0000: 1161227.865: [GC 8482770K->1558311K(14477952K), 0.4359440 secs]
2018-05-24T16:46:50.790+0000: 1161250.411: [GC 8491687K->1569142K(14475520K), 0.4825030 secs]
2018-05-24T16:47:08.285+0000: 1161267.905: [GC 8502518K->1579029K(14486592K), 0.4814600 secs]
2018-05-24T16:47:28.441+0000: 1161288.062: [GC 8527381K->1595458K(14481856K), 0.5616600 secs]
2018-05-24T16:48:22.524+0000: 1161342.145: [GC 8543810K->1600584K(14498176K), 0.5568430 secs]
2018-05-24T16:49:37.437+0000: 1161417.058: [GC 8571336K->1649919K(14464128K), 0.7698950 secs]
2018-05-24T16:50:06.826+0000: 1161446.447: [GC 8620671K->1620900K(14497408K), 0.5175360 secs]
2018-05-24T16:50:27.380+0000: 1161467.001: [GC 8590244K->1609812K(14492032K), 0.3855470 secs]
2018-05-24T16:50:59.976+0000: 1161499.596: [GC 8579156K->1659966K(14500480K), 0.5987040 secs]
2018-05-24T16:51:16.155+0000: 1161515.776: [GC 8639038K->1662543K(14498688K), 0.5639380 secs]
2018-05-24T16:51:42.332+0000: 1161541.953: [GC 8641615K->1678367K(14510400K), 0.5445110 secs]
2018-05-24T16:51:59.584+0000: 1161559.205: [GC 8674207K->1674406K(14505536K), 0.4335200 secs]
2018-05-24T16:52:28.957+0000: 1161588.578: [GC 8670246K->1704195K(14515584K), 0.5898290 secs]
2018-05-24T16:52:47.504+0000: 1161607.125: [GC 8711683K->1679920K(14512000K), 0.3844510 secs]
2018-05-24T16:53:18.818+0000: 1161638.439: [GC 8687408K->1706883K(14518272K), 0.4835130 secs]
2018-05-24T16:53:37.057+0000: 1161656.678: [GC 8719875K->1713770K(14514816K), 0.4636820 secs]
2018-05-24T16:54:04.017+0000: 1161683.637: [GC 8726762K->1746942K(14521600K), 0.5818940 secs]
2018-05-24T16:54:59.175+0000: 1161738.796: [GC 8768382K->1801452K(14519936K), 0.6445140 secs]
2018-05-24T16:55:14.929+0000: 1161754.550: [GC 8822892K->1775320K(14493696K), 0.5089920 secs]
2018-05-24T16:55:48.363+0000: 1161787.983: [GC 8768856K->1807585K(14506816K), 0.6242410 secs]
2018-05-24T16:56:50.091+0000: 1161849.712: [GC 8801121K->1884032K(14451392K), 0.9691950 secs]
2018-05-24T16:57:46.396+0000: 1161906.017: [GC 8822272K->1929075K(14473408K), 0.9330360 secs]
2018-05-24T16:58:51.704+0000: 1161971.325: [GC 8867315K->1950763K(14420032K), 0.9494690 secs]
2018-05-24T16:59:08.320+0000: 1161987.941: [GC 8824107K->1891868K(14446720K), 0.5534330 secs]
2018-05-24T16:59:23.658+0000: 1162003.279: [GC 8765212K->1899311K(14455424K), 0.5273920 secs]
2018-05-24T17:00:11.623+0000: 1162051.243: [GC 8785967K->1965414K(14451328K), 0.7029150 secs]
2018-05-24T17:01:10.443+0000: 1162110.063: [GC 8852070K->1989961K(14442880K), 0.7310090 secs]
2018-05-24T17:01:36.890+0000: 1162136.511: [GC 8864585K->1944629K(14447360K), 0.4985030 secs]
2018-05-24T17:01:57.067+0000: 1162156.688: [GC 8819253K->1958326K(14454656K), 0.4874010 secs]
2018-05-24T17:02:11.819+0000: 1162171.440: [GC 8843830K->1949911K(14450944K), 0.3703720 secs]
2018-05-24T17:02:28.419+0000: 1162188.039: [GC 8835415K->1985415K(14461312K), 0.4857640 secs]
2018-05-24T17:02:50.950+0000: 1162210.571: [GC 8882055K->1998817K(14455424K), 0.5850340 secs]
2018-05-24T17:04:12.377+0000: 1162291.998: [GC 8895457K->2075333K(14442048K), 0.7285170 secs]
2018-05-24T17:05:03.776+0000: 1162343.396: [GC 8965317K->2108670K(14424128K), 0.9196800 secs]
2018-05-24T17:05:26.924+0000: 1162366.544: [GC 8998654K->2071062K(14451648K), 0.5831510 secs]
2018-05-24T17:05:43.809+0000: 1162383.430: [GC 8945046K->2047390K(14442432K), 0.4291360 secs]
2018-05-24T17:06:03.581+0000: 1162403.201: [GC 8921374K->2059094K(14456256K), 0.4153060 secs]
2018-05-24T17:06:23.088+0000: 1162422.709: [GC 8948758K->2077037K(14453504K), 0.4781060 secs]
2018-05-24T17:06:40.439+0000: 1162440.060: [GC 8966701K->2092591K(14465472K), 0.4837950 secs]
2018-05-24T17:06:59.067+0000: 1162458.688: [GC 8998319K->2104584K(14460352K), 0.4674460 secs]
2018-05-24T17:07:18.059+0000: 1162477.680: [GC 9010312K->2103485K(14474560K), 0.4645840 secs]
2018-05-24T17:07:44.588+0000: 1162504.209: [GC 9028989K->2152751K(14471040K), 0.6606960 secs]
2018-05-24T17:08:33.702+0000: 1162553.322: [GC 9078255K->2222214K(14439872K), 0.9444770 secs]
2018-05-24T17:09:06.473+0000: 1162586.094: [GC 9119110K->2179014K(14458496K), 0.5551350 secs]
2018-05-24T17:09:21.183+0000: 1162600.804: [GC 9075910K->2186848K(14473856K), 0.5555900 secs]
2018-05-24T17:09:47.116+0000: 1162626.737: [GC 9107872K->2192605K(14467264K), 0.5766300 secs]
2018-05-24T17:10:02.417+0000: 1162642.038: [GC 9113629K->2195801K(14483520K), 0.4796630 secs]
2018-05-24T17:10:22.443+0000: 1162662.064: [GC 9138777K->2211909K(14479552K), 0.5325770 secs]
2018-05-24T17:10:46.834+0000: 1162686.454: [GC 9154885K->2203240K(14490688K), 0.4068530 secs]
2018-05-24T17:11:02.799+0000: 1162702.420: [GC 9162664K->2221437K(14488832K), 0.4803530 secs]
2018-05-24T17:12:34.231+0000: 1162793.851: [GC 9180861K->2310984K(14452480K), 0.8302960 secs]
2018-05-24T17:13:24.546+0000: 1162844.166: [GC 9237192K->2277687K(14473152K), 0.5257350 secs]
2018-05-24T17:13:43.300+0000: 1162862.921: [GC 9203895K->2265542K(14478848K), 0.4072700 secs]
2018-05-24T17:13:55.958+0000: 1162875.578: [GC 9203526K->2279719K(14479040K), 0.4066600 secs]
2018-05-24T17:14:11.341+0000: 1162890.962: [GC 9217703K->2311262K(14486336K), 0.5127330 secs]
2018-05-24T17:14:57.015+0000: 1162936.636: [GC 9257694K->2366611K(14446208K), 0.6873350 secs]
2018-05-24T17:16:13.054+0000: 1163012.675: [GC 9313043K->2421892K(14439232K), 0.8922020 secs]
2018-05-24T17:17:38.251+0000: 1163097.872: [GC 9320452K->2445773K(14431424K), 0.8244150 secs]
2018-05-24T17:18:40.268+0000: 1163159.889: [GC 9344333K->2475102K(14424192K), 0.8598360 secs]
2018-05-24T17:20:01.456+0000: 1163241.077: [GC 9325150K->2468303K(14435072K), 0.7118460 secs]
2018-05-24T17:21:21.808+0000: 1163321.429: [GC 9318351K->2512761K(14423296K), 0.9076030 secs]
2018-05-24T17:22:12.755+0000: 1163372.375: [GC 9354233K->2515369K(14430784K), 0.8476660 secs]
2018-05-24T17:22:32.106+0000: 1163391.727: [GC 9356841K->2459409K(14432768K), 0.4753100 secs]
2018-05-24T17:22:51.771+0000: 1163411.392: [GC 9304273K->2453687K(14432192K), 0.4071630 secs]
2018-05-24T17:23:51.674+0000: 1163471.295: [GC 9298551K->2550517K(14426176K), 0.8580060 secs]
2018-05-24T17:24:30.101+0000: 1163509.722: [GC 9389301K->2531611K(14429440K), 0.6973100 secs]
2018-05-24T17:24:45.804+0000: 1163525.425: [GC 9370395K->2500714K(14442112K), 0.5152520 secs]
2018-05-24T17:25:12.548+0000: 1163552.168: [GC 9362090K->2522747K(14439360K), 0.5301360 secs]
2018-05-24T17:25:27.474+0000: 1163567.095: [GC 9384123K->2510965K(14451520K), 0.4310490 secs]
2018-05-24T17:25:42.310+0000: 1163581.931: [GC 9390773K->2528379K(14448384K), 0.5502980 secs]
2018-05-24T17:26:20.746+0000: 1163620.367: [GC 9408187K->2555164K(14465536K), 0.6604210 secs]
2018-05-24T17:26:38.190+0000: 1163637.810: [GC 9457628K->2533138K(14457024K), 0.4762590 secs]
2018-05-24T17:27:03.953+0000: 1163663.574: [GC 9435602K->2545778K(14472896K), 0.5225020 secs]
2018-05-24T17:27:20.353+0000: 1163679.974: [GC 9466866K->2556337K(14468288K), 0.5501290 secs]
2018-05-24T17:27:39.113+0000: 1163698.734: [GC 9477425K->2545048K(14479040K), 0.4223080 secs]
2018-05-24T17:28:01.316+0000: 1163720.937: [GC 9481496K->2564445K(14477504K), 0.4912140 secs]
2018-05-24T17:28:26.715+0000: 1163746.336: [GC 9500893K->2578640K(14489536K), 0.5825210 secs]
2018-05-24T17:29:26.331+0000: 1163805.952: [GC 9531792K->2662535K(14483008K), 0.9561400 secs]
2018-05-24T17:29:45.251+0000: 1163824.872: [GC 9615687K->2575047K(14462272K), 0.3974010 secs]
2018-05-24T17:30:02.357+0000: 1163841.978: [GC 9500231K->2593454K(14472640K), 0.4422870 secs]
2018-05-24T17:30:16.648+0000: 1163856.269: [GC 9518638K->2596616K(14480896K), 0.4109790 secs]
2018-05-24T17:30:29.648+0000: 1163869.269: [GC 8664307K->2605565K(14476992K), 0.4175890 secs]
2018-05-24T17:30:30.066+0000: 1163869.686: [Full GC 2605565K->1263908K(14476992K), 4.0138150 secs]
2018-05-24T17:30:59.970+0000: 1163899.590: [GC 8201700K->1376902K(14492416K), 0.5450190 secs]
2018-05-24T17:31:15.037+0000: 1163914.658: [GC 8334534K->1389568K(14485312K), 0.3282600 secs]
2018-05-24T17:31:22.269+0000: 1163921.890: [GC 8347200K->1355960K(14496128K), 0.2340060 secs]
2018-05-24T17:31:45.924+0000: 1163945.545: [GC 8330680K->1395963K(14497408K), 0.4835230 secs]
2018-05-24T17:32:02.613+0000: 1163962.234: [GC 8370683K->1401111K(14508224K), 0.4925090 secs]
2018-05-24T17:32:38.334+0000: 1163997.954: [GC 8392535K->1443316K(14503296K), 0.6606980 secs]
2018-05-24T17:33:37.068+0000: 1164056.688: [GC 8434740K->1507172K(14449472K), 0.9837620 secs]
2018-05-24T17:34:25.830+0000: 1164105.451: [GC 8440164K->1519451K(14449856K), 0.8233020 secs]
2018-05-24T17:34:43.596+0000: 1164123.216: [GC 8452443K->1456055K(14469184K), 0.5394820 secs]
2018-05-24T17:35:01.238+0000: 1164140.859: [GC 8369527K->1453354K(14464384K), 0.4265920 secs]
2018-05-24T17:35:40.095+0000: 1164179.716: [GC 8366826K->1539625K(14449216K), 0.8566320 secs]
2018-05-24T17:35:59.584+0000: 1164199.204: [GC 8441385K->1470406K(14460928K), 0.4262700 secs]
2018-05-24T17:36:25.485+0000: 1164225.106: [GC 8372166K->1493295K(14472832K), 0.5481180 secs]
2018-05-24T17:36:48.740+0000: 1164248.361: [GC 8411247K->1488281K(14465216K), 0.4763620 secs]
2018-05-24T17:37:04.715+0000: 1164264.335: [GC 8406233K->1497852K(14483456K), 0.5421860 secs]
2018-05-24T17:38:14.445+0000: 1164334.066: [GC 8439036K->1577697K(14463488K), 0.8810630 secs]
2018-05-24T17:38:40.765+0000: 1164360.386: [GC 8518881K->1542058K(14476032K), 0.6087120 secs]
2018-05-24T17:38:58.946+0000: 1164378.566: [GC 8466154K->1514480K(14468160K), 0.4403750 secs]
2018-05-24T17:39:11.564+0000: 1164391.185: [GC 8438576K->1515360K(14480000K), 0.3518870 secs]
2018-05-24T17:39:24.911+0000: 1164404.532: [GC 8453216K->1528045K(14477952K), 0.2711600 secs]
2018-05-24T17:39:36.147+0000: 1164415.768: [GC 8465901K->1526071K(14486400K), 0.4072890 secs]
2018-05-24T17:39:51.630+0000: 1164431.250: [GC 8476215K->1533324K(14483840K), 0.4191270 secs]
2018-05-24T17:40:04.702+0000: 1164444.323: [GC 8483468K->1547087K(14495488K), 0.3978090 secs]
2018-05-24T17:40:20.556+0000: 1164460.176: [GC 8512591K->1555605K(14490112K), 0.4357020 secs]
2018-05-24T17:41:04.593+0000: 1164504.214: [GC 8521109K->1628727K(14472192K), 0.7823150 secs]
2018-05-24T17:42:05.156+0000: 1164564.777: [GC 8581815K->1659952K(14485120K), 0.9569640 secs]
2018-05-24T17:42:51.473+0000: 1164611.094: [GC 8613040K->1672464K(14404480K), 0.8141830 secs]
2018-05-24T17:44:06.235+0000: 1164685.856: [GC 8541968K->1673057K(14397632K), 0.9386470 secs]
2018-05-24T17:44:57.180+0000: 1164736.801: [GC 8542561K->1686859K(14415360K), 0.8848920 secs]
2018-05-24T17:45:56.012+0000: 1164795.633: [GC 8516171K->1695604K(14361728K), 0.8002330 secs]
2018-05-24T17:46:41.877+0000: 1164841.498: [GC 8524916K->1704487K(14411776K), 0.9000070 secs]
2018-05-24T17:46:58.845+0000: 1164858.466: [GC 8513575K->1640834K(14414592K), 0.5161140 secs]
2018-05-24T17:47:12.385+0000: 1164872.005: [GC 8449922K->1628117K(14420608K), 0.2447620 secs]
2018-05-24T17:47:23.321+0000: 1164882.942: [GC 8447701K->1648413K(14419072K), 0.4473070 secs]
2018-05-24T17:47:35.271+0000: 1164894.892: [GC 8467997K->1655949K(14430080K), 0.4286110 secs]
2018-05-24T17:47:48.496+0000: 1164908.116: [GC 8491085K->1664538K(14425152K), 0.4604970 secs]
2018-05-24T17:48:01.929+0000: 1164921.549: [GC 8499674K->1661852K(14438848K), 0.3536270 secs]
2018-05-24T17:48:13.288+0000: 1164932.908: [GC 8515676K->1678161K(14435072K), 0.4128320 secs]
2018-05-24T17:48:25.968+0000: 1164945.588: [GC 8531985K->1684730K(14450624K), 0.3730900 secs]
2018-05-24T17:48:41.130+0000: 1164960.751: [GC 8559994K->1689431K(14444736K), 0.4041230 secs]
2018-05-24T17:48:53.443+0000: 1164973.064: [GC 8564695K->1693551K(14460928K), 0.2833030 secs]
2018-05-24T17:49:07.943+0000: 1164987.563: [GC 8590511K->1721938K(14456128K), 0.4482170 secs]
2018-05-24T17:49:32.191+0000: 1165011.812: [GC 8618898K->1747663K(14478144K), 0.5112230 secs]
2018-05-24T17:49:49.300+0000: 1165028.920: [GC 8675279K->1744832K(14469568K), 0.4443200 secs]
2018-05-24T17:50:02.378+0000: 1165041.999: [GC 8672448K->1765772K(14493440K), 0.4336170 secs]
2018-05-24T17:50:19.145+0000: 1165058.766: [GC 8724364K->1768638K(14485248K), 0.3787410 secs]
2018-05-24T17:50:31.173+0000: 1165070.794: [GC 8727230K->1769775K(14502464K), 0.3149690 secs]
2018-05-24T17:50:43.998+0000: 1165083.619: [GC 8751343K->1786103K(14499200K), 0.4078020 secs]
2018-05-24T17:50:56.057+0000: 1165095.678: [GC 8767671K->1810420K(14512960K), 0.4243580 secs]
2018-05-24T17:51:13.897+0000: 1165113.518: [GC 8810292K->1823341K(14507008K), 0.4723560 secs]
2018-05-24T17:51:31.680+0000: 1165131.301: [GC 8823213K->1844011K(14521344K), 0.5218610 secs]
2018-05-24T17:52:34.632+0000: 1165194.253: [GC 8863595K->1944852K(14518336K), 0.9786780 secs]
2018-05-24T17:53:29.664+0000: 1165249.285: [GC 8964436K->2000391K(14397632K), 1.0045020 secs]
2018-05-24T17:54:25.875+0000: 1165305.496: [GC 8896263K->2021984K(14406272K), 0.8132350 secs]
2018-05-24T17:54:52.564+0000: 1165332.185: [GC 8917856K->1988523K(14460672K), 0.6184290 secs]
2018-05-24T17:55:10.526+0000: 1165350.146: [GC 8879979K->1939578K(14450880K), 0.3057580 secs]
2018-05-24T17:55:28.103+0000: 1165367.724: [GC 8831034K->1980735K(14467328K), 0.5075730 secs]
2018-05-24T17:56:16.934+0000: 1165416.555: [GC 8888127K->2062072K(14431424K), 0.9143940 secs]
2018-05-24T17:57:14.594+0000: 1165474.215: [GC 8969464K->2078666K(14425600K), 0.9241510 secs]
2018-05-24T17:58:24.824+0000: 1165544.445: [GC 8937674K->2079902K(14383104K), 0.8497250 secs]
2018-05-24T17:58:42.839+0000: 1165562.460: [GC 8938910K->1993710K(14433920K), 0.4330510 secs]
2018-05-24T17:59:09.594+0000: 1165589.215: [GC 8839470K->2012872K(14431936K), 0.5006540 secs]
2018-05-24T17:59:55.757+0000: 1165635.377: [GC 8858632K->2045837K(14450496K), 0.5441720 secs]
2018-05-24T18:00:12.479+0000: 1165652.100: [GC 8915917K->2017781K(14439680K), 0.4044910 secs]
2018-05-24T18:00:42.224+0000: 1165681.845: [GC 8887861K->2053025K(14463680K), 0.5583110 secs]
2018-05-24T18:01:45.696+0000: 1165745.317: [GC 8950753K->2122647K(14427776K), 0.9043590 secs]
2018-05-24T18:02:35.947+0000: 1165795.568: [GC 9020375K->2081019K(14456768K), 0.6352200 secs]
2018-05-24T18:02:52.496+0000: 1165812.117: [GC 8967163K->2054966K(14449472K), 0.4875100 secs]
2018-05-24T18:03:21.945+0000: 1165841.566: [GC 8941110K->2071895K(14467008K), 0.5610730 secs]
2018-05-24T18:03:39.203+0000: 1165858.824: [GC 8979607K->2069427K(14460800K), 0.4692690 secs]
2018-05-24T18:04:10.542+0000: 1165890.163: [GC 8977139K->2076794K(14474688K), 0.4794430 secs]
2018-05-24T18:04:26.917+0000: 1165906.538: [GC 9001786K->2084324K(14470400K), 0.5263570 secs]
2018-05-24T18:04:57.111+0000: 1165936.731: [GC 9009316K->2086082K(14483328K), 0.4267980 secs]
2018-05-24T18:05:12.796+0000: 1165952.416: [GC 9028546K->2088116K(14479232K), 0.4531050 secs]
2018-05-24T18:05:46.238+0000: 1165985.859: [GC 9030580K->2096409K(14491968K), 0.4663390 secs]
2018-05-24T18:06:04.596+0000: 1166004.217: [GC 9055513K->2100696K(14487232K), 0.4093070 secs]
2018-05-24T18:06:42.180+0000: 1166041.801: [GC 9059800K->2124651K(14502208K), 0.5000270 secs]
2018-05-24T18:07:33.702+0000: 1166093.323: [GC 9102698K->2150393K(14495936K), 0.6022990 secs]
2018-05-24T18:07:51.439+0000: 1166111.060: [GC 9128441K->2120216K(14503296K), 0.4118230 secs]
2018-05-24T18:08:16.770+0000: 1166136.391: [GC 9104472K->2139702K(14501056K), 0.4823940 secs]
2018-05-24T18:09:11.753+0000: 1166191.374: [GC 9123958K->2236232K(14453504K), 0.9675840 secs]
2018-05-24T18:10:08.606+0000: 1166248.226: [GC 9177800K->2277782K(14480832K), 0.8720730 secs]
2018-05-24T18:10:59.192+0000: 1166298.813: [GC 9219350K->2286112K(14400832K), 0.8935080 secs]
2018-05-24T18:11:35.716+0000: 1166335.336: [GC 9147680K->2258732K(14440832K), 0.6840740 secs]
2018-05-24T18:11:51.445+0000: 1166351.066: [GC 9120300K->2226801K(14448576K), 0.5552440 secs]
2018-05-24T18:12:11.335+0000: 1166370.955: [GC 9098481K->2252777K(14443200K), 0.6181170 secs]
2018-05-24T18:12:30.957+0000: 1166390.578: [GC 9124457K->2249049K(14461056K), 0.5012100 secs]
2018-05-24T18:12:48.603+0000: 1166408.223: [GC 9146585K->2259462K(14456576K), 0.5103030 secs]
2018-05-24T18:13:46.157+0000: 1166465.778: [GC 9156998K->2341761K(14444416K), 0.8425460 secs]
2018-05-24T18:14:17.349+0000: 1166496.969: [GC 9230977K->2311103K(14454656K), 0.6377910 secs]
2018-05-24T18:14:37.919+0000: 1166517.539: [GC 9200319K->2299348K(14466624K), 0.5578260 secs]
2018-05-24T18:15:07.312+0000: 1166546.933: [GC 9209108K->2317823K(14463232K), 0.5362480 secs]
2018-05-24T18:16:06.950+0000: 1166606.571: [GC 9227583K->2399407K(14444864K), 0.8201560 secs]
2018-05-24T18:16:32.336+0000: 1166631.956: [GC 9296431K->2334383K(14458560K), 0.4729850 secs]
2018-05-24T18:16:47.622+0000: 1166647.243: [GC 9231407K->2332121K(14464896K), 0.4809250 secs]
2018-05-24T18:17:19.297+0000: 1166678.917: [GC 9239385K->2339426K(14462464K), 0.4473010 secs]
2018-05-24T18:17:33.621+0000: 1166693.241: [GC 9246690K->2349378K(14472640K), 0.4432980 secs]
2018-05-24T18:18:29.414+0000: 1166749.035: [GC 9270210K->2407868K(14422784K), 0.7040510 secs]
2018-05-24T18:19:23.673+0000: 1166803.293: [GC 9328700K->2445672K(14440128K), 0.8686170 secs]
2018-05-24T18:20:25.681+0000: 1166865.301: [GC 9333736K->2446271K(14411072K), 0.8358740 secs]
2018-05-24T18:20:41.912+0000: 1166881.533: [GC 9334335K->2381159K(14448768K), 0.4548240 secs]
2018-05-24T18:20:59.052+0000: 1166898.673: [GC 9255911K->2394817K(14446080K), 0.4757740 secs]
2018-05-24T18:21:42.754+0000: 1166942.375: [GC 9269569K->2475040K(14437568K), 0.9268740 secs]
2018-05-24T18:22:20.724+0000: 1166980.344: [GC 9345440K->2448531K(14445248K), 0.7224620 secs]
2018-05-24T18:22:38.469+0000: 1166998.090: [GC 9318931K->2416511K(14454592K), 0.4938340 secs]
2018-05-24T18:22:58.875+0000: 1167018.496: [GC 9303039K->2421213K(14452032K), 0.5064330 secs]
2018-05-24T18:23:53.410+0000: 1167073.030: [GC 9307741K->2511847K(14436032K), 0.8409530 secs]
2018-05-24T18:24:51.349+0000: 1167130.969: [GC 9385319K->2518125K(14396480K), 0.9203090 secs]
2018-05-24T18:25:47.713+0000: 1167187.334: [GC 9391597K->2530201K(14427008K), 0.8949420 secs]
2018-05-24T18:26:24.815+0000: 1167224.436: [GC 9376921K->2492507K(14433408K), 0.6828040 secs]
2018-05-24T18:26:42.288+0000: 1167241.909: [GC 9339227K->2458775K(14443136K), 0.4517620 secs]
2018-05-24T18:26:55.839+0000: 1167255.460: [GC 9324119K->2461750K(14442304K), 0.4219810 secs]
2018-05-24T18:27:08.155+0000: 1167267.776: [GC 9327094K->2476025K(14447872K), 0.3681610 secs]
2018-05-24T18:27:19.391+0000: 1167279.012: [GC 9348089K->2472181K(14444288K), 0.3673930 secs]
2018-05-24T18:27:34.304+0000: 1167293.925: [GC 9344245K->2485044K(14454080K), 0.4593070 secs]
2018-05-24T18:27:46.374+0000: 1167305.995: [GC 9369012K->2484638K(14449984K), 0.3617530 secs]
2018-05-24T18:27:59.838+0000: 1167319.459: [GC 9368606K->2503919K(14464128K), 0.4919550 secs]
2018-05-24T18:28:31.871+0000: 1167351.492: [GC 9405551K->2536134K(14457600K), 0.6565100 secs]
2018-05-24T18:29:34.576+0000: 1167414.197: [GC 9437766K->2595948K(14445504K), 0.9183610 secs]
2018-05-24T18:30:23.072+0000: 1167462.692: [GC 9492460K->2606296K(14417216K), 0.6584640 secs]
2018-05-24T18:30:34.088+0000: 1167473.709: [GC 7320722K->2522092K(14449088K), 0.3758190 secs]
2018-05-24T18:30:34.464+0000: 1167474.085: [Full GC 2522092K->1237762K(14449088K), 3.5504240 secs]
2018-05-24T18:30:51.558+0000: 1167491.178: [GC 8114306K->1341778K(14447552K), 0.4057250 secs]
2018-05-24T18:31:01.694+0000: 1167501.315: [GC 8218322K->1353099K(14461888K), 0.4159280 secs]
2018-05-24T18:31:14.303+0000: 1167513.924: [GC 8250699K->1356225K(14455808K), 0.4183200 secs]
2018-05-24T18:31:36.992+0000: 1167536.612: [GC 8253825K->1397204K(14472000K), 0.6510390 secs]
2018-05-24T18:32:10.011+0000: 1167569.632: [GC 8316756K->1404614K(14467648K), 0.5906830 secs]
2018-05-24T18:32:28.061+0000: 1167587.682: [GC 8324166K->1392288K(14482944K), 0.5027250 secs]
2018-05-24T18:32:42.318+0000: 1167601.939: [GC 8331616K->1392648K(14476480K), 0.4941570 secs]
2018-05-24T18:32:54.363+0000: 1167613.984: [GC 8331976K->1387497K(14490368K), 0.4355410 secs]
2018-05-24T18:33:18.535+0000: 1167638.156: [GC 8345513K->1428242K(14487744K), 0.5774330 secs]
2018-05-24T18:34:07.359+0000: 1167686.980: [GC 8386258K->1500366K(14447424K), 0.9351390 secs]
2018-05-24T18:35:04.293+0000: 1167743.914: [GC 8421582K->1513256K(14450688K), 0.8227620 secs]
2018-05-24T18:36:00.224+0000: 1167799.845: [GC 8434472K->1522710K(14430912K), 0.8366500 secs]
2018-05-24T18:36:33.768+0000: 1167833.389: [GC 8388886K->1491170K(14443136K), 0.6370420 secs]
2018-05-24T18:36:50.485+0000: 1167850.106: [GC 8357346K->1466475K(14454400K), 0.5687390 secs]
2018-05-24T18:37:17.593+0000: 1167877.213: [GC 8351019K->1488543K(14450240K), 0.5915230 secs]
2018-05-24T18:37:34.842+0000: 1167894.462: [GC 8373087K->1482138K(14466048K), 0.5398220 secs]
2018-05-24T18:37:48.328+0000: 1167907.948: [GC 8389914K->1478015K(14461824K), 0.4063330 secs]
2018-05-24T18:38:05.076+0000: 1167924.697: [GC 8385791K->1480195K(14470848K), 0.4219420 secs]
2018-05-24T18:38:22.887+0000: 1167942.507: [GC 8399491K->1499266K(14468544K), 0.4913300 secs]
2018-05-24T18:39:36.733+0000: 1168016.353: [GC 8418562K->1579294K(14453952K), 0.8567420 secs]
2018-05-24T18:41:12.178+0000: 1168111.798: [GC 8489374K->1592373K(14425856K), 0.8802670 secs]
2018-05-24T18:41:54.667+0000: 1168154.287: [GC 8502453K->1561053K(14464640K), 0.6132350 secs]
2018-05-24T18:42:12.153+0000: 1168171.774: [GC 8461853K->1558080K(14456256K), 0.5866970 secs]
2018-05-24T18:42:28.526+0000: 1168188.147: [GC 8458880K->1569986K(14476224K), 0.5738750 secs]
2018-05-24T18:43:22.276+0000: 1168241.897: [GC 8496130K->1639402K(14452480K), 0.9136490 secs]
2018-05-24T18:44:07.554+0000: 1168287.175: [GC 8565546K->1654441K(14440704K), 0.7920500 secs]
2018-05-24T18:45:01.663+0000: 1168341.284: [GC 8537897K->1661751K(14411200K), 0.8466910 secs]
2018-05-24T18:45:56.445+0000: 1168396.066: [GC 8545207K->1679979K(14428864K), 0.9733420 secs]
2018-05-24T18:46:53.260+0000: 1168452.881: [GC 8531947K->1681841K(14374528K), 0.9420600 secs]
2018-05-24T18:47:56.372+0000: 1168515.993: [GC 8533809K->1696280K(14427136K), 0.9685300 secs]
2018-05-24T18:48:26.082+0000: 1168545.702: [GC 8536728K->1649393K(14430272K), 0.5674920 secs]
2018-05-24T18:48:43.192+0000: 1168562.812: [GC 8489841K->1634209K(14435648K), 0.5024570 secs]
2018-05-24T18:49:05.766+0000: 1168585.386: [GC 8484513K->1645224K(14434752K), 0.5368670 secs]
2018-05-24T18:49:25.073+0000: 1168604.694: [GC 8495528K->1642150K(14440576K), 0.4818060 secs]
2018-05-24T18:49:43.370+0000: 1168622.991: [GC 8501094K->1642721K(14438464K), 0.4144410 secs]
2018-05-24T18:50:02.892+0000: 1168642.513: [GC 8501665K->1675335K(14450304K), 0.5148240 secs]
2018-05-24T18:50:20.077+0000: 1168659.698: [GC 8548167K->1655641K(14442624K), 0.3908850 secs]
2018-05-24T18:50:44.144+0000: 1168683.765: [GC 8528473K->1696836K(14462208K), 0.5557200 secs]
2018-05-24T18:51:34.675+0000: 1168734.296: [GC 8591684K->1762931K(14422848K), 0.8248330 secs]
2018-05-24T18:52:25.087+0000: 1168784.708: [GC 8657779K->1775444K(14429504K), 0.9482360 secs]
2018-05-24T18:53:13.265+0000: 1168832.886: [GC 8634452K->1781308K(14384576K), 0.9275680 secs]
2018-05-24T18:54:04.163+0000: 1168883.784: [GC 8640316K->1792506K(14421888K), 0.9090490 secs]
2018-05-24T18:54:59.426+0000: 1168939.047: [GC 8627450K->1794719K(14354944K), 0.8119810 secs]
2018-05-24T18:55:47.527+0000: 1168987.148: [GC 8629663K->1806401K(14422784K), 0.7428220 secs]
2018-05-24T18:56:46.546+0000: 1169046.167: [GC 8635841K->1812046K(14353472K), 0.7432740 secs]
2018-05-24T18:57:33.921+0000: 1169093.541: [GC 8641486K->1807680K(14430720K), 0.8308110 secs]
2018-05-24T18:57:49.564+0000: 1169109.184: [GC 8642688K->1764050K(14424384K), 0.5243480 secs]
2018-05-24T18:58:07.266+0000: 1169126.887: [GC 8599058K->1771744K(14433984K), 0.5691580 secs]
2018-05-24T18:58:31.081+0000: 1169150.701: [GC 8617504K->1784621K(14431872K), 0.5604860 secs]
2018-05-24T18:58:46.602+0000: 1169166.222: [GC 8630381K->1786530K(14441216K), 0.5366810 secs]
2018-05-24T19:02:32.378+0000: 1169391.998: [GC 8645794K->1825665K(14438144K), 0.6847870 secs]
2018-05-24T19:07:20.166+0000: 1169679.787: [GC 8684929K->1844594K(14458816K), 0.6830920 secs]
2018-05-24T19:11:57.026+0000: 1169956.647: [GC 8733938K->1863080K(14450624K), 0.7102700 secs]
2018-05-24T19:18:04.212+0000: 1170323.832: [GC 8752424K->1884369K(14472448K), 0.6864360 secs]
2018-05-24T19:22:00.726+0000: 1170560.346: [GC 8802449K->1898587K(14465728K), 0.6878930 secs]
2018-05-24T19:27:10.710+0000: 1170870.331: [GC 8816667K->1909939K(14481728K), 0.6637810 secs]
2018-05-24T19:30:38.023+0000: 1171077.644: [GC 6175884K->1871628K(14477120K), 0.3616580 secs]
2018-05-24T19:30:38.385+0000: 1171078.006: [Full GC 1871628K->1101369K(14477120K), 3.4693280 secs]
2018-05-24T19:36:24.586+0000: 1171424.207: [GC 8040121K->1234345K(14483520K), 0.6287260 secs]
2018-05-24T19:40:11.119+0000: 1171650.739: [GC 8175081K->1248743K(14477312K), 0.6097500 secs]
2018-05-24T19:45:21.876+0000: 1171961.497: [GC 8189479K->1260848K(14493504K), 0.5884390 secs]
2018-05-24T19:50:50.061+0000: 1172289.681: [GC 8222768K->1275559K(14488512K), 0.5795280 secs]
2018-05-24T19:56:20.178+0000: 1172619.798: [GC 8237479K->1293609K(14502912K), 0.6675700 secs]
2018-05-24T19:59:56.446+0000: 1172836.067: [GC 8274729K->1308897K(14498304K), 0.6005780 secs]
2018-05-24T20:04:13.426+0000: 1173093.047: [GC 8290017K->1320984K(14510656K), 0.6649490 secs]
2018-05-24T20:08:18.117+0000: 1173337.737: [GC 8318552K->1336154K(14507008K), 0.6559830 secs]
2018-05-24T20:13:56.463+0000: 1173676.084: [GC 8333722K->1344171K(14515584K), 0.6471270 secs]
2018-05-24T20:20:09.745+0000: 1174049.365: [GC 8353131K->1361290K(14513472K), 0.6184100 secs]
2018-05-24T20:25:48.520+0000: 1174388.141: [GC 8370250K->1369854K(14520512K), 0.5778900 secs]
2018-05-24T20:30:08.581+0000: 1174648.201: [GC 8388734K->1383229K(14518464K), 0.6020490 secs]
2018-05-24T20:30:41.864+0000: 1174681.484: [GC 2334844K->1283012K(14488896K), 0.0981950 secs]
2018-05-24T20:30:41.962+0000: 1174681.583: [Full GC 1283012K->752276K(14488896K), 2.9411580 secs]
2018-05-24T20:35:31.706+0000: 1174971.326: [GC 7744020K->885396K(14505920K), 0.5989150 secs]
2018-05-24T20:40:32.071+0000: 1175271.692: [GC 7877140K->893280K(14509760K), 0.5740690 secs]
2018-05-24T20:46:59.754+0000: 1175659.375: [GC 7889696K->904991K(14506752K), 0.6469320 secs]
2018-05-24T20:52:17.926+0000: 1175977.546: [GC 7901407K->919791K(14513344K), 0.6571560 secs]
2018-05-24T20:57:23.532+0000: 1176283.153: [GC 7925039K->932970K(14512000K), 0.6627380 secs]
2018-05-24T21:03:12.285+0000: 1176631.906: [GC 7938218K->943995K(14516736K), 0.6427620 secs]
2018-05-24T21:08:49.746+0000: 1176969.366: [GC 7955323K->955476K(14514688K), 0.6503170 secs]
2018-05-24T21:14:46.125+0000: 1177325.746: [GC 7966804K->965118K(14522752K), 0.6345970 secs]
2018-05-24T21:22:17.080+0000: 1177776.701: [GC 7987070K->979800K(14519296K), 0.6460380 secs]
2018-05-24T21:29:59.309+0000: 1178238.930: [GC 8001752K->1000188K(14524416K), 0.5881840 secs]
2018-05-24T21:30:44.914+0000: 1178284.535: [GC 1989805K->903753K(14386304K), 0.1080250 secs]
2018-05-24T21:30:45.022+0000: 1178284.643: [Full GC 903753K->659351K(14386304K), 2.5933640 secs]
2018-05-24T21:38:15.503+0000: 1178735.124: [GC 7687831K->786062K(14510272K), 0.6361330 secs]
2018-05-24T21:46:47.953+0000: 1179247.573: [GC 7784910K->798352K(14508672K), 0.6665230 secs]
2018-05-24T21:55:13.107+0000: 1179752.728: [GC 7797200K->816172K(14513344K), 0.6120060 secs]
2018-05-24T22:06:10.646+0000: 1180410.266: [GC 7822380K->832164K(14512960K), 0.5971220 secs]
2018-05-24T22:17:35.163+0000: 1181094.783: [GC 7838372K->850395K(14515584K), 0.6296870 secs]
2018-05-24T22:30:47.626+0000: 1181887.247: [GC 7618529K->862206K(14513664K), 0.6236830 secs]
2018-05-24T22:30:48.250+0000: 1181887.871: [Full GC 862206K->558617K(14513664K), 2.1632080 secs]
2018-05-24T22:46:45.063+0000: 1182844.684: [GC 7567769K->690485K(14519680K), 0.6310220 secs]
2018-05-24T23:04:55.181+0000: 1183934.801: [GC 7709877K->708676K(14519744K), 0.5636700 secs]
2018-05-24T23:21:02.710+0000: 1184902.331: [GC 7728068K->722542K(14525184K), 0.5928700 secs]
2018-05-24T23:30:50.425+0000: 1185490.045: [GC 4244957K->689854K(14431936K), 0.2868980 secs]
2018-05-24T23:30:50.712+0000: 1185490.332: [Full GC 689854K->493662K(14431936K), 2.1301030 secs]
2018-05-24T23:57:55.250+0000: 1187114.871: [GC 7521950K->604915K(14522560K), 0.5775270 secs]
2018-05-25T00:30:52.851+0000: 1189092.472: [GC 6969808K->614999K(14518720K), 0.4872800 secs]
2018-05-25T00:30:53.339+0000: 1189092.959: [Full GC 614999K->501676K(14518720K), 1.9971180 secs]
2018-05-25T01:15:58.308+0000: 1191797.928: [GC 7522860K->616864K(14528448K), 0.5179440 secs]
2018-05-25T01:30:55.346+0000: 1192694.967: [GC 2641952K->558148K(14403712K), 0.1745570 secs]
2018-05-25T01:30:55.521+0000: 1192695.142: [Full GC 558148K->415526K(14403712K), 2.1189390 secs]
2018-05-25T02:23:11.064+0000: 1195830.685: [GC 7448614K->522927K(14523008K), 0.5314150 secs]
2018-05-25T02:30:57.649+0000: 1196297.270: [GC 2350013K->472470K(14389184K), 0.1568610 secs]
2018-05-25T02:30:57.806+0000: 1196297.427: [Full GC 472470K->375973K(14389184K), 1.7349880 secs]
2018-05-25T02:58:38.819+0000: 1197958.440: [GC 7396901K->480286K(14519296K), 0.5055320 secs]
2018-05-25T03:17:46.156+0000: 1199105.777: [GC 7494366K->502275K(14514880K), 0.5296300 secs]
2018-05-25T03:30:59.553+0000: 1199899.173: [GC 4725859K->486439K(14523712K), 0.3368170 secs]
2018-05-25T03:30:59.890+0000: 1199899.510: [Full GC 486439K->401662K(14523712K), 1.8219120 secs]
2018-05-25T03:45:17.347+0000: 1200756.968: [GC 7428862K->519630K(14485248K), 0.5449170 secs]
2018-05-25T03:58:52.792+0000: 1201572.413: [GC 7546830K->536893K(14518848K), 0.5939750 secs]
2018-05-25T04:14:39.516+0000: 1202519.137: [GC 7557309K->550822K(14520256K), 0.5716030 secs]
2018-05-25T04:29:36.407+0000: 1203416.027: [GC 7571238K->567578K(14521792K), 0.6224530 secs]
2018-05-25T04:31:01.722+0000: 1203501.343: [GC 1359378K->484642K(14377344K), 0.0932530 secs]
2018-05-25T04:31:01.815+0000: 1203501.436: [Full GC 484642K->371136K(14377344K), 1.9097320 secs]
2018-05-25T04:45:05.289+0000: 1204344.910: [GC 7393792K->486273K(14511552K), 0.5141660 secs]
2018-05-25T04:57:55.270+0000: 1205114.890: [GC 7490049K->503463K(14511936K), 0.6108600 secs]
2018-05-25T05:11:02.498+0000: 1205902.119: [GC 7507239K->519191K(14512128K), 0.5730960 secs]
2018-05-25T05:21:56.574+0000: 1206556.195: [GC 7523159K->539176K(14511936K), 0.5981780 secs]
2018-05-25T05:31:03.736+0000: 1207103.357: [GC 6220711K->527803K(14517440K), 0.4740960 secs]
2018-05-25T05:31:04.211+0000: 1207103.831: [Full GC 527803K->454170K(14517440K), 2.0100550 secs]
2018-05-25T05:40:29.343+0000: 1207668.964: [GC 7463962K->569290K(14512448K), 0.5036430 secs]
2018-05-25T05:49:01.396+0000: 1208181.016: [GC 7579082K->585951K(14517504K), 0.5762400 secs]
2018-05-25T05:56:54.817+0000: 1208654.437: [GC 7601631K->600301K(14517888K), 0.6030020 secs]
2018-05-25T06:04:57.325+0000: 1209136.945: [GC 7615981K->618419K(14516736K), 0.5178770 secs]
2018-05-25T06:14:43.964+0000: 1209723.584: [GC 7633203K->639994K(14482176K), 0.5999020 secs]
2018-05-25T06:22:33.380+0000: 1210193.000: [GC 7654778K->658162K(14516928K), 0.6069450 secs]
2018-05-25T06:29:08.750+0000: 1210588.371: [GC 7670514K->681791K(14515520K), 0.5940470 secs]
2018-05-25T06:31:06.229+0000: 1210705.850: [GC 3013292K->618852K(14502912K), 0.1869190 secs]
2018-05-25T06:31:06.416+0000: 1210706.037: [Full GC 618852K->466901K(14502912K), 1.6326110 secs]
2018-05-25T06:38:21.209+0000: 1211140.830: [GC 7465813K->586357K(14509504K), 0.5730820 secs]
2018-05-25T06:46:04.459+0000: 1211604.080: [GC 7585269K->603265K(14511168K), 0.5568910 secs]
2018-05-25T06:53:42.854+0000: 1212062.475: [GC 7605057K->627940K(14470976K), 0.5787410 secs]
2018-05-25T07:01:33.758+0000: 1212533.379: [GC 7629732K->650146K(14509632K), 0.5981150 secs]
2018-05-25T07:08:08.012+0000: 1212927.633: [GC 7649122K->670761K(14509440K), 0.5881080 secs]
2018-05-25T07:15:09.021+0000: 1213348.641: [GC 7669737K->695668K(14509120K), 0.5510150 secs]
2018-05-25T07:27:13.180+0000: 1214072.801: [GC 7695092K->724554K(14475328K), 0.6327420 secs]
2018-05-25T07:31:08.060+0000: 1214307.680: [GC 3739726K->681212K(14500096K), 0.2999280 secs]
2018-05-25T07:31:08.360+0000: 1214307.980: [Full GC 681212K->558470K(14500096K), 2.1806390 secs]
2018-05-25T07:36:48.314+0000: 1214647.935: [GC 7545990K->684262K(14503808K), 0.5735660 secs]
2018-05-25T07:43:23.287+0000: 1215042.907: [GC 7671770K->706594K(14506112K), 0.6148580 secs]
2018-05-25T07:52:23.683+0000: 1215583.304: [GC 7697570K->747689K(14479232K), 0.6250780 secs]
2018-05-25T08:01:17.091+0000: 1216116.712: [GC 7738665K->772141K(14499584K), 0.6269160 secs]
2018-05-25T08:02:32.732+0000: 1216192.353: [GC 7751085K->859168K(14499456K), 0.8712790 secs]
2018-05-25T08:03:39.785+0000: 1216259.406: [GC 7838112K->879586K(14400000K), 0.8899510 secs]
2018-05-25T08:04:45.773+0000: 1216325.394: [GC 7758946K->884917K(14397632K), 0.7193510 secs]
2018-05-25T08:05:56.097+0000: 1216395.718: [GC 7764277K->892934K(14440640K), 0.7850450 secs]
2018-05-25T08:06:59.312+0000: 1216458.932: [GC 7757190K->903189K(14378560K), 0.8390600 secs]
2018-05-25T08:08:06.821+0000: 1216526.442: [GC 7767445K->908730K(14440384K), 0.8269820 secs]
2018-05-25T08:09:22.057+0000: 1216601.678: [GC 7769338K->917485K(14440320K), 0.7799340 secs]
2018-05-25T08:10:20.928+0000: 1216660.548: [GC 7778093K->924225K(14445312K), 0.7317960 secs]
2018-05-25T08:11:22.228+0000: 1216721.849: [GC 7791681K->938896K(14442240K), 0.7667120 secs]
2018-05-25T08:12:26.195+0000: 1216785.816: [GC 7806352K->940273K(14452352K), 0.7379340 secs]
2018-05-25T08:13:29.585+0000: 1216849.205: [GC 7819697K->946537K(14447168K), 0.7450160 secs]
2018-05-25T08:14:25.689+0000: 1216905.309: [GC 7825961K->950741K(14464448K), 0.7242230 secs]
2018-05-25T08:15:38.333+0000: 1216977.953: [GC 7853077K->964640K(14457984K), 0.6952800 secs]
2018-05-25T08:17:19.466+0000: 1217079.086: [GC 7866976K->974695K(14475392K), 0.6981890 secs]
2018-05-25T08:18:16.973+0000: 1217136.594: [GC 7900071K->989471K(14470080K), 0.6947320 secs]
2018-05-25T08:18:52.309+0000: 1217171.930: [GC 7914847K->998430K(14481856K), 0.6178100 secs]
2018-05-25T08:19:10.366+0000: 1217189.986: [GC 7940062K->980669K(14384192K), 0.4700860 secs]
2018-05-25T08:19:28.194+0000: 1217207.814: [GC 7922301K->989099K(14471296K), 0.4633300 secs]
2018-05-25T08:19:44.883+0000: 1217224.504: [GC 7917739K->995539K(14364800K), 0.4249110 secs]
2018-05-25T08:20:08.749+0000: 1217248.369: [GC 7924179K->1056161K(14476544K), 0.6257430 secs]
2018-05-25T08:20:42.083+0000: 1217281.704: [GC 7984993K->1089084K(14472384K), 0.6714300 secs]
2018-05-25T08:21:18.873+0000: 1217318.494: [GC 8017916K->1102194K(14473536K), 0.6283500 secs]
2018-05-25T08:21:49.769+0000: 1217349.390: [GC 8029170K->1117982K(14473536K), 0.6189500 secs]
2018-05-25T08:22:15.802+0000: 1217375.422: [GC 8044958K->1105979K(14479936K), 0.5030440 secs]
2018-05-25T08:22:33.402+0000: 1217393.023: [GC 8044347K->1118179K(14478528K), 0.5024110 secs]
2018-05-25T08:22:50.366+0000: 1217409.987: [GC 8056547K->1136001K(14483520K), 0.5438490 secs]
2018-05-25T08:23:09.094+0000: 1217428.715: [GC 8080321K->1160663K(14480896K), 0.6078490 secs]
2018-05-25T08:23:31.317+0000: 1217450.938: [GC 8104983K->1189880K(14490752K), 0.6437010 secs]
2018-05-25T08:23:57.049+0000: 1217476.669: [GC 8149176K->1218391K(14458240K), 0.7271200 secs]
2018-05-25T08:24:25.789+0000: 1217505.410: [GC 8177687K->1236546K(14483200K), 0.6903200 secs]
2018-05-25T08:24:52.093+0000: 1217531.713: [GC 8187714K->1187575K(14388352K), 0.4394980 secs]
2018-05-25T08:25:11.674+0000: 1217551.295: [GC 8138743K->1180239K(14474752K), 0.3315530 secs]
2018-05-25T08:25:59.112+0000: 1217598.733: [GC 8118223K->1224777K(14479040K), 0.4876970 secs]
2018-05-25T08:27:02.109+0000: 1217661.729: [GC 8162761K->1252930K(14489600K), 0.6344010 secs]
2018-05-25T08:27:44.379+0000: 1217703.999: [GC 8205826K->1290755K(14483392K), 0.7275280 secs]
2018-05-25T08:28:26.066+0000: 1217745.686: [GC 8243651K->1302925K(14477568K), 0.7572200 secs]
2018-05-25T08:29:17.553+0000: 1217797.174: [GC 8245389K->1313923K(14439808K), 0.7249480 secs]
2018-05-25T08:30:23.199+0000: 1217862.820: [GC 8256387K->1319127K(14483008K), 0.5787210 secs]
2018-05-25T08:31:10.504+0000: 1217910.125: [GC 8261591K->1358255K(14479552K), 0.6622900 secs]
2018-05-25T08:31:11.184+0000: 1217910.804: [GC 1375018K->1359389K(14445312K), 0.2807720 secs]
2018-05-25T08:31:11.465+0000: 1217911.085: [Full GC 1359389K->877644K(14445312K), 2.9243090 secs]
2018-05-25T08:31:45.782+0000: 1217945.403: [GC 7783884K->1051753K(14420416K), 0.6879980 secs]
2018-05-25T08:32:17.866+0000: 1217977.487: [GC 7957993K->1071851K(14444096K), 0.8087250 secs]
2018-05-25T08:32:50.265+0000: 1218009.886: [GC 7950443K->1040707K(14449344K), 0.5526930 secs]
2018-05-25T08:33:35.126+0000: 1218054.747: [GC 7919299K->1064189K(14465280K), 0.5971740 secs]
2018-05-25T08:33:54.306+0000: 1218073.926: [GC 7966077K->1038192K(14456704K), 0.3969870 secs]
2018-05-25T08:34:12.542+0000: 1218092.163: [GC 7940080K->1052773K(14468032K), 0.4096580 secs]
2018-05-25T08:34:31.248+0000: 1218110.869: [GC 7966373K->1082144K(14465664K), 0.5149440 secs]
2018-05-25T08:34:50.529+0000: 1218130.150: [GC 7995744K->1094437K(14480512K), 0.5327770 secs]
2018-05-25T08:35:05.194+0000: 1218144.815: [GC 8029221K->1109665K(14474368K), 0.4830670 secs]
2018-05-25T08:35:39.515+0000: 1218179.136: [GC 8044449K->1167441K(14471296K), 0.6837990 secs]
2018-05-25T08:36:24.251+0000: 1218223.872: [GC 8105809K->1207763K(14465344K), 0.8723890 secs]
2018-05-25T08:37:09.978+0000: 1218269.598: [GC 8146131K->1221025K(14447936K), 0.8529430 secs]
2018-05-25T08:37:42.341+0000: 1218301.962: [GC 8114209K->1235099K(14406016K), 0.7965560 secs]
2018-05-25T08:38:18.067+0000: 1218337.688: [GC 8128283K->1238882K(14452160K), 0.7602580 secs]
2018-05-25T08:38:36.269+0000: 1218355.889: [GC 8122978K->1211140K(14452032K), 0.5322620 secs]
2018-05-25T08:38:53.755+0000: 1218373.376: [GC 8095236K->1209541K(14458240K), 0.4538330 secs]
2018-05-25T08:39:10.297+0000: 1218389.918: [GC 8103877K->1226879K(14456192K), 0.4875460 secs]
2018-05-25T08:39:35.946+0000: 1218415.566: [GC 8121215K->1300569K(14450240K), 0.8289460 secs]
2018-05-25T08:40:03.733+0000: 1218443.354: [GC 8192857K->1313191K(14405312K), 0.5140150 secs]
2018-05-25T08:40:30.291+0000: 1218469.912: [GC 8205479K->1325317K(14443584K), 0.6739490 secs]
2018-05-25T08:41:07.125+0000: 1218506.746: [GC 8200581K->1330506K(14447680K), 0.7341280 secs]
2018-05-25T08:41:39.733+0000: 1218539.354: [GC 8205770K->1300298K(14452864K), 0.5387330 secs]
2018-05-25T08:41:57.203+0000: 1218556.823: [GC 8180810K->1280575K(14447744K), 0.4275800 secs]
2018-05-25T08:42:14.954+0000: 1218574.575: [GC 8161087K->1294472K(14455488K), 0.4500800 secs]
2018-05-25T08:43:01.870+0000: 1218621.491: [GC 8182920K->1360934K(14453056K), 0.7863100 secs]
2018-05-25T08:43:48.064+0000: 1218667.684: [GC 8249382K->1362535K(14456704K), 0.7937990 secs]
2018-05-25T08:44:25.452+0000: 1218705.073: [GC 8253223K->1384979K(14454080K), 0.8383060 secs]
2018-05-25T08:44:55.676+0000: 1218735.297: [GC 8275667K->1344250K(14459200K), 0.5117610 secs]
2018-05-25T08:45:12.550+0000: 1218752.171: [GC 8238714K->1343849K(14455360K), 0.4454880 secs]
2018-05-25T08:45:43.026+0000: 1218782.646: [GC 8238313K->1386857K(14466304K), 0.6633200 secs]
2018-05-25T08:46:35.956+0000: 1218835.577: [GC 8294697K->1437903K(14438272K), 0.9012260 secs]
2018-05-25T08:47:27.784+0000: 1218887.405: [GC 8345743K->1454908K(14433856K), 1.0103520 secs]
2018-05-25T08:48:20.867+0000: 1218940.487: [GC 8323388K->1459357K(14396992K), 0.8668140 secs]
2018-05-25T08:48:54.072+0000: 1218973.692: [GC 8327837K->1406362K(14442560K), 0.6087720 secs]
2018-05-25T08:49:16.671+0000: 1218996.292: [GC 8267162K->1413228K(14438336K), 0.5604170 secs]
2018-05-25T08:49:33.629+0000: 1219013.250: [GC 8274028K->1404325K(14448256K), 0.4961500 secs]
2018-05-25T08:49:54.950+0000: 1219034.571: [GC 8279461K->1421940K(14446976K), 0.4814600 secs]
2018-05-25T08:50:11.813+0000: 1219051.433: [GC 8297076K->1426937K(14455744K), 0.3897340 secs]
2018-05-25T08:50:29.446+0000: 1219069.067: [GC 8314617K->1431593K(14452032K), 0.4744840 secs]
2018-05-25T08:50:49.202+0000: 1219088.823: [GC 8319273K->1442510K(14464960K), 0.5341110 secs]
2018-05-25T08:51:13.627+0000: 1219113.248: [GC 8347086K->1464712K(14459712K), 0.6288430 secs]
2018-05-25T08:52:14.426+0000: 1219174.047: [GC 8369288K->1537675K(14441920K), 0.9583600 secs]
2018-05-25T08:53:11.523+0000: 1219231.143: [GC 8432139K->1549699K(14429376K), 0.9390690 secs]
2018-05-25T08:53:40.270+0000: 1219259.890: [GC 8444163K->1495965K(14451968K), 0.5976010 secs]
2018-05-25T08:53:52.532+0000: 1219272.152: [GC 8372701K->1466300K(14444864K), 0.4048230 secs]
2018-05-25T08:54:04.700+0000: 1219284.320: [GC 8343036K->1475662K(14453312K), 0.3541320 secs]
2018-05-25T08:54:16.239+0000: 1219295.860: [GC 8360718K->1494291K(14451840K), 0.4717460 secs]
2018-05-25T08:54:35.130+0000: 1219314.751: [GC 8379347K->1518649K(14465280K), 0.5684350 secs]
2018-05-25T08:54:55.753+0000: 1219335.374: [GC 8421561K->1513018K(14457728K), 0.4291260 secs]
2018-05-25T08:55:17.359+0000: 1219356.980: [GC 8415930K->1529041K(14475264K), 0.4514090 secs]
2018-05-25T08:55:36.273+0000: 1219375.894: [GC 8453841K->1538032K(14469632K), 0.5074780 secs]
2018-05-25T08:55:52.799+0000: 1219392.420: [GC 8462832K->1534069K(14484928K), 0.4327860 secs]
2018-05-25T08:56:11.609+0000: 1219411.229: [GC 8479989K->1549043K(14481088K), 0.4693230 secs]
2018-05-25T08:56:28.562+0000: 1219428.182: [GC 8494963K->1559952K(14495872K), 0.5208560 secs]
2018-05-25T08:56:46.192+0000: 1219445.813: [GC 8526032K->1566957K(14490304K), 0.5268830 secs]
2018-05-25T08:57:02.420+0000: 1219462.041: [GC 8533037K->1567329K(14503552K), 0.4755810 secs]
2018-05-25T08:57:21.618+0000: 1219481.239: [GC 8551265K->1582407K(14500480K), 0.5243190 secs]
2018-05-25T08:57:41.695+0000: 1219501.316: [GC 8566343K->1578464K(14510400K), 0.4828980 secs]
2018-05-25T08:57:59.012+0000: 1219518.633: [GC 8576800K->1596588K(14508032K), 0.4919450 secs]
2018-05-25T08:58:18.809+0000: 1219538.429: [GC 8594924K->1604581K(14519360K), 0.5018950 secs]
2018-05-25T08:58:37.067+0000: 1219556.688: [GC 8618725K->1618527K(14514880K), 0.5488920 secs]
2018-05-25T08:58:53.913+0000: 1219573.533: [GC 8632671K->1622763K(14526912K), 0.5167010 secs]
2018-05-25T08:59:12.357+0000: 1219591.978: [GC 8652843K->1633320K(14523264K), 0.5039550 secs]
2018-05-25T08:59:29.222+0000: 1219608.843: [GC 8663400K->1638577K(14532544K), 0.4760830 secs]
2018-05-25T08:59:44.713+0000: 1219624.334: [GC 8680881K->1657645K(14529856K), 0.5502610 secs]
2018-05-25T09:00:02.821+0000: 1219642.441: [GC 8699949K->1654901K(14536000K), 0.4368290 secs]
2018-05-25T09:00:18.753+0000: 1219658.374: [GC 8704437K->1668458K(14533632K), 0.4686040 secs]
2018-05-25T09:00:36.282+0000: 1219675.903: [GC 8717994K->1677803K(14541312K), 0.4926540 secs]
2018-05-25T09:00:55.246+0000: 1219694.867: [GC 8738091K->1688262K(14539072K), 0.4756190 secs]
2018-05-25T09:01:13.697+0000: 1219713.318: [GC 8748550K->1687049K(14544128K), 0.4305050 secs]
2018-05-25T09:01:35.051+0000: 1219734.672: [GC 8754185K->1698917K(14543104K), 0.4994610 secs]
2018-05-25T09:01:54.719+0000: 1219754.339: [GC 8766053K->1713431K(14546368K), 0.5366990 secs]
2018-05-25T09:02:11.063+0000: 1219770.684: [GC 8785623K->1723762K(14545920K), 0.5318320 secs]
2018-05-25T09:02:30.457+0000: 1219790.078: [GC 8795954K->1720867K(14547648K), 0.4565890 secs]
2018-05-25T09:02:50.738+0000: 1219810.359: [GC 8795171K->1740039K(14546752K), 0.5328060 secs]
2018-05-25T09:03:09.060+0000: 1219828.681: [GC 8814343K->1733953K(14547584K), 0.4348130 secs]
2018-05-25T09:03:27.055+0000: 1219846.676: [GC 8809409K->1754415K(14547776K), 0.5194600 secs]
2018-05-25T09:03:45.560+0000: 1219865.181: [GC 8829871K->1753875K(14550144K), 0.4729660 secs]
2018-05-25T09:04:03.899+0000: 1219883.520: [GC 8833363K->1769473K(14549440K), 0.4859670 secs]
2018-05-25T09:04:22.601+0000: 1219902.221: [GC 8848961K->1784596K(14550272K), 0.5321580 secs]
2018-05-25T09:04:40.337+0000: 1219919.957: [GC 8866708K->1783263K(14551104K), 0.5043890 secs]
2018-05-25T09:04:56.696+0000: 1219936.316: [GC 8865375K->1793693K(14553664K), 0.4955300 secs]
2018-05-25T09:05:34.683+0000: 1219974.303: [GC 8879261K->1823434K(14552000K), 0.5804540 secs]
2018-05-25T09:06:16.047+0000: 1220015.668: [GC 8909002K->1824768K(14540480K), 0.5489740 secs]
2018-05-25T09:06:55.642+0000: 1220055.263: [GC 8897152K->1835933K(14546240K), 0.5680100 secs]
2018-05-25T09:07:39.191+0000: 1220098.811: [GC 8908317K->1846117K(14549632K), 0.5352640 secs]
2018-05-25T09:08:08.438+0000: 1220128.059: [GC 8923493K->1833022K(14508480K), 0.3154930 secs]
2018-05-25T09:08:21.720+0000: 1220141.341: [GC 8910398K->1849214K(14546496K), 0.4188950 secs]
2018-05-25T09:08:34.225+0000: 1220153.845: [GC 8923134K->1856902K(14547008K), 0.3581050 secs]
2018-05-25T09:08:46.638+0000: 1220166.259: [GC 8930822K->1867291K(14547840K), 0.4276400 secs]
2018-05-25T09:09:06.596+0000: 1220186.216: [GC 8942107K->1888775K(14547072K), 0.5068370 secs]
2018-05-25T09:09:24.407+0000: 1220204.027: [GC 8963591K->1898959K(14550720K), 0.5129710 secs]
2018-05-25T09:09:44.352+0000: 1220223.973: [GC 8978895K->1919066K(14543296K), 0.5801300 secs]
2018-05-25T09:10:02.218+0000: 1220241.839: [GC 8999002K->1915281K(14548736K), 0.4913650 secs]
2018-05-25T09:10:21.052+0000: 1220260.673: [GC 8991121K->1927591K(14547200K), 0.4722990 secs]
2018-05-25T09:10:38.625+0000: 1220278.246: [GC 9003431K->1934370K(14549760K), 0.4794960 secs]
2018-05-25T09:10:56.544+0000: 1220296.164: [GC 9012706K->1965448K(14548672K), 0.5978570 secs]
2018-05-25T09:11:13.658+0000: 1220313.279: [GC 9043784K->1955612K(14534208K), 0.4524100 secs]
2018-05-25T09:11:32.259+0000: 1220331.879: [GC 9018396K->1979643K(14527424K), 0.5939840 secs]
2018-05-25T09:11:51.835+0000: 1220351.456: [GC 9042427K->1973535K(14541184K), 0.5109950 secs]
2018-05-25T09:12:11.534+0000: 1220371.155: [GC 9034463K->1983946K(14539840K), 0.4901540 secs]
2018-05-25T09:12:31.181+0000: 1220390.801: [GC 9044874K->1997982K(14544000K), 0.5536990 secs]
2018-05-25T09:12:49.485+0000: 1220409.106: [GC 9064990K->1996614K(14543104K), 0.4704370 secs]
2018-05-25T09:13:08.995+0000: 1220428.616: [GC 9063622K->2008208K(14547072K), 0.5183380 secs]
2018-05-25T09:13:28.572+0000: 1220448.193: [GC 9080336K->2006893K(14545152K), 0.5096330 secs]
2018-05-25T09:13:47.606+0000: 1220467.227: [GC 9079021K->2018397K(14548672K), 0.5134310 secs]
2018-05-25T09:14:11.032+0000: 1220490.653: [GC 9094365K->2024584K(14547392K), 0.5100660 secs]
2018-05-25T09:14:57.728+0000: 1220537.349: [GC 9100552K->2081515K(14515712K), 0.6975440 secs]
2018-05-25T09:15:35.733+0000: 1220575.354: [GC 9126635K->2127426K(14532608K), 0.8107220 secs]
2018-05-25T09:16:04.245+0000: 1220603.866: [GC 9172546K->2109271K(14501248K), 0.5373160 secs]
2018-05-25T09:16:25.765+0000: 1220625.386: [GC 9123031K->2116851K(14516928K), 0.5256520 secs]
2018-05-25T09:16:49.444+0000: 1220649.065: [GC 9130611K->2140500K(14519360K), 0.6457540 secs]
2018-05-25T09:17:45.622+0000: 1220705.243: [GC 9159764K->2208551K(14519680K), 0.9605980 secs]
2018-05-25T09:18:45.897+0000: 1220765.518: [GC 9227815K->2250986K(14426624K), 0.9025110 secs]
2018-05-25T09:19:52.011+0000: 1220831.632: [GC 9177194K->2290982K(14453312K), 0.8994150 secs]
2018-05-25T09:20:53.748+0000: 1220893.369: [GC 9217190K->2306113K(14438720K), 0.8498050 secs]
2018-05-25T09:22:17.865+0000: 1220977.486: [GC 9186497K->2314978K(14410752K), 0.8948960 secs]
2018-05-25T09:22:56.897+0000: 1221016.518: [GC 9195362K->2320358K(14440320K), 0.9007720 secs]
2018-05-25T09:23:16.343+0000: 1221035.963: [GC 9183206K->2251976K(14302848K), 0.4598450 secs]
2018-05-25T09:23:33.781+0000: 1221053.401: [GC 9114824K->2264152K(14442048K), 0.4898950 secs]
2018-05-25T09:23:55.036+0000: 1221074.656: [GC 9126680K->2280123K(14440576K), 0.4781980 secs]
2018-05-25T09:24:13.036+0000: 1221092.656: [GC 9142651K->2288598K(14450304K), 0.5042230 secs]
2018-05-25T09:24:35.168+0000: 1221114.789: [GC 9164822K->2296905K(14446016K), 0.5321910 secs]
2018-05-25T09:24:52.916+0000: 1221132.536: [GC 9173129K->2289690K(14456960K), 0.4443220 secs]
2018-05-25T09:25:11.210+0000: 1221150.831: [GC 9181274K->2295823K(14454720K), 0.4207770 secs]
2018-05-25T09:25:31.882+0000: 1221171.503: [GC 9187407K->2329859K(14469248K), 0.5317350 secs]
2018-05-25T09:25:48.912+0000: 1221188.533: [GC 9239363K->2302464K(14460352K), 0.4160240 secs]
2018-05-25T09:26:12.591+0000: 1221212.212: [GC 9211968K->2329993K(14478656K), 0.5161580 secs]
2018-05-25T09:26:30.595+0000: 1221230.216: [GC 9260169K->2312181K(14471616K), 0.3661310 secs]
2018-05-25T09:26:47.693+0000: 1221247.314: [GC 9242357K->2325182K(14484544K), 0.4489440 secs]
2018-05-25T09:27:39.437+0000: 1221299.058: [GC 9270206K->2414728K(14466048K), 0.8931740 secs]
2018-05-25T09:28:01.764+0000: 1221321.385: [GC 9359752K->2357399K(14475776K), 0.5259830 secs]
2018-05-25T09:28:20.329+0000: 1221339.949: [GC 9282135K->2350908K(14469056K), 0.4586400 secs]
2018-05-25T09:28:41.557+0000: 1221361.178: [GC 9275644K->2367476K(14485888K), 0.5155060 secs]
2018-05-25T09:28:58.929+0000: 1221378.550: [GC 9313076K->2367619K(14479808K), 0.4718400 secs]
2018-05-25T09:29:15.920+0000: 1221395.541: [GC 9313219K->2372173K(14494336K), 0.4729630 secs]
2018-05-25T09:29:35.485+0000: 1221415.106: [GC 9336781K->2387506K(14490368K), 0.5155270 secs]
2018-05-25T09:30:15.080+0000: 1221454.701: [GC 9352114K->2431952K(14491584K), 0.6646010 secs]
2018-05-25T09:31:14.398+0000: 1221514.018: [GC 9009122K->2480118K(14493312K), 0.8080430 secs]
2018-05-25T09:31:15.206+0000: 1221514.827: [Full GC 2480118K->1185674K(14493312K), 4.7861930 secs]
2018-05-25T09:31:40.724+0000: 1221540.344: [GC 8157066K->1307869K(14478848K), 0.5512310 secs]
2018-05-25T09:32:03.942+0000: 1221563.563: [GC 8259933K->1305582K(14486080K), 0.5044430 secs]
2018-05-25T09:32:29.432+0000: 1221589.053: [GC 8257646K->1296710K(14491392K), 0.4129710 secs]
2018-05-25T09:32:53.599+0000: 1221613.219: [GC 8258054K->1315369K(14490048K), 0.4820490 secs]
2018-05-25T09:33:17.451+0000: 1221637.072: [GC 8276713K->1325529K(14500864K), 0.5002700 secs]
2018-05-25T09:33:38.409+0000: 1221658.029: [GC 8301977K->1341271K(14495680K), 0.5306870 secs]
2018-05-25T09:33:58.055+0000: 1221677.676: [GC 8317719K->1346980K(14511872K), 0.5933070 secs]
2018-05-25T09:34:20.406+0000: 1221700.027: [GC 8345188K->1335483K(14506432K), 0.4645330 secs]
2018-05-25T09:34:42.111+0000: 1221721.731: [GC 8333691K->1355128K(14518400K), 0.4912040 secs]
2018-05-25T09:35:03.438+0000: 1221743.059: [GC 8367096K->1356257K(14513664K), 0.4562800 secs]
2018-05-25T09:35:26.157+0000: 1221765.777: [GC 8368225K->1360107K(14524224K), 0.4980050 secs]
2018-05-25T09:35:45.237+0000: 1221784.858: [GC 8385963K->1367054K(14521728K), 0.4935380 secs]
2018-05-25T09:36:07.574+0000: 1221807.195: [GC 8392910K->1378910K(14530432K), 0.4954040 secs]
2018-05-25T09:36:26.013+0000: 1221825.634: [GC 8416414K->1395848K(14527168K), 0.5404710 secs]
2018-05-25T09:36:44.565+0000: 1221844.186: [GC 8433352K->1403050K(14534336K), 0.5273300 secs]
2018-05-25T09:37:06.557+0000: 1221866.178: [GC 8449386K->1417413K(14532096K), 0.5406420 secs]
2018-05-25T09:37:28.837+0000: 1221888.457: [GC 8463749K->1424571K(14533824K), 0.5639610 secs]
2018-05-25T09:37:48.977+0000: 1221908.598: [GC 8472251K->1418355K(14533888K), 0.5169530 secs]
2018-05-25T09:38:09.238+0000: 1221928.859: [GC 8466035K->1424998K(14538048K), 0.5177650 secs]
2018-05-25T09:38:30.623+0000: 1221950.243: [GC 8479078K->1441107K(14536128K), 0.5729490 secs]
2018-05-25T09:38:48.380+0000: 1221968.000: [GC 8495187K->1430489K(14539648K), 0.4595810 secs]
2018-05-25T09:39:08.183+0000: 1221987.804: [GC 8489433K->1443422K(14539392K), 0.4949250 secs]
2018-05-25T09:39:55.655+0000: 1222035.276: [GC 8502366K->1530611K(14485952K), 0.8761240 secs]
2018-05-25T09:40:45.784+0000: 1222085.405: [GC 8537971K->1597629K(14513728K), 0.9265650 secs]
2018-05-25T09:41:07.298+0000: 1222106.919: [GC 8604989K->1557448K(14467904K), 0.5094060 secs]
2018-05-25T09:41:23.860+0000: 1222123.481: [GC 8518984K->1552455K(14490816K), 0.4709880 secs]
2018-05-25T09:42:05.653+0000: 1222165.273: [GC 8513991K->1609848K(14482624K), 0.7345430 secs]
2018-05-25T09:42:40.268+0000: 1222199.889: [GC 8565368K->1607838K(14487808K), 0.6815960 secs]
2018-05-25T09:42:57.563+0000: 1222217.184: [GC 8563358K->1576206K(14490176K), 0.5004130 secs]
2018-05-25T09:43:21.267+0000: 1222240.887: [GC 8534798K->1594112K(14488512K), 0.5840450 secs]
2018-05-25T09:43:38.231+0000: 1222257.851: [GC 8552704K->1587559K(14496640K), 0.4949500 secs]
2018-05-25T09:43:57.462+0000: 1222277.083: [GC 8558695K->1593618K(14494592K), 0.4830910 secs]
2018-05-25T09:44:17.829+0000: 1222297.450: [GC 8564754K->1608845K(14503168K), 0.5305440 secs]
2018-05-25T09:44:35.520+0000: 1222315.141: [GC 8590989K->1611320K(14499072K), 0.4863250 secs]
2018-05-25T09:44:55.153+0000: 1222334.774: [GC 8593464K->1625154K(14511168K), 0.5935550 secs]
2018-05-25T09:45:43.029+0000: 1222382.650: [GC 8622722K->1709474K(14506496K), 0.8700640 secs]
2018-05-25T09:46:33.850+0000: 1222433.470: [GC 8707042K->1746096K(14421504K), 0.8780130 secs]
2018-05-25T09:47:25.108+0000: 1222484.729: [GC 8654000K->1764227K(14426688K), 0.8816830 secs]
2018-05-25T09:47:41.836+0000: 1222501.457: [GC 8672131K->1695900K(14457984K), 0.3067120 secs]
2018-05-25T09:47:58.266+0000: 1222517.887: [GC 8589532K->1702848K(14455744K), 0.4185860 secs]
2018-05-25T09:48:40.363+0000: 1222559.984: [GC 8596480K->1786225K(14445120K), 0.8294710 secs]
2018-05-25T09:49:11.142+0000: 1222590.763: [GC 8671729K->1761989K(14452800K), 0.6481530 secs]
2018-05-25T09:49:28.257+0000: 1222607.878: [GC 8647493K->1730878K(14461568K), 0.4795260 secs]
2018-05-25T09:49:49.653+0000: 1222629.273: [GC 8632190K->1754907K(14459840K), 0.5690430 secs]
2018-05-25T09:50:07.246+0000: 1222646.867: [GC 8656219K->1745411K(14470400K), 0.4295180 secs]
2018-05-25T09:50:24.581+0000: 1222664.202: [GC 8663043K->1750671K(14467328K), 0.4346740 secs]
2018-05-25T09:50:48.066+0000: 1222687.687: [GC 8668303K->1768121K(14479552K), 0.5527300 secs]
2018-05-25T09:51:06.266+0000: 1222705.887: [GC 8701241K->1765411K(14473664K), 0.4914210 secs]
2018-05-25T09:51:28.441+0000: 1222728.062: [GC 8698531K->1783234K(14489472K), 0.5641940 secs]
2018-05-25T09:52:27.465+0000: 1222787.085: [GC 8736002K->1863639K(14477824K), 0.9071340 secs]
2018-05-25T09:53:21.655+0000: 1222841.276: [GC 8816407K->1865051K(14448128K), 0.7953340 secs]
2018-05-25T09:54:22.465+0000: 1222902.085: [GC 8770907K->1864144K(14408640K), 0.7620810 secs]
2018-05-25T09:55:14.129+0000: 1222953.750: [GC 8770000K->1873266K(14458496K), 0.7161130 secs]
2018-05-25T09:55:40.744+0000: 1222980.364: [GC 8771698K->1847902K(14459264K), 0.5110070 secs]
2018-05-25T09:55:56.464+0000: 1222996.084: [GC 8746334K->1837341K(14468672K), 0.4669490 secs]
2018-05-25T09:56:15.534+0000: 1223015.155: [GC 8751709K->1848027K(14465792K), 0.5399030 secs]
2018-05-25T09:56:37.375+0000: 1223036.995: [GC 8762395K->1851703K(14476352K), 0.5132640 secs]
2018-05-25T09:56:55.046+0000: 1223054.666: [GC 8780471K->1849915K(14472512K), 0.4658470 secs]
2018-05-25T09:57:17.377+0000: 1223076.997: [GC 8778683K->1870336K(14484736K), 0.5278070 secs]
2018-05-25T09:57:35.775+0000: 1223095.396: [GC 8813888K->1858610K(14478912K), 0.4630400 secs]
2018-05-25T09:57:59.809+0000: 1223119.429: [GC 8802162K->1878872K(14492416K), 0.5608750 secs]
2018-05-25T09:59:01.495+0000: 1223181.116: [GC 8838168K->1963260K(14486976K), 0.9406310 secs]
2018-05-25T09:59:56.752+0000: 1223236.373: [GC 8922556K->1982268K(14413504K), 0.8813600 secs]
2018-05-25T10:01:02.018+0000: 1223301.639: [GC 8862652K->1988022K(14408000K), 0.6084170 secs]
2018-05-25T10:01:58.390+0000: 1223358.011: [GC 8868406K->2000304K(14424192K), 0.9566560 secs]
2018-05-25T10:02:55.788+0000: 1223415.408: [GC 8845104K->1976447K(14432448K), 0.6943750 secs]
2018-05-25T10:03:14.696+0000: 1223434.317: [GC 8821247K->1933408K(14440832K), 0.4929800 secs]
2018-05-25T10:03:39.732+0000: 1223459.353: [GC 8793376K->1956006K(14439232K), 0.5813030 secs]
2018-05-25T10:03:58.410+0000: 1223478.031: [GC 8815974K->1940121K(14448064K), 0.4562740 secs]
2018-05-25T10:04:15.618+0000: 1223495.238: [GC 8814425K->1955807K(14446336K), 0.5054800 secs]
2018-05-25T10:04:51.906+0000: 1223531.527: [GC 8830111K->2023352K(14445824K), 0.8127490 secs]
2018-05-25T10:05:24.847+0000: 1223564.468: [GC 8901560K->2004200K(14449152K), 0.5675530 secs]
2018-05-25T10:05:43.022+0000: 1223582.642: [GC 8882408K->1973301K(14459264K), 0.4683970 secs]
2018-05-25T10:06:06.446+0000: 1223606.067: [GC 8869365K->1990619K(14456896K), 0.5034420 secs]
2018-05-25T10:06:25.857+0000: 1223625.478: [GC 8886683K->1991009K(14467136K), 0.4382370 secs]
2018-05-25T10:06:43.782+0000: 1223643.402: [GC 8902049K->2011931K(14464000K), 0.4565160 secs]
2018-05-25T10:07:14.989+0000: 1223674.610: [GC 8922971K->2103717K(14445056K), 0.8415740 secs]
2018-05-25T10:07:53.677+0000: 1223713.298: [GC 9000613K->2124263K(14424384K), 0.9599260 secs]
2018-05-25T10:08:33.616+0000: 1223753.237: [GC 9021159K->2131983K(14432256K), 0.9281920 secs]
2018-05-25T10:09:27.750+0000: 1223807.370: [GC 8990863K->2139692K(14376448K), 0.7855120 secs]
2018-05-25T10:10:20.443+0000: 1223860.064: [GC 8998572K->2159729K(14424512K), 0.8293630 secs]
2018-05-25T10:11:17.711+0000: 1223917.331: [GC 9000177K->2172199K(14368448K), 0.8484220 secs]
2018-05-25T10:11:50.220+0000: 1223949.840: [GC 9012647K->2155724K(14432704K), 0.7663710 secs]
2018-05-25T10:12:08.713+0000: 1223968.334: [GC 8994380K->2105534K(14426048K), 0.4677940 secs]
2018-05-25T10:12:36.480+0000: 1223996.101: [GC 8944190K->2133974K(14438848K), 0.5719580 secs]
2018-05-25T10:12:54.037+0000: 1224013.658: [GC 8985814K->2114437K(14433088K), 0.4524940 secs]
2018-05-25T10:13:12.911+0000: 1224032.532: [GC 8966277K->2125224K(14443456K), 0.4770090 secs]
2018-05-25T10:13:33.742+0000: 1224053.362: [GC 8988712K->2141093K(14440128K), 0.5315430 secs]
2018-05-25T10:13:51.604+0000: 1224071.225: [GC 9004581K->2132583K(14451840K), 0.4144680 secs]
2018-05-25T10:14:21.453+0000: 1224101.074: [GC 9013223K->2188869K(14448896K), 0.6918540 secs]
2018-05-25T10:15:22.958+0000: 1224162.579: [GC 9069509K->2244227K(14430656K), 0.8436270 secs]
2018-05-25T10:16:22.757+0000: 1224222.378: [GC 9111043K->2251332K(14396288K), 0.9202180 secs]
2018-05-25T10:16:48.786+0000: 1224248.407: [GC 9118148K->2193781K(14440512K), 0.5617940 secs]
2018-05-25T10:17:05.241+0000: 1224264.862: [GC 9048629K->2196786K(14434432K), 0.4829020 secs]
2018-05-25T10:17:37.303+0000: 1224296.924: [GC 9051634K->2237874K(14453184K), 0.6573700 secs]
2018-05-25T10:18:36.257+0000: 1224355.877: [GC 9116402K->2301388K(14416640K), 0.8436530 secs]
2018-05-25T10:19:16.363+0000: 1224395.984: [GC 9179916K->2312492K(14420352K), 0.9883690 secs]
2018-05-25T10:19:59.690+0000: 1224439.311: [GC 9152812K->2242892K(14430208K), 0.5239280 secs]
2018-05-25T10:20:15.869+0000: 1224455.489: [GC 9083212K->2231849K(14436928K), 0.4366970 secs]
2018-05-25T10:20:38.800+0000: 1224478.421: [GC 9083625K->2256957K(14434944K), 0.5271010 secs]
2018-05-25T10:20:56.253+0000: 1224495.873: [GC 9108733K->2234401K(14443904K), 0.3817090 secs]
2018-05-25T10:21:13.161+0000: 1224512.782: [GC 9101153K->2248989K(14442944K), 0.4296620 secs]
2018-05-25T10:21:33.763+0000: 1224533.383: [GC 9115741K->2294676K(14456704K), 0.5795890 secs]
2018-05-25T10:21:54.208+0000: 1224553.828: [GC 9178900K->2277219K(14447616K), 0.5184130 secs]
2018-05-25T10:22:13.195+0000: 1224572.816: [GC 9161443K->2287176K(14467136K), 0.5158560 secs]
2018-05-25T10:22:30.498+0000: 1224590.119: [GC 9195778K->2289187K(14461568K), 0.4350160 secs]
2018-05-25T10:23:06.271+0000: 1224625.892: [GC 9197795K->2327240K(14476544K), 0.6291670 secs]
2018-05-25T10:23:23.848+0000: 1224643.469: [GC 9254984K->2306977K(14471296K), 0.4584160 secs]
2018-05-25T10:23:40.564+0000: 1224660.185: [GC 9234721K->2322401K(14485184K), 0.4725740 secs]
2018-05-25T10:24:00.677+0000: 1224680.298: [GC 9267489K->2335466K(14480000K), 0.5134030 secs]
2018-05-25T10:24:18.488+0000: 1224698.109: [GC 9280554K->2337143K(14494656K), 0.4653440 secs]
2018-05-25T10:24:55.551+0000: 1224735.171: [GC 9302263K->2378412K(14490560K), 0.6391960 secs]
2018-05-25T10:25:39.396+0000: 1224779.017: [GC 9343532K->2437247K(14450752K), 0.8233310 secs]
2018-05-25T10:26:35.835+0000: 1224835.456: [GC 9362047K->2448066K(14454400K), 0.8255110 secs]
2018-05-25T10:27:32.151+0000: 1224891.772: [GC 9372866K->2455002K(14438016K), 0.8896020 secs]
2018-05-25T10:28:21.150+0000: 1224940.771: [GC 9330394K->2462361K(14399744K), 0.8677200 secs]
2018-05-25T10:28:50.862+0000: 1224970.483: [GC 9337753K->2413573K(14447104K), 0.6004180 secs]
2018-05-25T10:29:07.976+0000: 1224987.597: [GC 9280837K->2399729K(14440256K), 0.4730930 secs]
2018-05-25T10:29:34.892+0000: 1225014.513: [GC 9266993K->2420684K(14455488K), 0.5445680 secs]
2018-05-25T10:30:29.211+0000: 1225068.832: [GC 9305740K->2492550K(14408640K), 0.7878980 secs]
2018-05-25T10:31:20.001+0000: 1225119.621: [GC 9105238K->2498932K(14438400K), 0.8674960 secs]
2018-05-25T10:31:20.868+0000: 1225120.489: [Full GC 2498932K->1212081K(14438400K), 3.5520060 secs]
2018-05-25T10:31:58.298+0000: 1225157.918: [GC 8077105K->1372149K(14442560K), 0.7113490 secs]
2018-05-25T10:32:17.464+0000: 1225177.085: [GC 8237173K->1330299K(14447808K), 0.4743130 secs]
2018-05-25T10:32:34.726+0000: 1225194.347: [GC 8204027K->1336453K(14446016K), 0.3154640 secs]
2018-05-25T10:32:53.212+0000: 1225212.833: [GC 8210181K->1352925K(14455616K), 0.5233900 secs]
2018-05-25T10:33:12.043+0000: 1225231.664: [GC 8238941K->1356142K(14450496K), 0.4945380 secs]
2018-05-25T10:33:47.010+0000: 1225266.630: [GC 8242158K->1382296K(14467136K), 0.5778410 secs]
2018-05-25T10:34:53.457+0000: 1225333.077: [GC 8288856K->1448376K(14431872K), 0.7900990 secs]
2018-05-25T10:36:22.064+0000: 1225421.685: [GC 8354936K->1449365K(14444928K), 0.8053450 secs]
2018-05-25T10:37:49.704+0000: 1225509.324: [GC 8329749K->1459784K(14395200K), 0.8625100 secs]
2018-05-25T10:38:33.372+0000: 1225552.993: [GC 8340168K->1397313K(14447616K), 0.4503680 secs]
2018-05-25T10:38:50.946+0000: 1225570.566: [GC 8271489K->1408536K(14446656K), 0.4654170 secs]
2018-05-25T10:39:30.921+0000: 1225610.542: [GC 8282712K->1465600K(14453952K), 0.7423040 secs]
2018-05-25T10:40:05.567+0000: 1225645.188: [GC 8349760K->1462113K(14450304K), 0.6066970 secs]
2018-05-25T10:40:21.712+0000: 1225661.332: [GC 8346273K->1435212K(14464320K), 0.4405400 secs]
2018-05-25T10:40:42.048+0000: 1225681.669: [GC 8341580K->1448847K(14462144K), 0.5193820 secs]
2018-05-25T10:41:43.200+0000: 1225742.820: [GC 8355215K->1531224K(14443648K), 0.9580100 secs]
2018-05-25T10:42:32.318+0000: 1225791.939: [GC 8423384K->1538049K(14415488K), 0.8083290 secs]
2018-05-25T10:43:22.110+0000: 1225841.730: [GC 8430209K->1545910K(14434048K), 0.8840140 secs]
2018-05-25T10:44:02.489+0000: 1225882.110: [GC 8407734K->1534676K(14440960K), 0.7737590 secs]
2018-05-25T10:44:19.462+0000: 1225899.082: [GC 8396500K->1495109K(14445568K), 0.5113880 secs]
2018-05-25T10:44:36.355+0000: 1225915.976: [GC 8363845K->1497529K(14443264K), 0.4784260 secs]
2018-05-25T10:44:57.409+0000: 1225937.029: [GC 8366265K->1510311K(14452096K), 0.4716340 secs]
2018-05-25T10:45:15.458+0000: 1225955.079: [GC 8390311K->1500863K(14448000K), 0.3966480 secs]
2018-05-25T10:45:43.503+0000: 1225983.124: [GC 8380863K->1547635K(14462464K), 0.5924400 secs]
2018-05-25T10:46:42.907+0000: 1226042.527: [GC 8443763K->1606374K(14422528K), 0.7632430 secs]
2018-05-25T10:47:39.106+0000: 1226098.727: [GC 8502502K->1616422K(14434112K), 0.9305170 secs]
2018-05-25T10:48:39.432+0000: 1226159.052: [GC 8481702K->1621694K(14390144K), 0.8791660 secs]
2018-05-25T10:49:32.478+0000: 1226212.099: [GC 8486974K->1633901K(14429632K), 0.8851780 secs]
2018-05-25T10:50:25.146+0000: 1226264.767: [GC 8480237K->1645139K(14369088K), 0.8038670 secs]
2018-05-25T10:50:42.440+0000: 1226282.060: [GC 8491475K->1580294K(14431808K), 0.4333050 secs]
2018-05-25T10:50:58.894+0000: 1226298.515: [GC 8423110K->1597510K(14431104K), 0.5036370 secs]
2018-05-25T10:51:19.794+0000: 1226319.415: [GC 8440326K->1601855K(14440000K), 0.5029350 secs]
2018-05-25T10:51:37.100+0000: 1226336.721: [GC 8457535K->1609894K(14435776K), 0.5054210 secs]
2018-05-25T10:51:53.765+0000: 1226353.386: [GC 8465574K->1610894K(14447872K), 0.4674050 secs]
2018-05-25T10:52:14.006+0000: 1226373.626: [GC 8482894K->1623062K(14444224K), 0.5136220 secs]
2018-05-25T10:52:32.857+0000: 1226392.478: [GC 8495062K->1634013K(14458688K), 0.5063750 secs]
2018-05-25T10:52:53.530+0000: 1226413.151: [GC 8525469K->1640036K(14452864K), 0.5163790 secs]
2018-05-25T10:53:12.333+0000: 1226431.954: [GC 8531492K->1641330K(14468096K), 0.5009010 secs]
2018-05-25T10:53:29.824+0000: 1226449.445: [GC 8553458K->1648252K(14464128K), 0.4873060 secs]
2018-05-25T10:54:17.379+0000: 1226497.000: [GC 8560380K->1734504K(14445952K), 0.7843210 secs]
2018-05-25T10:55:44.889+0000: 1226584.510: [GC 8632936K->1747119K(14422016K), 0.8371830 secs]
2018-05-25T10:56:59.269+0000: 1226658.890: [GC 8645551K->1764426K(14428736K), 0.8943980 secs]
2018-05-25T10:57:42.461+0000: 1226702.082: [GC 8621386K->1761345K(14369984K), 0.8247920 secs]
2018-05-25T10:57:59.123+0000: 1226718.744: [GC 8618305K->1706415K(14440064K), 0.4973120 secs]
2018-05-25T10:58:16.308+0000: 1226735.929: [GC 8562863K->1707788K(14436480K), 0.4850900 secs]
2018-05-25T10:58:36.724+0000: 1226756.345: [GC 8564236K->1723217K(14449600K), 0.5089320 secs]
2018-05-25T10:58:53.869+0000: 1226773.490: [GC 8596305K->1721733K(14443584K), 0.4996290 secs]
2018-05-25T10:59:18.369+0000: 1226797.990: [GC 8594821K->1744821K(14461824K), 0.5652900 secs]
2018-05-25T11:00:17.630+0000: 1226857.251: [GC 8640693K->1822002K(14422336K), 0.8298530 secs]
2018-05-25T11:00:58.353+0000: 1226897.974: [GC 8717874K->1794949K(14453376K), 0.6661150 secs]
2018-05-25T11:01:09.723+0000: 1226909.344: [GC 8677701K->1749424K(14449472K), 0.3721620 secs]
2018-05-25T11:01:26.734+0000: 1226926.354: [GC 8632176K->1768621K(14458880K), 0.4111260 secs]
2018-05-25T11:01:46.032+0000: 1226945.653: [GC 8662060K->1789248K(14454656K), 0.4970090 secs]
2018-05-25T11:02:05.443+0000: 1226965.063: [GC 8682688K->1795064K(14470848K), 0.5099810 secs]
2018-05-25T11:02:16.023+0000: 1226975.644: [GC 8710968K->1775931K(14465152K), 0.3612820 secs]
2018-05-25T11:02:34.369+0000: 1226993.990: [GC 8691835K->1813601K(14479232K), 0.5240170 secs]
2018-05-25T11:02:52.957+0000: 1227012.578: [GC 8744673K->1808171K(14471936K), 0.4685550 secs]
2018-05-25T11:03:10.555+0000: 1227030.175: [GC 8739243K->1821265K(14489664K), 0.5361230 secs]
2018-05-25T11:03:45.360+0000: 1227064.981: [GC 8774609K->1843316K(14483776K), 0.5883690 secs]
2018-05-25T11:04:40.076+0000: 1227119.697: [GC 8796660K->1919470K(14447424K), 0.9399890 secs]
2018-05-25T11:05:35.812+0000: 1227175.433: [GC 8841326K->1942865K(14458496K), 0.9634640 secs]
2018-05-25T11:06:03.308+0000: 1227202.929: [GC 8864721K->1882652K(14460608K), 0.5749200 secs]
2018-05-25T11:06:36.259+0000: 1227235.880: [GC 8781660K->1912113K(14458496K), 0.6810690 secs]
2018-05-25T11:06:53.785+0000: 1227253.405: [GC 8811121K->1881575K(14468928K), 0.4624450 secs]
2018-05-25T11:07:18.334+0000: 1227277.955: [GC 8796839K->1904089K(14466432K), 0.5755150 secs]
2018-05-25T11:08:07.847+0000: 1227327.467: [GC 8819353K->1967697K(14458048K), 0.7552300 secs]
2018-05-25T11:08:25.842+0000: 1227345.462: [GC 8880465K->1902476K(14466432K), 0.4623500 secs]
2018-05-25T11:08:44.710+0000: 1227364.330: [GC 8815244K->1916128K(14473216K), 0.4995760 secs]
2018-05-25T11:09:33.958+0000: 1227413.579: [GC 8837984K->1989614K(14434048K), 0.8408640 secs]
2018-05-25T11:10:29.042+0000: 1227468.662: [GC 8911470K->1947394K(14470464K), 0.5065760 secs]
2018-05-25T11:11:29.697+0000: 1227529.317: [GC 8862082K->1961667K(14464320K), 0.5682110 secs]
2018-05-25T11:11:49.063+0000: 1227548.683: [GC 8876355K->1933630K(14474560K), 0.3687000 secs]
2018-05-25T11:12:14.814+0000: 1227574.434: [GC 8864702K->1956612K(14475584K), 0.4128950 secs]
2018-05-25T11:12:32.918+0000: 1227592.538: [GC 8887684K->1963092K(14481856K), 0.4300870 secs]
2018-05-25T11:13:10.719+0000: 1227630.339: [GC 8903892K->2010082K(14479040K), 0.6375690 secs]
2018-05-25T11:14:22.681+0000: 1227702.302: [GC 8950882K->2073806K(14450368K), 0.9463440 secs]
2018-05-25T11:15:11.458+0000: 1227751.078: [GC 8988622K->2047757K(14467456K), 0.5745640 secs]
2018-05-25T11:16:08.750+0000: 1227808.371: [GC 8962573K->2078771K(14460544K), 0.6806730 secs]
2018-05-25T11:16:25.937+0000: 1227825.558: [GC 8987827K->2026709K(14464576K), 0.4559700 secs]
2018-05-25T11:16:49.417+0000: 1227849.038: [GC 8935765K->2035045K(14470528K), 0.4650250 secs]
2018-05-25T11:17:10.413+0000: 1227870.033: [GC 8952677K->2040947K(14467200K), 0.4217200 secs]
2018-05-25T11:17:25.476+0000: 1227885.096: [GC 8958579K->2051715K(14478080K), 0.2180540 secs]
2018-05-25T11:18:07.134+0000: 1227926.754: [GC 8983555K->2096137K(14473856K), 0.6630760 secs]
2018-05-25T11:19:35.462+0000: 1228015.082: [GC 9027977K->2154971K(14450688K), 0.9024710 secs]
2018-05-25T11:20:13.962+0000: 1228053.582: [GC 9067099K->2121344K(14466112K), 0.5554710 secs]
2018-05-25T11:20:30.231+0000: 1228069.852: [GC 9033472K->2099924K(14475840K), 0.4851250 secs]
2018-05-25T11:20:52.546+0000: 1228092.167: [GC 9027156K->2119928K(14471488K), 0.5375960 secs]
2018-05-25T11:21:12.365+0000: 1228111.986: [GC 9047160K->2112945K(14486848K), 0.4275310 secs]
2018-05-25T11:21:32.867+0000: 1228132.487: [GC 9062641K->2124741K(14482944K), 0.4979110 secs]
2018-05-25T11:22:09.048+0000: 1228168.669: [GC 9074437K->2167353K(14488640K), 0.6893050 secs]
2018-05-25T11:22:40.727+0000: 1228200.348: [GC 9127225K->2156866K(14489984K), 0.5871570 secs]
2018-05-25T11:22:58.125+0000: 1228217.746: [GC 9116738K->2147318K(14499392K), 0.5103300 secs]
2018-05-25T11:23:26.648+0000: 1228246.269: [GC 9122614K->2177469K(14496000K), 0.6335240 secs]
2018-05-25T11:24:23.776+0000: 1228303.397: [GC 9152765K->2243736K(14456064K), 0.9341100 secs]
2018-05-25T11:24:45.482+0000: 1228325.103: [GC 9180952K->2184984K(14478656K), 0.5213240 secs]
2018-05-25T11:25:54.626+0000: 1228394.247: [GC 9122200K->2237132K(14476800K), 0.6496500 secs]
2018-05-25T11:26:40.089+0000: 1228439.710: [GC 9175628K->2207882K(14479296K), 0.5342670 secs]
2018-05-25T11:26:59.665+0000: 1228459.285: [GC 9146378K->2183668K(14479552K), 0.3742800 secs]
2018-05-25T11:28:09.445+0000: 1228529.066: [GC 9126388K->2231652K(14481408K), 0.5478230 secs]
2018-05-25T11:28:31.563+0000: 1228551.184: [GC 9174372K->2237638K(14494528K), 0.5414600 secs]
2018-05-25T11:28:54.282+0000: 1228573.903: [GC 9200710K->2225742K(14488640K), 0.4802530 secs]
2018-05-25T11:29:15.681+0000: 1228595.302: [GC 9188814K->2246577K(14502016K), 0.5448270 secs]
2018-05-25T11:29:36.173+0000: 1228615.794: [GC 9225329K->2247212K(14496832K), 0.5112230 secs]
2018-05-25T11:29:57.050+0000: 1228636.671: [GC 9225964K->2252245K(14509184K), 0.4804330 secs]
2018-05-25T11:30:19.818+0000: 1228659.438: [GC 9247253K->2253647K(14505920K), 0.4342020 secs]
2018-05-25T11:30:42.781+0000: 1228682.402: [GC 9248655K->2266318K(14515712K), 0.4789860 secs]
2018-05-25T11:31:04.519+0000: 1228704.140: [GC 9273678K->2278445K(14511744K), 0.5128750 secs]
2018-05-25T11:31:24.431+0000: 1228724.052: [GC 9021004K->2270814K(14522112K), 0.4904750 secs]
2018-05-25T11:31:24.922+0000: 1228724.543: [Full GC 2270814K->1205786K(14522112K), 3.9498010 secs]
2018-05-25T11:31:47.839+0000: 1228747.460: [GC 8227802K->1329070K(14520000K), 0.4910440 secs]
2018-05-25T11:32:09.875+0000: 1228769.496: [GC 8351086K->1336352K(14527296K), 0.5599350 secs]
2018-05-25T11:32:30.428+0000: 1228790.049: [GC 8367008K->1350234K(14523456K), 0.5870900 secs]
2018-05-25T11:32:51.842+0000: 1228811.463: [GC 8380890K->1337723K(14529216K), 0.5087770 secs]
2018-05-25T11:33:14.475+0000: 1228834.096: [GC 8374715K->1342030K(14527872K), 0.4885770 secs]
2018-05-25T11:33:37.335+0000: 1228856.956: [GC 8379022K->1350550K(14532416K), 0.4767070 secs]
2018-05-25T11:33:58.647+0000: 1228878.267: [GC 8393494K->1369395K(14530624K), 0.5275960 secs]
2018-05-25T11:34:19.969+0000: 1228899.590: [GC 8412339K->1380344K(14534208K), 0.5452570 secs]
2018-05-25T11:34:43.292+0000: 1228922.913: [GC 8428536K->1371053K(14534080K), 0.5063280 secs]
2018-05-25T11:35:01.743+0000: 1228941.364: [GC 8419245K->1384057K(14538496K), 0.5054900 secs]
2018-05-25T11:35:22.406+0000: 1228962.026: [GC 8438265K->1394634K(14535808K), 0.5151320 secs]
2018-05-25T11:35:42.862+0000: 1228982.482: [GC 8448842K->1405324K(14539456K), 0.5317090 secs]
2018-05-25T11:36:03.979+0000: 1229003.599: [GC 8464396K->1401549K(14539584K), 0.5527500 secs]
2018-05-25T11:36:25.441+0000: 1229025.061: [GC 8460621K->1397346K(14541888K), 0.4335480 secs]
2018-05-25T11:36:46.474+0000: 1229046.095: [GC 8460898K->1412010K(14541760K), 0.5367310 secs]
2018-05-25T11:37:07.713+0000: 1229067.334: [GC 8475562K->1429453K(14542208K), 0.5579150 secs]
2018-05-25T11:37:28.617+0000: 1229088.237: [GC 8495437K->1440068K(14531776K), 0.5961580 secs]
2018-05-25T11:37:48.349+0000: 1229107.969: [GC 8506052K->1435453K(14542848K), 0.5392120 secs]
2018-05-25T11:38:10.332+0000: 1229129.953: [GC 8499197K->1452975K(14540992K), 0.4808690 secs]
2018-05-25T11:38:31.325+0000: 1229150.946: [GC 8516719K->1458973K(14543424K), 0.5538180 secs]
2018-05-25T11:38:53.738+0000: 1229173.359: [GC 8524957K->1463011K(14542656K), 0.5425970 secs]
2018-05-25T11:39:15.229+0000: 1229194.849: [GC 8528995K->1475174K(14545408K), 0.6134690 secs]
2018-05-25T11:39:34.651+0000: 1229214.272: [GC 8545510K->1471141K(14545024K), 0.5131740 secs]
2018-05-25T11:39:56.069+0000: 1229235.689: [GC 8541477K->1490971K(14545536K), 0.5073940 secs]
2018-05-25T11:40:21.559+0000: 1229261.180: [GC 8562203K->1490532K(14545664K), 0.4926640 secs]
2018-05-25T11:40:55.169+0000: 1229294.790: [GC 8561764K->1507476K(14545536K), 0.5471650 secs]
2018-05-25T11:41:14.349+0000: 1229313.970: [GC 8579988K->1491439K(14510464K), 0.4028920 secs]
2018-05-25T11:41:32.933+0000: 1229332.554: [GC 8563951K->1508912K(14545984K), 0.4944790 secs]
2018-05-25T11:42:22.753+0000: 1229382.374: [GC 8579632K->1576262K(14544832K), 0.8438040 secs]
2018-05-25T11:42:47.942+0000: 1229407.563: [GC 8646982K->1553418K(14505408K), 0.4692260 secs]
2018-05-25T11:43:06.932+0000: 1229426.553: [GC 8583562K->1560574K(14525120K), 0.4825570 secs]
2018-05-25T11:43:58.469+0000: 1229478.090: [GC 8590718K->1639762K(14484992K), 0.7540380 secs]
2018-05-25T11:44:20.021+0000: 1229499.642: [GC 8630866K->1604426K(14505600K), 0.5059450 secs]
2018-05-25T11:44:37.217+0000: 1229516.837: [GC 8595530K->1611062K(14510208K), 0.4797610 secs]
2018-05-25T11:45:13.803+0000: 1229553.424: [GC 8609142K->1656662K(14484480K), 0.6650200 secs]
2018-05-25T11:46:09.534+0000: 1229609.154: [GC 8654742K->1707980K(14460480K), 0.8580280 secs]
2018-05-25T11:47:07.183+0000: 1229666.804: [GC 8653900K->1734459K(14475968K), 0.9391650 secs]
2018-05-25T11:48:06.717+0000: 1229726.338: [GC 8680379K->1744126K(14437056K), 0.9690530 secs]
2018-05-25T11:49:05.389+0000: 1229785.010: [GC 8637054K->1754971K(14423296K), 0.9866580 secs]
2018-05-25T11:49:43.442+0000: 1229823.062: [GC 8647899K->1727473K(14452672K), 0.6510900 secs]
2018-05-25T11:50:00.674+0000: 1229840.294: [GC 8606641K->1683860K(14446592K), 0.4000100 secs]
2018-05-25T11:50:21.109+0000: 1229860.730: [GC 8563028K->1699649K(14455744K), 0.4608380 secs]
2018-05-25T11:51:19.186+0000: 1229918.807: [GC 8588225K->1788505K(14420096K), 0.8667950 secs]
2018-05-25T11:52:30.502+0000: 1229990.122: [GC 8677081K->1797264K(14430528K), 0.9230950 secs]
2018-05-25T11:53:13.245+0000: 1230032.866: [GC 8652560K->1758964K(14437696K), 0.7020750 secs]
2018-05-25T11:53:30.068+0000: 1230049.689: [GC 8614260K->1736972K(14447488K), 0.4856190 secs]
2018-05-25T11:53:46.245+0000: 1230065.866: [GC 8610060K->1745035K(14445696K), 0.5328980 secs]
2018-05-25T11:54:08.858+0000: 1230088.479: [GC 8618123K->1751375K(14453632K), 0.5057530 secs]
2018-05-25T11:54:25.695+0000: 1230105.315: [GC 8635215K->1756088K(14450304K), 0.4580290 secs]
2018-05-25T11:55:04.585+0000: 1230144.206: [GC 8639928K->1798370K(14464256K), 0.6479480 secs]
2018-05-25T11:55:40.915+0000: 1230180.536: [GC 8699234K->1786712K(14456704K), 0.3981050 secs]
2018-05-25T11:55:56.617+0000: 1230196.238: [GC 8687576K->1789324K(14473536K), 0.4756050 secs]
2018-05-25T11:56:22.963+0000: 1230222.584: [GC 8712204K->1808308K(14469440K), 0.5856170 secs]
2018-05-25T11:57:19.493+0000: 1230279.114: [GC 8731188K->1884898K(14448960K), 0.8450840 secs]
2018-05-25T11:58:16.798+0000: 1230336.419: [GC 8793698K->1889235K(14434688K), 0.9053880 secs]
2018-05-25T11:59:03.846+0000: 1230383.467: [GC 8798035K->1905027K(14435648K), 0.9046420 secs]
2018-05-25T11:59:39.048+0000: 1230418.668: [GC 8774403K->1877641K(14444736K), 0.7146850 secs]
2018-05-25T11:59:55.236+0000: 1230434.857: [GC 8747017K->1847660K(14455104K), 0.4874240 secs]
2018-05-25T12:00:08.453+0000: 1230448.073: [GC 8736108K->1835415K(14453440K), 0.3695990 secs]
2018-05-25T12:00:32.786+0000: 1230472.407: [GC 8723863K->1876467K(14461376K), 0.5180740 secs]
2018-05-25T12:00:54.910+0000: 1230494.531: [GC 8772211K->1869306K(14454464K), 0.4540440 secs]
2018-05-25T12:01:10.650+0000: 1230510.271: [GC 8765050K->1883522K(14469504K), 0.4696490 secs]
2018-05-25T12:01:56.689+0000: 1230556.310: [GC 8797506K->1953159K(14428992K), 0.8442020 secs]
2018-05-25T12:02:55.172+0000: 1230614.792: [GC 8867143K->1975163K(14439296K), 0.9278440 secs]
2018-05-25T12:03:48.410+0000: 1230668.031: [GC 8855291K->1989198K(14409216K), 0.8179260 secs]
2018-05-25T12:04:39.374+0000: 1230718.995: [GC 8869326K->1995345K(14430656K), 0.9179860 secs]
2018-05-25T12:05:33.508+0000: 1230773.129: [GC 8846801K->1998308K(14366656K), 0.8288000 secs]
2018-05-25T12:06:06.752+0000: 1230806.373: [GC 8849764K->1970176K(14442752K), 0.6867890 secs]
2018-05-25T12:06:24.002+0000: 1230823.623: [GC 8828352K->1949076K(14435520K), 0.4921560 secs]
2018-05-25T12:06:41.219+0000: 1230840.839: [GC 8807252K->1954530K(14446592K), 0.4800950 secs]
2018-05-25T12:07:13.715+0000: 1230873.336: [GC 8825250K->2004715K(14444224K), 0.7534170 secs]
2018-05-25T12:07:44.181+0000: 1230903.802: [GC 8875435K->1993500K(14458880K), 0.5975250 secs]
2018-05-25T12:08:00.947+0000: 1230920.568: [GC 8885276K->1974390K(14452992K), 0.4591690 secs]
2018-05-25T12:08:18.536+0000: 1230938.157: [GC 8866166K->1987505K(14462976K), 0.4909020 secs]
2018-05-25T12:08:56.519+0000: 1230976.140: [GC 8890353K->2050586K(14459968K), 0.7643420 secs]
2018-05-25T12:09:34.068+0000: 1231013.688: [GC 8953434K->2050507K(14463232K), 0.6983280 secs]
2018-05-25T12:10:13.411+0000: 1231053.031: [GC 8954251K->2061519K(14460608K), 0.7303240 secs]
2018-05-25T12:10:52.671+0000: 1231092.291: [GC 8965263K->2056624K(14472128K), 0.5796890 secs]
2018-05-25T12:11:22.219+0000: 1231121.839: [GC 8973744K->2064727K(14465088K), 0.6272360 secs]
2018-05-25T12:11:50.261+0000: 1231149.882: [GC 8981847K->2049716K(14480064K), 0.5302240 secs]
2018-05-25T12:12:07.954+0000: 1231167.575: [GC 8988148K->2046336K(14478464K), 0.4661000 secs]
2018-05-25T12:12:23.776+0000: 1231183.396: [GC 8984768K->2064583K(14481984K), 0.4875460 secs]
2018-05-25T12:12:41.523+0000: 1231201.144: [GC 9006023K->2062703K(14479552K), 0.4234890 secs]
2018-05-25T12:13:00.213+0000: 1231219.834: [GC 9004143K->2079213K(14486272K), 0.4564060 secs]
2018-05-25T12:13:18.033+0000: 1231237.654: [GC 9028461K->2094602K(14483072K), 0.5158230 secs]
2018-05-25T12:13:35.354+0000: 1231254.975: [GC 9043850K->2093549K(14493184K), 0.4487200 secs]
2018-05-25T12:13:51.526+0000: 1231271.147: [GC 9057453K->2105288K(14490816K), 0.4629980 secs]
2018-05-25T12:14:15.033+0000: 1231294.653: [GC 9069192K->2148795K(14494784K), 0.6813030 secs]
2018-05-25T12:15:04.120+0000: 1231343.740: [GC 9120187K->2198638K(14486400K), 0.7989130 secs]
2018-05-25T12:15:53.323+0000: 1231392.944: [GC 9170030K->2211995K(14453504K), 0.8070220 secs]
2018-05-25T12:17:11.767+0000: 1231471.388: [GC 9131803K->2224802K(14442368K), 0.8962920 secs]
2018-05-25T12:18:08.370+0000: 1231527.991: [GC 9144610K->2222284K(14450560K), 0.7360460 secs]
2018-05-25T12:18:25.234+0000: 1231544.855: [GC 9111628K->2166836K(14454720K), 0.4908960 secs]
2018-05-25T12:18:42.485+0000: 1231562.105: [GC 9056180K->2174003K(14460928K), 0.5108610 secs]
2018-05-25T12:19:21.379+0000: 1231601.000: [GC 9072307K->2234246K(14457472K), 0.7335750 secs]
2018-05-25T12:20:16.546+0000: 1231656.167: [GC 9132550K->2271495K(14439616K), 0.6728520 secs]
2018-05-25T12:21:18.991+0000: 1231718.612: [GC 9150599K->2273937K(14399232K), 0.8600910 secs]
2018-05-25T12:21:38.440+0000: 1231738.061: [GC 9153041K->2206801K(14445760K), 0.4820190 secs]
2018-05-25T12:21:54.547+0000: 1231754.167: [GC 9076561K->2220279K(14444096K), 0.4596540 secs]
2018-05-25T12:22:23.702+0000: 1231783.323: [GC 9090039K->2267044K(14455168K), 0.7406620 secs]
2018-05-25T12:23:06.506+0000: 1231826.126: [GC 9151588K->2316236K(14410112K), 0.9137610 secs]
2018-05-25T12:23:55.568+0000: 1231875.189: [GC 9200780K->2337261K(14424448K), 0.9258400 secs]
2018-05-25T12:24:35.463+0000: 1231915.083: [GC 9187949K->2323295K(14435392K), 0.8713390 secs]
2018-05-25T12:24:58.034+0000: 1231937.654: [GC 9173983K->2269962K(14438784K), 0.5198660 secs]
2018-05-25T12:25:21.909+0000: 1231961.529: [GC 9125770K->2281136K(14437120K), 0.4751230 secs]
2018-05-25T12:25:41.932+0000: 1231981.553: [GC 9136944K->2304384K(14448832K), 0.5394160 secs]
2018-05-25T12:26:02.434+0000: 1232002.055: [GC 9175488K->2294620K(14442368K), 0.5255030 secs]
2018-05-25T12:26:21.810+0000: 1232021.431: [GC 9165724K->2299593K(14456512K), 0.4514130 secs]
2018-05-25T12:26:41.870+0000: 1232041.490: [GC 9188425K->2320720K(14452416K), 0.6094870 secs]
2018-05-25T12:27:03.167+0000: 1232062.788: [GC 9209552K->2315904K(14468160K), 0.5440370 secs]
2018-05-25T12:27:22.151+0000: 1232081.772: [GC 9227520K->2320255K(14463552K), 0.5111970 secs]
2018-05-25T12:27:42.864+0000: 1232102.485: [GC 9231871K->2333640K(14477312K), 0.5229590 secs]
2018-05-25T12:28:04.036+0000: 1232123.657: [GC 9262856K->2342812K(14472000K), 0.5393500 secs]
2018-05-25T12:28:24.367+0000: 1232143.987: [GC 9272028K->2351636K(14488320K), 0.5846680 secs]
2018-05-25T12:28:45.646+0000: 1232165.267: [GC 9302612K->2344906K(14482752K), 0.4902710 secs]
2018-05-25T12:29:05.326+0000: 1232184.947: [GC 9295882K->2356864K(14495360K), 0.5354270 secs]
2018-05-25T12:29:27.184+0000: 1232206.805: [GC 9323584K->2361660K(14491456K), 0.4946010 secs]
2018-05-25T12:29:48.053+0000: 1232227.674: [GC 9328380K->2379069K(14504640K), 0.5768450 secs]
2018-05-25T12:30:08.539+0000: 1232248.159: [GC 9362621K->2384935K(14499008K), 0.5280100 secs]
2018-05-25T12:30:27.827+0000: 1232267.448: [GC 9368487K->2379706K(14512384K), 0.4499310 secs]
2018-05-25T12:30:49.586+0000: 1232289.207: [GC 9381818K->2387167K(14509824K), 0.4440460 secs]
2018-05-25T12:31:11.360+0000: 1232310.980: [GC 9389279K->2400906K(14519232K), 0.4637570 secs]
2018-05-25T12:31:28.882+0000: 1232328.502: [GC 8354585K->2404776K(14515328K), 0.5001830 secs]
2018-05-25T12:31:29.382+0000: 1232329.003: [Full GC 2404776K->1295670K(14515328K), 4.0644440 secs]
2018-05-25T12:31:51.865+0000: 1232351.486: [GC 8310134K->1414663K(14524928K), 0.5064620 secs]
2018-05-25T12:32:13.077+0000: 1232372.698: [GC 8441479K->1424417K(14521984K), 0.5297490 secs]
2018-05-25T12:32:33.147+0000: 1232392.767: [GC 8451233K->1428996K(14531712K), 0.5680020 secs]
2018-05-25T12:32:54.155+0000: 1232413.776: [GC 8469316K->1432836K(14528704K), 0.5622790 secs]
2018-05-25T12:33:24.014+0000: 1232443.634: [GC 8473156K->1438343K(14536704K), 0.5029910 secs]
2018-05-25T12:33:42.422+0000: 1232462.043: [GC 8489095K->1438149K(14534144K), 0.4685810 secs]
2018-05-25T12:34:01.526+0000: 1232481.146: [GC 8488901K->1448963K(14539712K), 0.4723110 secs]
2018-05-25T12:34:44.651+0000: 1232524.271: [GC 8506307K->1535586K(14537728K), 0.9018140 secs]
2018-05-25T12:35:43.181+0000: 1232582.802: [GC 8592930K->1599976K(14434048K), 0.8841750 secs]
2018-05-25T12:36:34.100+0000: 1232633.721: [GC 8551656K->1656365K(14479744K), 0.8692020 secs]
2018-05-25T12:37:18.002+0000: 1232677.623: [GC 8608045K->1662002K(14444160K), 0.8548250 secs]
2018-05-25T12:37:34.992+0000: 1232694.613: [GC 8565810K->1597005K(14461952K), 0.4369910 secs]
2018-05-25T12:37:51.090+0000: 1232710.711: [GC 8500813K->1610248K(14466112K), 0.4849850 secs]
2018-05-25T12:38:10.330+0000: 1232729.951: [GC 8519240K->1627566K(14462976K), 0.5387060 secs]
2018-05-25T12:38:29.373+0000: 1232748.994: [GC 8536558K->1625357K(14475200K), 0.4983280 secs]
2018-05-25T12:38:46.479+0000: 1232766.100: [GC 8552141K->1628259K(14471680K), 0.4578110 secs]
2018-05-25T12:39:05.295+0000: 1232784.915: [GC 8555043K->1638829K(14482688K), 0.5015110 secs]
2018-05-25T12:39:22.366+0000: 1232801.987: [GC 8579757K->1645093K(14478336K), 0.4797590 secs]
2018-05-25T12:39:52.823+0000: 1232832.444: [GC 8586021K->1681115K(14488896K), 0.6692020 secs]
2018-05-25T12:40:39.463+0000: 1232879.084: [GC 8636763K->1748519K(14486848K), 0.8836430 secs]
2018-05-25T12:41:37.170+0000: 1232936.791: [GC 8704167K->1762779K(14407360K), 0.8623250 secs]
2018-05-25T12:42:37.872+0000: 1232997.493: [GC 8636891K->1777012K(14407296K), 0.9086440 secs]
2018-05-25T12:43:08.063+0000: 1233027.683: [GC 8651116K->1687651K(14437120K), 0.4171940 secs]
2018-05-25T12:43:27.607+0000: 1233047.227: [GC 8541155K->1689488K(14436480K), 0.3918960 secs]
2018-05-25T12:45:14.551+0000: 1233154.171: [GC 8542992K->1782296K(14430976K), 0.7192450 secs]
2018-05-25T12:46:04.679+0000: 1233204.300: [GC 8631448K->1819001K(14381312K), 0.9274310 secs]
2018-05-25T12:46:53.105+0000: 1233252.726: [GC 8668153K->1821003K(14415232K), 0.9074520 secs]
2018-05-25T12:47:12.540+0000: 1233272.160: [GC 8641355K->1747273K(14420224K), 0.4588130 secs]
2018-05-25T12:47:29.440+0000: 1233289.061: [GC 8567625K->1761963K(14428416K), 0.4821070 secs]
2018-05-25T12:48:10.036+0000: 1233329.657: [GC 8593643K->1826983K(14423360K), 0.8130340 secs]
2018-05-25T12:49:07.587+0000: 1233387.207: [GC 8658663K->1860556K(14414976K), 0.9091980 secs]
2018-05-25T12:50:00.002+0000: 1233439.623: [GC 8685516K->1864593K(14349440K), 0.8164840 secs]
2018-05-25T12:51:03.920+0000: 1233503.541: [GC 8689553K->1874109K(14415360K), 0.8323060 secs]
2018-05-25T12:53:03.304+0000: 1233622.924: [GC 8688957K->1883697K(14339072K), 0.8834340 secs]
2018-05-25T12:55:32.809+0000: 1233772.429: [GC 8698545K->1896260K(14418624K), 0.7935080 secs]
2018-05-25T12:56:08.010+0000: 1233807.631: [GC 8711876K->1862171K(14417088K), 0.5612470 secs]
2018-05-25T12:56:25.430+0000: 1233825.051: [GC 8677787K->1844089K(14424512K), 0.4787970 secs]
2018-05-25T12:56:52.986+0000: 1233852.607: [GC 8672249K->1873898K(14423744K), 0.6227320 secs]
2018-05-25T12:57:55.695+0000: 1233915.316: [GC 8702058K->1943021K(14421376K), 0.9410990 secs]
2018-05-25T12:58:56.215+0000: 1233975.836: [GC 8775149K->1954490K(14363136K), 0.8908100 secs]
2018-05-25T12:59:22.929+0000: 1234002.550: [GC 8786618K->1902391K(14426880K), 0.6010710 secs]
2018-05-25T12:59:39.820+0000: 1234019.441: [GC 8731127K->1888633K(14421952K), 0.4458930 secs]
2018-05-25T13:00:31.026+0000: 1234070.647: [GC 8717369K->1927121K(14435264K), 0.5535520 secs]
2018-05-25T13:01:01.298+0000: 1234100.918: [GC 8769873K->1928011K(14427584K), 0.5448460 secs]
2018-05-25T13:01:12.060+0000: 1234111.681: [GC 8770763K->1896830K(14440896K), 0.3895670 secs]
2018-05-25T13:01:30.241+0000: 1234129.862: [GC 8759166K->1919812K(14441216K), 0.4641340 secs]
2018-05-25T13:01:51.130+0000: 1234150.751: [GC 8782148K->1936690K(14451520K), 0.5390680 secs]
2018-05-25T13:02:10.367+0000: 1234169.988: [GC 8813298K->1930155K(14445184K), 0.4537530 secs]
2018-05-25T13:02:54.336+0000: 1234213.957: [GC 8806763K->1969682K(14463936K), 0.5971720 secs]
2018-05-25T13:03:44.564+0000: 1234264.184: [GC 8868754K->2038272K(14432192K), 0.9479150 secs]
2018-05-25T13:04:57.550+0000: 1234337.171: [GC 8937344K->2028172K(14439616K), 0.5565150 secs]
2018-05-25T13:05:17.228+0000: 1234356.848: [GC 8896652K->1960803K(14444288K), 0.4405080 secs]
2018-05-25T13:05:35.372+0000: 1234374.993: [GC 8829283K->1963854K(14449920K), 0.4268650 secs]
2018-05-25T13:05:59.366+0000: 1234398.987: [GC 8840526K->1978777K(14446848K), 0.5109700 secs]
2018-05-25T13:06:41.389+0000: 1234441.010: [GC 8855449K->2021179K(14460480K), 0.6746310 secs]
2018-05-25T13:06:59.524+0000: 1234459.145: [GC 8917051K->1986201K(14455488K), 0.4873360 secs]
2018-05-25T13:07:25.065+0000: 1234484.686: [GC 8882073K->2004287K(14470272K), 0.5310350 secs]
2018-05-25T13:08:24.408+0000: 1234544.029: [GC 8918399K->2082644K(14438464K), 0.9121240 secs]
2018-05-25T13:09:12.986+0000: 1234592.607: [GC 8996756K->2060752K(14457664K), 0.7476960 secs]
2018-05-25T13:10:13.623+0000: 1234653.243: [GC 8955152K->2100213K(14415872K), 0.9027590 secs]
2018-05-25T13:11:17.092+0000: 1234716.713: [GC 8994613K->2112503K(14433024K), 0.8026780 secs]
2018-05-25T13:12:10.375+0000: 1234769.996: [GC 8974199K->2124190K(14386240K), 0.7931190 secs]
2018-05-25T13:12:32.896+0000: 1234792.517: [GC 8985886K->2066427K(14439680K), 0.4183070 secs]
2018-05-25T13:12:43.305+0000: 1234802.925: [GC 8921147K->2039867K(14435136K), 0.3493940 secs]
2018-05-25T13:13:01.461+0000: 1234821.082: [GC 8894587K->2068635K(14443456K), 0.4787600 secs]
2018-05-25T13:13:42.890+0000: 1234862.511: [GC 8930715K->2123056K(14438720K), 0.3813930 secs]
2018-05-25T13:14:36.699+0000: 1234916.320: [GC 8985136K->2142155K(14448320K), 0.7761190 secs]
2018-05-25T13:15:49.102+0000: 1234988.723: [GC 9018059K->2176792K(14400320K), 0.8378080 secs]
2018-05-25T13:16:22.126+0000: 1235021.747: [GC 9052696K->2121155K(14445952K), 0.5787910 secs]
2018-05-25T13:16:43.310+0000: 1235042.931: [GC 8987651K->2101262K(14440640K), 0.4181300 secs]
2018-05-25T13:17:01.295+0000: 1235060.916: [GC 8967758K->2114358K(14449920K), 0.4540450 secs]
2018-05-25T13:17:37.176+0000: 1235096.797: [GC 8990902K->2162975K(14446720K), 0.6349430 secs]
2018-05-25T13:18:13.454+0000: 1235133.075: [GC 9039519K->2165253K(14465024K), 0.6112480 secs]
2018-05-25T13:18:31.423+0000: 1235151.044: [GC 9066821K->2139383K(14456640K), 0.4049350 secs]
2018-05-25T13:18:58.861+0000: 1235178.482: [GC 9040951K->2167470K(14473408K), 0.5800370 secs]
2018-05-25T13:20:00.985+0000: 1235240.606: [GC 9087598K->2239502K(14440960K), 0.8019720 secs]
2018-05-25T13:20:39.716+0000: 1235279.337: [GC 9159630K->2212616K(14466752K), 0.5797840 secs]
2018-05-25T13:20:58.721+0000: 1235298.342: [GC 9120712K->2179039K(14461440K), 0.4192160 secs]
2018-05-25T13:21:19.487+0000: 1235319.107: [GC 9087135K->2193268K(14473024K), 0.5184700 secs]
2018-05-25T13:22:11.421+0000: 1235371.042: [GC 9115124K->2277026K(14445312K), 0.8114800 secs]
2018-05-25T13:23:01.952+0000: 1235421.572: [GC 9198882K->2291526K(14440512K), 0.9350980 secs]
2018-05-25T13:23:55.573+0000: 1235475.194: [GC 9172166K->2293184K(14392512K), 0.7780470 secs]
2018-05-25T13:24:56.341+0000: 1235535.962: [GC 9173807K->2300163K(14443200K), 0.7377100 secs]
2018-05-25T13:25:34.098+0000: 1235573.719: [GC 9170307K->2271483K(14445120K), 0.5673640 secs]
2018-05-25T13:25:50.586+0000: 1235590.207: [GC 9141627K->2245117K(14452608K), 0.4318070 secs]
2018-05-25T13:26:15.142+0000: 1235614.763: [GC 9129725K->2265666K(14452096K), 0.5193200 secs]
2018-05-25T13:26:31.143+0000: 1235630.763: [GC 9150274K->2267350K(14460480K), 0.4617470 secs]
2018-05-25T13:26:48.986+0000: 1235648.607: [GC 9164502K->2272170K(14456768K), 0.5714580 secs]
2018-05-25T13:27:11.714+0000: 1235671.334: [GC 9169322K->2287940K(14470016K), 0.5144830 secs]
2018-05-25T13:27:29.054+0000: 1235688.674: [GC 9202116K->2287486K(14464256K), 0.4918290 secs]
2018-05-25T13:27:46.138+0000: 1235705.759: [GC 9201662K->2296338K(14478592K), 0.5260020 secs]
2018-05-25T13:28:08.013+0000: 1235727.634: [GC 9228690K->2308073K(14473856K), 0.5507560 secs]
2018-05-25T13:28:25.761+0000: 1235745.382: [GC 9240425K->2303268K(14488064K), 0.5066710 secs]
2018-05-25T13:29:04.038+0000: 1235783.659: [GC 9255652K->2352552K(14484416K), 0.6651510 secs]
2018-05-25T13:30:09.827+0000: 1235849.448: [GC 9304936K->2403035K(14451584K), 0.8885060 secs]
2018-05-25T13:31:18.118+0000: 1235917.739: [GC 9320539K->2412963K(14447808K), 0.9419640 secs]
2018-05-25T13:31:33.458+0000: 1235933.078: [GC 3966394K->2280988K(14441536K), 0.2199880 secs]
2018-05-25T13:31:33.678+0000: 1235933.298: [Full GC 2280988K->1240542K(14441536K), 4.5267940 secs]
2018-05-25T13:32:28.673+0000: 1235988.293: [GC 8116446K->1434820K(14410240K), 0.9352530 secs]
2018-05-25T13:32:58.412+0000: 1236018.032: [GC 8310724K->1399570K(14440512K), 0.6725210 secs]
2018-05-25T13:33:15.763+0000: 1236035.383: [GC 8253458K->1370333K(14433472K), 0.4926040 secs]
2018-05-25T13:33:38.480+0000: 1236058.101: [GC 8224221K->1387390K(14452672K), 0.5244660 secs]
2018-05-25T13:34:37.722+0000: 1236117.343: [GC 8265790K->1481081K(14413952K), 0.8886320 secs]
2018-05-25T13:35:24.160+0000: 1236163.780: [GC 8359481K->1491069K(14420288K), 0.8283800 secs]
2018-05-25T13:36:15.268+0000: 1236214.889: [GC 8329213K->1501207K(14366400K), 0.8403950 secs]
2018-05-25T13:37:03.557+0000: 1236263.178: [GC 8339351K->1511190K(14415552K), 0.7575410 secs]
2018-05-25T13:37:54.601+0000: 1236314.221: [GC 8329366K->1526140K(14345088K), 0.8735690 secs]
2018-05-25T13:38:37.162+0000: 1236356.782: [GC 8344316K->1506515K(14427200K), 0.7497460 secs]
2018-05-25T13:38:54.117+0000: 1236373.737: [GC 8330131K->1469025K(14416512K), 0.4820720 secs]
2018-05-25T13:39:11.849+0000: 1236391.470: [GC 8292641K->1476550K(14431680K), 0.4808240 secs]
2018-05-25T13:40:02.023+0000: 1236441.644: [GC 8317126K->1557640K(14428992K), 0.7308320 secs]
2018-05-25T13:40:56.531+0000: 1236496.152: [GC 8398216K->1576663K(14427008K), 0.8499080 secs]
2018-05-25T13:41:56.315+0000: 1236555.935: [GC 8414423K->1585044K(14359936K), 0.8300730 secs]
2018-05-25T13:42:39.120+0000: 1236598.740: [GC 8422804K->1589674K(14429248K), 0.8338380 secs]
2018-05-25T13:43:00.762+0000: 1236620.383: [GC 8426154K->1528418K(14427328K), 0.4524800 secs]
2018-05-25T13:43:32.042+0000: 1236651.663: [GC 8364898K->1566505K(14436608K), 0.5360990 secs]
2018-05-25T13:43:49.605+0000: 1236669.226: [GC 8412585K->1548819K(14429568K), 0.5023120 secs]
2018-05-25T13:44:09.324+0000: 1236688.945: [GC 8394899K->1554594K(14441600K), 0.4981000 secs]
2018-05-25T13:45:13.268+0000: 1236752.889: [GC 8414754K->1642523K(14385536K), 0.8168880 secs]
2018-05-25T13:46:12.109+0000: 1236811.730: [GC 8502683K->1653212K(14423296K), 0.9111670 secs]
2018-05-25T13:47:16.891+0000: 1236876.512: [GC 8491228K->1662049K(14363968K), 0.9702380 secs]
2018-05-25T13:48:14.051+0000: 1236933.671: [GC 8500065K->1670774K(14422208K), 0.9193600 secs]
2018-05-25T13:48:31.577+0000: 1236951.198: [GC 8498550K->1604419K(14423936K), 0.5227910 secs]
2018-05-25T13:49:24.143+0000: 1237003.763: [GC 8432195K->1624263K(14432320K), 0.5959080 secs]
2018-05-25T13:50:22.947+0000: 1237062.567: [GC 8462919K->1696959K(14426432K), 0.8731790 secs]
2018-05-25T13:50:55.979+0000: 1237095.600: [GC 8535615K->1643838K(14432832K), 0.6145260 secs]
2018-05-25T13:51:14.539+0000: 1237114.159: [GC 8484158K->1622581K(14427584K), 0.4578900 secs]
2018-05-25T13:51:38.123+0000: 1237137.744: [GC 8462901K->1635497K(14436992K), 0.4798810 secs]
2018-05-25T13:51:55.991+0000: 1237155.611: [GC 8485993K->1635766K(14433600K), 0.4746580 secs]
2018-05-25T13:52:14.567+0000: 1237174.188: [GC 8486262K->1642393K(14443520K), 0.4511180 secs]
2018-05-25T13:52:35.224+0000: 1237194.844: [GC 8505561K->1671426K(14439744K), 0.5848650 secs]
2018-05-25T13:52:52.413+0000: 1237212.033: [GC 8534594K->1656130K(14455552K), 0.4741850 secs]
2018-05-25T13:53:15.416+0000: 1237235.036: [GC 8543234K->1677841K(14451648K), 0.5627600 secs]
2018-05-25T13:53:33.127+0000: 1237252.748: [GC 8564945K->1666679K(14466496K), 0.4564350 secs]
2018-05-25T13:53:51.331+0000: 1237270.951: [GC 8575863K->1669067K(14462784K), 0.4231990 secs]
2018-05-25T13:54:17.512+0000: 1237297.132: [GC 8578251K->1685298K(14476096K), 0.4894270 secs]
2018-05-25T13:54:35.537+0000: 1237315.158: [GC 8611506K->1684435K(14470208K), 0.4528860 secs]
2018-05-25T13:55:32.780+0000: 1237372.401: [GC 8610643K->1752181K(14468480K), 0.7066800 secs]
2018-05-25T13:56:24.852+0000: 1237424.472: [GC 8680565K->1797258K(14459264K), 0.8852290 secs]
2018-05-25T13:57:21.864+0000: 1237481.485: [GC 8725642K->1810735K(14423552K), 0.9689550 secs]
2018-05-25T13:58:19.772+0000: 1237539.393: [GC 8673455K->1817678K(14388544K), 0.9044510 secs]
2018-05-25T13:59:12.302+0000: 1237591.923: [GC 8680398K->1832884K(14415360K), 0.8920950 secs]
2018-05-25T14:00:05.246+0000: 1237644.867: [GC 8660788K->1819585K(14424000K), 0.6775000 secs]
2018-05-25T14:00:41.240+0000: 1237680.861: [GC 8647489K->1774748K(14432128K), 0.4769760 secs]
2018-05-25T14:01:01.859+0000: 1237701.480: [GC 8614172K->1770357K(14427392K), 0.4235060 secs]
2018-05-25T14:01:31.275+0000: 1237730.895: [GC 8609781K->1809863K(14444480K), 0.6343280 secs]
2018-05-25T14:02:13.573+0000: 1237773.194: [GC 8669255K->1841365K(14435008K), 0.6642300 secs]
2018-05-25T14:02:30.637+0000: 1237790.258: [GC 8700757K->1801968K(14450880K), 0.4793470 secs]
2018-05-25T14:02:48.421+0000: 1237808.042: [GC 8680752K->1807639K(14448000K), 0.4680490 secs]
2018-05-25T14:03:44.862+0000: 1237864.483: [GC 8686423K->1903402K(14428736K), 0.9296510 secs]
2018-05-25T14:04:46.403+0000: 1237926.024: [GC 8766378K->1915286K(14393600K), 0.9036140 secs]
2018-05-25T14:05:57.207+0000: 1237996.827: [GC 8778262K->1925068K(14419904K), 0.9135420 secs]
2018-05-25T14:06:28.082+0000: 1238027.702: [GC 8757068K->1861086K(14426048K), 0.4980900 secs]
2018-05-25T14:06:47.080+0000: 1238046.701: [GC 8693086K->1842066K(14428992K), 0.3719590 secs]
2018-05-25T14:07:13.275+0000: 1238072.896: [GC 8681490K->1874986K(14429760K), 0.4862000 secs]
2018-05-25T14:07:31.817+0000: 1238091.438: [GC 8714410K->1872460K(14437824K), 0.3958180 secs]
2018-05-25T14:08:01.060+0000: 1238120.681: [GC 8725260K->1899298K(14435072K), 0.4559360 secs]
2018-05-25T14:08:19.004+0000: 1238138.625: [GC 8752098K->1899370K(14449280K), 0.4271270 secs]
2018-05-25T14:08:50.042+0000: 1238169.663: [GC 8773162K->1935609K(14444608K), 0.5595970 secs]
2018-05-25T14:10:18.366+0000: 1238257.987: [GC 8809401K->2025967K(14424064K), 0.8082690 secs]
2018-05-25T14:11:12.199+0000: 1238311.819: [GC 8889071K->2012438K(14441600K), 0.6430230 secs]
2018-05-25T14:11:33.697+0000: 1238333.318: [GC 8875542K->1975810K(14448448K), 0.4592750 secs]
2018-05-25T14:11:53.981+0000: 1238353.602: [GC 8846850K->1990333K(14442688K), 0.5182090 secs]
2018-05-25T14:12:13.859+0000: 1238373.480: [GC 8861373K->1992766K(14459648K), 0.4477350 secs]
2018-05-25T14:12:31.857+0000: 1238391.477: [GC 8887102K->2001255K(14454784K), 0.4242280 secs]
2018-05-25T14:13:26.461+0000: 1238446.082: [GC 8895591K->2083135K(14448704K), 0.7158110 secs]
2018-05-25T14:14:12.144+0000: 1238491.765: [GC 8975935K->2132385K(14427648K), 1.0092520 secs]
2018-05-25T14:15:09.365+0000: 1238548.986: [GC 9025185K->2146128K(14419968K), 0.8073790 secs]
2018-05-25T14:16:13.329+0000: 1238612.949: [GC 8986832K->2167071K(14373824K), 0.9143340 secs]
2018-05-25T14:16:34.386+0000: 1238634.006: [GC 9007775K->2115509K(14428928K), 0.5240080 secs]
2018-05-25T14:16:57.514+0000: 1238657.135: [GC 8945781K->2123274K(14421440K), 0.5430000 secs]
2018-05-25T14:17:17.852+0000: 1238677.473: [GC 8953546K->2119024K(14439680K), 0.4854840 secs]
2018-05-25T14:17:40.260+0000: 1238699.880: [GC 8974256K->2122718K(14435648K), 0.4353920 secs]
2018-05-25T14:18:02.185+0000: 1238721.805: [GC 8977950K->2143385K(14449408K), 0.4383190 secs]
2018-05-25T14:18:23.709+0000: 1238743.330: [GC 9016281K->2174074K(14443584K), 0.5256710 secs]
2018-05-25T14:18:44.246+0000: 1238763.866: [GC 9046970K->2185835K(14464896K), 0.5205760 secs]
2018-05-25T14:19:08.044+0000: 1238787.665: [GC 9088171K->2183579K(14457536K), 0.4454110 secs]
2018-05-25T14:19:25.600+0000: 1238805.221: [GC 9085915K->2222447K(14477760K), 0.5512680 secs]
2018-05-25T14:19:46.777+0000: 1238826.397: [GC 9149295K->2227847K(14469184K), 0.5130320 secs]
2018-05-25T14:20:08.765+0000: 1238848.385: [GC 9154695K->2250300K(14491328K), 0.5177460 secs]
2018-05-25T14:20:25.629+0000: 1238865.250: [GC 9205628K->2256572K(14484096K), 0.5353670 secs]
2018-05-25T14:20:46.695+0000: 1238886.315: [GC 9211900K->2269557K(14501440K), 0.4592170 secs]
2018-05-25T14:21:07.172+0000: 1238906.793: [GC 9247349K->2294446K(14496448K), 0.5630050 secs]
2018-05-25T14:21:26.789+0000: 1238926.409: [GC 9272238K->2299614K(14509760K), 0.5459900 secs]
2018-05-25T14:21:45.571+0000: 1238945.192: [GC 9293918K->2319671K(14504640K), 0.5806910 secs]
2018-05-25T14:22:04.927+0000: 1238964.548: [GC 9313975K->2332354K(14515520K), 0.5616310 secs]
2018-05-25T14:22:28.063+0000: 1238987.683: [GC 9340418K->2321095K(14512640K), 0.4918900 secs]
2018-05-25T14:22:49.734+0000: 1239009.355: [GC 9329159K->2332093K(14517696K), 0.4718890 secs]
2018-05-25T14:23:09.612+0000: 1239029.232: [GC 9346173K->2357213K(14516480K), 0.5320970 secs]
2018-05-25T14:23:29.670+0000: 1239049.291: [GC 9371293K->2373050K(14524608K), 0.5474290 secs]
2018-05-25T14:23:51.747+0000: 1239071.367: [GC 9399546K->2373926K(14521984K), 0.5161040 secs]
2018-05-25T14:24:10.137+0000: 1239089.758: [GC 9400422K->2383687K(14528896K), 0.5038300 secs]
2018-05-25T14:24:31.112+0000: 1239110.733: [GC 9419399K->2403541K(14526912K), 0.5350560 secs]
2018-05-25T14:24:51.781+0000: 1239131.402: [GC 9439253K->2413946K(14533504K), 0.5818010 secs]
2018-05-25T14:25:15.100+0000: 1239154.721: [GC 9458554K->2413838K(14531200K), 0.4597100 secs]
2018-05-25T14:25:33.900+0000: 1239173.521: [GC 9458446K->2437546K(14537024K), 0.5218440 secs]
2018-05-25T14:25:55.847+0000: 1239195.468: [GC 9489322K->2442127K(14534848K), 0.4822860 secs]
2018-05-25T14:26:14.954+0000: 1239214.575: [GC 9493903K->2463621K(14537216K), 0.6192570 secs]
2018-05-25T14:26:35.768+0000: 1239235.388: [GC 9519877K->2463879K(14538176K), 0.5390370 secs]
2018-05-25T14:26:56.997+0000: 1239256.617: [GC 9520135K->2478780K(14542400K), 0.5785920 secs]
2018-05-25T14:27:18.306+0000: 1239277.927: [GC 9541372K->2495040K(14540288K), 0.6184570 secs]
2018-05-25T14:27:42.294+0000: 1239301.915: [GC 9557632K->2507201K(14542976K), 0.5396540 secs]
2018-05-25T14:28:01.347+0000: 1239320.967: [GC 9573313K->2515985K(14543104K), 0.5656290 secs]
2018-05-25T14:28:21.397+0000: 1239341.018: [GC 9582097K->2519499K(14545024K), 0.5337330 secs]
2018-05-25T14:28:44.510+0000: 1239364.131: [GC 9589067K->2524812K(14544640K), 0.4881720 secs]
2018-05-25T14:29:07.176+0000: 1239386.797: [GC 9594380K->2534630K(14545088K), 0.4843430 secs]
2018-05-25T14:29:26.708+0000: 1239406.329: [GC 9604518K->2570027K(14542080K), 0.6111290 secs]
2018-05-25T14:29:44.929+0000: 1239424.550: [GC 9639915K->2568248K(14543040K), 0.5221680 secs]
2018-05-25T14:30:03.246+0000: 1239442.867: [GC 9633272K->2604404K(14542080K), 0.5988020 secs]
2018-05-25T14:30:24.484+0000: 1239464.104: [GC 9669428K->2600699K(14526336K), 0.5265480 secs]
2018-05-25T14:30:47.256+0000: 1239486.877: [GC 9649019K->2614477K(14534208K), 0.5036780 secs]
2018-05-25T14:31:05.806+0000: 1239505.427: [GC 9662797K->2614114K(14536768K), 0.4782330 secs]
2018-05-25T14:31:29.060+0000: 1239528.680: [GC 9666786K->2623124K(14536000K), 0.4647070 secs]
2018-05-25T14:31:38.212+0000: 1239537.833: [GC 5774530K->2572950K(14520704K), 0.2218710 secs]
2018-05-25T14:31:38.434+0000: 1239538.055: [Full GC 2572950K->1260591K(14520704K), 3.8863430 secs]
2018-05-25T14:31:59.861+0000: 1239559.482: [GC 8299183K->1380864K(14529344K), 0.4960520 secs]
2018-05-25T14:32:19.552+0000: 1239579.173: [GC 8419456K->1380785K(14532608K), 0.4768730 secs]
2018-05-25T14:32:40.721+0000: 1239600.342: [GC 8423857K->1395323K(14530560K), 0.4828430 secs]
2018-05-25T14:33:01.566+0000: 1239621.186: [GC 8438395K->1405225K(14537920K), 0.5697680 secs]
2018-05-25T14:33:22.522+0000: 1239642.142: [GC 8459049K->1411576K(14536000K), 0.5380460 secs]
2018-05-25T14:33:41.244+0000: 1239660.865: [GC 8465400K->1410762K(14541632K), 0.4862600 secs]
2018-05-25T14:34:03.111+0000: 1239682.731: [GC 8472138K->1434511K(14539840K), 0.5507450 secs]
2018-05-25T14:34:21.794+0000: 1239701.414: [GC 8495887K->1435483K(14541248K), 0.5180640 secs]
2018-05-25T14:34:44.723+0000: 1239724.343: [GC 8496475K->1425223K(14539840K), 0.4440010 secs]
2018-05-25T14:35:06.690+0000: 1239746.310: [GC 8486215K->1428764K(14541056K), 0.4246880 secs]
2018-05-25T14:35:27.369+0000: 1239766.990: [GC 8490780K->1437363K(14541056K), 0.4223240 secs]
2018-05-25T14:35:49.743+0000: 1239789.364: [GC 8499379K->1447625K(14543680K), 0.4650600 secs]
2018-05-25T14:36:13.029+0000: 1239812.650: [GC 8513161K->1452967K(14541952K), 0.5068010 secs]
2018-05-25T14:36:35.312+0000: 1239834.933: [GC 8518503K->1466722K(14546240K), 0.5498300 secs]
2018-05-25T14:36:59.133+0000: 1239858.754: [GC 8538466K->1456853K(14545600K), 0.4719160 secs]
2018-05-25T14:37:22.444+0000: 1239882.065: [GC 8528597K->1462995K(14546880K), 0.4357630 secs]
2018-05-25T14:37:44.649+0000: 1239904.270: [GC 8536147K->1476187K(14546368K), 0.4883540 secs]
2018-05-25T14:38:05.685+0000: 1239925.306: [GC 8549339K->1490563K(14549504K), 0.5608350 secs]
2018-05-25T14:38:53.231+0000: 1239972.852: [GC 8568963K->1509612K(14543232K), 0.6281670 secs]
2018-05-25T14:40:22.474+0000: 1240062.095: [GC 8588012K->1542467K(14515264K), 0.6918470 secs]
2018-05-25T14:40:39.231+0000: 1240078.852: [GC 8583235K->1500435K(14459520K), 0.3025020 secs]
2018-05-25T14:40:54.978+0000: 1240094.598: [GC 8541203K->1523343K(14529472K), 0.4345960 secs]
2018-05-25T14:41:50.786+0000: 1240150.407: [GC 8560527K->1560914K(14506560K), 0.6226460 secs]
2018-05-25T14:42:07.305+0000: 1240166.926: [GC 8598098K->1535893K(14526912K), 0.4181480 secs]
2018-05-25T14:42:26.338+0000: 1240185.958: [GC 8568981K->1534470K(14526272K), 0.3679420 secs]
2018-05-25T14:42:59.880+0000: 1240219.500: [GC 8567558K->1561931K(14530816K), 0.5162170 secs]
2018-05-25T14:43:43.093+0000: 1240262.714: [GC 8599179K->1577744K(14526528K), 0.5445570 secs]
2018-05-25T14:44:20.130+0000: 1240299.751: [GC 8614992K->1598781K(14525184K), 0.6113570 secs]
2018-05-25T14:44:39.644+0000: 1240319.264: [GC 8635965K->1569993K(14528640K), 0.4007290 secs]
2018-05-25T14:44:54.278+0000: 1240333.898: [GC 8607177K->1576452K(14530112K), 0.3493970 secs]
2018-05-25T14:45:24.277+0000: 1240363.898: [GC 8615556K->1610513K(14529088K), 0.5211190 secs]
2018-05-25T14:45:45.108+0000: 1240384.728: [GC 8649617K->1607232K(14534400K), 0.5109200 secs]
2018-05-25T14:46:06.570+0000: 1240406.191: [GC 8651840K->1616909K(14530304K), 0.4543900 secs]
2018-05-25T14:46:28.041+0000: 1240427.661: [GC 8661517K->1632933K(14536960K), 0.5440690 secs]
2018-05-25T14:46:50.071+0000: 1240449.692: [GC 8687141K->1636994K(14537152K), 0.5026610 secs]
2018-05-25T14:47:11.687+0000: 1240471.308: [GC 8691202K->1655823K(14536768K), 0.5821040 secs]
2018-05-25T14:47:32.498+0000: 1240492.118: [GC 8711439K->1665796K(14537856K), 0.5631280 secs]
2018-05-25T14:47:53.044+0000: 1240512.664: [GC 8721412K->1666743K(14540672K), 0.4800430 secs]
2018-05-25T14:48:14.761+0000: 1240534.382: [GC 8725751K->1692542K(14538432K), 0.5502670 secs]
2018-05-25T14:48:36.337+0000: 1240555.957: [GC 8751550K->1706549K(14540288K), 0.4958500 secs]
2018-05-25T14:48:59.259+0000: 1240578.879: [GC 8766645K->1713009K(14539904K), 0.4656930 secs]
2018-05-25T14:49:21.328+0000: 1240600.949: [GC 8773105K->1737141K(14542656K), 0.5086410 secs]
2018-05-25T14:49:43.501+0000: 1240623.122: [GC 8801717K->1748524K(14542016K), 0.5119030 secs]
2018-05-25T14:50:03.057+0000: 1240642.678: [GC 8813100K->1775597K(14537408K), 0.5631440 secs]
2018-05-25T14:50:26.680+0000: 1240666.301: [GC 8838125K->1758646K(14541312K), 0.4822520 secs]
2018-05-25T14:50:49.497+0000: 1240689.117: [GC 8821174K->1772916K(14542912K), 0.4390730 secs]
2018-05-25T14:51:11.679+0000: 1240711.300: [GC 8837428K->1787723K(14541696K), 0.4520740 secs]
2018-05-25T14:51:33.300+0000: 1240732.921: [GC 8852235K->1794015K(14546752K), 0.4288600 secs]
2018-05-25T14:51:52.656+0000: 1240752.277: [GC 8865951K->1810318K(14545280K), 0.4526960 secs]
2018-05-25T14:52:14.817+0000: 1240774.438: [GC 8882254K->1827916K(14546560K), 0.5893400 secs]
2018-05-25T14:52:38.138+0000: 1240797.759: [GC 8902860K->1821091K(14547520K), 0.4728930 secs]
2018-05-25T14:53:04.160+0000: 1240823.781: [GC 8896035K->1837724K(14549888K), 0.4935910 secs]
2018-05-25T14:53:23.077+0000: 1240842.698: [GC 8915356K->1858276K(14547840K), 0.3872550 secs]
2018-05-25T14:53:43.173+0000: 1240862.794: [GC 8935908K->1876199K(14541696K), 0.5966910 secs]
2018-05-25T14:54:05.506+0000: 1240885.127: [GC 8946919K->1869940K(14545408K), 0.5222640 secs]
2018-05-25T14:54:24.296+0000: 1240903.917: [GC 8940660K->1884244K(14548736K), 0.3259390 secs]
2018-05-25T14:54:45.177+0000: 1240924.797: [GC 8960084K->1892988K(14547200K), 0.4716550 secs]
2018-05-25T14:55:08.417+0000: 1240948.038: [GC 8968828K->1903257K(14550912K), 0.4590560 secs]
2018-05-25T14:55:29.144+0000: 1240968.764: [GC 8984409K->1914336K(14550336K), 0.4874310 secs]
2018-05-25T14:56:31.863+0000: 1241031.484: [GC 8995488K->1962433K(14515776K), 0.7036850 secs]
2018-05-25T14:56:52.315+0000: 1241051.936: [GC 9009089K->1947015K(14476416K), 0.4141600 secs]
2018-05-25T14:57:17.529+0000: 1241077.150: [GC 8993671K->1967521K(14531968K), 0.4405880 secs]
2018-05-25T14:57:38.246+0000: 1241097.867: [GC 9010913K->1958386K(14462592K), 0.3433790 secs]
2018-05-25T14:58:04.356+0000: 1241123.976: [GC 9001778K->1981294K(14530560K), 0.4232080 secs]
2018-05-25T14:58:23.725+0000: 1241143.346: [GC 9021358K->2010757K(14529600K), 0.4977040 secs]
2018-05-25T14:58:45.699+0000: 1241165.319: [GC 9050821K->2037048K(14529984K), 0.5223590 secs]
2018-05-25T14:59:07.097+0000: 1241186.718: [GC 9080760K->2051725K(14508224K), 0.5705430 secs]
2018-05-25T14:59:27.314+0000: 1241206.935: [GC 9095437K->2057785K(14531072K), 0.5027500 secs]
2018-05-25T14:59:47.363+0000: 1241226.983: [GC 9099065K->2069089K(14530304K), 0.5979170 secs]
2018-05-25T15:00:08.564+0000: 1241248.185: [GC 9110369K->2090360K(14527808K), 0.5331940 secs]
2018-05-25T15:00:29.216+0000: 1241268.837: [GC 9131000K->2093780K(14530368K), 0.5334000 secs]
2018-05-25T15:00:49.689+0000: 1241289.309: [GC 9134420K->2089405K(14534272K), 0.4469980 secs]
2018-05-25T15:01:11.628+0000: 1241311.249: [GC 9136445K->2117717K(14532864K), 0.5469560 secs]
2018-05-25T15:01:35.224+0000: 1241334.845: [GC 9164757K->2131880K(14533184K), 0.5533820 secs]
2018-05-25T15:01:54.746+0000: 1241354.367: [GC 9179560K->2145518K(14533888K), 0.5404070 secs]
2018-05-25T15:02:15.504+0000: 1241375.125: [GC 9193198K->2143506K(14535552K), 0.5056750 secs]
2018-05-25T15:02:36.920+0000: 1241396.540: [GC 9193618K->2165586K(14534656K), 0.5413390 secs]
2018-05-25T15:02:57.965+0000: 1241417.585: [GC 9215698K->2180340K(14536384K), 0.5578350 secs]
2018-05-25T15:03:18.098+0000: 1241437.719: [GC 9233908K->2198252K(14519936K), 0.5779630 secs]
2018-05-25T15:03:39.134+0000: 1241458.755: [GC 9251820K->2196446K(14536576K), 0.5103190 secs]
2018-05-25T15:04:00.586+0000: 1241480.207: [GC 9248670K->2233542K(14521728K), 0.5877170 secs]
2018-05-25T15:04:23.071+0000: 1241502.691: [GC 9285766K->2242049K(14536960K), 0.5407520 secs]
2018-05-25T15:04:44.451+0000: 1241524.072: [GC 9293249K->2264494K(14534336K), 0.5967590 secs]
2018-05-25T15:05:05.020+0000: 1241544.640: [GC 9315694K->2267327K(14539200K), 0.4783270 secs]
2018-05-25T15:06:40.772+0000: 1241640.393: [GC 9323455K->2362300K(14537024K), 0.9684260 secs]
2018-05-25T15:09:48.283+0000: 1241827.903: [GC 9418428K->2349957K(14479680K), 0.4734440 secs]
2018-05-25T15:14:07.076+0000: 1242086.696: [GC 9346565K->2359000K(14432640K), 0.4070470 secs]
2018-05-25T15:18:23.692+0000: 1242343.312: [GC 9355608K->2381552K(14508352K), 0.4177610 secs]
2018-05-25T15:23:12.949+0000: 1242632.570: [GC 9377840K->2404845K(14508032K), 0.4077660 secs]
2018-05-25T15:30:29.241+0000: 1243068.862: [GC 9401133K->2472201K(14498752K), 0.5610770 secs]
2018-05-25T15:31:42.332+0000: 1243141.952: [GC 3627310K->2387242K(14352896K), 0.1726810 secs]
2018-05-25T15:31:42.505+0000: 1243142.125: [Full GC 2387242K->1060689K(14352896K), 3.9944240 secs]
2018-05-25T15:39:40.802+0000: 1243620.423: [GC 8049617K->1196817K(14490048K), 0.5735780 secs]
2018-05-25T15:40:06.224+0000: 1243645.845: [GC 8160401K->1185295K(14491840K), 0.4477230 secs]
2018-05-25T15:40:31.302+0000: 1243670.922: [GC 8148879K->1194502K(14500160K), 0.4037180 secs]
2018-05-25T15:40:56.248+0000: 1243695.868: [GC 8170054K->1204675K(14495488K), 0.4154370 secs]
2018-05-25T15:41:21.190+0000: 1243720.811: [GC 8180227K->1213643K(14511232K), 0.4908310 secs]
2018-05-25T15:41:47.966+0000: 1243747.586: [GC 8210379K->1217341K(14505600K), 0.5143300 secs]
2018-05-25T15:42:02.437+0000: 1243762.057: [GC 8214077K->1214431K(14519680K), 0.4326020 secs]
2018-05-25T15:42:15.263+0000: 1243774.883: [GC 8230367K->1213159K(14516352K), 0.3678960 secs]
2018-05-25T15:42:27.911+0000: 1243787.532: [GC 8229095K->1224086K(14524864K), 0.3535640 secs]
2018-05-25T15:42:43.298+0000: 1243802.918: [GC 8250454K->1226175K(14521600K), 0.3977500 secs]
2018-05-25T15:43:06.720+0000: 1243826.340: [GC 8252543K->1251528K(14530496K), 0.4908840 secs]
2018-05-25T15:43:29.758+0000: 1243849.378: [GC 8289352K->1261826K(14527424K), 0.5186050 secs]
2018-05-25T15:43:52.508+0000: 1243872.128: [GC 8299650K->1277343K(14526912K), 0.5525250 secs]
2018-05-25T15:44:14.929+0000: 1243894.550: [GC 8315679K->1281013K(14529216K), 0.5564250 secs]
2018-05-25T15:44:35.071+0000: 1243914.692: [GC 8319349K->1280802K(14535616K), 0.5002660 secs]
2018-05-25T15:44:57.758+0000: 1243937.379: [GC 8327778K->1295617K(14531456K), 0.4711470 secs]
2018-05-25T15:45:21.359+0000: 1243960.979: [GC 8342593K->1303707K(14537216K), 0.4855440 secs]
2018-05-25T15:45:42.451+0000: 1243982.071: [GC 8357339K->1313279K(14536512K), 0.5040750 secs]
2018-05-25T15:46:03.310+0000: 1244002.931: [GC 8366911K->1316483K(14539072K), 0.5275740 secs]
2018-05-25T15:46:24.391+0000: 1244024.012: [GC 8372867K->1311308K(14537408K), 0.4170170 secs]
2018-05-25T15:46:49.149+0000: 1244048.770: [GC 8367692K->1330102K(14541952K), 0.5325820 secs]
2018-05-25T15:47:09.801+0000: 1244069.421: [GC 8393334K->1340944K(14541376K), 0.5380210 secs]
2018-05-25T15:47:31.775+0000: 1244091.396: [GC 8404176K->1341482K(14543360K), 0.5262860 secs]
2018-05-25T15:47:52.814+0000: 1244112.435: [GC 8406378K->1343442K(14541632K), 0.4973600 secs]
2018-05-25T15:48:16.832+0000: 1244136.453: [GC 8408338K->1338890K(14546112K), 0.4947980 secs]
2018-05-25T15:48:38.987+0000: 1244158.607: [GC 8410698K->1349478K(14545792K), 0.4965720 secs]
2018-05-25T15:49:00.895+0000: 1244180.516: [GC 8421286K->1367278K(14546176K), 0.5060930 secs]
2018-05-25T15:49:24.203+0000: 1244203.823: [GC 8441198K->1378102K(14534400K), 0.5565360 secs]
2018-05-25T15:49:45.744+0000: 1244225.365: [GC 8452022K->1387269K(14541824K), 0.5870200 secs]
2018-05-25T15:50:06.157+0000: 1244245.778: [GC 8454021K->1385136K(14543424K), 0.5000360 secs]
2018-05-25T15:50:27.904+0000: 1244267.525: [GC 8451888K->1388316K(14547392K), 0.4667980 secs]
2018-05-25T15:50:51.516+0000: 1244291.137: [GC 8461212K->1400626K(14545600K), 0.4876980 secs]
2018-05-25T15:51:15.591+0000: 1244315.212: [GC 8473522K->1403950K(14550720K), 0.4842430 secs]
2018-05-25T15:51:39.043+0000: 1244338.664: [GC 8483630K->1414164K(14549056K), 0.5085060 secs]
2018-05-25T15:51:59.512+0000: 1244359.133: [GC 8493844K->1433726K(14546880K), 0.5697990 secs]
2018-05-25T15:52:21.482+0000: 1244381.102: [GC 8512766K->1427977K(14549568K), 0.5399490 secs]
2018-05-25T15:52:42.026+0000: 1244401.646: [GC 8507017K->1431445K(14552384K), 0.4799230 secs]
2018-05-25T15:53:03.058+0000: 1244422.679: [GC 8514901K->1457592K(14551040K), 0.6146090 secs]
2018-05-25T15:53:25.969+0000: 1244445.589: [GC 8541048K->1453609K(14546560K), 0.5505960 secs]
2018-05-25T15:53:49.010+0000: 1244468.630: [GC 8531113K->1456990K(14548800K), 0.5642500 secs]
2018-05-25T15:54:14.968+0000: 1244494.589: [GC 8534494K->1442835K(14545472K), 0.4030500 secs]
2018-05-25T15:54:38.469+0000: 1244518.090: [GC 8518419K->1461600K(14547840K), 0.4844820 secs]
2018-05-25T15:55:03.039+0000: 1244542.660: [GC 8537184K->1472228K(14550208K), 0.5274220 secs]
2018-05-25T15:55:23.800+0000: 1244563.420: [GC 8550692K->1478626K(14548352K), 0.4793790 secs]
2018-05-25T15:55:45.175+0000: 1244584.796: [GC 8557090K->1476581K(14552320K), 0.4175590 secs]
2018-05-25T15:56:07.438+0000: 1244607.059: [GC 8560741K->1492469K(14551936K), 0.4534570 secs]
2018-05-25T15:56:31.673+0000: 1244631.293: [GC 8576629K->1492367K(14554752K), 0.4210730 secs]
2018-05-25T15:56:55.905+0000: 1244655.526: [GC 8581007K->1504949K(14553984K), 0.5012420 secs]
2018-05-25T15:57:18.883+0000: 1244678.504: [GC 8593589K->1519633K(14554304K), 0.5166950 secs]
2018-05-25T15:57:42.875+0000: 1244702.496: [GC 8609809K->1521700K(14555136K), 0.4678180 secs]
2018-05-25T15:58:06.149+0000: 1244725.770: [GC 8611876K->1535000K(14558016K), 0.5208810 secs]
2018-05-25T15:58:29.304+0000: 1244748.924: [GC 8629464K->1550468K(14556544K), 0.4924470 secs]
2018-05-25T15:58:51.657+0000: 1244771.278: [GC 8644932K->1568931K(14552512K), 0.5803800 secs]
2018-05-25T15:59:14.851+0000: 1244794.471: [GC 8658339K->1576708K(14554752K), 0.5312910 secs]
2018-05-25T15:59:39.502+0000: 1244819.123: [GC 8666116K->1573124K(14552960K), 0.4271690 secs]
2018-05-25T16:00:02.855+0000: 1244842.476: [GC 8660996K->1600112K(14553984K), 0.4323320 secs]
2018-05-25T16:00:27.216+0000: 1244866.836: [GC 8687984K->1612600K(14555648K), 0.4460980 secs]
2018-05-25T16:00:50.355+0000: 1244889.976: [GC 8702520K->1622999K(14554368K), 0.4823380 secs]
2018-05-25T16:01:10.337+0000: 1244909.958: [GC 8712919K->1632895K(14558208K), 0.4619540 secs]
2018-05-25T16:01:30.488+0000: 1244930.108: [GC 8727999K->1651597K(14551360K), 0.5458900 secs]
2018-05-25T16:01:51.229+0000: 1244950.850: [GC 8746701K->1672269K(14539456K), 0.5615600 secs]
2018-05-25T16:02:12.795+0000: 1244972.415: [GC 8748493K->1686052K(14540928K), 0.5698720 secs]
2018-05-25T16:02:33.724+0000: 1244993.345: [GC 8762276K->1681154K(14546240K), 0.4833430 secs]
2018-05-25T16:02:54.025+0000: 1245013.646: [GC 8752898K->1697332K(14545600K), 0.5135650 secs]
2018-05-25T16:03:15.488+0000: 1245035.108: [GC 8769076K->1714877K(14546752K), 0.5814300 secs]
2018-05-25T16:03:42.056+0000: 1245061.677: [GC 8789821K->1724802K(14534464K), 0.5669070 secs]
2018-05-25T16:04:03.135+0000: 1245082.756: [GC 8799746K->1728818K(14548800K), 0.5478140 secs]
2018-05-25T16:04:23.841+0000: 1245103.461: [GC 8804786K->1740033K(14547264K), 0.5277830 secs]
2018-05-25T16:04:50.174+0000: 1245129.795: [GC 8816001K->1758280K(14548864K), 0.5516880 secs]
2018-05-25T16:05:08.666+0000: 1245148.286: [GC 8837320K->1753838K(14523072K), 0.4650930 secs]
2018-05-25T16:05:29.513+0000: 1245169.134: [GC 8832878K->1783170K(14545408K), 0.5195360 secs]
2018-05-25T16:05:48.431+0000: 1245188.052: [GC 8857858K->1785494K(14547392K), 0.4566020 secs]
2018-05-25T16:06:10.769+0000: 1245210.390: [GC 8860182K->1803481K(14547776K), 0.4912320 secs]
2018-05-25T16:06:32.460+0000: 1245232.080: [GC 8880217K->1816792K(14538880K), 0.5821880 secs]
2018-05-25T16:06:54.365+0000: 1245253.986: [GC 8893528K->1824202K(14548480K), 0.5339300 secs]
2018-05-25T16:07:13.456+0000: 1245273.077: [GC 8900042K->1830769K(14547456K), 0.5098760 secs]
2018-05-25T16:07:34.974+0000: 1245294.594: [GC 8906609K->1849749K(14549504K), 0.5606280 secs]
2018-05-25T16:07:57.520+0000: 1245317.141: [GC 8928789K->1865785K(14543808K), 0.5716550 secs]
2018-05-25T16:08:18.797+0000: 1245338.418: [GC 8944825K->1868108K(14549120K), 0.5633110 secs]
2018-05-25T16:08:39.485+0000: 1245359.106: [GC 8944972K->1866000K(14547840K), 0.4819150 secs]
2018-05-25T16:09:00.249+0000: 1245379.870: [GC 8942864K->1892505K(14546688K), 0.5672730 secs]
2018-05-25T16:09:23.903+0000: 1245403.524: [GC 8967705K->1882297K(14516800K), 0.4394220 secs]
2018-05-25T16:09:46.423+0000: 1245426.044: [GC 8957497K->1909191K(14547712K), 0.5485370 secs]
2018-05-25T16:10:09.220+0000: 1245448.841: [GC 8983559K->1915822K(14546752K), 0.4797900 secs]
2018-05-25T16:10:31.591+0000: 1245471.212: [GC 8990190K->1922907K(14549824K), 0.3896570 secs]
2018-05-25T16:10:54.551+0000: 1245494.172: [GC 9001499K->1929001K(14548864K), 0.4586070 secs]
2018-05-25T16:11:17.255+0000: 1245516.876: [GC 9007593K->1937058K(14548864K), 0.4080220 secs]
2018-05-25T16:11:40.813+0000: 1245540.434: [GC 9015330K->1948981K(14518720K), 0.4803620 secs]
2018-05-25T16:12:03.522+0000: 1245563.143: [GC 9027253K->1967986K(14550848K), 0.4835400 secs]
2018-05-25T16:12:27.538+0000: 1245587.159: [GC 9047794K->1970756K(14549056K), 0.4626270 secs]
2018-05-25T16:12:57.070+0000: 1245616.691: [GC 9050564K->2009527K(14532608K), 0.5951340 secs]
2018-05-25T16:13:16.355+0000: 1245635.976: [GC 9073079K->2006958K(14541824K), 0.5318730 secs]
2018-05-25T16:13:38.000+0000: 1245657.621: [GC 9070510K->2022559K(14544128K), 0.5321460 secs]
2018-05-25T16:14:00.773+0000: 1245680.393: [GC 9090463K->2033624K(14543872K), 0.5331660 secs]
2018-05-25T16:14:23.240+0000: 1245702.861: [GC 9101528K->2046025K(14546944K), 0.5201110 secs]
2018-05-25T16:14:45.605+0000: 1245725.225: [GC 9118665K->2055694K(14545792K), 0.5430230 secs]
2018-05-25T16:15:05.477+0000: 1245745.097: [GC 9128334K->2056498K(14549440K), 0.4719950 secs]
2018-05-25T16:15:26.402+0000: 1245766.023: [GC 9134514K->2075907K(14548672K), 0.4606730 secs]
2018-05-25T16:15:48.399+0000: 1245788.020: [GC 9153920K->2088184K(14550912K), 0.4749810 secs]
2018-05-25T16:16:10.851+0000: 1245810.471: [GC 9168440K->2098185K(14549440K), 0.5560170 secs]
2018-05-25T16:16:31.564+0000: 1245831.184: [GC 9178441K->2114212K(14550336K), 0.5827920 secs]
2018-05-25T16:16:51.696+0000: 1245851.317: [GC 9196452K->2111344K(14551168K), 0.5159540 secs]
2018-05-25T16:17:14.802+0000: 1245874.423: [GC 9193584K->2129397K(14551936K), 0.5535980 secs]
2018-05-25T16:17:36.579+0000: 1245896.200: [GC 9212597K->2138440K(14551360K), 0.5298210 secs]
2018-05-25T16:17:58.351+0000: 1245917.971: [GC 9221640K->2149175K(14553344K), 0.5202720 secs]
2018-05-25T16:18:17.700+0000: 1245937.320: [GC 9235255K->2160494K(14552832K), 0.5362560 secs]
2018-05-25T16:18:38.469+0000: 1245958.089: [GC 9246574K->2169201K(14554688K), 0.5267630 secs]
2018-05-25T16:19:00.374+0000: 1245979.995: [GC 9257329K->2182560K(14553536K), 0.5062870 secs]
2018-05-25T16:19:21.348+0000: 1246000.969: [GC 9270688K->2207104K(14538624K), 0.5852020 secs]
2018-05-25T16:19:41.393+0000: 1246021.014: [GC 9281024K->2217644K(14547008K), 0.5426110 secs]
2018-05-25T16:20:01.030+0000: 1246040.651: [GC 9291564K->2224133K(14548416K), 0.4648180 secs]
2018-05-25T16:20:23.328+0000: 1246062.949: [GC 9300165K->2234572K(14547712K), 0.4780570 secs]
2018-05-25T16:20:45.161+0000: 1246084.781: [GC 9310604K->2250877K(14549888K), 0.5364500 secs]
2018-05-25T16:21:08.562+0000: 1246108.183: [GC 9329597K->2272252K(14547072K), 0.5589820 secs]
2018-05-25T16:21:29.837+0000: 1246129.458: [GC 9350972K->2265309K(14546304K), 0.4996730 secs]
2018-05-25T16:21:51.576+0000: 1246151.197: [GC 9338589K->2287961K(14546688K), 0.5485840 secs]
2018-05-25T16:22:13.855+0000: 1246173.476: [GC 9361241K->2300195K(14547840K), 0.5704860 secs]
2018-05-25T16:22:34.792+0000: 1246194.413: [GC 9375395K->2309719K(14547456K), 0.5462480 secs]
2018-05-25T16:22:54.840+0000: 1246214.460: [GC 9384919K->2308189K(14547776K), 0.4915280 secs]
2018-05-25T16:23:15.857+0000: 1246235.478: [GC 9384669K->2324289K(14548288K), 0.5037540 secs]
2018-05-25T16:23:36.945+0000: 1246256.566: [GC 9400769K->2343635K(14549120K), 0.5483610 secs]
2018-05-25T16:23:57.296+0000: 1246276.917: [GC 9421779K->2356640K(14541376K), 0.5676280 secs]
2018-05-25T16:24:16.615+0000: 1246296.235: [GC 9434784K->2360094K(14549056K), 0.5365700 secs]
2018-05-25T16:24:37.770+0000: 1246317.391: [GC 9437086K->2370143K(14548032K), 0.5086970 secs]
2018-05-25T16:25:00.454+0000: 1246340.075: [GC 9447135K->2380819K(14551104K), 0.4534370 secs]
2018-05-25T16:25:22.007+0000: 1246361.628: [GC 9461779K->2390213K(14549952K), 0.4873010 secs]
2018-05-25T16:25:44.143+0000: 1246383.763: [GC 9471173K->2402196K(14551552K), 0.4752430 secs]
2018-05-25T16:26:07.860+0000: 1246407.480: [GC 9484756K->2402349K(14523712K), 0.4655450 secs]
2018-05-25T16:26:29.120+0000: 1246428.741: [GC 9484909K->2423376K(14551296K), 0.5645560 secs]
2018-05-25T16:26:49.723+0000: 1246449.344: [GC 9505168K->2433358K(14550592K), 0.5535360 secs]
2018-05-25T16:27:10.176+0000: 1246469.796: [GC 9515150K->2437664K(14552320K), 0.5041320 secs]
2018-05-25T16:27:36.998+0000: 1246496.619: [GC 9521568K->2437689K(14521408K), 0.4826090 secs]
2018-05-25T16:28:03.869+0000: 1246523.490: [GC 9521593K->2430870K(14544512K), 0.4003600 secs]
2018-05-25T16:28:29.439+0000: 1246549.059: [GC 9506326K->2437178K(14499968K), 0.4003630 secs]
2018-05-25T16:28:54.969+0000: 1246574.589: [GC 9512634K->2448540K(14546048K), 0.4147910 secs]
2018-05-25T16:29:19.599+0000: 1246599.220: [GC 9520412K->2460983K(14545920K), 0.4353120 secs]
2018-05-25T16:29:44.033+0000: 1246623.653: [GC 9532855K->2464964K(14548480K), 0.4393340 secs]
2018-05-25T16:31:32.904+0000: 1246732.524: [GC 9540996K->2484421K(14547648K), 0.5079160 secs]
2018-05-25T16:31:46.509+0000: 1246746.129: [GC 2859619K->2403303K(14522624K), 0.0700990 secs]
2018-05-25T16:31:46.579+0000: 1246746.200: [Full GC 2403303K->1084113K(14522624K), 3.8236880 secs]
2018-05-25T16:34:16.022+0000: 1246895.643: [GC 8136145K->1197124K(14505088K), 0.4640020 secs]
2018-05-25T16:34:33.743+0000: 1246913.364: [GC 8249156K->1201618K(14538496K), 0.4744870 secs]
2018-05-25T16:35:05.681+0000: 1246945.302: [GC 8254034K->1213622K(14534016K), 0.4276880 secs]
2018-05-25T16:35:21.860+0000: 1246961.481: [GC 8266038K->1213846K(14544256K), 0.4087150 secs]
2018-05-25T16:35:54.442+0000: 1246994.063: [GC 8278294K->1229063K(14540288K), 0.4478190 secs]
2018-05-25T16:36:13.796+0000: 1247013.416: [GC 8293511K->1234152K(14547904K), 0.4456660 secs]
2018-05-25T16:36:44.256+0000: 1247043.877: [GC 8307240K->1235922K(14545280K), 0.4284520 secs]
2018-05-25T16:37:14.633+0000: 1247074.253: [GC 8309010K->1249463K(14552768K), 0.4930530 secs]
2018-05-25T16:38:00.330+0000: 1247119.951: [GC 8333175K->1307255K(14551040K), 0.7541770 secs]
2018-05-25T16:38:17.713+0000: 1247137.334: [GC 8390967K->1301015K(14518528K), 0.4975510 secs]
2018-05-25T16:38:35.744+0000: 1247155.364: [GC 8350487K->1301977K(14534784K), 0.4797980 secs]
2018-05-25T16:38:55.291+0000: 1247174.912: [GC 8351449K->1317593K(14539648K), 0.4945870 secs]
2018-05-25T16:39:13.130+0000: 1247192.750: [GC 8375577K->1319491K(14538432K), 0.5169500 secs]
2018-05-25T16:40:21.800+0000: 1247261.420: [GC 8377475K->1402543K(14487616K), 0.7995790 secs]
2018-05-25T16:40:46.599+0000: 1247286.219: [GC 8413103K->1391232K(14515328K), 0.4704360 secs]
2018-05-25T16:41:03.389+0000: 1247303.010: [GC 8401792K->1403710K(14524608K), 0.4977270 secs]
2018-05-25T16:41:27.493+0000: 1247327.114: [GC 8428222K->1420873K(14520000K), 0.6053920 secs]
2018-05-25T16:41:43.865+0000: 1247343.486: [GC 8445385K->1414860K(14527232K), 0.5342130 secs]
2018-05-25T16:42:20.260+0000: 1247379.881: [GC 8446028K->1460853K(14520512K), 0.6348160 secs]
2018-05-25T16:43:12.463+0000: 1247432.084: [GC 8492021K->1519727K(14457408K), 0.9348160 secs]
2018-05-25T16:43:40.725+0000: 1247460.346: [GC 8477551K->1495280K(14488960K), 0.5900650 secs]
2018-05-25T16:43:57.849+0000: 1247477.470: [GC 8453104K->1487918K(14497344K), 0.4858290 secs]
2018-05-25T16:44:32.679+0000: 1247512.300: [GC 8459822K->1517739K(14494656K), 0.6360810 secs]
2018-05-25T16:45:21.098+0000: 1247560.718: [GC 8489643K->1559435K(14484864K), 0.7236870 secs]
2018-05-25T16:45:37.649+0000: 1247577.270: [GC 8525323K->1510086K(14492992K), 0.4320620 secs]
2018-05-25T16:46:14.318+0000: 1247613.939: [GC 8475974K->1557304K(14492992K), 0.5963680 secs]
2018-05-25T16:47:04.898+0000: 1247664.519: [GC 8524344K->1612587K(14493568K), 0.9332740 secs]
2018-05-25T16:48:02.841+0000: 1247722.462: [GC 8579627K->1624602K(14429184K), 0.9209280 secs]
2018-05-25T16:48:58.442+0000: 1247778.062: [GC 8527258K->1638035K(14432704K), 0.9209340 secs]
2018-05-25T16:49:27.095+0000: 1247806.715: [GC 8540691K->1599070K(14457728K), 0.6325690 secs]
2018-05-25T16:49:42.995+0000: 1247822.615: [GC 8487326K->1591592K(14450624K), 0.5294960 secs]
2018-05-25T16:50:11.054+0000: 1247850.675: [GC 8479848K->1600495K(14463808K), 0.4859010 secs]
2018-05-25T16:50:26.548+0000: 1247866.169: [GC 8504431K->1597005K(14460224K), 0.4541370 secs]
2018-05-25T16:51:12.437+0000: 1247912.058: [GC 8500941K->1649600K(14467840K), 0.6539460 secs]
2018-05-25T16:52:04.248+0000: 1247963.869: [GC 8563008K->1706987K(14449984K), 0.8460550 secs]
2018-05-25T16:53:08.277+0000: 1248027.898: [GC 8620395K->1704789K(14438336K), 0.7935080 secs]
2018-05-25T16:53:26.828+0000: 1248046.448: [GC 8576213K->1634177K(14445760K), 0.4848030 secs]
2018-05-25T16:53:44.766+0000: 1248064.387: [GC 8505601K->1645519K(14450112K), 0.5156210 secs]
2018-05-25T16:54:24.398+0000: 1248104.019: [GC 8522575K->1714116K(14447040K), 0.8290560 secs]
2018-05-25T16:55:05.497+0000: 1248145.118: [GC 8591172K->1702046K(14455040K), 0.6467550 secs]
2018-05-25T16:55:21.113+0000: 1248160.733: [GC 8584670K->1664016K(14447680K), 0.4091980 secs]
2018-05-25T16:56:04.220+0000: 1248203.840: [GC 8546640K->1728560K(14457664K), 0.6401000 secs]
2018-05-25T16:56:31.600+0000: 1248231.220: [GC 8621808K->1700979K(14455680K), 0.5692480 secs]
2018-05-25T16:56:49.343+0000: 1248248.964: [GC 8594227K->1691825K(14464512K), 0.4827600 secs]
2018-05-25T16:57:21.601+0000: 1248281.221: [GC 8598961K->1740749K(14462720K), 0.7167970 secs]
2018-05-25T16:58:11.548+0000: 1248331.168: [GC 8647885K->1770683K(14459840K), 0.8038460 secs]
2018-05-25T16:58:28.243+0000: 1248347.864: [GC 8679099K->1718873K(14464256K), 0.4938970 secs]
2018-05-25T16:59:00.327+0000: 1248379.948: [GC 8627289K->1753046K(14473664K), 0.6259000 secs]
2018-05-25T16:59:42.386+0000: 1248422.007: [GC 8672854K->1758801K(14466240K), 0.5892580 secs]
2018-05-25T17:00:01.322+0000: 1248440.942: [GC 8678609K->1742685K(14480512K), 0.4402380 secs]
2018-05-25T17:00:18.606+0000: 1248458.226: [GC 8682781K->1735338K(14479680K), 0.3549910 secs]
2018-05-25T17:00:42.875+0000: 1248482.496: [GC 8675434K->1779197K(14485824K), 0.4880630 secs]
2018-05-25T17:00:57.996+0000: 1248497.617: [GC 8724605K->1782841K(14479680K), 0.4780700 secs]
2018-05-25T17:01:24.872+0000: 1248524.493: [GC 8728249K->1799008K(14496640K), 0.4993920 secs]
2018-05-25T17:01:41.258+0000: 1248540.879: [GC 8766048K->1802459K(14490496K), 0.5230380 secs]
2018-05-25T17:02:54.018+0000: 1248613.639: [GC 8769499K->1807789K(14505792K), 0.5004650 secs]
2018-05-25T17:03:11.686+0000: 1248631.307: [GC 8794861K->1792438K(14501376K), 0.3583620 secs]
2018-05-25T17:03:23.675+0000: 1248643.296: [GC 8779510K->1814842K(14506944K), 0.3479340 secs]
2018-05-25T17:03:35.682+0000: 1248655.303: [GC 8806394K->1822262K(14504704K), 0.4421680 secs]
2018-05-25T17:03:48.007+0000: 1248667.627: [GC 8813814K->1835242K(14512896K), 0.4909400 secs]
2018-05-25T17:04:02.046+0000: 1248681.667: [GC 8837674K->1832315K(14509632K), 0.4263920 secs]
2018-05-25T17:04:14.669+0000: 1248694.289: [GC 8834747K->1834365K(14515200K), 0.3650950 secs]
2018-05-25T17:04:25.651+0000: 1248705.271: [GC 8843901K->1840110K(14514432K), 0.3821610 secs]
2018-05-25T17:04:40.848+0000: 1248720.469: [GC 8849646K->1855559K(14520448K), 0.4430690 secs]
2018-05-25T17:04:55.070+0000: 1248734.691: [GC 8872775K->1845397K(14516864K), 0.3070800 secs]
2018-05-25T17:05:06.570+0000: 1248746.191: [GC 8862613K->1858423K(14523840K), 0.3491920 secs]
2018-05-25T17:05:25.269+0000: 1248764.890: [GC 8883319K->1895557K(14521152K), 0.5802700 secs]
2018-05-25T17:06:26.531+0000: 1248826.152: [GC 8920453K->1973889K(14464064K), 0.9510200 secs]
2018-05-25T17:07:29.903+0000: 1248889.523: [GC 8940673K->2015813K(14493440K), 0.9616250 secs]
2018-05-25T17:08:20.504+0000: 1248940.124: [GC 8982597K->2030149K(14402432K), 0.8979890 secs]
2018-05-25T17:08:51.222+0000: 1248970.842: [GC 8905925K->1986825K(14447936K), 0.6325460 secs]
2018-05-25T17:09:09.068+0000: 1248988.689: [GC 8862601K->1978794K(14462976K), 0.5355970 secs]
2018-05-25T17:09:22.020+0000: 1249001.640: [GC 8877610K->1964154K(14455936K), 0.4293510 secs]
2018-05-25T17:09:37.207+0000: 1249016.827: [GC 8862970K->1970559K(14468032K), 0.3615380 secs]
2018-05-25T17:09:48.732+0000: 1249028.353: [GC 8884031K->1993456K(14465536K), 0.4371240 secs]
2018-05-25T17:10:00.082+0000: 1249039.703: [GC 8906928K->2006399K(14478528K), 0.3810220 secs]
2018-05-25T17:10:12.509+0000: 1249052.130: [GC 8937599K->2017261K(14472768K), 0.4523380 secs]
2018-05-25T17:10:25.741+0000: 1249065.362: [GC 8948461K->2015179K(14487040K), 0.2100000 secs]
2018-05-25T17:10:38.004+0000: 1249077.625: [GC 8965899K->2037174K(14483776K), 0.3404860 secs]
2018-05-25T17:10:49.111+0000: 1249088.732: [GC 8987894K->2042524K(14497088K), 0.3449150 secs]
2018-05-25T17:11:05.212+0000: 1249104.832: [GC 9011868K->2064186K(14492352K), 0.4981670 secs]
2018-05-25T17:11:24.610+0000: 1249124.230: [GC 9033530K->2065355K(14508352K), 0.4089640 secs]
2018-05-25T17:12:04.977+0000: 1249164.598: [GC 9057355K->2141050K(14492864K), 0.7995690 secs]
2018-05-25T17:13:02.993+0000: 1249222.614: [GC 9133050K->2190184K(14436096K), 0.9684330 secs]
2018-05-25T17:13:41.632+0000: 1249261.252: [GC 9100648K->2152772K(14465280K), 0.6441130 secs]
2018-05-25T17:14:00.375+0000: 1249279.996: [GC 9063236K->2132061K(14474560K), 0.4907210 secs]
2018-05-25T17:14:15.295+0000: 1249294.916: [GC 9055197K->2124035K(14468672K), 0.4029730 secs]
2018-05-25T17:14:29.331+0000: 1249308.952: [GC 9047171K->2134578K(14481088K), 0.3640550 secs]
2018-05-25T17:14:41.155+0000: 1249320.776: [GC 9073010K->2144271K(14477440K), 0.3739320 secs]
2018-05-25T17:14:52.456+0000: 1249332.076: [GC 9082703K->2156363K(14489664K), 0.3472340 secs]
2018-05-25T17:15:04.190+0000: 1249343.811: [GC 9110859K->2172150K(14484928K), 0.4001850 secs]
2018-05-25T17:15:21.870+0000: 1249361.491: [GC 9126646K->2179467K(14500160K), 0.4018350 secs]
2018-05-25T17:15:59.030+0000: 1249398.651: [GC 9154699K->2253862K(14474816K), 0.7319740 secs]
2018-05-25T17:16:47.535+0000: 1249447.156: [GC 9229094K->2276875K(14459200K), 0.8343420 secs]
2018-05-25T17:17:23.390+0000: 1249483.010: [GC 9203851K->2225663K(14473536K), 0.4981940 secs]
2018-05-25T17:17:43.133+0000: 1249502.754: [GC 9152639K->2206307K(14482432K), 0.3383090 secs]
2018-05-25T17:18:13.616+0000: 1249533.237: [GC 9149667K->2222390K(14481024K), 0.3723190 secs]
2018-05-25T17:18:33.613+0000: 1249553.234: [GC 9165750K->2229213K(14489984K), 0.3683490 secs]
2018-05-25T17:19:53.862+0000: 1249633.483: [GC 9185437K->2316814K(14459648K), 0.7151180 secs]
2018-05-25T17:20:20.789+0000: 1249660.409: [GC 9273038K->2284907K(14486016K), 0.4700280 secs]
2018-05-25T17:20:39.648+0000: 1249679.269: [GC 9228459K->2290067K(14477632K), 0.4508370 secs]
2018-05-25T17:21:06.792+0000: 1249706.413: [GC 9233619K->2304094K(14499776K), 0.5261960 secs]
2018-05-25T17:21:24.461+0000: 1249724.082: [GC 9277214K->2308015K(14493440K), 0.4995790 secs]
2018-05-25T17:22:29.825+0000: 1249789.446: [GC 9281135K->2356206K(14489984K), 0.7123490 secs]
2018-05-25T17:24:14.397+0000: 1249894.018: [GC 9332206K->2411843K(14498048K), 0.9557520 secs]
2018-05-25T17:25:08.102+0000: 1249947.722: [GC 9387843K->2375180K(14457600K), 0.5674420 secs]
2018-05-25T17:25:22.982+0000: 1249962.603: [GC 9310732K->2364536K(14477824K), 0.4553050 secs]
2018-05-25T17:25:59.992+0000: 1249999.613: [GC 9300088K->2401856K(14485056K), 0.5613800 secs]
2018-05-25T17:26:17.580+0000: 1250017.201: [GC 9349376K->2372599K(14482560K), 0.4739450 secs]
2018-05-25T17:26:36.781+0000: 1250036.401: [GC 9320119K->2369895K(14488960K), 0.4496400 secs]
2018-05-25T17:26:59.779+0000: 1250059.399: [GC 9326311K->2392109K(14487552K), 0.4994560 secs]
2018-05-25T17:27:19.541+0000: 1250079.161: [GC 9348525K->2388406K(14496896K), 0.4756950 secs]
2018-05-25T17:28:05.422+0000: 1250125.043: [GC 9359286K->2448692K(14462784K), 0.7742730 secs]
2018-05-25T17:29:02.901+0000: 1250182.522: [GC 9419572K->2489524K(14455616K), 0.9476320 secs]
2018-05-25T17:29:19.859+0000: 1250199.480: [GC 9415604K->2412885K(14473088K), 0.4619980 secs]
2018-05-25T17:29:39.642+0000: 1250219.263: [GC 9338965K->2436342K(14483648K), 0.5320210 secs]
2018-05-25T17:30:03.952+0000: 1250243.572: [GC 9376630K->2434829K(14476736K), 0.5124350 secs]
2018-05-25T17:30:16.360+0000: 1250255.981: [GC 9375117K->2423151K(14489600K), 0.3675710 secs]
2018-05-25T17:30:28.279+0000: 1250267.899: [GC 9380975K->2433069K(14488320K), 0.3950410 secs]
2018-05-25T17:30:46.669+0000: 1250286.290: [GC 9390893K->2435201K(14495168K), 0.3704370 secs]
2018-05-25T17:31:37.642+0000: 1250337.262: [GC 9402689K->2530970K(14488704K), 0.8749780 secs]
2018-05-25T17:31:50.413+0000: 1250350.034: [GC 3827626K->2398046K(14454144K), 0.1861560 secs]
2018-05-25T17:31:50.600+0000: 1250350.220: [Full GC 2398046K->1130647K(14454144K), 4.2461480 secs]
2018-05-25T17:32:29.010+0000: 1250388.631: [GC 8053399K->1287800K(14419968K), 0.3541220 secs]
2018-05-25T17:33:03.600+0000: 1250423.220: [GC 8210552K->1287177K(14462912K), 0.6982550 secs]
2018-05-25T17:33:58.398+0000: 1250478.018: [GC 8194441K->1340597K(14435840K), 0.9275980 secs]
2018-05-25T17:35:03.185+0000: 1250542.806: [GC 8247861K->1354928K(14420672K), 0.8683210 secs]
2018-05-25T17:35:21.447+0000: 1250561.068: [GC 8203312K->1267028K(14434240K), 0.3770350 secs]
2018-05-25T17:35:37.751+0000: 1250577.372: [GC 8115412K->1287112K(14446208K), 0.4574450 secs]
2018-05-25T17:35:51.887+0000: 1250591.508: [GC 8152008K->1303678K(14438784K), 0.4893980 secs]
2018-05-25T17:36:04.750+0000: 1250604.371: [GC 8168574K->1297360K(14460800K), 0.4117980 secs]
2018-05-25T17:36:20.902+0000: 1250620.522: [GC 8192912K->1291386K(14454848K), 0.3914240 secs]
2018-05-25T17:36:38.650+0000: 1250638.271: [GC 8186938K->1318695K(14471424K), 0.5059780 secs]
2018-05-25T17:37:37.886+0000: 1250697.507: [GC 8234023K->1395504K(14432000K), 0.8858630 secs]
2018-05-25T17:38:53.466+0000: 1250773.087: [GC 8310832K->1405747K(14437312K), 0.8971960 secs]
2018-05-25T17:39:45.496+0000: 1250825.116: [GC 8281779K->1417887K(14397952K), 0.9175250 secs]
2018-05-25T17:40:10.785+0000: 1250850.406: [GC 8293919K->1396841K(14442752K), 0.6160790 secs]
2018-05-25T17:40:27.312+0000: 1250866.933: [GC 8258409K->1343447K(14438912K), 0.3636840 secs]
2018-05-25T17:40:38.653+0000: 1250878.273: [GC 8205015K->1354936K(14449280K), 0.4002220 secs]
2018-05-25T17:40:49.902+0000: 1250889.523: [GC 8229304K->1357270K(14445184K), 0.3778210 secs]
2018-05-25T17:41:23.119+0000: 1250922.740: [GC 8231638K->1396840K(14462784K), 0.6478630 secs]
2018-05-25T17:42:32.515+0000: 1250992.136: [GC 8292968K->1456484K(14415808K), 0.8964750 secs]
2018-05-25T17:43:20.118+0000: 1251039.738: [GC 8352612K->1424557K(14459264K), 0.6599470 secs]
2018-05-25T17:43:40.429+0000: 1251060.049: [GC 8315501K->1380138K(14451776K), 0.3497490 secs]
2018-05-25T17:43:53.148+0000: 1251072.769: [GC 8271082K->1394988K(14463168K), 0.4027690 secs]
2018-05-25T17:44:04.905+0000: 1251084.526: [GC 8298220K->1407269K(14460160K), 0.4161690 secs]
2018-05-25T17:44:15.571+0000: 1251095.191: [GC 8310501K->1419240K(14473152K), 0.3459200 secs]
2018-05-25T17:44:33.322+0000: 1251112.943: [GC 8340008K->1433695K(14467712K), 0.4533890 secs]
2018-05-25T17:44:50.331+0000: 1251129.952: [GC 8354463K->1448789K(14486272K), 0.4992830 secs]
2018-05-25T17:45:41.337+0000: 1251180.958: [GC 8394389K->1529693K(14464256K), 0.7661310 secs]
2018-05-25T17:46:36.166+0000: 1251235.787: [GC 8475293K->1545139K(14440000K), 0.9388580 secs]
2018-05-25T17:47:35.766+0000: 1251295.387: [GC 8435635K->1557653K(14417920K), 0.9317540 secs]
2018-05-25T17:48:35.031+0000: 1251354.652: [GC 8448149K->1544426K(14439872K), 0.8064780 secs]
2018-05-25T17:48:51.381+0000: 1251371.001: [GC 8407146K->1490698K(14441408K), 0.4786750 secs]
2018-05-25T17:49:08.432+0000: 1251388.053: [GC 8353418K->1479003K(14447424K), 0.3944000 secs]
2018-05-25T17:49:24.231+0000: 1251403.852: [GC 8351771K->1478905K(14445440K), 0.2879650 secs]
2018-05-25T17:49:34.814+0000: 1251414.434: [GC 8351673K->1505588K(14455872K), 0.4436650 secs]
2018-05-25T17:49:45.869+0000: 1251425.489: [GC 8391092K->1510388K(14449728K), 0.4407190 secs]
2018-05-25T17:50:02.313+0000: 1251441.934: [GC 8395892K->1512278K(14467264K), 0.3397250 secs]
2018-05-25T17:50:19.715+0000: 1251459.336: [GC 8421398K->1526058K(14461952K), 0.3931370 secs]
2018-05-25T17:50:41.484+0000: 1251481.105: [GC 8435178K->1562123K(14479296K), 0.5713820 secs]
2018-05-25T17:51:50.166+0000: 1251549.787: [GC 8494923K->1633954K(14463040K), 0.9396530 secs]
2018-05-25T17:52:50.920+0000: 1251610.540: [GC 8566754K->1646803K(14425280K), 0.9541760 secs]
2018-05-25T17:53:29.642+0000: 1251649.263: [GC 8515027K->1617025K(14444160K), 0.7503910 secs]
2018-05-25T17:53:45.552+0000: 1251665.173: [GC 8485249K->1577215K(14452288K), 0.4774580 secs]
2018-05-25T17:54:15.990+0000: 1251695.611: [GC 8456383K->1588670K(14446976K), 0.5051980 secs]
2018-05-25T17:54:33.613+0000: 1251713.234: [GC 8467838K->1597921K(14465984K), 0.4977640 secs]
2018-05-25T17:55:04.539+0000: 1251744.159: [GC 8502881K->1611105K(14459072K), 0.5502220 secs]
2018-05-25T17:56:04.240+0000: 1251803.860: [GC 8516065K->1688062K(14440768K), 0.8590300 secs]
2018-05-25T17:56:36.292+0000: 1251835.913: [GC 8582782K->1622198K(14457408K), 0.5722140 secs]
2018-05-25T17:56:54.611+0000: 1251854.232: [GC 8516918K->1603449K(14466624K), 0.4535710 secs]
2018-05-25T17:57:18.589+0000: 1251878.209: [GC 8514297K->1619054K(14464320K), 0.4757220 secs]
2018-05-25T17:57:36.551+0000: 1251896.172: [GC 8529902K->1616405K(14475264K), 0.4513780 secs]
2018-05-25T17:57:55.542+0000: 1251915.162: [GC 8543189K->1623864K(14471616K), 0.5113620 secs]
2018-05-25T17:58:18.808+0000: 1251938.429: [GC 8550648K->1629386K(14484288K), 0.4557880 secs]
2018-05-25T17:58:36.612+0000: 1251956.233: [GC 8573130K->1633476K(14479552K), 0.4634860 secs]
2018-05-25T17:58:59.931+0000: 1251979.552: [GC 8577220K->1643626K(14493888K), 0.4815690 secs]
2018-05-25T17:59:17.942+0000: 1251997.563: [GC 8605866K->1651371K(14488448K), 0.4859100 secs]
2018-05-25T17:59:40.561+0000: 1252020.181: [GC 8613611K->1666785K(14505024K), 0.5869250 secs]
2018-05-25T18:00:40.030+0000: 1252079.651: [GC 8651297K->1751279K(14499584K), 0.9175590 secs]
2018-05-25T18:00:56.241+0000: 1252095.862: [GC 8735791K->1687107K(14465280K), 0.4236460 secs]
2018-05-25T18:01:12.428+0000: 1252112.048: [GC 8631875K->1701362K(14482432K), 0.4689420 secs]
2018-05-25T18:02:20.758+0000: 1252180.378: [GC 8646130K->1790902K(14448640K), 0.8575670 secs]
2018-05-25T18:03:01.370+0000: 1252220.991: [GC 8707382K->1759115K(14407232K), 0.6982780 secs]
2018-05-25T18:03:21.155+0000: 1252240.776: [GC 8675595K->1723591K(14472320K), 0.4955240 secs]
2018-05-25T18:03:41.998+0000: 1252261.619: [GC 8643463K->1728991K(14467648K), 0.5245960 secs]
2018-05-25T18:04:37.872+0000: 1252317.493: [GC 8648863K->1819381K(14442752K), 0.9543030 secs]
2018-05-25T18:04:58.991+0000: 1252338.612: [GC 8719093K->1741621K(14459904K), 0.4562860 secs]
2018-05-25T18:05:43.585+0000: 1252383.206: [GC 8641333K->1767911K(14472960K), 0.5660470 secs]
2018-05-25T18:05:59.553+0000: 1252399.174: [GC 8685223K->1755512K(14464448K), 0.4952980 secs]
2018-05-25T18:07:17.750+0000: 1252477.371: [GC 8672824K->1810001K(14470720K), 0.7689620 secs]
2018-05-25T18:07:57.125+0000: 1252516.745: [GC 8737489K->1807047K(14473792K), 0.6837420 secs]
2018-05-25T18:08:16.092+0000: 1252535.713: [GC 8734535K->1757747K(14476032K), 0.3436490 secs]
2018-05-25T18:08:56.491+0000: 1252576.111: [GC 8689395K->1793062K(14475712K), 0.6030040 secs]
2018-05-25T18:10:00.824+0000: 1252640.445: [GC 8724710K->1870587K(14448768K), 0.9227470 secs]
2018-05-25T18:10:29.572+0000: 1252669.192: [GC 8782075K->1798523K(14465792K), 0.4825820 secs]
2018-05-25T18:10:48.438+0000: 1252688.059: [GC 8710011K->1807301K(14475456K), 0.4594690 secs]
2018-05-25T18:11:09.210+0000: 1252708.830: [GC 8733125K->1818197K(14470464K), 0.5754700 secs]
2018-05-25T18:11:29.534+0000: 1252729.154: [GC 8744021K->1802000K(14482624K), 0.4394310 secs]
2018-05-25T18:11:48.517+0000: 1252748.138: [GC 8745744K->1816368K(14481216K), 0.4676670 secs]
2018-05-25T18:12:55.278+0000: 1252814.899: [GC 8760112K->1900243K(14458880K), 0.8575090 secs]
2018-05-25T18:13:11.029+0000: 1252830.649: [GC 8825171K->1847581K(14472512K), 0.5241870 secs]
2018-05-25T18:13:28.375+0000: 1252847.996: [GC 8772509K->1850352K(14483840K), 0.5149530 secs]
2018-05-25T18:14:27.518+0000: 1252907.139: [GC 8792688K->1929578K(14467328K), 0.9160010 secs]
2018-05-25T18:15:24.634+0000: 1252964.254: [GC 8871914K->1948845K(14437248K), 0.8285480 secs]
2018-05-25T18:16:12.264+0000: 1253011.885: [GC 8834605K->1886530K(14452928K), 0.5524030 secs]
2018-05-25T18:16:29.793+0000: 1253029.413: [GC 8772290K->1878344K(14461440K), 0.5019810 secs]
2018-05-25T18:16:56.983+0000: 1253056.603: [GC 8778440K->1910819K(14458752K), 0.6048420 secs]
2018-05-25T18:17:13.436+0000: 1253073.057: [GC 8810915K->1894993K(14472448K), 0.4826680 secs]
2018-05-25T18:17:48.483+0000: 1253108.103: [GC 8817041K->1897963K(14469696K), 0.4869340 secs]
2018-05-25T18:18:43.511+0000: 1253163.132: [GC 8820011K->1925861K(14481664K), 0.5567840 secs]
2018-05-25T18:18:59.132+0000: 1253178.753: [GC 8862309K->1927086K(14474880K), 0.5360750 secs]
2018-05-25T18:19:49.998+0000: 1253229.619: [GC 8863534K->1987284K(14470464K), 0.8192070 secs]
2018-05-25T18:20:40.344+0000: 1253279.964: [GC 8924244K->2032376K(14476352K), 0.8373250 secs]
2018-05-25T18:21:47.080+0000: 1253346.701: [GC 8969336K->2005547K(14439360K), 0.7780510 secs]
2018-05-25T18:22:06.986+0000: 1253366.607: [GC 8901163K->1954777K(14457856K), 0.4734410 secs]
2018-05-25T18:22:25.941+0000: 1253385.562: [GC 8850393K->1962012K(14463296K), 0.4655160 secs]
2018-05-25T18:22:44.422+0000: 1253404.043: [GC 8865372K->1982003K(14460160K), 0.4145840 secs]
2018-05-25T18:23:50.984+0000: 1253470.605: [GC 8885363K->2016774K(14471616K), 0.6753390 secs]
2018-05-25T18:24:23.304+0000: 1253502.925: [GC 8937734K->2002880K(14469440K), 0.5656750 secs]
2018-05-25T18:24:41.481+0000: 1253521.102: [GC 8923840K->1991852K(14480704K), 0.5021650 secs]
2018-05-25T18:25:13.205+0000: 1253552.826: [GC 8930412K->2038311K(14477952K), 0.6957690 secs]
2018-05-25T18:26:09.760+0000: 1253609.381: [GC 8976871K->2091002K(14449024K), 0.8897170 secs]
2018-05-25T18:27:36.013+0000: 1253695.634: [GC 9001338K->2092260K(14436416K), 0.9267510 secs]
2018-05-25T18:28:58.893+0000: 1253778.514: [GC 9002596K->2092190K(14442560K), 0.9132650 secs]
2018-05-25T18:29:18.273+0000: 1253797.893: [GC 8968734K->2026971K(14448320K), 0.4618360 secs]
2018-05-25T18:29:34.673+0000: 1253814.294: [GC 8903515K->2041959K(14453440K), 0.5430780 secs]
2018-05-25T18:30:00.432+0000: 1253840.053: [GC 8925031K->2044669K(14449728K), 0.4393150 secs]
2018-05-25T18:30:15.756+0000: 1253855.377: [GC 8927741K->2060866K(14462592K), 0.4794530 secs]
2018-05-25T18:30:52.222+0000: 1253891.843: [GC 8960322K->2085537K(14456960K), 0.5842520 secs]
2018-05-25T18:31:12.118+0000: 1253911.738: [GC 8984993K->2063197K(14473536K), 0.4942750 secs]
2018-05-25T18:31:33.803+0000: 1253933.424: [GC 8987933K->2085102K(14471296K), 0.5699550 secs]
2018-05-25T18:31:52.651+0000: 1253952.272: [GC 9009838K->2078236K(14482752K), 0.4961620 secs]
2018-05-25T18:31:54.856+0000: 1253954.477: [GC 2766181K->2001206K(14284864K), 0.0716800 secs]
2018-05-25T18:31:54.928+0000: 1253954.549: [Full GC 2001206K->1097596K(14284864K), 3.1865950 secs]
2018-05-25T18:32:15.457+0000: 1253975.078: [GC 8030396K->1207885K(14480512K), 0.4955620 secs]
2018-05-25T18:33:05.902+0000: 1254025.523: [GC 8139469K->1280485K(14440320K), 0.8379550 secs]
2018-05-25T18:33:52.260+0000: 1254071.881: [GC 8212069K->1286122K(14454080K), 0.8098220 secs]
2018-05-25T18:34:08.843+0000: 1254088.464: [GC 8188394K->1235534K(14461184K), 0.4838200 secs]
2018-05-25T18:34:33.380+0000: 1254113.001: [GC 8137806K->1255443K(14476544K), 0.5664270 secs]
2018-05-25T18:35:31.585+0000: 1254171.206: [GC 8179603K->1329727K(14449792K), 0.8863580 secs]
2018-05-25T18:35:52.136+0000: 1254191.757: [GC 8253887K->1254103K(14465856K), 0.4240500 secs]
2018-05-25T18:36:08.939+0000: 1254208.559: [GC 8160535K->1257492K(14460672K), 0.4353220 secs]
2018-05-25T18:36:48.740+0000: 1254248.361: [GC 8163924K->1320264K(14461440K), 0.7142660 secs]
2018-05-25T18:37:14.738+0000: 1254274.359: [GC 8232264K->1303781K(14466048K), 0.5835220 secs]
2018-05-25T18:37:30.708+0000: 1254290.329: [GC 8215781K->1292930K(14478272K), 0.5105500 secs]
2018-05-25T18:38:54.537+0000: 1254374.157: [GC 8224322K->1343044K(14473216K), 0.7302140 secs]
2018-05-25T18:39:15.043+0000: 1254394.664: [GC 8274436K->1286287K(14475904K), 0.3817700 secs]
2018-05-25T18:39:42.421+0000: 1254422.042: [GC 8217423K->1305003K(14475328K), 0.4790830 secs]
2018-05-25T18:40:41.463+0000: 1254481.084: [GC 8236139K->1320129K(14485184K), 0.4149680 secs]
2018-05-25T18:41:00.122+0000: 1254499.743: [GC 8264897K->1307936K(14479680K), 0.3492930 secs]
2018-05-25T18:41:18.677+0000: 1254518.298: [GC 8252704K->1327904K(14491584K), 0.4468880 secs]
2018-05-25T18:41:34.541+0000: 1254534.162: [GC 8286112K->1352901K(14486720K), 0.5064060 secs]
2018-05-25T18:42:19.125+0000: 1254578.746: [GC 8311109K->1405007K(14477760K), 0.7295020 secs]
2018-05-25T18:43:02.200+0000: 1254621.821: [GC 8361167K->1407747K(14450496K), 0.6434540 secs]
2018-05-25T18:43:19.401+0000: 1254639.022: [GC 8363907K->1366300K(14486528K), 0.2848150 secs]
2018-05-25T18:43:39.718+0000: 1254659.339: [GC 8314908K->1375450K(14482176K), 0.5419260 secs]
2018-05-25T18:44:34.380+0000: 1254714.001: [GC 8324058K->1456493K(14458368K), 0.7387840 secs]
2018-05-25T18:44:51.624+0000: 1254731.245: [GC 8386541K->1404971K(14475072K), 0.5711560 secs]
2018-05-25T18:45:10.227+0000: 1254749.848: [GC 8335019K->1387961K(14484032K), 0.4100510 secs]
2018-05-25T18:45:46.502+0000: 1254786.122: [GC 8333753K->1465894K(14453120K), 0.8351460 secs]
2018-05-25T18:46:41.913+0000: 1254841.534: [GC 8411686K->1496497K(14442944K), 0.9714260 secs]
2018-05-25T18:47:42.775+0000: 1254902.396: [GC 8393777K->1500913K(14424256K), 0.9233480 secs]
2018-05-25T18:48:39.057+0000: 1254958.678: [GC 8398193K->1507654K(14429760K), 0.9613790 secs]
2018-05-25T18:49:28.383+0000: 1255008.004: [GC 8364742K->1497784K(14438592K), 0.8226810 secs]
2018-05-25T18:49:46.433+0000: 1255026.053: [GC 8354872K->1440680K(14441280K), 0.4733040 secs]
2018-05-25T18:50:03.801+0000: 1255043.421: [GC 8301480K->1441518K(14439616K), 0.3266780 secs]
2018-05-25T18:50:58.593+0000: 1255098.214: [GC 8302318K->1532937K(14430976K), 0.8116370 secs]
2018-05-25T18:51:53.750+0000: 1255153.370: [GC 8386953K->1547614K(14379328K), 0.9230940 secs]
2018-05-25T18:52:52.276+0000: 1255211.896: [GC 8401630K->1553943K(14421952K), 0.9145450 secs]
2018-05-25T18:53:29.929+0000: 1255249.550: [GC 8386455K->1535041K(14426304K), 0.7240370 secs]
2018-05-25T18:53:46.340+0000: 1255265.961: [GC 8367553K->1491033K(14434368K), 0.4924600 secs]
2018-05-25T18:54:15.593+0000: 1255295.213: [GC 8338585K->1525188K(14433280K), 0.6351640 secs]
2018-05-25T18:54:35.981+0000: 1255315.602: [GC 8372740K->1503048K(14443840K), 0.4766540 secs]
2018-05-25T18:54:52.999+0000: 1255332.619: [GC 8368520K->1514301K(14441728K), 0.4801460 secs]
2018-05-25T18:55:37.335+0000: 1255376.956: [GC 8379773K->1573730K(14449920K), 0.7035550 secs]
2018-05-25T18:56:39.834+0000: 1255439.455: [GC 8450914K->1615249K(14405568K), 0.9312020 secs]
2018-05-25T18:57:29.606+0000: 1255489.227: [GC 8492433K->1606598K(14439488K), 0.8282250 secs]
2018-05-25T18:57:46.158+0000: 1255505.779: [GC 8466118K->1550976K(14439808K), 0.4699350 secs]
2018-05-25T18:58:24.074+0000: 1255543.695: [GC 8410496K->1572536K(14448192K), 0.5739160 secs]
2018-05-25T18:58:43.063+0000: 1255562.683: [GC 8443000K->1559956K(14442368K), 0.4234360 secs]
2018-05-25T18:59:01.384+0000: 1255581.004: [GC 8430420K->1565019K(14452864K), 0.4663030 secs]
2018-05-25T19:06:03.213+0000: 1256002.834: [GC 8448027K->1627302K(14450240K), 0.6365280 secs]
2018-05-25T19:11:54.707+0000: 1256354.328: [GC 8510310K->1644631K(14460672K), 0.6739370 secs]
2018-05-25T19:17:41.147+0000: 1256700.768: [GC 8539735K->1666841K(14454528K), 0.6072460 secs]
2018-05-25T19:25:55.506+0000: 1257195.126: [GC 8561945K->1681901K(14475200K), 0.5640590 secs]
2018-05-25T19:31:42.871+0000: 1257542.492: [GC 8604269K->1702684K(14467264K), 0.6319850 secs]
2018-05-25T19:31:58.126+0000: 1257557.746: [GC 2063021K->1598730K(14451968K), 0.0696710 secs]
2018-05-25T19:31:58.196+0000: 1257557.816: [Full GC 1598730K->992794K(14451968K), 3.4115640 secs]
2018-05-25T19:37:17.918+0000: 1257877.539: [GC 7906330K->1122234K(14466816K), 0.5527280 secs]
2018-05-25T19:43:13.511+0000: 1258233.132: [GC 8035770K->1129596K(14481088K), 0.5787650 secs]
2018-05-25T19:49:37.625+0000: 1258617.246: [GC 8063420K->1143600K(14472832K), 0.6007820 secs]
2018-05-25T19:55:24.655+0000: 1258964.275: [GC 8077424K->1163074K(14494976K), 0.5616290 secs]
2018-05-25T20:00:49.539+0000: 1259289.159: [GC 8126594K->1179647K(14488640K), 0.6091130 secs]
2018-05-25T20:06:22.496+0000: 1259622.117: [GC 8143167K->1196112K(14504704K), 0.5772020 secs]
2018-05-25T20:13:43.409+0000: 1260063.030: [GC 8180752K->1211058K(14500032K), 0.6140620 secs]
2018-05-25T20:19:54.056+0000: 1260433.677: [GC 8195698K->1228060K(14514112K), 0.5864730 secs]
2018-05-25T20:26:40.010+0000: 1260839.631: [GC 8231644K->1240848K(14509568K), 0.6112380 secs]
2018-05-25T20:32:01.618+0000: 1261161.239: [GC 6860321K->1236786K(14518528K), 0.4845730 secs]
2018-05-25T20:32:02.103+0000: 1261161.724: [Full GC 1236786K->760267K(14518528K), 2.6455050 secs]
2018-05-25T20:38:59.993+0000: 1261579.614: [GC 7776907K->885809K(14518208K), 0.6199180 secs]
2018-05-25T20:50:59.504+0000: 1262299.124: [GC 7902449K->898449K(14524416K), 0.5423460 secs]
2018-05-25T21:00:51.456+0000: 1262891.076: [GC 7923473K->921886K(14520704K), 0.5414500 secs]
2018-05-25T21:09:07.100+0000: 1263386.720: [GC 7946910K->944116K(14529728K), 0.6195380 secs]
2018-05-25T21:21:10.127+0000: 1264109.748: [GC 7980788K->963679K(14527040K), 0.5484720 secs]
2018-05-25T21:32:04.760+0000: 1264764.381: [GC 7513684K->973210K(14531840K), 0.5455950 secs]
2018-05-25T21:32:05.306+0000: 1264764.927: [Full GC 973210K->683563K(14531840K), 2.5676640 secs]
2018-05-25T21:48:48.602+0000: 1265768.223: [GC 7726123K->800635K(14530816K), 0.5838960 secs]
2018-05-25T22:03:44.422+0000: 1266664.043: [GC 7843195K->824024K(14535808K), 0.6425380 secs]
2018-05-25T22:17:33.851+0000: 1267493.472: [GC 7873688K->836575K(14533952K), 0.6079770 secs]
2018-05-25T22:32:07.884+0000: 1268367.504: [GC 6868354K->834759K(14534400K), 0.4939400 secs]
2018-05-25T22:32:08.378+0000: 1268367.999: [Full GC 834759K->543126K(14534400K), 2.2833320 secs]
2018-05-25T22:51:42.723+0000: 1269542.344: [GC 7594774K->661107K(14535872K), 0.5632590 secs]
2018-05-25T23:07:49.961+0000: 1270509.582: [GC 7712755K->682855K(14540032K), 0.5629270 secs]
2018-05-25T23:25:23.540+0000: 1271563.160: [GC 7741031K->699491K(14538240K), 0.4985590 secs]
2018-05-25T23:32:10.672+0000: 1271970.293: [GC 2803816K->644814K(14517888K), 0.1786850 secs]
2018-05-25T23:32:10.851+0000: 1271970.472: [Full GC 644814K->478310K(14517888K), 2.2331310 secs]
2018-05-26T00:04:30.955+0000: 1273910.576: [GC 7517286K->596702K(14529536K), 0.5343120 secs]
2018-05-26T00:32:13.095+0000: 1275572.716: [GC 5486165K->583251K(14526080K), 0.3965470 secs]
2018-05-26T00:32:13.492+0000: 1275573.112: [Full GC 583251K->475604K(14526080K), 1.9702910 secs]
2018-05-26T01:25:23.770+0000: 1278763.391: [GC 7511508K->586305K(14528000K), 0.4992380 secs]
2018-05-26T01:32:15.471+0000: 1279175.092: [GC 1339076K->524628K(14508672K), 0.1043000 secs]
2018-05-26T01:32:15.576+0000: 1279175.197: [Full GC 524628K->404548K(14508672K), 1.7510840 secs]
2018-05-26T02:22:49.751+0000: 1282209.371: [GC 7423812K->506022K(14519680K), 0.5260550 secs]
2018-05-26T02:32:17.337+0000: 1282776.958: [GC 2498924K->464505K(14514368K), 0.1641170 secs]
2018-05-26T02:32:17.501+0000: 1282777.122: [Full GC 464505K->377193K(14514368K), 1.8305090 secs]
2018-05-26T03:05:42.268+0000: 1284781.889: [GC 7395817K->483169K(14519360K), 0.4967860 secs]
2018-05-26T03:26:45.844+0000: 1286045.465: [GC 7501793K->504540K(14524352K), 0.4865960 secs]
2018-05-26T03:32:19.344+0000: 1286378.965: [GC 2521245K->458927K(14397824K), 0.1576340 secs]
2018-05-26T03:32:19.502+0000: 1286379.123: [Full GC 458927K->383050K(14397824K), 1.6793000 secs]
2018-05-26T03:49:34.140+0000: 1287413.761: [GC 7408138K->491434K(14519232K), 0.4774050 secs]
2018-05-26T04:07:30.336+0000: 1288489.957: [GC 7510826K->528472K(14484736K), 0.5322780 secs]
2018-05-26T04:24:32.581+0000: 1289512.202: [GC 7547864K->555098K(14513600K), 0.5590620 secs]
2018-05-26T04:32:21.192+0000: 1289980.813: [GC 4202079K->531162K(14513536K), 0.2876120 secs]
2018-05-26T04:32:21.480+0000: 1289981.100: [Full GC 531162K->440496K(14513536K), 2.0212270 secs]
2018-05-26T04:47:43.092+0000: 1290902.712: [GC 7447536K->548409K(14516480K), 0.5161690 secs]
2018-05-26T05:02:39.841+0000: 1291799.461: [GC 7559929K->566856K(14515136K), 0.5260990 secs]
2018-05-26T05:15:13.026+0000: 1292552.647: [GC 7578376K->585619K(14519232K), 0.4701880 secs]
2018-05-26T05:26:02.306+0000: 1293201.927: [GC 7602323K->607627K(14517568K), 0.5570610 secs]
2018-05-26T05:32:23.511+0000: 1293583.131: [GC 5398120K->590870K(14522368K), 0.3752960 secs]
2018-05-26T05:32:23.886+0000: 1293583.507: [Full GC 590870K->482810K(14522368K), 2.1275210 secs]
2018-05-26T05:41:57.234+0000: 1294156.855: [GC 7504698K->594555K(14519616K), 0.5366190 secs]
2018-05-26T05:50:42.567+0000: 1294682.188: [GC 7616443K->614622K(14520192K), 0.4934210 secs]
2018-05-26T06:00:46.720+0000: 1295286.340: [GC 7637342K->632501K(14480064K), 0.5046290 secs]
2018-05-26T06:11:46.166+0000: 1295945.787: [GC 7655221K->656263K(14517376K), 0.5577180 secs]
2018-05-26T06:21:12.413+0000: 1296512.033: [GC 7674247K->685457K(14483648K), 0.5930700 secs]
2018-05-26T06:30:36.524+0000: 1297076.145: [GC 7703441K->704259K(14517184K), 0.4832090 secs]
2018-05-26T06:32:26.024+0000: 1297185.645: [GC 2282568K->638022K(14380992K), 0.1581510 secs]
2018-05-26T06:32:26.183+0000: 1297185.803: [Full GC 638022K->499131K(14380992K), 2.2677960 secs]
2018-05-26T06:41:14.380+0000: 1297714.001: [GC 7512763K->613099K(14510848K), 0.5670600 secs]
2018-05-26T06:49:30.602+0000: 1298210.222: [GC 7613099K->631403K(14509248K), 0.5607630 secs]
2018-05-26T07:01:02.428+0000: 1298902.048: [GC 7631403K->649623K(14511872K), 0.5962000 secs]
2018-05-26T07:10:42.339+0000: 1299481.960: [GC 7652439K->674189K(14511040K), 0.5169820 secs]
2018-05-26T07:18:51.696+0000: 1299971.317: [GC 7677005K->698200K(14511232K), 0.5757420 secs]
2018-05-26T07:26:19.798+0000: 1300419.418: [GC 7701208K->723739K(14511552K), 0.5076780 secs]
2018-05-26T07:32:28.463+0000: 1300788.084: [GC 6448326K->726120K(14516352K), 0.4712520 secs]
2018-05-26T07:32:28.935+0000: 1300788.555: [Full GC 726120K->621104K(14516352K), 2.3164230 secs]
2018-05-26T07:40:20.225+0000: 1301259.846: [GC 7629040K->749665K(14511680K), 0.5708730 secs]
2018-05-26T07:48:53.352+0000: 1301772.972: [GC 7757601K->772787K(14515392K), 0.5911570 secs]
2018-05-26T07:57:32.717+0000: 1302292.337: [GC 7782451K->798687K(14514368K), 0.6018900 secs]
2018-05-26T08:01:20.451+0000: 1302520.072: [GC 7808351K->805149K(14519232K), 0.5240190 secs]
2018-05-26T08:01:43.325+0000: 1302542.946: [GC 7819741K->814104K(14515456K), 0.4885800 secs]
2018-05-26T08:02:09.318+0000: 1302568.938: [GC 7828696K->828941K(14525696K), 0.4543720 secs]
2018-05-26T08:02:34.486+0000: 1302594.107: [GC 7856141K->838931K(14521600K), 0.4674980 secs]
2018-05-26T08:02:56.476+0000: 1302616.097: [GC 7866131K->844390K(14530880K), 0.4670470 secs]
2018-05-26T08:03:21.142+0000: 1302640.763: [GC 7883686K->843509K(14528512K), 0.4322050 secs]
2018-05-26T08:03:48.714+0000: 1302668.335: [GC 7882805K->857325K(14535616K), 0.4815620 secs]
2018-05-26T08:04:12.824+0000: 1302692.445: [GC 7905133K->859886K(14532288K), 0.4817210 secs]
2018-05-26T08:04:34.890+0000: 1302714.510: [GC 7907694K->873147K(14541120K), 0.5179390 secs]
2018-05-26T08:04:56.057+0000: 1302735.677: [GC 7932347K->874399K(14538176K), 0.4770400 secs]
2018-05-26T08:05:19.821+0000: 1302759.442: [GC 7933599K->876430K(14546176K), 0.4533150 secs]
2018-05-26T08:05:42.910+0000: 1302782.531: [GC 7946510K->880145K(14544000K), 0.4343790 secs]
2018-05-26T08:06:06.369+0000: 1302805.989: [GC 7950225K->883675K(14549376K), 0.2812800 secs]
2018-05-26T08:06:30.026+0000: 1302829.647: [GC 7960923K->887331K(14547968K), 0.3953250 secs]
2018-05-26T08:06:55.752+0000: 1302855.372: [GC 7964579K->883820K(14549760K), 0.3497160 secs]
2018-05-26T08:08:22.365+0000: 1302941.986: [GC 7963884K->978368K(14550080K), 0.8489640 secs]
2018-05-26T08:10:03.669+0000: 1303043.290: [GC 8058432K->1039474K(14446272K), 0.8289100 secs]
2018-05-26T08:11:19.605+0000: 1303119.225: [GC 8015730K->1105933K(14496384K), 0.9360990 secs]
2018-05-26T08:12:32.879+0000: 1303192.500: [GC 8082189K->1105741K(14444032K), 0.8179250 secs]
2018-05-26T08:13:35.802+0000: 1303255.422: [GC 8026061K->1102470K(14420608K), 0.8083740 secs]
2018-05-26T08:14:42.533+0000: 1303322.154: [GC 8022790K->1125089K(14450880K), 0.8594750 secs]
2018-05-26T08:15:54.526+0000: 1303394.147: [GC 8022369K->1119556K(14398080K), 0.6367000 secs]
2018-05-26T08:17:42.551+0000: 1303502.172: [GC 8016836K->1130760K(14457792K), 0.6437540 secs]
2018-05-26T08:18:15.922+0000: 1303535.543: [GC 8026376K->1112102K(14457856K), 0.5348460 secs]
2018-05-26T08:18:33.682+0000: 1303553.303: [GC 8007718K->1101941K(14460672K), 0.3863710 secs]
2018-05-26T08:18:51.189+0000: 1303570.810: [GC 8004085K->1131084K(14461120K), 0.4870640 secs]
2018-05-26T08:19:29.200+0000: 1303608.820: [GC 8033228K->1158972K(14472320K), 0.5766520 secs]
2018-05-26T08:20:21.013+0000: 1303660.634: [GC 8076348K->1198479K(14465152K), 0.5906220 secs]
2018-05-26T08:20:55.006+0000: 1303694.627: [GC 8115855K->1215863K(14476416K), 0.5866550 secs]
2018-05-26T08:21:36.804+0000: 1303736.424: [GC 8145975K->1224996K(14473792K), 0.5684440 secs]
2018-05-26T08:22:04.104+0000: 1303763.725: [GC 8155108K->1253322K(14481856K), 0.6025040 secs]
2018-05-26T08:22:34.762+0000: 1303794.382: [GC 8196170K->1271678K(14481088K), 0.6883310 secs]
2018-05-26T08:23:22.707+0000: 1303842.327: [GC 8214526K->1289041K(14484480K), 0.6856470 secs]
2018-05-26T08:23:49.206+0000: 1303868.827: [GC 8235985K->1298514K(14482560K), 0.6349790 secs]
2018-05-26T08:24:08.903+0000: 1303888.523: [GC 8245458K->1278214K(14489472K), 0.5127590 secs]
2018-05-26T08:24:26.439+0000: 1303906.059: [GC 8237830K->1299885K(14489856K), 0.5654720 secs]
2018-05-26T08:24:41.458+0000: 1303921.078: [GC 8259501K->1323116K(14498048K), 0.6434750 secs]
2018-05-26T08:25:05.373+0000: 1303944.994: [GC 8293996K->1332300K(14492928K), 0.5822410 secs]
2018-05-26T08:26:06.964+0000: 1304006.585: [GC 8303180K->1366514K(14496960K), 0.6798230 secs]
2018-05-26T08:26:49.017+0000: 1304048.637: [GC 8345586K->1388713K(14478080K), 0.7127960 secs]
2018-05-26T08:27:11.743+0000: 1304071.363: [GC 8367785K->1358684K(14496832K), 0.5490400 secs]
2018-05-26T08:27:29.631+0000: 1304089.252: [GC 8330588K->1357843K(14495168K), 0.5094730 secs]
2018-05-26T08:27:48.134+0000: 1304107.754: [GC 8329747K->1367740K(14498304K), 0.4696370 secs]
2018-05-26T08:28:07.100+0000: 1304126.720: [GC 8342972K->1370856K(14497024K), 0.4700830 secs]
2018-05-26T08:28:24.834+0000: 1304144.455: [GC 8346088K->1384688K(14500224K), 0.4956340 secs]
2018-05-26T08:28:41.993+0000: 1304161.614: [GC 8363312K->1391878K(14498496K), 0.4831090 secs]
2018-05-26T08:29:00.513+0000: 1304180.133: [GC 8370502K->1401067K(14505024K), 0.4984880 secs]
2018-05-26T08:29:18.427+0000: 1304198.048: [GC 8388587K->1406079K(14502592K), 0.4899260 secs]
2018-05-26T08:29:45.331+0000: 1304224.952: [GC 8393599K->1439653K(14508544K), 0.6319080 secs]
2018-05-26T08:30:17.211+0000: 1304256.832: [GC 8435429K->1461883K(14480960K), 0.5919630 secs]
2018-05-26T08:30:33.796+0000: 1304273.416: [GC 8457659K->1435984K(14506944K), 0.4500400 secs]
2018-05-26T08:30:50.563+0000: 1304290.183: [GC 8427472K->1432357K(14504640K), 0.4189890 secs]
2018-05-26T08:31:22.704+0000: 1304322.325: [GC 8423845K->1483571K(14501120K), 0.7225700 secs]
2018-05-26T08:32:04.268+0000: 1304363.888: [GC 8472371K->1499196K(14479104K), 0.7591150 secs]
2018-05-26T08:32:31.262+0000: 1304390.882: [GC 5038720K->1449818K(14498944K), 0.4500790 secs]
2018-05-26T08:32:31.712+0000: 1304391.333: [Full GC 1449818K->815269K(14498944K), 2.9163480 secs]
2018-05-26T08:33:13.525+0000: 1304433.146: [GC 7793317K->982540K(14485376K), 0.7082910 secs]
2018-05-26T08:34:02.659+0000: 1304482.279: [GC 7960588K->992194K(14473984K), 0.7413660 secs]
2018-05-26T08:34:24.838+0000: 1304504.459: [GC 7934018K->960854K(14480960K), 0.5351790 secs]
2018-05-26T08:34:43.560+0000: 1304523.181: [GC 7902678K->956151K(14489152K), 0.4848140 secs]
2018-05-26T08:35:01.860+0000: 1304541.481: [GC 7911543K->958266K(14486336K), 0.4287230 secs]
2018-05-26T08:35:37.710+0000: 1304577.331: [GC 7913658K->1006505K(14490816K), 0.6150670 secs]
2018-05-26T08:36:19.583+0000: 1304619.204: [GC 7968425K->1014707K(14491008K), 0.6350520 secs]
2018-05-26T08:36:54.419+0000: 1304654.040: [GC 7976627K->1035894K(14484224K), 0.7005050 secs]
2018-05-26T08:37:28.221+0000: 1304687.842: [GC 7991542K->1041077K(14487872K), 0.7211240 secs]
2018-05-26T08:37:49.091+0000: 1304708.711: [GC 7996725K->1013384K(14490176K), 0.5027460 secs]
2018-05-26T08:38:09.828+0000: 1304729.448: [GC 7971528K->1012814K(14488064K), 0.4495980 secs]
2018-05-26T08:38:30.147+0000: 1304749.768: [GC 7970958K->1035759K(14495360K), 0.5614850 secs]
2018-05-26T08:39:23.652+0000: 1304803.272: [GC 8001967K->1093081K(14472000K), 0.7539900 secs]
2018-05-26T08:40:06.445+0000: 1304846.066: [GC 8059289K->1100531K(14473984K), 0.6844100 secs]
2018-05-26T08:40:42.815+0000: 1304882.435: [GC 8040563K->1106318K(14438272K), 0.6794830 secs]
2018-05-26T08:41:26.272+0000: 1304925.893: [GC 8046350K->1120282K(14469248K), 0.7666130 secs]
2018-05-26T08:42:11.723+0000: 1304971.343: [GC 8046618K->1133125K(14430784K), 0.7888130 secs]
2018-05-26T08:42:29.804+0000: 1304989.425: [GC 8059461K->1089050K(14471744K), 0.4840100 secs]
2018-05-26T08:42:46.535+0000: 1305006.156: [GC 8010906K->1093799K(14470208K), 0.4381070 secs]
2018-05-26T08:43:10.064+0000: 1305029.685: [GC 8015655K->1111092K(14477184K), 0.4908500 secs]
2018-05-26T08:43:26.061+0000: 1305045.682: [GC 8041396K->1116604K(14473216K), 0.4335030 secs]
2018-05-26T08:43:42.907+0000: 1305062.528: [GC 8046908K->1121803K(14482496K), 0.4695190 secs]
2018-05-26T08:44:15.165+0000: 1305094.785: [GC 8064267K->1174170K(14480064K), 0.6755900 secs]
2018-05-26T08:45:05.182+0000: 1305144.803: [GC 8116634K->1193235K(14473664K), 0.7511100 secs]
2018-05-26T08:45:54.886+0000: 1305194.507: [GC 8128531K->1204751K(14436480K), 0.7279700 secs]
2018-05-26T08:46:27.571+0000: 1305227.192: [GC 8140047K->1182369K(14480064K), 0.5452890 secs]
2018-05-26T08:46:44.089+0000: 1305243.710: [GC 8116193K->1159715K(14473856K), 0.4750370 secs]
2018-05-26T08:47:01.481+0000: 1305261.101: [GC 8093539K->1171700K(14482624K), 0.4903240 secs]
2018-05-26T08:47:21.828+0000: 1305281.449: [GC 8114484K->1173384K(14480256K), 0.4565180 secs]
2018-05-26T08:47:37.996+0000: 1305297.617: [GC 8116168K->1184571K(14488064K), 0.4822590 secs]
2018-05-26T08:48:02.879+0000: 1305322.499: [GC 8137275K->1202956K(14484736K), 0.5561910 secs]
2018-05-26T08:48:46.421+0000: 1305366.042: [GC 8155660K->1255441K(14478336K), 0.8096560 secs]
2018-05-26T08:49:38.741+0000: 1305418.362: [GC 8207377K->1268382K(14455488K), 0.7630910 secs]
2018-05-26T08:50:17.631+0000: 1305457.251: [GC 8220318K->1270983K(14474112K), 0.6131600 secs]
2018-05-26T08:50:33.259+0000: 1305472.880: [GC 8203847K->1233004K(14476480K), 0.4681420 secs]
2018-05-26T08:50:54.428+0000: 1305494.049: [GC 8165868K->1242433K(14481920K), 0.4690380 secs]
2018-05-26T08:51:10.676+0000: 1305510.297: [GC 8182849K->1249444K(14478592K), 0.4368450 secs]
2018-05-26T08:51:26.588+0000: 1305526.208: [GC 8189860K->1262107K(14488960K), 0.5190540 secs]
2018-05-26T08:51:43.570+0000: 1305543.191: [GC 8215963K->1267270K(14484992K), 0.4751450 secs]
2018-05-26T08:52:02.867+0000: 1305562.488: [GC 8221126K->1286872K(14498432K), 0.5474280 secs]
2018-05-26T08:52:50.376+0000: 1305609.997: [GC 8257880K->1339017K(14469888K), 0.8019110 secs]
2018-05-26T08:53:29.834+0000: 1305649.455: [GC 8310025K->1350147K(14479488K), 0.7893320 secs]
2018-05-26T08:54:07.482+0000: 1305687.103: [GC 8299779K->1362748K(14451584K), 0.7845640 secs]
2018-05-26T08:54:28.948+0000: 1305708.569: [GC 8312380K->1335778K(14484992K), 0.5502390 secs]
2018-05-26T08:54:45.407+0000: 1305725.028: [GC 8279458K->1340340K(14478784K), 0.5301390 secs]
2018-05-26T08:55:02.159+0000: 1305741.780: [GC 8284020K->1341865K(14491456K), 0.4460760 secs]
2018-05-26T08:55:17.849+0000: 1305757.470: [GC 8302249K->1353970K(14489024K), 0.4683450 secs]
2018-05-26T08:55:33.703+0000: 1305773.324: [GC 8314354K->1367656K(14498496K), 0.3608760 secs]
2018-05-26T08:55:50.029+0000: 1305789.649: [GC 8340712K->1365887K(14494656K), 0.4707260 secs]
2018-05-26T08:56:08.143+0000: 1305807.764: [GC 8338943K->1380294K(14504704K), 0.4419670 secs]
2018-05-26T08:56:25.348+0000: 1305824.969: [GC 8365830K->1386776K(14500928K), 0.4637530 secs]
2018-05-26T08:56:45.234+0000: 1305844.854: [GC 8372312K->1388050K(14509120K), 0.4372320 secs]
2018-05-26T08:57:25.714+0000: 1305885.335: [GC 8384466K->1445289K(14482368K), 0.6824210 secs]
2018-05-26T08:58:06.882+0000: 1305926.502: [GC 8441705K->1466309K(14488128K), 0.7841850 secs]
2018-05-26T08:58:51.685+0000: 1305971.306: [GC 8437957K->1464088K(14456000K), 0.7274810 secs]
2018-05-26T08:59:18.269+0000: 1305997.890: [GC 8435736K->1446818K(14498816K), 0.5178490 secs]
2018-05-26T08:59:35.952+0000: 1306015.573: [GC 8419618K->1442338K(14494080K), 0.4813720 secs]
2018-05-26T08:59:54.558+0000: 1306034.179: [GC 8415138K->1455173K(14504832K), 0.4945600 secs]
2018-05-26T09:00:27.277+0000: 1306066.898: [GC 8440965K->1510491K(14480896K), 0.7244230 secs]
2018-05-26T09:01:13.370+0000: 1306112.991: [GC 8496283K->1534319K(14475264K), 0.8208660 secs]
2018-05-26T09:01:39.513+0000: 1306139.134: [GC 8487151K->1488110K(14486464K), 0.5484410 secs]
2018-05-26T09:01:56.151+0000: 1306155.772: [GC 8440942K->1481302K(14491648K), 0.4656030 secs]
2018-05-26T09:02:12.131+0000: 1306171.752: [GC 8443286K->1497595K(14490432K), 0.5170880 secs]
2018-05-26T09:03:14.187+0000: 1306233.807: [GC 8459579K->1552880K(14482432K), 0.7435340 secs]
2018-05-26T09:03:51.165+0000: 1306270.786: [GC 8510448K->1558151K(14447744K), 0.7127920 secs]
2018-05-26T09:04:38.317+0000: 1306317.938: [GC 8515719K->1583692K(14470848K), 0.8188140 secs]
2018-05-26T09:05:20.935+0000: 1306360.555: [GC 8521036K->1577955K(14430720K), 0.7428590 secs]
2018-05-26T09:06:22.143+0000: 1306421.764: [GC 8515299K->1549982K(14480960K), 0.5118120 secs]
2018-05-26T09:06:41.789+0000: 1306441.409: [GC 8488798K->1529585K(14477952K), 0.3735640 secs]
2018-05-26T09:07:05.693+0000: 1306465.314: [GC 8468401K->1539131K(14478464K), 0.3902380 secs]
2018-05-26T09:07:24.550+0000: 1306484.171: [GC 8475963K->1542322K(14478464K), 0.3604440 secs]
2018-05-26T09:07:51.504+0000: 1306511.125: [GC 8479154K->1552244K(14481024K), 0.3970040 secs]
2018-05-26T09:09:09.440+0000: 1306589.061: [GC 8492084K->1607921K(14478912K), 0.6486430 secs]
2018-05-26T09:10:02.664+0000: 1306642.285: [GC 8547761K->1653429K(14463168K), 0.7665020 secs]
2018-05-26T09:10:49.507+0000: 1306689.127: [GC 8579893K->1656950K(14423936K), 0.7538800 secs]
2018-05-26T09:11:46.668+0000: 1306746.288: [GC 8583414K->1661352K(14464640K), 0.6748230 secs]
2018-05-26T09:12:36.543+0000: 1306796.163: [GC 8574376K->1670108K(14407040K), 0.6668330 secs]
2018-05-26T09:12:57.254+0000: 1306816.875: [GC 8583132K->1622010K(14467456K), 0.3969440 secs]
2018-05-26T09:13:14.137+0000: 1306833.758: [GC 8534778K->1637622K(14465408K), 0.4444850 secs]
2018-05-26T09:13:36.870+0000: 1306856.490: [GC 8550390K->1648741K(14476480K), 0.4423140 secs]
2018-05-26T09:13:54.462+0000: 1306874.082: [GC 8576421K->1649297K(14471296K), 0.3974110 secs]
2018-05-26T09:14:11.592+0000: 1306891.213: [GC 8576977K->1662303K(14485824K), 0.4435800 secs]
2018-05-26T09:14:30.177+0000: 1306909.798: [GC 8608671K->1679646K(14480640K), 0.4498200 secs]
2018-05-26T09:14:41.743+0000: 1306921.364: [GC 8626014K->1683783K(14496256K), 0.2509480 secs]
2018-05-26T09:14:53.851+0000: 1306933.471: [GC 8652039K->1690535K(14492096K), 0.3503180 secs]
2018-05-26T09:15:06.455+0000: 1306946.076: [GC 8658791K->1696809K(14503232K), 0.3931900 secs]
2018-05-26T09:15:27.004+0000: 1306966.625: [GC 8679785K->1716610K(14499840K), 0.4553980 secs]
2018-05-26T09:15:45.445+0000: 1306985.065: [GC 8699586K->1731648K(14514304K), 0.4603640 secs]
2018-05-26T09:16:07.652+0000: 1307007.273: [GC 8734400K->1751532K(14508544K), 0.5219850 secs]
2018-05-26T09:16:27.096+0000: 1307026.717: [GC 8754284K->1740047K(14518144K), 0.4864790 secs]
2018-05-26T09:16:48.247+0000: 1307047.868: [GC 8752975K->1751634K(14514880K), 0.4609410 secs]
2018-05-26T09:17:11.548+0000: 1307071.169: [GC 8764562K->1754533K(14525120K), 0.4678760 secs]
2018-05-26T09:17:37.662+0000: 1307097.283: [GC 8781733K->1763016K(14522176K), 0.4655370 secs]
2018-05-26T09:17:58.853+0000: 1307118.473: [GC 8790216K->1781888K(14531200K), 0.5102930 secs]
2018-05-26T09:18:20.064+0000: 1307139.684: [GC 8821632K->1782242K(14528640K), 0.5206000 secs]
2018-05-26T09:18:41.056+0000: 1307160.676: [GC 8821986K->1791670K(14537856K), 0.5149840 secs]
2018-05-26T09:19:05.292+0000: 1307184.913: [GC 8843766K->1803850K(14534336K), 0.5414010 secs]
2018-05-26T09:19:27.440+0000: 1307207.061: [GC 8855946K->1800567K(14541568K), 0.4850960 secs]
2018-05-26T09:19:51.857+0000: 1307231.478: [GC 8861367K->1804691K(14539328K), 0.4631120 secs]
2018-05-26T09:20:17.533+0000: 1307257.153: [GC 8865491K->1814804K(14545792K), 0.4306790 secs]
2018-05-26T09:20:39.243+0000: 1307278.863: [GC 8883924K->1839033K(14531904K), 0.5055290 secs]
2018-05-26T09:21:00.277+0000: 1307299.898: [GC 8908153K->1853615K(14534016K), 0.5992150 secs]
2018-05-26T09:21:15.358+0000: 1307314.979: [GC 8910383K->1824991K(14538432K), 0.4020320 secs]
2018-05-26T09:21:27.877+0000: 1307327.498: [GC 8881759K->1834092K(14539264K), 0.3877060 secs]
2018-05-26T09:21:40.212+0000: 1307339.832: [GC 8891820K->1843597K(14538560K), 0.4535790 secs]
2018-05-26T09:21:56.767+0000: 1307356.388: [GC 8901325K->1848060K(14542272K), 0.4275050 secs]
2018-05-26T09:22:17.547+0000: 1307377.167: [GC 8911036K->1847797K(14540800K), 0.3998790 secs]
2018-05-26T09:22:40.210+0000: 1307399.831: [GC 8910773K->1879321K(14542720K), 0.5124380 secs]
2018-05-26T09:23:01.899+0000: 1307421.519: [GC 8944281K->1884422K(14542336K), 0.5260720 secs]
2018-05-26T09:23:23.209+0000: 1307442.830: [GC 8949382K->1895154K(14541632K), 0.5801550 secs]
2018-05-26T09:23:43.244+0000: 1307462.865: [GC 8960242K->1888634K(14542592K), 0.4756240 secs]
2018-05-26T09:24:05.355+0000: 1307484.975: [GC 8953722K->1903249K(14545920K), 0.4951540 secs]
2018-05-26T09:24:28.614+0000: 1307508.235: [GC 8973969K->1908985K(14544896K), 0.5214680 secs]
2018-05-26T09:24:51.358+0000: 1307530.979: [GC 8979705K->1915280K(14549760K), 0.5138590 secs]
2018-05-26T09:25:14.730+0000: 1307554.351: [GC 8992848K->1918455K(14547904K), 0.4596610 secs]
2018-05-26T09:25:39.833+0000: 1307579.454: [GC 8996023K->1911421K(14550656K), 0.3839170 secs]
2018-05-26T09:26:06.035+0000: 1307605.655: [GC 8993917K->1917045K(14551296K), 0.4336560 secs]
2018-05-26T09:26:28.820+0000: 1307628.441: [GC 8999541K->1934666K(14553472K), 0.4794950 secs]
2018-05-26T09:26:52.203+0000: 1307651.824: [GC 9019466K->1948207K(14551424K), 0.5251270 secs]
2018-05-26T09:27:12.802+0000: 1307672.422: [GC 9033007K->1964374K(14543232K), 0.5428690 secs]
2018-05-26T09:27:38.164+0000: 1307697.785: [GC 9040214K->1972957K(14538880K), 0.5371980 secs]
2018-05-26T09:27:57.779+0000: 1307717.400: [GC 9048797K->1968308K(14546688K), 0.4743220 secs]
2018-05-26T09:28:15.656+0000: 1307735.277: [GC 9039412K->1979456K(14544512K), 0.4854380 secs]
2018-05-26T09:28:35.248+0000: 1307754.869: [GC 9050560K->1994963K(14550016K), 0.4997280 secs]
2018-05-26T09:28:54.175+0000: 1307773.795: [GC 9073875K->1982756K(14548992K), 0.4160910 secs]
2018-05-26T09:29:25.476+0000: 1307805.097: [GC 9061668K->2021646K(14539968K), 0.6320240 secs]
2018-05-26T09:30:18.556+0000: 1307858.176: [GC 9091086K->2096134K(14544768K), 0.8619330 secs]
2018-05-26T09:31:15.514+0000: 1307915.135: [GC 9165462K->2173457K(14421760K), 0.9202680 secs]
2018-05-26T09:32:16.276+0000: 1307975.896: [GC 9119889K->2235947K(14470720K), 0.9235420 secs]
2018-05-26T09:32:34.638+0000: 1307994.259: [GC 5238926K->2122871K(14458048K), 0.2766380 secs]
2018-05-26T09:32:34.915+0000: 1307994.536: [Full GC 2122871K->996988K(14458048K), 4.3117040 secs]
2018-05-26T09:32:55.353+0000: 1308014.974: [GC 7905660K->1103502K(14464384K), 0.4501750 secs]
2018-05-26T09:33:12.211+0000: 1308031.831: [GC 8012174K->1109883K(14474624K), 0.4907580 secs]
2018-05-26T09:34:05.974+0000: 1308085.595: [GC 8034555K->1198832K(14447744K), 0.9201680 secs]
2018-05-26T09:34:23.933+0000: 1308103.554: [GC 8123504K->1123600K(14464448K), 0.4575650 secs]
2018-05-26T09:34:40.698+0000: 1308120.319: [GC 8028176K->1136098K(14460224K), 0.4748840 secs]
2018-05-26T09:35:03.720+0000: 1308143.341: [GC 8040674K->1155803K(14477888K), 0.4951040 secs]
2018-05-26T09:35:22.932+0000: 1308162.553: [GC 8083355K->1149822K(14469760K), 0.4160130 secs]
2018-05-26T09:35:45.101+0000: 1308184.721: [GC 8077374K->1168072K(14488768K), 0.4830070 secs]
2018-05-26T09:36:01.849+0000: 1308201.470: [GC 8118984K->1159288K(14482240K), 0.4202510 secs]
2018-05-26T09:36:19.490+0000: 1308219.110: [GC 8110200K->1173542K(14497280K), 0.4541760 secs]
2018-05-26T09:37:37.572+0000: 1308297.193: [GC 8143014K->1229785K(14464576K), 0.7183780 secs]
2018-05-26T09:38:32.013+0000: 1308351.634: [GC 8199257K->1260671K(14462336K), 0.8891990 secs]
2018-05-26T09:39:19.413+0000: 1308399.034: [GC 8192383K->1254766K(14433536K), 0.7766240 secs]
2018-05-26T09:40:09.598+0000: 1308449.219: [GC 8186478K->1263123K(14460800K), 0.6673920 secs]
2018-05-26T09:41:07.131+0000: 1308506.752: [GC 8174099K->1279213K(14418624K), 0.7424580 secs]
2018-05-26T09:42:06.032+0000: 1308565.652: [GC 8190189K->1305852K(14440448K), 0.9174700 secs]
2018-05-26T09:42:29.153+0000: 1308588.774: [GC 8186876K->1239814K(14450560K), 0.5217880 secs]
2018-05-26T09:42:47.949+0000: 1308607.570: [GC 8120838K->1236179K(14457152K), 0.5021730 secs]
2018-05-26T09:43:39.061+0000: 1308658.682: [GC 8127891K->1287147K(14454656K), 0.6904510 secs]
2018-05-26T09:44:44.993+0000: 1308724.613: [GC 8178859K->1333587K(14442112K), 0.9189580 secs]
2018-05-26T09:45:44.467+0000: 1308784.088: [GC 8217555K->1344709K(14411072K), 0.8174840 secs]
2018-05-26T09:46:25.190+0000: 1308824.811: [GC 8228677K->1316194K(14451584K), 0.7041660 secs]
2018-05-26T09:46:42.194+0000: 1308841.815: [GC 8191202K->1281476K(14443520K), 0.4935800 secs]
2018-05-26T09:47:08.544+0000: 1308868.165: [GC 8156484K->1305394K(14457856K), 0.5850480 secs]
2018-05-26T09:47:26.227+0000: 1308885.848: [GC 8195890K->1291828K(14452736K), 0.4693430 secs]
2018-05-26T09:47:43.474+0000: 1308903.095: [GC 8182324K->1299212K(14462464K), 0.4884840 secs]
2018-05-26T09:48:05.323+0000: 1308924.944: [GC 8201100K->1319464K(14459520K), 0.5143110 secs]
2018-05-26T09:48:22.705+0000: 1308942.325: [GC 8221352K->1303837K(14470016K), 0.4281860 secs]
2018-05-26T09:48:45.501+0000: 1308965.122: [GC 8222173K->1331890K(14468416K), 0.5743310 secs]
2018-05-26T09:49:44.410+0000: 1309024.030: [GC 8250226K->1408884K(14448576K), 0.8921350 secs]
2018-05-26T09:50:36.175+0000: 1309075.796: [GC 8313588K->1420936K(14429440K), 0.8160750 secs]
2018-05-26T09:51:31.228+0000: 1309130.848: [GC 8325640K->1428087K(14438400K), 0.7909970 secs]
2018-05-26T09:52:26.898+0000: 1309186.519: [GC 8297591K->1438075K(14386624K), 0.8376440 secs]
2018-05-26T09:53:24.222+0000: 1309243.843: [GC 8307579K->1447058K(14435328K), 0.8620310 secs]
2018-05-26T09:53:52.387+0000: 1309272.007: [GC 8303122K->1387924K(14438080K), 0.4938850 secs]
2018-05-26T09:54:09.993+0000: 1309289.614: [GC 8243988K->1388139K(14442688K), 0.4432570 secs]
2018-05-26T09:54:32.103+0000: 1309311.723: [GC 8251371K->1403056K(14440640K), 0.4559670 secs]
2018-05-26T09:54:49.542+0000: 1309329.162: [GC 8266288K->1398860K(14450688K), 0.4347710 secs]
2018-05-26T09:55:09.882+0000: 1309349.502: [GC 8276876K->1408919K(14447424K), 0.4375330 secs]
2018-05-26T09:56:00.073+0000: 1309399.693: [GC 8286935K->1491301K(14438464K), 0.8284840 secs]
2018-05-26T09:56:57.879+0000: 1309457.499: [GC 8364901K->1496711K(14386496K), 0.7018630 secs]
2018-05-26T09:57:49.363+0000: 1309508.984: [GC 8370311K->1503588K(14437632K), 0.7827140 secs]
2018-05-26T09:58:32.051+0000: 1309551.672: [GC 8363620K->1495963K(14440064K), 0.6989920 secs]
2018-05-26T09:58:49.104+0000: 1309568.725: [GC 8355995K->1448660K(14446912K), 0.4314980 secs]
2018-05-26T09:59:25.013+0000: 1309604.633: [GC 8321044K->1492763K(14445568K), 0.6656290 secs]
2018-05-26T09:59:42.656+0000: 1309622.277: [GC 8365147K->1466136K(14457728K), 0.4795220 secs]
2018-05-26T10:00:00.097+0000: 1309639.718: [GC 8359512K->1479339K(14455744K), 0.4777600 secs]
2018-05-26T10:00:21.745+0000: 1309661.366: [GC 8372715K->1481600K(14465472K), 0.4264820 secs]
2018-05-26T10:00:37.904+0000: 1309677.524: [GC 8388736K->1488888K(14461760K), 0.4497670 secs]
2018-05-26T10:01:17.687+0000: 1309717.307: [GC 8396024K->1538987K(14470784K), 0.6165450 secs]
2018-05-26T10:02:12.358+0000: 1309771.979: [GC 8458923K->1580029K(14435648K), 0.8741530 secs]
2018-05-26T10:02:54.000+0000: 1309813.621: [GC 8499965K->1599353K(14439232K), 0.8463900 secs]
2018-05-26T10:03:55.738+0000: 1309875.358: [GC 8479481K->1604358K(14401920K), 0.8797300 secs]
2018-05-26T10:04:21.241+0000: 1309900.862: [GC 8484486K->1560892K(14448960K), 0.5542220 secs]
2018-05-26T10:04:38.657+0000: 1309918.278: [GC 8432636K->1550309K(14442880K), 0.4631390 secs]
2018-05-26T10:04:58.932+0000: 1309938.552: [GC 8422053K->1572366K(14457728K), 0.5170700 secs]
2018-05-26T10:05:15.582+0000: 1309955.202: [GC 8461518K->1565207K(14451520K), 0.4209040 secs]
2018-05-26T10:05:32.946+0000: 1309972.567: [GC 8454359K->1575784K(14465152K), 0.4497850 secs]
2018-05-26T10:05:53.888+0000: 1309993.509: [GC 8482088K->1599417K(14461248K), 0.5511600 secs]
2018-05-26T10:06:12.012+0000: 1310011.633: [GC 8505721K->1590101K(14476224K), 0.5015390 secs]
2018-05-26T10:06:31.820+0000: 1310031.441: [GC 8518613K->1605033K(14472384K), 0.5838900 secs]
2018-05-26T10:07:33.591+0000: 1310093.212: [GC 8533545K->1677602K(14456192K), 0.8603610 secs]
2018-05-26T10:08:15.420+0000: 1310135.041: [GC 8595490K->1664250K(14412992K), 0.7467840 secs]
2018-05-26T10:08:32.715+0000: 1310152.335: [GC 8582138K->1623660K(14470976K), 0.4879940 secs]
2018-05-26T10:08:52.262+0000: 1310171.883: [GC 8541996K->1629136K(14467456K), 0.4798660 secs]
2018-05-26T10:09:47.992+0000: 1310227.613: [GC 8547472K->1710781K(14451008K), 0.8300210 secs]
2018-05-26T10:11:01.538+0000: 1310301.159: [GC 8616765K->1725896K(14428480K), 0.7961710 secs]
2018-05-26T10:12:09.311+0000: 1310368.932: [GC 8631880K->1734860K(14438848K), 0.9195900 secs]
2018-05-26T10:13:05.968+0000: 1310425.588: [GC 8606412K->1746929K(14393152K), 0.7831060 secs]
2018-05-26T10:13:55.286+0000: 1310474.907: [GC 8618481K->1730088K(14446912K), 0.7496280 secs]
2018-05-26T10:14:13.550+0000: 1310493.170: [GC 8597032K->1688339K(14440128K), 0.4416470 secs]
2018-05-26T10:14:32.942+0000: 1310512.562: [GC 8555283K->1705414K(14451328K), 0.5196250 secs]
2018-05-26T10:15:25.999+0000: 1310565.619: [GC 8584454K->1775520K(14447808K), 0.7502540 secs]
2018-05-26T10:16:23.903+0000: 1310623.524: [GC 8654560K->1795250K(14435584K), 0.8611070 secs]
2018-05-26T10:17:08.090+0000: 1310667.710: [GC 8658738K->1780795K(14441792K), 0.7197940 secs]
2018-05-26T10:17:25.287+0000: 1310684.907: [GC 8644283K->1729806K(14446912K), 0.4762800 secs]
2018-05-26T10:17:42.411+0000: 1310702.031: [GC 8602574K->1739825K(14445952K), 0.4486300 secs]
2018-05-26T10:18:39.813+0000: 1310759.434: [GC 8612593K->1824351K(14437440K), 0.9300440 secs]
2018-05-26T10:19:00.117+0000: 1310779.738: [GC 8691295K->1751933K(14443520K), 0.4561160 secs]
2018-05-26T10:19:17.980+0000: 1310797.601: [GC 8618877K->1769412K(14449792K), 0.5539670 secs]
2018-05-26T10:19:39.162+0000: 1310818.782: [GC 8644292K->1774791K(14445184K), 0.4845750 secs]
2018-05-26T10:19:57.643+0000: 1310837.263: [GC 8649671K->1790679K(14460928K), 0.5355930 secs]
2018-05-26T10:20:16.500+0000: 1310856.121: [GC 8686039K->1789413K(14454528K), 0.4673540 secs]
2018-05-26T10:20:35.407+0000: 1310875.028: [GC 8684773K->1785564K(14468160K), 0.3986470 secs]
2018-05-26T10:20:51.577+0000: 1310891.198: [GC 8698844K->1802769K(14465216K), 0.4608670 secs]
2018-05-26T10:21:15.290+0000: 1310914.910: [GC 8716049K->1812510K(14479616K), 0.4763850 secs]
2018-05-26T10:21:34.288+0000: 1310933.909: [GC 8745566K->1818314K(14473536K), 0.4610510 secs]
2018-05-26T10:21:54.487+0000: 1310954.108: [GC 8751370K->1832678K(14491072K), 0.5456480 secs]
2018-05-26T10:22:43.661+0000: 1311003.282: [GC 8788390K->1917686K(14484736K), 0.9333990 secs]
2018-05-26T10:23:36.196+0000: 1311055.817: [GC 8873398K->1919671K(14427904K), 0.8264460 secs]
2018-05-26T10:24:22.735+0000: 1311102.356: [GC 8812215K->1915375K(14402176K), 0.8274250 secs]
2018-05-26T10:24:40.519+0000: 1311120.140: [GC 8807919K->1857406K(14455232K), 0.4892780 secs]
2018-05-26T10:24:58.293+0000: 1311137.914: [GC 8744190K->1858793K(14451648K), 0.3956190 secs]
2018-05-26T10:25:19.267+0000: 1311158.888: [GC 8745577K->1887407K(14466368K), 0.5152330 secs]
2018-05-26T10:25:37.521+0000: 1311177.141: [GC 8792367K->1876675K(14458688K), 0.4235190 secs]
2018-05-26T10:25:59.864+0000: 1311199.484: [GC 8781635K->1888116K(14475392K), 0.4632020 secs]
2018-05-26T10:26:16.738+0000: 1311216.359: [GC 8813812K->1887757K(14470400K), 0.4213430 secs]
2018-05-26T10:26:34.692+0000: 1311234.313: [GC 8813453K->1892889K(14483648K), 0.4464580 secs]
2018-05-26T10:26:56.311+0000: 1311255.932: [GC 8835865K->1920130K(14479424K), 0.5493820 secs]
2018-05-26T10:27:15.338+0000: 1311274.958: [GC 8863106K->1919750K(14496576K), 0.5155670 secs]
2018-05-26T10:27:35.444+0000: 1311295.065: [GC 8887174K->1922389K(14490944K), 0.4990520 secs]
2018-05-26T10:27:52.749+0000: 1311312.369: [GC 8889813K->1927626K(14504768K), 0.4722170 secs]
2018-05-26T10:28:09.973+0000: 1311329.594: [GC 8913162K->1933947K(14500864K), 0.4669600 secs]
2018-05-26T10:29:24.054+0000: 1311403.675: [GC 8919483K->2005211K(14480704K), 0.8104170 secs]
2018-05-26T10:30:32.011+0000: 1311471.631: [GC 8974171K->2037170K(14494528K), 0.8961090 secs]
2018-05-26T10:31:20.449+0000: 1311520.069: [GC 9006130K->2059359K(14405696K), 0.9688360 secs]
2018-05-26T10:32:25.401+0000: 1311585.022: [GC 8939487K->2052170K(14388608K), 0.8504630 secs]
2018-05-26T10:32:39.241+0000: 1311598.862: [GC 6836203K->1966250K(14443008K), 0.3126160 secs]
2018-05-26T10:32:39.554+0000: 1311599.175: [Full GC 1966250K->1010539K(14443008K), 3.6967000 secs]
2018-05-26T10:33:01.463+0000: 1311621.084: [GC 7880811K->1115679K(14445184K), 0.4023540 secs]
2018-05-26T10:33:19.726+0000: 1311639.347: [GC 7985951K->1149127K(14458560K), 0.5088640 secs]
2018-05-26T10:33:36.281+0000: 1311655.902: [GC 8038471K->1162209K(14450880K), 0.5183770 secs]
2018-05-26T10:33:53.359+0000: 1311672.980: [GC 8051553K->1179046K(14472832K), 0.5429460 secs]
2018-05-26T10:34:47.953+0000: 1311727.573: [GC 8097254K->1248102K(14435968K), 0.8371940 secs]
2018-05-26T10:35:05.615+0000: 1311745.235: [GC 8166310K->1181064K(14464960K), 0.4338570 secs]
2018-05-26T10:35:22.954+0000: 1311762.575: [GC 8087688K->1182337K(14461760K), 0.3747640 secs]
2018-05-26T10:35:44.947+0000: 1311784.568: [GC 8088961K->1220129K(14476608K), 0.5801760 secs]
2018-05-26T10:36:02.313+0000: 1311801.933: [GC 8144609K->1221051K(14467968K), 0.5060990 secs]
2018-05-26T10:36:22.653+0000: 1311822.274: [GC 8145531K->1215659K(14487488K), 0.5087990 secs]
2018-05-26T10:37:46.141+0000: 1311905.762: [GC 8166315K->1299372K(14472896K), 0.9163170 secs]
2018-05-26T10:39:38.872+0000: 1312018.492: [GC 8250028K->1287853K(14462784K), 0.7671570 secs]
2018-05-26T10:39:57.523+0000: 1312037.143: [GC 8203437K->1218861K(14335168K), 0.3380390 secs]
2018-05-26T10:40:17.561+0000: 1312057.181: [GC 8134445K->1244040K(14471168K), 0.4258910 secs]
2018-05-26T10:40:40.198+0000: 1312079.819: [GC 8162248K->1260422K(14467136K), 0.4156120 secs]
2018-05-26T10:40:57.841+0000: 1312097.461: [GC 8178630K->1267679K(14481984K), 0.4053030 secs]
2018-05-26T10:41:20.223+0000: 1312119.844: [GC 8206559K->1282263K(14476992K), 0.5177740 secs]
2018-05-26T10:41:35.732+0000: 1312135.352: [GC 8221143K->1300093K(14494784K), 0.5605790 secs]
2018-05-26T10:41:53.302+0000: 1312152.923: [GC 8263101K->1285296K(14488320K), 0.4651390 secs]
2018-05-26T10:42:51.314+0000: 1312210.934: [GC 8248304K->1380023K(14454208K), 0.8587080 secs]
2018-05-26T10:43:48.545+0000: 1312268.166: [GC 8312119K->1402418K(14458816K), 0.9141060 secs]
2018-05-26T10:44:48.506+0000: 1312328.127: [GC 8334514K->1412841K(14436416K), 0.8633630 secs]
2018-05-26T10:45:26.370+0000: 1312365.991: [GC 8290281K->1349102K(14448768K), 0.4990080 secs]
2018-05-26T10:45:44.377+0000: 1312383.997: [GC 8226542K->1347659K(14457792K), 0.4399070 secs]
2018-05-26T10:46:09.253+0000: 1312408.874: [GC 8239563K->1363159K(14454208K), 0.5016200 secs]
2018-05-26T10:46:26.573+0000: 1312426.194: [GC 8255063K->1363057K(14467904K), 0.4588900 secs]
2018-05-26T10:46:45.272+0000: 1312444.893: [GC 8274481K->1370767K(14463616K), 0.4789100 secs]
2018-05-26T10:47:05.947+0000: 1312465.568: [GC 8282191K->1379733K(14477056K), 0.4957910 secs]
2018-05-26T10:47:23.886+0000: 1312483.506: [GC 8308885K->1382888K(14472192K), 0.4468010 secs]
2018-05-26T10:48:13.375+0000: 1312532.996: [GC 8312040K->1446882K(14470272K), 0.7533480 secs]
2018-05-26T10:49:06.345+0000: 1312585.966: [GC 8378466K->1488693K(14458240K), 0.9267980 secs]
2018-05-26T10:50:01.185+0000: 1312640.806: [GC 8420277K->1493715K(14438336K), 0.7576520 secs]
2018-05-26T10:50:57.870+0000: 1312697.490: [GC 8372435K->1507081K(14406720K), 0.8655520 secs]
2018-05-26T10:52:04.276+0000: 1312763.896: [GC 8385801K->1508327K(14429056K), 0.9281820 secs]
2018-05-26T10:52:55.228+0000: 1312814.849: [GC 8356711K->1516118K(14369536K), 0.8050750 secs]
2018-05-26T10:53:28.699+0000: 1312848.320: [GC 8364502K->1476119K(14438016K), 0.6063610 secs]
2018-05-26T10:53:46.157+0000: 1312865.778: [GC 8324887K->1457556K(14430848K), 0.4755360 secs]
2018-05-26T10:54:07.677+0000: 1312887.298: [GC 8306324K->1465090K(14443648K), 0.4830600 secs]
2018-05-26T10:54:26.235+0000: 1312905.855: [GC 8328706K->1456720K(14440064K), 0.4196590 secs]
2018-05-26T10:54:44.475+0000: 1312924.096: [GC 8320336K->1471485K(14449344K), 0.4414370 secs]
2018-05-26T10:55:08.160+0000: 1312947.781: [GC 8345917K->1495921K(14445184K), 0.4717370 secs]
2018-05-26T10:55:25.742+0000: 1312965.362: [GC 8370353K->1495965K(14462848K), 0.4678710 secs]
2018-05-26T10:55:57.541+0000: 1312997.162: [GC 8395933K->1528392K(14457216K), 0.5868510 secs]
2018-05-26T10:57:03.922+0000: 1313063.542: [GC 8428360K->1588316K(14444928K), 0.9063600 secs]
2018-05-26T10:57:58.604+0000: 1313118.225: [GC 8483292K->1601067K(14420800K), 0.8214320 secs]
2018-05-26T10:58:51.520+0000: 1313171.141: [GC 8496043K->1609515K(14431616K), 0.8932950 secs]
2018-05-26T10:59:45.505+0000: 1313225.125: [GC 8467883K->1594577K(14439232K), 0.7622410 secs]
2018-05-26T11:00:02.104+0000: 1313241.725: [GC 8452945K->1548566K(14444608K), 0.4444420 secs]
2018-05-26T11:00:19.059+0000: 1313258.679: [GC 8414742K->1548934K(14441664K), 0.4122280 secs]
2018-05-26T11:01:00.721+0000: 1313300.341: [GC 8415110K->1625564K(14442624K), 0.8511210 secs]
2018-05-26T11:01:49.692+0000: 1313349.313: [GC 8495196K->1651619K(14395840K), 0.9487950 secs]
2018-05-26T11:02:49.774+0000: 1313409.395: [GC 8521251K->1663297K(14425856K), 0.8866310 secs]
2018-05-26T11:03:10.565+0000: 1313430.186: [GC 8506305K->1599008K(14431552K), 0.5032980 secs]
2018-05-26T11:03:26.915+0000: 1313446.535: [GC 8442016K->1608851K(14438592K), 0.5029080 secs]
2018-05-26T11:03:48.063+0000: 1313467.684: [GC 8461971K->1615442K(14434624K), 0.4799560 secs]
2018-05-26T11:04:05.528+0000: 1313485.148: [GC 8468562K->1609783K(14446464K), 0.4563550 secs]
2018-05-26T11:04:24.210+0000: 1313503.831: [GC 8479543K->1619732K(14443392K), 0.4778340 secs]
2018-05-26T11:04:55.823+0000: 1313535.444: [GC 8489492K->1644447K(14459648K), 0.5890000 secs]
2018-05-26T11:05:57.683+0000: 1313597.303: [GC 8535135K->1723085K(14421440K), 0.9343750 secs]
2018-05-26T11:06:55.090+0000: 1313654.711: [GC 8613773K->1733820K(14427648K), 0.8382010 secs]
2018-05-26T11:07:24.688+0000: 1313684.308: [GC 8587580K->1680455K(14436928K), 0.5725860 secs]
2018-05-26T11:07:53.044+0000: 1313712.665: [GC 8534215K->1699223K(14452032K), 0.6129680 secs]
2018-05-26T11:08:12.158+0000: 1313731.778: [GC 8574935K->1681353K(14443776K), 0.4885440 secs]
2018-05-26T11:08:35.710+0000: 1313755.331: [GC 8557065K->1712583K(14463232K), 0.6301860 secs]
2018-05-26T11:09:28.749+0000: 1313808.370: [GC 8611015K->1781331K(14428864K), 0.8915840 secs]
2018-05-26T11:10:21.534+0000: 1313861.155: [GC 8679763K->1787813K(14435904K), 0.7142950 secs]
2018-05-26T11:10:58.756+0000: 1313898.377: [GC 8654373K->1751281K(14443328K), 0.6430630 secs]
2018-05-26T11:12:03.231+0000: 1313962.852: [GC 8617841K->1812315K(14435008K), 0.9254740 secs]
2018-05-26T11:12:40.106+0000: 1313999.726: [GC 8678619K->1764795K(14443200K), 0.6150670 secs]
2018-05-26T11:13:00.095+0000: 1314019.715: [GC 8631099K->1725744K(14443840K), 0.3483610 secs]
2018-05-26T11:14:04.168+0000: 1314083.789: [GC 8598704K->1802346K(14446528K), 0.7220780 secs]
2018-05-26T11:15:29.927+0000: 1314169.547: [GC 8675306K->1843471K(14442368K), 0.7703270 secs]
2018-05-26T11:16:54.412+0000: 1314254.033: [GC 8718863K->1863031K(14398336K), 0.9465070 secs]
2018-05-26T11:17:37.125+0000: 1314296.745: [GC 8738423K->1877448K(14430528K), 0.8680050 secs]
2018-05-26T11:18:16.077+0000: 1314335.698: [GC 8730184K->1848284K(14436416K), 0.7001570 secs]
2018-05-26T11:18:32.872+0000: 1314352.493: [GC 8701020K->1817106K(14445440K), 0.5064920 secs]
2018-05-26T11:18:46.029+0000: 1314365.650: [GC 8687570K->1814424K(14445120K), 0.4138390 secs]
2018-05-26T11:19:07.717+0000: 1314387.338: [GC 8684888K->1836492K(14449088K), 0.4864970 secs]
2018-05-26T11:19:27.472+0000: 1314407.093: [GC 8711052K->1843116K(14445568K), 0.5265020 secs]
2018-05-26T11:19:45.896+0000: 1314425.517: [GC 8717676K->1851098K(14456960K), 0.5163260 secs]
2018-05-26T11:20:04.167+0000: 1314443.788: [GC 8740762K->1841729K(14452800K), 0.3804330 secs]
2018-05-26T11:20:21.530+0000: 1314461.150: [GC 8731393K->1864716K(14464512K), 0.4779080 secs]
2018-05-26T11:21:10.758+0000: 1314510.378: [GC 8767884K->1929938K(14458752K), 0.7552880 secs]
2018-05-26T11:22:06.708+0000: 1314566.328: [GC 8833106K->1961487K(14431808K), 0.8405640 secs]
2018-05-26T11:23:03.515+0000: 1314623.136: [GC 8832015K->1968961K(14397760K), 0.9855840 secs]
2018-05-26T11:23:57.644+0000: 1314677.265: [GC 8839489K->1976306K(14422336K), 0.9702700 secs]
2018-05-26T11:24:37.614+0000: 1314717.234: [GC 8814962K->1958203K(14429376K), 0.7313570 secs]
2018-05-26T11:24:54.713+0000: 1314734.334: [GC 8796859K->1913314K(14437760K), 0.5147100 secs]
2018-05-26T11:25:10.525+0000: 1314750.146: [GC 8766434K->1922422K(14435456K), 0.4463870 secs]
2018-05-26T11:25:32.204+0000: 1314771.824: [GC 8775542K->1938945K(14447616K), 0.4970040 secs]
2018-05-26T11:25:49.084+0000: 1314788.705: [GC 8808001K->1933568K(14441536K), 0.4919220 secs]
2018-05-26T11:26:16.945+0000: 1314816.565: [GC 8802624K->1970827K(14460544K), 0.6569680 secs]
2018-05-26T11:27:35.050+0000: 1314894.671: [GC 8862475K->2035285K(14420096K), 0.9552580 secs]
2018-05-26T11:29:23.046+0000: 1315002.666: [GC 8926933K->2038962K(14435072K), 0.8701480 secs]
2018-05-26T11:30:47.699+0000: 1315087.319: [GC 8902834K->2053863K(14387200K), 0.6669050 secs]
2018-05-26T11:31:11.920+0000: 1315111.540: [GC 8917735K->1994997K(14440320K), 0.5206510 secs]
2018-05-26T11:31:29.376+0000: 1315128.997: [GC 8852021K->1994798K(14436800K), 0.4912170 secs]
2018-05-26T11:31:51.899+0000: 1315151.520: [GC 8851822K->1997863K(14446720K), 0.4581570 secs]
2018-05-26T11:32:09.418+0000: 1315169.038: [GC 8867815K->2004184K(14443328K), 0.4688930 secs]
2018-05-26T11:32:27.334+0000: 1315186.955: [GC 8874136K->2020344K(14456576K), 0.5471320 secs]
2018-05-26T11:32:43.262+0000: 1315202.883: [GC 6594392K->1986661K(14450560K), 0.3272750 secs]
2018-05-26T11:32:43.590+0000: 1315203.210: [Full GC 1986661K->1112961K(14450560K), 3.8022480 secs]
2018-05-26T11:33:06.655+0000: 1315226.276: [GC 8000001K->1224837K(14463552K), 0.5619900 secs]
2018-05-26T11:33:31.558+0000: 1315251.179: [GC 8124229K->1257671K(14455936K), 0.7144020 secs]
2018-05-26T11:34:31.947+0000: 1315311.568: [GC 8157063K->1330992K(14436288K), 0.9562800 secs]
2018-05-26T11:35:30.404+0000: 1315370.025: [GC 8218288K->1342418K(14424448K), 0.8855690 secs]
2018-05-26T11:37:16.894+0000: 1315476.514: [GC 8229714K->1338126K(14425408K), 0.8850820 secs]
2018-05-26T11:37:50.659+0000: 1315510.280: [GC 8182286K->1304493K(14432128K), 0.6304510 secs]
2018-05-26T11:38:08.663+0000: 1315528.283: [GC 8148653K->1273812K(14442048K), 0.4101060 secs]
2018-05-26T11:38:32.499+0000: 1315552.119: [GC 8136404K->1286804K(14440640K), 0.4833750 secs]
2018-05-26T11:38:51.844+0000: 1315571.464: [GC 8149396K->1290066K(14450112K), 0.4586470 secs]
2018-05-26T11:39:08.982+0000: 1315588.603: [GC 8166034K->1301449K(14445952K), 0.4338520 secs]
2018-05-26T11:40:01.065+0000: 1315640.686: [GC 8177417K->1393117K(14429440K), 0.8390090 secs]
2018-05-26T11:41:26.177+0000: 1315725.797: [GC 8258013K->1400226K(14387392K), 0.7966190 secs]
2018-05-26T11:42:35.776+0000: 1315795.397: [GC 8265122K->1418267K(14419584K), 0.9344560 secs]
2018-05-26T11:44:13.667+0000: 1315893.288: [GC 8252315K->1422050K(14357056K), 0.8159690 secs]
2018-05-26T11:45:49.919+0000: 1315989.540: [GC 8256098K->1431491K(14419840K), 0.8459050 secs]
2018-05-26T11:47:02.249+0000: 1316061.870: [GC 8254403K->1436685K(14421504K), 0.7844800 secs]
2018-05-26T11:48:06.080+0000: 1316125.701: [GC 8259597K->1448027K(14423680K), 0.8801500 secs]
2018-05-26T11:48:59.009+0000: 1316178.629: [GC 8274395K->1469625K(14357760K), 0.9463350 secs]
2018-05-26T11:49:20.020+0000: 1316199.640: [GC 8295993K->1402404K(14422400K), 0.5230780 secs]
2018-05-26T11:49:37.281+0000: 1316216.902: [GC 8225124K->1410254K(14420416K), 0.4955750 secs]
2018-05-26T11:49:57.759+0000: 1316237.379: [GC 8232974K->1424068K(14429568K), 0.4828160 secs]
2018-05-26T11:50:14.577+0000: 1316254.198: [GC 8258436K->1420651K(14424896K), 0.4293330 secs]
2018-05-26T11:50:31.958+0000: 1316271.579: [GC 8255019K->1434483K(14437888K), 0.4310570 secs]
2018-05-26T11:51:23.781+0000: 1316323.401: [GC 8285043K->1504980K(14432768K), 0.8452070 secs]
2018-05-26T11:51:47.047+0000: 1316346.667: [GC 8355540K->1439911K(14438400K), 0.4566680 secs]
2018-05-26T11:52:05.173+0000: 1316364.794: [GC 8294759K->1456396K(14436544K), 0.4468510 secs]
2018-05-26T11:52:44.372+0000: 1316403.993: [GC 8311244K->1509002K(14446912K), 0.7389380 secs]
2018-05-26T11:53:41.634+0000: 1316461.255: [GC 8379082K->1549783K(14393600K), 0.9583650 secs]
2018-05-26T11:54:33.758+0000: 1316513.379: [GC 8419863K->1566708K(14421440K), 0.8819940 secs]
2018-05-26T11:55:28.706+0000: 1316568.326: [GC 8406900K->1580438K(14371072K), 0.8519100 secs]
2018-05-26T11:56:28.997+0000: 1316628.618: [GC 8420630K->1590384K(14417600K), 0.9309860 secs]
2018-05-26T11:57:31.335+0000: 1316690.956: [GC 8411632K->1594111K(14420672K), 0.8975820 secs]
2018-05-26T11:58:26.539+0000: 1316746.160: [GC 8415359K->1598074K(14423168K), 0.8246160 secs]
2018-05-26T11:59:43.399+0000: 1316823.020: [GC 8422074K->1615391K(14420928K), 0.8629260 secs]
2018-05-26T12:00:29.323+0000: 1316868.944: [GC 8439391K->1606177K(14433024K), 0.6823840 secs]
2018-05-26T12:01:16.639+0000: 1316916.260: [GC 8443233K->1614217K(14424128K), 0.6845880 secs]
2018-05-26T12:01:33.964+0000: 1316933.585: [GC 8451273K->1580249K(14437952K), 0.4956470 secs]
2018-05-26T12:01:50.981+0000: 1316950.602: [GC 8438361K->1587004K(14298816K), 0.4844390 secs]
2018-05-26T12:02:41.720+0000: 1317001.341: [GC 8445116K->1677221K(14431104K), 0.8064580 secs]
2018-05-26T12:03:50.548+0000: 1317070.169: [GC 8526885K->1689953K(14374400K), 0.9204760 secs]
2018-05-26T12:04:41.895+0000: 1317121.516: [GC 8539617K->1699479K(14429120K), 0.9131730 secs]
2018-05-26T12:05:15.752+0000: 1317155.372: [GC 8540695K->1670399K(14430656K), 0.6755150 secs]
2018-05-26T12:05:33.766+0000: 1317173.387: [GC 8511615K->1634414K(14434304K), 0.4663840 secs]
2018-05-26T12:05:54.426+0000: 1317194.047: [GC 8485742K->1652932K(14435712K), 0.5433720 secs]
2018-05-26T12:07:13.061+0000: 1317272.682: [GC 8504260K->1727251K(14433984K), 0.9152850 secs]
2018-05-26T12:08:16.297+0000: 1317335.918: [GC 8579219K->1742536K(14376064K), 0.9073510 secs]
2018-05-26T12:08:36.656+0000: 1317356.277: [GC 8594504K->1669658K(14433152K), 0.4825430 secs]
2018-05-26T12:08:55.090+0000: 1317374.711: [GC 8515546K->1665324K(14432832K), 0.4089010 secs]
2018-05-26T12:09:18.744+0000: 1317398.365: [GC 8511212K->1698001K(14439424K), 0.5485950 secs]
2018-05-26T12:09:36.374+0000: 1317415.995: [GC 8550417K->1685168K(14433088K), 0.4482740 secs]
2018-05-26T12:10:00.231+0000: 1317439.852: [GC 8537584K->1690513K(14445888K), 0.4000100 secs]
2018-05-26T12:10:17.687+0000: 1317457.307: [GC 8558545K->1695940K(14442240K), 0.3880280 secs]
2018-05-26T12:10:35.431+0000: 1317475.052: [GC 8563972K->1704792K(14455232K), 0.3969920 secs]
2018-05-26T12:10:58.469+0000: 1317498.089: [GC 8589976K->1726916K(14450048K), 0.4933450 secs]
2018-05-26T12:11:16.846+0000: 1317516.466: [GC 8612100K->1720773K(14468672K), 0.4194260 secs]
2018-05-26T12:12:03.691+0000: 1317563.312: [GC 8632645K->1760729K(14463296K), 0.6344860 secs]
2018-05-26T12:12:34.677+0000: 1317594.298: [GC 8672601K->1756262K(14481152K), 0.5960090 secs]
2018-05-26T12:12:52.057+0000: 1317611.678: [GC 8690278K->1737262K(14472960K), 0.4584170 secs]
2018-05-26T12:13:14.758+0000: 1317634.378: [GC 8671278K->1759735K(14490496K), 0.5481050 secs]
2018-05-26T12:13:32.865+0000: 1317652.486: [GC 8714167K->1748066K(14484032K), 0.4361330 secs]
2018-05-26T12:13:52.174+0000: 1317671.795: [GC 8702498K->1760226K(14497152K), 0.4671790 secs]
2018-05-26T12:14:47.474+0000: 1317727.095: [GC 8730466K->1858124K(14493184K), 0.9296710 secs]
2018-05-26T12:15:58.645+0000: 1317798.266: [GC 8828364K->1876557K(14413056K), 0.8385340 secs]
2018-05-26T12:17:14.969+0000: 1317874.590: [GC 8762701K->1888035K(14413056K), 0.9358360 secs]
2018-05-26T12:18:12.400+0000: 1317932.021: [GC 8774179K->1898283K(14424896K), 0.8104510 secs]
2018-05-26T12:18:51.009+0000: 1317970.630: [GC 8745131K->1881667K(14433472K), 0.7165640 secs]
2018-05-26T12:19:08.704+0000: 1317988.325: [GC 8728515K->1831635K(14440128K), 0.4396470 secs]
2018-05-26T12:19:26.955+0000: 1318006.575: [GC 8689363K->1835370K(14437696K), 0.4302350 secs]
2018-05-26T12:20:22.398+0000: 1318062.018: [GC 8693098K->1932963K(14423168K), 0.8438530 secs]
2018-05-26T12:21:31.862+0000: 1318131.483: [GC 8779171K->1944166K(14374656K), 0.9075620 secs]
2018-05-26T12:22:18.535+0000: 1318178.156: [GC 8790374K->1952495K(14416192K), 0.9254290 secs]
2018-05-26T12:23:18.806+0000: 1318238.427: [GC 8774639K->1960110K(14348928K), 0.7128950 secs]
2018-05-26T12:24:28.098+0000: 1318307.718: [GC 8782254K->1973900K(14416832K), 0.8862700 secs]
2018-05-26T12:25:19.222+0000: 1318358.842: [GC 8788876K->1997221K(14350912K), 0.7633970 secs]
2018-05-26T12:25:59.343+0000: 1318398.964: [GC 8812197K->2006010K(14410304K), 0.8523840 secs]
2018-05-26T12:26:50.933+0000: 1318450.554: [GC 8809722K->2008569K(14411904K), 0.9068490 secs]
2018-05-26T12:27:40.595+0000: 1318500.216: [GC 8812281K->1965673K(14418816K), 0.6649220 secs]
2018-05-26T12:27:57.472+0000: 1318517.093: [GC 8778409K->1943668K(14414016K), 0.4732830 secs]
2018-05-26T12:28:17.151+0000: 1318536.771: [GC 8756404K->1964285K(14421760K), 0.5471860 secs]
2018-05-26T12:28:36.964+0000: 1318556.584: [GC 8784637K->1959521K(14418688K), 0.4367390 secs]
2018-05-26T12:28:53.313+0000: 1318572.934: [GC 8779873K->1971210K(14427328K), 0.4999640 secs]
2018-05-26T12:29:15.093+0000: 1318594.713: [GC 8802122K->1998077K(14423680K), 0.5808030 secs]
2018-05-26T12:29:32.553+0000: 1318612.174: [GC 8828989K->1985383K(14438656K), 0.4520390 secs]
2018-05-26T12:30:24.973+0000: 1318664.594: [GC 8838695K->2059929K(14434752K), 0.8058660 secs]
2018-05-26T12:31:21.998+0000: 1318721.618: [GC 8913241K->2090822K(14422784K), 0.9484780 secs]
2018-05-26T12:32:17.560+0000: 1318777.181: [GC 8930886K->2103747K(14372416K), 0.8946800 secs]
2018-05-26T12:32:47.403+0000: 1318807.024: [GC 8902369K->2048631K(14429824K), 0.6361420 secs]
2018-05-26T12:32:48.040+0000: 1318807.660: [Full GC 2048631K->1199150K(14429824K), 4.5189150 secs]
2018-05-26T12:33:21.970+0000: 1318841.591: [GC 8032046K->1328673K(14423168K), 0.5840210 secs]
2018-05-26T12:34:05.719+0000: 1318885.340: [GC 8161569K->1352201K(14445888K), 0.6991310 secs]
2018-05-26T12:35:28.079+0000: 1318967.699: [GC 8215049K->1412467K(14437056K), 0.8465770 secs]
2018-05-26T12:36:14.919+0000: 1319014.540: [GC 8275315K->1361473K(14441856K), 0.5874120 secs]
2018-05-26T12:36:39.385+0000: 1319039.006: [GC 8220801K->1337598K(14437568K), 0.3720010 secs]
2018-05-26T12:37:04.613+0000: 1319064.233: [GC 8196926K->1347709K(14442688K), 0.4029470 secs]
2018-05-26T12:37:18.172+0000: 1319077.793: [GC 8211261K->1346139K(14440960K), 0.3865550 secs]
2018-05-26T12:37:30.786+0000: 1319090.406: [GC 8209691K->1356319K(14447424K), 0.4219350 secs]
2018-05-26T12:37:43.220+0000: 1319102.841: [GC 8227679K->1355685K(14444032K), 0.3385300 secs]
2018-05-26T12:37:58.838+0000: 1319118.459: [GC 8227045K->1371842K(14456704K), 0.4710360 secs]
2018-05-26T12:38:23.281+0000: 1319142.902: [GC 8259138K->1372045K(14450688K), 0.4101690 secs]
2018-05-26T12:38:48.943+0000: 1319168.563: [GC 8259341K->1370614K(14466112K), 0.3638610 secs]
2018-05-26T12:39:09.328+0000: 1319188.948: [GC 8278646K->1411449K(14462016K), 0.5722920 secs]
2018-05-26T12:39:29.044+0000: 1319208.665: [GC 8319481K->1403689K(14481728K), 0.4628220 secs]
2018-05-26T12:39:51.980+0000: 1319231.601: [GC 8340073K->1413067K(14474752K), 0.4905590 secs]
2018-05-26T12:40:13.805+0000: 1319253.425: [GC 8349451K->1426406K(14496576K), 0.4842360 secs]
2018-05-26T12:40:34.449+0000: 1319274.069: [GC 8391974K->1438792K(14489088K), 0.5191440 secs]
2018-05-26T12:40:53.129+0000: 1319292.750: [GC 8404360K->1437781K(14507456K), 0.4711030 secs]
2018-05-26T12:41:13.382+0000: 1319313.003: [GC 8426645K->1447343K(14501504K), 0.4812120 secs]
2018-05-26T12:41:35.043+0000: 1319334.664: [GC 8436207K->1454385K(14518400K), 0.5377200 secs]
2018-05-26T12:41:58.079+0000: 1319357.699: [GC 8465969K->1462904K(14513280K), 0.5622980 secs]
2018-05-26T12:42:16.219+0000: 1319375.840: [GC 8474488K->1461477K(14525376K), 0.5122930 secs]
2018-05-26T12:42:38.453+0000: 1319398.073: [GC 8488293K->1465767K(14521536K), 0.5075830 secs]
2018-05-26T12:43:00.011+0000: 1319419.632: [GC 8492583K->1469290K(14531520K), 0.4890210 secs]
2018-05-26T12:43:20.666+0000: 1319440.286: [GC 8509418K->1495381K(14528704K), 0.6280320 secs]
2018-05-26T12:43:41.584+0000: 1319461.204: [GC 8535509K->1495674K(14531648K), 0.5871230 secs]
2018-05-26T12:44:01.538+0000: 1319481.158: [GC 8537082K->1493103K(14529856K), 0.4787120 secs]
2018-05-26T12:45:16.508+0000: 1319556.129: [GC 8534511K->1562352K(14492608K), 0.7723360 secs]
2018-05-26T12:45:36.953+0000: 1319576.573: [GC 8569328K->1511107K(14422976K), 0.3406600 secs]
2018-05-26T12:46:08.610+0000: 1319608.231: [GC 8518083K->1537156K(14513024K), 0.4280930 secs]
2018-05-26T12:47:18.059+0000: 1319677.680: [GC 8540996K->1592059K(14486272K), 0.6400340 secs]
2018-05-26T12:47:38.895+0000: 1319698.516: [GC 8595899K->1567013K(14510784K), 0.4947950 secs]
2018-05-26T12:48:01.955+0000: 1319721.576: [GC 8565285K->1585486K(14507584K), 0.5469160 secs]
2018-05-26T12:48:25.479+0000: 1319745.100: [GC 8583758K->1596059K(14519872K), 0.5494180 secs]
2018-05-26T12:48:49.036+0000: 1319768.657: [GC 8611931K->1602620K(14516096K), 0.5456820 secs]
2018-05-26T12:49:09.747+0000: 1319789.368: [GC 8618492K->1601498K(14526848K), 0.5123570 secs]
2018-05-26T12:49:32.144+0000: 1319811.765: [GC 8632154K->1611225K(14523904K), 0.5098800 secs]
2018-05-26T12:49:55.935+0000: 1319835.556: [GC 8641881K->1619122K(14533568K), 0.5122960 secs]
2018-05-26T12:50:18.389+0000: 1319858.009: [GC 8662834K->1638050K(14530240K), 0.5308350 secs]
2018-05-26T12:50:39.605+0000: 1319879.226: [GC 8681762K->1633511K(14535424K), 0.4877070 secs]
2018-05-26T12:51:02.456+0000: 1319902.077: [GC 8681447K->1634121K(14532608K), 0.4761510 secs]
2018-05-26T12:51:25.639+0000: 1319925.259: [GC 8682057K->1653437K(14538624K), 0.5270860 secs]
2018-05-26T12:51:47.807+0000: 1319947.428: [GC 8708541K->1666846K(14536576K), 0.6492970 secs]
2018-05-26T12:52:09.012+0000: 1319968.632: [GC 8721950K->1661233K(14540288K), 0.5017250 secs]
2018-05-26T12:52:32.333+0000: 1319991.954: [GC 8720433K->1667063K(14539008K), 0.4923840 secs]
2018-05-26T12:52:54.435+0000: 1320014.056: [GC 8726263K->1680043K(14543744K), 0.5387260 secs]
2018-05-26T12:53:12.543+0000: 1320032.164: [GC 8745323K->1681023K(14541632K), 0.3875080 secs]
2018-05-26T12:54:11.592+0000: 1320091.212: [GC 8746303K->1723183K(14523328K), 0.6020100 secs]
2018-05-26T12:55:56.319+0000: 1320195.940: [GC 8771119K->1764237K(14534016K), 0.7763280 secs]
2018-05-26T12:56:15.539+0000: 1320215.160: [GC 8812173K->1716246K(14491008K), 0.3756080 secs]
2018-05-26T12:56:58.223+0000: 1320257.844: [GC 8721174K->1744417K(14512512K), 0.4482540 secs]
2018-05-26T12:57:46.018+0000: 1320305.639: [GC 8749345K->1755008K(14518080K), 0.4078920 secs]
2018-05-26T12:58:06.121+0000: 1320325.741: [GC 8768064K->1747103K(14515072K), 0.3807670 secs]
2018-05-26T12:58:34.286+0000: 1320353.907: [GC 8760159K->1756599K(14517888K), 0.4082590 secs]
2018-05-26T12:58:56.426+0000: 1320376.047: [GC 8771575K->1751811K(14517184K), 0.3438870 secs]
2018-05-26T13:00:56.730+0000: 1320496.350: [GC 8766787K->1830368K(14496000K), 0.4818020 secs]
2018-05-26T13:02:24.474+0000: 1320584.094: [GC 8823520K->1863870K(14500992K), 0.8053190 secs]
2018-05-26T13:03:35.086+0000: 1320654.707: [GC 8857022K->1848024K(14484352K), 0.6188260 secs]
2018-05-26T13:06:00.305+0000: 1320799.926: [GC 8813272K->1920680K(14492672K), 1.0198870 secs]
2018-05-26T13:08:23.001+0000: 1320942.622: [GC 8885928K->1937965K(14401024K), 0.9816020 secs]
2018-05-26T13:10:23.852+0000: 1321063.473: [GC 8811565K->1956660K(14406080K), 0.9054570 secs]
2018-05-26T13:12:34.603+0000: 1321194.223: [GC 8830260K->1962518K(14420480K), 0.9394330 secs]
2018-05-26T13:13:17.237+0000: 1321236.858: [GC 8798230K->1890063K(14427904K), 0.4811190 secs]
2018-05-26T13:13:35.407+0000: 1321255.028: [GC 8725775K->1876031K(14432320K), 0.3702290 secs]
2018-05-26T13:15:25.452+0000: 1321365.073: [GC 8719999K->1951010K(14431744K), 0.7021590 secs]
2018-05-26T13:17:06.301+0000: 1321465.922: [GC 8794978K->1988062K(14426624K), 0.9356120 secs]
2018-05-26T13:18:07.910+0000: 1321527.531: [GC 8831582K->1937885K(14431808K), 0.5751950 secs]
2018-05-26T13:19:00.497+0000: 1321580.118: [GC 8781405K->1931884K(14441664K), 0.4478800 secs]
2018-05-26T13:19:19.840+0000: 1321599.461: [GC 8791660K->1918268K(14438208K), 0.3381550 secs]
2018-05-26T13:20:24.406+0000: 1321664.027: [GC 8778044K->1952979K(14448768K), 0.4557980 secs]
2018-05-26T13:21:22.162+0000: 1321721.783: [GC 8823443K->1982373K(14441792K), 0.5369990 secs]
2018-05-26T13:23:29.334+0000: 1321848.955: [GC 8852837K->2047912K(14439488K), 0.8050750 secs]
2018-05-26T13:24:28.030+0000: 1321907.651: [GC 8925480K->2034669K(14448832K), 0.7243550 secs]
2018-05-26T13:25:29.562+0000: 1321969.183: [GC 8912237K->2096008K(14429696K), 0.8866380 secs]
2018-05-26T13:26:30.027+0000: 1322029.647: [GC 8960008K->2102953K(14391232K), 0.9133050 secs]
2018-05-26T13:27:23.188+0000: 1322082.809: [GC 8966953K->2114721K(14419520K), 0.9463020 secs]
2018-05-26T13:28:21.834+0000: 1322141.455: [GC 8948001K->2123244K(14363968K), 0.8032910 secs]
2018-05-26T13:28:47.240+0000: 1322166.861: [GC 8956524K->2052756K(14423936K), 0.3320810 secs]
2018-05-26T13:29:03.944+0000: 1322183.565: [GC 8877972K->2059070K(14421376K), 0.4452350 secs]
2018-05-26T13:29:28.617+0000: 1322208.237: [GC 8884286K->2083760K(14434048K), 0.5017320 secs]
2018-05-26T13:29:46.182+0000: 1322225.802: [GC 8924720K->2072892K(14427008K), 0.4822440 secs]
2018-05-26T13:30:05.234+0000: 1322244.855: [GC 8913852K->2083308K(14442880K), 0.4643510 secs]
2018-05-26T13:31:12.001+0000: 1322311.622: [GC 8943788K->2177682K(14392256K), 0.8247510 secs]
2018-05-26T13:32:13.315+0000: 1322372.936: [GC 9038162K->2186864K(14418368K), 0.9608110 secs]
2018-05-26T13:32:48.325+0000: 1322407.946: [GC 9016688K->2143061K(14424960K), 0.6071050 secs]
2018-05-26T13:32:52.569+0000: 1322412.190: [GC 3622199K->2046736K(14415488K), 0.1221440 secs]
2018-05-26T13:32:52.692+0000: 1322412.313: [Full GC 2046736K->1151565K(14415488K), 3.7918820 secs]
2018-05-26T13:33:14.595+0000: 1322434.216: [GC 7981645K->1270574K(14425088K), 0.4350480 secs]
2018-05-26T13:33:47.659+0000: 1322467.280: [GC 8100654K->1299600K(14446656K), 0.6552960 secs]
2018-05-26T13:34:28.108+0000: 1322507.728: [GC 8161552K->1296856K(14435392K), 0.5271570 secs]
2018-05-26T13:34:47.190+0000: 1322526.811: [GC 8158808K->1287919K(14460736K), 0.4430520 secs]
2018-05-26T13:35:19.438+0000: 1322559.059: [GC 8183919K->1326564K(14455360K), 0.6017860 secs]
2018-05-26T13:36:18.633+0000: 1322618.254: [GC 8222564K->1388215K(14437888K), 0.8455580 secs]
2018-05-26T13:37:24.246+0000: 1322683.866: [GC 8272567K->1395537K(14411392K), 0.8152170 secs]
2018-05-26T13:38:27.143+0000: 1322746.763: [GC 8279889K->1406934K(14425792K), 0.8387990 secs]
2018-05-26T13:39:25.953+0000: 1322805.573: [GC 8254550K->1416517K(14373952K), 0.8809850 secs]
2018-05-26T13:40:05.355+0000: 1322844.975: [GC 8264133K->1387733K(14438016K), 0.6692590 secs]
2018-05-26T13:40:23.818+0000: 1322863.439: [GC 8234069K->1347678K(14428416K), 0.3259950 secs]
2018-05-26T13:40:42.898+0000: 1322882.519: [GC 8194014K->1367029K(14443712K), 0.5157410 secs]
2018-05-26T13:41:03.405+0000: 1322903.026: [GC 8229813K->1373014K(14439168K), 0.4638770 secs]
2018-05-26T13:41:22.114+0000: 1322921.734: [GC 8235798K->1384546K(14454080K), 0.4948890 secs]
2018-05-26T13:41:54.536+0000: 1322954.157: [GC 8266978K->1419886K(14448448K), 0.6777620 secs]
2018-05-26T13:42:32.411+0000: 1322992.031: [GC 8302318K->1432764K(14465600K), 0.6947430 secs]
2018-05-26T13:42:51.115+0000: 1323010.736: [GC 8339516K->1399605K(14461248K), 0.4986130 secs]
2018-05-26T13:43:11.310+0000: 1323030.931: [GC 8306357K->1408707K(14471424K), 0.5264590 secs]
2018-05-26T13:43:29.754+0000: 1323049.375: [GC 8327939K->1413958K(14467904K), 0.5067420 secs]
2018-05-26T13:43:46.876+0000: 1323066.497: [GC 8333190K->1427598K(14480000K), 0.5192910 secs]
2018-05-26T13:44:29.114+0000: 1323108.735: [GC 8362510K->1462798K(14475008K), 0.6851650 secs]
2018-05-26T13:45:29.908+0000: 1323169.529: [GC 8397710K->1523981K(14448960K), 0.9059620 secs]
2018-05-26T13:46:20.678+0000: 1323220.299: [GC 8434701K->1535679K(14443904K), 1.0041160 secs]
2018-05-26T13:47:11.434+0000: 1323271.054: [GC 8446399K->1547208K(14428672K), 0.8873360 secs]
2018-05-26T13:48:09.624+0000: 1323329.245: [GC 8407624K->1564849K(14404224K), 0.8771990 secs]
2018-05-26T13:48:55.849+0000: 1323375.470: [GC 8425265K->1572582K(14427456K), 0.8953970 secs]
2018-05-26T13:49:13.712+0000: 1323393.332: [GC 8408294K->1508175K(14427904K), 0.4717810 secs]
2018-05-26T13:49:30.915+0000: 1323410.536: [GC 8343887K->1514182K(14431808K), 0.5057740 secs]
2018-05-26T13:49:52.061+0000: 1323431.682: [GC 8355334K->1528927K(14429440K), 0.5167110 secs]
2018-05-26T13:50:11.766+0000: 1323451.387: [GC 8370079K->1531347K(14441472K), 0.5042110 secs]
2018-05-26T13:50:32.922+0000: 1323472.543: [GC 8389715K->1537180K(14436992K), 0.4791110 secs]
2018-05-26T13:51:25.042+0000: 1323524.663: [GC 8395548K->1623268K(14426560K), 0.9424120 secs]
2018-05-26T13:52:25.863+0000: 1323585.484: [GC 8476132K->1633628K(14382400K), 0.9427780 secs]
2018-05-26T13:53:19.565+0000: 1323639.186: [GC 8486492K->1639554K(14418816K), 0.8979840 secs]
2018-05-26T13:54:07.756+0000: 1323687.377: [GC 8467202K->1649617K(14356352K), 0.9419490 secs]
2018-05-26T13:55:03.891+0000: 1323743.512: [GC 8477265K->1658880K(14414848K), 0.7549980 secs]
2018-05-26T13:55:33.384+0000: 1323773.005: [GC 8473984K->1614084K(14417600K), 0.5991700 secs]
2018-05-26T13:55:50.248+0000: 1323789.869: [GC 8429188K->1584527K(14425216K), 0.4935840 secs]
2018-05-26T13:56:12.744+0000: 1323812.365: [GC 8414287K->1604120K(14424640K), 0.4978720 secs]
2018-05-26T13:56:31.475+0000: 1323831.095: [GC 8433880K->1598144K(14432576K), 0.4795790 secs]
2018-05-26T13:56:48.642+0000: 1323848.262: [GC 8440384K->1605627K(14429760K), 0.4657410 secs]
2018-05-26T13:57:09.027+0000: 1323868.647: [GC 8447867K->1619404K(14442496K), 0.5158190 secs]
2018-05-26T13:57:26.362+0000: 1323885.982: [GC 8478156K->1615200K(14436352K), 0.4567530 secs]
2018-05-26T13:57:46.000+0000: 1323905.621: [GC 8473952K->1622926K(14452224K), 0.5175940 secs]
2018-05-26T13:58:06.545+0000: 1323926.165: [GC 8501966K->1631635K(14446912K), 0.4934190 secs]
2018-05-26T13:58:23.258+0000: 1323942.879: [GC 8510675K->1638405K(14464064K), 0.4976420 secs]
2018-05-26T13:58:56.075+0000: 1323975.695: [GC 8540741K->1685850K(14458368K), 0.7747780 secs]
2018-05-26T13:59:54.242+0000: 1324033.863: [GC 8588186K->1737557K(14433216K), 0.9739450 secs]
2018-05-26T14:00:32.597+0000: 1324072.218: [GC 8615637K->1701513K(14449088K), 0.6510800 secs]
2018-05-26T14:01:11.785+0000: 1324111.406: [GC 8579593K->1730974K(14447744K), 0.7802470 secs]
2018-05-26T14:01:30.908+0000: 1324130.528: [GC 8612126K->1675935K(14450624K), 0.4986050 secs]
2018-05-26T14:01:48.447+0000: 1324148.068: [GC 8557087K->1679335K(14456704K), 0.4774960 secs]
2018-05-26T14:02:34.475+0000: 1324194.096: [GC 8569383K->1762379K(14409728K), 0.8512830 secs]
2018-05-26T14:03:36.194+0000: 1324255.814: [GC 8652427K->1781947K(14425664K), 0.9033960 secs]
2018-05-26T14:04:54.290+0000: 1324333.910: [GC 8635707K->1786706K(14380224K), 0.8518530 secs]
2018-05-26T14:05:23.257+0000: 1324362.878: [GC 8640466K->1733283K(14436416K), 0.5551000 secs]
2018-05-26T14:05:42.021+0000: 1324381.641: [GC 8580259K->1717982K(14430656K), 0.4340840 secs]
2018-05-26T14:06:05.827+0000: 1324405.448: [GC 8564958K->1742474K(14443776K), 0.5106590 secs]
2018-05-26T14:06:23.742+0000: 1324423.363: [GC 8604170K->1735283K(14438016K), 0.4361380 secs]
2018-05-26T14:06:44.355+0000: 1324443.975: [GC 8596979K->1750223K(14452352K), 0.4595200 secs]
2018-05-26T14:07:03.803+0000: 1324463.423: [GC 8629583K->1755012K(14447104K), 0.4654270 secs]
2018-05-26T14:07:22.923+0000: 1324482.543: [GC 8634372K->1751321K(14460800K), 0.4257120 secs]
2018-05-26T14:08:19.364+0000: 1324538.985: [GC 8649689K->1831256K(14402624K), 0.8115730 secs]
2018-05-26T14:09:21.698+0000: 1324601.319: [GC 8729624K->1870971K(14425664K), 0.9638440 secs]
2018-05-26T14:10:19.772+0000: 1324659.392: [GC 8731771K->1882090K(14395584K), 0.8963760 secs]
2018-05-26T14:10:57.903+0000: 1324697.524: [GC 8742890K->1856473K(14432256K), 0.7074850 secs]
2018-05-26T14:11:16.612+0000: 1324716.233: [GC 8697177K->1809785K(14428544K), 0.2988940 secs]
2018-05-26T14:11:35.118+0000: 1324734.739: [GC 8650489K->1812686K(14440000K), 0.4922010 secs]
2018-05-26T14:12:38.889+0000: 1324798.510: [GC 8668814K->1913740K(14389632K), 0.9803100 secs]
2018-05-26T14:13:44.105+0000: 1324863.726: [GC 8769868K->1925704K(14409856K), 1.0123670 secs]
2018-05-26T14:15:04.861+0000: 1324944.482: [GC 8744136K->1935248K(14351744K), 0.7741580 secs]
2018-05-26T14:15:51.169+0000: 1324990.790: [GC 8753680K->1902166K(14424512K), 0.5047100 secs]
2018-05-26T14:16:09.677+0000: 1325009.298: [GC 8719766K->1860054K(14413184K), 0.4124860 secs]
2018-05-26T14:16:32.236+0000: 1325031.856: [GC 8677654K->1878002K(14430528K), 0.4402860 secs]
2018-05-26T14:17:26.428+0000: 1325086.049: [GC 8714162K->1942059K(14425728K), 0.6026840 secs]
2018-05-26T14:17:43.925+0000: 1325103.546: [GC 8778219K->1878281K(14432768K), 0.3887800 secs]
2018-05-26T14:17:57.853+0000: 1325117.473: [GC 8722505K->1873898K(14431552K), 0.3308220 secs]
2018-05-26T14:18:59.323+0000: 1325178.943: [GC 8718122K->1985132K(14418240K), 0.8855960 secs]
2018-05-26T14:19:53.263+0000: 1325232.884: [GC 8816748K->2015621K(14369856K), 0.8630280 secs]
2018-05-26T14:20:43.429+0000: 1325283.050: [GC 8847237K->1979712K(14424128K), 0.6126100 secs]
2018-05-26T14:21:02.641+0000: 1325302.261: [GC 8798848K->1936517K(14415104K), 0.4120020 secs]
2018-05-26T14:21:27.833+0000: 1325327.454: [GC 8755653K->1952740K(14432768K), 0.4999620 secs]
2018-05-26T14:22:54.936+0000: 1325414.557: [GC 8792420K->2044477K(14367936K), 0.8928960 secs]
2018-05-26T14:23:43.816+0000: 1325463.436: [GC 8884157K->2059005K(14409792K), 0.9383560 secs]
2018-05-26T14:24:39.193+0000: 1325518.813: [GC 8873341K->2065349K(14344896K), 0.9537820 secs]
2018-05-26T14:24:57.635+0000: 1325537.256: [GC 8879685K->1982451K(14414912K), 0.4103110 secs]
2018-05-26T14:25:14.016+0000: 1325553.637: [GC 8789875K->1995315K(14412608K), 0.4207700 secs]
2018-05-26T14:25:35.587+0000: 1325575.208: [GC 8802739K->2008719K(14425792K), 0.4689500 secs]
2018-05-26T14:25:52.452+0000: 1325592.072: [GC 8833871K->2013695K(14419456K), 0.4596350 secs]
2018-05-26T14:26:13.169+0000: 1325612.789: [GC 8838847K->2034492K(14439424K), 0.5515090 secs]
2018-05-26T14:27:07.589+0000: 1325667.210: [GC 8885244K->2123316K(14381952K), 0.9477640 secs]
2018-05-26T14:27:55.736+0000: 1325715.357: [GC 8974068K->2129767K(14413504K), 0.8790070 secs]
2018-05-26T14:28:52.672+0000: 1325772.293: [GC 8951655K->2137178K(14347520K), 0.9219520 secs]
2018-05-26T14:29:49.381+0000: 1325829.001: [GC 8959066K->2148054K(14409920K), 0.8263630 secs]
2018-05-26T14:30:28.194+0000: 1325867.815: [GC 8954838K->2113697K(14413440K), 0.6121770 secs]
2018-05-26T14:30:46.482+0000: 1325886.102: [GC 8920481K->2083871K(14425600K), 0.4135490 secs]
2018-05-26T14:31:05.580+0000: 1325905.201: [GC 8912735K->2101412K(14423360K), 0.5389750 secs]
2018-05-26T14:31:26.017+0000: 1325925.637: [GC 8930276K->2100798K(14434752K), 0.4620900 secs]
2018-05-26T14:31:43.784+0000: 1325943.405: [GC 8946302K->2106175K(14430848K), 0.4483090 secs]
2018-05-26T14:32:06.456+0000: 1325966.077: [GC 8951679K->2124799K(14445504K), 0.5322900 secs]
2018-05-26T14:32:23.980+0000: 1325983.601: [GC 8988735K->2119620K(14438528K), 0.4565210 secs]
2018-05-26T14:32:44.190+0000: 1326003.811: [GC 8983556K->2132598K(14456384K), 0.5142970 secs]
2018-05-26T14:32:56.495+0000: 1326016.116: [GC 2993111K->2057173K(14251072K), 0.1089110 secs]
2018-05-26T14:32:56.604+0000: 1326016.225: [Full GC 2057173K->1171768K(14251072K), 4.4324160 secs]
2018-05-26T14:34:16.129+0000: 1326095.750: [GC 8058360K->1362188K(14416960K), 0.9278550 secs]
2018-05-26T14:35:12.778+0000: 1326152.398: [GC 8207756K->1377407K(14379584K), 0.8123470 secs]
2018-05-26T14:36:13.507+0000: 1326213.128: [GC 8222975K->1385502K(14400640K), 0.8434660 secs]
2018-05-26T14:37:11.463+0000: 1326271.084: [GC 8185246K->1392980K(14324160K), 0.9212630 secs]
2018-05-26T14:38:21.801+0000: 1326341.421: [GC 8192724K->1406311K(14397760K), 0.9449300 secs]
2018-05-26T14:39:42.452+0000: 1326422.073: [GC 8189671K->1418602K(14309568K), 0.7392510 secs]
2018-05-26T14:40:42.828+0000: 1326482.449: [GC 8201962K->1436468K(14399936K), 0.8321440 secs]
2018-05-26T14:41:06.206+0000: 1326505.827: [GC 8216500K->1374007K(14400064K), 0.5262830 secs]
2018-05-26T14:41:43.018+0000: 1326542.638: [GC 8154039K->1395492K(14413248K), 0.5713060 secs]
2018-05-26T14:42:02.626+0000: 1326562.247: [GC 8193508K->1377753K(14404864K), 0.4421170 secs]
2018-05-26T14:42:20.909+0000: 1326580.530: [GC 8175769K->1377845K(14420416K), 0.4346560 secs]
2018-05-26T14:42:42.078+0000: 1326601.699: [GC 8195189K->1388659K(14417024K), 0.4381250 secs]
2018-05-26T14:42:59.817+0000: 1326619.438: [GC 8206003K->1404903K(14433472K), 0.5137710 secs]
2018-05-26T14:43:20.829+0000: 1326640.450: [GC 8244199K->1421384K(14425920K), 0.5472540 secs]
2018-05-26T14:43:40.194+0000: 1326659.815: [GC 8260680K->1414237K(14448640K), 0.4958910 secs]
2018-05-26T14:44:00.498+0000: 1326680.118: [GC 8285405K->1423982K(14442624K), 0.4719620 secs]
2018-05-26T14:44:43.483+0000: 1326723.104: [GC 8295150K->1492064K(14444864K), 0.6702850 secs]
2018-05-26T14:45:36.834+0000: 1326776.455: [GC 8372320K->1529246K(14414976K), 0.8491860 secs]
2018-05-26T14:46:29.371+0000: 1326828.991: [GC 8409502K->1537081K(14414528K), 0.8872910 secs]
2018-05-26T14:47:33.150+0000: 1326892.771: [GC 8367161K->1544579K(14361600K), 0.9521600 secs]
2018-05-26T14:48:20.329+0000: 1326939.950: [GC 8374659K->1502426K(14427200K), 0.6563750 secs]
2018-05-26T14:48:37.898+0000: 1326957.518: [GC 8327130K->1481056K(14417600K), 0.4805650 secs]
2018-05-26T14:48:58.410+0000: 1326978.030: [GC 8305760K->1505694K(14437696K), 0.5429470 secs]
2018-05-26T14:49:16.849+0000: 1326996.470: [GC 8353758K->1500217K(14430464K), 0.4467060 secs]
2018-05-26T14:49:39.801+0000: 1327019.421: [GC 8348281K->1518514K(14448192K), 0.5361120 secs]
2018-05-26T14:50:51.108+0000: 1327090.729: [GC 8388658K->1607874K(14399744K), 0.8615280 secs]
2018-05-26T14:51:55.853+0000: 1327155.473: [GC 8478018K->1618706K(14420160K), 0.9874140 secs]
2018-05-26T14:52:58.312+0000: 1327217.932: [GC 8455442K->1630128K(14366848K), 0.8253270 secs]
2018-05-26T14:53:16.615+0000: 1327236.235: [GC 8466864K->1547153K(14423424K), 0.4267860 secs]
2018-05-26T14:53:35.097+0000: 1327254.717: [GC 8372113K->1560907K(14421632K), 0.4686590 secs]
2018-05-26T14:54:14.357+0000: 1327293.978: [GC 8385867K->1632461K(14429120K), 0.7391610 secs]
2018-05-26T14:54:48.845+0000: 1327328.466: [GC 8469197K->1591124K(14427712K), 0.5429390 secs]
2018-05-26T14:55:06.712+0000: 1327346.333: [GC 8427860K->1587030K(14440960K), 0.4380440 secs]
2018-05-26T14:55:33.922+0000: 1327373.543: [GC 8443926K->1619314K(14436032K), 0.5865130 secs]
2018-05-26T14:56:52.707+0000: 1327452.328: [GC 8476210K->1682881K(14432064K), 0.8959360 secs]
2018-05-26T14:57:59.025+0000: 1327518.646: [GC 8545473K->1694499K(14389952K), 0.8559910 secs]
2018-05-26T14:58:43.263+0000: 1327562.884: [GC 8557091K->1691176K(14431808K), 0.7957780 secs]
2018-05-26T14:59:01.800+0000: 1327581.421: [GC 8536232K->1629818K(14432576K), 0.4803560 secs]
2018-05-26T14:59:19.297+0000: 1327598.918: [GC 8474874K->1634056K(14437824K), 0.4546290 secs]
2018-05-26T14:59:40.312+0000: 1327619.933: [GC 8486664K->1650265K(14434880K), 0.4920090 secs]
2018-05-26T14:59:57.475+0000: 1327637.096: [GC 8502873K->1648221K(14448000K), 0.4219220 secs]
2018-05-26T15:00:20.388+0000: 1327660.009: [GC 8519773K->1660065K(14443648K), 0.4527900 secs]
2018-05-26T15:00:40.118+0000: 1327679.739: [GC 8531617K->1662765K(14458944K), 0.4197300 secs]
2018-05-26T15:00:58.817+0000: 1327698.438: [GC 8555501K->1667828K(14453888K), 0.3982950 secs]
2018-05-26T15:02:09.876+0000: 1327769.497: [GC 8560564K->1749220K(14444352K), 0.9026890 secs]
2018-05-26T15:02:48.665+0000: 1327808.286: [GC 8637540K->1736406K(14454208K), 0.6729610 secs]
2018-05-26T15:03:39.028+0000: 1327858.649: [GC 8624726K->1770882K(14441472K), 0.8303170 secs]
2018-05-26T15:04:31.819+0000: 1327911.439: [GC 8648194K->1799489K(14409600K), 0.8623260 secs]
2018-05-26T15:05:22.136+0000: 1327961.756: [GC 8676801K->1810099K(14419968K), 0.9726390 secs]
2018-05-26T15:06:03.260+0000: 1328002.880: [GC 8647219K->1763665K(14428608K), 0.6210640 secs]
2018-05-26T15:06:16.292+0000: 1328015.913: [GC 8600785K->1730595K(14438528K), 0.2196920 secs]
2018-05-26T15:06:30.721+0000: 1328030.341: [GC 8586403K->1737203K(14437376K), 0.4284210 secs]
2018-05-26T15:06:53.695+0000: 1328053.316: [GC 8593011K->1759372K(14446208K), 0.4985580 secs]
2018-05-26T15:07:11.895+0000: 1328071.516: [GC 8625868K->1755051K(14440384K), 0.4613710 secs]
2018-05-26T15:07:30.687+0000: 1328090.308: [GC 8621547K->1775358K(14456896K), 0.5125620 secs]
2018-05-26T15:07:47.781+0000: 1328107.402: [GC 8662142K->1775576K(14449984K), 0.4511720 secs]
2018-05-26T15:08:04.392+0000: 1328124.013: [GC 8662360K->1785330K(14468608K), 0.5014150 secs]
2018-05-26T15:08:44.047+0000: 1328163.668: [GC 8696242K->1849889K(14416320K), 0.8253770 secs]
2018-05-26T15:09:38.380+0000: 1328218.000: [GC 8760801K->1884488K(14432640K), 0.9628830 secs]
2018-05-26T15:10:28.941+0000: 1328268.561: [GC 8758728K->1824280K(14447168K), 0.5370480 secs]
2018-05-26T15:12:19.681+0000: 1328379.302: [GC 8698520K->1891445K(14438208K), 0.8933090 secs]
2018-05-26T15:13:06.708+0000: 1328426.329: [GC 8764789K->1855918K(14446720K), 0.3631000 secs]
2018-05-26T15:14:28.609+0000: 1328508.230: [GC 8729262K->1914500K(14441344K), 0.8727810 secs]
2018-05-26T15:14:59.832+0000: 1328539.453: [GC 8791556K->1845565K(14448576K), 0.4153280 secs]
2018-05-26T15:15:19.168+0000: 1328558.789: [GC 8722621K->1843723K(14451840K), 0.3969990 secs]
2018-05-26T15:16:27.092+0000: 1328626.713: [GC 8726091K->1921876K(14385600K), 0.5502050 secs]
2018-05-26T15:17:14.820+0000: 1328674.440: [GC 8804244K->1906537K(14459456K), 0.6601720 secs]
2018-05-26T15:18:26.343+0000: 1328745.963: [GC 8795881K->1965806K(14413696K), 0.9099170 secs]
2018-05-26T15:18:52.796+0000: 1328772.416: [GC 8855150K->1922135K(14456832K), 0.6128120 secs]
2018-05-26T15:19:10.298+0000: 1328789.918: [GC 8808727K->1907434K(14449856K), 0.4808700 secs]
2018-05-26T15:19:39.056+0000: 1328818.676: [GC 8794026K->1936397K(14466880K), 0.6170150 secs]
2018-05-26T15:20:31.089+0000: 1328870.709: [GC 8842765K->2009848K(14441472K), 0.8572850 secs]
2018-05-26T15:21:20.243+0000: 1328919.864: [GC 8916216K->2017668K(14431232K), 0.9746620 secs]
2018-05-26T15:22:17.405+0000: 1328977.026: [GC 8881284K->2024212K(14392512K), 0.8506320 secs]
2018-05-26T15:23:09.218+0000: 1329028.839: [GC 8887828K->2034605K(14424896K), 0.9150820 secs]
2018-05-26T15:24:05.587+0000: 1329085.208: [GC 8874669K->2041351K(14368064K), 0.9684540 secs]
2018-05-26T15:24:30.480+0000: 1329110.100: [GC 8881415K->1982961K(14430592K), 0.5633800 secs]
2018-05-26T15:24:47.484+0000: 1329127.104: [GC 8820657K->1976300K(14427200K), 0.4948230 secs]
2018-05-26T15:25:14.412+0000: 1329154.033: [GC 8813996K->2006273K(14438912K), 0.5719810 secs]
2018-05-26T15:25:57.146+0000: 1329196.766: [GC 8857281K->2050674K(14432192K), 0.7657120 secs]
2018-05-26T15:26:14.223+0000: 1329213.843: [GC 8901682K->1999818K(14442432K), 0.5263310 secs]
2018-05-26T15:26:31.916+0000: 1329231.537: [GC 8862666K->2000874K(14440512K), 0.4856770 secs]
2018-05-26T15:29:07.390+0000: 1329387.011: [GC 8863722K->2018864K(14449216K), 0.5162550 secs]
2018-05-26T15:29:25.513+0000: 1329405.134: [GC 8892336K->2017391K(14444352K), 0.4545380 secs]
2018-05-26T15:29:59.912+0000: 1329439.533: [GC 8890863K->2056526K(14459584K), 0.5649380 secs]
2018-05-26T15:30:57.985+0000: 1329497.606: [GC 8947406K->2121436K(14414720K), 0.8135020 secs]
2018-05-26T15:32:09.912+0000: 1329569.533: [GC 9012316K->2138368K(14432512K), 0.9415800 secs]
2018-05-26T15:32:35.158+0000: 1329594.779: [GC 9000576K->2071270K(14441152K), 0.5400820 secs]
2018-05-26T15:32:57.002+0000: 1329616.623: [GC 8933478K->2060459K(14446016K), 0.4145750 secs]
2018-05-26T15:33:01.048+0000: 1329620.668: [GC 3526145K->2004623K(14232960K), 0.1185370 secs]
2018-05-26T15:33:01.166+0000: 1329620.787: [Full GC 2004623K->1122256K(14232960K), 3.9562350 secs]
2018-05-26T15:33:20.712+0000: 1329640.333: [GC 7988176K->1227265K(14445952K), 0.4478710 secs]
2018-05-26T15:33:38.115+0000: 1329657.736: [GC 8090561K->1230670K(14437440K), 0.4465900 secs]
2018-05-26T15:34:00.711+0000: 1329680.332: [GC 8093966K->1247485K(14461248K), 0.5200560 secs]
2018-05-26T15:34:19.364+0000: 1329698.985: [GC 8141245K->1246638K(14452608K), 0.4867190 secs]
2018-05-26T15:34:36.653+0000: 1329716.273: [GC 8140398K->1253761K(14474816K), 0.4825840 secs]
2018-05-26T15:35:41.378+0000: 1329780.999: [GC 8176449K->1325331K(14429824K), 0.7698780 secs]
2018-05-26T15:36:50.012+0000: 1329849.632: [GC 8248019K->1351196K(14436224K), 0.9164300 secs]
2018-05-26T15:37:46.951+0000: 1329906.572: [GC 8231964K->1359856K(14405120K), 0.9232790 secs]
2018-05-26T15:39:01.198+0000: 1329980.819: [GC 8240624K->1368854K(14422656K), 0.9297010 secs]
2018-05-26T15:39:45.858+0000: 1330025.479: [GC 8210838K->1355552K(14431040K), 0.8100200 secs]
2018-05-26T15:40:03.291+0000: 1330042.912: [GC 8197536K->1300699K(14436544K), 0.4470900 secs]
2018-05-26T15:40:20.282+0000: 1330059.903: [GC 8149595K->1307978K(14432448K), 0.4205420 secs]
2018-05-26T15:41:03.152+0000: 1330102.773: [GC 8156874K->1371388K(14442368K), 0.7752440 secs]
2018-05-26T15:41:51.482+0000: 1330151.102: [GC 8235388K->1401928K(14382016K), 0.8416000 secs]
2018-05-26T15:42:50.861+0000: 1330210.482: [GC 8265928K->1411787K(14427648K), 0.9038220 secs]
2018-05-26T15:43:48.006+0000: 1330267.627: [GC 8256331K->1405252K(14432320K), 0.7685060 secs]
2018-05-26T15:44:02.103+0000: 1330281.724: [GC 8249796K->1348619K(14435968K), 0.4342960 secs]
2018-05-26T15:44:14.527+0000: 1330294.148: [GC 8199627K->1352734K(14435136K), 0.3920200 secs]
2018-05-26T15:44:28.090+0000: 1330307.711: [GC 8203742K->1357076K(14439552K), 0.3955320 secs]
2018-05-26T15:44:49.128+0000: 1330328.748: [GC 8213908K->1373164K(14437376K), 0.4239340 secs]
2018-05-26T15:45:11.630+0000: 1330351.250: [GC 8229996K->1398184K(14452032K), 0.4432850 secs]
2018-05-26T15:45:37.883+0000: 1330377.503: [GC 8274344K->1421930K(14444224K), 0.5270670 secs]
2018-05-26T15:45:59.905+0000: 1330399.525: [GC 8298090K->1427131K(14468096K), 0.4939710 secs]
2018-05-26T15:46:22.374+0000: 1330421.995: [GC 8336699K->1448238K(14461568K), 0.4835160 secs]
2018-05-26T15:46:47.221+0000: 1330446.841: [GC 8357806K->1452861K(14482176K), 0.4975660 secs]
2018-05-26T15:47:10.461+0000: 1330470.082: [GC 8391229K->1470195K(14476288K), 0.5220360 secs]
2018-05-26T15:47:32.543+0000: 1330492.164: [GC 8408563K->1483377K(14494976K), 0.5359150 secs]
2018-05-26T15:47:53.320+0000: 1330512.940: [GC 8446897K->1499057K(14488640K), 0.5973990 secs]
2018-05-26T15:48:12.148+0000: 1330531.768: [GC 8462577K->1494333K(14504320K), 0.4797030 secs]
2018-05-26T15:48:36.192+0000: 1330555.813: [GC 8479357K->1495197K(14500800K), 0.4798330 secs]
2018-05-26T15:48:58.607+0000: 1330578.228: [GC 8480221K->1517199K(14512256K), 0.5361470 secs]
2018-05-26T15:49:21.979+0000: 1330601.600: [GC 8516047K->1518237K(14506688K), 0.4826080 secs]
2018-05-26T15:49:47.254+0000: 1330626.875: [GC 8517085K->1515848K(14516864K), 0.4037770 secs]
2018-05-26T15:50:10.501+0000: 1330650.122: [GC 8528136K->1543383K(14515520K), 0.4689910 secs]
2018-05-26T15:50:32.172+0000: 1330671.793: [GC 8555671K->1562641K(14524160K), 0.5085270 secs]
2018-05-26T15:50:53.474+0000: 1330693.095: [GC 8588113K->1576924K(14521408K), 0.5412430 secs]
2018-05-26T15:51:13.132+0000: 1330712.753: [GC 8602396K->1577033K(14529024K), 0.4596270 secs]
2018-05-26T15:51:33.931+0000: 1330733.552: [GC 8611081K->1595377K(14525120K), 0.5676220 secs]
2018-05-26T15:51:55.910+0000: 1330755.530: [GC 8629425K->1601709K(14533248K), 0.5383100 secs]
2018-05-26T15:52:17.865+0000: 1330777.486: [GC 8644653K->1607853K(14529792K), 0.5483030 secs]
2018-05-26T15:52:38.518+0000: 1330798.139: [GC 8650797K->1606379K(14536896K), 0.5048300 secs]
2018-05-26T15:52:59.463+0000: 1330819.084: [GC 8658987K->1638086K(14521216K), 0.5638080 secs]
2018-05-26T15:53:22.033+0000: 1330841.654: [GC 8690694K->1650674K(14535104K), 0.5428790 secs]
2018-05-26T15:53:42.779+0000: 1330862.400: [GC 8700082K->1676999K(14521344K), 0.6134600 secs]
2018-05-26T15:54:03.625+0000: 1330883.246: [GC 8726407K->1681044K(14534720K), 0.5584970 secs]
2018-05-26T15:54:23.912+0000: 1330903.533: [GC 8727828K->1699438K(14532160K), 0.5860260 secs]
2018-05-26T15:54:45.762+0000: 1330925.383: [GC 8746222K->1715941K(14536128K), 0.6030690 secs]
2018-05-26T15:55:06.281+0000: 1330945.902: [GC 8767653K->1735073K(14520960K), 0.5667380 secs]
2018-05-26T15:55:25.783+0000: 1330965.403: [GC 8786785K->1731793K(14536256K), 0.4732050 secs]
2018-05-26T15:55:47.866+0000: 1330987.487: [GC 8782737K->1755584K(14534784K), 0.5278170 secs]
2018-05-26T15:56:09.255+0000: 1331008.876: [GC 8806528K->1768834K(14537024K), 0.5558060 secs]
2018-05-26T15:56:29.478+0000: 1331029.099: [GC 8822658K->1765179K(14536896K), 0.5728880 secs]
2018-05-26T15:56:50.470+0000: 1331050.091: [GC 8819003K->1769149K(14539392K), 0.5461190 secs]
2018-05-26T15:57:13.593+0000: 1331073.213: [GC 8826877K->1764780K(14538432K), 0.4718850 secs]
2018-05-26T15:57:37.940+0000: 1331097.561: [GC 8822508K->1767599K(14536896K), 0.4696070 secs]
2018-05-26T15:58:00.115+0000: 1331119.736: [GC 8822959K->1795676K(14537728K), 0.5752330 secs]
2018-05-26T15:58:29.154+0000: 1331148.775: [GC 8851036K->1820969K(14528320K), 0.6947200 secs]
2018-05-26T15:59:20.998+0000: 1331200.619: [GC 8868265K->1889575K(14533696K), 0.9535840 secs]
2018-05-26T16:00:32.382+0000: 1331272.003: [GC 8936871K->1941340K(14431296K), 0.8525190 secs]
2018-05-26T16:01:01.108+0000: 1331300.729: [GC 8886236K->1924440K(14482496K), 0.4850300 secs]
2018-05-26T16:01:21.183+0000: 1331320.804: [GC 8869336K->1936167K(14488832K), 0.5046960 secs]
2018-05-26T16:01:40.599+0000: 1331340.220: [GC 8890471K->1940343K(14485568K), 0.4875180 secs]
2018-05-26T16:01:58.497+0000: 1331358.117: [GC 8894647K->1945791K(14493888K), 0.4853350 secs]
2018-05-26T16:02:15.420+0000: 1331375.041: [GC 8911231K->1955307K(14491648K), 0.4994620 secs]
2018-05-26T16:03:02.852+0000: 1331422.473: [GC 8920747K->2021728K(14476096K), 0.7982040 secs]
2018-05-26T16:04:01.318+0000: 1331480.939: [GC 8974432K->2050550K(14478528K), 0.9462650 secs]
2018-05-26T16:05:01.611+0000: 1331541.232: [GC 9003254K->2057553K(14441792K), 0.9385490 secs]
2018-05-26T16:06:00.542+0000: 1331600.162: [GC 8957777K->2071547K(14431424K), 0.8458780 secs]
2018-05-26T16:07:20.069+0000: 1331679.690: [GC 8971771K->2070479K(14440960K), 0.8897780 secs]
2018-05-26T16:08:09.803+0000: 1331729.423: [GC 8940367K->2055108K(14444992K), 0.6994800 secs]
2018-05-26T16:08:28.262+0000: 1331747.882: [GC 8924996K->2005611K(14448384K), 0.4181180 secs]
2018-05-26T16:08:49.736+0000: 1331769.357: [GC 8885739K->2033141K(14450112K), 0.5462740 secs]
2018-05-26T16:09:55.608+0000: 1331835.229: [GC 8913269K->2115526K(14434752K), 0.8289670 secs]
2018-05-26T16:10:41.303+0000: 1331880.924: [GC 8983750K->2128557K(14398080K), 0.9125860 secs]
2018-05-26T16:11:37.105+0000: 1331936.725: [GC 8996781K->2134416K(14426432K), 0.8696310 secs]
2018-05-26T16:12:41.770+0000: 1332001.390: [GC 8977296K->2144287K(14371776K), 0.9042340 secs]
2018-05-26T16:13:08.613+0000: 1332028.234: [GC 8987167K->2082333K(14430336K), 0.5444590 secs]
2018-05-26T16:13:25.701+0000: 1332045.321: [GC 8920349K->2077201K(14427776K), 0.5000980 secs]
2018-05-26T16:13:49.002+0000: 1332068.623: [GC 8915217K->2088474K(14434880K), 0.4985680 secs]
2018-05-26T16:14:09.906+0000: 1332089.527: [GC 8934746K->2082226K(14431488K), 0.4381200 secs]
2018-05-26T16:14:30.059+0000: 1332109.680: [GC 8928498K->2090114K(14439872K), 0.4698480 secs]
2018-05-26T16:14:47.833+0000: 1332127.454: [GC 8946562K->2095550K(14436672K), 0.4594470 secs]
2018-05-26T16:15:04.477+0000: 1332144.098: [GC 8951998K->2102790K(14448896K), 0.4417470 secs]
2018-05-26T16:15:28.357+0000: 1332167.977: [GC 8975494K->2116787K(14443904K), 0.4574120 secs]
2018-05-26T16:15:46.193+0000: 1332185.814: [GC 8989491K->2125536K(14462592K), 0.4556370 secs]
2018-05-26T16:16:16.868+0000: 1332216.489: [GC 9023712K->2148936K(14455680K), 0.6032560 secs]
2018-05-26T16:16:34.199+0000: 1332233.819: [GC 9047112K->2140341K(14477568K), 0.4840780 secs]
2018-05-26T16:17:03.272+0000: 1332262.893: [GC 9069813K->2151314K(14472000K), 0.5434950 secs]
2018-05-26T16:18:09.297+0000: 1332328.918: [GC 9080786K->2228279K(14456192K), 0.8761330 secs]
2018-05-26T16:19:06.034+0000: 1332385.655: [GC 9147959K->2251136K(14448000K), 0.9292900 secs]
2018-05-26T16:19:34.209+0000: 1332413.830: [GC 9170816K->2193769K(14462528K), 0.5415250 secs]
2018-05-26T16:19:51.209+0000: 1332430.830: [GC 9091497K->2187506K(14455296K), 0.4604930 secs]
2018-05-26T16:20:13.932+0000: 1332453.553: [GC 9085234K->2201274K(14472768K), 0.4846910 secs]
2018-05-26T16:20:32.807+0000: 1332472.427: [GC 9120890K->2211736K(14466944K), 0.4930530 secs]
2018-05-26T16:20:49.818+0000: 1332489.439: [GC 9131352K->2204435K(14481152K), 0.3935340 secs]
2018-05-26T16:21:10.001+0000: 1332509.621: [GC 9143955K->2222963K(14478464K), 0.5247690 secs]
2018-05-26T16:21:27.746+0000: 1332527.367: [GC 9162483K->2222617K(14490112K), 0.4580970 secs]
2018-05-26T16:21:59.729+0000: 1332559.350: [GC 9178969K->2253837K(14486336K), 0.6533620 secs]
2018-05-26T16:23:15.779+0000: 1332635.400: [GC 9210189K->2323908K(14451584K), 0.9471280 secs]
2018-05-26T16:24:08.769+0000: 1332688.390: [GC 9250116K->2337382K(14455040K), 0.9454550 secs]
2018-05-26T16:25:01.753+0000: 1332741.373: [GC 9263590K->2329009K(14448384K), 0.7850550 secs]
2018-05-26T16:25:20.792+0000: 1332760.413: [GC 9215793K->2268047K(14453440K), 0.4144870 secs]
2018-05-26T16:25:37.727+0000: 1332777.347: [GC 9154831K->2278039K(14459904K), 0.4316110 secs]
2018-05-26T16:25:58.373+0000: 1332797.994: [GC 9173975K->2294464K(14456128K), 0.4630130 secs]
2018-05-26T16:26:17.779+0000: 1332817.400: [GC 9190400K->2300799K(14471232K), 0.5238620 secs]
2018-05-26T16:26:38.235+0000: 1332837.855: [GC 9217599K->2305666K(14465664K), 0.4902110 secs]
2018-05-26T16:26:55.233+0000: 1332854.853: [GC 9222466K->2305052K(14480064K), 0.4931180 secs]
2018-05-26T16:27:12.209+0000: 1332871.830: [GC 9241308K->2317577K(14476288K), 0.5100270 secs]
2018-05-26T16:28:00.578+0000: 1332920.199: [GC 9253833K->2385139K(14464448K), 0.7394980 secs]
2018-05-26T16:29:11.847+0000: 1332991.467: [GC 9314547K->2416403K(14458944K), 0.9519230 secs]
2018-05-26T16:31:42.698+0000: 1333142.319: [GC 9345811K->2411592K(14445504K), 0.8405900 secs]
2018-05-26T16:33:05.133+0000: 1333224.754: [GC 4104724K->2291202K(14261504K), 0.1749860 secs]
2018-05-26T16:33:05.308+0000: 1333224.929: [Full GC 2291202K->1084607K(14261504K), 3.8447280 secs]
2018-05-26T16:35:48.311+0000: 1333387.932: [GC 7969215K->1248949K(14438464K), 0.7143660 secs]
2018-05-26T16:36:48.540+0000: 1333448.161: [GC 8111797K->1240708K(14441472K), 0.6860490 secs]
2018-05-26T16:37:05.683+0000: 1333465.304: [GC 8103556K->1201668K(14452416K), 0.4190210 secs]
2018-05-26T16:38:04.498+0000: 1333524.119: [GC 8083332K->1277595K(14449344K), 0.7075440 secs]
2018-05-26T16:39:10.072+0000: 1333589.693: [GC 8159259K->1312768K(14430400K), 0.8311260 secs]
2018-05-26T16:39:57.616+0000: 1333637.237: [GC 8172928K->1334106K(14390208K), 0.8112460 secs]
2018-05-26T16:40:44.482+0000: 1333684.103: [GC 8194266K->1314147K(14433728K), 0.6912350 secs]
2018-05-26T16:40:58.726+0000: 1333698.347: [GC 8158307K->1278885K(14430528K), 0.5248240 secs]
2018-05-26T16:41:15.175+0000: 1333714.795: [GC 8123045K->1262395K(14440576K), 0.4132170 secs]
2018-05-26T16:41:31.006+0000: 1333730.627: [GC 8121787K->1271200K(14438912K), 0.4025250 secs]
2018-05-26T16:41:42.769+0000: 1333742.389: [GC 8130592K->1274877K(14447104K), 0.3916230 secs]
2018-05-26T16:41:55.929+0000: 1333755.550: [GC 8145789K->1292902K(14443904K), 0.4034330 secs]
2018-05-26T16:42:14.948+0000: 1333774.569: [GC 8163814K->1283302K(14455488K), 0.3626020 secs]
2018-05-26T16:42:33.949+0000: 1333793.570: [GC 8171558K->1306486K(14452864K), 0.4529340 secs]
2018-05-26T16:43:31.318+0000: 1333850.939: [GC 8194742K->1404454K(14430016K), 0.9555710 secs]
2018-05-26T16:44:21.281+0000: 1333900.901: [GC 8276262K->1420117K(14404736K), 0.9862270 secs]
2018-05-26T16:45:19.112+0000: 1333958.733: [GC 8291925K->1426886K(14411712K), 0.8004410 secs]
2018-05-26T16:46:16.100+0000: 1334015.720: [GC 8250054K->1431604K(14350656K), 0.7852350 secs]
2018-05-26T16:46:32.330+0000: 1334031.951: [GC 8254772K->1360808K(14421376K), 0.4638400 secs]
2018-05-26T16:46:47.192+0000: 1334046.813: [GC 8177192K->1372233K(14415104K), 0.4897710 secs]
2018-05-26T16:47:00.720+0000: 1334060.341: [GC 8188617K->1368273K(14433408K), 0.4430340 secs]
2018-05-26T16:47:18.335+0000: 1334077.956: [GC 8210065K->1373841K(14428480K), 0.4468150 secs]
2018-05-26T16:47:58.503+0000: 1334118.124: [GC 8215633K->1442261K(14438656K), 0.7617520 secs]
2018-05-26T16:48:45.552+0000: 1334165.173: [GC 8299413K->1494601K(14398464K), 0.9828450 secs]
2018-05-26T16:49:34.745+0000: 1334214.366: [GC 8351753K->1502713K(14405312K), 0.9952530 secs]
2018-05-26T16:50:03.840+0000: 1334243.461: [GC 8311673K->1447181K(14414528K), 0.5626840 secs]
2018-05-26T16:50:20.173+0000: 1334259.794: [GC 8256141K->1422741K(14427840K), 0.4102900 secs]
2018-05-26T16:50:31.142+0000: 1334270.763: [GC 8254869K->1428174K(14424384K), 0.3641400 secs]
2018-05-26T16:50:43.088+0000: 1334282.709: [GC 8260302K->1441069K(14438144K), 0.4413660 secs]
2018-05-26T16:50:54.773+0000: 1334294.393: [GC 8291245K->1446668K(14432128K), 0.4623590 secs]
2018-05-26T16:51:11.387+0000: 1334311.007: [GC 8296844K->1445014K(14448320K), 0.3705590 secs]
2018-05-26T16:51:22.552+0000: 1334322.172: [GC 8317078K->1450832K(14443840K), 0.2430540 secs]
2018-05-26T16:51:33.838+0000: 1334333.459: [GC 8322896K->1462226K(14459328K), 0.4074400 secs]
2018-05-26T16:51:46.089+0000: 1334345.709: [GC 8354450K->1466461K(14452992K), 0.4264880 secs]
2018-05-26T16:52:00.751+0000: 1334360.372: [GC 8358685K->1464229K(14470144K), 0.3233060 secs]
2018-05-26T16:52:13.594+0000: 1334373.214: [GC 8379557K->1480414K(14465280K), 0.4042220 secs]
2018-05-26T16:52:25.157+0000: 1334384.778: [GC 8395742K->1471873K(14481088K), 0.2572070 secs]
2018-05-26T16:52:37.186+0000: 1334396.807: [GC 8409857K->1492953K(14476992K), 0.4471920 secs]
2018-05-26T16:52:56.768+0000: 1334416.389: [GC 8430937K->1496951K(14494976K), 0.4581000 secs]
2018-05-26T16:53:38.730+0000: 1334458.351: [GC 8460151K->1565707K(14460608K), 0.7854030 secs]
2018-05-26T16:54:50.980+0000: 1334530.600: [GC 8528907K->1607693K(14440192K), 0.9024820 secs]
2018-05-26T16:55:53.282+0000: 1334592.903: [GC 8511245K->1613013K(14434176K), 0.8316350 secs]
2018-05-26T16:56:27.842+0000: 1334627.463: [GC 8516565K->1560547K(14455360K), 0.6093700 secs]
2018-05-26T16:56:44.818+0000: 1334644.439: [GC 8440739K->1540848K(14444928K), 0.4317190 secs]
2018-05-26T16:56:55.860+0000: 1334655.481: [GC 8421040K->1557740K(14467200K), 0.4695460 secs]
2018-05-26T16:57:10.254+0000: 1334669.874: [GC 8465388K->1572190K(14460544K), 0.5310260 secs]
2018-05-26T16:57:31.068+0000: 1334690.689: [GC 8479838K->1602757K(14478784K), 0.6433550 secs]
2018-05-26T16:58:03.952+0000: 1334723.573: [GC 8536197K->1613751K(14474752K), 0.6185500 secs]
2018-05-26T16:58:20.569+0000: 1334740.190: [GC 8547191K->1595144K(14487040K), 0.4034130 secs]
2018-05-26T16:58:32.098+0000: 1334751.718: [GC 8544968K->1602642K(14482880K), 0.4560350 secs]
2018-05-26T16:58:43.948+0000: 1334763.569: [GC 8552466K->1605191K(14494656K), 0.4379900 secs]
2018-05-26T16:58:55.873+0000: 1334775.494: [GC 8570823K->1612988K(14491072K), 0.3955260 secs]
2018-05-26T16:59:12.677+0000: 1334792.297: [GC 8578620K->1629758K(14503360K), 0.4566960 secs]
2018-05-26T16:59:33.297+0000: 1334812.917: [GC 8611134K->1646668K(14498112K), 0.5542830 secs]
2018-05-26T17:00:22.362+0000: 1334861.983: [GC 8628044K->1696576K(14491840K), 0.6857420 secs]
2018-05-26T17:01:11.001+0000: 1334910.622: [GC 8677184K->1748207K(14500352K), 0.8522260 secs]
2018-05-26T17:01:39.538+0000: 1334939.159: [GC 8728815K->1714569K(14458112K), 0.6252850 secs]
2018-05-26T17:01:54.447+0000: 1334954.068: [GC 8652937K->1703162K(14479232K), 0.5167150 secs]
2018-05-26T17:02:07.393+0000: 1334967.014: [GC 8641530K->1697769K(14487296K), 0.4486400 secs]
2018-05-26T17:02:23.002+0000: 1334982.622: [GC 8649385K->1687435K(14484416K), 0.3497690 secs]
2018-05-26T17:02:35.048+0000: 1334994.669: [GC 8639051K->1711725K(14491072K), 0.4119770 secs]
2018-05-26T17:02:47.618+0000: 1335007.239: [GC 8669997K->1716947K(14487296K), 0.4444640 secs]
2018-05-26T17:03:44.798+0000: 1335064.418: [GC 8675219K->1780674K(14479616K), 0.7420980 secs]
2018-05-26T17:04:19.015+0000: 1335098.636: [GC 8735170K->1756271K(14487296K), 0.5137330 secs]
2018-05-26T17:04:34.505+0000: 1335114.126: [GC 8710767K->1758654K(14499456K), 0.5186220 secs]
2018-05-26T17:05:03.486+0000: 1335143.107: [GC 8732478K->1772855K(14494464K), 0.5316850 secs]
2018-05-26T17:05:18.637+0000: 1335158.258: [GC 8746679K->1764766K(14508672K), 0.4506320 secs]
2018-05-26T17:05:50.546+0000: 1335190.166: [GC 8759006K->1783350K(14505664K), 0.5170950 secs]
2018-05-26T17:06:05.752+0000: 1335205.373: [GC 8777590K->1782214K(14517440K), 0.4131740 secs]
2018-05-26T17:07:05.955+0000: 1335265.576: [GC 8793734K->1867918K(14514176K), 0.8541090 secs]
2018-05-26T17:07:41.555+0000: 1335301.176: [GC 8879438K->1841825K(14483328K), 0.5962110 secs]
2018-05-26T17:07:59.519+0000: 1335319.140: [GC 8819233K->1831624K(14498752K), 0.5022410 secs]
2018-05-26T17:08:22.411+0000: 1335342.031: [GC 8809032K->1839990K(14505472K), 0.4970930 secs]
2018-05-26T17:09:38.201+0000: 1335417.821: [GC 8827190K->1938268K(14501824K), 0.9511760 secs]
2018-05-26T17:09:56.938+0000: 1335436.559: [GC 8925468K->1889277K(14464960K), 0.3861000 secs]
2018-05-26T17:10:13.861+0000: 1335453.482: [GC 8835965K->1895628K(14483392K), 0.4986000 secs]
2018-05-26T17:10:40.821+0000: 1335480.442: [GC 8842316K->1906112K(14492992K), 0.5438610 secs]
2018-05-26T17:10:56.339+0000: 1335495.959: [GC 8866688K->1902399K(14487680K), 0.5031070 secs]
2018-05-26T17:11:28.197+0000: 1335527.817: [GC 8862975K->1915168K(14500544K), 0.5281310 secs]
2018-05-26T17:11:44.638+0000: 1335544.259: [GC 8891552K->1923170K(14495936K), 0.5459050 secs]
2018-05-26T17:12:20.648+0000: 1335580.268: [GC 8899554K->1947939K(14505664K), 0.5718690 secs]
2018-05-26T17:12:39.894+0000: 1335599.514: [GC 8938467K->1921444K(14504960K), 0.4565640 secs]
2018-05-26T17:12:57.748+0000: 1335617.368: [GC 8911972K->1929999K(14509120K), 0.4708960 secs]
2018-05-26T17:13:21.716+0000: 1335641.336: [GC 8925903K->1950147K(14506880K), 0.5398870 secs]
2018-05-26T17:13:39.701+0000: 1335659.322: [GC 8946051K->1942811K(14516160K), 0.4773880 secs]
2018-05-26T17:14:10.834+0000: 1335690.454: [GC 8953179K->2004280K(14505216K), 0.7667630 secs]
2018-05-26T17:14:44.268+0000: 1335723.889: [GC 9014648K->1973908K(14510720K), 0.5569510 secs]
2018-05-26T17:15:00.984+0000: 1335740.605: [GC 8970836K->1979331K(14506304K), 0.4674630 secs]
2018-05-26T17:15:57.349+0000: 1335796.970: [GC 8976259K->2059997K(14468992K), 0.8855280 secs]
2018-05-26T17:17:28.314+0000: 1335887.934: [GC 9023581K->2108395K(14491840K), 0.9560770 secs]
2018-05-26T17:17:55.335+0000: 1335914.956: [GC 9071979K->2051291K(14445632K), 0.5425620 secs]
2018-05-26T17:18:14.584+0000: 1335934.205: [GC 8968667K->2067920K(14468736K), 0.5533980 secs]
2018-05-26T17:21:01.123+0000: 1336100.744: [GC 8985296K->2119948K(14469312K), 0.7306490 secs]
2018-05-26T17:21:22.974+0000: 1336122.594: [GC 9043212K->2075899K(14471680K), 0.4225590 secs]
2018-05-26T17:21:52.804+0000: 1336152.425: [GC 8999163K->2098142K(14475584K), 0.5274380 secs]
2018-05-26T17:23:45.582+0000: 1336265.203: [GC 9025310K->2186716K(14453504K), 0.7622010 secs]
2018-05-26T17:25:02.203+0000: 1336341.824: [GC 9113884K->2210941K(14433856K), 0.8804930 secs]
2018-05-26T17:26:56.545+0000: 1336456.166: [GC 9085693K->2224886K(14408256K), 0.8387520 secs]
2018-05-26T17:27:41.669+0000: 1336501.290: [GC 9099638K->2199630K(14443840K), 0.6063070 secs]
2018-05-26T17:28:26.029+0000: 1336545.650: [GC 9059598K->2210598K(14436224K), 0.5881020 secs]
2018-05-26T17:28:42.533+0000: 1336562.154: [GC 9070566K->2199799K(14452160K), 0.4610070 secs]
2018-05-26T17:29:15.451+0000: 1336595.072: [GC 9082295K->2211547K(14450432K), 0.4521100 secs]
2018-05-26T17:29:32.912+0000: 1336612.533: [GC 9094043K->2213514K(14457280K), 0.4011990 secs]
2018-05-26T17:30:09.509+0000: 1336649.129: [GC 9106058K->2246533K(14455360K), 0.2583180 secs]
2018-05-26T17:30:52.993+0000: 1336692.614: [GC 9139077K->2249051K(14468544K), 0.4236330 secs]
2018-05-26T17:31:56.236+0000: 1336755.857: [GC 9161563K->2360784K(14446848K), 0.9539890 secs]
2018-05-26T17:32:36.571+0000: 1336796.191: [GC 9273296K->2333474K(14454848K), 0.6997430 secs]
2018-05-26T17:33:09.163+0000: 1336828.784: [GC 6783082K->2328638K(14451200K), 0.6229430 secs]
2018-05-26T17:33:09.787+0000: 1336829.407: [Full GC 2328638K->1199989K(14451200K), 3.8404530 secs]
2018-05-26T17:33:36.457+0000: 1336856.078: [GC 8085941K->1303542K(14466688K), 0.4800980 secs]
2018-05-26T17:33:56.482+0000: 1336876.103: [GC 8213046K->1303319K(14462912K), 0.3972460 secs]
2018-05-26T17:34:14.352+0000: 1336893.973: [GC 8212823K->1327816K(14472576K), 0.4692180 secs]
2018-05-26T17:34:32.292+0000: 1336911.913: [GC 8248392K->1353259K(14468096K), 0.5261770 secs]
2018-05-26T17:34:57.024+0000: 1336936.644: [GC 8273835K->1370949K(14487360K), 0.5261980 secs]
2018-05-26T17:35:12.380+0000: 1336952.000: [GC 8317765K->1369969K(14479552K), 0.4862840 secs]
2018-05-26T17:35:47.885+0000: 1336987.505: [GC 8316785K->1408256K(14491712K), 0.6469590 secs]
2018-05-26T17:36:06.857+0000: 1337006.478: [GC 8372352K->1389364K(14492096K), 0.4403880 secs]
2018-05-26T17:36:53.342+0000: 1337052.963: [GC 8353460K->1494766K(14442176K), 0.9593510 secs]
2018-05-26T17:37:44.562+0000: 1337104.183: [GC 8412526K->1519781K(14456576K), 0.8304520 secs]
2018-05-26T17:38:41.557+0000: 1337161.178: [GC 8437541K->1537548K(14421120K), 0.8962160 secs]
2018-05-26T17:39:33.532+0000: 1337213.152: [GC 8395148K->1547489K(14387520K), 0.8196980 secs]
2018-05-26T17:39:56.664+0000: 1337236.285: [GC 8405089K->1497399K(14438016K), 0.5011860 secs]
2018-05-26T17:40:13.319+0000: 1337252.940: [GC 8346423K->1498068K(14431104K), 0.4860130 secs]
2018-05-26T17:40:38.150+0000: 1337277.770: [GC 8347092K->1511573K(14448448K), 0.5324470 secs]
2018-05-26T17:40:54.035+0000: 1337293.655: [GC 8382485K->1509001K(14442560K), 0.5391070 secs]
2018-05-26T17:41:26.535+0000: 1337326.156: [GC 8379913K->1535353K(14459904K), 0.6274290 secs]
2018-05-26T17:41:45.972+0000: 1337345.592: [GC 8427321K->1523784K(14452160K), 0.4925530 secs]
2018-05-26T17:42:03.770+0000: 1337363.390: [GC 8415752K->1533080K(14467648K), 0.4987840 secs]
2018-05-26T17:42:45.080+0000: 1337404.701: [GC 8444312K->1586051K(14463680K), 0.7051300 secs]
2018-05-26T17:43:35.109+0000: 1337454.729: [GC 8497283K->1637943K(14435968K), 0.9747920 secs]
2018-05-26T17:43:59.164+0000: 1337478.784: [GC 8520503K->1584726K(14451328K), 0.5721590 secs]
2018-05-26T17:44:15.710+0000: 1337495.331: [GC 8467286K->1572016K(14462208K), 0.5171160 secs]
2018-05-26T17:44:41.283+0000: 1337520.904: [GC 8473136K->1582251K(14459008K), 0.5413270 secs]
2018-05-26T17:44:57.083+0000: 1337536.703: [GC 8483371K->1583243K(14469760K), 0.4597880 secs]
2018-05-26T17:45:34.932+0000: 1337574.553: [GC 8499595K->1624844K(14466688K), 0.6300940 secs]
2018-05-26T17:45:52.171+0000: 1337591.792: [GC 8541196K->1590418K(14475520K), 0.4111840 secs]
2018-05-26T17:46:18.354+0000: 1337617.974: [GC 8519378K->1624851K(14473536K), 0.6558070 secs]
2018-05-26T17:46:37.712+0000: 1337637.332: [GC 8553811K->1618679K(14487552K), 0.5238400 secs]
2018-05-26T17:46:56.296+0000: 1337655.917: [GC 8569143K->1610952K(14483008K), 0.4611770 secs]
2018-05-26T17:47:21.130+0000: 1337680.751: [GC 8561416K->1610301K(14490560K), 0.4433070 secs]
2018-05-26T17:47:39.547+0000: 1337699.168: [GC 8570045K->1618936K(14489280K), 0.4488650 secs]
2018-05-26T17:48:14.538+0000: 1337734.159: [GC 8578680K->1653322K(14497728K), 0.6061310 secs]
2018-05-26T17:48:45.924+0000: 1337765.545: [GC 8623882K->1673014K(14492928K), 0.6859060 secs]
2018-05-26T17:49:02.378+0000: 1337781.998: [GC 8643574K->1646997K(14500416K), 0.4979590 secs]
2018-05-26T17:49:44.262+0000: 1337823.883: [GC 8624853K->1709716K(14476352K), 0.7839450 secs]
2018-05-26T17:50:45.601+0000: 1337885.221: [GC 8687572K->1748376K(14449856K), 0.8673230 secs]
2018-05-26T17:51:29.281+0000: 1337928.901: [GC 8669976K->1723219K(14415168K), 0.7551610 secs]
2018-05-26T17:51:48.665+0000: 1337948.285: [GC 8644819K->1679062K(14472256K), 0.4666110 secs]
2018-05-26T17:52:09.744+0000: 1337969.364: [GC 8601366K->1692511K(14470144K), 0.5191650 secs]
2018-05-26T17:53:02.037+0000: 1338021.658: [GC 8614815K->1783054K(14443648K), 0.8328960 secs]
2018-05-26T17:53:38.546+0000: 1338058.167: [GC 8682894K->1745839K(14459968K), 0.7231470 secs]
2018-05-26T17:53:54.835+0000: 1338074.456: [GC 8645679K->1716773K(14467712K), 0.4921180 secs]
2018-05-26T17:54:23.810+0000: 1338103.431: [GC 8628709K->1726561K(14464320K), 0.5252810 secs]
2018-05-26T17:54:41.443+0000: 1338121.064: [GC 8638497K->1725331K(14475904K), 0.4946870 secs]
2018-05-26T17:55:18.425+0000: 1338158.046: [GC 8653523K->1750916K(14472384K), 0.5906770 secs]
2018-05-26T17:56:13.623+0000: 1338213.243: [GC 8679108K->1818926K(14451520K), 0.7801910 secs]
2018-05-26T17:56:32.098+0000: 1338231.718: [GC 8733486K->1743298K(14467328K), 0.4613700 secs]
2018-05-26T17:56:50.589+0000: 1338250.210: [GC 8657858K->1753064K(14473088K), 0.4855270 secs]
2018-05-26T17:57:14.500+0000: 1338274.121: [GC 8675688K->1773539K(14469632K), 0.5761060 secs]
2018-05-26T17:57:32.651+0000: 1338292.272: [GC 8696163K->1760416K(14482240K), 0.4776190 secs]
2018-05-26T17:57:44.817+0000: 1338304.437: [GC 8702176K->1757716K(14479616K), 0.3871710 secs]
2018-05-26T17:57:58.446+0000: 1338318.066: [GC 8699476K->1759940K(14485568K), 0.3910020 secs]
2018-05-26T17:58:12.325+0000: 1338331.946: [GC 8709188K->1768134K(14483776K), 0.3973070 secs]
2018-05-26T17:58:26.592+0000: 1338346.213: [GC 8717382K->1773968K(14491328K), 0.3899880 secs]
2018-05-26T17:58:38.482+0000: 1338358.102: [GC 8733520K->1777134K(14488320K), 0.3995240 secs]
2018-05-26T17:58:54.589+0000: 1338374.209: [GC 8736686K->1805352K(14502016K), 0.5305510 secs]
2018-05-26T18:00:21.729+0000: 1338461.350: [GC 8781672K->1892711K(14494400K), 0.8480360 secs]
2018-05-26T18:01:12.947+0000: 1338512.568: [GC 8869031K->1892330K(14442304K), 0.7802020 secs]
2018-05-26T18:01:32.871+0000: 1338532.492: [GC 8808938K->1831793K(14468352K), 0.4303800 secs]
2018-05-26T18:01:46.784+0000: 1338546.405: [GC 8748401K->1839583K(14475520K), 0.3864470 secs]
2018-05-26T18:02:00.496+0000: 1338560.117: [GC 8767007K->1859955K(14472000K), 0.4647150 secs]
2018-05-26T18:02:41.885+0000: 1338601.505: [GC 8787379K->1895872K(14485568K), 0.6302840 secs]
2018-05-26T18:03:54.671+0000: 1338674.292: [GC 8842496K->1982733K(14481152K), 0.9866200 secs]
2018-05-26T18:04:48.044+0000: 1338727.665: [GC 8929357K->2008248K(14399488K), 0.9102620 secs]
2018-05-26T18:06:24.879+0000: 1338824.499: [GC 8868792K->2017556K(14387584K), 0.8426370 secs]
2018-05-26T18:06:41.985+0000: 1338841.605: [GC 8878100K->1953924K(14434880K), 0.4579130 secs]
2018-05-26T18:06:59.854+0000: 1338859.474: [GC 8799300K->1968451K(14430592K), 0.5396390 secs]
2018-05-26T18:07:52.504+0000: 1338912.125: [GC 8813827K->2024022K(14443328K), 0.7517920 secs]
2018-05-26T18:08:12.261+0000: 1338931.881: [GC 8888278K->1975996K(14441024K), 0.3988940 secs]
2018-05-26T18:08:33.501+0000: 1338953.122: [GC 8840252K->2016193K(14454656K), 0.5713490 secs]
2018-05-26T18:09:29.349+0000: 1339008.970: [GC 8896833K->2080482K(14446080K), 0.8611960 secs]
2018-05-26T18:09:47.890+0000: 1339027.511: [GC 8961122K->2021340K(14452032K), 0.4585850 secs]
2018-05-26T18:10:05.595+0000: 1339045.215: [GC 8901020K->2048462K(14447744K), 0.4935550 secs]
2018-05-26T18:10:28.080+0000: 1339067.701: [GC 8928142K->2047360K(14464768K), 0.4554410 secs]
2018-05-26T18:10:46.007+0000: 1339085.627: [GC 8951360K->2053106K(14459328K), 0.4104580 secs]
2018-05-26T18:11:24.759+0000: 1339124.380: [GC 8957106K->2116745K(14464832K), 0.6754020 secs]
2018-05-26T18:12:09.017+0000: 1339168.638: [GC 9031049K->2148834K(14420288K), 0.7320260 secs]
2018-05-26T18:13:01.527+0000: 1339221.147: [GC 9063138K->2159818K(14447488K), 0.8133110 secs]
2018-05-26T18:13:57.510+0000: 1339277.131: [GC 9047754K->2199234K(14428224K), 0.9654670 secs]
2018-05-26T18:14:52.608+0000: 1339332.229: [GC 9087170K->2204786K(14417344K), 0.8099530 secs]
2018-05-26T18:15:20.422+0000: 1339360.043: [GC 9040242K->2146546K(14427776K), 0.5263270 secs]
2018-05-26T18:15:36.376+0000: 1339375.996: [GC 8982002K->2140139K(14439936K), 0.4759830 secs]
2018-05-26T18:16:04.040+0000: 1339403.661: [GC 8995563K->2175743K(14435584K), 0.6622640 secs]
2018-05-26T18:16:54.852+0000: 1339454.473: [GC 9031167K->2245348K(14428928K), 0.9064200 secs]
2018-05-26T18:17:11.417+0000: 1339471.037: [GC 9103076K->2183316K(14438912K), 0.5267970 secs]
2018-05-26T18:17:27.153+0000: 1339486.773: [GC 9041044K->2200903K(14448064K), 0.5472810 secs]
2018-05-26T18:17:54.361+0000: 1339513.981: [GC 9071495K->2231839K(14442624K), 0.5860200 secs]
2018-05-26T18:18:12.353+0000: 1339531.974: [GC 9102431K->2223065K(14460608K), 0.5068970 secs]
2018-05-26T18:18:56.673+0000: 1339576.294: [GC 9120665K->2287963K(14457088K), 0.7535180 secs]
2018-05-26T18:20:11.135+0000: 1339650.756: [GC 9185563K->2325195K(14436544K), 0.8779130 secs]
2018-05-26T18:21:01.125+0000: 1339700.745: [GC 9199947K->2279040K(14447424K), 0.6652690 secs]
2018-05-26T18:21:19.605+0000: 1339719.226: [GC 9153792K->2267143K(14457984K), 0.5582150 secs]
2018-05-26T18:21:39.731+0000: 1339739.351: [GC 9159687K->2265782K(14454656K), 0.5034020 secs]
2018-05-26T18:21:58.800+0000: 1339758.421: [GC 9158326K->2262551K(14462016K), 0.4420520 secs]
2018-05-26T18:22:17.354+0000: 1339776.975: [GC 9165015K->2271207K(14460544K), 0.5054240 secs]
2018-05-26T18:22:39.969+0000: 1339799.590: [GC 9173671K->2293498K(14471808K), 0.5489500 secs]
2018-05-26T18:22:56.419+0000: 1339816.040: [GC 9210298K->2291946K(14465088K), 0.5228590 secs]
2018-05-26T18:23:26.020+0000: 1339845.640: [GC 9208746K->2295602K(14481472K), 0.5276330 secs]
2018-05-26T18:23:45.887+0000: 1339865.508: [GC 9233714K->2286456K(14476736K), 0.4236880 secs]
2018-05-26T18:25:15.431+0000: 1339955.052: [GC 9224568K->2347403K(14480448K), 0.6265200 secs]
2018-05-26T18:26:17.662+0000: 1340017.282: [GC 9291147K->2404555K(14476864K), 0.8620790 secs]
2018-05-26T18:27:23.053+0000: 1340082.674: [GC 9348299K->2389663K(14439232K), 0.8183260 secs]
2018-05-26T18:27:38.363+0000: 1340097.984: [GC 9285663K->2351281K(14458048K), 0.5838530 secs]
2018-05-26T18:27:54.850+0000: 1340114.471: [GC 9247281K->2346757K(14468800K), 0.5493780 secs]
2018-05-26T18:28:54.836+0000: 1340174.457: [GC 9260101K->2402349K(14464640K), 0.8053070 secs]
2018-05-26T18:30:01.742+0000: 1340241.363: [GC 9315693K->2440051K(14442304K), 0.8910140 secs]
2018-05-26T18:30:43.212+0000: 1340282.833: [GC 9328371K->2374158K(14454208K), 0.4975070 secs]
2018-05-26T18:30:59.377+0000: 1340298.997: [GC 9262478K->2381078K(14462720K), 0.5249540 secs]
2018-05-26T18:31:34.804+0000: 1340334.424: [GC 9282198K->2391363K(14458496K), 0.5076560 secs]
2018-05-26T18:31:53.967+0000: 1340353.588: [GC 9292483K->2387417K(14471232K), 0.4788360 secs]
2018-05-26T18:32:14.090+0000: 1340373.711: [GC 9306713K->2402402K(14468160K), 0.5252550 secs]
2018-05-26T18:33:10.381+0000: 1340430.001: [GC 9321698K->2488316K(14445184K), 0.9552980 secs]
2018-05-26T18:33:13.637+0000: 1340433.257: [GC 2871030K->2321704K(14253184K), 0.0731990 secs]
2018-05-26T18:33:13.710+0000: 1340433.331: [Full GC 2321704K->1123700K(14253184K), 4.0063890 secs]
2018-05-26T18:34:27.779+0000: 1340507.400: [GC 8024948K->1315288K(14418304K), 0.8601990 secs]
2018-05-26T18:34:46.845+0000: 1340526.465: [GC 8162392K->1253287K(14433600K), 0.5331570 secs]
2018-05-26T18:35:01.891+0000: 1340541.512: [GC 8100391K->1263727K(14452288K), 0.4659870 secs]
2018-05-26T18:35:36.183+0000: 1340575.804: [GC 8139183K->1281451K(14443264K), 0.5501740 secs]
2018-05-26T18:35:54.938+0000: 1340594.558: [GC 8156907K->1271610K(14468288K), 0.4370050 secs]
2018-05-26T18:36:15.156+0000: 1340614.777: [GC 8182330K->1280505K(14462528K), 0.5114170 secs]
2018-05-26T18:36:35.240+0000: 1340634.861: [GC 8191225K->1287338K(14480320K), 0.4787650 secs]
2018-05-26T18:36:56.213+0000: 1340655.834: [GC 8221866K->1299890K(14474304K), 0.5745360 secs]
2018-05-26T18:37:23.436+0000: 1340683.057: [GC 8234418K->1310549K(14494208K), 0.5300250 secs]
2018-05-26T18:37:43.303+0000: 1340702.923: [GC 8271765K->1284537K(14487104K), 0.3569480 secs]
2018-05-26T18:38:21.493+0000: 1340741.114: [GC 8245753K->1373903K(14473664K), 0.7966320 secs]
2018-05-26T18:39:43.168+0000: 1340822.789: [GC 8321743K->1405160K(14472320K), 0.9486560 secs]
2018-05-26T18:41:36.658+0000: 1340936.279: [GC 8353000K->1406408K(14442880K), 0.8595240 secs]
2018-05-26T18:42:15.615+0000: 1340975.235: [GC 8301512K->1339000K(14457600K), 0.4298840 secs]
2018-05-26T18:42:33.770+0000: 1340993.390: [GC 8234104K->1358362K(14464832K), 0.4678050 secs]
2018-05-26T18:42:57.451+0000: 1341017.072: [GC 8263002K->1384168K(14459904K), 0.5714340 secs]
2018-05-26T18:43:17.906+0000: 1341037.527: [GC 8288808K->1375396K(14478208K), 0.5073110 secs]
2018-05-26T18:43:36.181+0000: 1341055.802: [GC 8306916K->1380742K(14473408K), 0.4915230 secs]
2018-05-26T18:44:25.420+0000: 1341105.041: [GC 8312262K->1478485K(14444096K), 0.9909100 secs]
2018-05-26T18:45:08.729+0000: 1341148.350: [GC 8385365K->1489527K(14440000K), 0.9415180 secs]
2018-05-26T18:46:13.658+0000: 1341213.279: [GC 8396407K->1482960K(14433920K), 0.8178010 secs]
2018-05-26T18:46:30.383+0000: 1341230.004: [GC 8344912K->1417156K(14441024K), 0.4834410 secs]
2018-05-26T18:46:46.015+0000: 1341245.635: [GC 8279108K->1430532K(14449600K), 0.5357890 secs]
2018-05-26T18:47:14.880+0000: 1341274.501: [GC 8304324K->1444260K(14444288K), 0.5400050 secs]
2018-05-26T18:47:30.756+0000: 1341290.377: [GC 8318052K->1442297K(14461952K), 0.5120190 secs]
2018-05-26T18:48:27.312+0000: 1341346.933: [GC 8340921K->1504610K(14456768K), 0.8278660 secs]
2018-05-26T18:49:28.010+0000: 1341407.631: [GC 8403234K->1535113K(14435264K), 0.9183960 secs]
2018-05-26T18:50:23.905+0000: 1341463.526: [GC 8407817K->1544353K(14399808K), 0.8605670 secs]
2018-05-26T18:51:05.255+0000: 1341504.875: [GC 8417057K->1505372K(14446912K), 0.6562680 secs]
2018-05-26T18:51:23.357+0000: 1341522.977: [GC 8369692K->1489309K(14437504K), 0.5148610 secs]
2018-05-26T18:51:41.788+0000: 1341541.408: [GC 8353629K->1489280K(14453952K), 0.5252830 secs]
2018-05-26T18:52:09.107+0000: 1341568.728: [GC 8373824K->1515621K(14450688K), 0.5764080 secs]
2018-05-26T18:52:25.331+0000: 1341584.952: [GC 8400165K->1506220K(14464768K), 0.4915500 secs]
2018-05-26T18:53:12.144+0000: 1341631.765: [GC 8412332K->1576828K(14414208K), 0.8614220 secs]
2018-05-26T18:54:11.341+0000: 1341690.962: [GC 8482940K->1607027K(14434496K), 1.0177610 secs]
2018-05-26T18:55:12.549+0000: 1341752.169: [GC 8480883K->1593360K(14384576K), 0.7549130 secs]
2018-05-26T18:55:28.121+0000: 1341767.741: [GC 8467216K->1537743K(14447296K), 0.4434530 secs]
2018-05-26T18:55:44.786+0000: 1341784.406: [GC 8410063K->1562949K(14445120K), 0.5490900 secs]
2018-05-26T18:56:48.744+0000: 1341848.364: [GC 8435269K->1635513K(14435904K), 0.8808210 secs]
2018-05-26T18:57:41.565+0000: 1341901.185: [GC 8504761K->1618338K(14444672K), 0.7545340 secs]
2018-05-26T18:57:57.708+0000: 1341917.328: [GC 8487586K->1576516K(14450240K), 0.5240340 secs]
2018-05-26T18:58:30.522+0000: 1341950.142: [GC 8454532K->1606270K(14447872K), 0.6666100 secs]
2018-05-26T19:01:52.373+0000: 1342151.993: [GC 8484286K->1650015K(14454144K), 0.8149100 secs]
2018-05-26T19:07:45.680+0000: 1342505.301: [GC 8541663K->1641355K(14455872K), 0.6406250 secs]
2018-05-26T19:14:33.591+0000: 1342913.212: [GC 8533003K->1660870K(14470080K), 0.6522360 secs]
2018-05-26T19:22:19.105+0000: 1343378.726: [GC 8574278K->1681421K(14463424K), 0.6580050 secs]
2018-05-26T19:28:50.277+0000: 1343769.898: [GC 8594829K->1697797K(14479936K), 0.6354350 secs]
2018-05-26T19:33:17.728+0000: 1344037.348: [GC 6934100K->1682333K(14475520K), 0.4695230 secs]
2018-05-26T19:33:18.198+0000: 1344037.818: [Full GC 1682333K->1080114K(14475520K), 3.3764910 secs]
2018-05-26T19:39:27.711+0000: 1344407.331: [GC 8015474K->1207570K(14484352K), 0.6202110 secs]
2018-05-26T19:48:08.739+0000: 1344928.360: [GC 8150866K->1223809K(14479040K), 0.6021260 secs]
2018-05-26T19:54:09.524+0000: 1345289.144: [GC 8167105K->1243938K(14493056K), 0.6277730 secs]
2018-05-26T19:59:52.937+0000: 1345632.557: [GC 8206178K->1257687K(14489280K), 0.6171950 secs]
2018-05-26T20:05:37.465+0000: 1345977.086: [GC 8219927K->1273872K(14500864K), 0.5572970 secs]
2018-05-26T20:11:56.563+0000: 1346356.183: [GC 8251536K->1287126K(14496896K), 0.6033600 secs]
2018-05-26T20:20:13.918+0000: 1346853.538: [GC 8264790K->1306041K(14508224K), 0.5526090 secs]
2018-05-26T20:26:35.984+0000: 1347235.604: [GC 8298297K->1328802K(14504128K), 0.6472640 secs]
2018-05-26T20:33:21.585+0000: 1347641.205: [GC 8112008K->1338665K(14514304K), 0.6111250 secs]
2018-05-26T20:33:22.196+0000: 1347641.817: [Full GC 1338665K->835443K(14514304K), 2.6078020 secs]
2018-05-26T20:40:14.036+0000: 1348053.657: [GC 7841779K->960467K(14512128K), 0.5325950 secs]
2018-05-26T20:47:08.599+0000: 1348468.219: [GC 7966803K->977937K(14520576K), 0.6054500 secs]
2018-05-26T20:54:56.843+0000: 1348936.464: [GC 7995921K->992494K(14517504K), 0.5288310 secs]
2018-05-26T21:04:59.555+0000: 1349539.176: [GC 8010478K->1010863K(14525120K), 0.5609280 secs]
2018-05-26T21:15:21.626+0000: 1350161.246: [GC 8038959K->1027450K(14523072K), 0.5394750 secs]
2018-05-26T21:23:53.461+0000: 1350673.081: [GC 8055546K->1047447K(14529344K), 0.6046510 secs]
2018-05-26T21:32:52.631+0000: 1351212.252: [GC 8083991K->1061290K(14527296K), 0.6085940 secs]
2018-05-26T21:33:24.814+0000: 1351244.435: [GC 1350278K->964947K(14494976K), 0.0590410 secs]
2018-05-26T21:33:24.873+0000: 1351244.494: [Full GC 964947K->632879K(14494976K), 2.2381970 secs]
2018-05-26T21:47:12.105+0000: 1352071.726: [GC 7638831K->747887K(14513024K), 0.5619280 secs]
2018-05-26T22:03:13.138+0000: 1353032.759: [GC 7753839K->766277K(14522368K), 0.5783940 secs]
2018-05-26T22:21:41.470+0000: 1354141.091: [GC 7786373K->781503K(14517824K), 0.5750690 secs]
2018-05-26T22:33:27.121+0000: 1354846.742: [GC 5212371K->761960K(14519744K), 0.3465550 secs]
2018-05-26T22:33:27.468+0000: 1354847.088: [Full GC 761960K->520063K(14519744K), 2.0513030 secs]
2018-05-26T22:56:04.008+0000: 1356203.629: [GC 7545983K->630863K(14523008K), 0.5399590 secs]
2018-05-26T23:12:51.560+0000: 1357211.180: [GC 7656783K->642058K(14530048K), 0.5315660 secs]
2018-05-26T23:32:53.858+0000: 1358413.479: [GC 7679178K->661770K(14527168K), 0.5180300 secs]
2018-05-26T23:33:29.529+0000: 1358449.150: [GC 809260K->583760K(14505408K), 0.0599190 secs]
2018-05-26T23:33:29.589+0000: 1358449.210: [Full GC 583760K->440533K(14505408K), 1.8894380 secs]
2018-05-27T00:06:54.324+0000: 1360453.945: [GC 7459413K->543394K(14519488K), 0.5051550 secs]
2018-05-27T00:33:31.489+0000: 1362051.110: [GC 4999534K->531695K(14524928K), 0.3407600 secs]
2018-05-27T00:33:31.830+0000: 1362051.450: [Full GC 531695K->435161K(14524928K), 1.9288380 secs]
2018-05-27T01:27:54.582+0000: 1365314.203: [GC 7463833K->531893K(14523840K), 0.5347880 secs]
2018-05-27T01:33:33.770+0000: 1365653.391: [GC 1381641K->469010K(14513152K), 0.0888520 secs]
2018-05-27T01:33:33.859+0000: 1365653.480: [Full GC 469010K->358647K(14513152K), 1.6962020 secs]
2018-05-27T02:17:36.254+0000: 1368295.875: [GC 7382007K->453387K(14521728K), 0.4942890 secs]
2018-05-27T02:33:35.568+0000: 1369255.188: [GC 3453535K->420679K(14523968K), 0.2275790 secs]
2018-05-27T02:33:35.795+0000: 1369255.416: [Full GC 420679K->348748K(14523968K), 1.6938920 secs]
2018-05-27T03:07:55.726+0000: 1371315.347: [GC 7378636K->444896K(14524992K), 0.4808190 secs]
2018-05-27T03:30:24.276+0000: 1372663.896: [GC 7474784K->465916K(14529600K), 0.4536590 secs]
2018-05-27T03:33:37.499+0000: 1372857.120: [GC 1782267K->409688K(14396416K), 0.1164040 secs]
2018-05-27T03:33:37.616+0000: 1372857.237: [Full GC 409688K->323596K(14396416K), 1.5745460 secs]
2018-05-27T03:50:38.480+0000: 1373878.101: [GC 7360524K->425725K(14523008K), 0.4597290 secs]
2018-05-27T04:09:51.997+0000: 1375031.617: [GC 7453437K->439938K(14523904K), 0.5207510 secs]
2018-05-27T04:27:08.654+0000: 1376068.274: [GC 7467650K->456229K(14526848K), 0.5170950 secs]
2018-05-27T04:33:39.201+0000: 1376458.821: [GC 3350352K->415646K(14525312K), 0.2031100 secs]
2018-05-27T04:33:39.404+0000: 1376459.025: [Full GC 415646K->345010K(14525312K), 1.8295860 secs]
2018-05-27T04:50:36.623+0000: 1377476.244: [GC 7377074K->447651K(14524608K), 0.4513990 secs]
2018-05-27T05:05:54.800+0000: 1378394.420: [GC 7478691K->470976K(14480064K), 0.4759300 secs]
2018-05-27T05:20:33.837+0000: 1379273.458: [GC 7502016K->490349K(14520960K), 0.5074460 secs]
2018-05-27T05:33:23.849+0000: 1380043.470: [GC 7514221K->508138K(14473472K), 0.5440500 secs]
2018-05-27T05:33:41.245+0000: 1380060.865: [GC 708510K->420856K(14505472K), 0.0537910 secs]
2018-05-27T05:33:41.299+0000: 1380060.919: [Full GC 420856K->345052K(14505472K), 1.7655690 secs]
2018-05-27T05:45:24.112+0000: 1380763.732: [GC 7351260K->461899K(14463104K), 0.4743990 secs]
2018-05-27T05:55:45.734+0000: 1381385.355: [GC 7468107K->485608K(14500288K), 0.4476010 secs]
2018-05-27T06:05:27.769+0000: 1381967.389: [GC 7474280K->509392K(14449984K), 0.4968500 secs]
2018-05-27T06:15:53.899+0000: 1382593.520: [GC 7498064K->550111K(14482304K), 0.5406890 secs]
2018-05-27T06:27:20.180+0000: 1383279.801: [GC 7513183K->576672K(14426368K), 0.5771220 secs]
2018-05-27T06:33:43.075+0000: 1383662.695: [GC 4649242K->548779K(14494592K), 0.3280070 secs]
2018-05-27T06:33:43.403+0000: 1383663.024: [Full GC 548779K->490832K(14494592K), 2.0701300 secs]
2018-05-27T06:43:50.767+0000: 1384270.387: [GC 7456208K->606385K(14490880K), 0.5443490 secs]
2018-05-27T06:52:17.830+0000: 1384777.451: [GC 7571761K->629317K(14496256K), 0.5922720 secs]
2018-05-27T07:03:20.896+0000: 1385440.517: [GC 7601733K->656295K(14441728K), 0.5702960 secs]
2018-05-27T07:11:50.116+0000: 1385949.736: [GC 7628711K->690507K(14490752K), 0.6119440 secs]
2018-05-27T07:19:32.490+0000: 1386412.111: [GC 7654987K->716553K(14432704K), 0.5768880 secs]
2018-05-27T07:26:40.319+0000: 1386839.940: [GC 7681033K->744420K(14492864K), 0.6034530 secs]
2018-05-27T07:33:45.482+0000: 1387265.103: [GC 7190587K->757583K(14492160K), 0.5594040 secs]
2018-05-27T07:33:46.042+0000: 1387265.662: [Full GC 757583K->619550K(14492160K), 2.5003460 secs]
2018-05-27T07:40:47.680+0000: 1387687.301: [GC 7584478K->747631K(14499072K), 0.5581890 secs]
2018-05-27T07:48:43.811+0000: 1388163.432: [GC 7725039K->774535K(14498432K), 0.5961590 secs]
2018-05-27T07:56:04.833+0000: 1388604.454: [GC 7751943K->799400K(14504128K), 0.5389390 secs]
2018-05-27T08:01:29.187+0000: 1388928.808: [GC 7784424K->827806K(14500992K), 0.5765450 secs]
2018-05-27T08:02:47.972+0000: 1389007.593: [GC 7812830K->906923K(14447040K), 0.9187270 secs]
2018-05-27T08:04:12.826+0000: 1389092.447: [GC 7838251K->920713K(14447424K), 0.8861840 secs]
2018-05-27T08:05:26.046+0000: 1389165.667: [GC 7852041K->927461K(14448896K), 0.8250680 secs]
2018-05-27T08:06:44.413+0000: 1389244.034: [GC 7821157K->940396K(14413504K), 0.7710370 secs]
2018-05-27T08:07:58.663+0000: 1389318.284: [GC 7834092K->944648K(14441728K), 0.8554690 secs]
2018-05-27T08:09:16.909+0000: 1389396.529: [GC 7815432K->944685K(14379584K), 0.8209340 secs]
2018-05-27T08:10:39.748+0000: 1389479.369: [GC 7815469K->959137K(14442112K), 0.7776890 secs]
2018-05-27T08:11:54.327+0000: 1389553.948: [GC 7826209K->959891K(14443584K), 0.8405200 secs]
2018-05-27T08:13:21.820+0000: 1389641.441: [GC 7826963K->962753K(14450432K), 0.7444700 secs]
2018-05-27T08:14:30.158+0000: 1389709.779: [GC 7838529K->959004K(14445440K), 0.7490560 secs]
2018-05-27T08:15:48.832+0000: 1389788.452: [GC 7834780K->969384K(14464768K), 0.6384770 secs]
2018-05-27T08:17:00.775+0000: 1389860.395: [GC 7871848K->969047K(14457792K), 0.6679520 secs]
2018-05-27T08:18:00.095+0000: 1389919.716: [GC 7871511K->976760K(14473088K), 0.6897050 secs]
2018-05-27T08:18:20.715+0000: 1389940.336: [GC 7899128K->960301K(14469376K), 0.4820170 secs]
2018-05-27T08:18:39.581+0000: 1389959.202: [GC 7882669K->963279K(14469184K), 0.4824290 secs]
2018-05-27T08:18:57.583+0000: 1389977.204: [GC 7884367K->964575K(14353792K), 0.4223780 secs]
2018-05-27T08:19:12.396+0000: 1389992.017: [GC 7885663K->973805K(14470016K), 0.4370330 secs]
2018-05-27T08:19:28.639+0000: 1390008.260: [GC 7893293K->987991K(14469568K), 0.4730520 secs]
2018-05-27T08:19:44.383+0000: 1390024.004: [GC 7907479K->997602K(14476352K), 0.4662600 secs]
2018-05-27T08:19:57.623+0000: 1390037.244: [GC 7926498K->987303K(14472640K), 0.2644480 secs]
2018-05-27T08:20:28.018+0000: 1390067.639: [GC 7916199K->1044229K(14480064K), 0.5629470 secs]
2018-05-27T08:20:46.749+0000: 1390086.370: [GC 7981253K->1028740K(14477056K), 0.4707760 secs]
2018-05-27T08:21:03.907+0000: 1390103.528: [GC 7965764K->1035063K(14490944K), 0.5334220 secs]
2018-05-27T08:21:20.510+0000: 1390120.131: [GC 7991607K->1040832K(14485696K), 0.4824020 secs]
2018-05-27T08:21:34.901+0000: 1390134.521: [GC 7997376K->1043200K(14499072K), 0.4429310 secs]
2018-05-27T08:21:50.377+0000: 1390149.998: [GC 8017920K->1071535K(14495744K), 0.5673710 secs]
2018-05-27T08:22:07.465+0000: 1390167.085: [GC 8046255K->1064655K(14507840K), 0.4880270 secs]
2018-05-27T08:22:25.112+0000: 1390184.733: [GC 8056527K->1057360K(14504128K), 0.3926170 secs]
2018-05-27T08:22:40.215+0000: 1390199.835: [GC 8049232K->1096874K(14511104K), 0.5699610 secs]
2018-05-27T08:22:56.048+0000: 1390215.668: [GC 8096746K->1109100K(14508864K), 0.5742470 secs]
2018-05-27T08:23:11.869+0000: 1390231.490: [GC 8108972K->1107724K(14516800K), 0.5410610 secs]
2018-05-27T08:23:30.587+0000: 1390250.208: [GC 8116236K->1110178K(14511808K), 0.5138920 secs]
2018-05-27T08:23:49.919+0000: 1390269.540: [GC 8118690K->1095529K(14518592K), 0.3765230 secs]
2018-05-27T08:24:36.064+0000: 1390315.685: [GC 8114153K->1149000K(14486848K), 0.5948880 secs]
2018-05-27T08:25:43.272+0000: 1390382.893: [GC 8167624K->1162179K(14514432K), 0.5698280 secs]
2018-05-27T08:26:37.503+0000: 1390437.124: [GC 8174659K->1192048K(14497344K), 0.6529000 secs]
2018-05-27T08:27:15.687+0000: 1390475.307: [GC 8204528K->1231488K(14485440K), 0.8570450 secs]
2018-05-27T08:27:45.753+0000: 1390505.374: [GC 8206976K->1224631K(14464960K), 0.7187250 secs]
2018-05-27T08:28:04.373+0000: 1390523.994: [GC 8200119K->1180379K(14495168K), 0.4489350 secs]
2018-05-27T08:28:21.460+0000: 1390541.081: [GC 8149339K->1194584K(14493888K), 0.4674990 secs]
2018-05-27T08:28:54.467+0000: 1390574.088: [GC 8163544K->1252970K(14485184K), 0.7223520 secs]
2018-05-27T08:29:31.177+0000: 1390610.798: [GC 8216170K->1266044K(14457792K), 0.7118000 secs]
2018-05-27T08:29:48.720+0000: 1390628.341: [GC 8229244K->1239366K(14490880K), 0.5522220 secs]
2018-05-27T08:30:05.121+0000: 1390644.742: [GC 8196934K->1248159K(14486784K), 0.4902250 secs]
2018-05-27T08:30:48.456+0000: 1390688.077: [GC 8205727K->1338784K(14447872K), 0.7389170 secs]
2018-05-27T08:31:12.694+0000: 1390712.314: [GC 8261920K->1295739K(14471616K), 0.5352430 secs]
2018-05-27T08:31:32.197+0000: 1390731.818: [GC 8218875K->1291216K(14481920K), 0.5411830 secs]
2018-05-27T08:31:51.414+0000: 1390751.035: [GC 8231184K->1301131K(14478144K), 0.5410980 secs]
2018-05-27T08:32:09.783+0000: 1390769.403: [GC 8241099K->1301889K(14489280K), 0.5058400 secs]
2018-05-27T08:32:28.338+0000: 1390787.959: [GC 8257153K->1316362K(14486080K), 0.5765870 secs]
2018-05-27T08:32:46.997+0000: 1390806.617: [GC 8271626K->1314404K(14496832K), 0.4902600 secs]
2018-05-27T08:33:05.434+0000: 1390825.055: [GC 8284900K->1325240K(14493760K), 0.5183900 secs]
2018-05-27T08:33:26.458+0000: 1390846.079: [GC 8295736K->1328944K(14504256K), 0.4922510 secs]
2018-05-27T08:33:47.206+0000: 1390866.827: [GC 8313840K->1340493K(14500736K), 0.4948540 secs]
2018-05-27T08:33:48.553+0000: 1390868.173: [GC 1467136K->1254804K(14479808K), 0.0607330 secs]
2018-05-27T08:33:48.614+0000: 1390868.234: [Full GC 1254804K->774340K(14479808K), 3.5977780 secs]
2018-05-27T08:34:10.674+0000: 1390890.294: [GC 7741764K->894457K(14493760K), 0.5261900 secs]
2018-05-27T08:34:25.256+0000: 1390904.877: [GC 7861881K->895063K(14503104K), 0.4812640 secs]
2018-05-27T08:34:45.421+0000: 1390925.042: [GC 7875287K->909164K(14497216K), 0.5077440 secs]
2018-05-27T08:35:07.937+0000: 1390947.557: [GC 7889388K->932008K(14509184K), 0.5659010 secs]
2018-05-27T08:36:03.692+0000: 1391003.313: [GC 7930920K->1009751K(14509504K), 0.8811550 secs]
2018-05-27T08:36:52.612+0000: 1391052.233: [GC 8008663K->1047646K(14402752K), 0.9423780 secs]
2018-05-27T08:37:41.080+0000: 1391100.701: [GC 7939806K->1090426K(14432192K), 0.9574510 secs]
2018-05-27T08:38:32.023+0000: 1391151.644: [GC 7982586K->1099314K(14418432K), 0.9639570 secs]
2018-05-27T08:39:09.076+0000: 1391188.696: [GC 7936946K->1058709K(14428864K), 0.6196470 secs]
2018-05-27T08:39:26.660+0000: 1391206.280: [GC 7896341K->1028820K(14442432K), 0.4452340 secs]
2018-05-27T08:39:43.250+0000: 1391222.870: [GC 7890964K->1039938K(14439808K), 0.4818480 secs]
2018-05-27T08:40:19.135+0000: 1391258.755: [GC 7902082K->1098723K(14448512K), 0.6622840 secs]
2018-05-27T08:40:59.077+0000: 1391298.698: [GC 7973731K->1111606K(14446592K), 0.6901920 secs]
2018-05-27T08:41:43.399+0000: 1391343.020: [GC 7986614K->1119094K(14453248K), 0.7036080 secs]
2018-05-27T08:42:17.472+0000: 1391377.093: [GC 8002934K->1114862K(14450688K), 0.5878670 secs]
2018-05-27T08:42:33.987+0000: 1391393.608: [GC 7998702K->1090510K(14463488K), 0.4759040 secs]
2018-05-27T08:43:08.512+0000: 1391428.133: [GC 7995406K->1124759K(14461504K), 0.5795240 secs]
2018-05-27T08:43:25.475+0000: 1391445.095: [GC 8029655K->1108299K(14472640K), 0.5080910 secs]
2018-05-27T08:43:43.412+0000: 1391463.033: [GC 8031563K->1103502K(14470720K), 0.4237680 secs]
2018-05-27T08:44:21.172+0000: 1391500.793: [GC 8026766K->1175665K(14466368K), 0.7737350 secs]
2018-05-27T08:45:17.992+0000: 1391557.613: [GC 8095345K->1217652K(14450240K), 0.8432490 secs]
2018-05-27T08:46:22.159+0000: 1391621.780: [GC 8137332K->1229237K(14432896K), 0.9769130 secs]
2018-05-27T08:47:06.336+0000: 1391665.956: [GC 8098101K->1209461K(14444480K), 0.7759070 secs]
2018-05-27T08:47:24.933+0000: 1391684.554: [GC 8078325K->1170113K(14450240K), 0.5102810 secs]
2018-05-27T08:47:42.269+0000: 1391701.890: [GC 8047681K->1173145K(14447424K), 0.4914850 secs]
2018-05-27T08:48:28.579+0000: 1391748.199: [GC 8050713K->1269439K(14427200K), 0.9592670 secs]
2018-05-27T08:48:52.505+0000: 1391772.125: [GC 8129727K->1192289K(14440192K), 0.4953960 secs]
2018-05-27T08:49:10.498+0000: 1391790.119: [GC 8052576K->1195381K(14447104K), 0.4615150 secs]
2018-05-27T08:49:53.997+0000: 1391833.617: [GC 8066293K->1257694K(14443904K), 0.7107330 secs]
2018-05-27T08:50:53.703+0000: 1391893.324: [GC 8128606K->1302549K(14428672K), 0.9829390 secs]
2018-05-27T08:51:45.848+0000: 1391945.469: [GC 8160149K->1314480K(14392896K), 0.9992810 secs]
2018-05-27T08:52:04.116+0000: 1391963.737: [GC 8172080K->1243937K(14433472K), 0.5300570 secs]
2018-05-27T08:52:21.657+0000: 1391981.277: [GC 8086945K->1247817K(14429632K), 0.4621120 secs]
2018-05-27T08:52:54.579+0000: 1392014.200: [GC 8090825K->1298647K(14443136K), 0.7387260 secs]
2018-05-27T08:53:43.482+0000: 1392063.103: [GC 8158679K->1348004K(14393792K), 0.8039920 secs]
2018-05-27T08:54:31.444+0000: 1392111.065: [GC 8208036K->1357326K(14420224K), 0.9688270 secs]
2018-05-27T08:55:17.540+0000: 1392157.160: [GC 8191118K->1331443K(14426944K), 0.7151350 secs]
2018-05-27T08:56:15.926+0000: 1392215.547: [GC 8165235K->1345176K(14442880K), 0.7011990 secs]
2018-05-27T08:56:45.265+0000: 1392244.885: [GC 8203352K->1317275K(14435392K), 0.5342680 secs]
2018-05-27T08:57:02.057+0000: 1392261.678: [GC 8175451K->1307204K(14444160K), 0.4401680 secs]
2018-05-27T08:57:19.884+0000: 1392279.505: [GC 8176708K->1310933K(14444800K), 0.3996500 secs]
2018-05-27T08:57:50.312+0000: 1392309.933: [GC 8180437K->1370701K(14453248K), 0.6683260 secs]
2018-05-27T08:58:16.259+0000: 1392335.880: [GC 8248717K->1391710K(14444864K), 0.7545320 secs]
2018-05-27T08:59:00.574+0000: 1392380.195: [GC 8269726K->1412548K(14457408K), 0.8181640 secs]
2018-05-27T08:59:38.172+0000: 1392417.793: [GC 8307524K->1405504K(14457536K), 0.7133010 secs]
2018-05-27T09:00:11.187+0000: 1392450.808: [GC 8300480K->1402330K(14470272K), 0.5651600 secs]
2018-05-27T09:00:40.362+0000: 1392479.982: [GC 8317978K->1437450K(14465472K), 0.6900930 secs]
2018-05-27T09:01:19.090+0000: 1392518.711: [GC 8353098K->1443508K(14475200K), 0.7145450 secs]
2018-05-27T09:01:38.108+0000: 1392537.729: [GC 8370740K->1413549K(14472128K), 0.4939240 secs]
2018-05-27T09:01:56.286+0000: 1392555.906: [GC 8340781K->1412016K(14474176K), 0.4260550 secs]
2018-05-27T09:02:13.391+0000: 1392573.011: [GC 8341552K->1432398K(14474816K), 0.4757060 secs]
2018-05-27T09:02:30.225+0000: 1392589.846: [GC 8361934K->1430549K(14478528K), 0.4370960 secs]
2018-05-27T09:02:46.969+0000: 1392606.590: [GC 8366357K->1443797K(14477376K), 0.4770930 secs]
2018-05-27T09:03:08.019+0000: 1392627.640: [GC 8379605K->1470948K(14487488K), 0.5783770 secs]
2018-05-27T09:03:43.172+0000: 1392662.793: [GC 8419364K->1519742K(14481024K), 0.7926620 secs]
2018-05-27T09:04:18.582+0000: 1392698.203: [GC 8468158K->1532174K(14470976K), 0.7780060 secs]
2018-05-27T09:04:45.119+0000: 1392724.740: [GC 8464526K->1510917K(14476224K), 0.5773630 secs]
2018-05-27T09:05:00.305+0000: 1392739.926: [GC 8443269K->1510349K(14486656K), 0.4883620 secs]
2018-05-27T09:05:16.771+0000: 1392756.392: [GC 8459533K->1512846K(14482624K), 0.4820520 secs]
2018-05-27T09:06:09.374+0000: 1392808.995: [GC 8462030K->1539737K(14495424K), 0.5738990 secs]
2018-05-27T09:07:14.281+0000: 1392873.902: [GC 8504601K->1544992K(14489536K), 0.6207580 secs]
2018-05-27T09:08:12.406+0000: 1392932.027: [GC 8509856K->1553001K(14504128K), 0.6029420 secs]
2018-05-27T09:08:51.112+0000: 1392970.733: [GC 8537257K->1586820K(14500224K), 0.7237790 secs]
2018-05-27T09:09:27.420+0000: 1393007.040: [GC 8571076K->1591403K(14503552K), 0.6415960 secs]
2018-05-27T09:09:44.052+0000: 1393023.673: [GC 8577003K->1569307K(14502144K), 0.5148200 secs]
2018-05-27T09:10:02.198+0000: 1393041.819: [GC 8554907K->1568556K(14502400K), 0.4061530 secs]
2018-05-27T09:10:18.061+0000: 1393057.682: [GC 8554540K->1587178K(14503040K), 0.4516700 secs]
2018-05-27T09:10:35.493+0000: 1393075.114: [GC 8573162K->1588550K(14506240K), 0.3924840 secs]
2018-05-27T09:10:51.100+0000: 1393090.721: [GC 8579910K->1605387K(14505216K), 0.4308430 secs]
2018-05-27T09:11:26.870+0000: 1393126.491: [GC 8596747K->1644524K(14504960K), 0.6263960 secs]
2018-05-27T09:12:05.338+0000: 1393164.958: [GC 8638572K->1672533K(14487296K), 0.7316390 secs]
2018-05-27T09:12:44.450+0000: 1393204.071: [GC 8666581K->1687056K(14487424K), 0.7791220 secs]
2018-05-27T09:13:29.198+0000: 1393248.819: [GC 8655120K->1683956K(14452672K), 0.6427820 secs]
2018-05-27T09:13:48.605+0000: 1393268.226: [GC 8652020K->1645543K(14492480K), 0.4076380 secs]
2018-05-27T09:14:05.702+0000: 1393285.323: [GC 8611815K->1672434K(14493184K), 0.5000380 secs]
2018-05-27T09:14:33.850+0000: 1393313.471: [GC 8638706K->1712022K(14495360K), 0.6880210 secs]
2018-05-27T09:15:08.411+0000: 1393348.031: [GC 8684182K->1723154K(14496128K), 0.5872520 secs]
2018-05-27T09:15:53.770+0000: 1393393.390: [GC 8695314K->1732754K(14496640K), 0.6035070 secs]
2018-05-27T09:16:13.302+0000: 1393412.923: [GC 8705426K->1696912K(14407296K), 0.3963150 secs]
2018-05-27T09:16:29.911+0000: 1393429.532: [GC 8669584K->1714450K(14498048K), 0.5100470 secs]
2018-05-27T09:17:04.941+0000: 1393464.562: [GC 8688466K->1764000K(14460672K), 0.6960660 secs]
2018-05-27T09:18:00.962+0000: 1393520.583: [GC 8738016K->1782239K(14485440K), 0.7713760 secs]
2018-05-27T09:18:41.711+0000: 1393561.332: [GC 8743135K->1801762K(14466560K), 0.8203120 secs]
2018-05-27T09:19:54.456+0000: 1393634.076: [GC 8762658K->1814880K(14469888K), 0.6853790 secs]
2018-05-27T09:21:09.536+0000: 1393709.156: [GC 8747744K->1845302K(14457920K), 0.9569220 secs]
2018-05-27T09:22:37.962+0000: 1393797.583: [GC 8778166K->1852598K(14450240K), 0.7587310 secs]
2018-05-27T09:24:01.601+0000: 1393881.222: [GC 8747958K->1858638K(14412096K), 0.8908350 secs]
2018-05-27T09:25:13.155+0000: 1393952.776: [GC 8753998K->1871687K(14446208K), 0.8474120 secs]
2018-05-27T09:25:37.152+0000: 1393976.773: [GC 8751559K->1798589K(14318144K), 0.4032890 secs]
2018-05-27T09:25:53.728+0000: 1393993.348: [GC 8678461K->1811506K(14449408K), 0.4369990 secs]
2018-05-27T09:26:28.573+0000: 1394028.194: [GC 8689586K->1880838K(14448768K), 0.8119840 secs]
2018-05-27T09:27:05.108+0000: 1394064.729: [GC 8758918K->1868374K(14458496K), 0.6396490 secs]
2018-05-27T09:27:21.496+0000: 1394081.116: [GC 8756822K->1840034K(14450048K), 0.4771710 secs]
2018-05-27T09:27:38.714+0000: 1394098.335: [GC 8728482K->1840874K(14459840K), 0.4546170 secs]
2018-05-27T09:27:58.455+0000: 1394118.076: [GC 8739818K->1853059K(14459200K), 0.4703610 secs]
2018-05-27T09:28:15.919+0000: 1394135.540: [GC 8752003K->1863288K(14466944K), 0.4941870 secs]
2018-05-27T09:28:34.819+0000: 1394154.440: [GC 8773048K->1864116K(14462912K), 0.4721980 secs]
2018-05-27T09:28:52.594+0000: 1394172.215: [GC 8773876K->1867772K(14473024K), 0.4607250 secs]
2018-05-27T09:29:09.362+0000: 1394188.983: [GC 8790652K->1881480K(14469952K), 0.4760680 secs]
2018-05-27T09:29:31.752+0000: 1394211.372: [GC 8804360K->1901336K(14484544K), 0.5420030 secs]
2018-05-27T09:30:17.138+0000: 1394256.759: [GC 8843416K->1970788K(14457024K), 0.7751900 secs]
2018-05-27T09:30:34.628+0000: 1394274.248: [GC 8912868K->1909787K(14476160K), 0.4600520 secs]
2018-05-27T09:30:52.326+0000: 1394291.947: [GC 8837659K->1921075K(14471808K), 0.4819100 secs]
2018-05-27T09:31:38.541+0000: 1394338.162: [GC 8848947K->1996065K(14456320K), 0.8452220 secs]
2018-05-27T09:32:45.729+0000: 1394405.350: [GC 8913953K->2019395K(14447232K), 0.9637350 secs]
2018-05-27T09:33:38.478+0000: 1394458.099: [GC 8937283K->2028682K(14430144K), 0.8214400 secs]
2018-05-27T09:33:52.222+0000: 1394471.843: [GC 3304247K->1883315K(14239488K), 0.1790840 secs]
2018-05-27T09:33:52.402+0000: 1394472.022: [Full GC 1883315K->975628K(14239488K), 3.4352820 secs]
2018-05-27T09:34:50.614+0000: 1394530.235: [GC 7840140K->1164513K(14413312K), 0.8821380 secs]
2018-05-27T09:35:46.573+0000: 1394586.194: [GC 7992161K->1170732K(14352768K), 0.8560390 secs]
2018-05-27T09:36:43.167+0000: 1394642.788: [GC 7998380K->1186759K(14403456K), 0.9200340 secs]
2018-05-27T09:37:03.364+0000: 1394662.984: [GC 7987527K->1109815K(14410432K), 0.4827000 secs]
2018-05-27T09:37:21.710+0000: 1394681.330: [GC 7910583K->1116836K(14422144K), 0.4865050 secs]
2018-05-27T09:37:43.717+0000: 1394703.338: [GC 7934948K->1125208K(14416064K), 0.4781000 secs]
2018-05-27T09:38:01.545+0000: 1394721.166: [GC 7943320K->1121186K(14434112K), 0.4565920 secs]
2018-05-27T09:38:24.885+0000: 1394744.506: [GC 7964258K->1145001K(14429056K), 0.5514620 secs]
2018-05-27T09:39:29.824+0000: 1394809.445: [GC 7988073K->1223211K(14422080K), 0.9030680 secs]
2018-05-27T09:40:22.105+0000: 1394861.726: [GC 8068267K->1227288K(14366464K), 0.8025210 secs]
2018-05-27T09:41:11.483+0000: 1394911.104: [GC 8072344K->1217954K(14429888K), 0.8162070 secs]
2018-05-27T09:41:44.352+0000: 1394943.973: [GC 8054306K->1216034K(14426560K), 0.6943370 secs]
2018-05-27T09:42:31.430+0000: 1394991.051: [GC 8052386K->1235886K(14440576K), 0.6960490 secs]
2018-05-27T09:42:48.820+0000: 1395008.441: [GC 8093294K->1184015K(14436928K), 0.4404280 secs]
2018-05-27T09:43:04.983+0000: 1395024.604: [GC 8041423K->1191949K(14444480K), 0.4519300 secs]
2018-05-27T09:43:45.896+0000: 1395065.517: [GC 8058061K->1231828K(14441728K), 0.6252750 secs]
2018-05-27T09:44:34.020+0000: 1395113.641: [GC 8097940K->1271932K(14452864K), 0.8182030 secs]
2018-05-27T09:45:26.190+0000: 1395165.811: [GC 8158588K->1277933K(14453376K), 0.7206120 secs]
2018-05-27T09:46:05.993+0000: 1395205.614: [GC 8164589K->1288235K(14456960K), 0.7098810 secs]
2018-05-27T09:46:42.032+0000: 1395241.653: [GC 8180395K->1280054K(14455296K), 0.5829020 secs]
2018-05-27T09:46:58.530+0000: 1395258.151: [GC 8172214K->1261243K(14466368K), 0.4955750 secs]
2018-05-27T09:47:15.678+0000: 1395275.299: [GC 8172219K->1264393K(14464704K), 0.4498090 secs]
2018-05-27T09:47:49.031+0000: 1395308.652: [GC 8175369K->1327697K(14466240K), 0.7122540 secs]
2018-05-27T09:48:25.075+0000: 1395344.696: [GC 8241745K->1331536K(14467072K), 0.7166440 secs]
2018-05-27T09:49:01.847+0000: 1395381.468: [GC 8245584K->1336788K(14472704K), 0.6862630 secs]
2018-05-27T09:49:44.449+0000: 1395424.069: [GC 8258516K->1366230K(14469120K), 0.7013650 secs]
2018-05-27T09:50:27.008+0000: 1395466.629: [GC 8287958K->1364718K(14475968K), 0.6384500 secs]
2018-05-27T09:50:50.589+0000: 1395490.210: [GC 8291118K->1340742K(14470528K), 0.5078140 secs]
2018-05-27T09:51:10.252+0000: 1395509.873: [GC 8267142K->1345552K(14478080K), 0.4808240 secs]
2018-05-27T09:51:34.175+0000: 1395533.795: [GC 8280528K->1370730K(14476992K), 0.5719460 secs]
2018-05-27T09:52:28.040+0000: 1395587.661: [GC 8305706K->1435103K(14462464K), 0.7414910 secs]
2018-05-27T09:53:23.007+0000: 1395642.627: [GC 8360031K->1449537K(14448320K), 0.9058130 secs]
2018-05-27T09:54:24.770+0000: 1395704.391: [GC 8374465K->1461426K(14446592K), 0.9076290 secs]
2018-05-27T09:55:21.922+0000: 1395761.543: [GC 8350770K->1471148K(14415360K), 0.8314960 secs]
2018-05-27T09:55:47.580+0000: 1395787.201: [GC 8360492K->1415160K(14450752K), 0.4912040 secs]
2018-05-27T09:56:06.216+0000: 1395805.836: [GC 8294008K->1409952K(14448192K), 0.5089990 secs]
2018-05-27T09:56:43.724+0000: 1395843.344: [GC 8288800K->1452225K(14459328K), 0.6884370 secs]
2018-05-27T09:57:49.767+0000: 1395909.388: [GC 8342785K->1507366K(14418176K), 0.8735650 secs]
2018-05-27T09:58:41.657+0000: 1395961.278: [GC 8397926K->1510907K(14445376K), 0.8944540 secs]
2018-05-27T09:59:25.742+0000: 1396005.363: [GC 8386811K->1527186K(14396288K), 0.8933820 secs]
2018-05-27T10:00:07.552+0000: 1396047.173: [GC 8403090K->1526214K(14448128K), 0.6078790 secs]
2018-05-27T10:00:37.229+0000: 1396076.850: [GC 8399366K->1493741K(14445120K), 0.5365040 secs]
2018-05-27T10:00:54.893+0000: 1396094.513: [GC 8366893K->1479570K(14447104K), 0.4764630 secs]
2018-05-27T10:01:34.214+0000: 1396133.835: [GC 8356498K->1532130K(14448512K), 0.7048500 secs]
2018-05-27T10:02:08.841+0000: 1396168.461: [GC 8409058K->1543470K(14464128K), 0.6990330 secs]
2018-05-27T10:02:27.676+0000: 1396187.297: [GC 8444334K->1502567K(14456832K), 0.4405600 secs]
2018-05-27T10:02:45.602+0000: 1396205.222: [GC 8403431K->1517741K(14464128K), 0.4804480 secs]
2018-05-27T10:03:40.705+0000: 1396260.326: [GC 8424493K->1598299K(14424512K), 0.8996570 secs]
2018-05-27T10:04:34.360+0000: 1396313.981: [GC 8505051K->1609428K(14446400K), 0.8919900 secs]
2018-05-27T10:05:20.203+0000: 1396359.824: [GC 8492756K->1617109K(14398784K), 0.7767700 secs]
2018-05-27T10:06:08.230+0000: 1396407.851: [GC 8500437K->1614445K(14452288K), 0.7461110 secs]
2018-05-27T10:06:25.191+0000: 1396424.811: [GC 8495405K->1567276K(14448768K), 0.4722720 secs]
2018-05-27T10:06:44.323+0000: 1396443.944: [GC 8448236K->1576355K(14454720K), 0.4763770 secs]
2018-05-27T10:07:03.000+0000: 1396462.621: [GC 8463715K->1589290K(14452736K), 0.5257580 secs]
2018-05-27T10:07:20.350+0000: 1396479.970: [GC 8476650K->1586490K(14460672K), 0.4724040 secs]
2018-05-27T10:07:41.171+0000: 1396500.792: [GC 8485434K->1600272K(14458368K), 0.5183560 secs]
2018-05-27T10:07:58.591+0000: 1396518.211: [GC 8499216K->1602363K(14468608K), 0.4699430 secs]
2018-05-27T10:08:23.760+0000: 1396543.381: [GC 8516027K->1622797K(14465152K), 0.6163350 secs]
2018-05-27T10:09:21.469+0000: 1396601.089: [GC 8536461K->1685203K(14454976K), 0.8574660 secs]
2018-05-27T10:09:38.546+0000: 1396618.167: [GC 8595155K->1628844K(14465024K), 0.4700830 secs]
2018-05-27T10:09:55.080+0000: 1396634.700: [GC 8538796K->1640962K(14472576K), 0.4900410 secs]
2018-05-27T10:10:30.661+0000: 1396670.282: [GC 8561858K->1691007K(14468416K), 0.6791950 secs]
2018-05-27T10:11:20.235+0000: 1396719.856: [GC 8611903K->1726159K(14452416K), 0.8663790 secs]
2018-05-27T10:12:09.617+0000: 1396769.238: [GC 8630351K->1731389K(14418752K), 0.8347860 secs]
2018-05-27T10:13:05.666+0000: 1396825.286: [GC 8635581K->1744192K(14445824K), 0.9046640 secs]
2018-05-27T10:14:02.810+0000: 1396882.430: [GC 8625856K->1751197K(14396352K), 0.8515450 secs]
2018-05-27T10:15:07.890+0000: 1396947.511: [GC 8632861K->1767168K(14441024K), 0.7494320 secs]
2018-05-27T10:15:51.151+0000: 1396990.772: [GC 8635904K->1761703K(14444416K), 0.7143380 secs]
2018-05-27T10:16:07.665+0000: 1397007.286: [GC 8630439K->1710495K(14447296K), 0.4312280 secs]
2018-05-27T10:16:24.481+0000: 1397024.102: [GC 8586271K->1718549K(14447936K), 0.4887720 secs]
2018-05-27T10:16:47.758+0000: 1397047.378: [GC 8594325K->1745817K(14455040K), 0.6007140 secs]
2018-05-27T10:17:04.621+0000: 1397064.242: [GC 8629977K->1740602K(14449216K), 0.4928270 secs]
2018-05-27T10:17:24.934+0000: 1397084.555: [GC 8624762K->1748346K(14461760K), 0.5385670 secs]
2018-05-27T10:18:17.840+0000: 1397137.461: [GC 8648186K->1774723K(14458176K), 0.5932820 secs]
2018-05-27T10:18:35.696+0000: 1397155.316: [GC 8674563K->1748776K(14470144K), 0.4244830 secs]
2018-05-27T10:18:52.733+0000: 1397172.354: [GC 8668200K->1762424K(14469376K), 0.4720580 secs]
2018-05-27T10:19:16.781+0000: 1397196.401: [GC 8681848K->1775688K(14478592K), 0.5207980 secs]
2018-05-27T10:19:56.923+0000: 1397236.544: [GC 8707656K->1791930K(14473472K), 0.5110260 secs]
2018-05-27T10:20:13.556+0000: 1397253.176: [GC 8723898K->1782840K(14488320K), 0.4143820 secs]
2018-05-27T10:20:30.791+0000: 1397270.412: [GC 8736312K->1797667K(14485248K), 0.4808280 secs]
2018-05-27T10:21:32.835+0000: 1397332.455: [GC 8751139K->1880389K(14458368K), 0.9205780 secs]
2018-05-27T10:22:32.929+0000: 1397392.550: [GC 8811589K->1896668K(14456768K), 0.9157760 secs]
2018-05-27T10:24:01.609+0000: 1397481.230: [GC 8827868K->1905163K(14439552K), 0.8361140 secs]
2018-05-27T10:25:02.039+0000: 1397541.659: [GC 8786059K->1931963K(14411264K), 0.7705040 secs]
2018-05-27T10:25:36.835+0000: 1397576.456: [GC 8812859K->1914524K(14448384K), 0.6167080 secs]
2018-05-27T10:25:53.223+0000: 1397592.844: [GC 8782876K->1887864K(14440064K), 0.4330540 secs]
2018-05-27T10:26:10.825+0000: 1397610.446: [GC 8756216K->1899038K(14453824K), 0.4785440 secs]
2018-05-27T10:26:32.475+0000: 1397632.095: [GC 8783262K->1926744K(14450496K), 0.5647780 secs]
2018-05-27T10:26:49.568+0000: 1397649.189: [GC 8810968K->1918381K(14463680K), 0.4589520 secs]
2018-05-27T10:27:14.783+0000: 1397674.404: [GC 8822637K->1958193K(14460672K), 0.6308240 secs]
2018-05-27T10:28:01.926+0000: 1397721.546: [GC 8862449K->2023117K(14448768K), 0.8706400 secs]
2018-05-27T10:28:48.715+0000: 1397768.335: [GC 8923981K->2039371K(14431232K), 0.9424740 secs]
2018-05-27T10:29:44.650+0000: 1397824.271: [GC 8940235K->2067037K(14419456K), 0.9937980 secs]
2018-05-27T10:30:32.233+0000: 1397871.854: [GC 8915165K->2077532K(14389952K), 0.8965370 secs]
2018-05-27T10:31:16.685+0000: 1397916.306: [GC 8925660K->2093380K(14410176K), 0.9352420 secs]
2018-05-27T10:32:02.751+0000: 1397962.372: [GC 8907460K->2104619K(14354368K), 0.9753370 secs]
2018-05-27T10:32:47.796+0000: 1398007.417: [GC 8918699K->2095538K(14415488K), 0.7981610 secs]
2018-05-27T10:33:06.192+0000: 1398025.812: [GC 8902898K->2039460K(14411968K), 0.4887270 secs]
2018-05-27T10:33:24.012+0000: 1398043.632: [GC 8846820K->2058498K(14419456K), 0.5390550 secs]
2018-05-27T10:33:55.848+0000: 1398075.469: [GC 7666068K->2094584K(14416192K), 0.6553570 secs]
2018-05-27T10:33:56.504+0000: 1398076.124: [Full GC 2094584K->1141520K(14416192K), 3.5301140 secs]
2018-05-27T10:34:30.913+0000: 1398110.534: [GC 7957072K->1304881K(14433600K), 0.7589820 secs]
2018-05-27T10:34:48.377+0000: 1398127.998: [GC 8145905K->1266009K(14427520K), 0.5120220 secs]
2018-05-27T10:35:06.667+0000: 1398146.287: [GC 8107033K->1272364K(14436352K), 0.4452490 secs]
2018-05-27T10:35:26.511+0000: 1398166.132: [GC 8123052K->1286601K(14434432K), 0.4565070 secs]
2018-05-27T10:35:43.922+0000: 1398183.542: [GC 8137289K->1272006K(14441792K), 0.3842550 secs]
2018-05-27T10:36:05.207+0000: 1398204.828: [GC 8134598K->1297082K(14440896K), 0.4851250 secs]
2018-05-27T10:36:24.120+0000: 1398223.741: [GC 8159674K->1274654K(14448448K), 0.3838260 secs]
2018-05-27T10:37:21.335+0000: 1398280.956: [GC 8150686K->1328843K(14447680K), 0.6028690 secs]
2018-05-27T10:39:26.662+0000: 1398406.283: [GC 8204875K->1394937K(14437056K), 0.8798620 secs]
2018-05-27T10:40:16.978+0000: 1398456.599: [GC 8270713K->1348261K(14447936K), 0.5302320 secs]
2018-05-27T10:40:39.199+0000: 1398478.819: [GC 8224037K->1343906K(14460608K), 0.4576690 secs]
2018-05-27T10:41:01.053+0000: 1398500.674: [GC 8239970K->1350186K(14455552K), 0.4964390 secs]
2018-05-27T10:41:20.633+0000: 1398520.254: [GC 8246250K->1358837K(14470848K), 0.4869000 secs]
2018-05-27T10:41:41.802+0000: 1398541.423: [GC 8275317K->1370998K(14465728K), 0.5192440 secs]
2018-05-27T10:42:02.311+0000: 1398561.931: [GC 8287478K->1383595K(14483520K), 0.5368360 secs]
2018-05-27T10:42:22.270+0000: 1398581.891: [GC 8323947K->1394603K(14476928K), 0.5646750 secs]
2018-05-27T10:42:42.587+0000: 1398602.208: [GC 8334955K->1389443K(14494272K), 0.4892550 secs]
2018-05-27T10:43:02.935+0000: 1398622.555: [GC 8353987K->1397293K(14490368K), 0.5037580 secs]
2018-05-27T10:43:25.661+0000: 1398645.282: [GC 8361837K->1399939K(14501504K), 0.4714960 secs]
2018-05-27T10:43:47.252+0000: 1398666.873: [GC 8379459K->1414559K(14498112K), 0.5422080 secs]
2018-05-27T10:44:08.119+0000: 1398687.739: [GC 8394079K->1427369K(14511488K), 0.5297600 secs]
2018-05-27T10:44:25.947+0000: 1398705.568: [GC 8425321K->1430159K(14506560K), 0.4961130 secs]
2018-05-27T10:44:47.328+0000: 1398726.949: [GC 8428111K->1437120K(14519168K), 0.5190360 secs]
2018-05-27T10:45:07.784+0000: 1398747.405: [GC 8451520K->1450387K(14515328K), 0.5152740 secs]
2018-05-27T10:45:28.307+0000: 1398767.927: [GC 8464787K->1453939K(14526592K), 0.5123530 secs]
2018-05-27T10:45:53.742+0000: 1398793.363: [GC 8483251K->1450039K(14522816K), 0.4808790 secs]
2018-05-27T10:46:12.498+0000: 1398812.119: [GC 8479351K->1463896K(14531136K), 0.4900720 secs]
2018-05-27T10:46:31.695+0000: 1398831.316: [GC 8503064K->1472249K(14528128K), 0.5017110 secs]
2018-05-27T10:46:53.502+0000: 1398853.123: [GC 8511417K->1478333K(14536896K), 0.5001980 secs]
2018-05-27T10:47:13.144+0000: 1398872.764: [GC 8529469K->1499779K(14534336K), 0.5864860 secs]
2018-05-27T10:47:33.987+0000: 1398893.608: [GC 8550915K->1485663K(14536832K), 0.4776760 secs]
2018-05-27T10:47:58.297+0000: 1398917.917: [GC 8538079K->1487142K(14535680K), 0.4711600 secs]
2018-05-27T10:48:20.903+0000: 1398940.524: [GC 8539558K->1492690K(14537280K), 0.4506600 secs]
2018-05-27T10:48:41.058+0000: 1398960.679: [GC 8546642K->1508540K(14536768K), 0.5126950 secs]
2018-05-27T10:49:02.406+0000: 1398982.026: [GC 8562492K->1523443K(14540608K), 0.5518150 secs]
2018-05-27T10:49:23.130+0000: 1399002.751: [GC 8583859K->1537508K(14524288K), 0.5612160 secs]
2018-05-27T10:49:45.867+0000: 1399025.487: [GC 8597924K->1526587K(14540224K), 0.5012260 secs]
2018-05-27T10:50:05.723+0000: 1399045.344: [GC 8585595K->1536424K(14538880K), 0.4490280 secs]
2018-05-27T10:50:29.311+0000: 1399068.932: [GC 8595432K->1541203K(14543936K), 0.4611080 secs]
2018-05-27T10:50:54.186+0000: 1399093.806: [GC 8607315K->1546067K(14542272K), 0.4641470 secs]
2018-05-27T10:51:16.879+0000: 1399116.500: [GC 8612179K->1558674K(14546752K), 0.5019620 secs]
2018-05-27T10:51:37.394+0000: 1399137.015: [GC 8630290K->1577355K(14544960K), 0.5490340 secs]
2018-05-27T10:51:58.990+0000: 1399158.611: [GC 8648971K->1581379K(14545984K), 0.5365560 secs]
2018-05-27T10:52:19.663+0000: 1399179.284: [GC 8653187K->1590895K(14545920K), 0.5631130 secs]
2018-05-27T10:52:39.597+0000: 1399199.218: [GC 8662703K->1595153K(14547584K), 0.5154690 secs]
2018-05-27T10:53:00.218+0000: 1399219.838: [GC 8669073K->1604269K(14546432K), 0.5157740 secs]
2018-05-27T10:53:21.167+0000: 1399240.787: [GC 8678189K->1624995K(14539712K), 0.5744710 secs]
2018-05-27T10:53:41.433+0000: 1399261.053: [GC 8692899K->1630569K(14530624K), 0.6095300 secs]
2018-05-27T10:54:01.623+0000: 1399281.244: [GC 8698473K->1625051K(14544640K), 0.5218210 secs]
2018-05-27T10:54:22.230+0000: 1399301.850: [GC 8692571K->1634529K(14542976K), 0.5206870 secs]
2018-05-27T10:54:44.016+0000: 1399323.636: [GC 8702049K->1641544K(14548224K), 0.5212870 secs]
2018-05-27T10:55:03.720+0000: 1399343.341: [GC 8716168K->1656669K(14546496K), 0.5305800 secs]
2018-05-27T10:55:25.056+0000: 1399364.676: [GC 8731293K->1654709K(14548608K), 0.4848310 secs]
2018-05-27T10:55:43.493+0000: 1399383.114: [GC 8730613K->1660821K(14547392K), 0.4505010 secs]
2018-05-27T10:56:04.577+0000: 1399404.197: [GC 8736725K->1677997K(14548672K), 0.5396070 secs]
2018-05-27T10:56:26.514+0000: 1399426.135: [GC 8756269K->1679400K(14549184K), 0.5511540 secs]
2018-05-27T10:56:49.450+0000: 1399449.070: [GC 8757672K->1684595K(14551744K), 0.5429110 secs]
2018-05-27T10:57:11.191+0000: 1399470.812: [GC 8766835K->1679643K(14550592K), 0.4977600 secs]
2018-05-27T10:57:31.370+0000: 1399490.991: [GC 8761883K->1697472K(14552128K), 0.4900070 secs]
2018-05-27T10:58:00.884+0000: 1399520.504: [GC 8780224K->1706942K(14550720K), 0.5391350 secs]
2018-05-27T10:58:21.050+0000: 1399540.671: [GC 8789694K->1714233K(14554624K), 0.5273430 secs]
2018-05-27T10:58:43.088+0000: 1399562.709: [GC 8802297K->1709716K(14553536K), 0.4556590 secs]
2018-05-27T10:59:04.401+0000: 1399584.022: [GC 8797780K->1750676K(14534720K), 0.6283870 secs]
2018-05-27T10:59:23.615+0000: 1399603.236: [GC 8818964K->1744227K(14544192K), 0.5073690 secs]
2018-05-27T10:59:43.568+0000: 1399623.189: [GC 8812515K->1767860K(14540736K), 0.5619500 secs]
2018-05-27T11:00:02.098+0000: 1399641.719: [GC 8833972K->1761924K(14543104K), 0.4376190 secs]
2018-05-27T11:00:22.230+0000: 1399661.851: [GC 8828036K->1784805K(14540864K), 0.5309710 secs]
2018-05-27T11:00:43.425+0000: 1399683.046: [GC 8849765K->1786089K(14542528K), 0.5404740 secs]
2018-05-27T11:01:04.364+0000: 1399703.985: [GC 8851049K->1791046K(14545792K), 0.5620490 secs]
2018-05-27T11:01:23.370+0000: 1399722.990: [GC 8861190K->1793604K(14544448K), 0.5054840 secs]
2018-05-27T11:01:45.731+0000: 1399745.352: [GC 8863748K->1804487K(14547648K), 0.4938790 secs]
2018-05-27T11:02:07.826+0000: 1399767.446: [GC 8878343K->1817126K(14546304K), 0.5415300 secs]
2018-05-27T11:02:27.730+0000: 1399787.351: [GC 8890982K->1828571K(14548544K), 0.5906610 secs]
2018-05-27T11:02:49.585+0000: 1399809.206: [GC 8906203K->1827271K(14548864K), 0.5270800 secs]
2018-05-27T11:03:11.572+0000: 1399831.193: [GC 8904903K->1831694K(14550528K), 0.5079750 secs]
2018-05-27T11:03:30.321+0000: 1399849.942: [GC 8912014K->1842280K(14549888K), 0.5277310 secs]
2018-05-27T11:03:52.993+0000: 1399872.614: [GC 8922600K->1849396K(14552768K), 0.5119970 secs]
2018-05-27T11:04:13.696+0000: 1399893.316: [GC 8933684K->1863292K(14551616K), 0.5591030 secs]
2018-05-27T11:04:34.800+0000: 1399914.420: [GC 8947580K->1867404K(14553024K), 0.5185340 secs]
2018-05-27T11:04:55.270+0000: 1399934.891: [GC 8952332K->1879900K(14552000K), 0.5132250 secs]
2018-05-27T11:05:16.370+0000: 1399955.991: [GC 8964828K->1878880K(14553216K), 0.5130050 secs]
2018-05-27T11:05:35.782+0000: 1399975.403: [GC 8964384K->1877650K(14552384K), 0.4523820 secs]
2018-05-27T11:05:56.009+0000: 1399995.630: [GC 8963154K->1893453K(14553984K), 0.5035060 secs]
2018-05-27T11:06:17.352+0000: 1400016.972: [GC 8980045K->1902528K(14552704K), 0.5091760 secs]
2018-05-27T11:06:39.071+0000: 1400038.692: [GC 8989120K->1901186K(14554688K), 0.5265590 secs]
2018-05-27T11:07:03.618+0000: 1400063.239: [GC 8989826K->1909170K(14554048K), 0.4947080 secs]
2018-05-27T11:07:24.020+0000: 1400083.641: [GC 8997810K->1923456K(14553856K), 0.5812700 secs]
2018-05-27T11:07:43.554+0000: 1400103.175: [GC 9012864K->1923208K(14554752K), 0.5309760 secs]
2018-05-27T11:08:05.488+0000: 1400125.109: [GC 9012616K->1934618K(14556032K), 0.5572800 secs]
2018-05-27T11:08:25.516+0000: 1400145.137: [GC 9026138K->1934916K(14555584K), 0.5220820 secs]
2018-05-27T11:08:45.965+0000: 1400165.586: [GC 9026436K->1953349K(14553280K), 0.5905910 secs]
2018-05-27T11:09:06.591+0000: 1400186.212: [GC 9042629K->1957539K(14546624K), 0.5427340 secs]
2018-05-27T11:09:29.304+0000: 1400208.924: [GC 9046819K->1949468K(14552704K), 0.4839740 secs]
2018-05-27T11:09:51.422+0000: 1400231.042: [GC 9036700K->1954207K(14526656K), 0.5130910 secs]
2018-05-27T11:10:11.339+0000: 1400250.959: [GC 9041439K->1966057K(14553344K), 0.4703150 secs]
2018-05-27T11:10:32.431+0000: 1400272.052: [GC 9051945K->1988326K(14549504K), 0.5528330 secs]
2018-05-27T11:10:52.028+0000: 1400291.648: [GC 9074214K->2003243K(14541248K), 0.5824920 secs]
2018-05-27T11:11:12.339+0000: 1400311.960: [GC 9074731K->1992019K(14545792K), 0.5349910 secs]
2018-05-27T11:11:34.820+0000: 1400334.440: [GC 9063507K->1983481K(14545408K), 0.4481120 secs]
2018-05-27T11:12:14.232+0000: 1400373.852: [GC 9056249K->2033712K(14546432K), 0.6325100 secs]
2018-05-27T11:13:52.950+0000: 1400472.571: [GC 9106480K->2095367K(14471808K), 0.8992980 secs]
2018-05-27T11:14:47.852+0000: 1400527.472: [GC 9093511K->2108634K(14509120K), 0.6390750 secs]
2018-05-27T11:15:41.123+0000: 1400580.744: [GC 9106778K->2084973K(14510464K), 0.3980300 secs]
2018-05-27T11:16:15.007+0000: 1400614.627: [GC 9085805K->2120621K(14510464K), 0.6067980 secs]
2018-05-27T11:17:09.294+0000: 1400668.914: [GC 9121453K->2134669K(14514240K), 0.6091550 secs]
2018-05-27T11:17:25.219+0000: 1400684.840: [GC 9142541K->2109162K(14440768K), 0.2369170 secs]
2018-05-27T11:17:41.983+0000: 1400701.604: [GC 9117034K->2110721K(14511104K), 0.3825790 secs]
2018-05-27T11:18:29.647+0000: 1400749.267: [GC 9115009K->2191338K(14504384K), 0.7839130 secs]
2018-05-27T11:18:55.655+0000: 1400775.275: [GC 9195626K->2181673K(14496704K), 0.6165830 secs]
2018-05-27T11:19:14.035+0000: 1400793.656: [GC 9162665K->2164481K(14500544K), 0.5186870 secs]
2018-05-27T11:19:32.655+0000: 1400812.276: [GC 9145473K->2176938K(14508032K), 0.5334830 secs]
2018-05-27T11:19:49.968+0000: 1400829.589: [GC 9168938K->2171778K(14504064K), 0.4711440 secs]
2018-05-27T11:20:06.906+0000: 1400846.527: [GC 9163778K->2182391K(14512448K), 0.4536130 secs]
2018-05-27T11:20:29.357+0000: 1400868.978: [GC 9184439K->2204774K(14509696K), 0.5561590 secs]
2018-05-27T11:20:46.497+0000: 1400886.118: [GC 9206822K->2195998K(14518144K), 0.5107600 secs]
2018-05-27T11:21:05.392+0000: 1400905.013: [GC 9209886K->2202289K(14515840K), 0.4919140 secs]
2018-05-27T11:21:25.595+0000: 1400925.216: [GC 9216177K->2211152K(14523904K), 0.5164630 secs]
2018-05-27T11:21:43.308+0000: 1400942.928: [GC 9235664K->2213829K(14520704K), 0.5217240 secs]
2018-05-27T11:22:20.957+0000: 1400980.577: [GC 9238341K->2265635K(14507072K), 0.7073420 secs]
2018-05-27T11:23:38.611+0000: 1401058.232: [GC 9278883K->2308255K(14516672K), 0.9402510 secs]
2018-05-27T11:24:33.759+0000: 1401113.380: [GC 9321503K->2347581K(14424768K), 0.9521210 secs]
2018-05-27T11:25:14.933+0000: 1401154.554: [GC 9268925K->2350494K(14470720K), 0.6631530 secs]
2018-05-27T11:25:31.405+0000: 1401171.026: [GC 9271838K->2313079K(14473728K), 0.4521280 secs]
2018-05-27T11:25:50.760+0000: 1401190.380: [GC 9237879K->2314722K(14471168K), 0.4435790 secs]
2018-05-27T11:26:12.424+0000: 1401212.044: [GC 9239522K->2315498K(14477568K), 0.2851700 secs]
2018-05-27T11:26:32.694+0000: 1401232.314: [GC 9248874K->2306094K(14475904K), 0.3511280 secs]
2018-05-27T11:28:45.165+0000: 1401364.786: [GC 9239470K->2410228K(14453056K), 0.8705230 secs]
2018-05-27T11:29:52.759+0000: 1401432.380: [GC 9320308K->2439632K(14440576K), 0.9594240 secs]
2018-05-27T11:30:50.069+0000: 1401489.690: [GC 9349712K->2452210K(14424960K), 0.7473550 secs]
2018-05-27T11:31:48.272+0000: 1401547.893: [GC 9307250K->2457199K(14381696K), 0.9291720 secs]
2018-05-27T11:32:54.948+0000: 1401614.569: [GC 9312239K->2466422K(14421376K), 0.9033100 secs]
2018-05-27T11:33:53.166+0000: 1401672.787: [GC 9297910K->2476593K(14357888K), 0.9052630 secs]
2018-05-27T11:34:00.044+0000: 1401679.665: [GC 3585767K->2327489K(14400704K), 0.1181850 secs]
2018-05-27T11:34:00.163+0000: 1401679.784: [Full GC 2327489K->1147760K(14400704K), 4.2524440 secs]
2018-05-27T11:34:20.711+0000: 1401700.332: [GC 7950448K->1250904K(14411392K), 0.4564480 secs]
2018-05-27T11:34:37.836+0000: 1401717.456: [GC 8053592K->1259111K(14424896K), 0.4722870 secs]
2018-05-27T11:34:57.081+0000: 1401736.702: [GC 8082215K->1267554K(14418304K), 0.4317350 secs]
2018-05-27T11:35:13.550+0000: 1401753.171: [GC 8090658K->1270398K(14439360K), 0.4198800 secs]
2018-05-27T11:35:44.146+0000: 1401783.766: [GC 8122110K->1298291K(14432448K), 0.5357700 secs]
2018-05-27T11:37:00.427+0000: 1401860.048: [GC 8150003K->1370686K(14426816K), 0.9166310 secs]
2018-05-27T11:38:05.194+0000: 1401924.815: [GC 8227518K->1378501K(14380160K), 0.8901850 secs]
2018-05-27T11:38:51.296+0000: 1401970.917: [GC 8235333K->1374890K(14430528K), 0.8175560 secs]
2018-05-27T11:39:09.786+0000: 1401989.407: [GC 8215658K->1313552K(14430336K), 0.4281530 secs]
2018-05-27T11:39:27.788+0000: 1402007.409: [GC 8154320K->1333785K(14441024K), 0.5187440 secs]
2018-05-27T11:40:15.298+0000: 1402054.919: [GC 8188953K->1408538K(14434240K), 0.7927640 secs]
2018-05-27T11:41:08.895+0000: 1402108.515: [GC 8263706K->1431085K(14416640K), 0.9850470 secs]
2018-05-27T11:41:31.216+0000: 1402130.837: [GC 8262445K->1348584K(14425728K), 0.4504370 secs]
2018-05-27T11:41:48.243+0000: 1402147.864: [GC 8179944K->1357594K(14434304K), 0.4884460 secs]
2018-05-27T11:42:34.287+0000: 1402193.908: [GC 8201498K->1416209K(14429696K), 0.7525010 secs]
2018-05-27T11:43:43.929+0000: 1402263.549: [GC 8260113K->1455372K(14425088K), 0.9251410 secs]
2018-05-27T11:44:44.919+0000: 1402324.540: [GC 8299020K->1470695K(14375040K), 0.9545530 secs]
2018-05-27T11:45:20.206+0000: 1402359.827: [GC 8314343K->1440998K(14432832K), 0.6053420 secs]
2018-05-27T11:45:37.039+0000: 1402376.660: [GC 8277734K->1402296K(14424000K), 0.4416460 secs]
2018-05-27T11:45:57.230+0000: 1402396.850: [GC 8239032K->1411038K(14439296K), 0.4814250 secs]
2018-05-27T11:46:18.782+0000: 1402418.403: [GC 8265566K->1419847K(14435328K), 0.4512240 secs]
2018-05-27T11:46:35.601+0000: 1402435.222: [GC 8274375K->1422208K(14448192K), 0.4535570 secs]
2018-05-27T11:46:56.626+0000: 1402456.247: [GC 8294464K->1440764K(14444160K), 0.5219460 secs]
2018-05-27T11:47:14.587+0000: 1402474.208: [GC 8313020K->1436522K(14459392K), 0.4643510 secs]
2018-05-27T11:48:04.775+0000: 1402524.396: [GC 8330730K->1510940K(14403392K), 0.8411550 secs]
2018-05-27T11:48:43.737+0000: 1402563.358: [GC 8405148K->1467937K(14460544K), 0.5571320 secs]
2018-05-27T11:49:00.910+0000: 1402580.531: [GC 8361633K->1457878K(14453248K), 0.4977230 secs]
2018-05-27T11:49:43.023+0000: 1402622.643: [GC 8351574K->1498088K(14470336K), 0.6743690 secs]
2018-05-27T11:50:47.076+0000: 1402686.697: [GC 8412904K->1559723K(14439744K), 0.8630320 secs]
2018-05-27T11:51:24.641+0000: 1402724.261: [GC 8474539K->1489975K(14461248K), 0.5019000 secs]
2018-05-27T11:51:44.486+0000: 1402744.107: [GC 8388599K->1495566K(14457472K), 0.4766300 secs]
2018-05-27T11:52:32.804+0000: 1402792.425: [GC 8394190K->1553381K(14464448K), 0.7422230 secs]
2018-05-27T11:53:35.655+0000: 1402855.276: [GC 8462949K->1597318K(14437888K), 0.8719480 secs]
2018-05-27T11:54:36.102+0000: 1402915.723: [GC 8506886K->1610468K(14430336K), 0.8953190 secs]
2018-05-27T11:55:36.756+0000: 1402976.377: [GC 8472548K->1619220K(14390528K), 0.8283250 secs]
2018-05-27T11:56:13.541+0000: 1403013.161: [GC 8481300K->1581523K(14442816K), 0.5960640 secs]
2018-05-27T11:56:51.690+0000: 1403051.311: [GC 8437715K->1593480K(14433472K), 0.7079400 secs]
2018-05-27T11:58:05.383+0000: 1403125.004: [GC 8449672K->1646279K(14437952K), 0.8780510 secs]
2018-05-27T11:59:07.704+0000: 1403187.325: [GC 8516039K->1636438K(14444928K), 0.8068790 secs]
2018-05-27T11:59:25.460+0000: 1403205.080: [GC 8506198K->1578959K(14444352K), 0.4675400 secs]
2018-05-27T11:59:43.089+0000: 1403222.710: [GC 8449487K->1587067K(14445312K), 0.4705410 secs]
2018-05-27T12:00:04.427+0000: 1403244.048: [GC 8457595K->1600159K(14449856K), 0.4657970 secs]
2018-05-27T12:00:22.619+0000: 1403262.239: [GC 8476191K->1609321K(14446272K), 0.4698410 secs]
2018-05-27T12:00:45.889+0000: 1403285.510: [GC 8485353K->1625349K(14459392K), 0.5432150 secs]
2018-05-27T12:01:34.577+0000: 1403334.198: [GC 8518405K->1705478K(14417600K), 0.8502210 secs]
2018-05-27T12:02:42.670+0000: 1403402.290: [GC 8598534K->1712255K(14436160K), 0.8941200 secs]
2018-05-27T12:03:55.833+0000: 1403475.454: [GC 8577535K->1705799K(14442688K), 0.8049660 secs]
2018-05-27T12:04:16.422+0000: 1403496.042: [GC 8571079K->1656587K(14446080K), 0.4934970 secs]
2018-05-27T12:04:33.558+0000: 1403513.179: [GC 8526475K->1663626K(14443904K), 0.4873020 secs]
2018-05-27T12:04:51.991+0000: 1403531.612: [GC 8533514K->1676732K(14454080K), 0.5188690 secs]
2018-05-27T12:05:07.564+0000: 1403547.185: [GC 8559932K->1679799K(14449216K), 0.4323250 secs]
2018-05-27T12:05:24.980+0000: 1403564.601: [GC 8562999K->1683445K(14462464K), 0.4167860 secs]
2018-05-27T12:05:58.768+0000: 1403598.389: [GC 8584053K->1748557K(14458240K), 0.6941060 secs]
2018-05-27T12:06:38.898+0000: 1403638.519: [GC 8649165K->1763601K(14452608K), 0.7786400 secs]
2018-05-27T12:07:31.780+0000: 1403691.400: [GC 8655889K->1776320K(14400960K), 0.7904590 secs]
2018-05-27T12:08:21.112+0000: 1403740.732: [GC 8668608K->1783903K(14449792K), 0.8057120 secs]
2018-05-27T12:08:52.101+0000: 1403771.722: [GC 8666335K->1762969K(14451264K), 0.5934070 secs]
2018-05-27T12:09:09.267+0000: 1403788.888: [GC 8645401K->1739360K(14460160K), 0.4646170 secs]
2018-05-27T12:09:25.486+0000: 1403805.107: [GC 8638176K->1752417K(14458752K), 0.4925230 secs]
2018-05-27T12:10:06.004+0000: 1403845.625: [GC 8651233K->1806163K(14463872K), 0.6620660 secs]
2018-05-27T12:10:57.555+0000: 1403897.176: [GC 8713427K->1828272K(14413184K), 0.8398100 secs]
2018-05-27T12:11:52.334+0000: 1403951.955: [GC 8735536K->1833436K(14458240K), 0.8036520 secs]
2018-05-27T12:12:38.119+0000: 1403997.740: [GC 8732380K->1842722K(14459520K), 0.7859850 secs]
2018-05-27T12:13:28.885+0000: 1404048.506: [GC 8741666K->1861980K(14456128K), 0.8260130 secs]
2018-05-27T12:13:50.688+0000: 1404070.309: [GC 8758492K->1807884K(14458304K), 0.4545290 secs]
2018-05-27T12:14:09.557+0000: 1404089.178: [GC 8704396K->1820486K(14460928K), 0.5013590 secs]
2018-05-27T12:14:46.513+0000: 1404126.134: [GC 8720070K->1871591K(14458752K), 0.7133580 secs]
2018-05-27T12:15:32.895+0000: 1404172.515: [GC 8771175K->1909072K(14452864K), 0.7760870 secs]
2018-05-27T12:16:28.706+0000: 1404228.327: [GC 8806992K->1935629K(14429824K), 0.9472960 secs]
2018-05-27T12:17:00.205+0000: 1404259.826: [GC 8833549K->1883346K(14453248K), 0.5982600 secs]
2018-05-27T12:17:21.003+0000: 1404280.623: [GC 8765266K->1864271K(14448768K), 0.4451140 secs]
2018-05-27T12:17:57.374+0000: 1404316.995: [GC 8746191K->1918811K(14459648K), 0.7422740 secs]
2018-05-27T12:18:50.680+0000: 1404370.300: [GC 8811739K->1974841K(14428992K), 0.8821530 secs]
2018-05-27T12:19:56.681+0000: 1404436.302: [GC 8867769K->1979251K(14434624K), 0.8097500 secs]
2018-05-27T12:21:01.964+0000: 1404501.584: [GC 8841203K->1987891K(14389568K), 0.8509740 secs]
2018-05-27T12:21:45.404+0000: 1404545.025: [GC 8849843K->1985301K(14437696K), 0.8099110 secs]
2018-05-27T12:22:03.556+0000: 1404563.177: [GC 8839189K->1928805K(14436288K), 0.5108870 secs]
2018-05-27T12:22:20.882+0000: 1404580.503: [GC 8782693K->1937393K(14438720K), 0.4804230 secs]
2018-05-27T12:22:41.575+0000: 1404601.196: [GC 8793201K->1946442K(14437184K), 0.5125650 secs]
2018-05-27T12:23:00.414+0000: 1404620.034: [GC 8802250K->1953237K(14445824K), 0.5265260 secs]
2018-05-27T12:23:21.373+0000: 1404640.993: [GC 8821013K->1963806K(14442048K), 0.5314720 secs]
2018-05-27T12:23:40.717+0000: 1404660.338: [GC 8831582K->1962857K(14454784K), 0.4790190 secs]
2018-05-27T12:23:58.335+0000: 1404677.956: [GC 8848425K->1967542K(14450880K), 0.4785730 secs]
2018-05-27T12:24:42.420+0000: 1404722.041: [GC 8853110K->2048387K(14442368K), 0.8815500 secs]
2018-05-27T12:25:36.935+0000: 1404776.556: [GC 8929411K->2069799K(14411264K), 0.8187400 secs]
2018-05-27T12:26:30.079+0000: 1404829.699: [GC 8950823K->2071860K(14430080K), 0.8098490 secs]
2018-05-27T12:26:47.882+0000: 1404847.502: [GC 8921652K->1996891K(14434944K), 0.4709710 secs]
2018-05-27T12:27:06.019+0000: 1404865.640: [GC 8846683K->2008837K(14440704K), 0.4845330 secs]
2018-05-27T12:27:26.372+0000: 1404885.993: [GC 8866181K->2026817K(14436736K), 0.5306330 secs]
2018-05-27T12:27:44.172+0000: 1404903.792: [GC 8884161K->2017560K(14450560K), 0.4389240 secs]
2018-05-27T12:28:06.188+0000: 1404925.809: [GC 8895128K->2033007K(14447104K), 0.5021690 secs]
2018-05-27T12:28:23.320+0000: 1404942.941: [GC 8910575K->2041854K(14461760K), 0.4992610 secs]
2018-05-27T12:28:41.090+0000: 1404960.710: [GC 8939582K->2044767K(14456064K), 0.4781510 secs]
2018-05-27T12:29:19.967+0000: 1404999.588: [GC 8942495K->2104633K(14461120K), 0.7746500 secs]
2018-05-27T12:30:10.608+0000: 1405050.229: [GC 9012535K->2150577K(14438976K), 0.8673970 secs]
2018-05-27T12:31:03.519+0000: 1405103.140: [GC 9058481K->2161611K(14426752K), 0.8316260 secs]
2018-05-27T12:31:59.482+0000: 1405159.102: [GC 9017419K->2166996K(14384192K), 0.9341830 secs]
2018-05-27T12:32:52.646+0000: 1405212.267: [GC 9022804K->2172284K(14423744K), 0.7886150 secs]
2018-05-27T12:33:44.005+0000: 1405263.625: [GC 9005948K->2173629K(14426880K), 0.8117630 secs]
2018-05-27T12:34:03.472+0000: 1405283.093: [GC 9007293K->2106942K(14428096K), 0.4220200 secs]
2018-05-27T12:34:04.426+0000: 1405284.047: [GC 2385824K->2036994K(14181440K), 0.0530010 secs]
2018-05-27T12:34:04.479+0000: 1405284.100: [Full GC 2036994K->1173886K(14181440K), 3.5629080 secs]
2018-05-27T12:34:32.390+0000: 1405312.010: [GC 8008254K->1329707K(14419584K), 0.6958560 secs]
2018-05-27T12:34:50.175+0000: 1405329.796: [GC 8144683K->1299762K(14415488K), 0.4738060 secs]
2018-05-27T12:35:07.185+0000: 1405346.805: [GC 8114738K->1329312K(14436480K), 0.4849990 secs]
2018-05-27T12:35:26.377+0000: 1405365.998: [GC 8171744K->1345258K(14426048K), 0.4837520 secs]
2018-05-27T12:35:41.509+0000: 1405381.129: [GC 8187690K->1351417K(14454784K), 0.4918590 secs]
2018-05-27T12:35:57.561+0000: 1405397.181: [GC 8232505K->1350253K(14446400K), 0.4669060 secs]
2018-05-27T12:36:57.214+0000: 1405456.835: [GC 8231341K->1418886K(14446976K), 0.8019190 secs]
2018-05-27T12:37:16.774+0000: 1405476.395: [GC 8306822K->1349139K(14454016K), 0.4114430 secs]
2018-05-27T12:37:33.099+0000: 1405492.720: [GC 8237075K->1376443K(14464448K), 0.5393340 secs]
2018-05-27T12:37:53.712+0000: 1405513.332: [GC 8277819K->1395531K(14457024K), 0.5917310 secs]
2018-05-27T12:38:13.027+0000: 1405532.647: [GC 8296907K->1371552K(14476224K), 0.4015470 secs]
2018-05-27T12:38:34.921+0000: 1405554.542: [GC 8301088K->1410222K(14473408K), 0.5925350 secs]
2018-05-27T12:38:52.312+0000: 1405571.933: [GC 8339758K->1396521K(14487808K), 0.4778980 secs]
2018-05-27T12:39:10.166+0000: 1405589.787: [GC 8347497K->1399893K(14483264K), 0.4651410 secs]
2018-05-27T12:39:59.152+0000: 1405638.773: [GC 8350869K->1489533K(14456576K), 0.6029240 secs]
2018-05-27T12:40:59.684+0000: 1405699.304: [GC 8418301K->1503228K(14457088K), 0.9765100 secs]
2018-05-27T12:41:59.283+0000: 1405758.904: [GC 8431996K->1513536K(14433344K), 0.9828650 secs]
2018-05-27T12:42:35.542+0000: 1405795.162: [GC 8385472K->1492057K(14446016K), 0.7487350 secs]
2018-05-27T12:42:53.453+0000: 1405813.074: [GC 8363993K->1445041K(14451904K), 0.5035600 secs]
2018-05-27T12:43:14.578+0000: 1405834.199: [GC 8325233K->1445445K(14448384K), 0.4453800 secs]
2018-05-27T12:44:42.946+0000: 1405922.567: [GC 8325637K->1529394K(14440640K), 0.8326070 secs]
2018-05-27T12:46:13.917+0000: 1406013.537: [GC 8405042K->1545533K(14394752K), 0.8816160 secs]
2018-05-27T12:46:42.507+0000: 1406042.128: [GC 8421181K->1499428K(14448000K), 0.5609720 secs]
2018-05-27T12:47:00.006+0000: 1406059.626: [GC 8368676K->1485051K(14441344K), 0.4602190 secs]
2018-05-27T12:47:35.420+0000: 1406095.041: [GC 8354299K->1530030K(14458752K), 0.6977180 secs]
2018-05-27T12:48:44.432+0000: 1406164.052: [GC 8419182K->1585439K(14415488K), 0.9278390 secs]
2018-05-27T12:49:37.387+0000: 1406217.008: [GC 8474591K->1598614K(14429760K), 0.9327630 secs]
2018-05-27T12:50:30.573+0000: 1406270.194: [GC 8456470K->1610492K(14386752K), 0.9428220 secs]
2018-05-27T12:51:24.734+0000: 1406324.355: [GC 8468348K->1617749K(14424832K), 0.9559840 secs]
2018-05-27T12:52:21.046+0000: 1406380.667: [GC 8454613K->1617916K(14428480K), 0.8035300 secs]
2018-05-27T12:53:19.993+0000: 1406439.613: [GC 8454780K->1627211K(14430784K), 0.8131080 secs]
2018-05-27T12:54:31.129+0000: 1406510.750: [GC 8467147K->1645472K(14367232K), 0.8281150 secs]
2018-05-27T12:55:36.208+0000: 1406575.829: [GC 8485408K->1650857K(14429248K), 0.8091450 secs]
2018-05-27T12:56:50.975+0000: 1406650.596: [GC 8488809K->1664257K(14428800K), 0.8529640 secs]
2018-05-27T12:57:54.860+0000: 1406714.481: [GC 8502209K->1676792K(14429824K), 0.9212100 secs]
2018-05-27T12:58:58.472+0000: 1406778.092: [GC 8515640K->1683734K(14429120K), 0.9148320 secs]
2018-05-27T13:00:04.146+0000: 1406843.766: [GC 8522582K->1695606K(14433408K), 0.8064620 secs]
2018-05-27T13:01:03.645+0000: 1406903.265: [GC 8541046K->1707902K(14432128K), 0.9194960 secs]
2018-05-27T13:01:25.814+0000: 1406925.435: [GC 8553342K->1642706K(14430016K), 0.5217040 secs]
2018-05-27T13:01:42.985+0000: 1406942.606: [GC 8487634K->1651455K(14299392K), 0.5310960 secs]
2018-05-27T13:02:15.746+0000: 1406975.367: [GC 8496383K->1679274K(14436160K), 0.6287510 secs]
2018-05-27T13:03:09.577+0000: 1407029.198: [GC 8527146K->1734946K(14431808K), 0.9124330 secs]
2018-05-27T13:04:17.393+0000: 1407097.014: [GC 8582818K->1744913K(14433792K), 0.9455270 secs]
2018-05-27T13:04:46.712+0000: 1407126.332: [GC 8593937K->1693658K(14434560K), 0.5770400 secs]
2018-05-27T13:05:43.888+0000: 1407183.508: [GC 8542682K->1768577K(14431168K), 0.8331320 secs]
2018-05-27T13:06:53.858+0000: 1407253.479: [GC 8615297K->1774202K(14433408K), 0.9504830 secs]
2018-05-27T13:07:59.660+0000: 1407319.280: [GC 8620922K->1779051K(14436736K), 0.9163260 secs]
2018-05-27T13:08:51.901+0000: 1407371.522: [GC 8629739K->1779049K(14434048K), 0.8347110 secs]
2018-05-27T13:09:48.626+0000: 1407428.247: [GC 8629737K->1791788K(14448640K), 0.8654870 secs]
2018-05-27T13:10:24.157+0000: 1407463.777: [GC 8664044K->1772294K(14443712K), 0.4212550 secs]
2018-05-27T13:11:13.883+0000: 1407513.504: [GC 8644550K->1816591K(14452800K), 0.8727860 secs]
2018-05-27T13:12:04.233+0000: 1407563.854: [GC 8700687K->1838927K(14417216K), 0.9811570 secs]
2018-05-27T13:12:39.890+0000: 1407599.511: [GC 8723023K->1790627K(14449664K), 0.4997220 secs]
2018-05-27T13:13:31.878+0000: 1407651.499: [GC 8669027K->1839236K(14448832K), 0.8649200 secs]
2018-05-27T13:13:46.061+0000: 1407665.681: [GC 8717636K->1760504K(14438272K), 0.1913190 secs]
2018-05-27T13:14:00.988+0000: 1407680.608: [GC 8631032K->1769360K(14302272K), 0.4184720 secs]
2018-05-27T13:14:45.604+0000: 1407725.225: [GC 8639888K->1832731K(14449792K), 0.7374720 secs]
2018-05-27T13:15:57.954+0000: 1407797.574: [GC 8703963K->1876862K(14441536K), 0.9377610 secs]
2018-05-27T13:16:17.177+0000: 1407816.798: [GC 8748094K->1798215K(14442112K), 0.4387340 secs]
2018-05-27T13:16:34.514+0000: 1407834.134: [GC 8665287K->1808832K(14443584K), 0.5092690 secs]
2018-05-27T13:17:25.073+0000: 1407884.693: [GC 8675904K->1876938K(14445632K), 0.7714280 secs]
2018-05-27T13:18:26.371+0000: 1407945.992: [GC 8747082K->1910563K(14402304K), 0.8869740 secs]
2018-05-27T13:18:44.304+0000: 1407963.924: [GC 8780707K->1828794K(14437888K), 0.4698000 secs]
2018-05-27T13:19:01.872+0000: 1407981.493: [GC 8684282K->1840444K(14437696K), 0.5057640 secs]
2018-05-27T13:19:24.106+0000: 1408003.727: [GC 8695932K->1863305K(14446528K), 0.5907090 secs]
2018-05-27T13:19:41.619+0000: 1408021.240: [GC 8730121K->1853952K(14440384K), 0.5336650 secs]
2018-05-27T13:20:02.971+0000: 1408042.592: [GC 8720768K->1868747K(14455104K), 0.5008160 secs]
2018-05-27T13:20:58.272+0000: 1408097.893: [GC 8753483K->1956729K(14418432K), 0.9469540 secs]
2018-05-27T13:22:02.616+0000: 1408162.237: [GC 8841465K->1964351K(14425536K), 0.8435020 secs]
2018-05-27T13:22:41.850+0000: 1408201.471: [GC 8811967K->1935033K(14433856K), 0.7367070 secs]
2018-05-27T13:23:01.568+0000: 1408221.188: [GC 8782649K->1905413K(14445440K), 0.4984710 secs]
2018-05-27T13:23:21.073+0000: 1408240.694: [GC 8773509K->1912398K(14442752K), 0.5020160 secs]
2018-05-27T13:24:11.478+0000: 1408291.099: [GC 8780494K->1996998K(14431680K), 0.8665430 secs]
2018-05-27T13:24:30.463+0000: 1408310.084: [GC 8857414K->1931065K(14440256K), 0.4928120 secs]
2018-05-27T13:24:47.960+0000: 1408327.581: [GC 8791481K->1928992K(14446784K), 0.4658980 secs]
2018-05-27T13:25:26.457+0000: 1408366.077: [GC 8799584K->1993304K(14443904K), 0.7315630 secs]
2018-05-27T13:26:41.926+0000: 1408441.547: [GC 8863896K->2031661K(14429056K), 0.8977790 secs]
2018-05-27T13:27:45.613+0000: 1408505.233: [GC 8888877K->2046890K(14386304K), 0.9308740 secs]
2018-05-27T13:28:42.966+0000: 1408562.587: [GC 8904106K->2054551K(14422400K), 0.9559950 secs]
2018-05-27T13:29:43.444+0000: 1408623.065: [GC 8888215K->2067778K(14365504K), 0.9280620 secs]
2018-05-27T13:30:05.979+0000: 1408645.599: [GC 8901442K->2002435K(14424960K), 0.5107330 secs]
2018-05-27T13:30:39.517+0000: 1408679.138: [GC 8829379K->2023261K(14422080K), 0.5503720 secs]
2018-05-27T13:31:03.378+0000: 1408702.999: [GC 8850205K->2002149K(14432384K), 0.4270380 secs]
2018-05-27T13:31:20.142+0000: 1408719.763: [GC 8845477K->2009781K(14431040K), 0.4616160 secs]
2018-05-27T13:32:10.271+0000: 1408769.892: [GC 8853109K->2102081K(14423936K), 0.8947390 secs]
2018-05-27T13:33:11.984+0000: 1408831.605: [GC 8940865K->2104075K(14429440K), 0.8320730 secs]
2018-05-27T13:33:31.980+0000: 1408851.601: [GC 8942859K->2042892K(14432320K), 0.4635090 secs]
2018-05-27T13:33:50.777+0000: 1408870.398: [GC 8884876K->2049877K(14429760K), 0.4699840 secs]
2018-05-27T13:34:08.053+0000: 1408887.674: [GC 4975625K->2020958K(14432064K), 0.3017840 secs]
2018-05-27T13:34:08.355+0000: 1408887.976: [Full GC 2020958K->1229600K(14432064K), 4.4014470 secs]
2018-05-27T13:35:06.328+0000: 1408945.949: [GC 8077472K->1422005K(14380352K), 0.8488450 secs]
2018-05-27T13:36:09.110+0000: 1409008.731: [GC 8269877K->1427711K(14409152K), 0.8797750 secs]
2018-05-27T13:37:10.891+0000: 1409070.511: [GC 8239103K->1438164K(14338304K), 0.9293510 secs]
2018-05-27T13:38:08.873+0000: 1409128.494: [GC 8249556K->1414791K(14420480K), 0.7434600 secs]
2018-05-27T13:38:28.446+0000: 1409148.067: [GC 8226311K->1376290K(14411136K), 0.5022710 secs]
2018-05-27T13:38:46.448+0000: 1409166.068: [GC 8187810K->1377834K(14429120K), 0.4578210 secs]
2018-05-27T13:39:06.804+0000: 1409186.424: [GC 8211882K->1391168K(14425024K), 0.4949130 secs]
2018-05-27T13:39:24.647+0000: 1409204.268: [GC 8225216K->1391079K(14440128K), 0.4782340 secs]
2018-05-27T13:39:46.967+0000: 1409226.588: [GC 8246311K->1407185K(14435200K), 0.5263710 secs]
2018-05-27T13:40:22.780+0000: 1409262.400: [GC 8262417K->1432891K(14457280K), 0.5682310 secs]
2018-05-27T13:41:37.409+0000: 1409337.029: [GC 8317307K->1502246K(14413376K), 0.9354980 secs]
2018-05-27T13:42:27.855+0000: 1409387.476: [GC 8386662K->1521266K(14417792K), 0.9643230 secs]
2018-05-27T13:43:24.288+0000: 1409443.908: [GC 8363506K->1528077K(14374080K), 0.9482830 secs]
2018-05-27T13:43:57.048+0000: 1409476.668: [GC 8370317K->1481094K(14432064K), 0.6453940 secs]
2018-05-27T13:44:15.286+0000: 1409494.906: [GC 8316358K->1449899K(14423296K), 0.4385850 secs]
2018-05-27T13:44:37.085+0000: 1409516.706: [GC 8285163K->1469488K(14438848K), 0.5348910 secs]
2018-05-27T13:44:55.342+0000: 1409534.963: [GC 8321904K->1458235K(14433664K), 0.4054370 secs]
2018-05-27T13:45:12.520+0000: 1409552.141: [GC 8310651K->1478543K(14447808K), 0.4612530 secs]
2018-05-27T13:45:33.760+0000: 1409573.381: [GC 8347727K->1496225K(14441472K), 0.5266490 secs]
2018-05-27T13:45:51.629+0000: 1409591.250: [GC 8365409K->1482710K(14460352K), 0.4174180 secs]
2018-05-27T13:46:15.916+0000: 1409615.537: [GC 8378966K->1508868K(14456000K), 0.5854230 secs]
2018-05-27T13:47:10.123+0000: 1409669.744: [GC 8405124K->1594851K(14432192K), 0.9911440 secs]
2018-05-27T13:48:09.127+0000: 1409728.747: [GC 8475491K->1597804K(14411264K), 0.9685520 secs]
2018-05-27T13:49:05.961+0000: 1409785.582: [GC 8478444K->1607036K(14418752K), 0.9580670 secs]
2018-05-27T13:49:37.059+0000: 1409816.680: [GC 8444156K->1562124K(14428608K), 0.6737290 secs]
2018-05-27T13:49:54.757+0000: 1409834.378: [GC 8399244K->1529882K(14440832K), 0.4374820 secs]
2018-05-27T13:50:17.731+0000: 1409857.352: [GC 8389274K->1543772K(14438656K), 0.4537530 secs]
2018-05-27T13:50:35.707+0000: 1409875.327: [GC 8403164K->1550157K(14450432K), 0.4688690 secs]
2018-05-27T13:50:52.921+0000: 1409892.542: [GC 8425869K->1552844K(14445376K), 0.4317720 secs]
2018-05-27T13:51:15.099+0000: 1409914.720: [GC 8428556K->1574495K(14462912K), 0.5651060 secs]
2018-05-27T13:51:34.903+0000: 1409934.524: [GC 8472543K->1565598K(14455232K), 0.4907080 secs]
2018-05-27T13:52:00.947+0000: 1409960.568: [GC 8463646K->1581185K(14473536K), 0.5556060 secs]
2018-05-27T13:52:53.982+0000: 1410013.602: [GC 8501889K->1676092K(14457088K), 0.9898250 secs]
2018-05-27T13:54:26.503+0000: 1410106.124: [GC 8596796K->1675739K(14433152K), 0.9501480 secs]
2018-05-27T13:55:29.282+0000: 1410168.903: [GC 8545883K->1688569K(14397760K), 0.8814580 secs]
2018-05-27T13:56:25.199+0000: 1410224.819: [GC 8558713K->1694852K(14423424K), 0.7941750 secs]
2018-05-27T13:57:28.531+0000: 1410288.152: [GC 8534276K->1706962K(14368256K), 0.9385980 secs]
2018-05-27T13:58:34.243+0000: 1410353.864: [GC 8546386K->1692977K(14429824K), 0.7797360 secs]
2018-05-27T13:58:52.119+0000: 1410371.740: [GC 8527153K->1641168K(14424448K), 0.4704550 secs]
2018-05-27T13:59:09.674+0000: 1410389.295: [GC 8475344K->1648510K(14433792K), 0.4663950 secs]
2018-05-27T13:59:31.017+0000: 1410410.638: [GC 8493246K->1664633K(14431040K), 0.4970660 secs]
2018-05-27T13:59:49.314+0000: 1410428.934: [GC 8509369K->1655530K(14441600K), 0.4133160 secs]
2018-05-27T14:00:12.189+0000: 1410451.810: [GC 8516138K->1678512K(14439104K), 0.4701290 secs]
2018-05-27T14:00:28.405+0000: 1410468.025: [GC 8539120K->1681699K(14453376K), 0.4610570 secs]
2018-05-27T14:00:44.708+0000: 1410484.329: [GC 8562595K->1683529K(14447616K), 0.4522020 secs]
2018-05-27T14:01:30.385+0000: 1410530.006: [GC 8564425K->1757018K(14444416K), 0.8671580 secs]
2018-05-27T14:02:26.522+0000: 1410586.142: [GC 8639962K->1783128K(14413248K), 0.8846310 secs]
2018-05-27T14:03:24.193+0000: 1410643.814: [GC 8666072K->1780110K(14431872K), 0.8410070 secs]
2018-05-27T14:03:44.989+0000: 1410664.610: [GC 8631438K->1721077K(14435712K), 0.4786550 secs]
2018-05-27T14:04:05.925+0000: 1410685.545: [GC 8572405K->1745203K(14446976K), 0.5902480 secs]
2018-05-27T14:04:27.150+0000: 1410706.771: [GC 8611443K->1735771K(14439360K), 0.5046910 secs]
2018-05-27T14:04:45.669+0000: 1410725.289: [GC 8602011K->1737864K(14455360K), 0.4879380 secs]
2018-05-27T14:05:06.798+0000: 1410746.418: [GC 8624712K->1748829K(14451584K), 0.4551750 secs]
2018-05-27T14:05:25.671+0000: 1410765.292: [GC 8635677K->1730238K(14462144K), 0.3270130 secs]
2018-05-27T14:05:49.543+0000: 1410789.164: [GC 8633022K->1779468K(14460736K), 0.5632760 secs]
2018-05-27T14:06:07.456+0000: 1410807.077: [GC 8682252K->1763185K(14475712K), 0.4576420 secs]
2018-05-27T14:06:26.145+0000: 1410825.766: [GC 8689457K->1764968K(14470656K), 0.4510000 secs]
2018-05-27T14:07:16.483+0000: 1410876.104: [GC 8691240K->1853101K(14450944K), 0.8688410 secs]
2018-05-27T14:08:27.423+0000: 1410947.044: [GC 8763949K->1877967K(14442816K), 0.9538080 secs]
2018-05-27T14:09:29.896+0000: 1411009.517: [GC 8788815K->1891800K(14419136K), 0.9374210 secs]
2018-05-27T14:10:02.649+0000: 1411042.270: [GC 8740312K->1839950K(14434304K), 0.5507820 secs]
2018-05-27T14:10:22.363+0000: 1411061.984: [GC 8688462K->1832272K(14449472K), 0.4581990 secs]
2018-05-27T14:10:41.423+0000: 1411081.043: [GC 8705808K->1852780K(14444160K), 0.5468360 secs]
2018-05-27T14:11:01.544+0000: 1411101.164: [GC 8726316K->1842444K(14458240K), 0.4397300 secs]
2018-05-27T14:11:20.173+0000: 1411119.794: [GC 8736332K->1866316K(14455744K), 0.4982600 secs]
2018-05-27T14:12:02.851+0000: 1411162.472: [GC 8760204K->1952117K(14438912K), 0.8841570 secs]
2018-05-27T14:12:57.607+0000: 1411217.228: [GC 8834805K->1982574K(14421824K), 1.0019680 secs]
2018-05-27T14:13:53.997+0000: 1411273.617: [GC 8865262K->1989942K(14415232K), 0.9608150 secs]
2018-05-27T14:14:13.513+0000: 1411293.134: [GC 8821430K->1906162K(14425792K), 0.4627650 secs]
2018-05-27T14:14:32.674+0000: 1411312.294: [GC 8737650K->1917606K(14433856K), 0.4937830 secs]
2018-05-27T14:15:10.687+0000: 1411350.308: [GC 8760422K->1978872K(14429056K), 0.6592900 secs]
2018-05-27T14:15:59.011+0000: 1411398.632: [GC 8821688K->2019997K(14419264K), 0.9054070 secs]
2018-05-27T14:16:58.504+0000: 1411458.125: [GC 8855837K->2034005K(14372160K), 0.8902520 secs]
2018-05-27T14:17:22.003+0000: 1411481.624: [GC 8869845K->1967969K(14425152K), 0.5814820 secs]
2018-05-27T14:17:39.716+0000: 1411499.336: [GC 8792481K->1960614K(14419456K), 0.4817630 secs]
2018-05-27T14:18:13.125+0000: 1411532.746: [GC 8785126K->2000044K(14437952K), 0.6472280 secs]
2018-05-27T14:19:01.787+0000: 1411581.407: [GC 8846060K->2064683K(14428160K), 0.9841180 secs]
2018-05-27T14:19:59.077+0000: 1411638.698: [GC 8910699K->2073951K(14417152K), 0.8103180 secs]
2018-05-27T14:20:32.932+0000: 1411672.553: [GC 8900575K->2023753K(14423360K), 0.5870510 secs]
2018-05-27T14:20:50.946+0000: 1411690.567: [GC 8850377K->2012701K(14434304K), 0.3896410 secs]
2018-05-27T14:21:12.151+0000: 1411711.772: [GC 8857309K->2023345K(14430400K), 0.5763660 secs]
2018-05-27T14:22:05.667+0000: 1411765.288: [GC 8867953K->2103638K(14423104K), 0.8155460 secs]
2018-05-27T14:23:07.185+0000: 1411826.806: [GC 8946390K->2113433K(14372608K), 0.9026290 secs]
2018-05-27T14:24:03.538+0000: 1411883.158: [GC 8956185K->2121938K(14419072K), 0.8763030 secs]
2018-05-27T14:25:15.006+0000: 1411954.626: [GC 8946514K->2131447K(14353024K), 0.8350720 secs]
2018-05-27T14:26:08.171+0000: 1412007.792: [GC 8956023K->2110342K(14429568K), 0.7580840 secs]
2018-05-27T14:26:27.213+0000: 1412026.834: [GC 8939846K->2069495K(14420032K), 0.4804540 secs]
2018-05-27T14:26:45.204+0000: 1412044.825: [GC 8898999K->2068315K(14429312K), 0.4329080 secs]
2018-05-27T14:27:43.929+0000: 1412103.549: [GC 8907227K->2168063K(14365568K), 0.8949630 secs]
2018-05-27T14:28:30.325+0000: 1412149.946: [GC 9006975K->2173722K(14420544K), 0.8475060 secs]
2018-05-27T14:28:48.061+0000: 1412167.681: [GC 8999066K->2101843K(14422720K), 0.4358740 secs]
2018-05-27T14:29:04.773+0000: 1412184.394: [GC 8927187K->2114991K(14426304K), 0.4643890 secs]
2018-05-27T14:29:54.186+0000: 1412233.807: [GC 8944239K->2184534K(14423040K), 0.7991060 secs]
2018-05-27T14:30:50.044+0000: 1412289.665: [GC 9013782K->2217664K(14417408K), 0.8861580 secs]
2018-05-27T14:31:12.170+0000: 1412311.791: [GC 9044288K->2143013K(14423360K), 0.5073220 secs]
2018-05-27T14:31:35.170+0000: 1412334.791: [GC 8969637K->2163283K(14433088K), 0.6007620 secs]
2018-05-27T14:31:59.969+0000: 1412359.590: [GC 9002771K->2162836K(14426496K), 0.5055850 secs]
2018-05-27T14:32:19.438+0000: 1412379.058: [GC 9002324K->2176558K(14445120K), 0.5325530 secs]
2018-05-27T14:32:39.037+0000: 1412398.658: [GC 9040046K->2177673K(14438464K), 0.5483350 secs]
2018-05-27T14:33:00.159+0000: 1412419.780: [GC 9041161K->2170511K(14454592K), 0.4608530 secs]
2018-05-27T14:33:23.273+0000: 1412442.893: [GC 9056015K->2175132K(14451008K), 0.4646260 secs]
2018-05-27T14:33:45.727+0000: 1412465.348: [GC 9060636K->2192087K(14464128K), 0.5112300 secs]
2018-05-27T14:34:09.316+0000: 1412488.937: [GC 9094231K->2198318K(14458112K), 0.4887360 secs]
2018-05-27T14:34:12.768+0000: 1412492.388: [GC 3462027K->2124837K(14451904K), 0.0979760 secs]
2018-05-27T14:34:12.866+0000: 1412492.487: [Full GC 2124837K->1171232K(14451904K), 3.8021060 secs]
2018-05-27T14:34:37.821+0000: 1412517.442: [GC 8072864K->1281585K(14460864K), 0.4832470 secs]
2018-05-27T14:34:58.332+0000: 1412537.953: [GC 8183217K->1296210K(14479744K), 0.4525650 secs]
2018-05-27T14:35:19.789+0000: 1412559.410: [GC 8226450K->1303505K(14470592K), 0.4787550 secs]
2018-05-27T14:35:39.889+0000: 1412579.510: [GC 8233745K->1317656K(14494720K), 0.5419400 secs]
2018-05-27T14:36:08.407+0000: 1412608.028: [GC 8280216K->1319651K(14487936K), 0.5291670 secs]
2018-05-27T14:36:29.742+0000: 1412629.363: [GC 8282211K->1327723K(14507712K), 0.5553590 secs]
2018-05-27T14:36:49.718+0000: 1412649.338: [GC 8316843K->1332734K(14501504K), 0.5242090 secs]
2018-05-27T14:37:09.915+0000: 1412669.535: [GC 8321854K->1336731K(14517568K), 0.4854630 secs]
2018-05-27T14:37:31.105+0000: 1412690.726: [GC 8347547K->1349914K(14513344K), 0.5345730 secs]
2018-05-27T14:37:52.260+0000: 1412711.881: [GC 8360730K->1361817K(14524544K), 0.5434780 secs]
2018-05-27T14:38:13.221+0000: 1412732.842: [GC 8388505K->1366382K(14522240K), 0.5549100 secs]
2018-05-27T14:38:32.467+0000: 1412752.088: [GC 8393070K->1361815K(14530176K), 0.4708020 secs]
2018-05-27T14:38:55.347+0000: 1412774.968: [GC 8400023K->1363113K(14528128K), 0.4553760 secs]
2018-05-27T14:39:19.359+0000: 1412798.980: [GC 8401321K->1382160K(14535168K), 0.4882020 secs]
2018-05-27T14:40:30.994+0000: 1412870.614: [GC 8428688K->1431078K(14531456K), 0.7180850 secs]
2018-05-27T14:41:31.632+0000: 1412931.253: [GC 8477606K->1428961K(14505216K), 0.5516070 secs]
2018-05-27T14:41:48.511+0000: 1412948.131: [GC 8445537K->1405259K(14518336K), 0.4601780 secs]
2018-05-27T14:42:07.626+0000: 1412967.246: [GC 8421835K->1394647K(14516416K), 0.3557030 secs]
2018-05-27T14:42:43.915+0000: 1413003.535: [GC 8410327K->1441973K(14517888K), 0.5928450 secs]
2018-05-27T14:43:30.631+0000: 1413050.251: [GC 8457653K->1457598K(14515584K), 0.6638480 secs]
2018-05-27T14:43:59.927+0000: 1413079.548: [GC 8472126K->1433324K(14517312K), 0.4770640 secs]
2018-05-27T14:44:19.230+0000: 1413098.851: [GC 8447852K->1424868K(14519296K), 0.3651950 secs]
2018-05-27T14:44:44.669+0000: 1413124.290: [GC 8443620K->1447164K(14519424K), 0.4953210 secs]
2018-05-27T14:45:03.225+0000: 1413142.846: [GC 8465916K->1442250K(14524224K), 0.3751950 secs]
2018-05-27T14:45:34.712+0000: 1413174.333: [GC 8469194K->1466622K(14522816K), 0.4991770 secs]
2018-05-27T14:46:43.712+0000: 1413243.332: [GC 8493566K->1556589K(14469568K), 0.9431700 secs]
2018-05-27T14:47:37.209+0000: 1413296.830: [GC 8534509K->1608831K(14499008K), 0.8574470 secs]
2018-05-27T14:48:40.430+0000: 1413360.050: [GC 8586751K->1633873K(14404416K), 0.9309860 secs]
2018-05-27T14:49:32.311+0000: 1413411.932: [GC 8517201K->1643587K(14404416K), 0.8498330 secs]
2018-05-27T14:49:50.195+0000: 1413429.816: [GC 8526915K->1576467K(14447552K), 0.4847060 secs]
2018-05-27T14:50:08.122+0000: 1413447.743: [GC 8447699K->1588797K(14443776K), 0.4595450 secs]
2018-05-27T14:50:46.400+0000: 1413486.020: [GC 8460029K->1644555K(14451392K), 0.8001600 secs]
2018-05-27T14:51:38.780+0000: 1413538.401: [GC 8528907K->1685664K(14419072K), 0.9868950 secs]
2018-05-27T14:52:43.044+0000: 1413602.665: [GC 8570016K->1692461K(14421760K), 0.9552000 secs]
2018-05-27T14:53:48.383+0000: 1413668.004: [GC 8533677K->1698043K(14369152K), 0.9082680 secs]
2018-05-27T14:54:32.174+0000: 1413711.794: [GC 8539259K->1669511K(14435712K), 0.7276160 secs]
2018-05-27T14:54:49.416+0000: 1413729.037: [GC 8510727K->1632928K(14425600K), 0.5007640 secs]
2018-05-27T14:55:06.174+0000: 1413745.795: [GC 8474144K->1636452K(14439552K), 0.4280820 secs]
2018-05-27T14:55:27.700+0000: 1413767.321: [GC 8493220K->1656965K(14437312K), 0.4847390 secs]
2018-05-27T14:55:44.351+0000: 1413783.972: [GC 8513733K->1652849K(14449216K), 0.4367610 secs]
2018-05-27T14:56:44.827+0000: 1413844.448: [GC 8527345K->1692320K(14445376K), 0.6299030 secs]
2018-05-27T14:58:48.119+0000: 1413967.740: [GC 8566816K->1749359K(14438400K), 0.9129530 secs]
2018-05-27T14:59:45.243+0000: 1414024.864: [GC 8625263K->1746064K(14383616K), 0.8066090 secs]
2018-05-27T15:00:08.444+0000: 1414048.064: [GC 8621968K->1695236K(14449408K), 0.4588460 secs]
2018-05-27T15:00:30.081+0000: 1414069.702: [GC 8571844K->1716528K(14447296K), 0.5735640 secs]
2018-05-27T15:00:50.436+0000: 1414090.057: [GC 8593136K->1707272K(14458432K), 0.4867060 secs]
2018-05-27T15:01:12.613+0000: 1414112.234: [GC 8600904K->1714521K(14455296K), 0.4687980 secs]
2018-05-27T15:01:35.091+0000: 1414134.712: [GC 8608153K->1721848K(14467392K), 0.5293030 secs]
2018-05-27T15:01:57.775+0000: 1414157.395: [GC 8631672K->1727854K(14462528K), 0.5409640 secs]
2018-05-27T15:02:19.670+0000: 1414179.291: [GC 8637678K->1739876K(14478400K), 0.5580880 secs]
2018-05-27T15:02:42.342+0000: 1414201.963: [GC 8670436K->1735456K(14472256K), 0.5130730 secs]
2018-05-27T15:03:01.803+0000: 1414221.424: [GC 8666016K->1744233K(14486336K), 0.4971650 secs]
2018-05-27T15:03:23.339+0000: 1414242.960: [GC 8692649K->1763212K(14482176K), 0.5281400 secs]
2018-05-27T15:03:46.013+0000: 1414265.633: [GC 8711628K->1769702K(14497792K), 0.5572940 secs]
2018-05-27T15:04:09.562+0000: 1414289.182: [GC 8740070K->1780148K(14492672K), 0.5744960 secs]
2018-05-27T15:04:29.612+0000: 1414309.233: [GC 8750516K->1776800K(14507008K), 0.5259060 secs]
2018-05-27T15:04:49.439+0000: 1414329.060: [GC 8767200K->1788751K(14503488K), 0.5093830 secs]
2018-05-27T15:05:10.450+0000: 1414350.071: [GC 8779151K->1800298K(14516096K), 0.5218820 secs]
2018-05-27T15:05:31.960+0000: 1414371.581: [GC 8807594K->1809449K(14511296K), 0.5187540 secs]
2018-05-27T15:05:53.045+0000: 1414392.666: [GC 8816745K->1796082K(14521024K), 0.4814630 secs]
2018-05-27T15:06:19.440+0000: 1414419.061: [GC 8816946K->1795864K(14519936K), 0.4616360 secs]
2018-05-27T15:06:44.595+0000: 1414444.216: [GC 8816728K->1798552K(14522176K), 0.4685470 secs]
2018-05-27T15:07:06.072+0000: 1414465.693: [GC 8822104K->1816797K(14521472K), 0.5223980 secs]
2018-05-27T15:07:27.009+0000: 1414486.630: [GC 8840349K->1822342K(14528448K), 0.4842860 secs]
2018-05-27T15:07:50.716+0000: 1414510.337: [GC 8856006K->1830840K(14525312K), 0.5367990 secs]
2018-05-27T15:08:13.720+0000: 1414533.340: [GC 8864504K->1835412K(14535232K), 0.5128180 secs]
2018-05-27T15:08:37.115+0000: 1414556.736: [GC 8882516K->1839537K(14531968K), 0.5073190 secs]
2018-05-27T15:09:01.165+0000: 1414580.785: [GC 8886641K->1841068K(14540032K), 0.5040210 secs]
2018-05-27T15:09:23.521+0000: 1414603.142: [GC 8899244K->1856630K(14538240K), 0.5649680 secs]
2018-05-27T15:09:45.075+0000: 1414624.696: [GC 8914806K->1851548K(14543168K), 0.4931680 secs]
2018-05-27T15:10:37.475+0000: 1414677.096: [GC 8916636K->1922029K(14542016K), 0.6229140 secs]
2018-05-27T15:11:19.690+0000: 1414719.311: [GC 8987117K->1959122K(14469056K), 0.8086340 secs]
2018-05-27T15:11:42.633+0000: 1414742.254: [GC 8950098K->1930045K(14505536K), 0.3675510 secs]
2018-05-27T15:11:55.301+0000: 1414754.922: [GC 8921021K->1939608K(14508352K), 0.3499140 secs]
2018-05-27T15:12:09.178+0000: 1414768.798: [GC 8934296K->1944777K(14506432K), 0.4596140 secs]
2018-05-27T15:12:23.325+0000: 1414782.946: [GC 8939465K->1954255K(14512960K), 0.4857770 secs]
2018-05-27T15:12:44.902+0000: 1414804.523: [GC 8957327K->1974164K(14510208K), 0.5097010 secs]
2018-05-27T15:13:05.609+0000: 1414825.229: [GC 8977236K->1988205K(14520512K), 0.6013170 secs]
2018-05-27T15:13:26.034+0000: 1414845.655: [GC 9006765K->1980659K(14518144K), 0.5044360 secs]
2018-05-27T15:13:49.231+0000: 1414868.852: [GC 8999219K->1993737K(14527936K), 0.5282650 secs]
2018-05-27T15:14:10.468+0000: 1414890.089: [GC 9025289K->1995278K(14523712K), 0.4963050 secs]
2018-05-27T15:14:33.261+0000: 1414912.882: [GC 9026830K->2006574K(14534144K), 0.5203570 secs]
2018-05-27T15:14:56.741+0000: 1414936.362: [GC 9051374K->2005802K(14530752K), 0.4375000 secs]
2018-05-27T15:15:19.609+0000: 1414959.230: [GC 9050602K->2021248K(14539008K), 0.4910020 secs]
2018-05-27T15:15:43.769+0000: 1414983.389: [GC 9075968K->2018511K(14535808K), 0.4747140 secs]
2018-05-27T15:16:03.414+0000: 1415003.035: [GC 9073231K->2026617K(14542144K), 0.4734580 secs]
2018-05-27T15:16:27.358+0000: 1415026.979: [GC 9088889K->2030959K(14540224K), 0.4852770 secs]
2018-05-27T15:16:51.113+0000: 1415050.734: [GC 9093231K->2043682K(14546048K), 0.5069720 secs]
2018-05-27T15:17:15.822+0000: 1415075.443: [GC 9113250K->2055984K(14543616K), 0.5615920 secs]
2018-05-27T15:17:38.145+0000: 1415097.766: [GC 9125552K->2063858K(14546368K), 0.5425440 secs]
2018-05-27T15:17:59.676+0000: 1415119.297: [GC 9136626K->2076260K(14534592K), 0.5212280 secs]
2018-05-27T15:18:18.745+0000: 1415138.366: [GC 9149028K->2072201K(14547008K), 0.5273910 secs]
2018-05-27T15:18:41.400+0000: 1415161.021: [GC 9143817K->2082528K(14544704K), 0.5351280 secs]
2018-05-27T15:19:03.896+0000: 1415183.517: [GC 9154144K->2085865K(14549824K), 0.5022250 secs]
2018-05-27T15:19:26.726+0000: 1415206.346: [GC 9163497K->2091850K(14547904K), 0.5119070 secs]
2018-05-27T15:19:48.766+0000: 1415228.387: [GC 9169482K->2101089K(14552512K), 0.5423190 secs]
2018-05-27T15:20:11.834+0000: 1415251.455: [GC 9185057K->2102211K(14551552K), 0.4708420 secs]
2018-05-27T15:20:32.581+0000: 1415272.202: [GC 9186179K->2109628K(14554240K), 0.5071370 secs]
2018-05-27T15:20:52.829+0000: 1415292.450: [GC 9197116K->2119634K(14553344K), 0.5133020 secs]
2018-05-27T15:21:15.209+0000: 1415314.829: [GC 9207122K->2128185K(14555648K), 0.5268110 secs]
2018-05-27T15:21:36.880+0000: 1415336.501: [GC 9219129K->2136079K(14555392K), 0.5429110 secs]
2018-05-27T15:21:58.077+0000: 1415357.697: [GC 9227023K->2146234K(14554944K), 0.5490560 secs]
2018-05-27T15:22:20.468+0000: 1415380.089: [GC 9237050K->2143153K(14535744K), 0.4890750 secs]
2018-05-27T15:22:41.137+0000: 1415400.758: [GC 9233969K->2147457K(14554688K), 0.5104130 secs]
2018-05-27T15:23:03.531+0000: 1415423.152: [GC 9237377K->2163567K(14555008K), 0.5225340 secs]
2018-05-27T15:23:25.903+0000: 1415445.523: [GC 9253487K->2172849K(14554368K), 0.5146630 secs]
2018-05-27T15:23:48.509+0000: 1415468.129: [GC 9262129K->2189015K(14554688K), 0.5972960 secs]
2018-05-27T15:24:09.131+0000: 1415488.751: [GC 9278295K->2188219K(14543424K), 0.5553250 secs]
2018-05-27T15:24:31.625+0000: 1415511.246: [GC 9266235K->2182286K(14521280K), 0.4991610 secs]
2018-05-27T15:24:51.708+0000: 1415531.329: [GC 9260302K->2192213K(14549696K), 0.5004740 secs]
2018-05-27T15:25:14.209+0000: 1415553.829: [GC 9270677K->2200649K(14548864K), 0.4727250 secs]
2018-05-27T15:25:36.839+0000: 1415576.460: [GC 9279113K->2204731K(14552192K), 0.4813970 secs]
2018-05-27T15:25:58.589+0000: 1415598.210: [GC 9287931K->2229900K(14551104K), 0.5958780 secs]
2018-05-27T15:26:17.567+0000: 1415617.188: [GC 9313100K->2233715K(14539712K), 0.5664150 secs]
2018-05-27T15:26:39.097+0000: 1415638.718: [GC 9304435K->2229072K(14545408K), 0.4838130 secs]
2018-05-27T15:27:01.236+0000: 1415660.857: [GC 9299792K->2239091K(14547392K), 0.5003030 secs]
2018-05-27T15:27:22.653+0000: 1415682.274: [GC 9312563K->2256928K(14546176K), 0.5838810 secs]
2018-05-27T15:27:45.681+0000: 1415705.302: [GC 9330400K->2252170K(14548032K), 0.5115540 secs]
2018-05-27T15:28:04.138+0000: 1415723.759: [GC 9327050K->2271409K(14537600K), 0.5676860 secs]
2018-05-27T15:28:25.566+0000: 1415745.187: [GC 9346289K->2271563K(14547712K), 0.5347320 secs]
2018-05-27T15:28:47.235+0000: 1415766.856: [GC 9345803K->2281272K(14546624K), 0.5613920 secs]
2018-05-27T15:29:08.988+0000: 1415788.609: [GC 9355512K->2287015K(14547840K), 0.5758350 secs]
2018-05-27T15:29:29.126+0000: 1415808.747: [GC 9362023K->2292482K(14547264K), 0.5906490 secs]
2018-05-27T15:29:53.035+0000: 1415832.656: [GC 9367490K->2283239K(14547008K), 0.4765450 secs]
2018-05-27T15:30:12.674+0000: 1415852.294: [GC 9359079K->2302378K(14547968K), 0.4884690 secs]
2018-05-27T15:30:32.799+0000: 1415872.420: [GC 9378218K->2319651K(14544768K), 0.5867980 secs]
2018-05-27T15:30:57.163+0000: 1415896.783: [GC 9393955K->2299615K(14510592K), 0.4443420 secs]
2018-05-27T15:31:19.498+0000: 1415919.119: [GC 9373919K->2324774K(14547136K), 0.5325680 secs]
2018-05-27T15:31:41.525+0000: 1415941.145: [GC 9397478K->2328755K(14545664K), 0.5396690 secs]
2018-05-27T15:32:01.997+0000: 1415961.618: [GC 9401459K->2324100K(14547328K), 0.4822160 secs]
2018-05-27T15:32:23.772+0000: 1415983.392: [GC 9399940K->2342114K(14547968K), 0.5238930 secs]
2018-05-27T15:32:45.030+0000: 1416004.651: [GC 9417954K->2358613K(14546432K), 0.5781970 secs]
2018-05-27T15:33:07.023+0000: 1416026.644: [GC 9434709K->2358777K(14548096K), 0.5641700 secs]
2018-05-27T15:33:30.906+0000: 1416050.527: [GC 9434873K->2352213K(14548864K), 0.4982080 secs]
2018-05-27T15:33:52.338+0000: 1416071.959: [GC 9429589K->2366685K(14548608K), 0.5164740 secs]
2018-05-27T15:34:12.916+0000: 1416092.537: [GC 9444061K->2370182K(14551744K), 0.5111450 secs]
2018-05-27T15:34:16.678+0000: 1416096.298: [GC 3220310K->2292397K(14439936K), 0.1141970 secs]
2018-05-27T15:34:16.792+0000: 1416096.413: [Full GC 2292397K->1114984K(14439936K), 3.4735120 secs]
2018-05-27T15:34:38.591+0000: 1416118.212: [GC 8193896K->1239434K(14529856K), 0.5549500 secs]
2018-05-27T15:34:59.357+0000: 1416138.978: [GC 8286986K->1253033K(14509440K), 0.4964260 secs]
2018-05-27T15:35:20.105+0000: 1416159.725: [GC 8300585K->1263012K(14526848K), 0.5617320 secs]
2018-05-27T15:35:42.372+0000: 1416181.993: [GC 8301604K->1249136K(14529344K), 0.4380470 secs]
2018-05-27T15:36:03.968+0000: 1416203.588: [GC 8287728K->1268355K(14533632K), 0.5014600 secs]
2018-05-27T15:36:25.280+0000: 1416224.900: [GC 8314307K->1255348K(14532416K), 0.4133250 secs]
2018-05-27T15:36:48.293+0000: 1416247.914: [GC 8301300K->1273916K(14537792K), 0.4996280 secs]
2018-05-27T15:37:10.289+0000: 1416269.910: [GC 8326844K->1282947K(14535232K), 0.5149680 secs]
2018-05-27T15:37:32.678+0000: 1416292.298: [GC 8335875K->1288678K(14539840K), 0.5182910 secs]
2018-05-27T15:37:53.710+0000: 1416313.331: [GC 8347238K->1299531K(14538816K), 0.5641080 secs]
2018-05-27T15:38:13.181+0000: 1416332.802: [GC 8358091K->1295880K(14542272K), 0.4882330 secs]
2018-05-27T15:38:34.566+0000: 1416354.186: [GC 8357618K->1310598K(14539584K), 0.5685550 secs]
2018-05-27T15:38:56.559+0000: 1416376.179: [GC 8372358K->1310975K(14545152K), 0.4921140 secs]
2018-05-27T15:39:19.266+0000: 1416398.887: [GC 8378559K->1325160K(14542528K), 0.5551220 secs]
2018-05-27T15:39:39.652+0000: 1416419.272: [GC 8392744K->1318476K(14545728K), 0.5031760 secs]
2018-05-27T15:39:59.555+0000: 1416439.175: [GC 8388300K->1326774K(14544192K), 0.4561020 secs]
2018-05-27T15:40:21.863+0000: 1416461.484: [GC 8396598K->1342433K(14546752K), 0.5045280 secs]
2018-05-27T15:40:42.640+0000: 1416482.261: [GC 8416865K->1344699K(14547264K), 0.5401260 secs]
2018-05-27T15:41:03.548+0000: 1416503.169: [GC 8419131K->1346418K(14549376K), 0.5457810 secs]
2018-05-27T15:41:26.533+0000: 1416526.154: [GC 8423090K->1340816K(14547392K), 0.4607710 secs]
2018-05-27T15:41:46.212+0000: 1416545.833: [GC 8417488K->1358188K(14550784K), 0.5247680 secs]
2018-05-27T15:42:09.802+0000: 1416569.423: [GC 8438252K->1359010K(14549376K), 0.5207610 secs]
2018-05-27T15:42:31.835+0000: 1416591.455: [GC 8439074K->1373076K(14551744K), 0.5376690 secs]
2018-05-27T15:42:53.010+0000: 1416612.630: [GC 8456596K->1381727K(14539968K), 0.5645930 secs]
2018-05-27T15:43:17.592+0000: 1416637.213: [GC 8465247K->1372974K(14551360K), 0.4677970 secs]
2018-05-27T15:43:36.333+0000: 1416655.953: [GC 8455854K->1390139K(14551488K), 0.5248680 secs]
2018-05-27T15:43:57.400+0000: 1416677.021: [GC 8473019K->1395877K(14553408K), 0.5359530 secs]
2018-05-27T15:44:19.283+0000: 1416698.903: [GC 8481381K->1403953K(14552192K), 0.5531840 secs]
2018-05-27T15:44:41.681+0000: 1416721.302: [GC 8489457K->1404998K(14555136K), 0.5013940 secs]
2018-05-27T15:45:02.403+0000: 1416742.024: [GC 8494150K->1425582K(14552704K), 0.5493950 secs]
2018-05-27T15:45:21.448+0000: 1416761.069: [GC 8514734K->1420271K(14553216K), 0.4506290 secs]
2018-05-27T15:45:41.845+0000: 1416781.466: [GC 8506095K->1431282K(14552704K), 0.4955390 secs]
2018-05-27T15:46:03.065+0000: 1416802.685: [GC 8517106K->1441332K(14549952K), 0.5370610 secs]
2018-05-27T15:46:23.001+0000: 1416822.622: [GC 8524212K->1450783K(14546496K), 0.5999330 secs]
2018-05-27T15:46:44.600+0000: 1416844.220: [GC 8533663K->1438306K(14548736K), 0.5056210 secs]
2018-05-27T15:47:05.989+0000: 1416865.610: [GC 8516194K->1442726K(14519616K), 0.4838640 secs]
2018-05-27T15:47:27.394+0000: 1416887.015: [GC 8520614K->1459564K(14550400K), 0.5067490 secs]
2018-05-27T15:47:49.972+0000: 1416909.593: [GC 8538668K->1466345K(14548800K), 0.4920840 secs]
2018-05-27T15:48:12.513+0000: 1416932.134: [GC 8545449K->1469951K(14552768K), 0.4798240 secs]
2018-05-27T15:48:33.460+0000: 1416953.081: [GC 8554559K->1484519K(14551936K), 0.5310270 secs]
2018-05-27T15:48:55.375+0000: 1416974.995: [GC 8569127K->1491788K(14550848K), 0.5452930 secs]
2018-05-27T15:49:16.830+0000: 1416996.451: [GC 8575052K->1483197K(14524928K), 0.4825930 secs]
2018-05-27T15:49:36.905+0000: 1417016.526: [GC 8566461K->1496310K(14552704K), 0.4695810 secs]
2018-05-27T15:49:57.584+0000: 1417037.205: [GC 8580342K->1514821K(14543680K), 0.4912330 secs]
2018-05-27T15:50:16.881+0000: 1417056.501: [GC 8598853K->1530812K(14542336K), 0.5968830 secs]
2018-05-27T15:50:39.573+0000: 1417079.194: [GC 8604220K->1513533K(14546752K), 0.4810070 secs]
2018-05-27T15:51:02.220+0000: 1417101.841: [GC 8586941K->1515052K(14546816K), 0.4931850 secs]
2018-05-27T15:51:25.045+0000: 1417124.665: [GC 8588844K->1517233K(14510976K), 0.4648730 secs]
2018-05-27T15:51:49.532+0000: 1417149.152: [GC 8591025K->1524642K(14547328K), 0.4629080 secs]
2018-05-27T15:52:12.278+0000: 1417171.899: [GC 8598562K->1532312K(14546688K), 0.5061510 secs]
2018-05-27T15:52:35.228+0000: 1417194.849: [GC 8606232K->1536071K(14548864K), 0.4859640 secs]
2018-05-27T15:52:58.904+0000: 1417218.525: [GC 8612999K->1540003K(14548160K), 0.4661930 secs]
2018-05-27T15:53:22.220+0000: 1417241.840: [GC 8616931K->1553430K(14552064K), 0.4893220 secs]
2018-05-27T15:53:43.485+0000: 1417263.106: [GC 8635030K->1564849K(14549632K), 0.5428300 secs]
2018-05-27T15:54:05.840+0000: 1417285.461: [GC 8646449K->1562230K(14553728K), 0.4740540 secs]
2018-05-27T15:54:29.610+0000: 1417309.231: [GC 8647862K->1564582K(14552000K), 0.4643960 secs]
2018-05-27T15:54:49.946+0000: 1417329.567: [GC 8650214K->1590863K(14547584K), 0.5907510 secs]
2018-05-27T15:55:08.691+0000: 1417348.311: [GC 8672975K->1588476K(14551104K), 0.4441700 secs]
2018-05-27T15:55:30.008+0000: 1417369.628: [GC 8670588K->1600476K(14550464K), 0.4637290 secs]
2018-05-27T15:55:51.030+0000: 1417390.651: [GC 8682588K->1612471K(14542720K), 0.5136010 secs]
2018-05-27T15:56:12.387+0000: 1417412.008: [GC 8694583K->1624094K(14542016K), 0.5280470 secs]
2018-05-27T15:56:30.629+0000: 1417430.249: [GC 8694686K->1624209K(14545344K), 0.4888080 secs]
2018-05-27T15:56:54.521+0000: 1417454.142: [GC 8694801K->1635522K(14546816K), 0.5578740 secs]
2018-05-27T15:57:15.387+0000: 1417475.008: [GC 8708546K->1632071K(14546304K), 0.4869230 secs]
2018-05-27T15:57:37.172+0000: 1417496.793: [GC 8705095K->1648383K(14548800K), 0.5640310 secs]
2018-05-27T15:57:56.818+0000: 1417516.438: [GC 8724863K->1643775K(14547776K), 0.5141720 secs]
2018-05-27T15:58:21.351+0000: 1417540.971: [GC 8720255K->1645236K(14549440K), 0.4783550 secs]
2018-05-27T15:58:44.736+0000: 1417564.356: [GC 8724020K->1649500K(14549440K), 0.4587370 secs]
2018-05-27T15:59:08.424+0000: 1417588.044: [GC 8728284K->1670474K(14549888K), 0.5227800 secs]
2018-05-27T15:59:30.087+0000: 1417609.708: [GC 8749834K->1674287K(14549568K), 0.4945010 secs]
2018-05-27T15:59:53.535+0000: 1417633.156: [GC 8753647K->1680784K(14553728K), 0.5109690 secs]
2018-05-27T16:00:17.848+0000: 1417657.468: [GC 8766224K->1685716K(14551808K), 0.4358200 secs]
2018-05-27T16:00:41.648+0000: 1417681.268: [GC 8771156K->1697201K(14556480K), 0.5143680 secs]
2018-05-27T16:01:04.684+0000: 1417704.305: [GC 8788657K->1696876K(14555072K), 0.4805660 secs]
2018-05-27T16:01:27.482+0000: 1417727.103: [GC 8788332K->1709009K(14558400K), 0.4743140 secs]
2018-05-27T16:01:45.084+0000: 1417744.705: [GC 8804241K->1722210K(14556928K), 0.5326910 secs]
2018-05-27T16:02:10.568+0000: 1417770.188: [GC 8817442K->1745689K(14540608K), 0.6548590 secs]
2018-05-27T16:03:06.809+0000: 1417826.430: [GC 8824345K->1821707K(14549376K), 0.9127740 secs]
2018-05-27T16:04:04.550+0000: 1417884.171: [GC 8900363K->1894040K(14435712K), 0.9801640 secs]
2018-05-27T16:04:55.216+0000: 1417934.836: [GC 8859032K->1954724K(14483264K), 0.7749540 secs]
2018-05-27T16:05:28.307+0000: 1417967.928: [GC 8919716K->1894665K(14480832K), 0.4408680 secs]
2018-05-27T16:05:45.385+0000: 1417985.005: [GC 8838665K->1893918K(14482048K), 0.4013170 secs]
2018-05-27T16:06:08.136+0000: 1418007.757: [GC 8837918K->1913035K(14487168K), 0.5226530 secs]
2018-05-27T16:06:26.847+0000: 1418026.468: [GC 8863115K->1905726K(14483008K), 0.4431390 secs]
2018-05-27T16:06:44.376+0000: 1418043.997: [GC 8855806K->1917503K(14492224K), 0.4771770 secs]
2018-05-27T16:07:39.000+0000: 1418098.620: [GC 8878527K->1996252K(14475712K), 0.8783350 secs]
2018-05-27T16:08:37.780+0000: 1418157.401: [GC 8957276K->2005570K(14457792K), 0.7658590 secs]
2018-05-27T16:09:31.027+0000: 1418210.648: [GC 8922178K->2018024K(14434560K), 0.8848420 secs]
2018-05-27T16:10:40.404+0000: 1418280.024: [GC 8934632K->2022584K(14449280K), 0.7444420 secs]
2018-05-27T16:12:27.042+0000: 1418386.663: [GC 8910776K->2025780K(14393152K), 0.8057870 secs]
2018-05-27T16:14:03.135+0000: 1418482.755: [GC 8913972K->2035948K(14454080K), 0.7748130 secs]
2018-05-27T16:15:23.540+0000: 1418563.160: [GC 8923180K->2063015K(14402304K), 0.7494790 secs]
2018-05-27T16:16:57.483+0000: 1418657.104: [GC 8950247K->2078483K(14445824K), 0.8327070 secs]
2018-05-27T16:18:06.752+0000: 1418726.372: [GC 8954899K->2086344K(14448256K), 0.7767950 secs]
2018-05-27T16:19:01.855+0000: 1418781.476: [GC 8962760K->2109080K(14441920K), 0.8361510 secs]
2018-05-27T16:19:21.413+0000: 1418801.034: [GC 8980120K->2034409K(14308288K), 0.4203390 secs]
2018-05-27T16:19:38.777+0000: 1418818.397: [GC 8905449K->2047648K(14444608K), 0.4799290 secs]
2018-05-27T16:20:28.402+0000: 1418868.023: [GC 8915936K->2120854K(14443776K), 0.7870780 secs]
2018-05-27T16:21:20.370+0000: 1418919.991: [GC 8989142K->2144945K(14434176K), 0.7711890 secs]
2018-05-27T16:22:19.870+0000: 1418979.490: [GC 9003441K->2134053K(14439296K), 0.7651050 secs]
2018-05-27T16:22:37.985+0000: 1418997.606: [GC 8992549K->2089031K(14443904K), 0.4608930 secs]
2018-05-27T16:23:02.592+0000: 1419022.213: [GC 8956743K->2092273K(14443904K), 0.4849380 secs]
2018-05-27T16:23:59.747+0000: 1419079.368: [GC 8959985K->2149533K(14451712K), 0.6669990 secs]
2018-05-27T16:24:19.067+0000: 1419098.687: [GC 9025437K->2111264K(14444288K), 0.3906420 secs]
2018-05-27T16:24:44.503+0000: 1419124.124: [GC 8987168K->2158177K(14456896K), 0.5362390 secs]
2018-05-27T16:25:03.601+0000: 1419143.222: [GC 9045537K->2134881K(14450560K), 0.3408950 secs]
2018-05-27T16:25:21.983+0000: 1419161.604: [GC 9022241K->2168054K(14462912K), 0.4678250 secs]
2018-05-27T16:26:21.266+0000: 1419220.886: [GC 9068022K->2265304K(14436736K), 0.9367450 secs]
2018-05-27T16:27:18.996+0000: 1419278.617: [GC 9165272K->2281179K(14423040K), 0.9029030 secs]
2018-05-27T16:28:04.839+0000: 1419324.460: [GC 9130459K->2302740K(14383744K), 0.8142340 secs]
2018-05-27T16:28:53.480+0000: 1419373.101: [GC 9152020K->2320980K(14410752K), 0.8923650 secs]
2018-05-27T16:29:58.846+0000: 1419438.466: [GC 9136852K->2343128K(14353856K), 0.7409020 secs]
2018-05-27T16:33:07.214+0000: 1419626.835: [GC 9159000K->2339199K(14413184K), 0.8776280 secs]
2018-05-27T16:34:20.277+0000: 1419699.897: [GC 3496381K->2206940K(14174464K), 0.1295320 secs]
2018-05-27T16:34:20.406+0000: 1419700.027: [Full GC 2206940K->1030356K(14174464K), 3.6789640 secs]
2018-05-27T16:36:27.217+0000: 1419826.838: [GC 7835156K->1217959K(14397440K), 0.8511510 secs]
2018-05-27T16:37:17.277+0000: 1419876.898: [GC 7997479K->1185010K(14399808K), 0.6395240 secs]
2018-05-27T16:37:35.022+0000: 1419894.643: [GC 7964530K->1167458K(14415872K), 0.4906780 secs]
2018-05-27T16:37:57.275+0000: 1419916.896: [GC 7974306K->1178667K(14411072K), 0.5551970 secs]
2018-05-27T16:39:12.406+0000: 1419992.027: [GC 7985515K->1259818K(14412736K), 0.8093130 secs]
2018-05-27T16:40:17.297+0000: 1420056.918: [GC 8074282K->1274585K(14343936K), 0.8273530 secs]
2018-05-27T16:40:37.085+0000: 1420076.706: [GC 8089049K->1187065K(14414208K), 0.4107550 secs]
2018-05-27T16:40:49.809+0000: 1420089.430: [GC 7993849K->1200001K(14412672K), 0.4110130 secs]
2018-05-27T16:41:01.617+0000: 1420101.238: [GC 8006785K->1207198K(14422784K), 0.4217530 secs]
2018-05-27T16:41:12.403+0000: 1420112.024: [GC 8028062K->1215530K(14418176K), 0.3865020 secs]
2018-05-27T16:41:26.732+0000: 1420126.353: [GC 8036394K->1230150K(14435584K), 0.4872640 secs]
2018-05-27T16:41:38.734+0000: 1420138.355: [GC 8073990K->1222701K(14428352K), 0.3514470 secs]
2018-05-27T16:41:50.150+0000: 1420149.771: [GC 8066541K->1236356K(14446848K), 0.4184340 secs]
2018-05-27T16:41:59.399+0000: 1420159.019: [GC 8103684K->1243849K(14440576K), 0.3417670 secs]
2018-05-27T16:42:14.870+0000: 1420174.491: [GC 8111177K->1260592K(14461888K), 0.4830910 secs]
2018-05-27T16:42:35.023+0000: 1420194.644: [GC 8156016K->1265784K(14453632K), 0.4486030 secs]
2018-05-27T16:43:18.383+0000: 1420238.003: [GC 8161208K->1325818K(14459968K), 0.7506950 secs]
2018-05-27T16:44:25.091+0000: 1420304.712: [GC 8235258K->1372125K(14441792K), 0.9826320 secs]
2018-05-27T16:45:28.600+0000: 1420368.221: [GC 8281565K->1369211K(14428416K), 0.8025730 secs]
2018-05-27T16:45:43.957+0000: 1420383.577: [GC 8224635K->1309137K(14437760K), 0.4575180 secs]
2018-05-27T16:45:57.245+0000: 1420396.866: [GC 8164561K->1326627K(14453952K), 0.4173540 secs]
2018-05-27T16:46:12.452+0000: 1420412.073: [GC 8205411K->1313001K(14444928K), 0.4679970 secs]
2018-05-27T16:46:24.792+0000: 1420424.413: [GC 8191785K->1305466K(14461760K), 0.3320840 secs]
2018-05-27T16:46:35.778+0000: 1420435.399: [GC 8205868K->1326323K(14458752K), 0.4575730 secs]
2018-05-27T16:46:47.412+0000: 1420447.033: [GC 8226739K->1340746K(14474240K), 0.3408470 secs]
2018-05-27T16:47:00.826+0000: 1420460.446: [GC 8262474K->1344635K(14467584K), 0.4416130 secs]
2018-05-27T16:47:18.354+0000: 1420477.975: [GC 8266363K->1362095K(14485824K), 0.4873800 secs]
2018-05-27T16:47:57.032+0000: 1420516.653: [GC 8307119K->1421087K(14439744K), 0.7593570 secs]
2018-05-27T16:48:52.671+0000: 1420572.291: [GC 8366111K->1469427K(14439232K), 0.9764560 secs]
2018-05-27T16:49:33.288+0000: 1420612.909: [GC 8367347K->1436210K(14459008K), 0.6870120 secs]
2018-05-27T16:49:48.822+0000: 1420628.443: [GC 8334130K->1411605K(14466112K), 0.5620200 secs]
2018-05-27T16:50:02.629+0000: 1420642.250: [GC 8317205K->1405083K(14459584K), 0.4070080 secs]
2018-05-27T16:50:19.787+0000: 1420659.408: [GC 8310683K->1401921K(14473792K), 0.3764740 secs]
2018-05-27T16:50:38.900+0000: 1420678.521: [GC 8326273K->1429756K(14470656K), 0.4779780 secs]
2018-05-27T16:51:38.737+0000: 1420738.358: [GC 8354108K->1517853K(14441920K), 0.8760630 secs]
2018-05-27T16:52:45.621+0000: 1420805.241: [GC 8420637K->1525810K(14434880K), 0.9911910 secs]
2018-05-27T16:53:59.561+0000: 1420879.182: [GC 8428594K->1533000K(14426368K), 0.9069220 secs]
2018-05-27T16:55:02.516+0000: 1420942.137: [GC 8385864K->1543368K(14380096K), 0.8211060 secs]
2018-05-27T16:56:03.988+0000: 1421003.609: [GC 8396232K->1557745K(14416320K), 0.8213680 secs]
2018-05-27T16:56:54.581+0000: 1421054.201: [GC 8383089K->1570367K(14358528K), 0.9115610 secs]
2018-05-27T16:57:55.989+0000: 1421115.609: [GC 8395711K->1592061K(14406272K), 0.9466840 secs]
2018-05-27T16:58:48.180+0000: 1421167.801: [GC 8395389K->1575314K(14411712K), 0.8004080 secs]
2018-05-27T16:59:05.680+0000: 1421185.301: [GC 8378642K->1511206K(14417088K), 0.4112650 secs]
2018-05-27T16:59:22.202+0000: 1421201.823: [GC 8326822K->1533332K(14417856K), 0.4769920 secs]
2018-05-27T17:00:18.674+0000: 1421258.294: [GC 8348948K->1605019K(14423616K), 0.7581190 secs]
2018-05-27T17:00:36.896+0000: 1421276.517: [GC 8429915K->1535633K(14421376K), 0.3210430 secs]
2018-05-27T17:00:53.327+0000: 1421292.948: [GC 8360529K->1566366K(14429696K), 0.4596940 secs]
2018-05-27T17:01:30.695+0000: 1421330.316: [GC 8399902K->1625242K(14423936K), 0.7175630 secs]
2018-05-27T17:02:04.885+0000: 1421364.505: [GC 8458778K->1607096K(14441088K), 0.5931030 secs]
2018-05-27T17:02:37.824+0000: 1421397.445: [GC 8460536K->1627402K(14432448K), 0.6796850 secs]
2018-05-27T17:03:13.183+0000: 1421432.804: [GC 8480842K->1628554K(14458112K), 0.7065530 secs]
2018-05-27T17:03:51.995+0000: 1421471.616: [GC 8516490K->1630519K(14449920K), 0.6190580 secs]
2018-05-27T17:04:34.790+0000: 1421514.411: [GC 8518455K->1620254K(14467072K), 0.5689680 secs]
2018-05-27T17:05:33.937+0000: 1421573.558: [GC 8531614K->1612007K(14464384K), 0.4050860 secs]
2018-05-27T17:06:23.534+0000: 1421623.154: [GC 8523367K->1642335K(14472576K), 0.5421330 secs]
2018-05-27T17:06:53.505+0000: 1421653.126: [GC 8562271K->1641549K(14467456K), 0.4783890 secs]
2018-05-27T17:07:10.381+0000: 1421670.002: [GC 8561485K->1654082K(14479104K), 0.4996640 secs]
2018-05-27T17:07:40.511+0000: 1421700.131: [GC 8588610K->1679777K(14475520K), 0.6276510 secs]
2018-05-27T17:08:36.362+0000: 1421755.983: [GC 8614305K->1729551K(14467520K), 0.8143440 secs]
2018-05-27T17:08:51.922+0000: 1421771.543: [GC 8663311K->1690496K(14476928K), 0.5805060 secs]
2018-05-27T17:09:09.642+0000: 1421789.262: [GC 8624256K->1699445K(14487168K), 0.5961920 secs]
2018-05-27T17:10:09.533+0000: 1421849.154: [GC 8648373K->1780177K(14481856K), 0.8733020 secs]
2018-05-27T17:10:53.795+0000: 1421893.416: [GC 8729105K->1725436K(14463424K), 0.5310620 secs]
2018-05-27T17:11:15.398+0000: 1421915.019: [GC 8650620K->1715704K(14472640K), 0.4639960 secs]
2018-05-27T17:11:37.581+0000: 1421937.202: [GC 8640888K->1735141K(14478720K), 0.5575910 secs]
2018-05-27T17:11:55.392+0000: 1421955.012: [GC 8668005K->1730401K(14474240K), 0.4927050 secs]
2018-05-27T17:12:12.635+0000: 1421972.255: [GC 8663265K->1739100K(14484352K), 0.4826240 secs]
2018-05-27T17:13:12.077+0000: 1422031.697: [GC 8684636K->1824277K(14469568K), 0.9072360 secs]
2018-05-27T17:13:32.634+0000: 1422052.255: [GC 8769813K->1790569K(14474752K), 0.5266080 secs]
2018-05-27T17:13:48.194+0000: 1422067.815: [GC 8714985K->1794347K(14469760K), 0.5303550 secs]
2018-05-27T17:14:46.093+0000: 1422125.714: [GC 8718763K->1838949K(14477952K), 0.7177330 secs]
2018-05-27T17:15:04.053+0000: 1422143.674: [GC 8776933K->1797206K(14370880K), 0.4077740 secs]
2018-05-27T17:15:19.083+0000: 1422158.703: [GC 8735190K->1827071K(14483264K), 0.4636580 secs]
2018-05-27T17:16:09.770+0000: 1422209.391: [GC 8769151K->1908064K(14470208K), 0.9206870 secs]
2018-05-27T17:16:42.329+0000: 1422241.950: [GC 8850144K->1858332K(14474496K), 0.5900420 secs]
2018-05-27T17:16:57.706+0000: 1422257.326: [GC 8782940K->1855769K(14470208K), 0.5389030 secs]
2018-05-27T17:17:26.049+0000: 1422285.670: [GC 8780377K->1871734K(14483584K), 0.5560880 secs]
2018-05-27T17:17:41.566+0000: 1422301.187: [GC 8813366K->1874053K(14478144K), 0.5141810 secs]
2018-05-27T17:18:08.853+0000: 1422328.474: [GC 8815685K->1901674K(14491648K), 0.6280890 secs]
2018-05-27T17:19:40.733+0000: 1422420.354: [GC 8860586K->1969679K(14487360K), 0.9201450 secs]
2018-05-27T17:22:16.521+0000: 1422576.142: [GC 8928591K->1973869K(14432064K), 0.8511510 secs]
2018-05-27T17:23:36.086+0000: 1422655.706: [GC 8873197K->1987082K(14412416K), 0.8796000 secs]
2018-05-27T17:23:55.038+0000: 1422674.659: [GC 8886410K->1914185K(14452608K), 0.4356200 secs]
2018-05-27T17:24:07.990+0000: 1422687.611: [GC 8802505K->1933606K(14454208K), 0.4390980 secs]
2018-05-27T17:24:19.147+0000: 1422698.767: [GC 8821926K->1941400K(14458816K), 0.4199160 secs]
2018-05-27T17:24:31.453+0000: 1422711.074: [GC 8836760K->1952035K(14456640K), 0.3044020 secs]
2018-05-27T17:24:46.975+0000: 1422726.596: [GC 8847395K->1957950K(14465536K), 0.4320090 secs]
2018-05-27T17:25:05.262+0000: 1422744.883: [GC 8865598K->1971320K(14462208K), 0.4109140 secs]
2018-05-27T17:26:14.684+0000: 1422814.305: [GC 8878968K->2077280K(14433536K), 0.9418930 secs]
2018-05-27T17:27:32.104+0000: 1422891.724: [GC 8960736K->2091783K(14419456K), 0.9524380 secs]
2018-05-27T17:28:09.414+0000: 1422929.034: [GC 8975239K->2048378K(14446464K), 0.6514190 secs]
2018-05-27T17:28:25.927+0000: 1422945.548: [GC 8911674K->2031143K(14436928K), 0.5113560 secs]
2018-05-27T17:28:40.925+0000: 1422960.545: [GC 8894439K->2029610K(14453632K), 0.4352250 secs]
2018-05-27T17:28:55.372+0000: 1422974.993: [GC 8913962K->2024692K(14450816K), 0.3290750 secs]
2018-05-27T17:29:06.895+0000: 1422986.516: [GC 8909044K->2039567K(14457280K), 0.3539760 secs]
2018-05-27T17:29:20.221+0000: 1422999.841: [GC 8931151K->2054607K(14454400K), 0.3985860 secs]
2018-05-27T17:29:36.678+0000: 1423016.299: [GC 8946191K->2062112K(14468224K), 0.3982530 secs]
2018-05-27T17:29:54.856+0000: 1423034.477: [GC 8972832K->2085917K(14462592K), 0.4272060 secs]
2018-05-27T17:30:39.806+0000: 1423079.427: [GC 8996637K->2160908K(14453440K), 0.7853590 secs]
2018-05-27T17:31:21.093+0000: 1423120.714: [GC 9070860K->2165295K(14413632K), 0.7078540 secs]
2018-05-27T17:31:39.371+0000: 1423138.992: [GC 9075247K->2127234K(14465728K), 0.5458650 secs]
2018-05-27T17:31:54.890+0000: 1423154.511: [GC 9030786K->2129693K(14457920K), 0.4738120 secs]
